[    0.000000] Booting Linux on physical CPU 0x0
[    0.000000] Linux version 4.19.118-v7+ (dom@buildbot) (gcc version 4.9.3 (crosstool-NG crosstool-ng-1.22.0-88-g8460611)) #1311 SMP Mon Apr 27 14:21:24 BST 2020
[    0.000000] CPU: ARMv7 Processor [410fd034] revision 4 (ARMv7), cr=10c5383d
[    0.000000] CPU: div instructions available: patching division code
[    0.000000] CPU: PIPT / VIPT nonaliasing data cache, VIPT aliasing instruction cache
[    0.000000] OF: fdt: Machine model: Raspberry Pi 3 Model B Plus Rev 1.3
[    0.000000] Memory policy: Data cache writealloc
[    0.000000] cma: Reserved 256 MiB at 0x1ec00000
[    0.000000] random: get_random_bytes called from start_kernel+0xac/0x4b4 with crng_init=0
[    0.000000] percpu: Embedded 16 pages/cpu s36864 r8192 d20480 u65536
[    0.000000] Built 1 zonelists, mobility grouping on.  Total pages: 240555
[    0.000000] Kernel command line: coherent_pool=1M 8250.nr_uarts=1 snd_bcm2835.enable_compat_alsa=0 snd_bcm2835.enable_hdmi=1 snd_bcm2835.enable_headphones=1 cma=256M video=Comp
osite-1:720x480@60,margin_left=32,margin_right=32,margin_top=32,margin_bottom=32 vc_mem.mem_base=0x3ec00000 vc_mem.mem_size=0x40000000  dwc_otg.lpm_enable=0 console=ttyAMA0,115200
 console=tty1 root=PARTUUID=4c999877-02 rootfstype=ext4 elevator=deadline fsck.repair=yes rootwait
[    0.000000] Dentry cache hash table entries: 131072 (order: 7, 524288 bytes)
[    0.000000] Inode-cache hash table entries: 65536 (order: 6, 262144 bytes)
[    0.000000] Memory: 684616K/970752K available (8192K kernel code, 656K rwdata, 2232K rodata, 1024K init, 831K bss, 23992K reserved, 262144K cma-reserved)
[    0.000000] Virtual kernel memory layout:
[    0.000000]     vector  : 0xffff0000 - 0xffff1000   (   4 kB)
[    0.000000]     fixmap  : 0xffc00000 - 0xfff00000   (3072 kB)
[    0.000000]     vmalloc : 0xbb800000 - 0xff800000   (1088 MB)
[    0.000000]     lowmem  : 0x80000000 - 0xbb400000   ( 948 MB)
[    0.000000]     modules : 0x7f000000 - 0x80000000   (  16 MB)
[    0.000000]       .text : 0x(ptrval) - 0x(ptrval)   (9184 kB)
[    0.000000]       .init : 0x(ptrval) - 0x(ptrval)   (1024 kB)
[    0.000000]       .data : 0x(ptrval) - 0x(ptrval)   ( 657 kB)
[    0.000000]        .bss : 0x(ptrval) - 0x(ptrval)   ( 832 kB)
[    0.000000] SLUB: HWalign=64, Order=0-3, MinObjects=0, CPUs=4, Nodes=1
[    0.000000] ftrace: allocating 27093 entries in 80 pages
[    0.000000] rcu: Hierarchical RCU implementation.
[    0.000000] NR_IRQS: 16, nr_irqs: 16, preallocated irqs: 16
[    0.000000] arch_timer: cp15 timer(s) running at 19.20MHz (phys).
[    0.000000] clocksource: arch_sys_counter: mask: 0xffffffffffffff max_cycles: 0x46d987e47, max_idle_ns: 440795202767 ns
[    0.000007] sched_clock: 56 bits at 19MHz, resolution 52ns, wraps every 4398046511078ns
[    0.000023] Switching to timer-based delay loop, resolution 52ns
[    0.000278] Console: colour dummy device 80x30
[    0.000919] console [tty1] enabled
[    0.000976] Calibrating delay loop (skipped), value calculated using timer frequency.. 38.40 BogoMIPS (lpj=192000)
[    0.001021] pid_max: default: 32768 minimum: 301
[    0.001380] Mount-cache hash table entries: 2048 (order: 1, 8192 bytes)
[    0.001416] Mountpoint-cache hash table entries: 2048 (order: 1, 8192 bytes)
[    0.002365] CPU: Testing write buffer coherency: ok
[    0.002845] CPU0: thread -1, cpu 0, socket 0, mpidr 80000000
[    0.003527] Setting up static identity map for 0x100000 - 0x10003c
[    0.003699] rcu: Hierarchical SRCU implementation.
[    0.004529] smp: Bringing up secondary CPUs ...
[    0.005447] CPU1: thread -1, cpu 1, socket 0, mpidr 80000001
[    0.006430] CPU2: thread -1, cpu 2, socket 0, mpidr 80000002
[    0.007361] CPU3: thread -1, cpu 3, socket 0, mpidr 80000003
[    0.007475] smp: Brought up 1 node, 4 CPUs
[    0.007558] SMP: Total of 4 processors activated (153.60 BogoMIPS).
[    0.007581] CPU: All CPU(s) started in HYP mode.
[    0.007601] CPU: Virtualization extensions available.
[    0.008593] devtmpfs: initialized
[    0.022144] VFP support v0.3: implementor 41 architecture 3 part 40 variant 3 rev 4
[    0.022413] clocksource: jiffies: mask: 0xffffffff max_cycles: 0xffffffff, max_idle_ns: 19112604462750000 ns
[    0.022462] futex hash table entries: 1024 (order: 4, 65536 bytes)
[    0.033295] pinctrl core: initialized pinctrl subsystem
[    0.034307] NET: Registered protocol family 16
[    0.037596] DMA: preallocated 1024 KiB pool for atomic coherent allocations
[    0.043561] hw-breakpoint: found 5 (+1 reserved) breakpoint and 4 watchpoint registers.
[    0.043597] hw-breakpoint: maximum watchpoint size is 8 bytes.
[    0.043818] Serial: AMBA PL011 UART driver
[    0.046290] bcm2835-mbox 3f00b880.mailbox: mailbox enabled
[    0.060088] raspberrypi-firmware soc:firmware: Attached to firmware from 2020-04-15 11:43, variant start
[    0.070101] raspberrypi-firmware soc:firmware: Firmware hash is 82f9bb929ce2186eb1824178c1ae82902ad6275c
[    0.112920] bcm2835-dma 3f007000.dma: DMA legacy API manager at (ptrval), dmachans=0x1
[    0.114580] SCSI subsystem initialized
[    0.114828] usbcore: registered new interface driver usbfs
[    0.114904] usbcore: registered new interface driver hub
[    0.115017] usbcore: registered new device driver usb
[    0.116796] clocksource: Switched to clocksource arch_sys_counter
[    0.207524] VFS: Disk quotas dquot_6.6.0
[    0.207636] VFS: Dquot-cache hash table entries: 1024 (order 0, 4096 bytes)
[    0.207842] FS-Cache: Loaded
[    0.208066] CacheFiles: Loaded
[    0.208568] simple-framebuffer 3eaf0000.framebuffer: framebuffer at 0x3eaf0000, 0x10a800 bytes, mapped to 0x(ptrval)
[    0.208612] simple-framebuffer 3eaf0000.framebuffer: format=a8r8g8b8, mode=656x416x32, linelength=2624
[    0.213578] Console: switching to colour frame buffer device 82x26
[    0.220512] simple-framebuffer 3eaf0000.framebuffer: fb0: simplefb registered!
[    0.233082] NET: Registered protocol family 2
[    0.236688] tcp_listen_portaddr_hash hash table entries: 512 (order: 0, 6144 bytes)
[    0.242192] TCP established hash table entries: 8192 (order: 3, 32768 bytes)
[    0.245091] TCP bind hash table entries: 8192 (order: 4, 65536 bytes)
[    0.248041] TCP: Hash tables configured (established 8192 bind 8192)
[    0.250960] UDP hash table entries: 512 (order: 2, 16384 bytes)
[    0.253791] UDP-Lite hash table entries: 512 (order: 2, 16384 bytes)
[    0.256960] NET: Registered protocol family 1
[    0.260456] RPC: Registered named UNIX socket transport module.
[    0.263396] RPC: Registered udp transport module.
[    0.266256] RPC: Registered tcp transport module.
[    0.269044] RPC: Registered tcp NFSv4.1 backchannel transport module.
[    0.273690] hw perfevents: enabled with armv7_cortex_a7 PMU driver, 7 counters available
[    0.282423] Initialise system trusted keyrings
[    0.285390] workingset: timestamp_bits=14 max_order=18 bucket_order=4
[    0.298138] FS-Cache: Netfs 'nfs' registered for caching
[    0.301426] NFS: Registering the id_resolver key type
[    0.304120] Key type id_resolver registered
[    0.306711] Key type id_legacy registered
[    0.309242] nfs4filelayout_init: NFSv4 File Layout Driver Registering...
[    0.317289] Key type asymmetric registered
[    0.319771] Asymmetric key parser 'x509' registered
[    0.322235] Block layer SCSI generic (bsg) driver version 0.4 loaded (major 250)
[    0.327323] io scheduler noop registered
[    0.329720] io scheduler deadline registered (default)
[    0.332294] io scheduler cfq registered
[    0.334587] io scheduler mq-deadline registered (default)
[    0.336928] io scheduler kyber registered
[    0.342374] Serial: 8250/16550 driver, 1 ports, IRQ sharing enabled
[    0.346254] bcm2835-rng 3f104000.rng: hwrng registered
[    0.349033] vc-mem: phys_addr:0x00000000 mem_base=0x3ec00000 mem_size:0x40000000(1024 MiB)
[    0.354380] vc-sm: Videocore shared memory driver
[    0.357185] gpiomem-bcm2835 3f200000.gpiomem: Initialised: Registers at 0x3f200000
[    0.372823] brd: module loaded
[    0.385407] loop: module loaded
[    0.388479] Loading iSCSI transport class v2.0-870.
[    0.391642] libphy: Fixed MDIO Bus: probed
[    0.394151] usbcore: registered new interface driver lan78xx
[    0.396626] usbcore: registered new interface driver smsc95xx
[    0.399024] dwc_otg: version 3.00a 10-AUG-2012 (platform bus)
[    0.429201] dwc_otg 3f980000.usb: base=(ptrval)
[    0.631666] Core Release: 2.80a
[    0.633881] Setting default values for core params
[    0.636169] Finished setting default values for core params
[    0.838802] Using Buffer DMA mode
[    0.841099] Periodic Transfer Interrupt Enhancement - disabled
[    0.843492] Multiprocessor Interrupt Enhancement - disabled
[    0.845867] OTG VER PARAM: 0, OTG VER FLAG: 0
[    0.848242] Dedicated Tx FIFOs mode
[    0.851157] WARN::dwc_otg_hcd_init:1074: FIQ DMA bounce buffers: virt = 9ed04000 dma = 0xded04000 len=9024
[    0.855728] FIQ FSM acceleration enabled for :
[    0.855728] Non-periodic Split Transactions
[    0.855728] Periodic Split Transactions
[    0.855728] High-Speed Isochronous Endpoints
[    0.855728] Interrupt/Control Split Transaction hack enabled
[    0.866696] WARN::hcd_init_fiq:457: FIQ on core 1
[    0.868925] WARN::hcd_init_fiq:458: FIQ ASM at 8068fda0 length 36
[    0.871138] WARN::hcd_init_fiq:497: MPHI regs_base at bb810000
[    0.873398] dwc_otg 3f980000.usb: DWC OTG Controller
[    0.875661] dwc_otg 3f980000.usb: new USB bus registered, assigned bus number 1
[    0.878014] dwc_otg 3f980000.usb: irq 56, io mem 0x00000000
[    0.880316] Init: Port Power? op_state=1
[    0.882555] Init: Power Port (0)
[    0.884957] usb usb1: New USB device found, idVendor=1d6b, idProduct=0002, bcdDevice= 4.19
[    0.889472] usb usb1: New USB device strings: Mfr=3, Product=2, SerialNumber=1
[    0.891881] usb usb1: Product: DWC OTG Controller
[    0.894244] usb usb1: Manufacturer: Linux 4.19.118-v7+ dwc_otg_hcd
[    0.896668] usb usb1: SerialNumber: 3f980000.usb
[    0.899640] hub 1-0:1.0: USB hub found
[    0.901915] hub 1-0:1.0: 1 port detected
[    0.905016] usbcore: registered new interface driver usb-storage
[    0.907514] mousedev: PS/2 mouse device common for all mice
[    0.910682] bcm2835-wdt bcm2835-wdt: Broadcom BCM2835 watchdog timer
[    0.913341] bcm2835-cpufreq: min=600000 max=1400000
[    0.916182] sdhci: Secure Digital Host Controller Interface driver
[    0.918622] sdhci: Copyright(c) Pierre Ossman
[    0.921454] sdhost-bcm2835 3f202000.mmc: could not get clk, deferring probe
[    0.924127] sdhci-pltfm: SDHCI platform and OF driver helper
[    0.928245] ledtrig-cpu: registered to indicate activity on CPUs
[    0.930950] hidraw: raw HID events driver (C) Jiri Kosina
[    0.933655] usbcore: registered new interface driver usbhid
[    0.936197] usbhid: USB HID core driver
[    0.939516] vchiq: vchiq_init_state: slot_zero = (ptrval), is_master = 0
[    0.943646] [vc_sm_connected_init]: start
[    0.950747] [vc_sm_connected_init]: end - returning 0
[    0.954262] Initializing XFRM netlink socket
[    0.956646] NET: Registered protocol family 17
[    0.959118] Key type dns_resolver registered
[    0.962095] Registering SWP/SWPB emulation handler
[    0.965087] registered taskstats version 1
[    0.967492] Loading compiled-in X.509 certificates
[    0.976506] uart-pl011 3f201000.serial: cts_event_workaround enabled
[    0.979080] 3f201000.serial: ttyAMA0 at MMIO 0x3f201000 (irq = 81, base_baud = 0) is a PL011 rev2
[    2.000642] console [ttyAMA0] enabled
[    2.008804] sdhost: log_buf @ (ptrval) (ded03000)
[    2.064277] mmc0: sdhost-bcm2835 loaded - DMA enabled (>1)
[    2.073425] of_cfs_init
[    2.078335] of_cfs_init: OK
[    2.083896] Waiting for root device PARTUUID=4c999877-02...
[    2.116913] Indeed it is in host mode hprt0 = 00021501
[    2.213335] random: fast init done
[    2.227762] mmc0: host does not support reading read-only switch, assuming write-enable
[    2.247086] mmc0: new high speed SDHC card at address aaaa
[    2.256102] mmcblk0: mmc0:aaaa SL16G 14.8 GiB
[    2.269266]  mmcblk0: p1 p2
[    2.311420] EXT4-fs (mmcblk0p2): mounted filesystem with ordered data mode. Opts: (null)
[    2.324450] VFS: Mounted root (ext4 filesystem) readonly on device 179:2.
[    2.326851] usb 1-1: new high-speed USB device number 2 using dwc_otg
[    2.343146] Indeed it is in host mode hprt0 = 00001101
[    2.411069] devtmpfs: mounted
[    2.423859] Freeing unused kernel memory: 1024K
[    2.431276] Run /sbin/init as init process
[    2.587163] usb 1-1: New USB device found, idVendor=0424, idProduct=2514, bcdDevice= b.b3
[    2.600566] usb 1-1: New USB device strings: Mfr=0, Product=0, SerialNumber=0
[    2.611125] hub 1-1:1.0: USB hub found
[    2.617771] hub 1-1:1.0: 4 ports detected
[    2.936863] usb 1-1.1: new high-speed USB device number 3 using dwc_otg
[    3.067087] usb 1-1.1: New USB device found, idVendor=0424, idProduct=2514, bcdDevice= b.b3
[    3.081017] usb 1-1.1: New USB device strings: Mfr=0, Product=0, SerialNumber=0
[    3.091844] hub 1-1.1:1.0: USB hub found
[    3.098718] hub 1-1.1:1.0: 3 ports detected
[    3.137034] systemd[1]: System time before build time, advancing clock.
[    3.209140] systemd[1]: systemd 241 running in system mode. (+PAM +AUDIT +SELINUX +IMA +APPARMOR +SMACK +SYSVINIT +UTMP +LIBCRYPTSETUP +GCRYPT +GNUTLS +ACL +XZ +LZ4 +SECCOMP +B
LKID +ELFUTILS +KMOD -IDN2 +IDN -PCRE2 default-hierarchy=hybrid)
[    3.239782] systemd[1]: Detected architecture arm.
[    3.268117] systemd[1]: Set hostname to <raspberrypi>.
[    3.482177] uart-pl011 3f201000.serial: no DMA platform data
[    3.756865] usb 1-1.1.1: new high-speed USB device number 4 using dwc_otg
[    3.887356] usb 1-1.1.1: New USB device found, idVendor=0424, idProduct=7800, bcdDevice= 3.00
[    3.901312] usb 1-1.1.1: New USB device strings: Mfr=0, Product=0, SerialNumber=0
[    4.179091] lan78xx 1-1.1.1:1.0 (unnamed net_device) (uninitialized): No External EEPROM. Setting MAC Speed
[    4.195758] libphy: lan78xx-mdiobus: probed
[    4.227983] lan78xx 1-1.1.1:1.0 (unnamed net_device) (uninitialized): int urb period 64
[    4.273714] random: systemd: uninitialized urandom read (16 bytes read)
[    4.294477] random: systemd: uninitialized urandom read (16 bytes read)
[    4.304957] systemd[1]: Listening on Journal Socket.
[    4.322438] random: systemd: uninitialized urandom read (16 bytes read)
[    4.340776] systemd[1]: Starting Load Kernel Modules...
[    4.353619] systemd[1]: Listening on udev Kernel Socket.
[    4.366320] systemd[1]: Started Forward Password Requests to Wall Directory Watch.
[    4.384652] systemd[1]: Condition check resulted in Huge Pages File System being skipped.
[    4.399925] systemd[1]: Listening on Journal Socket (/dev/log).
[    4.418069] systemd[1]: Mounting POSIX Message Queue File System...

Raspbian GNU/Linux 10 raspberrypi ttyAMA0

raspberrypi login: [ 4007.723742] Kernel panic - not syncing: System is deadlocked on memory
[ 4007.723742]
[ 4007.735842] CPU: 1 PID: 27852 Comm: stress-ng-matri Not tainted 4.19.118-v7+ #1311
[ 4007.747985] Hardware name: BCM2835
[ 4007.753836] [<801120c8>] (unwind_backtrace) from [<8010d5fc>] (show_stack+0x20/0x24)
[ 4007.766708] [<8010d5fc>] (show_stack) from [<80856da8>] (dump_stack+0xe0/0x124)
[ 4007.776794] [<80856da8>] (dump_stack) from [<80120ee8>] (panic+0x104/0x288)
[ 4007.786550] [<80120ee8>] (panic) from [<80261cb8>] (pagefault_out_of_memory+0x0/0xa0)
[ 4007.800015] [<80261cb8>] (pagefault_out_of_memory) from [<80267ed8>] (__alloc_pages_nodemask+0x1020/0x1174)
[ 4007.815752] [<80267ed8>] (__alloc_pages_nodemask) from [<80297594>] (__pte_alloc+0x34/0x1b4)
[ 4007.830630] [<80297594>] (__pte_alloc) from [<8029b6f0>] (handle_mm_fault+0xce4/0xd68)
[ 4007.845437] [<8029b6f0>] (handle_mm_fault) from [<802954b0>] (__get_user_pages+0x140/0x518)
[ 4007.861081] [<802954b0>] (__get_user_pages) from [<80295f5c>] (populate_vma_page_range+0x84/0x8c)
[ 4007.877633] [<80295f5c>] (populate_vma_page_range) from [<80296020>] (__mm_populate+0xbc/0x168)
[ 4007.894182] [<80296020>] (__mm_populate) from [<80282ad0>] (vm_mmap_pgoff+0xe4/0xec)
[ 4007.910073] [<80282ad0>] (vm_mmap_pgoff) from [<8029ecd8>] (ksys_mmap_pgoff+0x64/0xc8)
[ 4007.926327] [<8029ecd8>] (ksys_mmap_pgoff) from [<8029ed68>] (sys_mmap_pgoff+0x2c/0x34)
[ 4007.942780] [<8029ed68>] (sys_mmap_pgoff) from [<80101000>] (ret_fast_syscall+0x0/0x28)
[ 4007.959424] Exception stack(0xb9d0bfa8 to 0xb9d0bff0)
[ 4007.968787] bfa0:                   ffffffff 00000000 00000000 04000000 00000003 00008022
[ 4007.985519] bfc0: ffffffff 00000000 00001000 000000c0 00000000 00000000 6e5c7000 ffffffff
[ 4008.002334] bfe0: 00000000 7eeceb28 00000000 76cb5d30
[ 4008.011686] CPU0: stopping
[ 4008.018534] CPU: 0 PID: 0 Comm: swapper/0 Not tainted 4.19.118-v7+ #1311
[ 4008.029413] Hardware name: BCM2835
[ 4008.036892] [<801120c8>] (unwind_backtrace) from [<8010d5fc>] (show_stack+0x20/0x24)
[ 4008.052750] [<8010d5fc>] (show_stack) from [<80856da8>] (dump_stack+0xe0/0x124)
[ 4008.064213] [<80856da8>] (dump_stack) from [<801104e0>] (handle_IPI+0x388/0x3a8)
[ 4008.079569] [<801104e0>] (handle_IPI) from [<801021f4>] (bcm2836_arm_irqchip_handle_irq+0xa0/0xa4)
[ 4008.096525] [<801021f4>] (bcm2836_arm_irqchip_handle_irq) from [<801019bc>] (__irq_svc+0x5c/0x7c)
[ 4008.113382] Exception stack(0x80d01ee8 to 0x80d01f30)
[ 4008.122397] 1ee0:                   80109ae4 00000000 40000193 40000193 80d04d70 80d00000
[ 4008.138360] 1f00: 80d04db8 00000001 80d8fb3e bb3ff840 80c64a38 80d01f44 80d0517c 80d01f38
[ 4008.154262] 1f20: 00000000 80109ae8 40000113 ffffffff
[ 4008.163152] [<801019bc>] (__irq_svc) from [<80109ae8>] (arch_cpu_idle+0x34/0x4c)
[ 4008.178163] [<80109ae8>] (arch_cpu_idle) from [<80873e74>] (default_idle_call+0x34/0x48)
[ 4008.194021] [<80873e74>] (default_idle_call) from [<80152eb8>] (do_idle+0xec/0x16c)
[ 4008.209488] [<80152eb8>] (do_idle) from [<801531f8>] (cpu_startup_entry+0x28/0x2c)
[ 4008.225049] [<801531f8>] (cpu_startup_entry) from [<8086d524>] (rest_init+0xbc/0xc0)
[ 4008.240984] [<8086d524>] (rest_init) from [<80c00fb0>] (start_kernel+0x484/0x4b4)
[ 4008.256708] CPU2: stopping
[ 4008.263422] CPU: 2 PID: 0 Comm: swapper/2 Not tainted 4.19.118-v7+ #1311
[ 4008.274248] Hardware name: BCM2835
[ 4008.281673] [<801120c8>] (unwind_backtrace) from [<8010d5fc>] (show_stack+0x20/0x24)
[ 4008.297431] [<8010d5fc>] (show_stack) from [<80856da8>] (dump_stack+0xe0/0x124)
[ 4008.308840] [<80856da8>] (dump_stack) from [<801104e0>] (handle_IPI+0x388/0x3a8)
[ 4008.324145] [<801104e0>] (handle_IPI) from [<801021f4>] (bcm2836_arm_irqchip_handle_irq+0xa0/0xa4)
[ 4008.341187] [<801021f4>] (bcm2836_arm_irqchip_handle_irq) from [<801019bc>] (__irq_svc+0x5c/0x7c)
[ 4008.358187] Exception stack(0xba52ff38 to 0xba52ff80)
[ 4008.367329] ff20:                                                       80109ae4 00000000
[ 4008.383455] ff40: 40000093 40000093 80d04d70 ba52e000 80d04db8 00000004 80d8fb3e 410fd034
[ 4008.399451] ff60: 00000000 ba52ff94 80d0517c ba52ff88 00000000 80109ae8 40000013 ffffffff
[ 4008.415431] [<801019bc>] (__irq_svc) from [<80109ae8>] (arch_cpu_idle+0x34/0x4c)
[ 4008.430606] [<80109ae8>] (arch_cpu_idle) from [<80873e74>] (default_idle_call+0x34/0x48)
[ 4008.446492] [<80873e74>] (default_idle_call) from [<80152eb8>] (do_idle+0xec/0x16c)
[ 4008.461931] [<80152eb8>] (do_idle) from [<801531f8>] (cpu_startup_entry+0x28/0x2c)
[ 4008.477533] [<801531f8>] (cpu_startup_entry) from [<8010fee4>] (secondary_start_kernel+0x134/0x140)
[ 4008.494768] [<8010fee4>] (secondary_start_kernel) from [<0010270c>] (0x10270c)
[ 4008.506158] CPU3: stopping
[ 4008.512916] CPU: 3 PID: 0 Comm: swapper/3 Not tainted 4.19.118-v7+ #1311
[ 4008.523783] Hardware name: BCM2835
[ 4008.531250] [<801120c8>] (unwind_backtrace) from [<8010d5fc>] (show_stack+0x20/0x24)
[ 4008.547090] [<8010d5fc>] (show_stack) from [<80856da8>] (dump_stack+0xe0/0x124)
[ 4008.558539] [<80856da8>] (dump_stack) from [<801104e0>] (handle_IPI+0x388/0x3a8)
[ 4008.573921] [<801104e0>] (handle_IPI) from [<801021f4>] (bcm2836_arm_irqchip_handle_irq+0xa0/0xa4)
[ 4008.591178] [<801021f4>] (bcm2836_arm_irqchip_handle_irq) from [<801019bc>] (__irq_svc+0x5c/0x7c)
[ 4008.608472] Exception stack(0xba531f38 to 0xba531f80)
[ 4008.617710] 1f20:                                                       80109ae4 00000000
[ 4008.633998] 1f40: 40000193 40000193 80d04d70 ba530000 80d04db8 00000008 80d8fb3e 410fd034
[ 4008.650155] 1f60: 00000000 ba531f94 80d0517c ba531f88 00000000 80109ae8 40000113 ffffffff
[ 4008.666297] [<801019bc>] (__irq_svc) from [<80109ae8>] (arch_cpu_idle+0x34/0x4c)
[ 4008.681636] [<80109ae8>] (arch_cpu_idle) from [<80873e74>] (default_idle_call+0x34/0x48)
[ 4008.697683] [<80873e74>] (default_idle_call) from [<80152eb8>] (do_idle+0xec/0x16c)
[ 4008.713288] [<80152eb8>] (do_idle) from [<801531f8>] (cpu_startup_entry+0x28/0x2c)
[ 4008.728882] [<801531f8>] (cpu_startup_entry) from [<8010fee4>] (secondary_start_kernel+0x134/0x140)
[ 4008.746107] [<8010fee4>] (secondary_start_kernel) from [<0010270c>] (0x10270c)
[ 4008.757506] ---[ end Kernel panic - not syncing: System is deadlocked on memory
[ 4008.757506]  ]---
