[    0.000000] Booting Linux on physical CPU 0x0
[    0.000000] Linux version 4.19.118-v7+ (dom@buildbot) (gcc version 4.9.3 (crosstool-NG crosstool-ng-1.22.0-88-g8460611)) #1311 SMP Mon Apr 27 14:21:24 BST 2020
[    0.000000] CPU: ARMv7 Processor [410fd034] revision 4 (ARMv7), cr=10c5383d
[    0.000000] CPU: div instructions available: patching division code
[    0.000000] CPU: PIPT / VIPT nonaliasing data cache, VIPT aliasing instruction cache
[    0.000000] OF: fdt: Machine model: Raspberry Pi 3 Model B Plus Rev 1.3
[    0.000000] Memory policy: Data cache writealloc
[    0.000000] cma: Reserved 256 MiB at 0x1ec00000
[    0.000000] random: get_random_bytes called from start_kernel+0xac/0x4b4 with crng_init=0
[    0.000000] percpu: Embedded 16 pages/cpu s36864 r8192 d20480 u65536
[    0.000000] Built 1 zonelists, mobility grouping on.  Total pages: 240555
[    0.000000] Kernel command line: coherent_pool=1M 8250.nr_uarts=1 snd_bcm2835.enable_compat_alsa=0 snd_bcm2835.enable_hdmi=1 snd_bcm2835.enable_headphones=1 cma=256M video=Comp
osite-1:720x480@60,margin_left=32,margin_right=32,margin_top=32,margin_bottom=32 vc_mem.mem_base=0x3ec00000 vc_mem.mem_size=0x40000000  dwc_otg.lpm_enable=0 console=ttyAMA0,115200
 console=tty1 root=PARTUUID=4c999877-02 rootfstype=ext4 elevator=deadline fsck.repair=yes rootwait
[    0.000000] Dentry cache hash table entries: 131072 (order: 7, 524288 bytes)
[    0.000000] Inode-cache hash table entries: 65536 (order: 6, 262144 bytes)
[    0.000000] Memory: 684616K/970752K available (8192K kernel code, 656K rwdata, 2232K rodata, 1024K init, 831K bss, 23992K reserved, 262144K cma-reserved)
[    0.000000] Virtual kernel memory layout:
[    0.000000]     vector  : 0xffff0000 - 0xffff1000   (   4 kB)
[    0.000000]     fixmap  : 0xffc00000 - 0xfff00000   (3072 kB)
[    0.000000]     vmalloc : 0xbb800000 - 0xff800000   (1088 MB)
[    0.000000]     lowmem  : 0x80000000 - 0xbb400000   ( 948 MB)
[    0.000000]     modules : 0x7f000000 - 0x80000000   (  16 MB)
[    0.000000]       .text : 0x(ptrval) - 0x(ptrval)   (9184 kB)
[    0.000000]       .init : 0x(ptrval) - 0x(ptrval)   (1024 kB)
[    0.000000]       .data : 0x(ptrval) - 0x(ptrval)   ( 657 kB)
[    0.000000]        .bss : 0x(ptrval) - 0x(ptrval)   ( 832 kB)
[    0.000000] SLUB: HWalign=64, Order=0-3, MinObjects=0, CPUs=4, Nodes=1
[    0.000000] ftrace: allocating 27093 entries in 80 pages
[    0.000000] rcu: Hierarchical RCU implementation.
[    0.000000] NR_IRQS: 16, nr_irqs: 16, preallocated irqs: 16
[    0.000000] arch_timer: cp15 timer(s) running at 19.20MHz (phys).
[    0.000000] clocksource: arch_sys_counter: mask: 0xffffffffffffff max_cycles: 0x46d987e47, max_idle_ns: 440795202767 ns
[    0.000007] sched_clock: 56 bits at 19MHz, resolution 52ns, wraps every 4398046511078ns
[    0.000023] Switching to timer-based delay loop, resolution 52ns
[    0.000278] Console: colour dummy device 80x30
[    0.000919] console [tty1] enabled
[    0.000978] Calibrating delay loop (skipped), value calculated using timer frequency.. 38.40 BogoMIPS (lpj=192000)
[    0.001021] pid_max: default: 32768 minimum: 301
[    0.001381] Mount-cache hash table entries: 2048 (order: 1, 8192 bytes)
[    0.001418] Mountpoint-cache hash table entries: 2048 (order: 1, 8192 bytes)
[    0.002379] CPU: Testing write buffer coherency: ok
[    0.002874] CPU0: thread -1, cpu 0, socket 0, mpidr 80000000
[    0.003565] Setting up static identity map for 0x100000 - 0x10003c
[    0.003734] rcu: Hierarchical SRCU implementation.
[    0.004566] smp: Bringing up secondary CPUs ...
[    0.005490] CPU1: thread -1, cpu 1, socket 0, mpidr 80000001
[    0.006469] CPU2: thread -1, cpu 2, socket 0, mpidr 80000002
[    0.007401] CPU3: thread -1, cpu 3, socket 0, mpidr 80000003
[    0.007515] smp: Brought up 1 node, 4 CPUs
[    0.007597] SMP: Total of 4 processors activated (153.60 BogoMIPS).
[    0.007621] CPU: All CPU(s) started in HYP mode.
[    0.007642] CPU: Virtualization extensions available.
[    0.008634] devtmpfs: initialized
[    0.022196] VFP support v0.3: implementor 41 architecture 3 part 40 variant 3 rev 4
[    0.022468] clocksource: jiffies: mask: 0xffffffff max_cycles: 0xffffffff, max_idle_ns: 19112604462750000 ns
[    0.022517] futex hash table entries: 1024 (order: 4, 65536 bytes)
[    0.033340] pinctrl core: initialized pinctrl subsystem
[    0.034349] NET: Registered protocol family 16
[    0.037665] DMA: preallocated 1024 KiB pool for atomic coherent allocations
[    0.043623] hw-breakpoint: found 5 (+1 reserved) breakpoint and 4 watchpoint registers.
[    0.043660] hw-breakpoint: maximum watchpoint size is 8 bytes.
[    0.043879] Serial: AMBA PL011 UART driver
[    0.046346] bcm2835-mbox 3f00b880.mailbox: mailbox enabled
[    0.060088] raspberrypi-firmware soc:firmware: Attached to firmware from 2020-04-15 11:43, variant start
[    0.070100] raspberrypi-firmware soc:firmware: Firmware hash is 82f9bb929ce2186eb1824178c1ae82902ad6275c
[    0.112911] bcm2835-dma 3f007000.dma: DMA legacy API manager at (ptrval), dmachans=0x1
[    0.114577] SCSI subsystem initialized
[    0.114820] usbcore: registered new interface driver usbfs
[    0.114894] usbcore: registered new interface driver hub
[    0.115007] usbcore: registered new device driver usb
[    0.116786] clocksource: Switched to clocksource arch_sys_counter
[    0.207528] VFS: Disk quotas dquot_6.6.0
[    0.207640] VFS: Dquot-cache hash table entries: 1024 (order 0, 4096 bytes)
[    0.207844] FS-Cache: Loaded
[    0.208070] CacheFiles: Loaded
[    0.208571] simple-framebuffer 3eaf0000.framebuffer: framebuffer at 0x3eaf0000, 0x10a800 bytes, mapped to 0x(ptrval)
[    0.208615] simple-framebuffer 3eaf0000.framebuffer: format=a8r8g8b8, mode=656x416x32, linelength=2624
[    0.213578] Console: switching to colour frame buffer device 82x26
[    0.220506] simple-framebuffer 3eaf0000.framebuffer: fb0: simplefb registered!
[    0.233064] NET: Registered protocol family 2
[    0.236679] tcp_listen_portaddr_hash hash table entries: 512 (order: 0, 6144 bytes)
[    0.242178] TCP established hash table entries: 8192 (order: 3, 32768 bytes)
[    0.245076] TCP bind hash table entries: 8192 (order: 4, 65536 bytes)
[    0.248023] TCP: Hash tables configured (established 8192 bind 8192)
[    0.250942] UDP hash table entries: 512 (order: 2, 16384 bytes)
[    0.253778] UDP-Lite hash table entries: 512 (order: 2, 16384 bytes)
[    0.256951] NET: Registered protocol family 1
[    0.260445] RPC: Registered named UNIX socket transport module.
[    0.263388] RPC: Registered udp transport module.
[    0.266253] RPC: Registered tcp transport module.
[    0.269050] RPC: Registered tcp NFSv4.1 backchannel transport module.
[    0.273702] hw perfevents: enabled with armv7_cortex_a7 PMU driver, 7 counters available
[    0.282451] Initialise system trusted keyrings
[    0.285431] workingset: timestamp_bits=14 max_order=18 bucket_order=4
[    0.298166] FS-Cache: Netfs 'nfs' registered for caching
[    0.301462] NFS: Registering the id_resolver key type
[    0.304162] Key type id_resolver registered
[    0.306753] Key type id_legacy registered
[    0.309282] nfs4filelayout_init: NFSv4 File Layout Driver Registering...
[    0.317327] Key type asymmetric registered
[    0.319813] Asymmetric key parser 'x509' registered
[    0.322276] Block layer SCSI generic (bsg) driver version 0.4 loaded (major 250)
[    0.327352] io scheduler noop registered
[    0.329744] io scheduler deadline registered (default)
[    0.332313] io scheduler cfq registered
[    0.334604] io scheduler mq-deadline registered (default)
[    0.336938] io scheduler kyber registered
[    0.342380] Serial: 8250/16550 driver, 1 ports, IRQ sharing enabled
[    0.346250] bcm2835-rng 3f104000.rng: hwrng registered
[    0.349021] vc-mem: phys_addr:0x00000000 mem_base=0x3ec00000 mem_size:0x40000000(1024 MiB)
[    0.354356] vc-sm: Videocore shared memory driver
[    0.357151] gpiomem-bcm2835 3f200000.gpiomem: Initialised: Registers at 0x3f200000
[    0.372804] brd: module loaded
[    0.385357] loop: module loaded
[    0.388444] Loading iSCSI transport class v2.0-870.
[    0.391612] libphy: Fixed MDIO Bus: probed
[    0.394125] usbcore: registered new interface driver lan78xx
[    0.396602] usbcore: registered new interface driver smsc95xx
[    0.399009] dwc_otg: version 3.00a 10-AUG-2012 (platform bus)
[    0.429183] dwc_otg 3f980000.usb: base=(ptrval)
[    0.631649] Core Release: 2.80a
[    0.633864] Setting default values for core params
[    0.636153] Finished setting default values for core params
[    0.838790] Using Buffer DMA mode
[    0.841090] Periodic Transfer Interrupt Enhancement - disabled
[    0.843479] Multiprocessor Interrupt Enhancement - disabled
[    0.845851] OTG VER PARAM: 0, OTG VER FLAG: 0
[    0.848223] Dedicated Tx FIFOs mode
[    0.851134] WARN::dwc_otg_hcd_init:1074: FIQ DMA bounce buffers: virt = 9ed04000 dma = 0xded04000 len=9024
[    0.855700] FIQ FSM acceleration enabled for :
[    0.855700] Non-periodic Split Transactions
[    0.855700] Periodic Split Transactions
[    0.855700] High-Speed Isochronous Endpoints
[    0.855700] Interrupt/Control Split Transaction hack enabled
[    0.866653] WARN::hcd_init_fiq:457: FIQ on core 1
[    0.868880] WARN::hcd_init_fiq:458: FIQ ASM at 8068fda0 length 36
[    0.871090] WARN::hcd_init_fiq:497: MPHI regs_base at bb810000
[    0.873345] dwc_otg 3f980000.usb: DWC OTG Controller
[    0.875605] dwc_otg 3f980000.usb: new USB bus registered, assigned bus number 1
[    0.877950] dwc_otg 3f980000.usb: irq 56, io mem 0x00000000
[    0.880249] Init: Port Power? op_state=1
[    0.882482] Init: Power Port (0)
[    0.884881] usb usb1: New USB device found, idVendor=1d6b, idProduct=0002, bcdDevice= 4.19
[    0.889396] usb usb1: New USB device strings: Mfr=3, Product=2, SerialNumber=1
[    0.891806] usb usb1: Product: DWC OTG Controller
[    0.894167] usb usb1: Manufacturer: Linux 4.19.118-v7+ dwc_otg_hcd
[    0.896587] usb usb1: SerialNumber: 3f980000.usb
[    0.899556] hub 1-0:1.0: USB hub found
[    0.901826] hub 1-0:1.0: 1 port detected
[    0.904907] usbcore: registered new interface driver usb-storage
[    0.907402] mousedev: PS/2 mouse device common for all mice
[    0.910554] bcm2835-wdt bcm2835-wdt: Broadcom BCM2835 watchdog timer
[    0.913204] bcm2835-cpufreq: min=600000 max=1400000
[    0.916037] sdhci: Secure Digital Host Controller Interface driver
[    0.918471] sdhci: Copyright(c) Pierre Ossman
[    0.921300] sdhost-bcm2835 3f202000.mmc: could not get clk, deferring probe
[    0.923970] sdhci-pltfm: SDHCI platform and OF driver helper
[    0.928086] ledtrig-cpu: registered to indicate activity on CPUs
[    0.930787] hidraw: raw HID events driver (C) Jiri Kosina
[    0.933489] usbcore: registered new interface driver usbhid
[    0.936026] usbhid: USB HID core driver
[    0.939349] vchiq: vchiq_init_state: slot_zero = (ptrval), is_master = 0
[    0.943458] [vc_sm_connected_init]: start
[    0.950529] [vc_sm_connected_init]: end - returning 0
[    0.954042] Initializing XFRM netlink socket
[    0.956423] NET: Registered protocol family 17
[    0.958891] Key type dns_resolver registered
[    0.961864] Registering SWP/SWPB emulation handler
[    0.964859] registered taskstats version 1
[    0.967263] Loading compiled-in X.509 certificates
[    0.976299] uart-pl011 3f201000.serial: cts_event_workaround enabled
[    0.978858] 3f201000.serial: ttyAMA0 at MMIO 0x3f201000 (irq = 81, base_baud = 0) is a PL011 rev2
[    2.000411] console [ttyAMA0] enabled
[    2.008570] sdhost: log_buf @ (ptrval) (ded03000)
[    2.064050] mmc0: sdhost-bcm2835 loaded - DMA enabled (>1)
[    2.073195] of_cfs_init
[    2.078090] of_cfs_init: OK
[    2.083644] Waiting for root device PARTUUID=4c999877-02...
[    2.116901] Indeed it is in host mode hprt0 = 00021501
[    2.213323] random: fast init done
[    2.227607] mmc0: host does not support reading read-only switch, assuming write-enable
[    2.246964] mmc0: new high speed SDHC card at address aaaa
[    2.256013] mmcblk0: mmc0:aaaa SL16G 14.8 GiB
[    2.269085]  mmcblk0: p1 p2
[    2.301783] EXT4-fs (mmcblk0p2): INFO: recovery required on readonly filesystem
[    2.311616] EXT4-fs (mmcblk0p2): write access will be enabled during recovery
[    2.326839] usb 1-1: new high-speed USB device number 2 using dwc_otg
[    2.335990] Indeed it is in host mode hprt0 = 00001101
[    2.577107] usb 1-1: New USB device found, idVendor=0424, idProduct=2514, bcdDevice= b.b3
[    2.590448] usb 1-1: New USB device strings: Mfr=0, Product=0, SerialNumber=0
[    2.600985] hub 1-1:1.0: USB hub found
[    2.607472] hub 1-1:1.0: 4 ports detected
[    2.926841] usb 1-1.1: new high-speed USB device number 3 using dwc_otg
[    3.057054] usb 1-1.1: New USB device found, idVendor=0424, idProduct=2514, bcdDevice= b.b3
[    3.070777] usb 1-1.1: New USB device strings: Mfr=0, Product=0, SerialNumber=0
[    3.081615] hub 1-1.1:1.0: USB hub found
[    3.088489] hub 1-1.1:1.0: 3 ports detected
[    3.292657] EXT4-fs (mmcblk0p2): recovery complete
[    3.315902] EXT4-fs (mmcblk0p2): mounted filesystem with ordered data mode. Opts: (null)
[    3.329375] VFS: Mounted root (ext4 filesystem) readonly on device 179:2.
[    3.351181] devtmpfs: mounted
[    3.364215] Freeing unused kernel memory: 1024K
[    3.371862] Run /sbin/init as init process
[    3.746847] usb 1-1.1.1: new high-speed USB device number 4 using dwc_otg
[    3.877245] usb 1-1.1.1: New USB device found, idVendor=0424, idProduct=7800, bcdDevice= 3.00
[    3.891285] usb 1-1.1.1: New USB device strings: Mfr=0, Product=0, SerialNumber=0
[    4.033488] systemd[1]: System time before build time, advancing clock.
[    4.114066] systemd[1]: systemd 241 running in system mode. (+PAM +AUDIT +SELINUX +IMA +APPARMOR +SMACK +SYSVINIT +UTMP +LIBCRYPTSETUP +GCRYPT +GNUTLS +ACL +XZ +LZ4 +SECCOMP +B
LKID +ELFUTILS +KMOD -IDN2 +IDN -PCRE2 default-hierarchy=hybrid)
[    4.145093] systemd[1]: Detected architecture arm.
[    4.168781] lan78xx 1-1.1.1:1.0 (unnamed net_device) (uninitialized): No External EEPROM. Setting MAC Speed
[    4.169809] libphy: lan78xx-mdiobus: probed
[    4.194254] lan78xx 1-1.1.1:1.0 (unnamed net_device) (uninitialized): int urb period 64
[    4.218723] systemd[1]: Set hostname to <raspberrypi>.
[    4.436502] uart-pl011 3f201000.serial: no DMA platform data
[    5.134011] random: systemd: uninitialized urandom read (16 bytes read)
[    5.154760] random: systemd: uninitialized urandom read (16 bytes read)
[    5.169927] systemd[1]: Created slice system-getty.slice.
[    5.181844] random: systemd: uninitialized urandom read (16 bytes read)
[    5.191762] systemd[1]: Listening on initctl Compatibility Named Pipe.
[    5.205982] systemd[1]: Created slice User and Session Slice.
[    5.218357] systemd[1]: Started Forward Password Requests to Wall Directory Watch.
[    5.235445] systemd[1]: Listening on udev Control Socket.
[    5.247954] systemd[1]: Set up automount Arbitrary Executable File Formats File System Automount Point.
[    5.268214] systemd[1]: Created slice system-serial\x2dgetty.slice.

Raspbian GNU/Linux 10 raspberrypi ttyAMA0

raspberrypi login: [ 4052.242867] Kernel panic - not syncing: System is deadlocked on memory
[ 4052.242867]
[ 4052.254962] CPU: 2 PID: 2245 Comm: stress-ng-matri Not tainted 4.19.118-v7+ #1311
[ 4052.267025] Hardware name: BCM2835
[ 4052.272881] [<801120c8>] (unwind_backtrace) from [<8010d5fc>] (show_stack+0x20/0x24)
[ 4052.285712] [<8010d5fc>] (show_stack) from [<80856da8>] (dump_stack+0xe0/0x124)
[ 4052.295797] [<80856da8>] (dump_stack) from [<80120ee8>] (panic+0x104/0x288)
[ 4052.305533] [<80120ee8>] (panic) from [<80261cb8>] (pagefault_out_of_memory+0x0/0xa0)
[ 4052.318910] [<80261cb8>] (pagefault_out_of_memory) from [<80267ed8>] (__alloc_pages_nodemask+0x1020/0x1174)
[ 4052.334608] [<80267ed8>] (__alloc_pages_nodemask) from [<80297594>] (__pte_alloc+0x34/0x1b4)
[ 4052.349448] [<80297594>] (__pte_alloc) from [<8029b6f0>] (handle_mm_fault+0xce4/0xd68)
[ 4052.364216] [<8029b6f0>] (handle_mm_fault) from [<802954b0>] (__get_user_pages+0x140/0x518)
[ 4052.379821] [<802954b0>] (__get_user_pages) from [<80295f5c>] (populate_vma_page_range+0x84/0x8c)
[ 4052.396334] [<80295f5c>] (populate_vma_page_range) from [<80296020>] (__mm_populate+0xbc/0x168)
[ 4052.412839] [<80296020>] (__mm_populate) from [<80282ad0>] (vm_mmap_pgoff+0xe4/0xec)
[ 4052.428683] [<80282ad0>] (vm_mmap_pgoff) from [<8029ecd8>] (ksys_mmap_pgoff+0x64/0xc8)
[ 4052.444892] [<8029ecd8>] (ksys_mmap_pgoff) from [<8029ed68>] (sys_mmap_pgoff+0x2c/0x34)
[ 4052.461289] [<8029ed68>] (sys_mmap_pgoff) from [<80101000>] (ret_fast_syscall+0x0/0x28)
[ 4052.477877] Exception stack(0xb9f1ffa8 to 0xb9f1fff0)
[ 4052.487209] ffa0:                   ffffffff 00000000 00000000 04000000 00000003 00008022
[ 4052.503885] ffc0: ffffffff 00000000 00001000 000000c0 00000000 00000000 6e65d000 ffffffff
[ 4052.520649] ffe0: 00000000 7eeacb28 00000000 76d4bd30
[ 4052.529973] CPU0: stopping
[ 4052.536824] CPU: 0 PID: 0 Comm: swapper/0 Not tainted 4.19.118-v7+ #1311
[ 4052.547708] Hardware name: BCM2835
[ 4052.555190] [<801120c8>] (unwind_backtrace) from [<8010d5fc>] (show_stack+0x20/0x24)
[ 4052.571059] [<8010d5fc>] (show_stack) from [<80856da8>] (dump_stack+0xe0/0x124)
[ 4052.582523] [<80856da8>] (dump_stack) from [<801104e0>] (handle_IPI+0x388/0x3a8)
[ 4052.597883] [<801104e0>] (handle_IPI) from [<801021f4>] (bcm2836_arm_irqchip_handle_irq+0xa0/0xa4)
[ 4052.614845] [<801021f4>] (bcm2836_arm_irqchip_handle_irq) from [<801019bc>] (__irq_svc+0x5c/0x7c)
[ 4052.631709] Exception stack(0x80d01ee8 to 0x80d01f30)
[ 4052.640725] 1ee0:                   80109ae4 00000000 40000193 40000193 80d04d70 80d00000
[ 4052.656700] 1f00: 80d04db8 00000001 80d8fb3e bb3ff840 80c64a38 80d01f44 80d0517c 80d01f38
[ 4052.672609] 1f20: 00000000 80109ae8 40000113 ffffffff
[ 4052.681509] [<801019bc>] (__irq_svc) from [<80109ae8>] (arch_cpu_idle+0x34/0x4c)
[ 4052.696531] [<80109ae8>] (arch_cpu_idle) from [<80873e74>] (default_idle_call+0x34/0x48)
[ 4052.712395] [<80873e74>] (default_idle_call) from [<80152eb8>] (do_idle+0xec/0x16c)
[ 4052.727863] [<80152eb8>] (do_idle) from [<801531f8>] (cpu_startup_entry+0x28/0x2c)
[ 4052.743434] [<801531f8>] (cpu_startup_entry) from [<8086d524>] (rest_init+0xbc/0xc0)
[ 4052.759374] [<8086d524>] (rest_init) from [<80c00fb0>] (start_kernel+0x484/0x4b4)
[ 4052.775104] CPU1: stopping
[ 4052.781855] CPU: 1 PID: 0 Comm: swapper/1 Not tainted 4.19.118-v7+ #1311
[ 4052.792717] Hardware name: BCM2835
[ 4052.800177] [<801120c8>] (unwind_backtrace) from [<8010d5fc>] (show_stack+0x20/0x24)
[ 4052.816004] [<8010d5fc>] (show_stack) from [<80856da8>] (dump_stack+0xe0/0x124)
[ 4052.827449] [<80856da8>] (dump_stack) from [<801104e0>] (handle_IPI+0x388/0x3a8)
[ 4052.842816] [<801104e0>] (handle_IPI) from [<801021f4>] (bcm2836_arm_irqchip_handle_irq+0xa0/0xa4)
[ 4052.859923] [<801021f4>] (bcm2836_arm_irqchip_handle_irq) from [<801019bc>] (__irq_svc+0x5c/0x7c)
[ 4052.876986] Exception stack(0xba52df38 to 0xba52df80)
[ 4052.886157] df20:                                                       80109ae4 00000000
[ 4052.902347] df40: 40000193 40000193 80d04d70 ba52c000 80d04db8 00000002 80d8fb3e 410fd034
[ 4052.918411] df60: 00000000 ba52df94 80d0517c ba52df88 00000000 80109ae8 40000113 ffffffff
[ 4052.934457] [<801019bc>] (__irq_svc) from [<80109ae8>] (arch_cpu_idle+0x34/0x4c)
[ 4052.949700] [<80109ae8>] (arch_cpu_idle) from [<80873e74>] (default_idle_call+0x34/0x48)
[ 4052.965655] [<80873e74>] (default_idle_call) from [<80152eb8>] (do_idle+0xec/0x16c)
[ 4052.981166] [<80152eb8>] (do_idle) from [<801531f8>] (cpu_startup_entry+0x28/0x2c)
[ 4052.996841] [<801531f8>] (cpu_startup_entry) from [<8010fee4>] (secondary_start_kernel+0x134/0x140)
[ 4053.014150] [<8010fee4>] (secondary_start_kernel) from [<0010270c>] (0x10270c)
[ 4053.025577] CPU3: stopping
[ 4053.032341] CPU: 3 PID: 0 Comm: swapper/3 Not tainted 4.19.118-v7+ #1311
[ 4053.043214] Hardware name: BCM2835
[ 4053.050689] [<801120c8>] (unwind_backtrace) from [<8010d5fc>] (show_stack+0x20/0x24)
[ 4053.066541] [<8010d5fc>] (show_stack) from [<80856da8>] (dump_stack+0xe0/0x124)
[ 4053.077998] [<80856da8>] (dump_stack) from [<801104e0>] (handle_IPI+0x388/0x3a8)
[ 4053.093395] [<801104e0>] (handle_IPI) from [<801021f4>] (bcm2836_arm_irqchip_handle_irq+0xa0/0xa4)
[ 4053.110666] [<801021f4>] (bcm2836_arm_irqchip_handle_irq) from [<801019bc>] (__irq_svc+0x5c/0x7c)
[ 4053.127965] Exception stack(0xba531f38 to 0xba531f80)
[ 4053.137209] 1f20:                                                       80109ae4 00000000
[ 4053.153500] 1f40: 40000193 40000193 80d04d70 ba530000 80d04db8 00000008 80d8fb3e 410fd034
[ 4053.169670] 1f60: 00000000 ba531f94 80d0517c ba531f88 00000000 80109ae8 40000113 ffffffff
[ 4053.185828] [<801019bc>] (__irq_svc) from [<80109ae8>] (arch_cpu_idle+0x34/0x4c)
[ 4053.201178] [<80109ae8>] (arch_cpu_idle) from [<80873e74>] (default_idle_call+0x34/0x48)
[ 4053.217237] [<80873e74>] (default_idle_call) from [<80152eb8>] (do_idle+0xec/0x16c)
[ 4053.232855] [<80152eb8>] (do_idle) from [<801531f8>] (cpu_startup_entry+0x28/0x2c)
[ 4053.248466] [<801531f8>] (cpu_startup_entry) from [<8010fee4>] (secondary_start_kernel+0x134/0x140)
[ 4053.265709] [<8010fee4>] (secondary_start_kernel) from [<0010270c>] (0x10270c)
[ 4053.277117] ---[ end Kernel panic - not syncing: System is deadlocked on memory
[ 4053.277117]  ]---
