[    0.000000] Booting Linux on physical CPU 0x0
[    0.000000] Linux version 4.19.118-v7+ (dom@buildbot) (gcc version 4.9.3 (crosstool-NG crosstool-ng-1.22.0-88-g8460611)) #1311 SMP Mon Apr 27 14:21:24 BST 2020
[    0.000000] CPU: ARMv7 Processor [410fd034] revision 4 (ARMv7), cr=10c5383d
[    0.000000] CPU: div instructions available: patching division code
[    0.000000] CPU: PIPT / VIPT nonaliasing data cache, VIPT aliasing instruction cache
[    0.000000] OF: fdt: Machine model: Raspberry Pi 3 Model B Plus Rev 1.3
[    0.000000] Memory policy: Data cache writealloc
[    0.000000] cma: Reserved 8 MiB at 0x3ac00000
[    0.000000] random: get_random_bytes called from start_kernel+0xac/0x4b4 with crng_init=0
[    0.000000] percpu: Embedded 16 pages/cpu s36864 r8192 d20480 u65536
[    0.000000] Built 1 zonelists, mobility grouping on.  Total pages: 240555
[    0.000000] Kernel command line: coherent_pool=1M 8250.nr_uarts=1 snd_bcm2835.enable_compat_alsa=0 snd_bcm2835.enable_hdmi=1 snd_bcm2835.enable_headphones=1 bcm2708_fb.fbwidth=656 bcm2708_fb.fbheight=416 bcm2708_f
b.fbswap=1 vc_mem.mem_base=0x3ec00000 vc_mem.mem_size=0x40000000  dwc_otg.lpm_enable=0 console=ttyAMA0,115200 console=tty1 root=PARTUUID=4c999877-02 rootfstype=ext4 elevator=deadline fsck.repair=yes rootwait
[    0.000000] Dentry cache hash table entries: 131072 (order: 7, 524288 bytes)
[    0.000000] Inode-cache hash table entries: 65536 (order: 6, 262144 bytes)
[    0.000000] Memory: 939064K/970752K available (8192K kernel code, 656K rwdata, 2232K rodata, 1024K init, 831K bss, 23496K reserved, 8192K cma-reserved)
[    0.000000] Virtual kernel memory layout:
[    0.000000]     vector  : 0xffff0000 - 0xffff1000   (   4 kB)
[    0.000000]     fixmap  : 0xffc00000 - 0xfff00000   (3072 kB)
[    0.000000]     vmalloc : 0xbb800000 - 0xff800000   (1088 MB)
[    0.000000]     lowmem  : 0x80000000 - 0xbb400000   ( 948 MB)
[    0.000000]     modules : 0x7f000000 - 0x80000000   (  16 MB)
[    0.000000]       .text : 0x(ptrval) - 0x(ptrval)   (9184 kB)
[    0.000000]       .init : 0x(ptrval) - 0x(ptrval)   (1024 kB)
[    0.000000]       .data : 0x(ptrval) - 0x(ptrval)   ( 657 kB)
[    0.000000]        .bss : 0x(ptrval) - 0x(ptrval)   ( 832 kB)
[    0.000000] SLUB: HWalign=64, Order=0-3, MinObjects=0, CPUs=4, Nodes=1
[    0.000000] ftrace: allocating 27093 entries in 80 pages
[    0.000000] rcu: Hierarchical RCU implementation.
[    0.000000] NR_IRQS: 16, nr_irqs: 16, preallocated irqs: 16
[    0.000000] arch_timer: cp15 timer(s) running at 19.20MHz (phys).
[    0.000000] clocksource: arch_sys_counter: mask: 0xffffffffffffff max_cycles: 0x46d987e47, max_idle_ns: 440795202767 ns
[    0.000007] sched_clock: 56 bits at 19MHz, resolution 52ns, wraps every 4398046511078ns
[    0.000023] Switching to timer-based delay loop, resolution 52ns
[    0.000277] Console: colour dummy device 80x30
[    0.000914] console [tty1] enabled
[    0.000973] Calibrating delay loop (skipped), value calculated using timer frequency.. 38.40 BogoMIPS (lpj=192000)
[    0.001017] pid_max: default: 32768 minimum: 301
[    0.001385] Mount-cache hash table entries: 2048 (order: 1, 8192 bytes)
[    0.001421] Mountpoint-cache hash table entries: 2048 (order: 1, 8192 bytes)
[    0.002379] CPU: Testing write buffer coherency: ok
[    0.002859] CPU0: thread -1, cpu 0, socket 0, mpidr 80000000
[    0.003539] Setting up static identity map for 0x100000 - 0x10003c
[    0.003707] rcu: Hierarchical SRCU implementation.
[    0.004536] smp: Bringing up secondary CPUs ...
[    0.005449] CPU1: thread -1, cpu 1, socket 0, mpidr 80000001
[    0.006425] CPU2: thread -1, cpu 2, socket 0, mpidr 80000002
[    0.007341] CPU3: thread -1, cpu 3, socket 0, mpidr 80000003
[    0.007454] smp: Brought up 1 node, 4 CPUs
[    0.007535] SMP: Total of 4 processors activated (153.60 BogoMIPS).
[    0.007559] CPU: All CPU(s) started in HYP mode.
[    0.007579] CPU: Virtualization extensions available.
[    0.008576] devtmpfs: initialized
[    0.022033] VFP support v0.3: implementor 41 architecture 3 part 40 variant 3 rev 4
[    0.022309] clocksource: jiffies: mask: 0xffffffff max_cycles: 0xffffffff, max_idle_ns: 19112604462750000 ns
[    0.022359] futex hash table entries: 1024 (order: 4, 65536 bytes)
[    0.022970] pinctrl core: initialized pinctrl subsystem
[    0.023838] NET: Registered protocol family 16
[    0.027144] DMA: preallocated 1024 KiB pool for atomic coherent allocations
[    0.033067] hw-breakpoint: found 5 (+1 reserved) breakpoint and 4 watchpoint registers.
[    0.033103] hw-breakpoint: maximum watchpoint size is 8 bytes.
[    0.033323] Serial: AMBA PL011 UART driver
[    0.035682] bcm2835-mbox 3f00b880.mailbox: mailbox enabled
[    0.050030] raspberrypi-firmware soc:firmware: Attached to firmware from 2020-04-15 11:43, variant start
[    0.060044] raspberrypi-firmware soc:firmware: Firmware hash is 82f9bb929ce2186eb1824178c1ae82902ad6275c
[    0.103102] bcm2835-dma 3f007000.dma: DMA legacy API manager at (ptrval), dmachans=0x1
[    0.104758] SCSI subsystem initialized
[    0.105005] usbcore: registered new interface driver usbfs
[    0.105084] usbcore: registered new interface driver hub
[    0.105197] usbcore: registered new device driver usb
[    0.106940] clocksource: Switched to clocksource arch_sys_counter
[    0.197500] VFS: Disk quotas dquot_6.6.0
[    0.197611] VFS: Dquot-cache hash table entries: 1024 (order 0, 4096 bytes)
[    0.197813] FS-Cache: Loaded
[    0.198042] CacheFiles: Loaded
[    0.208062] NET: Registered protocol family 2
[    0.208927] tcp_listen_portaddr_hash hash table entries: 512 (order: 0, 6144 bytes)
[    0.208992] TCP established hash table entries: 8192 (order: 3, 32768 bytes)
[    0.209122] TCP bind hash table entries: 8192 (order: 4, 65536 bytes)
[    0.209326] TCP: Hash tables configured (established 8192 bind 8192)
[    0.209487] UDP hash table entries: 512 (order: 2, 16384 bytes)
[    0.209557] UDP-Lite hash table entries: 512 (order: 2, 16384 bytes)
[    0.209817] NET: Registered protocol family 1
[    0.210415] RPC: Registered named UNIX socket transport module.
[    0.210442] RPC: Registered udp transport module.
[    0.210464] RPC: Registered tcp transport module.
[    0.210485] RPC: Registered tcp NFSv4.1 backchannel transport module.
[    0.212310] hw perfevents: enabled with armv7_cortex_a7 PMU driver, 7 counters available
[    0.215414] Initialise system trusted keyrings
[    0.215632] workingset: timestamp_bits=14 max_order=18 bucket_order=4
[    0.225588] FS-Cache: Netfs 'nfs' registered for caching
[    0.226167] NFS: Registering the id_resolver key type
[    0.226213] Key type id_resolver registered
[    0.226236] Key type id_legacy registered
[    0.226267] nfs4filelayout_init: NFSv4 File Layout Driver Registering...
[    0.231789] Key type asymmetric registered
[    0.231825] Asymmetric key parser 'x509' registered
[    0.231900] Block layer SCSI generic (bsg) driver version 0.4 loaded (major 250)
[    0.232100] io scheduler noop registered
[    0.232125] io scheduler deadline registered (default)
[    0.232359] io scheduler cfq registered
[    0.232383] io scheduler mq-deadline registered (default)
[    0.232407] io scheduler kyber registered
[    0.234623] bcm2708_fb soc:fb: FB found 1 display(s)
[    0.243940] Console: switching to colour frame buffer device 82x26
[    0.250831] bcm2708_fb soc:fb: Registered framebuffer for display 0, size 656x416
[    0.256479] Serial: 8250/16550 driver, 1 ports, IRQ sharing enabled
[    0.260335] bcm2835-rng 3f104000.rng: hwrng registered
[    0.263021] vc-mem: phys_addr:0x00000000 mem_base=0x3ec00000 mem_size:0x40000000(1024 MiB)
[    0.268441] vc-sm: Videocore shared memory driver
[    0.271252] gpiomem-bcm2835 3f200000.gpiomem: Initialised: Registers at 0x3f200000
[    0.287184] brd: module loaded
[    0.299973] loop: module loaded
[    0.303071] Loading iSCSI transport class v2.0-870.
[    0.306258] libphy: Fixed MDIO Bus: probed
[    0.308821] usbcore: registered new interface driver lan78xx
[    0.311344] usbcore: registered new interface driver smsc95xx
[    0.313787] dwc_otg: version 3.00a 10-AUG-2012 (platform bus)
[    0.344101] dwc_otg 3f980000.usb: base=(ptrval)
[    0.546812] Core Release: 2.80a
[    0.549300] Setting default values for core params
[    0.551805] Finished setting default values for core params
[    0.754584] Using Buffer DMA mode
[    0.757007] Periodic Transfer Interrupt Enhancement - disabled
[    0.759426] Multiprocessor Interrupt Enhancement - disabled
[    0.761814] OTG VER PARAM: 0, OTG VER FLAG: 0
[    0.764163] Dedicated Tx FIFOs mode
[    0.766865] WARN::dwc_otg_hcd_init:1074: FIQ DMA bounce buffers: virt = bad14000 dma = 0xfad14000 len=9024
[    0.771478] FIQ FSM acceleration enabled for :
[    0.771478] Non-periodic Split Transactions
[    0.771478] Periodic Split Transactions
[    0.771478] High-Speed Isochronous Endpoints
[    0.771478] Interrupt/Control Split Transaction hack enabled
[    0.782468] WARN::hcd_init_fiq:457: FIQ on core 1
[    0.784698] WARN::hcd_init_fiq:458: FIQ ASM at 8068fda0 length 36
[    0.786909] WARN::hcd_init_fiq:497: MPHI regs_base at bb810000
[    0.789166] dwc_otg 3f980000.usb: DWC OTG Controller
[    0.791427] dwc_otg 3f980000.usb: new USB bus registered, assigned bus number 1
[    0.793749] dwc_otg 3f980000.usb: irq 56, io mem 0x00000000
[    0.796052] Init: Port Power? op_state=1
[    0.798309] Init: Power Port (0)
[    0.800728] usb usb1: New USB device found, idVendor=1d6b, idProduct=0002, bcdDevice= 4.19
[    0.805232] usb usb1: New USB device strings: Mfr=3, Product=2, SerialNumber=1
[    0.807664] usb usb1: Product: DWC OTG Controller
[    0.810030] usb usb1: Manufacturer: Linux 4.19.118-v7+ dwc_otg_hcd
[    0.812456] usb usb1: SerialNumber: 3f980000.usb
[    0.815413] hub 1-0:1.0: USB hub found
[    0.817720] hub 1-0:1.0: 1 port detected
[    0.820765] usbcore: registered new interface driver usb-storage
[    0.823230] mousedev: PS/2 mouse device common for all mice
[    0.826376] bcm2835-wdt bcm2835-wdt: Broadcom BCM2835 watchdog timer
[    0.829029] bcm2835-cpufreq: min=600000 max=1400000
[    0.831848] sdhci: Secure Digital Host Controller Interface driver
[    0.834269] sdhci: Copyright(c) Pierre Ossman
[    0.837106] sdhost-bcm2835 3f202000.mmc: could not get clk, deferring probe
[    0.839777] sdhci-pltfm: SDHCI platform and OF driver helper
[    0.843827] ledtrig-cpu: registered to indicate activity on CPUs
[    0.846525] hidraw: raw HID events driver (C) Jiri Kosina
[    0.849297] usbcore: registered new interface driver usbhid
[    0.851847] usbhid: USB HID core driver
[    0.855152] vchiq: vchiq_init_state: slot_zero = (ptrval), is_master = 0
[    0.859306] [vc_sm_connected_init]: start
[    0.869009] [vc_sm_connected_init]: end - returning 0
[    0.872520] Initializing XFRM netlink socket
[    0.874905] NET: Registered protocol family 17
[    0.877387] Key type dns_resolver registered
[    0.880361] Registering SWP/SWPB emulation handler
[    0.883368] registered taskstats version 1
[    0.885743] Loading compiled-in X.509 certificates
[    0.894772] uart-pl011 3f201000.serial: cts_event_workaround enabled
[    0.897334] 3f201000.serial: ttyAMA0 at MMIO 0x3f201000 (irq = 81, base_baud = 0) is a PL011 rev2
[    1.900994] console [ttyAMA0] enabled
[    1.909076] sdhost: log_buf @ (ptrval) (fad13000)
[    1.964506] mmc0: sdhost-bcm2835 loaded - DMA enabled (>1)
[    1.973677] of_cfs_init
[    1.978520] of_cfs_init: OK
[    1.984092] Waiting for root device PARTUUID=4c999877-02...
[    2.017064] Indeed it is in host mode hprt0 = 00021501
[    2.112107] random: fast init done
[    2.122396] mmc0: host does not support reading read-only switch, assuming write-enable
[    2.140434] mmc0: new high speed SDHC card at address aaaa
[    2.149471] mmcblk0: mmc0:aaaa SC16G 14.8 GiB
[    2.161396]  mmcblk0: p1 p2
[    2.201070] EXT4-fs (mmcblk0p2): INFO: recovery required on readonly filesystem
[    2.210938] EXT4-fs (mmcblk0p2): write access will be enabled during recovery
[    2.226976] usb 1-1: new high-speed USB device number 2 using dwc_otg
[    2.236093] Indeed it is in host mode hprt0 = 00001101
[    2.309113] EXT4-fs (mmcblk0p2): recovery complete
[    2.323637] EXT4-fs (mmcblk0p2): mounted filesystem with ordered data mode. Opts: (null)
[    2.336723] VFS: Mounted root (ext4 filesystem) readonly on device 179:2.
[    2.356145] devtmpfs: mounted
[    2.369026] Freeing unused kernel memory: 1024K
[    2.376536] Run /sbin/init as init process
[    2.477275] usb 1-1: New USB device found, idVendor=0424, idProduct=2514, bcdDevice= b.b3
[    2.490874] usb 1-1: New USB device strings: Mfr=0, Product=0, SerialNumber=0
[    2.501530] hub 1-1:1.0: USB hub found
[    2.508206] hub 1-1:1.0: 4 ports detected
[    2.827005] usb 1-1.1: new high-speed USB device number 3 using dwc_otg
[    2.957256] usb 1-1.1: New USB device found, idVendor=0424, idProduct=2514, bcdDevice= b.b3
[    2.971032] usb 1-1.1: New USB device strings: Mfr=0, Product=0, SerialNumber=0
[    2.981887] hub 1-1.1:1.0: USB hub found
[    2.988730] hub 1-1.1:1.0: 3 ports detected
[    3.002674] systemd[1]: System time before build time, advancing clock.
[    3.064646] systemd[1]: systemd 241 running in system mode. (+PAM +AUDIT +SELINUX +IMA +APPARMOR +SMACK +SYSVINIT +UTMP +LIBCRYPTSETUP +GCRYPT +GNUTLS +ACL +XZ +LZ4 +SECCOMP +BLKID +ELFUTILS +KMOD -IDN2 +IDN -PCRE
2 default-hierarchy=hybrid)
[    3.095490] systemd[1]: Detected architecture arm.
[    3.123270] systemd[1]: Set hostname to <raspberrypi>.
[    3.274646] uart-pl011 3f201000.serial: no DMA platform data
[    3.656998] usb 1-1.1.1: new high-speed USB device number 4 using dwc_otg
[    3.787444] usb 1-1.1.1: New USB device found, idVendor=0424, idProduct=7800, bcdDevice= 3.00
[    3.801412] usb 1-1.1.1: New USB device strings: Mfr=0, Product=0, SerialNumber=0
[    4.043750] random: systemd: uninitialized urandom read (16 bytes read)
[    4.079431] lan78xx 1-1.1.1:1.0 (unnamed net_device) (uninitialized): No External EEPROM. Setting MAC Speed
[    4.088270] systemd[1]: Condition check resulted in Journal Audit Socket being skipped.
[    4.096140] libphy: lan78xx-mdiobus: probed
[    4.109346] random: systemd: uninitialized urandom read (16 bytes read)
[    4.127404] systemd[1]: Listening on Journal Socket.
[    4.143261] lan78xx 1-1.1.1:1.0 (unnamed net_device) (uninitialized): int urb period 64
[    4.160603] random: systemd: uninitialized urandom read (16 bytes read)
[    4.179085] systemd[1]: Starting Load Kernel Modules...
[    4.191790] systemd[1]: Condition check resulted in Kernel Module supporting RPCSEC_GSS being skipped.
[    4.216416] systemd[1]: Starting Restore / save the current clock...
[    4.231463] systemd[1]: Started Dispatch Password Requests to Console Directory Watch.
[    4.255854] systemd[1]: Mounting Kernel Debug File System...
[    8.299290] Kernel panic - not syncing: stack-protector: Kernel stack is corrupted in: ext4_file_open+0x1d4/0x1d8
[    8.311459] CPU: 0 PID: 336 Comm: grep Not tainted 4.19.118-v7+ #1311
[    8.318839] Hardware name: BCM2835
[    8.319754] Adding 102396k swap on /var/swap.  Priority:-2 extents:1 across:102396k SSFS
[    8.323167] [<801120c8>] (unwind_backtrace) from [<8010d5fc>] (show_stack+0x20/0x24)
[    8.342851] [<8010d5fc>] (show_stack) from [<80856da8>] (dump_stack+0xe0/0x124)
[    8.351233] [<80856da8>] (dump_stack) from [<80120ee8>] (panic+0x104/0x288)
[    8.359284] [<80120ee8>] (panic) from [<801209e8>] (print_tainted+0x0/0xa8)
[    8.367348] CPU3: stopping
[    8.371144] CPU: 3 PID: 0 Comm: swapper/3 Not tainted 4.19.118-v7+ #1311
[    8.378980] Hardware name: BCM2835
[    8.383503] [<801120c8>] (unwind_backtrace) from [<8010d5fc>] (show_stack+0x20/0x24)
[    8.393637] [<8010d5fc>] (show_stack) from [<80856da8>] (dump_stack+0xe0/0x124)
[    8.402232] [<80856da8>] (dump_stack) from [<801104e0>] (handle_IPI+0x388/0x3a8)
[    8.412210] [<801104e0>] (handle_IPI) from [<801021f4>] (bcm2836_arm_irqchip_handle_irq+0xa0/0xa4)
[    8.423880] [<801021f4>] (bcm2836_arm_irqchip_handle_irq) from [<801019bc>] (__irq_svc+0x5c/0x7c)
[    8.435473] Exception stack(0xb9d51f38 to 0xb9d51f80)
[    8.441892] 1f20:                                                       80109ae4 00000000
[    8.452709] 1f40: 40000093 40000093 80d04d70 b9d50000 80d04db8 00000008 80d8fb3e 410fd034
[    8.463486] 1f60: 00000000 b9d51f94 80d0517c b9d51f88 00000000 80109ae8 40000013 ffffffff
[    8.474293] [<801019bc>] (__irq_svc) from [<80109ae8>] (arch_cpu_idle+0x34/0x4c)
[    8.484389] [<80109ae8>] (arch_cpu_idle) from [<80873e74>] (default_idle_call+0x34/0x48)
[    8.495246] [<80873e74>] (default_idle_call) from [<80152eb8>] (do_idle+0xec/0x16c)
[    8.505681] [<80152eb8>] (do_idle) from [<801531f8>] (cpu_startup_entry+0x28/0x2c)
[    8.516063] [<801531f8>] (cpu_startup_entry) from [<8010fee4>] (secondary_start_kernel+0x134/0x140)
[    8.527975] [<8010fee4>] (secondary_start_kernel) from [<0010270c>] (0x10270c)
[    8.536648] CPU1: stopping
[    8.540767] CPU: 1 PID: 0 Comm: swapper/1 Not tainted 4.19.118-v7+ #1311
[    8.548897] Hardware name: BCM2835
[    8.553710] [<801120c8>] (unwind_backtrace) from [<8010d5fc>] (show_stack+0x20/0x24)
[    8.564357] [<8010d5fc>] (show_stack) from [<80856da8>] (dump_stack+0xe0/0x124)
[    8.573181] [<80856da8>] (dump_stack) from [<801104e0>] (handle_IPI+0x388/0x3a8)
[    8.583466] [<801104e0>] (handle_IPI) from [<801021f4>] (bcm2836_arm_irqchip_handle_irq+0xa0/0xa4)
[    8.595327] [<801021f4>] (bcm2836_arm_irqchip_handle_irq) from [<801019bc>] (__irq_svc+0x5c/0x7c)
[    8.607099] Exception stack(0xb9d4df38 to 0xb9d4df80)
[    8.613588] df20:                                                       80109ae4 00000000
[    8.624529] df40: 40000093 40000093 80d04d70 b9d4c000 80d04db8 00000002 80d8fb3e 410fd034
[    8.635416] df60: 00000000 b9d4df94 80d0517c b9d4df88 00000000 80109ae8 40000013 ffffffff
[    8.646304] [<801019bc>] (__irq_svc) from [<80109ae8>] (arch_cpu_idle+0x34/0x4c)
[    8.656407] [<80109ae8>] (arch_cpu_idle) from [<80873e74>] (default_idle_call+0x34/0x48)
[    8.667267] [<80873e74>] (default_idle_call) from [<80152eb8>] (do_idle+0xec/0x16c)
[    8.677717] [<80152eb8>] (do_idle) from [<801531f8>] (cpu_startup_entry+0x28/0x2c)
[    8.688095] [<801531f8>] (cpu_startup_entry) from [<8010fee4>] (secondary_start_kernel+0x134/0x140)
[    8.700016] [<8010fee4>] (secondary_start_kernel) from [<0010270c>] (0x10270c)
[    8.708700] CPU2: stopping
[    8.712811] CPU: 2 PID: 0 Comm: swapper/2 Not tainted 4.19.118-v7+ #1311
[    8.720931] Hardware name: BCM2835
[    8.725732] [<801120c8>] (unwind_backtrace) from [<8010d5fc>] (show_stack+0x20/0x24)
[    8.736354] [<8010d5fc>] (show_stack) from [<80856da8>] (dump_stack+0xe0/0x124)
[    8.745168] [<80856da8>] (dump_stack) from [<801104e0>] (handle_IPI+0x388/0x3a8)
[    8.755429] [<801104e0>] (handle_IPI) from [<801021f4>] (bcm2836_arm_irqchip_handle_irq+0xa0/0xa4)
[    8.767274] [<801021f4>] (bcm2836_arm_irqchip_handle_irq) from [<801019bc>] (__irq_svc+0x5c/0x7c)
[    8.779038] Exception stack(0xb9d4ff38 to 0xb9d4ff80)
[    8.785509] ff20:                                                       80109ae4 00000000
[    8.796437] ff40: 40000093 40000093 80d04d70 b9d4e000 80d04db8 00000004 80d8fb3e 410fd034
[    8.807313] ff60: 00000000 b9d4ff94 80d0517c b9d4ff88 00000000 80109ae8 40000013 ffffffff
[    8.818189] [<801019bc>] (__irq_svc) from [<80109ae8>] (arch_cpu_idle+0x34/0x4c)
[    8.828285] [<80109ae8>] (arch_cpu_idle) from [<80873e74>] (default_idle_call+0x34/0x48)
[    8.839119] [<80873e74>] (default_idle_call) from [<80152eb8>] (do_idle+0xec/0x16c)
[    8.849561] [<80152eb8>] (do_idle) from [<801531f8>] (cpu_startup_entry+0x28/0x2c)
[    8.859941] [<801531f8>] (cpu_startup_entry) from [<8010fee4>] (secondary_start_kernel+0x134/0x140)
[    8.871836] [<8010fee4>] (secondary_start_kernel) from [<0010270c>] (0x10270c)
[    8.880523] ---[ end Kernel panic - not syncing: stack-protector: Kernel stack is corrupted in: ext4_file_open+0x1d4/0x1d8 ]---
