[    0.000000] Booting Linux on physical CPU 0x0
[    0.000000] Linux version 4.19.118-v7+ (dom@buildbot) (gcc version 4.9.3 (crosstool-NG crosstool-ng-1.22.0-88-g8460611)) #1311 SMP Mon Apr 27 14:21:24 BST 2020
[    0.000000] CPU: ARMv7 Processor [410fd034] revision 4 (ARMv7), cr=10c5383d
[    0.000000] CPU: div instructions available: patching division code
[    0.000000] CPU: PIPT / VIPT nonaliasing data cache, VIPT aliasing instruction cache
[    0.000000] OF: fdt: Machine model: Raspberry Pi 3 Model B Plus Rev 1.3
[    0.000000] Memory policy: Data cache writealloc
[    0.000000] cma: Reserved 8 MiB at 0x3ac00000
[    0.000000] random: get_random_bytes called from start_kernel+0xac/0x4b4 with crng_init=0
[    0.000000] percpu: Embedded 16 pages/cpu s36864 r8192 d20480 u65536
[    0.000000] Built 1 zonelists, mobility grouping on.  Total pages: 240555
[    0.000000] Kernel command line: coherent_pool=1M 8250.nr_uarts=1 snd_bcm2835.enable_compat_alsa=0 snd_bcm2835.enable_hdmi=1 snd_bcm2835.enable_headphones=1 bcm2708_fb.fbwidth=656 bcm2708_fb.fbheight=416 bcm2708_f
b.fbswap=1 vc_mem.mem_base=0x3ec00000 vc_mem.mem_size=0x40000000  dwc_otg.lpm_enable=0 console=ttyAMA0,115200 console=tty1 root=PARTUUID=4c999877-02 rootfstype=ext4 elevator=deadline fsck.repair=yes rootwait
[    0.000000] Dentry cache hash table entries: 131072 (order: 7, 524288 bytes)
[    0.000000] Inode-cache hash table entries: 65536 (order: 6, 262144 bytes)
[    0.000000] Memory: 939064K/970752K available (8192K kernel code, 656K rwdata, 2232K rodata, 1024K init, 831K bss, 23496K reserved, 8192K cma-reserved)
[    0.000000] Virtual kernel memory layout:
[    0.000000]     vector  : 0xffff0000 - 0xffff1000   (   4 kB)
[    0.000000]     fixmap  : 0xffc00000 - 0xfff00000   (3072 kB)
[    0.000000]     vmalloc : 0xbb800000 - 0xff800000   (1088 MB)
[    0.000000]     lowmem  : 0x80000000 - 0xbb400000   ( 948 MB)
[    0.000000]     modules : 0x7f000000 - 0x80000000   (  16 MB)
[    0.000000]       .text : 0x(ptrval) - 0x(ptrval)   (9184 kB)
[    0.000000]       .init : 0x(ptrval) - 0x(ptrval)   (1024 kB)
[    0.000000]       .data : 0x(ptrval) - 0x(ptrval)   ( 657 kB)
[    0.000000]        .bss : 0x(ptrval) - 0x(ptrval)   ( 832 kB)
[    0.000000] SLUB: HWalign=64, Order=0-3, MinObjects=0, CPUs=4, Nodes=1
[    0.000000] ftrace: allocating 27093 entries in 80 pages
[    0.000000] rcu: Hierarchical RCU implementation.
[    0.000000] NR_IRQS: 16, nr_irqs: 16, preallocated irqs: 16
[    0.000000] arch_timer: cp15 timer(s) running at 19.20MHz (phys).
[    0.000000] clocksource: arch_sys_counter: mask: 0xffffffffffffff max_cycles: 0x46d987e47, max_idle_ns: 440795202767 ns
[    0.000007] sched_clock: 56 bits at 19MHz, resolution 52ns, wraps every 4398046511078ns
[    0.000023] Switching to timer-based delay loop, resolution 52ns
[    0.000276] Console: colour dummy device 80x30
[    0.000913] console [tty1] enabled
[    0.000971] Calibrating delay loop (skipped), value calculated using timer frequency.. 38.40 BogoMIPS (lpj=192000)
[    0.001015] pid_max: default: 32768 minimum: 301
[    0.001384] Mount-cache hash table entries: 2048 (order: 1, 8192 bytes)
[    0.001419] Mountpoint-cache hash table entries: 2048 (order: 1, 8192 bytes)
[    0.002374] CPU: Testing write buffer coherency: ok
[    0.002860] CPU0: thread -1, cpu 0, socket 0, mpidr 80000000
[    0.003542] Setting up static identity map for 0x100000 - 0x10003c
[    0.003715] rcu: Hierarchical SRCU implementation.
[    0.004546] smp: Bringing up secondary CPUs ...
[    0.005459] CPU1: thread -1, cpu 1, socket 0, mpidr 80000001
[    0.006436] CPU2: thread -1, cpu 2, socket 0, mpidr 80000002
[    0.007356] CPU3: thread -1, cpu 3, socket 0, mpidr 80000003
[    0.007470] smp: Brought up 1 node, 4 CPUs
[    0.007551] SMP: Total of 4 processors activated (153.60 BogoMIPS).
[    0.007575] CPU: All CPU(s) started in HYP mode.
[    0.007595] CPU: Virtualization extensions available.
[    0.008589] devtmpfs: initialized
[    0.022039] VFP support v0.3: implementor 41 architecture 3 part 40 variant 3 rev 4
[    0.022314] clocksource: jiffies: mask: 0xffffffff max_cycles: 0xffffffff, max_idle_ns: 19112604462750000 ns
[    0.022364] futex hash table entries: 1024 (order: 4, 65536 bytes)
[    0.022972] pinctrl core: initialized pinctrl subsystem
[    0.023838] NET: Registered protocol family 16
[    0.027096] DMA: preallocated 1024 KiB pool for atomic coherent allocations
[    0.033004] hw-breakpoint: found 5 (+1 reserved) breakpoint and 4 watchpoint registers.
[    0.033040] hw-breakpoint: maximum watchpoint size is 8 bytes.
[    0.033259] Serial: AMBA PL011 UART driver
[    0.035617] bcm2835-mbox 3f00b880.mailbox: mailbox enabled
[    0.050029] raspberrypi-firmware soc:firmware: Attached to firmware from 2020-04-15 11:43, variant start
[    0.060043] raspberrypi-firmware soc:firmware: Firmware hash is 82f9bb929ce2186eb1824178c1ae82902ad6275c
[    0.103088] bcm2835-dma 3f007000.dma: DMA legacy API manager at (ptrval), dmachans=0x1
[    0.104737] SCSI subsystem initialized
[    0.104983] usbcore: registered new interface driver usbfs
[    0.105064] usbcore: registered new interface driver hub
[    0.105176] usbcore: registered new device driver usb
[    0.106898] clocksource: Switched to clocksource arch_sys_counter
[    0.197493] VFS: Disk quotas dquot_6.6.0
[    0.197605] VFS: Dquot-cache hash table entries: 1024 (order 0, 4096 bytes)
[    0.197775] FS-Cache: Loaded
[    0.198003] CacheFiles: Loaded
[    0.208019] NET: Registered protocol family 2
[    0.208888] tcp_listen_portaddr_hash hash table entries: 512 (order: 0, 6144 bytes)
[    0.208953] TCP established hash table entries: 8192 (order: 3, 32768 bytes)
[    0.209083] TCP bind hash table entries: 8192 (order: 4, 65536 bytes)
[    0.209288] TCP: Hash tables configured (established 8192 bind 8192)
[    0.209450] UDP hash table entries: 512 (order: 2, 16384 bytes)
[    0.209520] UDP-Lite hash table entries: 512 (order: 2, 16384 bytes)
[    0.209780] NET: Registered protocol family 1
[    0.210367] RPC: Registered named UNIX socket transport module.
[    0.210395] RPC: Registered udp transport module.
[    0.210417] RPC: Registered tcp transport module.
[    0.210438] RPC: Registered tcp NFSv4.1 backchannel transport module.
[    0.212286] hw perfevents: enabled with armv7_cortex_a7 PMU driver, 7 counters available
[    0.215398] Initialise system trusted keyrings
[    0.215605] workingset: timestamp_bits=14 max_order=18 bucket_order=4
[    0.225572] FS-Cache: Netfs 'nfs' registered for caching
[    0.226150] NFS: Registering the id_resolver key type
[    0.226195] Key type id_resolver registered
[    0.226217] Key type id_legacy registered
[    0.226248] nfs4filelayout_init: NFSv4 File Layout Driver Registering...
[    0.231684] Key type asymmetric registered
[    0.231721] Asymmetric key parser 'x509' registered
[    0.231796] Block layer SCSI generic (bsg) driver version 0.4 loaded (major 250)
[    0.231990] io scheduler noop registered
[    0.232015] io scheduler deadline registered (default)
[    0.232231] io scheduler cfq registered
[    0.232256] io scheduler mq-deadline registered (default)
[    0.232280] io scheduler kyber registered
[    0.234489] bcm2708_fb soc:fb: FB found 1 display(s)
[    0.243846] Console: switching to colour frame buffer device 82x26
[    0.250707] bcm2708_fb soc:fb: Registered framebuffer for display 0, size 656x416
[    0.256349] Serial: 8250/16550 driver, 1 ports, IRQ sharing enabled
[    0.260184] bcm2835-rng 3f104000.rng: hwrng registered
[    0.262872] vc-mem: phys_addr:0x00000000 mem_base=0x3ec00000 mem_size:0x40000000(1024 MiB)
[    0.268268] vc-sm: Videocore shared memory driver
[    0.271080] gpiomem-bcm2835 3f200000.gpiomem: Initialised: Registers at 0x3f200000
[    0.287019] brd: module loaded
[    0.299803] loop: module loaded
[    0.302897] Loading iSCSI transport class v2.0-870.
[    0.306069] libphy: Fixed MDIO Bus: probed
[    0.308616] usbcore: registered new interface driver lan78xx
[    0.311139] usbcore: registered new interface driver smsc95xx
[    0.313574] dwc_otg: version 3.00a 10-AUG-2012 (platform bus)
[    0.343892] dwc_otg 3f980000.usb: base=(ptrval)
[    0.546598] Core Release: 2.80a
[    0.549082] Setting default values for core params
[    0.551586] Finished setting default values for core params
[    0.754368] Using Buffer DMA mode
[    0.756774] Periodic Transfer Interrupt Enhancement - disabled
[    0.759207] Multiprocessor Interrupt Enhancement - disabled
[    0.761598] OTG VER PARAM: 0, OTG VER FLAG: 0
[    0.763948] Dedicated Tx FIFOs mode
[    0.766645] WARN::dwc_otg_hcd_init:1074: FIQ DMA bounce buffers: virt = bad14000 dma = 0xfad14000 len=9024
[    0.771256] FIQ FSM acceleration enabled for :
[    0.771256] Non-periodic Split Transactions
[    0.771256] Periodic Split Transactions
[    0.771256] High-Speed Isochronous Endpoints
[    0.771256] Interrupt/Control Split Transaction hack enabled
[    0.782226] WARN::hcd_init_fiq:457: FIQ on core 1
[    0.784454] WARN::hcd_init_fiq:458: FIQ ASM at 8068fda0 length 36
[    0.786665] WARN::hcd_init_fiq:497: MPHI regs_base at bb810000
[    0.788920] dwc_otg 3f980000.usb: DWC OTG Controller
[    0.791178] dwc_otg 3f980000.usb: new USB bus registered, assigned bus number 1
[    0.793498] dwc_otg 3f980000.usb: irq 56, io mem 0x00000000
[    0.795797] Init: Port Power? op_state=1
[    0.798049] Init: Power Port (0)
[    0.800465] usb usb1: New USB device found, idVendor=1d6b, idProduct=0002, bcdDevice= 4.19
[    0.804961] usb usb1: New USB device strings: Mfr=3, Product=2, SerialNumber=1
[    0.807391] usb usb1: Product: DWC OTG Controller
[    0.809749] usb usb1: Manufacturer: Linux 4.19.118-v7+ dwc_otg_hcd
[    0.812168] usb usb1: SerialNumber: 3f980000.usb
[    0.815123] hub 1-0:1.0: USB hub found
[    0.817429] hub 1-0:1.0: 1 port detected
[    0.820458] usbcore: registered new interface driver usb-storage
[    0.822919] mousedev: PS/2 mouse device common for all mice
[    0.826052] bcm2835-wdt bcm2835-wdt: Broadcom BCM2835 watchdog timer
[    0.828708] bcm2835-cpufreq: min=600000 max=1400000
[    0.831526] sdhci: Secure Digital Host Controller Interface driver
[    0.833943] sdhci: Copyright(c) Pierre Ossman
[    0.836749] sdhost-bcm2835 3f202000.mmc: could not get clk, deferring probe
[    0.839440] sdhci-pltfm: SDHCI platform and OF driver helper
[    0.843485] ledtrig-cpu: registered to indicate activity on CPUs
[    0.846176] hidraw: raw HID events driver (C) Jiri Kosina
[    0.848949] usbcore: registered new interface driver usbhid
[    0.851495] usbhid: USB HID core driver
[    0.854795] vchiq: vchiq_init_state: slot_zero = (ptrval), is_master = 0
[    0.858952] [vc_sm_connected_init]: start
[    0.867673] [vc_sm_connected_init]: end - returning 0
[    0.871184] Initializing XFRM netlink socket
[    0.873570] NET: Registered protocol family 17
[    0.876022] Key type dns_resolver registered
[    0.879029] Registering SWP/SWPB emulation handler
[    0.882041] registered taskstats version 1
[    0.884418] Loading compiled-in X.509 certificates
[    0.893452] uart-pl011 3f201000.serial: cts_event_workaround enabled
[    0.895954] 3f201000.serial: ttyAMA0 at MMIO 0x3f201000 (irq = 81, base_baud = 0) is a PL011 rev2
[    1.899665] console [ttyAMA0] enabled
[    1.907736] sdhost: log_buf @ (ptrval) (fad13000)
[    1.963185] mmc0: sdhost-bcm2835 loaded - DMA enabled (>1)
[    1.972361] of_cfs_init
[    1.977208] of_cfs_init: OK
[    1.982775] Waiting for root device PARTUUID=4c999877-02...
[    2.017020] Indeed it is in host mode hprt0 = 00021501
[    2.112069] random: fast init done
[    2.122362] mmc0: host does not support reading read-only switch, assuming write-enable
[    2.140410] mmc0: new high speed SDHC card at address aaaa
[    2.149443] mmcblk0: mmc0:aaaa SC16G 14.8 GiB
[    2.161422]  mmcblk0: p1 p2
[    2.201020] EXT4-fs (mmcblk0p2): INFO: recovery required on readonly filesystem
[    2.210887] EXT4-fs (mmcblk0p2): write access will be enabled during recovery
[    2.226935] usb 1-1: new high-speed USB device number 2 using dwc_otg
[    2.231619] EXT4-fs (mmcblk0p2): recovery complete
[    2.236054] Indeed it is in host mode hprt0 = 00001101
[    2.298390] EXT4-fs (mmcblk0p2): mounted filesystem with ordered data mode. Opts: (null)
[    2.311507] VFS: Mounted root (ext4 filesystem) readonly on device 179:2.
[    2.332102] devtmpfs: mounted
[    2.345015] Freeing unused kernel memory: 1024K
[    2.352579] Run /sbin/init as init process
[    2.487255] usb 1-1: New USB device found, idVendor=0424, idProduct=2514, bcdDevice= b.b3
[    2.500953] usb 1-1: New USB device strings: Mfr=0, Product=0, SerialNumber=0
[    2.511640] hub 1-1:1.0: USB hub found
[    2.518365] hub 1-1:1.0: 4 ports detected
[    2.836971] usb 1-1.1: new high-speed USB device number 3 using dwc_otg
[    2.967226] usb 1-1.1: New USB device found, idVendor=0424, idProduct=2514, bcdDevice= b.b3
[    2.981108] usb 1-1.1: New USB device strings: Mfr=0, Product=0, SerialNumber=0
[    2.991657] systemd[1]: System time before build time, advancing clock.
[    2.992114] hub 1-1.1:1.0: USB hub found
[    3.008167] hub 1-1.1:1.0: 3 ports detected
[    3.075765] systemd[1]: systemd 241 running in system mode. (+PAM +AUDIT +SELINUX +IMA +APPARMOR +SMACK +SYSVINIT +UTMP +LIBCRYPTSETUP +GCRYPT +GNUTLS +ACL +XZ +LZ4 +SECCOMP +BLKID +ELFUTILS +KMOD -IDN2 +IDN -PCRE
2 default-hierarchy=hybrid)
[    3.106837] systemd[1]: Detected architecture arm.
[    3.135019] systemd[1]: Set hostname to <raspberrypi>.
[    3.288650] uart-pl011 3f201000.serial: no DMA platform data
[    3.666958] usb 1-1.1.1: new high-speed USB device number 4 using dwc_otg
[    3.797375] usb 1-1.1.1: New USB device found, idVendor=0424, idProduct=7800, bcdDevice= 3.00
[    3.811453] usb 1-1.1.1: New USB device strings: Mfr=0, Product=0, SerialNumber=0
[    4.069084] random: systemd: uninitialized urandom read (16 bytes read)
[    4.089439] lan78xx 1-1.1.1:1.0 (unnamed net_device) (uninitialized): No External EEPROM. Setting MAC Speed
[    4.090174] random: systemd: uninitialized urandom read (16 bytes read)
[    4.115738] systemd[1]: Listening on udev Control Socket.
[    4.118132] libphy: lan78xx-mdiobus: probed
[    4.135027] random: systemd: uninitialized urandom read (16 bytes read)
[    4.145194] systemd[1]: Started Forward Password Requests to Wall Directory Watch.
[    4.157493] lan78xx 1-1.1.1:1.0 (unnamed net_device) (uninitialized): int urb period 64
[    4.177075] systemd[1]: Listening on initctl Compatibility Named Pipe.
[    4.191143] systemd[1]: Listening on Syslog Socket.
[    4.202911] systemd[1]: Reached target Swap.
[    4.214694] systemd[1]: Set up automount Arbitrary Executable File Formats File System Automount Point.
[    4.234347] systemd[1]: Listening on udev Kernel Socket.
[    8.306194] Kernel panic - not syncing: stack-protector: Kernel stack is corrupted in: __schedule+0x9ac/0x9ac
[    8.318262] CPU: 2 PID: 348 Comm: sed Not tainted 4.19.118-v7+ #1311
[    8.325659] Hardware name: BCM2835
[    8.330067] [<801120c8>] (unwind_backtrace) from [<8010d5fc>] (show_stack+0x20/0x24)
[    8.339889] [<8010d5fc>] (show_stack) from [<80856da8>] (dump_stack+0xe0/0x124)
[    8.348314] [<80856da8>] (dump_stack) from [<80120ee8>] (panic+0x104/0x288)
[    8.356384] [<80120ee8>] (panic) from [<801209e8>] (print_tainted+0x0/0xa8)
[    8.364459] CPU1: stopping
[    8.368264] CPU: 1 PID: 0 Comm: swapper/1 Not tainted 4.19.118-v7+ #1311
[    8.376116] Hardware name: BCM2835
[    8.380651] [<801120c8>] (unwind_backtrace) from [<8010d5fc>] (show_stack+0x20/0x24)
[    8.390757] [<8010d5fc>] (show_stack) from [<80856da8>] (dump_stack+0xe0/0x124)
[    8.399326] [<80856da8>] (dump_stack) from [<801104e0>] (handle_IPI+0x388/0x3a8)
[    8.409217] [<801104e0>] (handle_IPI) from [<801021f4>] (bcm2836_arm_irqchip_handle_irq+0xa0/0xa4)
[    8.420785] [<801021f4>] (bcm2836_arm_irqchip_handle_irq) from [<801019bc>] (__irq_svc+0x5c/0x7c)
[    8.432389] Exception stack(0xb9d4df38 to 0xb9d4df80)
[    8.438787] df20:                                                       80109ae4 00000000
[    8.449587] df40: 40000093 40000093 80d04d70 b9d4c000 80d04db8 00000002 80d8fb3e 410fd034
[    8.460369] df60: 00000000 b9d4df94 80d0517c b9d4df88 00000000 80109ae8 40000013 ffffffff
[    8.471168] [<801019bc>] (__irq_svc) from [<80109ae8>] (arch_cpu_idle+0x34/0x4c)
[    8.481272] [<80109ae8>] (arch_cpu_idle) from [<80873e74>] (default_idle_call+0x34/0x48)
[    8.492131] [<80873e74>] (default_idle_call) from [<80152eb8>] (do_idle+0xec/0x16c)
[    8.502565] [<80152eb8>] (do_idle) from [<801531f8>] (cpu_startup_entry+0x28/0x2c)
[    8.512956] [<801531f8>] (cpu_startup_entry) from [<8010fee4>] (secondary_start_kernel+0x134/0x140)
[    8.524877] [<8010fee4>] (secondary_start_kernel) from [<0010270c>] (0x10270c)
[    8.533558] CPU0: stopping
[    8.537673] CPU: 0 PID: 0 Comm: swapper/0 Not tainted 4.19.118-v7+ #1311
[    8.545796] Hardware name: BCM2835
[    8.550597] [<801120c8>] (unwind_backtrace) from [<8010d5fc>] (show_stack+0x20/0x24)
[    8.561238] [<8010d5fc>] (show_stack) from [<80856da8>] (dump_stack+0xe0/0x124)
[    8.570047] [<80856da8>] (dump_stack) from [<801104e0>] (handle_IPI+0x388/0x3a8)
[    8.580320] [<801104e0>] (handle_IPI) from [<801021f4>] (bcm2836_arm_irqchip_handle_irq+0xa0/0xa4)
[    8.592169] [<801021f4>] (bcm2836_arm_irqchip_handle_irq) from [<801019bc>] (__irq_svc+0x5c/0x7c)
[    8.603920] Exception stack(0x80d01ee8 to 0x80d01f30)
[    8.610403] 1ee0:                   80109ae4 00000000 40000093 40000093 80d04d70 80d00000
[    8.621377] 1f00: 80d04db8 00000001 80d8fb3e babff880 80c64a38 80d01f44 80d0517c 80d01f38
[    8.632347] 1f20: 00000000 80109ae8 40000013 ffffffff
[    8.638783] [<801019bc>] (__irq_svc) from [<80109ae8>] (arch_cpu_idle+0x34/0x4c)
[    8.648900] [<80109ae8>] (arch_cpu_idle) from [<80873e74>] (default_idle_call+0x34/0x48)
[    8.659749] [<80873e74>] (default_idle_call) from [<80152eb8>] (do_idle+0xec/0x16c)
[    8.670196] [<80152eb8>] (do_idle) from [<801531f8>] (cpu_startup_entry+0x28/0x2c)
[    8.680577] [<801531f8>] (cpu_startup_entry) from [<8086d524>] (rest_init+0xbc/0xc0)
[    8.691199] [<8086d524>] (rest_init) from [<80c00fb0>] (start_kernel+0x484/0x4b4)
[    8.701552] CPU3: stopping
[    8.705642] CPU: 3 PID: 0 Comm: swapper/3 Not tainted 4.19.118-v7+ #1311
[    8.713743] Hardware name: BCM2835
[    8.718522] [<801120c8>] (unwind_backtrace) from [<8010d5fc>] (show_stack+0x20/0x24)
[    8.729049] [<8010d5fc>] (show_stack) from [<80856da8>] (dump_stack+0xe0/0x124)
[    8.737792] [<80856da8>] (dump_stack) from [<801104e0>] (handle_IPI+0x388/0x3a8)
[    8.747948] [<801104e0>] (handle_IPI) from [<801021f4>] (bcm2836_arm_irqchip_handle_irq+0xa0/0xa4)
[    8.759719] [<801021f4>] (bcm2836_arm_irqchip_handle_irq) from [<801019bc>] (__irq_svc+0x5c/0x7c)
[    8.771387] Exception stack(0xb9d51f38 to 0xb9d51f80)
[    8.777827] 1f20:                                                       80109ae4 00000000
[    8.788662] 1f40: 40000093 40000093 80d04d70 b9d50000 80d04db8 00000008 80d8fb3e 410fd034
[    8.799457] 1f60: 00000000 b9d51f94 80d0517c b9d51f88 00000000 80109ae8 40000013 ffffffff
[    8.810252] [<801019bc>] (__irq_svc) from [<80109ae8>] (arch_cpu_idle+0x34/0x4c)
[    8.820291] [<80109ae8>] (arch_cpu_idle) from [<80873e74>] (default_idle_call+0x34/0x48)
[    8.831139] [<80873e74>] (default_idle_call) from [<80152eb8>] (do_idle+0xec/0x16c)
[    8.841578] [<80152eb8>] (do_idle) from [<801531f8>] (cpu_startup_entry+0x28/0x2c)
[    8.851945] [<801531f8>] (cpu_startup_entry) from [<8010fee4>] (secondary_start_kernel+0x134/0x140)
[    8.863851] [<8010fee4>] (secondary_start_kernel) from [<0010270c>] (0x10270c)
[    8.872537] ---[ end Kernel panic - not syncing: stack-protector: Kernel stack is corrupted in: __schedule+0x9ac/0x9ac ]---
