[    0.000000] Booting Linux on physical CPU 0x0
[    0.000000] Linux version 4.19.118-v7+ (dom@buildbot) (gcc version 4.9.3 (crosstool-NG crosstool-ng-1.22.0-88-g8460611)) #1311 SMP Mon Apr 27 14:21:24 BST 2020
[    0.000000] CPU: ARMv7 Processor [410fd034] revision 4 (ARMv7), cr=10c5383d
[    0.000000] CPU: div instructions available: patching division code
[    0.000000] CPU: PIPT / VIPT nonaliasing data cache, VIPT aliasing instruction cache
[    0.000000] OF: fdt: Machine model: Raspberry Pi 3 Model B Plus Rev 1.3
[    0.000000] Memory policy: Data cache writealloc
[    0.000000] cma: Reserved 8 MiB at 0x3ac00000
[    0.000000] random: get_random_bytes called from start_kernel+0xac/0x4b4 with crng_init=0
[    0.000000] percpu: Embedded 16 pages/cpu s36864 r8192 d20480 u65536
[    0.000000] Built 1 zonelists, mobility grouping on.  Total pages: 240555
[    0.000000] Kernel command line: coherent_pool=1M 8250.nr_uarts=1 snd_bcm2835.enable_compat_alsa=0 snd_bcm2835.enable_hdmi=1 snd_bcm2835.enable_headphones=1 bcm2708_fb.fbwidth=
656 bcm2708_fb.fbheight=416 bcm2708_fb.fbswap=1 vc_mem.mem_base=0x3ec00000 vc_mem.mem_size=0x40000000  dwc_otg.lpm_enable=0 console=ttyAMA0,115200 console=tty1 root=PARTUUID=4c999
877-02 rootfstype=ext4 elevator=deadline fsck.repair=yes rootwait
[    0.000000] Dentry cache hash table entries: 131072 (order: 7, 524288 bytes)
[    0.000000] Inode-cache hash table entries: 65536 (order: 6, 262144 bytes)
[    0.000000] Memory: 939064K/970752K available (8192K kernel code, 656K rwdata, 2232K rodata, 1024K init, 831K bss, 23496K reserved, 8192K cma-reserved)
[    0.000000] Virtual kernel memory layout:
[    0.000000]     vector  : 0xffff0000 - 0xffff1000   (   4 kB)
[    0.000000]     fixmap  : 0xffc00000 - 0xfff00000   (3072 kB)
[    0.000000]     vmalloc : 0xbb800000 - 0xff800000   (1088 MB)
[    0.000000]     lowmem  : 0x80000000 - 0xbb400000   ( 948 MB)
[    0.000000]     modules : 0x7f000000 - 0x80000000   (  16 MB)
[    0.000000]       .text : 0x(ptrval) - 0x(ptrval)   (9184 kB)
[    0.000000]       .init : 0x(ptrval) - 0x(ptrval)   (1024 kB)
[    0.000000]       .data : 0x(ptrval) - 0x(ptrval)   ( 657 kB)
[    0.000000]        .bss : 0x(ptrval) - 0x(ptrval)   ( 832 kB)
[    0.000000] SLUB: HWalign=64, Order=0-3, MinObjects=0, CPUs=4, Nodes=1
[    0.000000] ftrace: allocating 27093 entries in 80 pages
[    0.000000] rcu: Hierarchical RCU implementation.
[    0.000000] NR_IRQS: 16, nr_irqs: 16, preallocated irqs: 16
[    0.000000] arch_timer: cp15 timer(s) running at 19.20MHz (phys).
[    0.000000] clocksource: arch_sys_counter: mask: 0xffffffffffffff max_cycles: 0x46d987e47, max_idle_ns: 440795202767 ns
[    0.000007] sched_clock: 56 bits at 19MHz, resolution 52ns, wraps every 4398046511078ns
[    0.000023] Switching to timer-based delay loop, resolution 52ns
[    0.000278] Console: colour dummy device 80x30
[    0.000913] console [tty1] enabled
[    0.000972] Calibrating delay loop (skipped), value calculated using timer frequency.. 38.40 BogoMIPS (lpj=192000)
[    0.001016] pid_max: default: 32768 minimum: 301
[    0.001382] Mount-cache hash table entries: 2048 (order: 1, 8192 bytes)
[    0.001419] Mountpoint-cache hash table entries: 2048 (order: 1, 8192 bytes)
[    0.002372] CPU: Testing write buffer coherency: ok
[    0.002854] CPU0: thread -1, cpu 0, socket 0, mpidr 80000000
[    0.003537] Setting up static identity map for 0x100000 - 0x10003c
[    0.003708] rcu: Hierarchical SRCU implementation.
[    0.004535] smp: Bringing up secondary CPUs ...
[    0.005447] CPU1: thread -1, cpu 1, socket 0, mpidr 80000001
[    0.006421] CPU2: thread -1, cpu 2, socket 0, mpidr 80000002
[    0.007335] CPU3: thread -1, cpu 3, socket 0, mpidr 80000003
[    0.007449] smp: Brought up 1 node, 4 CPUs
[    0.007530] SMP: Total of 4 processors activated (153.60 BogoMIPS).
[    0.007554] CPU: All CPU(s) started in HYP mode.
[    0.007574] CPU: Virtualization extensions available.
[    0.008570] devtmpfs: initialized
[    0.022041] VFP support v0.3: implementor 41 architecture 3 part 40 variant 3 rev 4
[    0.022313] clocksource: jiffies: mask: 0xffffffff max_cycles: 0xffffffff, max_idle_ns: 19112604462750000 ns
[    0.022364] futex hash table entries: 1024 (order: 4, 65536 bytes)
[    0.022972] pinctrl core: initialized pinctrl subsystem
[    0.023839] NET: Registered protocol family 16
[    0.027044] DMA: preallocated 1024 KiB pool for atomic coherent allocations
[    0.032959] hw-breakpoint: found 5 (+1 reserved) breakpoint and 4 watchpoint registers.
[    0.032995] hw-breakpoint: maximum watchpoint size is 8 bytes.
[    0.033214] Serial: AMBA PL011 UART driver
[    0.035570] bcm2835-mbox 3f00b880.mailbox: mailbox enabled
[    0.050031] raspberrypi-firmware soc:firmware: Attached to firmware from 2020-04-15 11:43, variant start
[    0.060044] raspberrypi-firmware soc:firmware: Firmware hash is 82f9bb929ce2186eb1824178c1ae82902ad6275c
[    0.103084] bcm2835-dma 3f007000.dma: DMA legacy API manager at (ptrval), dmachans=0x1
[    0.104736] SCSI subsystem initialized
[    0.104981] usbcore: registered new interface driver usbfs
[    0.105062] usbcore: registered new interface driver hub
[    0.105176] usbcore: registered new device driver usb
[    0.106898] clocksource: Switched to clocksource arch_sys_counter
[    0.197464] VFS: Disk quotas dquot_6.6.0
[    0.197573] VFS: Dquot-cache hash table entries: 1024 (order 0, 4096 bytes)
[    0.197744] FS-Cache: Loaded
[    0.197972] CacheFiles: Loaded
[    0.207955] NET: Registered protocol family 2
[    0.208822] tcp_listen_portaddr_hash hash table entries: 512 (order: 0, 6144 bytes)
[    0.208887] TCP established hash table entries: 8192 (order: 3, 32768 bytes)
[    0.209017] TCP bind hash table entries: 8192 (order: 4, 65536 bytes)
[    0.209221] TCP: Hash tables configured (established 8192 bind 8192)
[    0.209384] UDP hash table entries: 512 (order: 2, 16384 bytes)
[    0.209454] UDP-Lite hash table entries: 512 (order: 2, 16384 bytes)
[    0.209714] NET: Registered protocol family 1
[    0.210300] RPC: Registered named UNIX socket transport module.
[    0.210327] RPC: Registered udp transport module.
[    0.210349] RPC: Registered tcp transport module.
[    0.210370] RPC: Registered tcp NFSv4.1 backchannel transport module.
[    0.212218] hw perfevents: enabled with armv7_cortex_a7 PMU driver, 7 counters available
[    0.215323] Initialise system trusted keyrings
[    0.215529] workingset: timestamp_bits=14 max_order=18 bucket_order=4
[    0.225499] FS-Cache: Netfs 'nfs' registered for caching
[    0.226078] NFS: Registering the id_resolver key type
[    0.226124] Key type id_resolver registered
[    0.226146] Key type id_legacy registered
[    0.226177] nfs4filelayout_init: NFSv4 File Layout Driver Registering...
[    0.231623] Key type asymmetric registered
[    0.231659] Asymmetric key parser 'x509' registered
[    0.231732] Block layer SCSI generic (bsg) driver version 0.4 loaded (major 250)
[    0.231926] io scheduler noop registered
[    0.231951] io scheduler deadline registered (default)
[    0.232170] io scheduler cfq registered
[    0.232194] io scheduler mq-deadline registered (default)
[    0.232218] io scheduler kyber registered
[    0.234448] bcm2708_fb soc:fb: FB found 1 display(s)
[    0.243797] Console: switching to colour frame buffer device 82x26
[    0.250644] bcm2708_fb soc:fb: Registered framebuffer for display 0, size 656x416
[    0.256281] Serial: 8250/16550 driver, 1 ports, IRQ sharing enabled
[    0.260119] bcm2835-rng 3f104000.rng: hwrng registered
[    0.262804] vc-mem: phys_addr:0x00000000 mem_base=0x3ec00000 mem_size:0x40000000(1024 MiB)
[    0.268211] vc-sm: Videocore shared memory driver
[    0.271019] gpiomem-bcm2835 3f200000.gpiomem: Initialised: Registers at 0x3f200000
[    0.286965] brd: module loaded
[    0.299640] loop: module loaded
[    0.302747] Loading iSCSI transport class v2.0-870.
[    0.305921] libphy: Fixed MDIO Bus: probed
[    0.308471] usbcore: registered new interface driver lan78xx
[    0.310992] usbcore: registered new interface driver smsc95xx
[    0.313431] dwc_otg: version 3.00a 10-AUG-2012 (platform bus)
[    0.343747] dwc_otg 3f980000.usb: base=(ptrval)
[    0.546455] Core Release: 2.80a
[    0.548937] Setting default values for core params
[    0.551440] Finished setting default values for core params
[    0.754224] Using Buffer DMA mode
[    0.756628] Periodic Transfer Interrupt Enhancement - disabled
[    0.759058] Multiprocessor Interrupt Enhancement - disabled
[    0.761442] OTG VER PARAM: 0, OTG VER FLAG: 0
[    0.763787] Dedicated Tx FIFOs mode
[    0.766480] WARN::dwc_otg_hcd_init:1074: FIQ DMA bounce buffers: virt = bad14000 dma = 0xfad14000 len=9024
[    0.771081] FIQ FSM acceleration enabled for :
[    0.771081] Non-periodic Split Transactions
[    0.771081] Periodic Split Transactions
[    0.771081] High-Speed Isochronous Endpoints
[    0.771081] Interrupt/Control Split Transaction hack enabled
[    0.782034] WARN::hcd_init_fiq:457: FIQ on core 1
[    0.784258] WARN::hcd_init_fiq:458: FIQ ASM at 8068fda0 length 36
[    0.786469] WARN::hcd_init_fiq:497: MPHI regs_base at bb810000
[    0.788726] dwc_otg 3f980000.usb: DWC OTG Controller
[    0.790985] dwc_otg 3f980000.usb: new USB bus registered, assigned bus number 1
[    0.793305] dwc_otg 3f980000.usb: irq 56, io mem 0x00000000
[    0.795605] Init: Port Power? op_state=1
[    0.797856] Init: Power Port (0)
[    0.800272] usb usb1: New USB device found, idVendor=1d6b, idProduct=0002, bcdDevice= 4.19
[    0.804769] usb usb1: New USB device strings: Mfr=3, Product=2, SerialNumber=1
[    0.807201] usb usb1: Product: DWC OTG Controller
[    0.809567] usb usb1: Manufacturer: Linux 4.19.118-v7+ dwc_otg_hcd
[    0.811988] usb usb1: SerialNumber: 3f980000.usb
[    0.814943] hub 1-0:1.0: USB hub found
[    0.817248] hub 1-0:1.0: 1 port detected
[    0.820287] usbcore: registered new interface driver usb-storage
[    0.822747] mousedev: PS/2 mouse device common for all mice
[    0.825878] bcm2835-wdt bcm2835-wdt: Broadcom BCM2835 watchdog timer
[    0.828531] bcm2835-cpufreq: min=600000 max=1400000
[    0.831346] sdhci: Secure Digital Host Controller Interface driver
[    0.833758] sdhci: Copyright(c) Pierre Ossman
[    0.836563] sdhost-bcm2835 3f202000.mmc: could not get clk, deferring probe
[    0.839249] sdhci-pltfm: SDHCI platform and OF driver helper
[    0.843297] ledtrig-cpu: registered to indicate activity on CPUs
[    0.845987] hidraw: raw HID events driver (C) Jiri Kosina
[    0.848754] usbcore: registered new interface driver usbhid
[    0.851300] usbhid: USB HID core driver
[    0.854614] vchiq: vchiq_init_state: slot_zero = (ptrval), is_master = 0
[    0.858771] [vc_sm_connected_init]: start
[    0.867491] [vc_sm_connected_init]: end - returning 0
[    0.871024] Initializing XFRM netlink socket
[    0.873409] NET: Registered protocol family 17
[    0.875855] Key type dns_resolver registered
[    0.878853] Registering SWP/SWPB emulation handler
[    0.881857] registered taskstats version 1
[    0.884228] Loading compiled-in X.509 certificates
[    0.893247] uart-pl011 3f201000.serial: cts_event_workaround enabled
[    0.895745] 3f201000.serial: ttyAMA0 at MMIO 0x3f201000 (irq = 81, base_baud = 0) is a PL011 rev2
[    1.899449] console [ttyAMA0] enabled
[    1.907603] sdhost: log_buf @ (ptrval) (fad13000)
[    1.963060] mmc0: sdhost-bcm2835 loaded - DMA enabled (>1)
[    1.972225] of_cfs_init
[    1.977119] of_cfs_init: OK
[    1.982686] Waiting for root device PARTUUID=4c999877-02...
[    2.017020] Indeed it is in host mode hprt0 = 00021501
[    2.112069] random: fast init done
[    2.122727] mmc0: host does not support reading read-only switch, assuming write-enable
[    2.141949] mmc0: new high speed SDHC card at address aaaa
[    2.150971] mmcblk0: mmc0:aaaa SL16G 14.8 GiB
[    2.164233]  mmcblk0: p1 p2
[    2.210923] EXT4-fs (mmcblk0p2): mounted filesystem with ordered data mode. Opts: (null)
[    2.224014] VFS: Mounted root (ext4 filesystem) readonly on device 179:2.
[    2.226941] usb 1-1: new high-speed USB device number 2 using dwc_otg
[    2.242756] Indeed it is in host mode hprt0 = 00001101
[    2.244792] devtmpfs: mounted
[    2.312356] Freeing unused kernel memory: 1024K
[    2.319818] Run /sbin/init as init process
[    2.487236] usb 1-1: New USB device found, idVendor=0424, idProduct=2514, bcdDevice= b.b3
[    2.500609] usb 1-1: New USB device strings: Mfr=0, Product=0, SerialNumber=0
[    2.511147] hub 1-1:1.0: USB hub found
[    2.517765] hub 1-1:1.0: 4 ports detected
[    2.836951] usb 1-1.1: new high-speed USB device number 3 using dwc_otg
[    2.962653] systemd[1]: System time before build time, advancing clock.
[    2.967266] usb 1-1.1: New USB device found, idVendor=0424, idProduct=2514, bcdDevice= b.b3
[    2.985944] usb 1-1.1: New USB device strings: Mfr=0, Product=0, SerialNumber=0
[    2.996676] hub 1-1.1:1.0: USB hub found
[    3.003539] hub 1-1.1:1.0: 3 ports detected
[    3.059428] systemd[1]: systemd 241 running in system mode. (+PAM +AUDIT +SELINUX +IMA +APPARMOR +SMACK +SYSVINIT +UTMP +LIBCRYPTSETUP +GCRYPT +GNUTLS +ACL +XZ +LZ4 +SECCOMP +B
LKID +ELFUTILS +KMOD -IDN2 +IDN -PCRE2 default-hierarchy=hybrid)
[    3.090350] systemd[1]: Detected architecture arm.
[    3.119368] systemd[1]: Set hostname to <raspberrypi>.
[    3.276088] uart-pl011 3f201000.serial: no DMA platform data
[    3.666958] usb 1-1.1.1: new high-speed USB device number 4 using dwc_otg
[    3.797404] usb 1-1.1.1: New USB device found, idVendor=0424, idProduct=7800, bcdDevice= 3.00
[    3.811471] usb 1-1.1.1: New USB device strings: Mfr=0, Product=0, SerialNumber=0
[    4.090388] random: systemd: uninitialized urandom read (16 bytes read)
[    4.090975] lan78xx 1-1.1.1:1.0 (unnamed net_device) (uninitialized): No External EEPROM. Setting MAC Speed
[    4.111480] random: systemd: uninitialized urandom read (16 bytes read)
[    4.127213] libphy: lan78xx-mdiobus: probed
[    4.137854] systemd[1]: Created slice system-systemd\x2dfsck.slice.
[    4.151415] random: systemd: uninitialized urandom read (16 bytes read)
[    4.161808] systemd[1]: Listening on initctl Compatibility Named Pipe.
[    4.161915] lan78xx 1-1.1.1:1.0 (unnamed net_device) (uninitialized): int urb period 64
[    4.189035] systemd[1]: Reached target Swap.

[   94.367070] Unable to handle kernel paging request at virtual address 396e0000
[   94.375155] pgd = e280f020
[   94.378604] [396e0000] *pgd=00000000
[   94.382937] Internal error: Oops: 5 [#1] SMP ARM
[   94.388337] Modules linked in:
[   94.392153] CPU: 2 PID: 464 Comm: test Not tainted 4.19.118-v7+ #1311
[   94.399422] Hardware name: BCM2835
[   94.403695] PC is at cpuacct_account_field+0x48/0x68
[   94.409495] LR is at 0x396e0000
[   94.413448] pc : [<801757f8>]    lr : [<396e0000>]    psr: 80000193
[   94.420576] sp : b50d9dc8  ip : b50d9dc8  fp : b50d9de4
[   94.426683] r10: 801ad2f4  r9 : 00000000  r8 : 00989680
[   94.432792] r7 : 00000000  r6 : 00989680  r5 : b7e31e00  r4 : 00000000
[   94.440240] r3 : 396e0000  r2 : 80d0fa78  r1 : 00000000  r0 : 80910848
[   94.447704] Flags: Nzcv  IRQs off  FIQs on  Mode SVC_32  ISA ARM  Segment user
[   94.455903] Control: 10c5383d  Table: 3520806a  DAC: 00000055
[   94.462647] Process test (pid: 464, stack limit = 0x800bd630)
[   94.469395] Stack: (0xb50d9dc8 to 0xb50da000)
[   94.474753] 9dc0:                   00000000 b7e31e00 eebfef00 00000011 b50d9e0c b50d9de8
[   94.485019] 9de0: 801521a0 801757bc b7e31e00 00000001 f84b696c 00000015 ba372540 ba3725f0
[   94.495313] 9e00: b50d9e1c b50d9e10 801527bc 801520f0 b50d9e34 b50d9e20 8019a8d0 80152728
[   94.505746] 9e20: ba372840 b50d9fb0 b50d9e44 b50d9e38 801ad0dc 8019a8a8 b50d9e6c b50d9e48
[   94.516297] 9e40: 801ad350 801ad084 b50d9e6c b50d9e58 ba372840 ba372580 ba372540 b50d8000
[   94.526925] 9e60: b50d9ec4 b50d9e70 8019b464 801ad300 8019fdd4 80d04d48 f84b5ccf 00000015
[   94.537678] 9e80: 00000002 80d04d70 f84b5ccf 00000015 daf7f9ee 01c22cd2 20000193 20000193
[   94.548519] 9ea0: 00000003 7fffffff ffffffff ba372540 ba3725f0 ba3725c8 b50d9f24 b50d9ec8
[   94.559496] 9ec0: 8019c084 8019b30c 20000193 0000000f f84b5ccf 00000015 80c95ccc ba372670
[   94.570531] 9ee0: ba372690 ba372618 ba3726c0 ba37254c f84b5ccf 00000015 b7e31e00 b9c02dc0
[   94.581630] 9f00: 00000000 b9cc0d00 80d5d66c 000000a2 00000000 76fac000 b50d9f34 b50d9f28
[   94.592796] 9f20: 806e798c 8019bf60 b50d9f5c b50d9f38 80185b8c 806e7958 80c94fa8 00000000
[   94.603978] 9f40: 00000000 00000001 b9c33000 00000000 b50d9f6c b50d9f60 8017fc6c 80185b10
[   94.615146] 9f60: b50d9f94 b50d9f70 801803bc 8017fc44 b50d9fb0 00000002 60000010 ffffffff
[   94.626326] 9f80: 10c5383d 10c5387d b50d9fac b50d9f98 801021b4 8018035c cb2f6852 00010b7c
[   94.637503] 9fa0: 00000000 b50d9fb0 80101d0c 80102160 cb2f6852 07542fc3 cb2f6852 07542fc3
[   94.648672] 9fc0: 00000000 00011068 00010638 00000000 00000000 00000000 76fac000 7ec29cac
[   94.659850] 9fe0: 00000000 7ec29ca8 00000000 00010b7c 60000010 ffffffff 00000000 00000000
[   94.671040] [<801757f8>] (cpuacct_account_field) from [<801521a0>] (account_user_time+0xbc/0xec)
[   94.682833] [<801521a0>] (account_user_time) from [<801527bc>] (account_process_tick+0xa0/0xa4)
[   94.694550] [<801527bc>] (account_process_tick) from [<8019a8d0>] (update_process_times+0x34/0x6c)
[   94.706545] [<8019a8d0>] (update_process_times) from [<801ad0dc>] (tick_sched_handle+0x64/0x70)
[   94.718284] [<801ad0dc>] (tick_sched_handle) from [<801ad350>] (tick_sched_timer+0x5c/0xb8)
[   94.729670] [<801ad350>] (tick_sched_timer) from [<8019b464>] (__hrtimer_run_queues+0x164/0x320)
[   94.741513] [<8019b464>] (__hrtimer_run_queues) from [<8019c084>] (hrtimer_interrupt+0x130/0x2a4)
[   94.753453] [<8019c084>] (hrtimer_interrupt) from [<806e798c>] (arch_timer_handler_phys+0x40/0x48)
[   94.765474] [<806e798c>] (arch_timer_handler_phys) from [<80185b8c>] (handle_percpu_devid_irq+0x88/0x23c)
[   94.778132] [<80185b8c>] (handle_percpu_devid_irq) from [<8017fc6c>] (generic_handle_irq+0x34/0x44)
[   94.790268] [<8017fc6c>] (generic_handle_irq) from [<801803bc>] (__handle_domain_irq+0x6c/0xc4)
[   94.802060] [<801803bc>] (__handle_domain_irq) from [<801021b4>] (bcm2836_arm_irqchip_handle_irq+0x60/0xa4)
[   94.814884] [<801021b4>] (bcm2836_arm_irqchip_handle_irq) from [<80101d0c>] (__irq_usr+0x4c/0x60)
[   94.826844] Exception stack(0xb50d9fb0 to 0xb50d9ff8)
[   94.833421] 9fa0:                                     cb2f6852 07542fc3 cb2f6852 07542fc3
[   94.844580] 9fc0: 00000000 00011068 00010638 00000000 00000000 00000000 76fac000 7ec29cac
[   94.855701] 9fe0: 00000000 7ec29ca8 00000000 00010b7c 60000010 ffffffff
[   94.863801] Code: 0a000009 e590308c ee1def90 e08e3003 (e18340d1)
[   94.871355] ---[ end trace 1390ab6cd4a747cc ]---
[   94.877382] Kernel panic - not syncing: Fatal exception in interrupt
[   94.885158] CPU1: stopping
[   94.889237] CPU: 1 PID: 470 Comm: test Tainted: G      D           4.19.118-v7+ #1311
[   94.899763] Hardware name: BCM2835
[   94.904467] [<801120c8>] (unwind_backtrace) from [<8010d5fc>] (show_stack+0x20/0x24)
[   94.914797] [<8010d5fc>] (show_stack) from [<80856da8>] (dump_stack+0xe0/0x124)
[   94.923439] [<80856da8>] (dump_stack) from [<801104e0>] (handle_IPI+0x388/0x3a8)
[   94.933358] [<801104e0>] (handle_IPI) from [<801021f4>] (bcm2836_arm_irqchip_handle_irq+0xa0/0xa4)
[   94.944847] [<801021f4>] (bcm2836_arm_irqchip_handle_irq) from [<80101d0c>] (__irq_usr+0x4c/0x60)
[   94.956299] Exception stack(0xb64b1fb0 to 0xb64b1ff8)
[   94.962657] 1fa0:                                     20b977fa 00022090 cb2f6852 07542fc3
[   94.973396] 1fc0: 00000000 00011068 00010638 00000000 00000000 00000000 76f95000 7ee7fcac
[   94.984136] 1fe0: 00000000 7ee7fca8 00000000 00010b68 60000010 ffffffff
[   94.992080] CPU0: stopping
[   94.996078] CPU: 0 PID: 466 Comm: test Tainted: G      D           4.19.118-v7+ #1311
[   95.006502] Hardware name: BCM2835
[   95.011178] [<801120c8>] (unwind_backtrace) from [<8010d5fc>] (show_stack+0x20/0x24)
[   95.021551] [<8010d5fc>] (show_stack) from [<80856da8>] (dump_stack+0xe0/0x124)
[   95.030208] [<80856da8>] (dump_stack) from [<801104e0>] (handle_IPI+0x388/0x3a8)
[   95.040203] [<801104e0>] (handle_IPI) from [<801021f4>] (bcm2836_arm_irqchip_handle_irq+0xa0/0xa4)
[   95.051809] [<801021f4>] (bcm2836_arm_irqchip_handle_irq) from [<80101d0c>] (__irq_usr+0x4c/0x60)
[   95.063316] Exception stack(0xb737ffb0 to 0xb737fff8)
[   95.069674] ffa0:                                     20b977fa 00000000 cb2f6852 07542fc3
[   95.080434] ffc0: 00000000 00011068 00010638 00000000 00000000 00000000 76fd7000 7efe9cac
[   95.091249] ffe0: 00000000 7efe9ca8 00000000 00010b5c 60000010 ffffffff
[   95.099199] CPU3: stopping
[   95.103195] CPU: 3 PID: 468 Comm: test Tainted: G      D           4.19.118-v7+ #1311
[   95.113606] Hardware name: BCM2835
[   95.118284] [<801120c8>] (unwind_backtrace) from [<8010d5fc>] (show_stack+0x20/0x24)
[   95.128650] [<8010d5fc>] (show_stack) from [<80856da8>] (dump_stack+0xe0/0x124)
[   95.137315] [<80856da8>] (dump_stack) from [<801104e0>] (handle_IPI+0x388/0x3a8)
[   95.147296] [<801104e0>] (handle_IPI) from [<801021f4>] (bcm2836_arm_irqchip_handle_irq+0xa0/0xa4)
[   95.158903] [<801021f4>] (bcm2836_arm_irqchip_handle_irq) from [<80101d0c>] (__irq_usr+0x4c/0x60)
[   95.170423] Exception stack(0xb67f9fb0 to 0xb67f9ff8)
[   95.176770] 9fa0:                                     3955329d 00022090 cb2f6852 00022090
[   95.187545] 9fc0: 00000000 00011068 00010638 00000000 00000000 00000000 76fb4000 7e96acac
[   95.198346] 9fe0: 00000000 7e96aca8 00000000 00010b24 60000010 ffffffff
[   95.206301] ---[ end Kernel panic - not syncing: Fatal exception in interrupt ]---
