[    0.000000] Booting Linux on physical CPU 0x0
[    0.000000] Linux version 4.19.118-v7+ (dom@buildbot) (gcc version 4.9.3 (crosstool-NG crosstool-ng-1.22.0-88-g8460611)) #1311 SMP Mon Apr 27 14:21:24 BST 2020
[    0.000000] CPU: ARMv7 Processor [410fd034] revision 4 (ARMv7), cr=10c5383d
[    0.000000] CPU: div instructions available: patching division code
[    0.000000] CPU: PIPT / VIPT nonaliasing data cache, VIPT aliasing instruction cache
[    0.000000] OF: fdt: Machine model: Raspberry Pi 3 Model B Plus Rev 1.3
[    0.000000] Memory policy: Data cache writealloc
[    0.000000] cma: Reserved 256 MiB at 0x1ec00000
[    0.000000] random: get_random_bytes called from start_kernel+0xac/0x4b4 with crng_init=0
[    0.000000] percpu: Embedded 16 pages/cpu s36864 r8192 d20480 u65536
[    0.000000] Built 1 zonelists, mobility grouping on.  Total pages: 240555
[    0.000000] Kernel command line: coherent_pool=1M 8250.nr_uarts=1 snd_bcm2835.enable_compat_alsa=0 snd_bcm2835.enable_hdmi=1 snd_bcm2835.enable_headphones=1 cma=256M video=Comp
osite-1:720x480@60,margin_left=32,margin_right=32,margin_top=32,margin_bottom=32 vc_mem.mem_base=0x3ec00000 vc_mem.mem_size=0x40000000  dwc_otg.lpm_enable=0 console=ttyAMA0,115200
 console=tty1 root=PARTUUID=4c999877-02 rootfstype=ext4 elevator=deadline fsck.repair=yes rootwait
[    0.000000] Dentry cache hash table entries: 131072 (order: 7, 524288 bytes)
[    0.000000] Inode-cache hash table entries: 65536 (order: 6, 262144 bytes)
[    0.000000] Memory: 684616K/970752K available (8192K kernel code, 656K rwdata, 2232K rodata, 1024K init, 831K bss, 23992K reserved, 262144K cma-reserved)
[    0.000000] Virtual kernel memory layout:
[    0.000000]     vector  : 0xffff0000 - 0xffff1000   (   4 kB)
[    0.000000]     fixmap  : 0xffc00000 - 0xfff00000   (3072 kB)
[    0.000000]     vmalloc : 0xbb800000 - 0xff800000   (1088 MB)
[    0.000000]     lowmem  : 0x80000000 - 0xbb400000   ( 948 MB)
[    0.000000]     modules : 0x7f000000 - 0x80000000   (  16 MB)
[    0.000000]       .text : 0x(ptrval) - 0x(ptrval)   (9184 kB)
[    0.000000]       .init : 0x(ptrval) - 0x(ptrval)   (1024 kB)
[    0.000000]       .data : 0x(ptrval) - 0x(ptrval)   ( 657 kB)
[    0.000000]        .bss : 0x(ptrval) - 0x(ptrval)   ( 832 kB)
[    0.000000] SLUB: HWalign=64, Order=0-3, MinObjects=0, CPUs=4, Nodes=1
[    0.000000] ftrace: allocating 27093 entries in 80 pages
[    0.000000] rcu: Hierarchical RCU implementation.
[    0.000000] NR_IRQS: 16, nr_irqs: 16, preallocated irqs: 16
[    0.000000] arch_timer: cp15 timer(s) running at 19.20MHz (phys).
[    0.000000] clocksource: arch_sys_counter: mask: 0xffffffffffffff max_cycles: 0x46d987e47, max_idle_ns: 440795202767 ns
[    0.000007] sched_clock: 56 bits at 19MHz, resolution 52ns, wraps every 4398046511078ns
[    0.000022] Switching to timer-based delay loop, resolution 52ns
[    0.000273] Console: colour dummy device 80x30
[    0.000914] console [tty1] enabled
[    0.000975] Calibrating delay loop (skipped), value calculated using timer frequency.. 38.40 BogoMIPS (lpj=192000)
[    0.001019] pid_max: default: 32768 minimum: 301
[    0.001379] Mount-cache hash table entries: 2048 (order: 1, 8192 bytes)
[    0.001415] Mountpoint-cache hash table entries: 2048 (order: 1, 8192 bytes)
[    0.002373] CPU: Testing write buffer coherency: ok
[    0.002863] CPU0: thread -1, cpu 0, socket 0, mpidr 80000000
[    0.003545] Setting up static identity map for 0x100000 - 0x10003c
[    0.003717] rcu: Hierarchical SRCU implementation.
[    0.004552] smp: Bringing up secondary CPUs ...
[    0.005482] CPU1: thread -1, cpu 1, socket 0, mpidr 80000001
[    0.006463] CPU2: thread -1, cpu 2, socket 0, mpidr 80000002
[    0.007394] CPU3: thread -1, cpu 3, socket 0, mpidr 80000003
[    0.007509] smp: Brought up 1 node, 4 CPUs
[    0.007591] SMP: Total of 4 processors activated (153.60 BogoMIPS).
[    0.007615] CPU: All CPU(s) started in HYP mode.
[    0.007635] CPU: Virtualization extensions available.
[    0.008633] devtmpfs: initialized
[    0.022212] VFP support v0.3: implementor 41 architecture 3 part 40 variant 3 rev 4
[    0.022485] clocksource: jiffies: mask: 0xffffffff max_cycles: 0xffffffff, max_idle_ns: 19112604462750000 ns
[    0.022534] futex hash table entries: 1024 (order: 4, 65536 bytes)
[    0.033381] pinctrl core: initialized pinctrl subsystem
[    0.034385] NET: Registered protocol family 16
[    0.037685] DMA: preallocated 1024 KiB pool for atomic coherent allocations
[    0.043653] hw-breakpoint: found 5 (+1 reserved) breakpoint and 4 watchpoint registers.
[    0.043689] hw-breakpoint: maximum watchpoint size is 8 bytes.
[    0.043910] Serial: AMBA PL011 UART driver
[    0.046384] bcm2835-mbox 3f00b880.mailbox: mailbox enabled
[    0.060087] raspberrypi-firmware soc:firmware: Attached to firmware from 2020-04-15 11:43, variant start
[    0.070100] raspberrypi-firmware soc:firmware: Firmware hash is 82f9bb929ce2186eb1824178c1ae82902ad6275c
[    0.112925] bcm2835-dma 3f007000.dma: DMA legacy API manager at (ptrval), dmachans=0x1
[    0.114581] SCSI subsystem initialized
[    0.114826] usbcore: registered new interface driver usbfs
[    0.114901] usbcore: registered new interface driver hub
[    0.115014] usbcore: registered new device driver usb
[    0.116783] clocksource: Switched to clocksource arch_sys_counter
[    0.207570] VFS: Disk quotas dquot_6.6.0
[    0.207681] VFS: Dquot-cache hash table entries: 1024 (order 0, 4096 bytes)
[    0.207885] FS-Cache: Loaded
[    0.208113] CacheFiles: Loaded
[    0.208613] simple-framebuffer 3eaf0000.framebuffer: framebuffer at 0x3eaf0000, 0x10a800 bytes, mapped to 0x(ptrval)
[    0.208657] simple-framebuffer 3eaf0000.framebuffer: format=a8r8g8b8, mode=656x416x32, linelength=2624
[    0.213623] Console: switching to colour frame buffer device 82x26
[    0.220553] simple-framebuffer 3eaf0000.framebuffer: fb0: simplefb registered!
[    0.233128] NET: Registered protocol family 2
[    0.236743] tcp_listen_portaddr_hash hash table entries: 512 (order: 0, 6144 bytes)
[    0.242239] TCP established hash table entries: 8192 (order: 3, 32768 bytes)
[    0.245137] TCP bind hash table entries: 8192 (order: 4, 65536 bytes)
[    0.248082] TCP: Hash tables configured (established 8192 bind 8192)
[    0.251001] UDP hash table entries: 512 (order: 2, 16384 bytes)
[    0.253834] UDP-Lite hash table entries: 512 (order: 2, 16384 bytes)
[    0.257000] NET: Registered protocol family 1
[    0.260496] RPC: Registered named UNIX socket transport module.
[    0.263438] RPC: Registered udp transport module.
[    0.266301] RPC: Registered tcp transport module.
[    0.269096] RPC: Registered tcp NFSv4.1 backchannel transport module.
[    0.273756] hw perfevents: enabled with armv7_cortex_a7 PMU driver, 7 counters available
[    0.282489] Initialise system trusted keyrings
[    0.285467] workingset: timestamp_bits=14 max_order=18 bucket_order=4
[    0.298226] FS-Cache: Netfs 'nfs' registered for caching
[    0.301525] NFS: Registering the id_resolver key type
[    0.304236] Key type id_resolver registered
[    0.306863] Key type id_legacy registered
[    0.309371] nfs4filelayout_init: NFSv4 File Layout Driver Registering...
[    0.317431] Key type asymmetric registered
[    0.319921] Asymmetric key parser 'x509' registered
[    0.322385] Block layer SCSI generic (bsg) driver version 0.4 loaded (major 250)
[    0.327471] io scheduler noop registered
[    0.329869] io scheduler deadline registered (default)
[    0.332439] io scheduler cfq registered
[    0.334731] io scheduler mq-deadline registered (default)
[    0.337069] io scheduler kyber registered
[    0.342518] Serial: 8250/16550 driver, 1 ports, IRQ sharing enabled
[    0.346397] bcm2835-rng 3f104000.rng: hwrng registered
[    0.349168] vc-mem: phys_addr:0x00000000 mem_base=0x3ec00000 mem_size:0x40000000(1024 MiB)
[    0.354505] vc-sm: Videocore shared memory driver
[    0.357304] gpiomem-bcm2835 3f200000.gpiomem: Initialised: Registers at 0x3f200000
[    0.372929] brd: module loaded
[    0.385559] loop: module loaded
[    0.388643] Loading iSCSI transport class v2.0-870.
[    0.391802] libphy: Fixed MDIO Bus: probed
[    0.394313] usbcore: registered new interface driver lan78xx
[    0.396816] usbcore: registered new interface driver smsc95xx
[    0.399186] dwc_otg: version 3.00a 10-AUG-2012 (platform bus)
[    0.429357] dwc_otg 3f980000.usb: base=(ptrval)
[    0.631819] Core Release: 2.80a
[    0.634030] Setting default values for core params
[    0.636315] Finished setting default values for core params
[    0.838936] Using Buffer DMA mode
[    0.841235] Periodic Transfer Interrupt Enhancement - disabled
[    0.843626] Multiprocessor Interrupt Enhancement - disabled
[    0.846001] OTG VER PARAM: 0, OTG VER FLAG: 0
[    0.848374] Dedicated Tx FIFOs mode
[    0.851279] WARN::dwc_otg_hcd_init:1074: FIQ DMA bounce buffers: virt = 9ed04000 dma = 0xded04000 len=9024
[    0.855846] FIQ FSM acceleration enabled for :
[    0.855846] Non-periodic Split Transactions
[    0.855846] Periodic Split Transactions
[    0.855846] High-Speed Isochronous Endpoints
[    0.855846] Interrupt/Control Split Transaction hack enabled
[    0.866819] WARN::hcd_init_fiq:457: FIQ on core 1
[    0.869047] WARN::hcd_init_fiq:458: FIQ ASM at 8068fda0 length 36
[    0.871258] WARN::hcd_init_fiq:497: MPHI regs_base at bb810000
[    0.873519] dwc_otg 3f980000.usb: DWC OTG Controller
[    0.875786] dwc_otg 3f980000.usb: new USB bus registered, assigned bus number 1
[    0.878142] dwc_otg 3f980000.usb: irq 56, io mem 0x00000000
[    0.880450] Init: Port Power? op_state=1
[    0.882691] Init: Power Port (0)
[    0.885099] usb usb1: New USB device found, idVendor=1d6b, idProduct=0002, bcdDevice= 4.19
[    0.889626] usb usb1: New USB device strings: Mfr=3, Product=2, SerialNumber=1
[    0.892040] usb usb1: Product: DWC OTG Controller
[    0.894406] usb usb1: Manufacturer: Linux 4.19.118-v7+ dwc_otg_hcd
[    0.896851] usb usb1: SerialNumber: 3f980000.usb
[    0.899803] hub 1-0:1.0: USB hub found
[    0.902078] hub 1-0:1.0: 1 port detected
[    0.905190] usbcore: registered new interface driver usb-storage
[    0.907684] mousedev: PS/2 mouse device common for all mice
[    0.910857] bcm2835-wdt bcm2835-wdt: Broadcom BCM2835 watchdog timer
[    0.913518] bcm2835-cpufreq: min=600000 max=1400000
[    0.916361] sdhci: Secure Digital Host Controller Interface driver
[    0.918808] sdhci: Copyright(c) Pierre Ossman
[    0.921649] sdhost-bcm2835 3f202000.mmc: could not get clk, deferring probe
[    0.924332] sdhci-pltfm: SDHCI platform and OF driver helper
[    0.928466] ledtrig-cpu: registered to indicate activity on CPUs
[    0.931181] hidraw: raw HID events driver (C) Jiri Kosina
[    0.933896] usbcore: registered new interface driver usbhid
[    0.936447] usbhid: USB HID core driver
[    0.939795] vchiq: vchiq_init_state: slot_zero = (ptrval), is_master = 0
[    0.943946] [vc_sm_connected_init]: start
[    0.951997] [vc_sm_connected_init]: end - returning 0
[    0.955530] Initializing XFRM netlink socket
[    0.957956] NET: Registered protocol family 17
[    0.960405] Key type dns_resolver registered
[    0.963386] Registering SWP/SWPB emulation handler
[    0.966385] registered taskstats version 1
[    0.968796] Loading compiled-in X.509 certificates
[    0.977901] uart-pl011 3f201000.serial: cts_event_workaround enabled
[    0.980410] 3f201000.serial: ttyAMA0 at MMIO 0x3f201000 (irq = 81, base_baud = 0) is a PL011 rev2
[    2.001971] console [ttyAMA0] enabled
[    2.010136] sdhost: log_buf @ (ptrval) (ded03000)
[    2.065650] mmc0: sdhost-bcm2835 loaded - DMA enabled (>1)
[    2.074812] of_cfs_init
[    2.079727] of_cfs_init: OK
[    2.085292] Waiting for root device PARTUUID=4c999877-02...
[    2.116901] Indeed it is in host mode hprt0 = 00021501
[    2.213323] random: fast init done
[    2.227624] mmc0: host does not support reading read-only switch, assuming write-enable
[    2.246961] mmc0: new high speed SDHC card at address aaaa
[    2.256039] mmcblk0: mmc0:aaaa SL16G 14.8 GiB
[    2.269078]  mmcblk0: p1 p2
[    2.301776] EXT4-fs (mmcblk0p2): INFO: recovery required on readonly filesystem
[    2.311613] EXT4-fs (mmcblk0p2): write access will be enabled during recovery
[    2.326837] usb 1-1: new high-speed USB device number 2 using dwc_otg
[    2.335995] Indeed it is in host mode hprt0 = 00001101
[    2.577090] usb 1-1: New USB device found, idVendor=0424, idProduct=2514, bcdDevice= b.b3
[    2.590439] usb 1-1: New USB device strings: Mfr=0, Product=0, SerialNumber=0
[    2.600901] hub 1-1:1.0: USB hub found
[    2.607374] hub 1-1:1.0: 4 ports detected
[    2.926816] usb 1-1.1: new high-speed USB device number 3 using dwc_otg
[    3.057047] usb 1-1.1: New USB device found, idVendor=0424, idProduct=2514, bcdDevice= b.b3
[    3.070751] usb 1-1.1: New USB device strings: Mfr=0, Product=0, SerialNumber=0
[    3.081491] hub 1-1.1:1.0: USB hub found
[    3.088339] hub 1-1.1:1.0: 3 ports detected
[    3.127384] EXT4-fs (mmcblk0p2): recovery complete
[    3.447641] EXT4-fs (mmcblk0p2): mounted filesystem with ordered data mode. Opts: (null)
[    3.461113] VFS: Mounted root (ext4 filesystem) readonly on device 179:2.
[    3.483011] devtmpfs: mounted
[    3.496058] Freeing unused kernel memory: 1024K
[    3.503707] Run /sbin/init as init process
[    3.746832] usb 1-1.1.1: new high-speed USB device number 4 using dwc_otg
[    3.877281] usb 1-1.1.1: New USB device found, idVendor=0424, idProduct=7800, bcdDevice= 3.00
[    3.891321] usb 1-1.1.1: New USB device strings: Mfr=0, Product=0, SerialNumber=0
[    4.168855] lan78xx 1-1.1.1:1.0 (unnamed net_device) (uninitialized): No External EEPROM. Setting MAC Speed
[    4.185362] libphy: lan78xx-mdiobus: probed
[    4.192866] systemd[1]: System time before build time, advancing clock.
[    4.244946] lan78xx 1-1.1.1:1.0 (unnamed net_device) (uninitialized): int urb period 64
[    4.281808] systemd[1]: systemd 241 running in system mode. (+PAM +AUDIT +SELINUX +IMA +APPARMOR +SMACK +SYSVINIT +UTMP +LIBCRYPTSETUP +GCRYPT +GNUTLS +ACL +XZ +LZ4 +SECCOMP +B
LKID +ELFUTILS +KMOD -IDN2 +IDN -PCRE2 default-hierarchy=hybrid)
[    4.313293] systemd[1]: Detected architecture arm.
[    4.342647] systemd[1]: Set hostname to <raspberrypi>.
[    4.535070] uart-pl011 3f201000.serial: no DMA platform data
[    5.244094] random: systemd: uninitialized urandom read (16 bytes read)
[    5.265389] random: systemd: uninitialized urandom read (16 bytes read)
[    5.275750] systemd[1]: Listening on fsck to fsckd communication Socket.
[    5.289518] random: systemd: uninitialized urandom read (16 bytes read)
[    5.299395] systemd[1]: Started Dispatch Password Requests to Console Directory Watch.
[    5.316997] systemd[1]: Listening on initctl Compatibility Named Pipe.
[    5.330063] systemd[1]: Reached target Swap.
[    5.341111] systemd[1]: Listening on udev Control Socket.
[    5.358090] systemd[1]: Created slice system-systemd\x2dfsck.slice.
[    5.383841] systemd[1]: Condition check resulted in Journal Audit Socket being skipped.

Raspbian GNU/Linux 10 raspberrypi ttyAMA0

raspberrypi login: [ 4315.889938] Kernel panic - not syncing: System is deadlocked on memory
[ 4315.889938]
[ 4315.902046] CPU: 1 PID: 2 Comm: kthreadd Not tainted 4.19.118-v7+ #1311
[ 4315.910948] Hardware name: BCM2835
[ 4315.916719] [<801120c8>] (unwind_backtrace) from [<8010d5fc>] (show_stack+0x20/0x24)
[ 4315.929568] [<8010d5fc>] (show_stack) from [<80856da8>] (dump_stack+0xe0/0x124)
[ 4315.939630] [<80856da8>] (dump_stack) from [<80120ee8>] (panic+0x104/0x288)
[ 4315.949385] [<80120ee8>] (panic) from [<80261cb8>] (pagefault_out_of_memory+0x0/0xa0)
[ 4315.962822] [<80261cb8>] (pagefault_out_of_memory) from [<80267ed8>] (__alloc_pages_nodemask+0x1020/0x1174)
[ 4315.978497] [<80267ed8>] (__alloc_pages_nodemask) from [<8011dfd8>] (copy_process.part.5+0x1f8/0x1b14)
[ 4315.994142] [<8011dfd8>] (copy_process.part.5) from [<8011fabc>] (_do_fork+0xd8/0x434)
[ 4316.009008] [<8011fabc>] (_do_fork) from [<8011fe88>] (kernel_thread+0x40/0x48)
[ 4316.020130] [<8011fe88>] (kernel_thread) from [<80143d3c>] (kthreadd+0x1f4/0x27c)
[ 4316.035309] [<80143d3c>] (kthreadd) from [<801010ac>] (ret_from_fork+0x14/0x28)
[ 4316.046585] Exception stack(0xba4effb0 to 0xba4efff8)
[ 4316.055696] ffa0:                                     00000000 00000000 00000000 00000000
[ 4316.071756] ffc0: 00000000 00000000 00000000 00000000 00000000 00000000 00000000 00000000
[ 4316.087913] ffe0: 00000000 00000000 00000000 00000000 00000013 00000000
[ 4316.098665] CPU0: stopping
[ 4316.105358] CPU: 0 PID: 47 Comm: kswapd0 Not tainted 4.19.118-v7+ #1311
[ 4316.116020] Hardware name: BCM2835
[ 4316.123410] [<801120c8>] (unwind_backtrace) from [<8010d5fc>] (show_stack+0x20/0x24)
[ 4316.139115] [<8010d5fc>] (show_stack) from [<80856da8>] (dump_stack+0xe0/0x124)
[ 4316.150500] [<80856da8>] (dump_stack) from [<801104e0>] (handle_IPI+0x388/0x3a8)
[ 4316.165884] [<801104e0>] (handle_IPI) from [<801021f4>] (bcm2836_arm_irqchip_handle_irq+0xa0/0xa4)
[ 4316.182898] [<801021f4>] (bcm2836_arm_irqchip_handle_irq) from [<801019bc>] (__irq_svc+0x5c/0x7c)
[ 4316.199812] Exception stack(0xba7edbe0 to 0xba7edc28)
[ 4316.208860] dbe0: b5bfb000 00000000 000003b7 b4868000 ba7edc50 00000000 80d8fc93 80d04d48
[ 4316.224928] dc00: b5bd8f00 00000011 00000000 ba7edc4c 00000000 ba7edc30 b5bfb6b4 802a3574
[ 4316.241016] dc20: 60000113 ffffffff
[ 4316.248386] [<801019bc>] (__irq_svc) from [<802a3574>] (page_vma_mapped_walk+0x1b0/0x1dc)
[ 4316.264319] [<802a3574>] (page_vma_mapped_walk) from [<802a3dc4>] (page_referenced_one+0x90/0x164)
[ 4316.281187] [<802a3dc4>] (page_referenced_one) from [<802a4274>] (rmap_walk_file+0xb4/0x148)
[ 4316.297601] [<802a4274>] (rmap_walk_file) from [<802a5a40>] (rmap_walk+0x34/0x44)
[ 4316.313126] [<802a5a40>] (rmap_walk) from [<802a5c20>] (page_referenced+0x1d0/0x1f4)
[ 4316.329080] [<802a5c20>] (page_referenced) from [<8027955c>] (shrink_active_list+0x220/0x4c4)
[ 4316.345903] [<8027955c>] (shrink_active_list) from [<80279ba8>] (shrink_node_memcg+0x3a8/0x738)
[ 4316.362978] [<80279ba8>] (shrink_node_memcg) from [<8027a038>] (shrink_node+0x100/0x50c)
[ 4316.379510] [<8027a038>] (shrink_node) from [<8027b504>] (kswapd+0x368/0x87c)
[ 4316.390946] [<8027b504>] (kswapd) from [<80142b10>] (kthread+0x138/0x168)
[ 4316.401983] [<80142b10>] (kthread) from [<801010ac>] (ret_from_fork+0x14/0x28)
[ 4316.413426] Exception stack(0xba7edfb0 to 0xba7edff8)
[ 4316.422678] dfa0:                                     00000000 00000000 00000000 00000000
[ 4316.439139] dfc0: 00000000 00000000 00000000 00000000 00000000 00000000 00000000 00000000
[ 4316.455519] dfe0: 00000000 00000000 00000000 00000000 00000013 00000000
[ 4316.466368] CPU2: stopping
[ 4316.473217] CPU: 2 PID: 0 Comm: swapper/2 Not tainted 4.19.118-v7+ #1311
[ 4316.484102] Hardware name: BCM2835
[ 4316.491585] [<801120c8>] (unwind_backtrace) from [<8010d5fc>] (show_stack+0x20/0x24)
[ 4316.507451] [<8010d5fc>] (show_stack) from [<80856da8>] (dump_stack+0xe0/0x124)
[ 4316.518915] [<80856da8>] (dump_stack) from [<801104e0>] (handle_IPI+0x388/0x3a8)
[ 4316.534278] [<801104e0>] (handle_IPI) from [<801021f4>] (bcm2836_arm_irqchip_handle_irq+0xa0/0xa4)
[ 4316.551246] [<801021f4>] (bcm2836_arm_irqchip_handle_irq) from [<801019bc>] (__irq_svc+0x5c/0x7c)
[ 4316.568109] Exception stack(0xba52ff38 to 0xba52ff80)
[ 4316.577125] ff20:                                                       80109ae4 00000000
[ 4316.592960] ff40: 40000193 40000193 80d04d70 ba52e000 80d04db8 00000004 80d8fb3e 410fd034
[ 4316.608677] ff60: 00000000 ba52ff94 80d0517c ba52ff88 00000000 80109ae8 40000113 ffffffff
[ 4316.624492] [<801019bc>] (__irq_svc) from [<80109ae8>] (arch_cpu_idle+0x34/0x4c)
[ 4316.639597] [<80109ae8>] (arch_cpu_idle) from [<80873e74>] (default_idle_call+0x34/0x48)
[ 4316.655587] [<80873e74>] (default_idle_call) from [<80152eb8>] (do_idle+0xec/0x16c)
[ 4316.671155] [<80152eb8>] (do_idle) from [<801531f8>] (cpu_startup_entry+0x28/0x2c)
[ 4316.686769] [<801531f8>] (cpu_startup_entry) from [<8010fee4>] (secondary_start_kernel+0x134/0x140)
[ 4316.704022] [<8010fee4>] (secondary_start_kernel) from [<0010270c>] (0x10270c)
[ 4316.715421] CPU3: stopping
[ 4316.722184] CPU: 3 PID: 0 Comm: swapper/3 Not tainted 4.19.118-v7+ #1311
[ 4316.733059] Hardware name: BCM2835
[ 4316.740533] [<801120c8>] (unwind_backtrace) from [<8010d5fc>] (show_stack+0x20/0x24)
[ 4316.756393] [<8010d5fc>] (show_stack) from [<80856da8>] (dump_stack+0xe0/0x124)
[ 4316.767852] [<80856da8>] (dump_stack) from [<801104e0>] (handle_IPI+0x388/0x3a8)
[ 4316.783253] [<801104e0>] (handle_IPI) from [<801021f4>] (bcm2836_arm_irqchip_handle_irq+0xa0/0xa4)
[ 4316.800527] [<801021f4>] (bcm2836_arm_irqchip_handle_irq) from [<801019bc>] (__irq_svc+0x5c/0x7c)
[ 4316.817827] Exception stack(0xba531f38 to 0xba531f80)
[ 4316.827068] 1f20:                                                       80109ae4 00000000
[ 4316.843357] 1f40: 40000193 40000193 80d04d70 ba530000 80d04db8 00000008 80d8fb3e 410fd034
[ 4316.859530] 1f60: 00000000 ba531f94 80d0517c ba531f88 00000000 80109ae8 40000113 ffffffff
[ 4316.875688] [<801019bc>] (__irq_svc) from [<80109ae8>] (arch_cpu_idle+0x34/0x4c)
[ 4316.891039] [<80109ae8>] (arch_cpu_idle) from [<80873e74>] (default_idle_call+0x34/0x48)
[ 4316.907098] [<80873e74>] (default_idle_call) from [<80152eb8>] (do_idle+0xec/0x16c)
[ 4316.922719] [<80152eb8>] (do_idle) from [<801531f8>] (cpu_startup_entry+0x28/0x2c)
[ 4316.938332] [<801531f8>] (cpu_startup_entry) from [<8010fee4>] (secondary_start_kernel+0x134/0x140)
[ 4316.955574] [<8010fee4>] (secondary_start_kernel) from [<0010270c>] (0x10270c)
[ 4316.966982] ---[ end Kernel panic - not syncing: System is deadlocked on memory
[ 4316.966982]  ]---
