[    0.000000] Booting Linux on physical CPU 0x0000000000 [0x410fd034]
[    0.000000] Linux version 4.19.118-v8+ (dom@buildbot) (gcc version 5.4.0 20160609 (Ubuntu/Linaro 5.4.0-6ubuntu1~16.04.9)) #1311 SMP PREEMPT Mon Apr 27 14:32:38 BST 2020
[    0.000000] Machine model: Raspberry Pi 3 Model B Plus Rev 1.3
[    0.000000] efi: Getting EFI parameters from FDT:
[    0.000000] efi: UEFI not found.
[    0.000000] cma: Reserved 8 MiB at 0x000000003ac00000
[    0.000000] random: get_random_bytes called from start_kernel+0xb8/0x47c with crng_init=0
[    0.000000] percpu: Embedded 24 pages/cpu s58840 r8192 d31272 u98304
[    0.000000] Detected VIPT I-cache on CPU0
[    0.000000] CPU features: enabling workaround for ARM erratum 843419
[    0.000000] CPU features: enabling workaround for ARM erratum 845719
[    0.000000] Built 1 zonelists, mobility grouping on.  Total pages: 238896
[    0.000000] Kernel command line: coherent_pool=1M 8250.nr_uarts=1 snd_bcm2835.enable_compat_alsa=0 snd_bcm2835.enable_hdmi=1 snd_bcm2835.enable_headphones=1 bcm2708_fb.fbwidth=
656 bcm2708_fb.fbheight=416 bcm2708_fb.fbswap=1 vc_mem.mem_base=0x3ec00000 vc_mem.mem_size=0x40000000  dwc_otg.lpm_enable=0 console=ttyAMA0,115200 console=tty1 root=PARTUUID=4c999
877-02 rootfstype=ext4 elevator=deadline fsck.repair=yes rootwait
[    0.000000] Dentry cache hash table entries: 131072 (order: 8, 1048576 bytes)
[    0.000000] Inode-cache hash table entries: 65536 (order: 7, 524288 bytes)
[    0.000000] Memory: 929092K/970752K available (8700K kernel code, 1074K rwdata, 2760K rodata, 1024K init, 1126K bss, 33468K reserved, 8192K cma-reserved)
[    0.000000] SLUB: HWalign=64, Order=0-3, MinObjects=0, CPUs=4, Nodes=1
[    0.000000] ftrace: allocating 30496 entries in 120 pages
[    0.000000] rcu: Preemptible hierarchical RCU implementation.
[    0.000000] rcu:     RCU restricting CPUs from NR_CPUS=64 to nr_cpu_ids=4.
[    0.000000]  Tasks RCU enabled.
[    0.000000] rcu: Adjusting geometry for rcu_fanout_leaf=16, nr_cpu_ids=4
[    0.000000] NR_IRQS: 64, nr_irqs: 64, preallocated irqs: 0
[    0.000000] arch_timer: cp15 timer(s) running at 19.20MHz (phys).
[    0.000000] clocksource: arch_sys_counter: mask: 0xffffffffffffff max_cycles: 0x46d987e47, max_idle_ns: 440795202767 ns
[    0.000007] sched_clock: 56 bits at 19MHz, resolution 52ns, wraps every 4398046511078ns
[    0.000271] Console: colour dummy device 80x25
[    0.000937] console [tty1] enabled
[    0.001008] Calibrating delay loop (skipped), value calculated using timer frequency.. 38.40 BogoMIPS (lpj=76800)
[    0.001061] pid_max: default: 32768 minimum: 301
[    0.001493] Mount-cache hash table entries: 2048 (order: 2, 16384 bytes)
[    0.001548] Mountpoint-cache hash table entries: 2048 (order: 2, 16384 bytes)
[    0.024100] ASID allocator initialised with 32768 entries
[    0.032097] rcu: Hierarchical SRCU implementation.
[    0.040733] EFI services will not be available.
[    0.048176] smp: Bringing up secondary CPUs ...
[    0.080441] Detected VIPT I-cache on CPU1
[    0.080509] CPU1: Booted secondary processor 0x0000000001 [0x410fd034]
[    0.112566] Detected VIPT I-cache on CPU2
[    0.112615] CPU2: Booted secondary processor 0x0000000002 [0x410fd034]
[    0.144730] Detected VIPT I-cache on CPU3
[    0.144776] CPU3: Booted secondary processor 0x0000000003 [0x410fd034]
[    0.144961] smp: Brought up 1 node, 4 CPUs
[    0.145114] SMP: Total of 4 processors activated.
[    0.145149] CPU features: detected: 32-bit EL0 Support
[    0.146124] CPU: All CPU(s) started at EL2
[    0.146198] alternatives: patching kernel code
[    0.147821] devtmpfs: initialized
[    0.164122] Enabled cp15_barrier support
[    0.164188] Enabled setend support
[    0.164767] clocksource: jiffies: mask: 0xffffffff max_cycles: 0xffffffff, max_idle_ns: 7645041785100000 ns
[    0.164828] futex hash table entries: 1024 (order: 4, 65536 bytes)
[    0.165549] pinctrl core: initialized pinctrl subsystem
[    0.166434] DMI not present or invalid.
[    0.167003] NET: Registered protocol family 16
[    0.173465] cpuidle: using governor menu
[    0.174091] hw-breakpoint: found 6 breakpoint and 4 watchpoint registers.
[    0.178706] DMA: preallocated 1024 KiB pool for atomic allocations
[    0.178885] Serial: AMBA PL011 UART driver
[    0.183495] bcm2835-mbox 3f00b880.mailbox: mailbox enabled
[    0.192934] raspberrypi-firmware soc:firmware: Attached to firmware from 2020-04-15 11:43, variant start
[    0.196952] raspberrypi-firmware soc:firmware: Firmware hash is 82f9bb929ce2186eb1824178c1ae82902ad6275c
[    0.245803] bcm2835-dma 3f007000.dma: DMA legacy API manager at (____ptrval____), dmachans=0x1
[    0.249101] vgaarb: loaded
[    0.249695] SCSI subsystem initialized
[    0.249994] usbcore: registered new interface driver usbfs
[    0.250090] usbcore: registered new interface driver hub
[    0.250272] usbcore: registered new device driver usb
[    0.250430] pps_core: LinuxPPS API ver. 1 registered
[    0.250463] pps_core: Software ver. 5.3.6 - Copyright 2005-2007 Rodolfo Giometti <giometti@linux.it>
[    0.250531] PTP clock support registered
[    0.252326] clocksource: Switched to clocksource arch_sys_counter
[    0.377463] VFS: Disk quotas dquot_6.6.0
[    0.377603] VFS: Dquot-cache hash table entries: 512 (order 0, 4096 bytes)
[    0.377837] FS-Cache: Loaded
[    0.378102] CacheFiles: Loaded
[    0.390192] NET: Registered protocol family 2
[    0.391156] tcp_listen_portaddr_hash hash table entries: 512 (order: 1, 8192 bytes)
[    0.391232] TCP established hash table entries: 8192 (order: 4, 65536 bytes)
[    0.391376] TCP bind hash table entries: 8192 (order: 5, 131072 bytes)
[    0.391594] TCP: Hash tables configured (established 8192 bind 8192)
[    0.391870] UDP hash table entries: 512 (order: 2, 16384 bytes)
[    0.391947] UDP-Lite hash table entries: 512 (order: 2, 16384 bytes)
[    0.392296] NET: Registered protocol family 1
[    0.393333] RPC: Registered named UNIX socket transport module.
[    0.393370] RPC: Registered udp transport module.
[    0.393401] RPC: Registered tcp transport module.
[    0.393430] RPC: Registered tcp NFSv4.1 backchannel transport module.
[    0.396116] hw perfevents: enabled with armv8_cortex_a53 PMU driver, 7 counters available
[    0.396380] kvm [1]: 8-bit VMID
[    0.397218] kvm [1]: Hyp mode initialized successfully
[    0.402155] Initialise system trusted keyrings
[    0.402508] workingset: timestamp_bits=46 max_order=18 bucket_order=0
[    0.414701] FS-Cache: Netfs 'nfs' registered for caching
[    0.419782] NFS: Registering the id_resolver key type
[    0.419842] Key type id_resolver registered
[    0.419873] Key type id_legacy registered
[    0.419914] nfs4filelayout_init: NFSv4 File Layout Driver Registering...
[    0.427617] Key type asymmetric registered
[    0.427665] Asymmetric key parser 'x509' registered
[    0.427765] Block layer SCSI generic (bsg) driver version 0.4 loaded (major 248)
[    0.428095] io scheduler noop registered
[    0.428129] io scheduler deadline registered (default)
[    0.428442] io scheduler cfq registered
[    0.428476] io scheduler mq-deadline registered (default)
[    0.428509] io scheduler kyber registered
[    0.431903] bcm2708_fb soc:fb: FB found 1 display(s)
[    0.442787] Console: switching to colour frame buffer device 82x26
[    0.447718] bcm2708_fb soc:fb: Registered framebuffer for display 0, size 656x416
[    0.455120] Serial: 8250/16550 driver, 1 ports, IRQ sharing enabled
[    0.459690] bcm2835-rng 3f104000.rng: hwrng registered
[    0.462659] vc-mem: phys_addr:0x00000000 mem_base=0x3ec00000 mem_size:0x40000000(1024 MiB)
[    0.468520] gpiomem-bcm2835 3f200000.gpiomem: Initialised: Registers at 0x3f200000
[    0.474037] cacheinfo: Unable to detect cache hierarchy for CPU 0
[    0.492400] brd: module loaded
[    0.510518] loop: module loaded
[    0.514264] Loading iSCSI transport class v2.0-870.
[    0.519620] libphy: Fixed MDIO Bus: probed
[    0.522589] usbcore: registered new interface driver r8152
[    0.525245] usbcore: registered new interface driver lan78xx
[    0.527841] usbcore: registered new interface driver smsc95xx
[    0.530717] dwc_otg: version 3.00a 10-AUG-2012 (platform bus)
[    0.561265] dwc_otg 3f980000.usb: base=(____ptrval____)
[    0.777101] Core Release: 2.80a
[    0.779588] Setting default values for core params
[    0.782134] Finished setting default values for core params
[    0.997617] Using Buffer DMA mode
[    1.000000] Periodic Transfer Interrupt Enhancement - disabled
[    1.002453] Multiprocessor Interrupt Enhancement - disabled
[    1.004895] OTG VER PARAM: 0, OTG VER FLAG: 0
[    1.007241] Dedicated Tx FIFOs mode
[    1.010395] WARN::dwc_otg_hcd_init:1074: FIQ DMA bounce buffers: virt = ffffff80090c1000 dma = 0x00000000fad14000 len=9024
[    1.014949] FIQ FSM acceleration enabled for :
[    1.014949] Non-periodic Split Transactions
[    1.014949] Periodic Split Transactions
[    1.014949] High-Speed Isochronous Endpoints
[    1.014949] Interrupt/Control Split Transaction hack enabled
[    1.025787] WARN::hcd_init_fiq:497: MPHI regs_base at ffffff800805d000
[    1.028097] dwc_otg 3f980000.usb: DWC OTG Controller
[    1.030445] dwc_otg 3f980000.usb: new USB bus registered, assigned bus number 1
[    1.032940] dwc_otg 3f980000.usb: irq 9, io mem 0x00000000
[    1.035347] Init: Port Power? op_state=1
[    1.037702] Init: Power Port (0)
[    1.040385] usb usb1: New USB device found, idVendor=1d6b, idProduct=0002, bcdDevice= 4.19
[    1.045147] usb usb1: New USB device strings: Mfr=3, Product=2, SerialNumber=1
[    1.047687] usb usb1: Product: DWC OTG Controller
[    1.050240] usb usb1: Manufacturer: Linux 4.19.118-v8+ dwc_otg_hcd
[    1.052774] usb usb1: SerialNumber: 3f980000.usb
[    1.056024] hub 1-0:1.0: USB hub found
[    1.058613] hub 1-0:1.0: 1 port detected
[    1.062243] usbcore: registered new interface driver uas
[    1.064704] usbcore: registered new interface driver usb-storage
[    1.067227] mousedev: PS/2 mouse device common for all mice
[    1.071082] bcm2835-wdt bcm2835-wdt: Broadcom BCM2835 watchdog timer
[    1.074977] cpufreq: cpufreq_online: CPU0: Running at unlisted freq: 600000 KHz
[    1.079728] cpufreq: cpufreq_online: CPU0: Unlisted initial frequency changed to: 700000 KHz
[    1.083022] sdhci: Secure Digital Host Controller Interface driver
[    1.084092] sdhci: Copyright(c) Pierre Ossman
[    1.085471] sdhost-bcm2835 3f202000.mmc: could not get clk, deferring probe
[    1.086669] sdhci-pltfm: SDHCI platform and OF driver helper
[    1.089125] ledtrig-cpu: registered to indicate activity on CPUs
[    1.090350] hidraw: raw HID events driver (C) Jiri Kosina
[    1.091557] usbcore: registered new interface driver usbhid
[    1.092659] usbhid: USB HID core driver
[    1.094335] vchiq: vchiq_init_state: slot_zero = (____ptrval____), is_master = 0
[    1.098622] Initializing XFRM netlink socket
[    1.099734] NET: Registered protocol family 17
[    1.100918] Key type dns_resolver registered
[    1.102705] registered taskstats version 1
[    1.103787] Loading compiled-in X.509 certificates
[    1.110536] uart-pl011 3f201000.serial: cts_event_workaround enabled
[    1.111767] 3f201000.serial: ttyAMA0 at MMIO 0x3f201000 (irq = 66, base_baud = 0) is a PL011 rev2
[    2.112317] console [ttyAMA0] enabled
[    2.118065] bcm2835-power bcm2835-power: Broadcom BCM2835 power domains driver
[    2.127319] sdhost: log_buf @ (____ptrval____) (fad13000)
[    2.182896] mmc0: sdhost-bcm2835 loaded - DMA enabled (>1)
[    2.191209] of_cfs_init
[    2.194826] of_cfs_init: OK
[    2.220587] Waiting for root device PARTUUID=4c999877-02...
[    2.228442] Indeed it is in host mode hprt0 = 00021501
[    2.302216] mmc0: host does not support reading read-only switch, assuming write-enable
[    2.317789] mmc0: new high speed SDHC card at address aaaa
[    2.325552] mmcblk0: mmc0:aaaa SC16G 14.8 GiB
[    2.335504]  mmcblk0: p1 p2
[    2.337049] random: fast init done
[    2.365060] EXT4-fs (mmcblk0p2): mounted filesystem with ordered data mode. Opts: (null)
[    2.375415] VFS: Mounted root (ext4 filesystem) readonly on device 179:2.
[    2.397444] devtmpfs: mounted
[    2.404664] Freeing unused kernel memory: 1024K
[    2.410404] Run /sbin/init as init process
[    2.424343] usb 1-1: new high-speed USB device number 2 using dwc_otg
[    2.432064] Indeed it is in host mode hprt0 = 00001101
[    2.648663] usb 1-1: New USB device found, idVendor=0424, idProduct=2514, bcdDevice= b.b3
[    2.659156] usb 1-1: New USB device strings: Mfr=0, Product=0, SerialNumber=0
[    2.667976] hub 1-1:1.0: USB hub found
[    2.673088] hub 1-1:1.0: 4 ports detected
[    2.964353] usb 1-1.1: new high-speed USB device number 3 using dwc_otg
[    3.039788] systemd[1]: System time before build time, advancing clock.
[    3.072611] usb 1-1.1: New USB device found, idVendor=0424, idProduct=2514, bcdDevice= b.b3
[    3.083362] usb 1-1.1: New USB device strings: Mfr=0, Product=0, SerialNumber=0
[    3.092421] hub 1-1.1:1.0: USB hub found
[    3.097687] hub 1-1.1:1.0: 3 ports detected
[    3.205445] NET: Registered protocol family 10
[    3.211969] Segment Routing with IPv6
[    3.261364] systemd[1]: systemd 241 running in system mode. (+PAM +AUDIT +SELINUX +IMA +APPARMOR +SMACK +SYSVINIT +UTMP +LIBCRYPTSETUP +GCRYPT +GNUTLS +ACL +XZ +LZ4 +SECCOMP +B
LKID +ELFUTILS +KMOD -IDN2 +IDN -PCRE2 default-hierarchy=hybrid)
[    3.286925] systemd[1]: Detected architecture arm64.
[    3.304237] systemd[1]: Set hostname to <raspberrypi>.
[    3.423855] uart-pl011 3f201000.serial: no DMA platform data
[    3.684369] usb 1-1.1.1: new high-speed USB device number 4 using dwc_otg
[    3.706592] random: crng init done
[    3.796777] usb 1-1.1.1: New USB device found, idVendor=0424, idProduct=7800, bcdDevice= 3.00
[    3.807774] usb 1-1.1.1: New USB device strings: Mfr=0, Product=0, SerialNumber=0
[    3.927651] systemd[1]: Set up automount Arbitrary Executable File Formats File System Automount Point.
[    3.942083] systemd[1]: Listening on Journal Socket.
[    3.957739] systemd[1]: Starting Create list of required static device nodes for the current kernel...
[    3.981039] systemd[1]: Starting Restore / save the current clock...
[    3.991564] systemd[1]: Listening on udev Kernel Socket.
[    4.000520] systemd[1]: Reached target Swap.
[    4.012025] systemd[1]: Mounting Kernel Debug File System...
[    4.082707] lan78xx 1-1.1.1:1.0 (unnamed net_device) (uninitialized): No External EEPROM. Setting MAC Speed
[    4.096245] libphy: lan78xx-mdiobus: probed
[    4.131357] lan78xx 1-1.1.1:1.0 (unnamed net_device) (uninitialized): int urb period 64

Raspbian GNU/Linux 10 raspberrypi ttyAMA0

raspberrypi login: pi
Password: 
Last login: Wed Jul  8 15:17:03 CEST 2020 on ttyAMA0
Linux raspberrypi 4.19.118-v8+ #1311 SMP PREEMPT Mon Apr 27 14:32:38 BST 2020 aarch64

The programs included with the Debian GNU/Linux system are free software;
the exact distribution terms for each program are described in the
individual files in /usr/share/doc/*/copyright.
pi@raspberrypi:~$ [   72.572197] Unable to handle kernel paging request at virtual address 8ffbff8034671f10
[   72.581929] Mem abort info:
[   72.585569]   ESR = 0x96000004
[   72.589429]   Exception class = DABT (current EL), IL = 32 bits
[   72.596161]   SET = 0, FnV = 0
[   72.600006]   EA = 0, S1PTW = 0
[   72.603939] Data abort info:
[   72.607603]   ISV = 0, ISS = 0x00000004
[   72.612212]   CM = 0, WnR = 0
[   72.615937] [8ffbff8034671f10] address between user and kernel address ranges

Message from [   72.623908] Internal error: Oops: 96000004 [#1] PREEMPT SMP
[   72.631584] Modules linked in: cfg80211 rfkill 8021q garp stp llc binfmt_misc bcm2835_codec(C) bcm2835_v4l2(C) v4l2_mem2mem bcm2835_mmal_vchiq(C) v4l2_common videobuf2_dma_cont
ig videobuf2_vmalloc videobuf2_memops videobuf2_v4l2 raspberrypi_hwmon hwmon videobuf2_common videodev media vc_sm_cma(C) uio_pdrv_genirq uio ip_tables x_tables ipv6
[   72.666595] Process uvbench.sh (pid: 1225, stack limit = 0x000000000a248e39)
[   72.674756] CPU: 1 PID: 1225 Comm: uvbench.sh Tainted: G         C        4.19.118-v8+ #1311
[   72.685430] Hardware name: Raspberry Pi 3 Model B Plus Rev 1.3 (DT)
[   72.692843] pstate: 80000005 (Nzcv daif -PAN -UAO)
[   72.698754] pc : handle_mm_fault+0x74/0x238
[   72.704058] lr : handle_mm_fault+0x74/0x238
[   72.709346] sp : ffffff800a763c50
[   72.713737] x29: ffffff800a763c50 x28: ffffffc0334f3a00 
[   72.720135] x27: 0000000000020000 x26: 0000000000000004 
[   72.726543] x25: ffffffc034e71c60 x24: 0000000000000054 
[   72.732953] x23: ffffffc034e71c00 x22: 8ffbff8034671c00 
[   72.739358] x21: 00000000f7910000 x20: 0000000000000054 
[   72.745769] x19: ffffffc0347f1000 x18: 0000000000000000 
[   72.752142] x17: 0000000000000000 x16: 0000000000000000 
[   72.758475] x15: 0000000000000000 x14: 0000000000000000 
[   72.764745] x13: 0000000000000000 x12: 0000000000000000 
[   72.770953] x11: 0000000000000000 x10: 0000000000000000 
[   72.777096] x9 : 0000000000000000 x8 : 0000000000000000 
[   72.783177] x7 : ffffff8008cc8688 x6 : ffffff8008cc8000 
[   72.789217] x5 : 00000000ffff0000 x4 : ffffffc0334f3a00 
[   72.795219] x3 : 0000000000006c59 x2 : 0000000000000000 
[   72.801183] x1 : ffffffc0334f3a00 x0 : 0000000000000001 
[   72.807115] Call trace:
[   72.810129]  handle_mm_fault+0x74/0x238
[   72.814529]  do_page_fault+0x1c0/0x498
[   72.818830]  do_translation_fault+0xa8/0xb8
[   72.823589]  do_mem_abort+0x68/0x128
[   72.827728]  do_el0_ia_bp_hardening+0x64/0xb0
[   72.832665]  el0_ia+0x1c/0x20
[   72.836196] Code: 34000ca0 f9402276 d503201f 97fba226 (f9418ac0) 
[   72.842920] ---[ end trace 38f030b6e51f6767 ]---
syslogd@raspberrypi at Jul  8 15:22:22 ...
 kernel:[   72.623908] Internal error: Oops: 96000004 [#1] PREEMPT SMP

Message from syslogd@raspberrypi at Jul  8 15:22:22 ...
 kernel:[   72.666595] Process uvbench.sh (pid: 1225, stack limit = 0x000000000a248e39)

Message from syslogd@raspberrypi at Jul  8 15:22:22 ...
 kernel:[   72.836196] Code: 34000ca0 f9402276 d503201f 97fba226 (f9418ac0)
