[    0.000000] Booting Linux on physical CPU 0x0000000000 [0x410fd034]
[    0.000000] Linux version 4.19.118-v8+ (dom@buildbot) (gcc version 5.4.0 20160609 (Ubuntu/Linaro 5.4.0-6ubuntu1~16.04.9)) #1311 SMP PREEMPT Mon Apr 27 14:32:38 BST 2020
[    0.000000] Machine model: Raspberry Pi 3 Model B Plus Rev 1.3
[    0.000000] efi: Getting EFI parameters from FDT:
[    0.000000] efi: UEFI not found.
[    0.000000] cma: Reserved 8 MiB at 0x000000003ac00000
[    0.000000] random: get_random_bytes called from start_kernel+0xb8/0x47c with crng_init=0
[    0.000000] percpu: Embedded 24 pages/cpu s58840 r8192 d31272 u98304
[    0.000000] Detected VIPT I-cache on CPU0
[    0.000000] CPU features: enabling workaround for ARM erratum 843419
[    0.000000] CPU features: enabling workaround for ARM erratum 845719
[    0.000000] Built 1 zonelists, mobility grouping on.  Total pages: 238896
[    0.000000] Kernel command line: coherent_pool=1M 8250.nr_uarts=1 snd_bcm2835.enable_compat_alsa=0 snd_bcm2835.enable_hdmi=1 snd_bcm2835.enable_headphones=1 bcm2708_fb.fbwidth=
656 bcm2708_fb.fbheight=416 bcm2708_fb.fbswap=1 vc_mem.mem_base=0x3ec00000 vc_mem.mem_size=0x40000000  dwc_otg.lpm_enable=0 console=ttyAMA0,115200 console=tty1 root=PARTUUID=4c999
877-02 rootfstype=ext4 elevator=deadline fsck.repair=yes rootwait
[    0.000000] Dentry cache hash table entries: 131072 (order: 8, 1048576 bytes)
[    0.000000] Inode-cache hash table entries: 65536 (order: 7, 524288 bytes)
[    0.000000] Memory: 929092K/970752K available (8700K kernel code, 1074K rwdata, 2760K rodata, 1024K init, 1126K bss, 33468K reserved, 8192K cma-reserved)
[    0.000000] SLUB: HWalign=64, Order=0-3, MinObjects=0, CPUs=4, Nodes=1
[    0.000000] ftrace: allocating 30496 entries in 120 pages
[    0.000000] rcu: Preemptible hierarchical RCU implementation.
[    0.000000] rcu:     RCU restricting CPUs from NR_CPUS=64 to nr_cpu_ids=4.
[    0.000000]  Tasks RCU enabled.
[    0.000000] rcu: Adjusting geometry for rcu_fanout_leaf=16, nr_cpu_ids=4
[    0.000000] NR_IRQS: 64, nr_irqs: 64, preallocated irqs: 0
[    0.000000] arch_timer: cp15 timer(s) running at 19.20MHz (phys).
[    0.000000] clocksource: arch_sys_counter: mask: 0xffffffffffffff max_cycles: 0x46d987e47, max_idle_ns: 440795202767 ns
[    0.000007] sched_clock: 56 bits at 19MHz, resolution 52ns, wraps every 4398046511078ns
[    0.000270] Console: colour dummy device 80x25
[    0.000936] console [tty1] enabled
[    0.001008] Calibrating delay loop (skipped), value calculated using timer frequency.. 38.40 BogoMIPS (lpj=76800)
[    0.001060] pid_max: default: 32768 minimum: 301
[    0.001494] Mount-cache hash table entries: 2048 (order: 2, 16384 bytes)
[    0.001550] Mountpoint-cache hash table entries: 2048 (order: 2, 16384 bytes)
[    0.024101] ASID allocator initialised with 32768 entries
[    0.032099] rcu: Hierarchical SRCU implementation.
[    0.040745] EFI services will not be available.
[    0.048176] smp: Bringing up secondary CPUs ...
[    0.080443] Detected VIPT I-cache on CPU1
[    0.080511] CPU1: Booted secondary processor 0x0000000001 [0x410fd034]
[    0.112568] Detected VIPT I-cache on CPU2
[    0.112617] CPU2: Booted secondary processor 0x0000000002 [0x410fd034]
[    0.144732] Detected VIPT I-cache on CPU3
[    0.144778] CPU3: Booted secondary processor 0x0000000003 [0x410fd034]
[    0.144962] smp: Brought up 1 node, 4 CPUs
[    0.145115] SMP: Total of 4 processors activated.
[    0.145150] CPU features: detected: 32-bit EL0 Support
[    0.146123] CPU: All CPU(s) started at EL2
[    0.146198] alternatives: patching kernel code
[    0.147823] devtmpfs: initialized
[    0.164103] Enabled cp15_barrier support
[    0.164168] Enabled setend support
[    0.164745] clocksource: jiffies: mask: 0xffffffff max_cycles: 0xffffffff, max_idle_ns: 7645041785100000 ns
[    0.164807] futex hash table entries: 1024 (order: 4, 65536 bytes)
[    0.165524] pinctrl core: initialized pinctrl subsystem
[    0.166413] DMI not present or invalid.
[    0.166979] NET: Registered protocol family 16
[    0.173442] cpuidle: using governor menu
[    0.174065] hw-breakpoint: found 6 breakpoint and 4 watchpoint registers.
[    0.178712] DMA: preallocated 1024 KiB pool for atomic allocations
[    0.178892] Serial: AMBA PL011 UART driver
[    0.183497] bcm2835-mbox 3f00b880.mailbox: mailbox enabled
[    0.192932] raspberrypi-firmware soc:firmware: Attached to firmware from 2020-04-15 11:43, variant start
[    0.196950] raspberrypi-firmware soc:firmware: Firmware hash is 82f9bb929ce2186eb1824178c1ae82902ad6275c
[    0.245801] bcm2835-dma 3f007000.dma: DMA legacy API manager at (____ptrval____), dmachans=0x1
[    0.249098] vgaarb: loaded
[    0.249683] SCSI subsystem initialized
[    0.249981] usbcore: registered new interface driver usbfs
[    0.250075] usbcore: registered new interface driver hub
[    0.250257] usbcore: registered new device driver usb
[    0.250415] pps_core: LinuxPPS API ver. 1 registered
[    0.250449] pps_core: Software ver. 5.3.6 - Copyright 2005-2007 Rodolfo Giometti <giometti@linux.it>
[    0.250518] PTP clock support registered
[    0.252308] clocksource: Switched to clocksource arch_sys_counter
[    0.377417] VFS: Disk quotas dquot_6.6.0
[    0.377558] VFS: Dquot-cache hash table entries: 512 (order 0, 4096 bytes)
[    0.377790] FS-Cache: Loaded
[    0.378056] CacheFiles: Loaded
[    0.390141] NET: Registered protocol family 2
[    0.391105] tcp_listen_portaddr_hash hash table entries: 512 (order: 1, 8192 bytes)
[    0.391181] TCP established hash table entries: 8192 (order: 4, 65536 bytes)
[    0.391324] TCP bind hash table entries: 8192 (order: 5, 131072 bytes)
[    0.391542] TCP: Hash tables configured (established 8192 bind 8192)
[    0.391822] UDP hash table entries: 512 (order: 2, 16384 bytes)
[    0.391898] UDP-Lite hash table entries: 512 (order: 2, 16384 bytes)
[    0.392246] NET: Registered protocol family 1
[    0.393439] RPC: Registered named UNIX socket transport module.
[    0.393554] RPC: Registered udp transport module.
[    0.393586] RPC: Registered tcp transport module.
[    0.393616] RPC: Registered tcp NFSv4.1 backchannel transport module.
[    0.396274] hw perfevents: enabled with armv8_cortex_a53 PMU driver, 7 counters available
[    0.396541] kvm [1]: 8-bit VMID
[    0.397361] kvm [1]: Hyp mode initialized successfully
[    0.402262] Initialise system trusted keyrings
[    0.402629] workingset: timestamp_bits=46 max_order=18 bucket_order=0
[    0.415026] FS-Cache: Netfs 'nfs' registered for caching
[    0.416088] NFS: Registering the id_resolver key type
[    0.416156] Key type id_resolver registered
[    0.416188] Key type id_legacy registered
[    0.416230] nfs4filelayout_init: NFSv4 File Layout Driver Registering...
[    0.424041] Key type asymmetric registered
[    0.424090] Asymmetric key parser 'x509' registered
[    0.424192] Block layer SCSI generic (bsg) driver version 0.4 loaded (major 248)
[    0.424560] io scheduler noop registered
[    0.424595] io scheduler deadline registered (default)
[    0.424857] io scheduler cfq registered
[    0.424891] io scheduler mq-deadline registered (default)
[    0.424924] io scheduler kyber registered
[    0.428404] bcm2708_fb soc:fb: FB found 1 display(s)
[    0.439258] Console: switching to colour frame buffer device 82x26
[    0.444183] bcm2708_fb soc:fb: Registered framebuffer for display 0, size 656x416
[    0.451522] Serial: 8250/16550 driver, 1 ports, IRQ sharing enabled
[    0.456054] bcm2835-rng 3f104000.rng: hwrng registered
[    0.459020] vc-mem: phys_addr:0x00000000 mem_base=0x3ec00000 mem_size:0x40000000(1024 MiB)
[    0.464909] gpiomem-bcm2835 3f200000.gpiomem: Initialised: Registers at 0x3f200000
[    0.470435] cacheinfo: Unable to detect cache hierarchy for CPU 0
[    0.488612] brd: module loaded
[    0.506688] loop: module loaded
[    0.510423] Loading iSCSI transport class v2.0-870.
[    0.515711] libphy: Fixed MDIO Bus: probed
[    0.518688] usbcore: registered new interface driver r8152
[    0.521353] usbcore: registered new interface driver lan78xx
[    0.523948] usbcore: registered new interface driver smsc95xx
[    0.526836] dwc_otg: version 3.00a 10-AUG-2012 (platform bus)
[    0.557362] dwc_otg 3f980000.usb: base=(____ptrval____)
[    0.773346] Core Release: 2.80a
[    0.775835] Setting default values for core params
[    0.778384] Finished setting default values for core params
[    0.993889] Using Buffer DMA mode
[    0.996267] Periodic Transfer Interrupt Enhancement - disabled
[    0.998710] Multiprocessor Interrupt Enhancement - disabled
[    1.001138] OTG VER PARAM: 0, OTG VER FLAG: 0
[    1.003479] Dedicated Tx FIFOs mode
[    1.006579] WARN::dwc_otg_hcd_init:1074: FIQ DMA bounce buffers: virt = ffffff80090c1000 dma = 0x00000000fad14000 len=9024
[    1.011114] FIQ FSM acceleration enabled for :
[    1.011114] Non-periodic Split Transactions
[    1.011114] Periodic Split Transactions
[    1.011114] High-Speed Isochronous Endpoints
[    1.011114] Interrupt/Control Split Transaction hack enabled
[    1.022015] WARN::hcd_init_fiq:497: MPHI regs_base at ffffff800805d000
[    1.024323] dwc_otg 3f980000.usb: DWC OTG Controller
[    1.026629] dwc_otg 3f980000.usb: new USB bus registered, assigned bus number 1
[    1.029108] dwc_otg 3f980000.usb: irq 9, io mem 0x00000000
[    1.031502] Init: Port Power? op_state=1
[    1.033847] Init: Power Port (0)
[    1.036513] usb usb1: New USB device found, idVendor=1d6b, idProduct=0002, bcdDevice= 4.19
[    1.041251] usb usb1: New USB device strings: Mfr=3, Product=2, SerialNumber=1
[    1.043782] usb usb1: Product: DWC OTG Controller
[    1.046336] usb usb1: Manufacturer: Linux 4.19.118-v8+ dwc_otg_hcd
[    1.048867] usb usb1: SerialNumber: 3f980000.usb
[    1.052125] hub 1-0:1.0: USB hub found
[    1.054707] hub 1-0:1.0: 1 port detected
[    1.058373] usbcore: registered new interface driver uas
[    1.060842] usbcore: registered new interface driver usb-storage
[    1.063398] mousedev: PS/2 mouse device common for all mice
[    1.067238] bcm2835-wdt bcm2835-wdt: Broadcom BCM2835 watchdog timer
[    1.071164] cpufreq: cpufreq_online: CPU0: Running at unlisted freq: 600000 KHz
[    1.075921] cpufreq: cpufreq_online: CPU0: Unlisted initial frequency changed to: 700000 KHz
[    1.079215] sdhci: Secure Digital Host Controller Interface driver
[    1.080307] sdhci: Copyright(c) Pierre Ossman
[    1.081683] sdhost-bcm2835 3f202000.mmc: could not get clk, deferring probe
[    1.082894] sdhci-pltfm: SDHCI platform and OF driver helper
[    1.085368] ledtrig-cpu: registered to indicate activity on CPUs
[    1.086587] hidraw: raw HID events driver (C) Jiri Kosina
[    1.087802] usbcore: registered new interface driver usbhid
[    1.088907] usbhid: USB HID core driver
[    1.090596] vchiq: vchiq_init_state: slot_zero = (____ptrval____), is_master = 0
[    1.094900] Initializing XFRM netlink socket
[    1.096018] NET: Registered protocol family 17
[    1.097212] Key type dns_resolver registered
[    1.098996] registered taskstats version 1
[    1.100094] Loading compiled-in X.509 certificates
[    1.106825] uart-pl011 3f201000.serial: cts_event_workaround enabled
[    1.108052] 3f201000.serial: ttyAMA0 at MMIO 0x3f201000 (irq = 66, base_baud = 0) is a PL011 rev2
[    2.108559] console [ttyAMA0] enabled
[    2.114394] bcm2835-power bcm2835-power: Broadcom BCM2835 power domains driver
[    2.123765] sdhost: log_buf @ (____ptrval____) (fad13000)
[    2.179397] mmc0: sdhost-bcm2835 loaded - DMA enabled (>1)
[    2.187672] of_cfs_init
[    2.191277] of_cfs_init: OK
[    2.217037] Waiting for root device PARTUUID=4c999877-02...
[    2.224440] Indeed it is in host mode hprt0 = 00021501
[    2.298198] mmc0: host does not support reading read-only switch, assuming write-enable
[    2.313778] mmc0: new high speed SDHC card at address aaaa
[    2.321542] mmcblk0: mmc0:aaaa SC16G 14.8 GiB
[    2.331477]  mmcblk0: p1 p2
[    2.337847] random: fast init done
[    2.356237] EXT4-fs (mmcblk0p2): INFO: recovery required on readonly filesystem
[    2.364690] EXT4-fs (mmcblk0p2): write access will be enabled during recovery
[    2.410414] EXT4-fs (mmcblk0p2): recovery complete
[    2.418247] EXT4-fs (mmcblk0p2): mounted filesystem with ordered data mode. Opts: (null)
[    2.420325] usb 1-1: new high-speed USB device number 2 using dwc_otg
[    2.428542] VFS: Mounted root (ext4 filesystem) readonly on device 179:2.
[    2.444019] Indeed it is in host mode hprt0 = 00001101
[    2.456709] devtmpfs: mounted
[    2.463698] Freeing unused kernel memory: 1024K
[    2.469387] Run /sbin/init as init process
[    2.660611] usb 1-1: New USB device found, idVendor=0424, idProduct=2514, bcdDevice= b.b3
[    2.671122] usb 1-1: New USB device strings: Mfr=0, Product=0, SerialNumber=0
[    2.679960] hub 1-1:1.0: USB hub found
[    2.685050] hub 1-1:1.0: 4 ports detected
[    2.976336] usb 1-1.1: new high-speed USB device number 3 using dwc_otg
[    3.084608] usb 1-1.1: New USB device found, idVendor=0424, idProduct=2514, bcdDevice= b.b3
[    3.095307] usb 1-1.1: New USB device strings: Mfr=0, Product=0, SerialNumber=0
[    3.104190] systemd[1]: System time before build time, advancing clock.
[    3.104384] hub 1-1.1:1.0: USB hub found
[    3.117277] hub 1-1.1:1.0: 3 ports detected
[    3.260523] NET: Registered protocol family 10
[    3.267030] Segment Routing with IPv6
[    3.316355] systemd[1]: systemd 241 running in system mode. (+PAM +AUDIT +SELINUX +IMA +APPARMOR +SMACK +SYSVINIT +UTMP +LIBCRYPTSETUP +GCRYPT +GNUTLS +ACL +XZ +LZ4 +SECCOMP +B
LKID +ELFUTILS +KMOD -IDN2 +IDN -PCRE2 default-hierarchy=hybrid)
[    3.341858] systemd[1]: Detected architecture arm64.
[    3.359064] systemd[1]: Set hostname to <raspberrypi>.
[    3.450050] uart-pl011 3f201000.serial: no DMA platform data
[    3.687961] random: crng init done
[    3.708334] usb 1-1.1.1: new high-speed USB device number 4 using dwc_otg
[    3.820781] usb 1-1.1.1: New USB device found, idVendor=0424, idProduct=7800, bcdDevice= 3.00
[    3.831766] usb 1-1.1.1: New USB device strings: Mfr=0, Product=0, SerialNumber=0
[    3.966243] systemd[1]: Listening on Journal Socket (/dev/log).
[    3.975923] systemd[1]: Reached target Swap.
[    3.983566] systemd[1]: Listening on initctl Compatibility Named Pipe.
[    3.997414] systemd[1]: Created slice system-serial\x2dgetty.slice.
[    4.008175] systemd[1]: Created slice system-systemd\x2dfsck.slice.
[    4.039147] systemd[1]: Condition check resulted in Journal Audit Socket being skipped.
[    4.051093] systemd[1]: Created slice system-getty.slice.
[    4.107233] lan78xx 1-1.1.1:1.0 (unnamed net_device) (uninitialized): No External EEPROM. Setting MAC Speed
[    4.121100] libphy: lan78xx-mdiobus: probed
[    4.145066] lan78xx 1-1.1.1:1.0 (unnamed net_device) (uninitialized): int urb period 64

Raspbian GNU/Linux 10 raspberrypi ttyAMA0

raspberrypi login: [   58.024301] Unable to handle kernel paging request at virtual address 00000001000009d7
[   58.033741] Mem abort info:
[   58.037278]   ESR = 0x96000005
[   58.041090]   Exception class = DABT (current EL), IL = 32 bits
[   58.047794]   SET = 0, FnV = 0
[   58.051622]   EA = 0, S1PTW = 0
[   58.055522] Data abort info:
[   58.059142]   ISV = 0, ISS = 0x00000005
[   58.063723]   CM = 0, WnR = 0
[   58.067417] [00000001000009d7] address between user and kernel address ranges
[   58.075364] Internal error: Oops: 96000005 [#1] PREEMPT SMP
[   58.081766] Modules linked in: cfg80211 rfkill 8021q garp stp llc binfmt_misc bcm2835_codec(C) v4l2_mem2mem bcm2835_v4l2(C) bcm2835_mmal_vchiq(C) v4l2_common videobuf2_dma_cont
ig videobuf2_vmalloc videobuf2_memops videobuf2_v4l2 videobuf2_common raspberrypi_hwmon hwmon videodev media vc_sm_cma(C) uio_pdrv_genirq uio ip_tables x_tables ipv6
[   58.116767] Process test (pid: 468, stack limit = 0x00000000af1a3ce2)
[   58.124305] CPU: 0 PID: 468 Comm: test Tainted: G         C        4.19.118-v8+ #1311
[   58.134343] Hardware name: Raspberry Pi 3 Model B Plus Rev 1.3 (DT)
[   58.141747] pstate: 20000085 (nzCv daIf -PAN -UAO)
[   58.147643] pc : task_tick_fair+0x17c/0x578
[   58.152933] lr : task_tick_fair+0x378/0x578
[   58.158210] sp : ffffff8008003d10
[   58.162587] x29: ffffff8008003d10 x28: 0000000000000001 
[   58.168974] x27: 0000000d82845530 x26: 0000000000000080 
[   58.175363] x25: ffffff8008cac018 x24: afb504000afb5041 
[   58.181762] x23: ffffff8008cb8030 x22: 0000000000000000 
[   58.188162] x21: 0000000000000000 x20: ffffffc036d79800 
[   58.194566] x19: ffffffc03a37e340 x18: 0000000000000000 
[   58.200944] x17: 00000000000014cd x16: 0000000000000000 
[   58.207284] x15: 0000000000000000 x14: 0000000000000008 
[   58.213567] x13: 0000000000000000 x12: 003d090000000000 
[   58.219792] x11: 00003d08ffff9c00 x10: 0000000000006400 
[   58.225966] x9 : 00003d08ffff9c00 x8 : ffffff8008cba140 
[   58.232088] x7 : 0000a62bd14a9284 x6 : 000000000000ad52 
[   58.238175] x5 : 000000000000ad52 x4 : 0000000000000115 
[   58.244222] x3 : 000000000000b793 x2 : ffffffc03a37e340 
[   58.250232] x1 : 00000000ffffffff x0 : 0000000d82845530 
[   58.256213] Call trace:
[   58.259281]  task_tick_fair+0x17c/0x578
[   58.263728]  scheduler_tick+0x74/0x108
[   58.268079]  update_process_times+0x48/0x60
[   58.272890]  tick_sched_handle.isra.5+0x44/0x68
[   58.278058]  tick_sched_timer+0x5c/0xb0
[   58.282520]  __hrtimer_run_queues+0x118/0x380
[   58.287522]  hrtimer_interrupt+0xf8/0x258
[   58.292170]  arch_timer_handler_phys+0x3c/0x50
[   58.297264]  handle_percpu_devid_irq+0xa4/0x2a0
[   58.302447]  generic_handle_irq+0x34/0x50
[   58.307102]  __handle_domain_irq+0x8c/0x100
[   58.311941]  bcm2836_arm_irqchip_handle_irq+0x68/0xd8
[   58.317688]  el0_irq_naked+0x50/0x5c
[   58.321972] Code: 350010a0 f9409a61 aa1303e2 aa1b03e0 (b949d821) 
[   58.328831] ---[ end trace 70e5d7f50c1836d8 ]---
[   58.334222] Kernel panic - not syncing: Fatal exception in interrupt
[   58.341395] SMP: stopping secondary CPUs
[   58.346137] Kernel Offset: disabled
[   58.350447] CPU features: 0x0,24002004
[   58.355017] Memory Limit: none
[   58.358877] ---[ end Kernel panic - not syncing: Fatal exception in interrupt ]--- 
