[    0.000000] Booting Linux on physical CPU 0x0000000000 [0x410fd034]
[    0.000000] Linux version 4.19.118-v8+ (dom@buildbot) (gcc version 5.4.0 20160609 (Ubuntu/Linaro 5.4.0-6ubuntu1~16.04.9)) #1311 SMP PREEMPT Mon Apr 27 14:32:38 BST 2020
[    0.000000] Machine model: Raspberry Pi 3 Model B Plus Rev 1.3
[    0.000000] efi: Getting EFI parameters from FDT:
[    0.000000] efi: UEFI not found.
[    0.000000] cma: Reserved 8 MiB at 0x000000003ac00000
[    0.000000] random: get_random_bytes called from start_kernel+0xb8/0x47c with crng_init=0
[    0.000000] percpu: Embedded 24 pages/cpu s58840 r8192 d31272 u98304
[    0.000000] Detected VIPT I-cache on CPU0
[    0.000000] CPU features: enabling workaround for ARM erratum 843419
[    0.000000] CPU features: enabling workaround for ARM erratum 845719
[    0.000000] Built 1 zonelists, mobility grouping on.  Total pages: 238896
[    0.000000] Kernel command line: coherent_pool=1M 8250.nr_uarts=1 snd_bcm2835.enable_compat_alsa=0 snd_bcm2835.enable_hdmi=1 snd_bcm2835.enable_headphones=1 bcm2708_fb.fbwidth=
656 bcm2708_fb.fbheight=416 bcm2708_fb.fbswap=1 vc_mem.mem_base=0x3ec00000 vc_mem.mem_size=0x40000000  dwc_otg.lpm_enable=0 console=ttyAMA0,115200 console=tty1 root=PARTUUID=4c999
877-02 rootfstype=ext4 elevator=deadline fsck.repair=yes rootwait
[    0.000000] Dentry cache hash table entries: 131072 (order: 8, 1048576 bytes)
[    0.000000] Inode-cache hash table entries: 65536 (order: 7, 524288 bytes)
[    0.000000] Memory: 929092K/970752K available (8700K kernel code, 1074K rwdata, 2760K rodata, 1024K init, 1126K bss, 33468K reserved, 8192K cma-reserved)
[    0.000000] SLUB: HWalign=64, Order=0-3, MinObjects=0, CPUs=4, Nodes=1
[    0.000000] ftrace: allocating 30496 entries in 120 pages
[    0.000000] rcu: Preemptible hierarchical RCU implementation.
[    0.000000] rcu:     RCU restricting CPUs from NR_CPUS=64 to nr_cpu_ids=4.
[    0.000000]  Tasks RCU enabled.
[    0.000000] rcu: Adjusting geometry for rcu_fanout_leaf=16, nr_cpu_ids=4
[    0.000000] NR_IRQS: 64, nr_irqs: 64, preallocated irqs: 0
[    0.000000] arch_timer: cp15 timer(s) running at 19.20MHz (phys).
[    0.000000] clocksource: arch_sys_counter: mask: 0xffffffffffffff max_cycles: 0x46d987e47, max_idle_ns: 440795202767 ns
[    0.000007] sched_clock: 56 bits at 19MHz, resolution 52ns, wraps every 4398046511078ns
[    0.000270] Console: colour dummy device 80x25
[    0.000936] console [tty1] enabled
[    0.001005] Calibrating delay loop (skipped), value calculated using timer frequency.. 38.40 BogoMIPS (lpj=76800)
[    0.001058] pid_max: default: 32768 minimum: 301
[    0.001484] Mount-cache hash table entries: 2048 (order: 2, 16384 bytes)
[    0.001540] Mountpoint-cache hash table entries: 2048 (order: 2, 16384 bytes)
[    0.024102] ASID allocator initialised with 32768 entries
[    0.032099] rcu: Hierarchical SRCU implementation.
[    0.040733] EFI services will not be available.
[    0.048176] smp: Bringing up secondary CPUs ...
[    0.080442] Detected VIPT I-cache on CPU1
[    0.080511] CPU1: Booted secondary processor 0x0000000001 [0x410fd034]
[    0.112569] Detected VIPT I-cache on CPU2
[    0.112616] CPU2: Booted secondary processor 0x0000000002 [0x410fd034]
[    0.144732] Detected VIPT I-cache on CPU3
[    0.144778] CPU3: Booted secondary processor 0x0000000003 [0x410fd034]
[    0.144962] smp: Brought up 1 node, 4 CPUs
[    0.145116] SMP: Total of 4 processors activated.
[    0.145151] CPU features: detected: 32-bit EL0 Support
[    0.146121] CPU: All CPU(s) started at EL2
[    0.146195] alternatives: patching kernel code
[    0.147813] devtmpfs: initialized
[    0.164100] Enabled cp15_barrier support
[    0.164167] Enabled setend support
[    0.164745] clocksource: jiffies: mask: 0xffffffff max_cycles: 0xffffffff, max_idle_ns: 7645041785100000 ns
[    0.164807] futex hash table entries: 1024 (order: 4, 65536 bytes)
[    0.165527] pinctrl core: initialized pinctrl subsystem
[    0.166415] DMI not present or invalid.
[    0.166983] NET: Registered protocol family 16
[    0.173445] cpuidle: using governor menu
[    0.174073] hw-breakpoint: found 6 breakpoint and 4 watchpoint registers.
[    0.178697] DMA: preallocated 1024 KiB pool for atomic allocations
[    0.178875] Serial: AMBA PL011 UART driver
[    0.183477] bcm2835-mbox 3f00b880.mailbox: mailbox enabled
[    0.192929] raspberrypi-firmware soc:firmware: Attached to firmware from 2020-04-15 11:43, variant start
[    0.196948] raspberrypi-firmware soc:firmware: Firmware hash is 82f9bb929ce2186eb1824178c1ae82902ad6275c
[    0.245804] bcm2835-dma 3f007000.dma: DMA legacy API manager at (____ptrval____), dmachans=0x1
[    0.249095] vgaarb: loaded
[    0.249684] SCSI subsystem initialized
[    0.249983] usbcore: registered new interface driver usbfs
[    0.250077] usbcore: registered new interface driver hub
[    0.250260] usbcore: registered new device driver usb
[    0.250417] pps_core: LinuxPPS API ver. 1 registered
[    0.250450] pps_core: Software ver. 5.3.6 - Copyright 2005-2007 Rodolfo Giometti <giometti@linux.it>
[    0.250519] PTP clock support registered
[    0.252314] clocksource: Switched to clocksource arch_sys_counter
[    0.377378] VFS: Disk quotas dquot_6.6.0
[    0.377519] VFS: Dquot-cache hash table entries: 512 (order 0, 4096 bytes)
[    0.377752] FS-Cache: Loaded
[    0.378012] CacheFiles: Loaded
[    0.390031] NET: Registered protocol family 2
[    0.391001] tcp_listen_portaddr_hash hash table entries: 512 (order: 1, 8192 bytes)
[    0.391077] TCP established hash table entries: 8192 (order: 4, 65536 bytes)
[    0.391221] TCP bind hash table entries: 8192 (order: 5, 131072 bytes)
[    0.391439] TCP: Hash tables configured (established 8192 bind 8192)
[    0.391717] UDP hash table entries: 512 (order: 2, 16384 bytes)
[    0.391795] UDP-Lite hash table entries: 512 (order: 2, 16384 bytes)
[    0.392146] NET: Registered protocol family 1
[    0.393280] RPC: Registered named UNIX socket transport module.
[    0.393400] RPC: Registered udp transport module.
[    0.393432] RPC: Registered tcp transport module.
[    0.393463] RPC: Registered tcp NFSv4.1 backchannel transport module.
[    0.396201] hw perfevents: enabled with armv8_cortex_a53 PMU driver, 7 counters available
[    0.396474] kvm [1]: 8-bit VMID
[    0.397304] kvm [1]: Hyp mode initialized successfully
[    0.402234] Initialise system trusted keyrings
[    0.402580] workingset: timestamp_bits=46 max_order=18 bucket_order=0
[    0.415008] FS-Cache: Netfs 'nfs' registered for caching
[    0.420116] NFS: Registering the id_resolver key type
[    0.420182] Key type id_resolver registered
[    0.420213] Key type id_legacy registered
[    0.420255] nfs4filelayout_init: NFSv4 File Layout Driver Registering...
[    0.428174] Key type asymmetric registered
[    0.428224] Asymmetric key parser 'x509' registered
[    0.428363] Block layer SCSI generic (bsg) driver version 0.4 loaded (major 248)
[    0.428644] io scheduler noop registered
[    0.428678] io scheduler deadline registered (default)
[    0.428940] io scheduler cfq registered
[    0.428973] io scheduler mq-deadline registered (default)
[    0.429007] io scheduler kyber registered
[    0.432484] bcm2708_fb soc:fb: FB found 1 display(s)
[    0.443035] Console: switching to colour frame buffer device 82x26
[    0.447904] bcm2708_fb soc:fb: Registered framebuffer for display 0, size 656x416
[    0.455497] Serial: 8250/16550 driver, 1 ports, IRQ sharing enabled
[    0.460041] bcm2835-rng 3f104000.rng: hwrng registered
[    0.463025] vc-mem: phys_addr:0x00000000 mem_base=0x3ec00000 mem_size:0x40000000(1024 MiB)
[    0.468904] gpiomem-bcm2835 3f200000.gpiomem: Initialised: Registers at 0x3f200000
[    0.474477] cacheinfo: Unable to detect cache hierarchy for CPU 0
[    0.492663] brd: module loaded
[    0.510732] loop: module loaded
[    0.514497] Loading iSCSI transport class v2.0-870.
[    0.523817] libphy: Fixed MDIO Bus: probed
[    0.526820] usbcore: registered new interface driver r8152
[    0.529478] usbcore: registered new interface driver lan78xx
[    0.532081] usbcore: registered new interface driver smsc95xx
[    0.534962] dwc_otg: version 3.00a 10-AUG-2012 (platform bus)
[    0.565491] dwc_otg 3f980000.usb: base=(____ptrval____)
[    0.781324] Core Release: 2.80a
[    0.783816] Setting default values for core params
[    0.786362] Finished setting default values for core params
[    1.001865] Using Buffer DMA mode
[    1.004246] Periodic Transfer Interrupt Enhancement - disabled
[    1.006695] Multiprocessor Interrupt Enhancement - disabled
[    1.009128] OTG VER PARAM: 0, OTG VER FLAG: 0
[    1.011464] Dedicated Tx FIFOs mode
[    1.014747] WARN::dwc_otg_hcd_init:1074: FIQ DMA bounce buffers: virt = ffffff80090c1000 dma = 0x00000000fad14000 len=9024
[    1.019281] FIQ FSM acceleration enabled for :
[    1.019281] Non-periodic Split Transactions
[    1.019281] Periodic Split Transactions
[    1.019281] High-Speed Isochronous Endpoints
[    1.019281] Interrupt/Control Split Transaction hack enabled
[    1.030074] WARN::hcd_init_fiq:497: MPHI regs_base at ffffff800805d000
[    1.032383] dwc_otg 3f980000.usb: DWC OTG Controller
[    1.034719] dwc_otg 3f980000.usb: new USB bus registered, assigned bus number 1
[    1.037204] dwc_otg 3f980000.usb: irq 9, io mem 0x00000000
[    1.039607] Init: Port Power? op_state=1
[    1.041957] Init: Power Port (0)
[    1.044632] usb usb1: New USB device found, idVendor=1d6b, idProduct=0002, bcdDevice= 4.19
[    1.049428] usb usb1: New USB device strings: Mfr=3, Product=2, SerialNumber=1
[    1.051959] usb usb1: Product: DWC OTG Controller
[    1.054468] usb usb1: Manufacturer: Linux 4.19.118-v8+ dwc_otg_hcd
[    1.057004] usb usb1: SerialNumber: 3f980000.usb
[    1.060278] hub 1-0:1.0: USB hub found
[    1.062870] hub 1-0:1.0: 1 port detected
[    1.066525] usbcore: registered new interface driver uas
[    1.068996] usbcore: registered new interface driver usb-storage
[    1.071553] mousedev: PS/2 mouse device common for all mice
[    1.075399] bcm2835-wdt bcm2835-wdt: Broadcom BCM2835 watchdog timer
[    1.079342] cpufreq: cpufreq_online: CPU0: Running at unlisted freq: 600000 KHz
[    1.084098] cpufreq: cpufreq_online: CPU0: Unlisted initial frequency changed to: 700000 KHz
[    1.087384] sdhci: Secure Digital Host Controller Interface driver
[    1.088476] sdhci: Copyright(c) Pierre Ossman
[    1.089857] sdhost-bcm2835 3f202000.mmc: could not get clk, deferring probe
[    1.091069] sdhci-pltfm: SDHCI platform and OF driver helper
[    1.093541] ledtrig-cpu: registered to indicate activity on CPUs
[    1.094768] hidraw: raw HID events driver (C) Jiri Kosina
[    1.095986] usbcore: registered new interface driver usbhid
[    1.097091] usbhid: USB HID core driver
[    1.098780] vchiq: vchiq_init_state: slot_zero = (____ptrval____), is_master = 0
[    1.103038] Initializing XFRM netlink socket
[    1.104157] NET: Registered protocol family 17
[    1.105354] Key type dns_resolver registered
[    1.107138] registered taskstats version 1
[    1.108232] Loading compiled-in X.509 certificates
[    1.114980] uart-pl011 3f201000.serial: cts_event_workaround enabled
[    1.116204] 3f201000.serial: ttyAMA0 at MMIO 0x3f201000 (irq = 66, base_baud = 0) is a PL011 rev2
[    2.116711] console [ttyAMA0] enabled
[    2.122457] bcm2835-power bcm2835-power: Broadcom BCM2835 power domains driver
[    2.131701] sdhost: log_buf @ (____ptrval____) (fad13000)
[    2.187375] mmc0: sdhost-bcm2835 loaded - DMA enabled (>1)
[    2.195705] of_cfs_init
[    2.199353] of_cfs_init: OK
[    2.203713] Waiting for root device PARTUUID=4c999877-02...
[    2.232420] Indeed it is in host mode hprt0 = 00021501
[    2.282182] mmc0: host does not support reading read-only switch, assuming write-enable
[    2.309703] mmc0: new high speed SDHC card at address aaaa
[    2.319394] mmcblk0: mmc0:aaaa SC16G 14.8 GiB
[    2.329460]  mmcblk0: p1 p2
[    2.333340] random: fast init done
[    2.369146] EXT4-fs (mmcblk0p2): mounted filesystem with ordered data mode. Opts: (null)
[    2.379475] VFS: Mounted root (ext4 filesystem) readonly on device 179:2.
[    2.398013] devtmpfs: mounted
[    2.405214] Freeing unused kernel memory: 1024K
[    2.410951] Run /sbin/init as init process
[    2.452340] usb 1-1: new high-speed USB device number 2 using dwc_otg
[    2.460102] Indeed it is in host mode hprt0 = 00001101
[    2.676613] usb 1-1: New USB device found, idVendor=0424, idProduct=2514, bcdDevice= b.b3
[    2.687103] usb 1-1: New USB device strings: Mfr=0, Product=0, SerialNumber=0
[    2.695976] hub 1-1:1.0: USB hub found
[    2.701085] hub 1-1:1.0: 4 ports detected
[    2.992338] usb 1-1.1: new high-speed USB device number 3 using dwc_otg
[    3.039907] systemd[1]: System time before build time, advancing clock.
[    3.100616] usb 1-1.1: New USB device found, idVendor=0424, idProduct=2514, bcdDevice= b.b3
[    3.111349] usb 1-1.1: New USB device strings: Mfr=0, Product=0, SerialNumber=0
[    3.120397] hub 1-1.1:1.0: USB hub found
[    3.125656] hub 1-1.1:1.0: 3 ports detected
[    3.210890] NET: Registered protocol family 10
[    3.217436] Segment Routing with IPv6
[    3.266867] systemd[1]: systemd 241 running in system mode. (+PAM +AUDIT +SELINUX +IMA +APPARMOR +SMACK +SYSVINIT +UTMP +LIBCRYPTSETUP +GCRYPT +GNUTLS +ACL +XZ +LZ4 +SECCOMP +B
LKID +ELFUTILS +KMOD -IDN2 +IDN -PCRE2 default-hierarchy=hybrid)
[    3.292567] systemd[1]: Detected architecture arm64.
[    3.309791] systemd[1]: Set hostname to <raspberrypi>.
[    3.402166] uart-pl011 3f201000.serial: no DMA platform data
[    3.616728] random: crng init done
[    3.712348] usb 1-1.1.1: new high-speed USB device number 4 using dwc_otg
[    3.820776] usb 1-1.1.1: New USB device found, idVendor=0424, idProduct=7800, bcdDevice= 3.00
[    3.831705] usb 1-1.1.1: New USB device strings: Mfr=0, Product=0, SerialNumber=0
[    3.924959] systemd[1]: Created slice User and Session Slice.
[    3.934241] systemd[1]: Listening on fsck to fsckd communication Socket.
[    3.943906] systemd[1]: Reached target Swap.
[    3.951430] systemd[1]: Started Forward Password Requests to Wall Directory Watch.
[    3.963472] systemd[1]: Listening on udev Kernel Socket.
[    3.972561] systemd[1]: Set up automount Arbitrary Executable File Formats File System Automount Point.
[    3.986942] systemd[1]: Reached target Slices.
[    4.117763] lan78xx 1-1.1.1:1.0 (unnamed net_device) (uninitialized): No External EEPROM. Setting MAC Speed
[    4.130705] libphy: lan78xx-mdiobus: probed
[    4.169618] lan78xx 1-1.1.1:1.0 (unnamed net_device) (uninitialized): int urb period 64

Raspbian GNU/Linux 10 raspberrypi ttyAMA0

raspberrypi login: pi
Password: 
Last login: Thu Jul  9 15:22:55 CEST 2020 on ttyAMA0
Linux raspberrypi 4.19.118-v8+ #1311 SMP PREEMPT Mon Apr 27 14:32:38 BST 2020 aarch64

The programs included with the Debian GNU/Linux system are free software;
the exact distribution terms for each program are described in the
individual files in /usr/share/doc/*/copyright.

pi@raspberrypi:~$ [  170.458717] Unable to handle kernel paging request at virtual address ffffff803a393dc0
[  170.468183] Mem abort info:
[  170.471736]   ESR = 0x96000006
[  170.475549]   Exception class = DABT (current EL), IL = 32 bits
[  170.482262]   SET = 0, FnV = 0
[  170.486095]   EA = 0, S1PTW = 0
[  170.490005] Data abort info:
[  170.493634]   ISV = 0, ISS = 0x00000006
[  170.498221]   CM = 0, WnR = 0
[  170.501922] swapper pgtable: 4k pages, 39-bit VAs, pgdp = 0000000070417ed9
[  170.509599] [ffffff803a393dc0] pgd=000000003abfe003, pud=000000003abfe003, pmd=0000000000000000
[  170.520000] Internal error: Oops: 96000006 [#1] PREEMPT SMP
[  170.526484] Modules linked in: cfg80211 rfkill 8021q garp stp llc binfmt_misc bcm2835_codec(C) bcm2835_v4l2(C) v4l2_mem2mem bcm2835_mmal_vchiq(C) v4l2_common videobuf2_dma_cont
ig videobuf2_vmalloc videobuf2_memops videobuf2_v4l2 videobuf2_common raspberrypi_hwmon videodev hwmon media vc_sm_cma(C) uio_pdrv_genirq uio ip_tables x_tables ipv6
[  170.561787] Process swapper/1 (pid: 0, stack limit = 0x00000000cf6db7c7)
[  170.569642] CPU: 1 PID: 0 Comm: swapper/1 Tainted: G         C        4.19.118-v8+ #1311
[  170.579949] Hardware name: Raspberry Pi 3 Model B Plus Rev 1.3 (DT)
[  170.587379] pstate: 60000085 (nZCv daIf -PAN -UAO)
[  170.593351] pc : irq_work_needs_cpu+0x34/0xa8
[  170.598875] lr : irq_work_needs_cpu+0x2c/0xa8
[  170.604359] sp : ffffff8008efbe70
[  170.608800] x29: ffffff8008efbe70 x28: ffffffc039599d00 
[  170.615269] x27: 326ae1e08b85fc41 x26: 0000000000000000 
[  170.621744] x25: 0000000000000000 x24: ffffff8008b22190 
[  170.628226] x23: 0000000000000001 x22: 00000000316dd000 
[  170.634671] x21: ffffff8008cc93f8 x20: ffffff8008cb6dc8 
[  170.641088] x19: ffffff8008cb6dc0 x18: 0000000000000000 
[  170.647467] x17: 0000000000124a3a x16: 0000000000000000 
[  170.653817] x15: 0000000000000000 x14: 0000000000000000 
[  170.660110] x13: 0000000000000000 x12: 0000000000000000 
[  170.666345] x11: 0000000000000000 x10: 0000000000001930 
[  170.672515] x9 : ffffff8008efbe70 x8 : 0000000000000000 
[  170.678637] x7 : ffffff8008cc8688 x6 : 0000000000000003 
[  170.684704] x5 : 0000000000000000 x4 : 0000004031edd000 
[  170.690733] x3 : 0000000000000001 x2 : ffffff8008cac018 
[  170.696724] x1 : 0000004031edd000 x0 : 0000000000000001 
[  170.702688] Call trace:
[  170.705735]  irq_work_needs_cpu+0x34/0xa8
[  170.710346]  tick_nohz_next_event+0x11c/0x1a0
[  170.715300]  tick_nohz_idle_stop_tick+0x180/0x2e0
[  170.720624]  do_idle+0x21c/0x240
[  170.724457]  cpu_startup_entry+0x2c/0x30
[  170.728999]  secondary_start_kernel+0x188/0x1d8
[  170.734152] Code: f8605ab6 940cc6d0 91002274 f8605aa1 (f8766a60) 
[  170.740901] ---[ end trace 852b394c5b2f3938 ]---
[  170.746190] Kernel panic - not syncing: Attempted to kill the idle task!
[  170.753604] SMP: stopping secondary CPUs
[  170.758236] Kernel Offset: disabled
[  170.762440] CPU features: 0x0,24002004
[  170.766918] Memory Limit: none
[  170.770721] ---[ end Kernel panic - not syncing: Attempted to kill the idle task! ]---
[  170.780344] WARNING: CPU: 1 PID: 0 at kernel/sched/core.c:1164 set_task_cpu+0x1d8/0x200
[  170.790212] Modules linked in: cfg80211 rfkill 8021q garp stp llc binfmt_misc bcm2835_codec(C) bcm2835_v4l2(C) v4l2_mem2mem bcm2835_mmal_vchiq(C) v4l2_common videobuf2_dma_cont
ig videobuf2_vmalloc videobuf2_memops videobuf2_v4l2 videobuf2_common raspberrypi_hwmon videodev hwmon media vc_sm_cma(C) uio_pdrv_genirq uio ip_tables x_tables ipv6
[  170.825802] CPU: 1 PID: 0 Comm: swapper/1 Tainted: G      D  C        4.19.118-v8+ #1311
[  170.836276] Hardware name: Raspberry Pi 3 Model B Plus Rev 1.3 (DT)
[  170.843792] pstate: 60000085 (nZCv daIf -PAN -UAO)
[  170.849842] pc : set_task_cpu+0x1d8/0x200
[  170.855089] lr : try_to_wake_up+0x160/0x498
[  170.860487] sp : ffffff800800bbf0
[  170.864982] x29: ffffff800800bbf0 x28: ffffffc039407c00 
[  170.871468] x27: ffffffc0395fa0a8 x26: 0000000000000000 
[  170.877948] x25: ffffff8008cb9000 x24: ffffff8008cc9000 
[  170.884429] x23: 0000000000000080 x22: ffffffc0395fa49c 
[  170.890908] x21: 0000000000000004 x20: 0000000000000000 
[  170.897354] x19: ffffffc0395f9d00 x18: ffffff8009909dd8 
[  170.903766] x17: 0000000000000000 x16: 0000000000000000 
[  170.910136] x15: 0000000000000a40 x14: 0000000000000020 
[  170.916454] x13: 0000000000000008 x12: 0000000000000001 
[  170.922713] x11: 0000000000000000 x10: 0000000000000001 
[  170.928909] x9 : 00000000ffffffff x8 : 0000000000000040 
[  170.935050] x7 : 0000000000000000 x6 : ffffffc039000248 
[  170.941144] x5 : 0000000000000000 x4 : ffffffffffffffff 
[  170.947190] x3 : 0000000000000000 x2 : ffffff8008cc86d8 
[  170.953193] x1 : ffffff8008cc8000 x0 : 0000000000000002 
[  170.959165] Call trace:
[  170.962227]  set_task_cpu+0x1d8/0x200
[  170.966491]  try_to_wake_up+0x160/0x498
[  170.970920]  default_wake_function+0x34/0x48
[  170.975792]  __wake_up_common+0xa4/0x158
[  170.980315]  __wake_up_locked+0x40/0x50
[  170.984739]  complete+0x50/0x70
[  170.988459]  response_callback+0x20/0x30
[  170.992972]  mbox_chan_received_data+0x30/0x40
[  170.998018]  bcm2835_mbox_irq+0x60/0xb0
[  171.002462]  __handle_irq_event_percpu+0x74/0x2a8
[  171.007779]  handle_irq_event_percpu+0x40/0x98
[  171.012837]  handle_irq_event+0x50/0x80
[  171.017294]  handle_level_irq+0xd8/0x198
[  171.021842]  generic_handle_irq+0x34/0x50
[  171.026502]  bcm2836_chained_handle_irq+0x40/0x60
[  171.031879]  generic_handle_irq+0x34/0x50
[  171.036561]  __handle_domain_irq+0x8c/0x100
[  171.041431]  bcm2836_arm_irqchip_handle_irq+0x68/0xd8
[  171.047206]  el1_irq+0xb4/0x130
[  171.051062]  panic+0x248/0x294
[  171.054807]  do_exit+0x83c/0xa88
[  171.058719]  die+0x19c/0x1c0
[  171.062279]  die_kernel_fault+0x68/0x78
[  171.066795]  __do_kernel_fault+0x8c/0xb8
[  171.071400]  do_translation_fault+0x60/0xb8
[  171.076280]  do_mem_abort+0x68/0x128
[  171.080546]  el1_da+0x20/0x80
[  171.084198]  irq_work_needs_cpu+0x34/0xa8
[  171.088899]  tick_nohz_next_event+0x11c/0x1a0
[  171.093948]  tick_nohz_idle_stop_tick+0x180/0x2e0
[  171.099335]  do_idle+0x21c/0x240
[  171.103233]  cpu_startup_entry+0x2c/0x30
[  171.107838]  secondary_start_kernel+0x188/0x1d8
[  171.113073] ---[ end trace 852b394c5b2f3939 ]---
