[    0.000000] Booting Linux on physical CPU 0x0000000000 [0x410fd034]
[    0.000000] Linux version 4.19.118-v8+ (dom@buildbot) (gcc version 5.4.0 20160609 (Ubuntu/Linaro 5.4.0-6ubuntu1~16.04.9)) #1311 SMP PREEMPT Mon Apr 27 14:32:38 BST 2020
[    0.000000] Machine model: Raspberry Pi 3 Model B Plus Rev 1.3
[    0.000000] efi: Getting EFI parameters from FDT:
[    0.000000] efi: UEFI not found.
[    0.000000] cma: Reserved 8 MiB at 0x000000003ac00000
[    0.000000] random: get_random_bytes called from start_kernel+0xb8/0x47c with crng_init=0
[    0.000000] percpu: Embedded 24 pages/cpu s58840 r8192 d31272 u98304
[    0.000000] Detected VIPT I-cache on CPU0
[    0.000000] CPU features: enabling workaround for ARM erratum 843419
[    0.000000] CPU features: enabling workaround for ARM erratum 845719
[    0.000000] Built 1 zonelists, mobility grouping on.  Total pages: 238896
[    0.000000] Kernel command line: coherent_pool=1M 8250.nr_uarts=1 snd_bcm2835.enable_compat_alsa=0 snd_bcm2835.enable_hdmi=1 snd_bcm2835.enable_headphones=1 bcm2708_fb.fbwidth=
656 bcm2708_fb.fbheight=416 bcm2708_fb.fbswap=1 vc_mem.mem_base=0x3ec00000 vc_mem.mem_size=0x40000000  dwc_otg.lpm_enable=0 console=ttyAMA0,115200 console=tty1 root=PARTUUID=4c999
877-02 rootfstype=ext4 elevator=deadline fsck.repair=yes rootwait
[    0.000000] Dentry cache hash table entries: 131072 (order: 8, 1048576 bytes)
[    0.000000] Inode-cache hash table entries: 65536 (order: 7, 524288 bytes)
[    0.000000] Memory: 929092K/970752K available (8700K kernel code, 1074K rwdata, 2760K rodata, 1024K init, 1126K bss, 33468K reserved, 8192K cma-reserved)
[    0.000000] SLUB: HWalign=64, Order=0-3, MinObjects=0, CPUs=4, Nodes=1
[    0.000000] ftrace: allocating 30496 entries in 120 pages
[    0.000000] rcu: Preemptible hierarchical RCU implementation.
[    0.000000] rcu:     RCU restricting CPUs from NR_CPUS=64 to nr_cpu_ids=4.
[    0.000000]  Tasks RCU enabled.
[    0.000000] rcu: Adjusting geometry for rcu_fanout_leaf=16, nr_cpu_ids=4
[    0.000000] NR_IRQS: 64, nr_irqs: 64, preallocated irqs: 0
[    0.000000] arch_timer: cp15 timer(s) running at 19.20MHz (phys).
[    0.000000] clocksource: arch_sys_counter: mask: 0xffffffffffffff max_cycles: 0x46d987e47, max_idle_ns: 440795202767 ns
[    0.000007] sched_clock: 56 bits at 19MHz, resolution 52ns, wraps every 4398046511078ns
[    0.000271] Console: colour dummy device 80x25
[    0.000937] console [tty1] enabled
[    0.001007] Calibrating delay loop (skipped), value calculated using timer frequency.. 38.40 BogoMIPS (lpj=76800)
[    0.001059] pid_max: default: 32768 minimum: 301
[    0.001493] Mount-cache hash table entries: 2048 (order: 2, 16384 bytes)
[    0.001549] Mountpoint-cache hash table entries: 2048 (order: 2, 16384 bytes)
[    0.024102] ASID allocator initialised with 32768 entries
[    0.032098] rcu: Hierarchical SRCU implementation.
[    0.040735] EFI services will not be available.
[    0.048174] smp: Bringing up secondary CPUs ...
[    0.080441] Detected VIPT I-cache on CPU1
[    0.080511] CPU1: Booted secondary processor 0x0000000001 [0x410fd034]
[    0.112566] Detected VIPT I-cache on CPU2
[    0.112615] CPU2: Booted secondary processor 0x0000000002 [0x410fd034]
[    0.144731] Detected VIPT I-cache on CPU3
[    0.144777] CPU3: Booted secondary processor 0x0000000003 [0x410fd034]
[    0.144962] smp: Brought up 1 node, 4 CPUs
[    0.145115] SMP: Total of 4 processors activated.
[    0.145149] CPU features: detected: 32-bit EL0 Support
[    0.146121] CPU: All CPU(s) started at EL2
[    0.146195] alternatives: patching kernel code
[    0.147815] devtmpfs: initialized
[    0.164103] Enabled cp15_barrier support
[    0.164170] Enabled setend support
[    0.164749] clocksource: jiffies: mask: 0xffffffff max_cycles: 0xffffffff, max_idle_ns: 7645041785100000 ns
[    0.164810] futex hash table entries: 1024 (order: 4, 65536 bytes)
[    0.165525] pinctrl core: initialized pinctrl subsystem
[    0.166412] DMI not present or invalid.
[    0.166981] NET: Registered protocol family 16
[    0.173437] cpuidle: using governor menu
[    0.174064] hw-breakpoint: found 6 breakpoint and 4 watchpoint registers.
[    0.178685] DMA: preallocated 1024 KiB pool for atomic allocations
[    0.178865] Serial: AMBA PL011 UART driver
[    0.183458] bcm2835-mbox 3f00b880.mailbox: mailbox enabled
[    0.192925] raspberrypi-firmware soc:firmware: Attached to firmware from 2020-04-15 11:43, variant start
[    0.196943] raspberrypi-firmware soc:firmware: Firmware hash is 82f9bb929ce2186eb1824178c1ae82902ad6275c
[    0.245791] bcm2835-dma 3f007000.dma: DMA legacy API manager at (____ptrval____), dmachans=0x1
[    0.249090] vgaarb: loaded
[    0.249681] SCSI subsystem initialized
[    0.249980] usbcore: registered new interface driver usbfs
[    0.250075] usbcore: registered new interface driver hub
[    0.250256] usbcore: registered new device driver usb
[    0.250414] pps_core: LinuxPPS API ver. 1 registered
[    0.250448] pps_core: Software ver. 5.3.6 - Copyright 2005-2007 Rodolfo Giometti <giometti@linux.it>
[    0.250516] PTP clock support registered
[    0.252339] clocksource: Switched to clocksource arch_sys_counter
[    0.377596] VFS: Disk quotas dquot_6.6.0
[    0.377736] VFS: Dquot-cache hash table entries: 512 (order 0, 4096 bytes)
[    0.378019] FS-Cache: Loaded
[    0.378280] CacheFiles: Loaded
[    0.390344] NET: Registered protocol family 2
[    0.391312] tcp_listen_portaddr_hash hash table entries: 512 (order: 1, 8192 bytes)
[    0.391388] TCP established hash table entries: 8192 (order: 4, 65536 bytes)
[    0.391531] TCP bind hash table entries: 8192 (order: 5, 131072 bytes)
[    0.391750] TCP: Hash tables configured (established 8192 bind 8192)
[    0.392029] UDP hash table entries: 512 (order: 2, 16384 bytes)
[    0.392106] UDP-Lite hash table entries: 512 (order: 2, 16384 bytes)
[    0.392538] NET: Registered protocol family 1
[    0.393540] RPC: Registered named UNIX socket transport module.
[    0.393577] RPC: Registered udp transport module.
[    0.393607] RPC: Registered tcp transport module.
[    0.393637] RPC: Registered tcp NFSv4.1 backchannel transport module.
[    0.396225] hw perfevents: enabled with armv8_cortex_a53 PMU driver, 7 counters available
[    0.396498] kvm [1]: 8-bit VMID
[    0.397340] kvm [1]: Hyp mode initialized successfully
[    0.402264] Initialise system trusted keyrings
[    0.402604] workingset: timestamp_bits=46 max_order=18 bucket_order=0
[    0.414920] FS-Cache: Netfs 'nfs' registered for caching
[    0.415985] NFS: Registering the id_resolver key type
[    0.416046] Key type id_resolver registered
[    0.416077] Key type id_legacy registered
[    0.416119] nfs4filelayout_init: NFSv4 File Layout Driver Registering...
[    0.423894] Key type asymmetric registered
[    0.423943] Asymmetric key parser 'x509' registered
[    0.424041] Block layer SCSI generic (bsg) driver version 0.4 loaded (major 248)
[    0.424381] io scheduler noop registered
[    0.424417] io scheduler deadline registered (default)
[    0.424708] io scheduler cfq registered
[    0.424742] io scheduler mq-deadline registered (default)
[    0.424776] io scheduler kyber registered
[    0.428380] bcm2708_fb soc:fb: FB found 1 display(s)
[    0.439698] Console: switching to colour frame buffer device 82x26
[    0.444649] bcm2708_fb soc:fb: Registered framebuffer for display 0, size 656x416
[    0.452063] Serial: 8250/16550 driver, 1 ports, IRQ sharing enabled
[    0.456660] bcm2835-rng 3f104000.rng: hwrng registered
[    0.459587] vc-mem: phys_addr:0x00000000 mem_base=0x3ec00000 mem_size:0x40000000(1024 MiB)
[    0.465438] gpiomem-bcm2835 3f200000.gpiomem: Initialised: Registers at 0x3f200000
[    0.470975] cacheinfo: Unable to detect cache hierarchy for CPU 0
[    0.489304] brd: module loaded
[    0.507430] loop: module loaded
[    0.511172] Loading iSCSI transport class v2.0-870.
[    0.516560] libphy: Fixed MDIO Bus: probed
[    0.519486] usbcore: registered new interface driver r8152
[    0.522151] usbcore: registered new interface driver lan78xx
[    0.524777] usbcore: registered new interface driver smsc95xx
[    0.527627] dwc_otg: version 3.00a 10-AUG-2012 (platform bus)
[    0.558165] dwc_otg 3f980000.usb: base=(____ptrval____)
[    0.774244] Core Release: 2.80a
[    0.776767] Setting default values for core params
[    0.779280] Finished setting default values for core params
[    0.994983] Using Buffer DMA mode
[    0.997386] Periodic Transfer Interrupt Enhancement - disabled
[    0.999799] Multiprocessor Interrupt Enhancement - disabled
[    1.002226] OTG VER PARAM: 0, OTG VER FLAG: 0
[    1.004591] Dedicated Tx FIFOs mode
[    1.007709] WARN::dwc_otg_hcd_init:1074: FIQ DMA bounce buffers: virt = ffffff80090c1000 dma = 0x00000000fad14000 len=9024
[    1.012250] FIQ FSM acceleration enabled for :
[    1.012250] Non-periodic Split Transactions
[    1.012250] Periodic Split Transactions
[    1.012250] High-Speed Isochronous Endpoints
[    1.012250] Interrupt/Control Split Transaction hack enabled
[    1.023044] WARN::hcd_init_fiq:497: MPHI regs_base at ffffff800805d000
[    1.025355] dwc_otg 3f980000.usb: DWC OTG Controller
[    1.027664] dwc_otg 3f980000.usb: new USB bus registered, assigned bus number 1
[    1.030148] dwc_otg 3f980000.usb: irq 9, io mem 0x00000000
[    1.032580] Init: Port Power? op_state=1
[    1.034908] Init: Power Port (0)
[    1.037611] usb usb1: New USB device found, idVendor=1d6b, idProduct=0002, bcdDevice= 4.19
[    1.042360] usb usb1: New USB device strings: Mfr=3, Product=2, SerialNumber=1
[    1.044976] usb usb1: Product: DWC OTG Controller
[    1.047460] usb usb1: Manufacturer: Linux 4.19.118-v8+ dwc_otg_hcd
[    1.049996] usb usb1: SerialNumber: 3f980000.usb
[    1.053269] hub 1-0:1.0: USB hub found
[    1.055768] hub 1-0:1.0: 1 port detected
[    1.059445] usbcore: registered new interface driver uas
[    1.061911] usbcore: registered new interface driver usb-storage
[    1.064495] mousedev: PS/2 mouse device common for all mice
[    1.068305] bcm2835-wdt bcm2835-wdt: Broadcom BCM2835 watchdog timer
[    1.072211] cpufreq: cpufreq_online: CPU0: Running at unlisted freq: 600000 KHz
[    1.076984] cpufreq: cpufreq_online: CPU0: Unlisted initial frequency changed to: 700000 KHz
[    1.080255] sdhci: Secure Digital Host Controller Interface driver
[    1.081341] sdhci: Copyright(c) Pierre Ossman
[    1.082702] sdhost-bcm2835 3f202000.mmc: could not get clk, deferring probe
[    1.083907] sdhci-pltfm: SDHCI platform and OF driver helper
[    1.086389] ledtrig-cpu: registered to indicate activity on CPUs
[    1.087613] hidraw: raw HID events driver (C) Jiri Kosina
[    1.088846] usbcore: registered new interface driver usbhid
[    1.089928] usbhid: USB HID core driver
[    1.091591] vchiq: vchiq_init_state: slot_zero = (____ptrval____), is_master = 0
[    1.095885] Initializing XFRM netlink socket
[    1.097035] NET: Registered protocol family 17
[    1.098183] Key type dns_resolver registered
[    1.099939] registered taskstats version 1
[    1.101049] Loading compiled-in X.509 certificates
[    1.107808] uart-pl011 3f201000.serial: cts_event_workaround enabled
[    1.109084] 3f201000.serial: ttyAMA0 at MMIO 0x3f201000 (irq = 66, base_baud = 0) is a PL011 rev2
[    2.109528] console [ttyAMA0] enabled
[    2.115274] bcm2835-power bcm2835-power: Broadcom BCM2835 power domains driver
[    2.124508] sdhost: log_buf @ (____ptrval____) (fad13000)
[    2.180060] mmc0: sdhost-bcm2835 loaded - DMA enabled (>1)
[    2.188408] of_cfs_init
[    2.192020] of_cfs_init: OK
[    2.196411] Waiting for root device PARTUUID=4c999877-02...
[    2.228431] Indeed it is in host mode hprt0 = 00021501
[    2.270217] mmc0: host does not support reading read-only switch, assuming write-enable
[    2.297727] mmc0: new high speed SDHC card at address aaaa
[    2.313152] mmcblk0: mmc0:aaaa SC16G 14.8 GiB
[    2.328976]  mmcblk0: p1 p2
[    2.342786] random: fast init done
[    2.360953] EXT4-fs (mmcblk0p2): mounted filesystem with ordered data mode. Opts: (null)
[    2.371294] VFS: Mounted root (ext4 filesystem) readonly on device 179:2.
[    2.389168] devtmpfs: mounted
[    2.396314] Freeing unused kernel memory: 1024K
[    2.402076] Run /sbin/init as init process
[    2.448360] usb 1-1: new high-speed USB device number 2 using dwc_otg
[    2.456080] Indeed it is in host mode hprt0 = 00001101
[    2.672642] usb 1-1: New USB device found, idVendor=0424, idProduct=2514, bcdDevice= b.b3
[    2.683114] usb 1-1: New USB device strings: Mfr=0, Product=0, SerialNumber=0
[    2.692004] hub 1-1:1.0: USB hub found
[    2.697102] hub 1-1:1.0: 4 ports detected
[    2.988362] usb 1-1.1: new high-speed USB device number 3 using dwc_otg
[    3.036093] systemd[1]: System time before build time, advancing clock.
[    3.096632] usb 1-1.1: New USB device found, idVendor=0424, idProduct=2514, bcdDevice= b.b3
[    3.107359] usb 1-1.1: New USB device strings: Mfr=0, Product=0, SerialNumber=0
[    3.116410] hub 1-1.1:1.0: USB hub found
[    3.121672] hub 1-1.1:1.0: 3 ports detected
[    3.201387] NET: Registered protocol family 10
[    3.207907] Segment Routing with IPv6
[    3.257387] systemd[1]: systemd 241 running in system mode. (+PAM +AUDIT +SELINUX +IMA +APPARMOR +SMACK +SYSVINIT +UTMP +LIBCRYPTSETUP +GCRYPT +GNUTLS +ACL +XZ +LZ4 +SECCOMP +B
LKID +ELFUTILS +KMOD -IDN2 +IDN -PCRE2 default-hierarchy=hybrid)
[    3.282898] systemd[1]: Detected architecture arm64.
[    3.300238] systemd[1]: Set hostname to <raspberrypi>.
[    3.413193] uart-pl011 3f201000.serial: no DMA platform data
[    3.655400] random: crng init done
[    3.708398] usb 1-1.1.1: new high-speed USB device number 4 using dwc_otg
[    3.820838] usb 1-1.1.1: New USB device found, idVendor=0424, idProduct=7800, bcdDevice= 3.00
[    3.831833] usb 1-1.1.1: New USB device strings: Mfr=0, Product=0, SerialNumber=0
[    3.929790] systemd[1]: Listening on Syslog Socket.
[    3.938090] systemd[1]: Started Forward Password Requests to Wall Directory Watch.
[    3.971561] systemd[1]: Condition check resulted in Journal Audit Socket being skipped.
[    3.983385] systemd[1]: Set up automount Arbitrary Executable File Formats File System Automount Point.
[    3.998090] systemd[1]: Listening on initctl Compatibility Named Pipe.
[    4.008821] systemd[1]: Listening on udev Control Socket.
[    4.018239] systemd[1]: Started Dispatch Password Requests to Console Directory Watch.
[    4.137028] lan78xx 1-1.1.1:1.0 (unnamed net_device) (uninitialized): No External EEPROM. Setting MAC Speed
[    4.149991] libphy: lan78xx-mdiobus: probed
[    4.169750] lan78xx 1-1.1.1:1.0 (unnamed net_device) (uninitialized): int urb period 64

Raspbian GNU/Linux 10 raspberrypi ttyAMA0

raspberrypi login: [  121.568459] Unable to handle kernel paging request at virtual address 0003205f49edcfbb
[  121.577874] Mem abort info:
[  121.581426]   ESR = 0x96000004
[  121.585230]   Exception class = DABT (current EL), IL = 32 bits
[  121.591924]   SET = 0, FnV = 0
[  121.595749]   EA = 0, S1PTW = 0
[  121.599658] Data abort info:
[  121.603298]   ISV = 0, ISS = 0x00000004
[  121.607884]   CM = 0, WnR = 0
[  121.611585] [0003205f49edcfbb] address between user and kernel address ranges
[  121.619536] Internal error: Oops: 96000004 [#1] PREEMPT SMP
[  121.625943] Modules linked in: cfg80211 rfkill 8021q garp stp llc binfmt_misc bcm2835_codec(C) bcm2835_v4l2(C) v4l2_mem2mem bcm2835_mmal_vchiq(C) v4l2_common videobuf2_dma_cont
ig videobuf2_vmalloc videobuf2_memops videobuf2_v4l2 videobuf2_common raspberrypi_hwmon hwmon videodev media vc_sm_cma(C) uio_pdrv_genirq uio ip_tables x_tables ipv6
[  121.660963] Process swapper/1 (pid: 0, stack limit = 0x00000000faee19bf)
[  121.668772] CPU: 1 PID: 0 Comm: swapper/1 Tainted: G         C        4.19.118-v8+ #1311
[  121.679086] Hardware name: Raspberry Pi 3 Model B Plus Rev 1.3 (DT)
[  121.686496] pstate: 20000085 (nzCv daIf -PAN -UAO)
[  121.692400] pc : rcu_check_callbacks+0x54/0xa58
[  121.698051] lr : update_process_times+0x34/0x60
[  121.703710] sp : ffffff800800bd00
[  121.708127] x29: ffffff800800bd00 x28: 0000000000000001 
[  121.714547] x27: ffffff8008cac018 x26: 0000000000000080 
[  121.720962] x25: ffffff8008cac018 x24: ffffff8008cc86d8 
[  121.727378] x23: ffffff80081685d0 x22: ffffffc03ab91780 
[  121.733788] x21: ffffff8008efbdc0 x20: ffffff8008ce2000 
[  121.740185] x19: 0000000000000000 x18: 0000000000000000 
[  121.746560] x17: 0000000000000000 x16: 0000000000000000 
[  121.752881] x15: 0000000000000000 x14: 0000000000000000 
[  121.759139] x13: 00000000000ffe00 x12: 00000000ffe01000 
[  121.765343] x11: 0000000000000000 x10: 0000000000001930 
[  121.771490] x9 : ffffff8008efbe70 x8 : 0000000000000040 
[  121.777591] x7 : 0000000000000000 x6 : 0036689b0a390c1c 
[  121.783654] x5 : 0000000000000018 x4 : ffffff8008ce3040 
[  121.789675] x3 : 0000004031edd000 x2 : 0000004031edd000 
[  121.795664] x1 : ffffff8008460c40 x0 : d503201f17ffffbb 
[  121.801630] Call trace:
[  121.804682]  rcu_check_callbacks+0x54/0xa58
[  121.809472]  update_process_times+0x34/0x60
[  121.814257]  tick_sched_handle.isra.5+0x44/0x68
[  121.819391]  tick_sched_timer+0x5c/0xb0
[  121.823811]  __hrtimer_run_queues+0x118/0x380
[  121.828766]  hrtimer_interrupt+0xf8/0x258
[  121.833389]  arch_timer_handler_phys+0x3c/0x50
[  121.838466]  handle_percpu_devid_irq+0xa4/0x2a0
[  121.843636]  generic_handle_irq+0x34/0x50
[  121.848291]  __handle_domain_irq+0x8c/0x100
[  121.853123]  bcm2836_arm_irqchip_handle_irq+0x68/0xd8
[  121.858861]  el1_irq+0xb4/0x130
[  121.862706]  arch_cpu_idle+0x30/0x1f0
[  121.867088]  default_idle_call+0x24/0x40
[  121.871743]  do_idle+0x224/0x240
[  121.875702]  cpu_startup_entry+0x28/0x30
[  121.880363]  secondary_start_kernel+0x188/0x1d8
[  121.885643] Code: 54000160 f9450c20 d538d083 9100c000 (f8636802) 
[  121.892523] ---[ end trace 1ecf8aee269ddf43 ]---
[  121.897926] Kernel panic - not syncing: Fatal exception in interrupt
[  121.905099] SMP: stopping secondary CPUs
[  121.909840] Kernel Offset: disabled
[  121.914137] CPU features: 0x0,24002004
[  121.918689] Memory Limit: none
[  121.922539] ---[ end Kernel panic - not syncing: Fatal exception in interrupt ]--- 
