[    0.000000] Booting Linux on physical CPU 0x0000000000 [0x410fd034]
[    0.000000] Linux version 4.19.118-v8+ (dom@buildbot) (gcc version 5.4.0 20160609 (Ubuntu/Linaro 5.4.0-6ubuntu1~16.04.9)) #1311 SMP PREEMPT Mon Apr 27 14:32:38 BST 2020
[    0.000000] Machine model: Raspberry Pi 3 Model B Plus Rev 1.3
[    0.000000] efi: Getting EFI parameters from FDT:
[    0.000000] efi: UEFI not found.
[    0.000000] cma: Reserved 8 MiB at 0x000000003ac00000
[    0.000000] random: get_random_bytes called from start_kernel+0xb8/0x47c with crng_init=0
[    0.000000] percpu: Embedded 24 pages/cpu s58840 r8192 d31272 u98304
[    0.000000] Detected VIPT I-cache on CPU0
[    0.000000] CPU features: enabling workaround for ARM erratum 843419
[    0.000000] CPU features: enabling workaround for ARM erratum 845719
[    0.000000] Built 1 zonelists, mobility grouping on.  Total pages: 238896
[    0.000000] Kernel command line: coherent_pool=1M 8250.nr_uarts=1 snd_bcm2835.enable_compat_alsa=0 snd_bcm2835.enable_hdmi=1 snd_bcm2835.enable_headphones=1 bcm2708_fb.fbwidth=
656 bcm2708_fb.fbheight=416 bcm2708_fb.fbswap=1 vc_mem.mem_base=0x3ec00000 vc_mem.mem_size=0x40000000  dwc_otg.lpm_enable=0 console=ttyAMA0,115200 console=tty1 root=PARTUUID=4c999
877-02 rootfstype=ext4 elevator=deadline fsck.repair=yes rootwait
[    0.000000] Dentry cache hash table entries: 131072 (order: 8, 1048576 bytes)
[    0.000000] Inode-cache hash table entries: 65536 (order: 7, 524288 bytes)
[    0.000000] Memory: 929092K/970752K available (8700K kernel code, 1074K rwdata, 2760K rodata, 1024K init, 1126K bss, 33468K reserved, 8192K cma-reserved)
[    0.000000] SLUB: HWalign=64, Order=0-3, MinObjects=0, CPUs=4, Nodes=1
[    0.000000] ftrace: allocating 30496 entries in 120 pages
[    0.000000] rcu: Preemptible hierarchical RCU implementation.
[    0.000000] rcu:     RCU restricting CPUs from NR_CPUS=64 to nr_cpu_ids=4.
[    0.000000]  Tasks RCU enabled.
[    0.000000] rcu: Adjusting geometry for rcu_fanout_leaf=16, nr_cpu_ids=4
[    0.000000] NR_IRQS: 64, nr_irqs: 64, preallocated irqs: 0
[    0.000000] arch_timer: cp15 timer(s) running at 19.20MHz (phys).
[    0.000000] clocksource: arch_sys_counter: mask: 0xffffffffffffff max_cycles: 0x46d987e47, max_idle_ns: 440795202767 ns
[    0.000007] sched_clock: 56 bits at 19MHz, resolution 52ns, wraps every 4398046511078ns
[    0.000272] Console: colour dummy device 80x25
[    0.000938] console [tty1] enabled
[    0.001008] Calibrating delay loop (skipped), value calculated using timer frequency.. 38.40 BogoMIPS (lpj=76800)
[    0.001060] pid_max: default: 32768 minimum: 301
[    0.001494] Mount-cache hash table entries: 2048 (order: 2, 16384 bytes)
[    0.001551] Mountpoint-cache hash table entries: 2048 (order: 2, 16384 bytes)
[    0.024102] ASID allocator initialised with 32768 entries
[    0.032099] rcu: Hierarchical SRCU implementation.
[    0.040735] EFI services will not be available.
[    0.048176] smp: Bringing up secondary CPUs ...
[    0.080444] Detected VIPT I-cache on CPU1
[    0.080514] CPU1: Booted secondary processor 0x0000000001 [0x410fd034]
[    0.112569] Detected VIPT I-cache on CPU2
[    0.112617] CPU2: Booted secondary processor 0x0000000002 [0x410fd034]
[    0.144734] Detected VIPT I-cache on CPU3
[    0.144780] CPU3: Booted secondary processor 0x0000000003 [0x410fd034]
[    0.144965] smp: Brought up 1 node, 4 CPUs
[    0.145119] SMP: Total of 4 processors activated.
[    0.145153] CPU features: detected: 32-bit EL0 Support
[    0.146125] CPU: All CPU(s) started at EL2
[    0.146199] alternatives: patching kernel code
[    0.147821] devtmpfs: initialized
[    0.164098] Enabled cp15_barrier support
[    0.164165] Enabled setend support
[    0.164741] clocksource: jiffies: mask: 0xffffffff max_cycles: 0xffffffff, max_idle_ns: 7645041785100000 ns
[    0.164803] futex hash table entries: 1024 (order: 4, 65536 bytes)
[    0.165522] pinctrl core: initialized pinctrl subsystem
[    0.166411] DMI not present or invalid.
[    0.166980] NET: Registered protocol family 16
[    0.173430] cpuidle: using governor menu
[    0.174055] hw-breakpoint: found 6 breakpoint and 4 watchpoint registers.
[    0.178699] DMA: preallocated 1024 KiB pool for atomic allocations
[    0.178876] Serial: AMBA PL011 UART driver
[    0.183476] bcm2835-mbox 3f00b880.mailbox: mailbox enabled
[    0.192929] raspberrypi-firmware soc:firmware: Attached to firmware from 2020-04-15 11:43, variant start
[    0.196947] raspberrypi-firmware soc:firmware: Firmware hash is 82f9bb929ce2186eb1824178c1ae82902ad6275c
[    0.245794] bcm2835-dma 3f007000.dma: DMA legacy API manager at (____ptrval____), dmachans=0x1
[    0.249094] vgaarb: loaded
[    0.249687] SCSI subsystem initialized
[    0.249986] usbcore: registered new interface driver usbfs
[    0.250081] usbcore: registered new interface driver hub
[    0.250262] usbcore: registered new device driver usb
[    0.250421] pps_core: LinuxPPS API ver. 1 registered
[    0.250454] pps_core: Software ver. 5.3.6 - Copyright 2005-2007 Rodolfo Giometti <giometti@linux.it>
[    0.250523] PTP clock support registered
[    0.252321] clocksource: Switched to clocksource arch_sys_counter
[    0.377484] VFS: Disk quotas dquot_6.6.0
[    0.377625] VFS: Dquot-cache hash table entries: 512 (order 0, 4096 bytes)
[    0.377859] FS-Cache: Loaded
[    0.378121] CacheFiles: Loaded
[    0.390269] NET: Registered protocol family 2
[    0.391233] tcp_listen_portaddr_hash hash table entries: 512 (order: 1, 8192 bytes)
[    0.391309] TCP established hash table entries: 8192 (order: 4, 65536 bytes)
[    0.391453] TCP bind hash table entries: 8192 (order: 5, 131072 bytes)
[    0.391671] TCP: Hash tables configured (established 8192 bind 8192)
[    0.391957] UDP hash table entries: 512 (order: 2, 16384 bytes)
[    0.392034] UDP-Lite hash table entries: 512 (order: 2, 16384 bytes)
[    0.392462] NET: Registered protocol family 1
[    0.393446] RPC: Registered named UNIX socket transport module.
[    0.393483] RPC: Registered udp transport module.
[    0.393514] RPC: Registered tcp transport module.
[    0.393544] RPC: Registered tcp NFSv4.1 backchannel transport module.
[    0.396232] hw perfevents: enabled with armv8_cortex_a53 PMU driver, 7 counters available
[    0.396495] kvm [1]: 8-bit VMID
[    0.397335] kvm [1]: Hyp mode initialized successfully
[    0.402269] Initialise system trusted keyrings
[    0.402614] workingset: timestamp_bits=46 max_order=18 bucket_order=0
[    0.414895] FS-Cache: Netfs 'nfs' registered for caching
[    0.419994] NFS: Registering the id_resolver key type
[    0.420081] Key type id_resolver registered
[    0.420112] Key type id_legacy registered
[    0.420153] nfs4filelayout_init: NFSv4 File Layout Driver Registering...
[    0.427874] Key type asymmetric registered
[    0.427923] Asymmetric key parser 'x509' registered
[    0.428023] Block layer SCSI generic (bsg) driver version 0.4 loaded (major 248)
[    0.428405] io scheduler noop registered
[    0.428439] io scheduler deadline registered (default)
[    0.428712] io scheduler cfq registered
[    0.428745] io scheduler mq-deadline registered (default)
[    0.428779] io scheduler kyber registered
[    0.432209] bcm2708_fb soc:fb: FB found 1 display(s)
[    0.443080] Console: switching to colour frame buffer device 82x26
[    0.448010] bcm2708_fb soc:fb: Registered framebuffer for display 0, size 656x416
[    0.455424] Serial: 8250/16550 driver, 1 ports, IRQ sharing enabled
[    0.459972] bcm2835-rng 3f104000.rng: hwrng registered
[    0.462991] vc-mem: phys_addr:0x00000000 mem_base=0x3ec00000 mem_size:0x40000000(1024 MiB)
[    0.468899] gpiomem-bcm2835 3f200000.gpiomem: Initialised: Registers at 0x3f200000
[    0.474415] cacheinfo: Unable to detect cache hierarchy for CPU 0
[    0.492880] brd: module loaded
[    0.511210] loop: module loaded
[    0.514970] Loading iSCSI transport class v2.0-870.
[    0.520346] libphy: Fixed MDIO Bus: probed
[    0.523261] usbcore: registered new interface driver r8152
[    0.525904] usbcore: registered new interface driver lan78xx
[    0.528521] usbcore: registered new interface driver smsc95xx
[    0.531364] dwc_otg: version 3.00a 10-AUG-2012 (platform bus)
[    0.561907] dwc_otg 3f980000.usb: base=(____ptrval____)
[    0.777825] Core Release: 2.80a
[    0.780343] Setting default values for core params
[    0.782854] Finished setting default values for core params
[    0.999004] Using Buffer DMA mode
[    1.001408] Periodic Transfer Interrupt Enhancement - disabled
[    1.003828] Multiprocessor Interrupt Enhancement - disabled
[    1.006258] OTG VER PARAM: 0, OTG VER FLAG: 0
[    1.008620] Dedicated Tx FIFOs mode
[    1.011732] WARN::dwc_otg_hcd_init:1074: FIQ DMA bounce buffers: virt = ffffff80090c1000 dma = 0x00000000fad14000 len=9024
[    1.016257] FIQ FSM acceleration enabled for :
[    1.016257] Non-periodic Split Transactions
[    1.016257] Periodic Split Transactions
[    1.016257] High-Speed Isochronous Endpoints
[    1.016257] Interrupt/Control Split Transaction hack enabled
[    1.027053] WARN::hcd_init_fiq:497: MPHI regs_base at ffffff800805d000
[    1.029363] dwc_otg 3f980000.usb: DWC OTG Controller
[    1.031674] dwc_otg 3f980000.usb: new USB bus registered, assigned bus number 1
[    1.034158] dwc_otg 3f980000.usb: irq 9, io mem 0x00000000
[    1.036587] Init: Port Power? op_state=1
[    1.038913] Init: Power Port (0)
[    1.041617] usb usb1: New USB device found, idVendor=1d6b, idProduct=0002, bcdDevice= 4.19
[    1.046364] usb usb1: New USB device strings: Mfr=3, Product=2, SerialNumber=1
[    1.048980] usb usb1: Product: DWC OTG Controller
[    1.051454] usb usb1: Manufacturer: Linux 4.19.118-v8+ dwc_otg_hcd
[    1.053984] usb usb1: SerialNumber: 3f980000.usb
[    1.057252] hub 1-0:1.0: USB hub found
[    1.059751] hub 1-0:1.0: 1 port detected
[    1.063435] usbcore: registered new interface driver uas
[    1.065897] usbcore: registered new interface driver usb-storage
[    1.068467] mousedev: PS/2 mouse device common for all mice
[    1.072297] bcm2835-wdt bcm2835-wdt: Broadcom BCM2835 watchdog timer
[    1.076200] cpufreq: cpufreq_online: CPU0: Running at unlisted freq: 600000 KHz
[    1.080955] cpufreq: cpufreq_online: CPU0: Unlisted initial frequency changed to: 700000 KHz
[    1.084221] sdhci: Secure Digital Host Controller Interface driver
[    1.085306] sdhci: Copyright(c) Pierre Ossman
[    1.086670] sdhost-bcm2835 3f202000.mmc: could not get clk, deferring probe
[    1.087872] sdhci-pltfm: SDHCI platform and OF driver helper
[    1.090363] ledtrig-cpu: registered to indicate activity on CPUs
[    1.091587] hidraw: raw HID events driver (C) Jiri Kosina
[    1.092821] usbcore: registered new interface driver usbhid
[    1.093902] usbhid: USB HID core driver
[    1.095602] vchiq: vchiq_init_state: slot_zero = (____ptrval____), is_master = 0
[    1.099893] Initializing XFRM netlink socket
[    1.101033] NET: Registered protocol family 17
[    1.102175] Key type dns_resolver registered
[    1.103933] registered taskstats version 1
[    1.105044] Loading compiled-in X.509 certificates
[    1.111759] uart-pl011 3f201000.serial: cts_event_workaround enabled
[    1.113036] 3f201000.serial: ttyAMA0 at MMIO 0x3f201000 (irq = 66, base_baud = 0) is a PL011 rev2
[    2.113498] console [ttyAMA0] enabled
[    2.119236] bcm2835-power bcm2835-power: Broadcom BCM2835 power domains driver
[    2.128485] sdhost: log_buf @ (____ptrval____) (fad13000)
[    2.183656] mmc0: sdhost-bcm2835 loaded - DMA enabled (>1)
[    2.191992] of_cfs_init
[    2.195637] of_cfs_init: OK
[    2.200001] Waiting for root device PARTUUID=4c999877-02...
[    2.232417] Indeed it is in host mode hprt0 = 00021501
[    2.274195] mmc0: host does not support reading read-only switch, assuming write-enable
[    2.301711] mmc0: new high speed SDHC card at address aaaa
[    2.317131] mmcblk0: mmc0:aaaa SC16G 14.8 GiB
[    2.333004]  mmcblk0: p1 p2
[    2.339514] random: fast init done
[    2.369413] EXT4-fs (mmcblk0p2): mounted filesystem with ordered data mode. Opts: (null)
[    2.379743] VFS: Mounted root (ext4 filesystem) readonly on device 179:2.
[    2.400994] devtmpfs: mounted
[    2.408225] Freeing unused kernel memory: 1024K
[    2.413976] Run /sbin/init as init process
[    2.452338] usb 1-1: new high-speed USB device number 2 using dwc_otg
[    2.460097] Indeed it is in host mode hprt0 = 00001101
[    2.676622] usb 1-1: New USB device found, idVendor=0424, idProduct=2514, bcdDevice= b.b3
[    2.687128] usb 1-1: New USB device strings: Mfr=0, Product=0, SerialNumber=0
[    2.695944] hub 1-1:1.0: USB hub found
[    2.701013] hub 1-1:1.0: 4 ports detected
[    2.992338] usb 1-1.1: new high-speed USB device number 3 using dwc_otg
[    3.039888] systemd[1]: System time before build time, advancing clock.
[    3.108606] usb 1-1.1: New USB device found, idVendor=0424, idProduct=2514, bcdDevice= b.b3
[    3.119393] usb 1-1.1: New USB device strings: Mfr=0, Product=0, SerialNumber=0
[    3.128471] hub 1-1.1:1.0: USB hub found
[    3.133734] hub 1-1.1:1.0: 3 ports detected
[    3.208796] NET: Registered protocol family 10
[    3.215320] Segment Routing with IPv6
[    3.264787] systemd[1]: systemd 241 running in system mode. (+PAM +AUDIT +SELINUX +IMA +APPARMOR +SMACK +SYSVINIT +UTMP +LIBCRYPTSETUP +GCRYPT +GNUTLS +ACL +XZ +LZ4 +SECCOMP +B
LKID +ELFUTILS +KMOD -IDN2 +IDN -PCRE2 default-hierarchy=hybrid)
[    3.290443] systemd[1]: Detected architecture arm64.
[    3.307589] systemd[1]: Set hostname to <raspberrypi>.
[    3.428960] uart-pl011 3f201000.serial: no DMA platform data
[    3.671379] random: crng init done
[    3.720351] usb 1-1.1.1: new high-speed USB device number 4 using dwc_otg
[    3.828805] usb 1-1.1.1: New USB device found, idVendor=0424, idProduct=7800, bcdDevice= 3.00
[    3.839734] usb 1-1.1.1: New USB device strings: Mfr=0, Product=0, SerialNumber=0
[    3.929739] systemd[1]: Listening on udev Control Socket.
[    3.939020] systemd[1]: Listening on Journal Socket.
[    3.956068] systemd[1]: Starting Load Kernel Modules...
[    3.964927] systemd[1]: Condition check resulted in Huge Pages File System being skipped.
[    3.979811] systemd[1]: Mounting POSIX Message Queue File System...
[    3.990406] systemd[1]: Listening on fsck to fsckd communication Socket.
[    4.002113] systemd[1]: Set up automount Arbitrary Executable File Formats File System Automount Point.
[    4.123700] lan78xx 1-1.1.1:1.0 (unnamed net_device) (uninitialized): No External EEPROM. Setting MAC Speed
[    4.136854] libphy: lan78xx-mdiobus: probed
[    4.168824] lan78xx 1-1.1.1:1.0 (unnamed net_device) (uninitialized): int urb period 64

Raspbian GNU/Linux 10 raspberrypi ttyAMA0

raspberrypi login: pi
Password: 
Last login: Thu Jul  9 14:45:15 CEST 2020 on ttyAMA0
Linux raspberrypi 4.19.118-v8+ #1311 SMP PREEMPT Mon Apr 27 14:32:38 BST 2020 aarch64

The programs included with the Debian GNU/Linux system are free software;
the exact distribution terms for each program are described in the
individual files in /usr/share/doc/*/copyright.

pi@raspberrypi:~$ [  156.386335] Unable to handle kernel paging request at virtual address fffbffc0384f8c00
[  156.395942] Mem abort info:
[  156.399664]   ESR = 0x96000004
[  156.403550]   Exception class = DABT (current EL), IL = 32 bits
[  156.410331]   SET = 0, FnV = 0
[  156.414197]   EA = 0, S1PTW = 0
[  156.418164] Data abort info:
[  156.421844]   ISV = 0, ISS = 0x00000004
[  156.426502]   CM = 0, WnR = 0
[  156.430236] [fffbffc0384f8c00] address between user and kernel address ranges
[  156.438250] Internal error: Oops: 96000004 [#1] PREEMPT SMP
[  156.444664] Modules linked in: cfg80211 rfkill 8021q garp stp llc binfmt_misc bcm2835_codec(C) v4l2_mem2mem bcm2835_v4l2(C) bcm2835_mmal_vchiq(C) v4l2_common videobuf2_dma_cont
ig videobuf2_vmalloc videobuf2_memops videobuf2_v4l2 videobuf2_common videodev media raspberrypi_hwmon hwmon vc_sm_cma(C) uio_pdrv_genirq uio ip_tables x_tables ipv6
[  156.479680] Process uvbench.sh (pid: 2125, stack limit = 0x00000000e94a7852)
[  156.487839] CPU: 1 PID: 2125 Comm: uvbench.sh Tainted: G         C        4.19.118-v8+ #1311
[  156.498519] Hardware name: Raspberry Pi 3 Model B Plus Rev 1.3 (DT)
[  156.505931] pstate: 60000005 (nZCv daif -PAN -UAO)
[  156.511838] pc : ext4_file_read_iter+0x28/0x68
[  156.517406] lr : __vfs_read+0x120/0x178
[  156.522368] sp : ffffff800b1a3aa0
[  156.526777] x29: ffffff800b1a3aa0 x28: ffffffc0321fab80 
[  156.533192] x27: ffffffc0330c8e00 x26: 00000000fffffff8 
[  156.539617] x25: ffffff8008e54000 x24: ffffff800b1a3c30 
[  156.546045] x23: ffffffc033c5ec00 x22: ffffff800b1a3c30 
[  156.552464] x21: 0000000000000100 x20: ffffff800b1a3b40 
[  156.558879] x19: ffffff800b1a3b18 x18: 0000000000000000 
[  156.565267] x17: 0000000000400020 x16: 0000000000000000 
[  156.571618] x15: 0000000000000000 x14: 0001013400000134 
[  156.577923] x13: ffffffff00000000 x12: ffffffffffffffff 
[  156.584183] x11: 0000000000000020 x10: fefefefefefefeff 
[  156.590394] x9 : 0000000000000000 x8 : 0000000000000000 
[  156.596557] x7 : ffffffffffffffff x6 : 0000000000000000 
[  156.602675] x5 : ffffffffffffffff x4 : 0000000000000100 
[  156.608737] x3 : 0000000000000001 x2 : ffffff800834ed88 
[  156.614765] x1 : ffffff800b1a3b40 x0 : fffbffc0384f8800 
[  156.620771] Call trace:
[  156.623866]  ext4_file_read_iter+0x28/0x68
[  156.628600]  __vfs_read+0x120/0x178
[  156.632716]  vfs_read+0x94/0x150
[  156.636559]  kernel_read+0x68/0xc8
[  156.640579]  load_elf_phdrs.isra.5+0xd8/0xe8
[  156.645477]  load_elf_binary+0x144/0x12a0
[  156.650109]  search_binary_handler+0xa4/0x210
[  156.655093]  __do_execve_file.isra.12+0x4f4/0x6c0
[  156.660453]  __arm64_compat_sys_execve+0x48/0x58
[  156.665735]  el0_svc_common+0xf4/0x1c0
[  156.670134]  el0_svc_compat_handler+0x30/0x40
[  156.675154]  el0_svc_compat+0x8/0x18
[  156.679380] Code: d503201f f9400260 f9401000 f9401400 (f9420000) 
[  156.686181] ---[ end trace 3a7d19338f6cd94c ]---

Message from sys[  156.692007] BUG: Bad rss-counter state mm:00000000e9ba1e09 idx:1 val:1
logd@raspberrypi at Jul  9 15:06:30 ...
 kernel:[  156.438250] Internal error: Oops: 96000004 [#1] PREEMPT SMP

Message from syslogd@raspberrypi at Jul  9 15:06:30 ...
 kernel:[  156.479680] Process uvbench.sh (pid: 2125, stack limit = 0x00000000e94a7852)

Message from syslogd@raspberrypi at Jul  9 15:06:30 ...
 kernel:[  156.679380] Code: d503201f f9400260 f9401000 f9401400 (f9420000)
