[    0.000000] Booting Linux on physical CPU 0x0000000000 [0x410fd034]
[    0.000000] Linux version 4.19.118-v8+ (dom@buildbot) (gcc version 5.4.0 20160609 (Ubuntu/Linaro 5.4.0-6ubuntu1~16.04.9)) #1311 SMP PREEMPT Mon Apr 27 14:32:38 BST 2020
[    0.000000] Machine model: Raspberry Pi 3 Model B Plus Rev 1.3
[    0.000000] efi: Getting EFI parameters from FDT:
[    0.000000] efi: UEFI not found.
[    0.000000] cma: Reserved 8 MiB at 0x000000003ac00000
[    0.000000] random: get_random_bytes called from start_kernel+0xb8/0x47c with crng_init=0
[    0.000000] percpu: Embedded 24 pages/cpu s58840 r8192 d31272 u98304
[    0.000000] Detected VIPT I-cache on CPU0
[    0.000000] CPU features: enabling workaround for ARM erratum 843419
[    0.000000] CPU features: enabling workaround for ARM erratum 845719
[    0.000000] Built 1 zonelists, mobility grouping on.  Total pages: 238896
[    0.000000] Kernel command line: coherent_pool=1M 8250.nr_uarts=1 snd_bcm2835.enable_compat_alsa=0 snd_bcm2835.enable_hdmi=1 snd_bcm2835.enable_headphones=1 bcm2708_fb.fbwidth=
656 bcm2708_fb.fbheight=416 bcm2708_fb.fbswap=1 vc_mem.mem_base=0x3ec00000 vc_mem.mem_size=0x40000000  dwc_otg.lpm_enable=0 console=ttyAMA0,115200 console=tty1 root=PARTUUID=4c999
877-02 rootfstype=ext4 elevator=deadline fsck.repair=yes rootwait
[    0.000000] Dentry cache hash table entries: 131072 (order: 8, 1048576 bytes)
[    0.000000] Inode-cache hash table entries: 65536 (order: 7, 524288 bytes)
[    0.000000] Memory: 929092K/970752K available (8700K kernel code, 1074K rwdata, 2760K rodata, 1024K init, 1126K bss, 33468K reserved, 8192K cma-reserved)
[    0.000000] SLUB: HWalign=64, Order=0-3, MinObjects=0, CPUs=4, Nodes=1
[    0.000000] ftrace: allocating 30496 entries in 120 pages
[    0.000000] rcu: Preemptible hierarchical RCU implementation.
[    0.000000] rcu:     RCU restricting CPUs from NR_CPUS=64 to nr_cpu_ids=4.
[    0.000000]  Tasks RCU enabled.
[    0.000000] rcu: Adjusting geometry for rcu_fanout_leaf=16, nr_cpu_ids=4
[    0.000000] NR_IRQS: 64, nr_irqs: 64, preallocated irqs: 0
[    0.000000] arch_timer: cp15 timer(s) running at 19.20MHz (phys).
[    0.000000] clocksource: arch_sys_counter: mask: 0xffffffffffffff max_cycles: 0x46d987e47, max_idle_ns: 440795202767 ns
[    0.000007] sched_clock: 56 bits at 19MHz, resolution 52ns, wraps every 4398046511078ns
[    0.000272] Console: colour dummy device 80x25
[    0.000937] console [tty1] enabled
[    0.001007] Calibrating delay loop (skipped), value calculated using timer frequency.. 38.40 BogoMIPS (lpj=76800)
[    0.001060] pid_max: default: 32768 minimum: 301
[    0.001489] Mount-cache hash table entries: 2048 (order: 2, 16384 bytes)
[    0.001545] Mountpoint-cache hash table entries: 2048 (order: 2, 16384 bytes)
[    0.024104] ASID allocator initialised with 32768 entries
[    0.032100] rcu: Hierarchical SRCU implementation.
[    0.040739] EFI services will not be available.
[    0.048177] smp: Bringing up secondary CPUs ...
[    0.080442] Detected VIPT I-cache on CPU1
[    0.080510] CPU1: Booted secondary processor 0x0000000001 [0x410fd034]
[    0.112569] Detected VIPT I-cache on CPU2
[    0.112617] CPU2: Booted secondary processor 0x0000000002 [0x410fd034]
[    0.144733] Detected VIPT I-cache on CPU3
[    0.144779] CPU3: Booted secondary processor 0x0000000003 [0x410fd034]
[    0.144964] smp: Brought up 1 node, 4 CPUs
[    0.145118] SMP: Total of 4 processors activated.
[    0.145152] CPU features: detected: 32-bit EL0 Support
[    0.146124] CPU: All CPU(s) started at EL2
[    0.146199] alternatives: patching kernel code
[    0.147822] devtmpfs: initialized
[    0.164118] Enabled cp15_barrier support
[    0.164184] Enabled setend support
[    0.164767] clocksource: jiffies: mask: 0xffffffff max_cycles: 0xffffffff, max_idle_ns: 7645041785100000 ns
[    0.164829] futex hash table entries: 1024 (order: 4, 65536 bytes)
[    0.165546] pinctrl core: initialized pinctrl subsystem
[    0.166436] DMI not present or invalid.
[    0.167006] NET: Registered protocol family 16
[    0.173485] cpuidle: using governor menu
[    0.174113] hw-breakpoint: found 6 breakpoint and 4 watchpoint registers.
[    0.178748] DMA: preallocated 1024 KiB pool for atomic allocations
[    0.178927] Serial: AMBA PL011 UART driver
[    0.183513] bcm2835-mbox 3f00b880.mailbox: mailbox enabled
[    0.192937] raspberrypi-firmware soc:firmware: Attached to firmware from 2020-04-15 11:43, variant start
[    0.196954] raspberrypi-firmware soc:firmware: Firmware hash is 82f9bb929ce2186eb1824178c1ae82902ad6275c
[    0.242972] bcm2835-dma 3f007000.dma: DMA legacy API manager at (____ptrval____), dmachans=0x1
[    0.246309] vgaarb: loaded
[    0.246810] SCSI subsystem initialized
[    0.247111] usbcore: registered new interface driver usbfs
[    0.247206] usbcore: registered new interface driver hub
[    0.247387] usbcore: registered new device driver usb
[    0.247544] pps_core: LinuxPPS API ver. 1 registered
[    0.247578] pps_core: Software ver. 5.3.6 - Copyright 2005-2007 Rodolfo Giometti <giometti@linux.it>
[    0.247637] PTP clock support registered
[    0.249582] clocksource: Switched to clocksource arch_sys_counter
[    0.374750] VFS: Disk quotas dquot_6.6.0
[    0.374890] VFS: Dquot-cache hash table entries: 512 (order 0, 4096 bytes)
[    0.375171] FS-Cache: Loaded
[    0.375433] CacheFiles: Loaded
[    0.387576] NET: Registered protocol family 2
[    0.388543] tcp_listen_portaddr_hash hash table entries: 512 (order: 1, 8192 bytes)
[    0.388619] TCP established hash table entries: 8192 (order: 4, 65536 bytes)
[    0.388763] TCP bind hash table entries: 8192 (order: 5, 131072 bytes)
[    0.388981] TCP: Hash tables configured (established 8192 bind 8192)
[    0.389259] UDP hash table entries: 512 (order: 2, 16384 bytes)
[    0.389337] UDP-Lite hash table entries: 512 (order: 2, 16384 bytes)
[    0.389769] NET: Registered protocol family 1
[    0.390755] RPC: Registered named UNIX socket transport module.
[    0.390792] RPC: Registered udp transport module.
[    0.390822] RPC: Registered tcp transport module.
[    0.390852] RPC: Registered tcp NFSv4.1 backchannel transport module.
[    0.393448] hw perfevents: enabled with armv8_cortex_a53 PMU driver, 7 counters available
[    0.393719] kvm [1]: 8-bit VMID
[    0.394563] kvm [1]: Hyp mode initialized successfully
[    0.399489] Initialise system trusted keyrings
[    0.399840] workingset: timestamp_bits=46 max_order=18 bucket_order=0
[    0.412166] FS-Cache: Netfs 'nfs' registered for caching
[    0.413222] NFS: Registering the id_resolver key type
[    0.413287] Key type id_resolver registered
[    0.413318] Key type id_legacy registered
[    0.413360] nfs4filelayout_init: NFSv4 File Layout Driver Registering...
[    0.421103] Key type asymmetric registered
[    0.421150] Asymmetric key parser 'x509' registered
[    0.421250] Block layer SCSI generic (bsg) driver version 0.4 loaded (major 248)
[    0.421548] io scheduler noop registered
[    0.421632] io scheduler deadline registered (default)
[    0.421935] io scheduler cfq registered
[    0.421969] io scheduler mq-deadline registered (default)
[    0.422003] io scheduler kyber registered
[    0.425626] bcm2708_fb soc:fb: FB found 1 display(s)
[    0.436894] Console: switching to colour frame buffer device 82x26
[    0.441811] bcm2708_fb soc:fb: Registered framebuffer for display 0, size 656x416
[    0.449184] Serial: 8250/16550 driver, 1 ports, IRQ sharing enabled
[    0.453757] bcm2835-rng 3f104000.rng: hwrng registered
[    0.456684] vc-mem: phys_addr:0x00000000 mem_base=0x3ec00000 mem_size:0x40000000(1024 MiB)
[    0.462562] gpiomem-bcm2835 3f200000.gpiomem: Initialised: Registers at 0x3f200000
[    0.468080] cacheinfo: Unable to detect cache hierarchy for CPU 0
[    0.486471] brd: module loaded
[    0.504684] loop: module loaded
[    0.508436] Loading iSCSI transport class v2.0-870.
[    0.513731] libphy: Fixed MDIO Bus: probed
[    0.516658] usbcore: registered new interface driver r8152
[    0.519316] usbcore: registered new interface driver lan78xx
[    0.521930] usbcore: registered new interface driver smsc95xx
[    0.524792] dwc_otg: version 3.00a 10-AUG-2012 (platform bus)
[    0.555335] dwc_otg 3f980000.usb: base=(____ptrval____)
[    0.771416] Core Release: 2.80a
[    0.773943] Setting default values for core params
[    0.776460] Finished setting default values for core params
[    0.992153] Using Buffer DMA mode
[    0.994561] Periodic Transfer Interrupt Enhancement - disabled
[    0.996981] Multiprocessor Interrupt Enhancement - disabled
[    0.999405] OTG VER PARAM: 0, OTG VER FLAG: 0
[    1.001762] Dedicated Tx FIFOs mode
[    1.004873] WARN::dwc_otg_hcd_init:1074: FIQ DMA bounce buffers: virt = ffffff80090c1000 dma = 0x00000000fad14000 len=9024
[    1.009408] FIQ FSM acceleration enabled for :
[    1.009408] Non-periodic Split Transactions
[    1.009408] Periodic Split Transactions
[    1.009408] High-Speed Isochronous Endpoints
[    1.009408] Interrupt/Control Split Transaction hack enabled
[    1.020189] WARN::hcd_init_fiq:497: MPHI regs_base at ffffff800805d000
[    1.022518] dwc_otg 3f980000.usb: DWC OTG Controller
[    1.024830] dwc_otg 3f980000.usb: new USB bus registered, assigned bus number 1
[    1.027313] dwc_otg 3f980000.usb: irq 9, io mem 0x00000000
[    1.029743] Init: Port Power? op_state=1
[    1.032066] Init: Power Port (0)
[    1.034734] usb usb1: New USB device found, idVendor=1d6b, idProduct=0002, bcdDevice= 4.19
[    1.039479] usb usb1: New USB device strings: Mfr=3, Product=2, SerialNumber=1
[    1.042091] usb usb1: Product: DWC OTG Controller
[    1.044574] usb usb1: Manufacturer: Linux 4.19.118-v8+ dwc_otg_hcd
[    1.047110] usb usb1: SerialNumber: 3f980000.usb
[    1.050393] hub 1-0:1.0: USB hub found
[    1.052893] hub 1-0:1.0: 1 port detected
[    1.056494] usbcore: registered new interface driver uas
[    1.058952] usbcore: registered new interface driver usb-storage
[    1.061485] mousedev: PS/2 mouse device common for all mice
[    1.065357] bcm2835-wdt bcm2835-wdt: Broadcom BCM2835 watchdog timer
[    1.069279] cpufreq: cpufreq_online: CPU0: Running at unlisted freq: 600000 KHz
[    1.074072] cpufreq: cpufreq_online: CPU0: Unlisted initial frequency changed to: 700000 KHz
[    1.077342] sdhci: Secure Digital Host Controller Interface driver
[    1.078436] sdhci: Copyright(c) Pierre Ossman
[    1.079803] sdhost-bcm2835 3f202000.mmc: could not get clk, deferring probe
[    1.081012] sdhci-pltfm: SDHCI platform and OF driver helper
[    1.083510] ledtrig-cpu: registered to indicate activity on CPUs
[    1.084739] hidraw: raw HID events driver (C) Jiri Kosina
[    1.085970] usbcore: registered new interface driver usbhid
[    1.087050] usbhid: USB HID core driver
[    1.088691] vchiq: vchiq_init_state: slot_zero = (____ptrval____), is_master = 0
[    1.092961] Initializing XFRM netlink socket
[    1.094101] NET: Registered protocol family 17
[    1.095260] Key type dns_resolver registered
[    1.097016] registered taskstats version 1
[    1.098133] Loading compiled-in X.509 certificates
[    1.104846] uart-pl011 3f201000.serial: cts_event_workaround enabled
[    1.106100] 3f201000.serial: ttyAMA0 at MMIO 0x3f201000 (irq = 66, base_baud = 0) is a PL011 rev2
[    2.106574] console [ttyAMA0] enabled
[    2.112342] bcm2835-power bcm2835-power: Broadcom BCM2835 power domains driver
[    2.121598] sdhost: log_buf @ (____ptrval____) (fad13000)
[    2.177213] mmc0: sdhost-bcm2835 loaded - DMA enabled (>1)
[    2.185583] of_cfs_init
[    2.189201] of_cfs_init: OK
[    2.193587] Waiting for root device PARTUUID=4c999877-02...
[    2.221712] Indeed it is in host mode hprt0 = 00021501
[    2.287452] mmc0: host does not support reading read-only switch, assuming write-enable
[    2.306191] mmc0: new high speed SDHC card at address aaaa
[    2.313942] mmcblk0: mmc0:aaaa SC16G 14.8 GiB
[    2.323993]  mmcblk0: p1 p2
[    2.324019] random: fast init done
[    2.354532] EXT4-fs (mmcblk0p2): mounted filesystem with ordered data mode. Opts: (null)
[    2.364871] VFS: Mounted root (ext4 filesystem) readonly on device 179:2.
[    2.384194] devtmpfs: mounted
[    2.391417] Freeing unused kernel memory: 1024K
[    2.397169] Run /sbin/init as init process
[    2.425605] usb 1-1: new high-speed USB device number 2 using dwc_otg
[    2.433344] Indeed it is in host mode hprt0 = 00001101
[    2.649870] usb 1-1: New USB device found, idVendor=0424, idProduct=2514, bcdDevice= b.b3
[    2.660343] usb 1-1: New USB device strings: Mfr=0, Product=0, SerialNumber=0
[    2.669199] hub 1-1:1.0: USB hub found
[    2.674306] hub 1-1:1.0: 4 ports detected
[    2.965605] usb 1-1.1: new high-speed USB device number 3 using dwc_otg
[    3.031084] systemd[1]: System time before build time, advancing clock.
[    3.073865] usb 1-1.1: New USB device found, idVendor=0424, idProduct=2514, bcdDevice= b.b3
[    3.084617] usb 1-1.1: New USB device strings: Mfr=0, Product=0, SerialNumber=0
[    3.093682] hub 1-1.1:1.0: USB hub found
[    3.098936] hub 1-1.1:1.0: 3 ports detected
[    3.193799] NET: Registered protocol family 10
[    3.200333] Segment Routing with IPv6
[    3.249764] systemd[1]: systemd 241 running in system mode. (+PAM +AUDIT +SELINUX +IMA +APPARMOR +SMACK +SYSVINIT +UTMP +LIBCRYPTSETUP +GCRYPT +GNUTLS +ACL +XZ +LZ4 +SECCOMP +B
LKID +ELFUTILS +KMOD -IDN2 +IDN -PCRE2 default-hierarchy=hybrid)
[    3.275439] systemd[1]: Detected architecture arm64.
[    3.292640] systemd[1]: Set hostname to <raspberrypi>.
[    3.409365] uart-pl011 3f201000.serial: no DMA platform data
[    3.671839] random: crng init done
[    3.685618] usb 1-1.1.1: new high-speed USB device number 4 using dwc_otg
[    3.798033] usb 1-1.1.1: New USB device found, idVendor=0424, idProduct=7800, bcdDevice= 3.00
[    3.809035] usb 1-1.1.1: New USB device strings: Mfr=0, Product=0, SerialNumber=0
[    3.907614] systemd[1]: Listening on Journal Socket.
[    3.915776] systemd[1]: Condition check resulted in Kernel Module supporting RPCSEC_GSS being skipped.
[    3.927989] systemd[1]: Listening on udev Kernel Socket.
[    3.944345] systemd[1]: Starting Restore / save the current clock...
[    3.954833] systemd[1]: Listening on initctl Compatibility Named Pipe.
[    3.966883] systemd[1]: Created slice system-getty.slice.
[    3.977003] systemd[1]: Listening on Syslog Socket.
[    4.088911] lan78xx 1-1.1.1:1.0 (unnamed net_device) (uninitialized): No External EEPROM. Setting MAC Speed
[    4.102143] libphy: lan78xx-mdiobus: probed
[    4.115047] lan78xx 1-1.1.1:1.0 (unnamed net_device) (uninitialized): int urb period 64

Raspbian GNU/Linux 10 raspberrypi ttyAMA0

raspberrypi login: pi
Password: 
Last login: Thu Jul  9 15:33:13 CEST 2020 on ttyAMA0
Linux raspberrypi 4.19.118-v8+ #1311 SMP PREEMPT Mon Apr 27 14:32:38 BST 2020 aarch64

The programs included with the Debian GNU/Linux system are free software;
the exact distribution terms for each program are described in the
individual files in /usr/share/doc/*/copyright.

pi@raspberrypi:~$ [  103.780673] Unable to handle kernel paging request at virtual address fffbffaf00bb2e88
[  103.790342] Mem abort info:
[  103.793994]   ESR = 0x96000004
[  103.797920]   Exception class = DABT (current EL), IL = 32 bits
[  103.804784]   SET = 0, FnV = 0
[  103.808783]   EA = 0, S1PTW = 0
[  103.812841] Data abort info:
[  103.816600]   ISV = 0, ISS = 0x00000004
[  103.821363]   CM = 0, WnR = 0
[  103.825166] [fffbffaf00bb2e88] address between user and kernel address ranges

Message from [  103.833167] Internal error: Oops: 96000004 [#1] PREEMPT SMP
[  103.840534] Modules linked in: cfg80211 rfkill 8021q garp stp llc binfmt_misc bcm2835_codec(C) bcm2835_v4l2(C) v4l2_mem2mem bcm2835_mmal_vchiq(C) v4l2_common videobuf2_dma_cont
ig videobuf2_vmalloc videobuf2_memops videobuf2_v4l2 videobuf2_common videodev media raspberrypi_hwmon hwmon vc_sm_cma(C) uio_pdrv_genirq uio ip_tables x_tables ipv6
[  103.875545] Process test (pid: 464, stack limit = 0x00000000afb852ff)
[  103.883083] CPU: 1 PID: 464 Comm: test Tainted: G         C        4.19.118-v8+ #1311
[  103.893141] Hardware name: Raspberry Pi 3 Model B Plus Rev 1.3 (DT)
[  103.900547] pstate: 80000005 (Nzcv daif -PAN -UAO)
[  103.906453] pc : free_pages_and_swap_cache+0x54/0x100
[  103.912623] lr : free_pages_and_swap_cache+0x3c/0x100
[  103.918785] sp : ffffff800a353a70
[  103.923182] x29: ffffff800a353a70 x28: ffffffc034635700 
[  103.929575] x27: 0000000000000000 x26: ffffff800a353dd0 
[  103.935984] x25: ffffffc0336a8760 x24: ffffffc0327bb010 
[  103.942398] x23: 00000000000000c0 x22: ffffff8008cc8000 
[  103.948812] x21: 00000000000000c0 x20: 000000000000006f 
[  103.955219] x19: fffbffaf00bb2e80 x18: 0000000000000000 
[  103.961591] x17: 00000000000042db x16: 0000000000000000 
[  103.967922] x15: 0000000000000000 x14: 0000000000000000 
[  103.974204] x13: 00000000000ffe00 x12: 00000000ffe01000 
[  103.980421] x11: 0000000000000000 x10: 0000000000000000 
[  103.986584] x9 : 0000004031edd000 x8 : 0000000000000000 
[  103.992691] x7 : ffffff8008cc8688 x6 : ffffff8008cc8000 
[  103.998760] x5 : ffffff8008cc8e00 x4 : 0000004031edd000 
[  104.004792] x3 : 0000000000000001 x2 : 0000000000000000 
[  104.010788] x1 : ffffffbf00bb2e08 x0 : 000000000001046c 
[  104.016752] Call trace:
[  104.019803]  free_pages_and_swap_cache+0x54/0x100
[  104.025122]  tlb_flush_mmu_free+0x60/0x80
[  104.029730]  tlb_flush_mmu+0x44/0x168
[  104.033997]  arch_tlb_finish_mmu+0x54/0x88
[  104.038697]  tlb_finish_mmu+0x44/0x68
[  104.042957]  exit_mmap+0xf8/0x178
[  104.046867]  mmput+0x5c/0xe8
[  104.050328]  do_exit+0x2ec/0xa88
[  104.054135]  do_group_exit+0x3c/0xa0
[  104.058294]  get_signal+0xd4/0x708
[  104.062278]  do_signal+0x1e4/0x2a8
[  104.066261]  do_notify_resume+0x100/0x130
[  104.070875]  work_pending+0x8/0x14
[  104.074888] Code: 510006f5 d2800014 910006b5 f8747b13 (f9400661) 
[  104.081655] ---[ end trace 6a9375c86a0f2820 ]---
syslogd@raspberrypi at J[  104.087080] Fixing recursive fault but reboot is needed!
ul  9 15:42:18 ...
 kernel:[  103.833167] Internal error: Oops: 96000004 [#1] PREEMPT SMP

Message from syslogd@raspberrypi at Jul  9 15:42:18 ...
 kernel:[  103.875545] Process test (pid: 464, stack limit = 0x00000000afb852ff)

Message from syslogd@raspberrypi at Jul  9 15:42:18 ...
 kernel:[  104.074888] Code: 510006f5 d2800014 910006b5 f8747b13 (f9400661) 
pi@raspberrypi:~$  systemctl status uvbench.service
��● uvbench.service - Under-volting benchmark
   Loaded: loaded (/etc/systemd/system/uvbench.service; enabled; vendor preset: 
   Active: deactivating (stop-sigkill) (Result: timeout)
  Process: 448 ExecStart=/home/pi/uvbench.sh run -t 40 (code=exited, status=0/SU
 Main PID: 448 (code=exited, status=0/SUCCESS)
    Tasks: 1 (limit: 1088)
   Memory: 3.9M
   CGroup: /system.slice/uvbench.service
           ��└��─464 [test]

Jul 09 15:43:18 raspberrypi uvbench.sh[448]: start        = 1594302139.298365605
Jul 09 15:43:18 raspberrypi uvbench.sh[448]: stop         = 1594302198.401830018
Jul 09 15:43:18 raspberrypi uvbench.sh[448]: duration     = 59.103464413
Jul 09 15:43:18 raspberrypi sudo[2244]:       pi : TTY=unknown ; PWD=/home/pi ; 
Jul 09 15:43:18 raspberrypi sudo[2244]: pam_unix(sudo:session): session opened f
Jul 09 15:43:18 raspberrypi sudo[2244]: pam_unix(sudo:session): session closed f
Jul 09 15:43:18 raspberrypi uvbench.sh[448]: set_over_voltage: over_voltage set 
Jul 09 15:43:18 raspberrypi uvbench.sh[448]: run: system is ready for reboot and
Jul 09 15:44:48 raspberrypi systemd[1]: uvbench.service: State 'stop-sigterm' ti
Jul 09 15:44:48 raspberrypi systemd[1]: uvbench.service: Killing process 464 (te
pi@raspberrypi:~$ 
