[    0.000000] Booting Linux on physical CPU 0x0000000000 [0x410fd034]
[    0.000000] Linux version 4.19.118-v8+ (dom@buildbot) (gcc version 5.4.0 20160609 (Ubuntu/Linaro 5.4.0-6ubuntu1~16.04.9)) #1311 SMP PREEMPT Mon Apr 27 14:32:38 BST 2020
[    0.000000] Machine model: Raspberry Pi 3 Model B Plus Rev 1.3
[    0.000000] efi: Getting EFI parameters from FDT:
[    0.000000] efi: UEFI not found.
[    0.000000] cma: Reserved 8 MiB at 0x000000003ac00000
[    0.000000] random: get_random_bytes called from start_kernel+0xb8/0x47c with crng_init=0
[    0.000000] percpu: Embedded 24 pages/cpu s58840 r8192 d31272 u98304
[    0.000000] Detected VIPT I-cache on CPU0
[    0.000000] CPU features: enabling workaround for ARM erratum 843419
[    0.000000] CPU features: enabling workaround for ARM erratum 845719
[    0.000000] Built 1 zonelists, mobility grouping on.  Total pages: 238896
[    0.000000] Kernel command line: coherent_pool=1M 8250.nr_uarts=1 snd_bcm2835.enable_compat_alsa=0 snd_bcm2835.enable_hdmi=1 snd_bcm2835.enable_headphones=1 bcm2708_fb.fbwidth=
656 bcm2708_fb.fbheight=416 bcm2708_fb.fbswap=1 vc_mem.mem_base=0x3ec00000 vc_mem.mem_size=0x40000000  dwc_otg.lpm_enable=0 console=ttyAMA0,115200 console=tty1 root=PARTUUID=4c999
877-02 rootfstype=ext4 elevator=deadline fsck.repair=yes rootwait
[    0.000000] Dentry cache hash table entries: 131072 (order: 8, 1048576 bytes)
[    0.000000] Inode-cache hash table entries: 65536 (order: 7, 524288 bytes)
[    0.000000] Memory: 929092K/970752K available (8700K kernel code, 1074K rwdata, 2760K rodata, 1024K init, 1126K bss, 33468K reserved, 8192K cma-reserved)
[    0.000000] SLUB: HWalign=64, Order=0-3, MinObjects=0, CPUs=4, Nodes=1
[    0.000000] ftrace: allocating 30496 entries in 120 pages
[    0.000000] rcu: Preemptible hierarchical RCU implementation.
[    0.000000] rcu:     RCU restricting CPUs from NR_CPUS=64 to nr_cpu_ids=4.
[    0.000000]  Tasks RCU enabled.
[    0.000000] rcu: Adjusting geometry for rcu_fanout_leaf=16, nr_cpu_ids=4
[    0.000000] NR_IRQS: 64, nr_irqs: 64, preallocated irqs: 0
[    0.000000] arch_timer: cp15 timer(s) running at 19.20MHz (phys).
[    0.000000] clocksource: arch_sys_counter: mask: 0xffffffffffffff max_cycles: 0x46d987e47, max_idle_ns: 440795202767 ns
[    0.000007] sched_clock: 56 bits at 19MHz, resolution 52ns, wraps every 4398046511078ns
[    0.000271] Console: colour dummy device 80x25
[    0.000936] console [tty1] enabled
[    0.001004] Calibrating delay loop (skipped), value calculated using timer frequency.. 38.40 BogoMIPS (lpj=76800)
[    0.001057] pid_max: default: 32768 minimum: 301
[    0.001486] Mount-cache hash table entries: 2048 (order: 2, 16384 bytes)
[    0.001542] Mountpoint-cache hash table entries: 2048 (order: 2, 16384 bytes)
[    0.024103] ASID allocator initialised with 32768 entries
[    0.032099] rcu: Hierarchical SRCU implementation.
[    0.040740] EFI services will not be available.
[    0.048177] smp: Bringing up secondary CPUs ...
[    0.080443] Detected VIPT I-cache on CPU1
[    0.080513] CPU1: Booted secondary processor 0x0000000001 [0x410fd034]
[    0.112569] Detected VIPT I-cache on CPU2
[    0.112619] CPU2: Booted secondary processor 0x0000000002 [0x410fd034]
[    0.144732] Detected VIPT I-cache on CPU3
[    0.144779] CPU3: Booted secondary processor 0x0000000003 [0x410fd034]
[    0.144964] smp: Brought up 1 node, 4 CPUs
[    0.145117] SMP: Total of 4 processors activated.
[    0.145151] CPU features: detected: 32-bit EL0 Support
[    0.146122] CPU: All CPU(s) started at EL2
[    0.146195] alternatives: patching kernel code
[    0.147812] devtmpfs: initialized
[    0.164112] Enabled cp15_barrier support
[    0.164178] Enabled setend support
[    0.164757] clocksource: jiffies: mask: 0xffffffff max_cycles: 0xffffffff, max_idle_ns: 7645041785100000 ns
[    0.164819] futex hash table entries: 1024 (order: 4, 65536 bytes)
[    0.165558] pinctrl core: initialized pinctrl subsystem
[    0.166446] DMI not present or invalid.
[    0.167015] NET: Registered protocol family 16
[    0.173482] cpuidle: using governor menu
[    0.174107] hw-breakpoint: found 6 breakpoint and 4 watchpoint registers.
[    0.178798] DMA: preallocated 1024 KiB pool for atomic allocations
[    0.178976] Serial: AMBA PL011 UART driver
[    0.183572] bcm2835-mbox 3f00b880.mailbox: mailbox enabled
[    0.192935] raspberrypi-firmware soc:firmware: Attached to firmware from 2020-04-15 11:43, variant start
[    0.196953] raspberrypi-firmware soc:firmware: Firmware hash is 82f9bb929ce2186eb1824178c1ae82902ad6275c
[    0.245802] bcm2835-dma 3f007000.dma: DMA legacy API manager at (____ptrval____), dmachans=0x1
[    0.249099] vgaarb: loaded
[    0.249690] SCSI subsystem initialized
[    0.249988] usbcore: registered new interface driver usbfs
[    0.250082] usbcore: registered new interface driver hub
[    0.250264] usbcore: registered new device driver usb
[    0.250421] pps_core: LinuxPPS API ver. 1 registered
[    0.250454] pps_core: Software ver. 5.3.6 - Copyright 2005-2007 Rodolfo Giometti <giometti@linux.it>
[    0.250523] PTP clock support registered
[    0.252316] clocksource: Switched to clocksource arch_sys_counter
[    0.377378] VFS: Disk quotas dquot_6.6.0
[    0.377519] VFS: Dquot-cache hash table entries: 512 (order 0, 4096 bytes)
[    0.377753] FS-Cache: Loaded
[    0.378018] CacheFiles: Loaded
[    0.390039] NET: Registered protocol family 2
[    0.391007] tcp_listen_portaddr_hash hash table entries: 512 (order: 1, 8192 bytes)
[    0.391084] TCP established hash table entries: 8192 (order: 4, 65536 bytes)
[    0.391228] TCP bind hash table entries: 8192 (order: 5, 131072 bytes)
[    0.391446] TCP: Hash tables configured (established 8192 bind 8192)
[    0.391732] UDP hash table entries: 512 (order: 2, 16384 bytes)
[    0.391810] UDP-Lite hash table entries: 512 (order: 2, 16384 bytes)
[    0.392159] NET: Registered protocol family 1
[    0.393272] RPC: Registered named UNIX socket transport module.
[    0.393310] RPC: Registered udp transport module.
[    0.393340] RPC: Registered tcp transport module.
[    0.393371] RPC: Registered tcp NFSv4.1 backchannel transport module.
[    0.396126] hw perfevents: enabled with armv8_cortex_a53 PMU driver, 7 counters available
[    0.396395] kvm [1]: 8-bit VMID
[    0.397219] kvm [1]: Hyp mode initialized successfully
[    0.402101] Initialise system trusted keyrings
[    0.402410] workingset: timestamp_bits=46 max_order=18 bucket_order=0
[    0.414786] FS-Cache: Netfs 'nfs' registered for caching
[    0.415865] NFS: Registering the id_resolver key type
[    0.415930] Key type id_resolver registered
[    0.415961] Key type id_legacy registered
[    0.416002] nfs4filelayout_init: NFSv4 File Layout Driver Registering...
[    0.423915] Key type asymmetric registered
[    0.423963] Asymmetric key parser 'x509' registered
[    0.424063] Block layer SCSI generic (bsg) driver version 0.4 loaded (major 248)
[    0.424355] io scheduler noop registered
[    0.424389] io scheduler deadline registered (default)
[    0.424647] io scheduler cfq registered
[    0.424681] io scheduler mq-deadline registered (default)
[    0.424714] io scheduler kyber registered
[    0.428145] bcm2708_fb soc:fb: FB found 1 display(s)
[    0.439098] Console: switching to colour frame buffer device 82x26
[    0.443969] bcm2708_fb soc:fb: Registered framebuffer for display 0, size 656x416
[    0.451331] Serial: 8250/16550 driver, 1 ports, IRQ sharing enabled
[    0.455870] bcm2835-rng 3f104000.rng: hwrng registered
[    0.458852] vc-mem: phys_addr:0x00000000 mem_base=0x3ec00000 mem_size:0x40000000(1024 MiB)
[    0.464748] gpiomem-bcm2835 3f200000.gpiomem: Initialised: Registers at 0x3f200000
[    0.470277] cacheinfo: Unable to detect cache hierarchy for CPU 0
[    0.488530] brd: module loaded
[    0.506674] loop: module loaded
[    0.510424] Loading iSCSI transport class v2.0-870.
[    0.515702] libphy: Fixed MDIO Bus: probed
[    0.518673] usbcore: registered new interface driver r8152
[    0.521322] usbcore: registered new interface driver lan78xx
[    0.523920] usbcore: registered new interface driver smsc95xx
[    0.526792] dwc_otg: version 3.00a 10-AUG-2012 (platform bus)
[    0.557318] dwc_otg 3f980000.usb: base=(____ptrval____)
[    0.773058] Core Release: 2.80a
[    0.775546] Setting default values for core params
[    0.778093] Finished setting default values for core params
[    0.994210] Using Buffer DMA mode
[    0.996615] Periodic Transfer Interrupt Enhancement - disabled
[    0.999030] Multiprocessor Interrupt Enhancement - disabled
[    1.001454] OTG VER PARAM: 0, OTG VER FLAG: 0
[    1.003789] Dedicated Tx FIFOs mode
[    1.006942] WARN::dwc_otg_hcd_init:1074: FIQ DMA bounce buffers: virt = ffffff80090c1000 dma = 0x00000000fad14000 len=9024
[    1.011471] FIQ FSM acceleration enabled for :
[    1.011471] Non-periodic Split Transactions
[    1.011471] Periodic Split Transactions
[    1.011471] High-Speed Isochronous Endpoints
[    1.011471] Interrupt/Control Split Transaction hack enabled
[    1.022375] WARN::hcd_init_fiq:497: MPHI regs_base at ffffff800805d000
[    1.024680] dwc_otg 3f980000.usb: DWC OTG Controller
[    1.026985] dwc_otg 3f980000.usb: new USB bus registered, assigned bus number 1
[    1.029464] dwc_otg 3f980000.usb: irq 9, io mem 0x00000000
[    1.031863] Init: Port Power? op_state=1
[    1.034213] Init: Power Port (0)
[    1.036876] usb usb1: New USB device found, idVendor=1d6b, idProduct=0002, bcdDevice= 4.19
[    1.041625] usb usb1: New USB device strings: Mfr=3, Product=2, SerialNumber=1
[    1.044159] usb usb1: Product: DWC OTG Controller
[    1.046716] usb usb1: Manufacturer: Linux 4.19.118-v8+ dwc_otg_hcd
[    1.049252] usb usb1: SerialNumber: 3f980000.usb
[    1.052600] hub 1-0:1.0: USB hub found
[    1.055095] hub 1-0:1.0: 1 port detected
[    1.058732] usbcore: registered new interface driver uas
[    1.061207] usbcore: registered new interface driver usb-storage
[    1.063762] mousedev: PS/2 mouse device common for all mice
[    1.067593] bcm2835-wdt bcm2835-wdt: Broadcom BCM2835 watchdog timer
[    1.071520] cpufreq: cpufreq_online: CPU0: Running at unlisted freq: 600000 KHz
[    1.076263] cpufreq: cpufreq_online: CPU0: Unlisted initial frequency changed to: 700000 KHz
[    1.079561] sdhci: Secure Digital Host Controller Interface driver
[    1.080649] sdhci: Copyright(c) Pierre Ossman
[    1.082032] sdhost-bcm2835 3f202000.mmc: could not get clk, deferring probe
[    1.083241] sdhci-pltfm: SDHCI platform and OF driver helper
[    1.085721] ledtrig-cpu: registered to indicate activity on CPUs
[    1.086939] hidraw: raw HID events driver (C) Jiri Kosina
[    1.088149] usbcore: registered new interface driver usbhid
[    1.089249] usbhid: USB HID core driver
[    1.090945] vchiq: vchiq_init_state: slot_zero = (____ptrval____), is_master = 0
[    1.095225] Initializing XFRM netlink socket
[    1.096367] NET: Registered protocol family 17
[    1.097529] Key type dns_resolver registered
[    1.099308] registered taskstats version 1
[    1.100417] Loading compiled-in X.509 certificates
[    1.107143] uart-pl011 3f201000.serial: cts_event_workaround enabled
[    1.108407] 3f201000.serial: ttyAMA0 at MMIO 0x3f201000 (irq = 66, base_baud = 0) is a PL011 rev2
[    2.108893] console [ttyAMA0] enabled
[    2.114644] bcm2835-power bcm2835-power: Broadcom BCM2835 power domains driver
[    2.123901] sdhost: log_buf @ (____ptrval____) (fad13000)
[    2.179496] mmc0: sdhost-bcm2835 loaded - DMA enabled (>1)
[    2.187818] of_cfs_init
[    2.191461] of_cfs_init: OK
[    2.195823] Waiting for root device PARTUUID=4c999877-02...
[    2.224426] Indeed it is in host mode hprt0 = 00021501
[    2.282190] mmc0: host does not support reading read-only switch, assuming write-enable
[    2.308436] mmc0: new high speed SDHC card at address aaaa
[    2.316175] mmcblk0: mmc0:aaaa SC16G 14.8 GiB
[    2.326130]  mmcblk0: p1 p2
[    2.330465] random: fast init done
[    2.348390] EXT4-fs (mmcblk0p2): INFO: recovery required on readonly filesystem
[    2.356834] EXT4-fs (mmcblk0p2): write access will be enabled during recovery
[    2.428356] usb 1-1: new high-speed USB device number 2 using dwc_otg
[    2.436117] Indeed it is in host mode hprt0 = 00001101
[    2.476889] EXT4-fs (mmcblk0p2): recovery complete
[    2.487129] EXT4-fs (mmcblk0p2): mounted filesystem with ordered data mode. Opts: (null)
[    2.497405] VFS: Mounted root (ext4 filesystem) readonly on device 179:2.
[    2.519503] devtmpfs: mounted
[    2.526712] Freeing unused kernel memory: 1024K
[    2.532439] Run /sbin/init as init process
[    2.652644] usb 1-1: New USB device found, idVendor=0424, idProduct=2514, bcdDevice= b.b3
[    2.663184] usb 1-1: New USB device strings: Mfr=0, Product=0, SerialNumber=0
[    2.672002] hub 1-1:1.0: USB hub found
[    2.677126] hub 1-1:1.0: 4 ports detected
[    2.968354] usb 1-1.1: new high-speed USB device number 3 using dwc_otg
[    3.076588] usb 1-1.1: New USB device found, idVendor=0424, idProduct=2514, bcdDevice= b.b3
[    3.087316] usb 1-1.1: New USB device strings: Mfr=0, Product=0, SerialNumber=0
[    3.096393] hub 1-1.1:1.0: USB hub found
[    3.101613] hub 1-1.1:1.0: 3 ports detected
[    3.158742] systemd[1]: System time before build time, advancing clock.
[    3.304652] NET: Registered protocol family 10
[    3.311150] Segment Routing with IPv6
[    3.360555] systemd[1]: systemd 241 running in system mode. (+PAM +AUDIT +SELINUX +IMA +APPARMOR +SMACK +SYSVINIT +UTMP +LIBCRYPTSETUP +GCRYPT +GNUTLS +ACL +XZ +LZ4 +SECCOMP +B
LKID +ELFUTILS +KMOD -IDN2 +IDN -PCRE2 default-hierarchy=hybrid)
[    3.386151] systemd[1]: Detected architecture arm64.
[    3.403394] systemd[1]: Set hostname to <raspberrypi>.
[    3.519722] uart-pl011 3f201000.serial: no DMA platform data
[    3.641735] random: crng init done
[    3.688365] usb 1-1.1.1: new high-speed USB device number 4 using dwc_otg
[    3.796764] usb 1-1.1.1: New USB device found, idVendor=0424, idProduct=7800, bcdDevice= 3.00
[    3.807718] usb 1-1.1.1: New USB device strings: Mfr=0, Product=0, SerialNumber=0
[    4.014901] systemd[1]: Listening on initctl Compatibility Named Pipe.
[    4.027809] systemd[1]: Created slice system-serial\x2dgetty.slice.
[    4.037178] systemd[1]: Reached target Swap.
[    4.044721] systemd[1]: Listening on udev Kernel Socket.
[    4.053297] systemd[1]: Started Dispatch Password Requests to Console Directory Watch.
[    4.065774] systemd[1]: Listening on Syslog Socket.
[    4.082318] lan78xx 1-1.1.1:1.0 (unnamed net_device) (uninitialized): No External EEPROM. Setting MAC Speed
[    4.095887] libphy: lan78xx-mdiobus: probed
[    4.106101] systemd[1]: Condition check resulted in Journal Audit Socket being skipped.
[    4.121332] lan78xx 1-1.1.1:1.0 (unnamed net_device) (uninitialized): int urb period 64

Raspbian GNU/Linux 10 raspberrypi ttyAMA0

raspberrypi login: pi
Password: 
Last login: Thu Jul  9 15:18:57 CEST 2020 on ttyAMA0
Linux raspberrypi 4.19.118-v8+ #1311 SMP PREEMPT Mon Apr 27 14:32:38 BST 2020 aarch64

The programs included with the Debian GNU/Linux system are free software;
the exact distribution terms for each program are described in the
individual files in /usr/share/doc/*/copyright.

[   85.203073] Unable to handle kernel paging request at virtual address efffffc03a31a710
[   85.212586] Mem abort info:
[   85.216158]   ESR = 0x96000004
[   85.219977]   Exception class = DABT (current EL), IL = 32 bits
[   85.226706]   SET = 0, FnV = 0
[   85.230544]   EA = 0, S1PTW = 0
[   85.234452] Data abort info:
[   85.238091]   ISV = 0, ISS = 0x00000004
[   85.242677]   CM = 0, WnR = 0
[   85.246377] [efffffc03a31a710] address between user and kernel address ranges
[   85.254324] Internal error: Oops: 96000004 [#1] PREEMPT SMP
[   85.260727] Modules linked in: cfg80211 rfkill 8021q garp stp llc binfmt_misc bcm2835_codec(C) bcm2835_v4l2(C) v4l2_mem2mem bcm2835_mmal_vchiq(C) v4l2_common videobuf2_dma_cont
ig videobuf2_vmalloc videobuf2_memops videobuf2_v4l2 videobuf2_common videodev media raspberrypi_hwmon hwmon vc_sm_cma(C) uio_pdrv_genirq uio ip_tables x_tables ipv6
[   85.295729] Process uvbench.sh (pid: 447, stack limit = 0x000000000c33c981)
[   85.303799] CPU: 1 PID: 447 Comm: uvbench.sh Tainted: G         C        4.19.118-v8+ #1311
[   85.314374] Hardware name: Raspberry Pi 3 Model B Plus Rev 1.3 (DT)
[   85.321782] pstate: 80000085 (Nzcv daIf -PAN -UAO)
[   85.327686] pc : free_unref_page_commit+0xa0/0x100
[   85.333596] lr : free_unref_page_commit+0x84/0x100
[   85.339492] sp : ffffff800a2cbcd0
[   85.343886] x29: ffffff800a2cbcd0 x28: ffffffc0379a0000 
[   85.350284] x27: 0000000000000000 x26: 0000000000000000 
[   85.356690] x25: 0000000046000000 x24: ffffffc036729410 
[   85.363098] x23: ffffffc039560f20 x22: ffffffbf00cf9400 
[   85.369504] x21: ffffff8008d95680 x20: efffff800843d700 
[   85.375901] x19: 0000000000000001 x18: 0000000000000000 
[   85.382281] x17: 0000000000004640 x16: 0000000000000000 
[   85.388611] x15: 0000000000000000 x14: 0000000000000000 
[   85.394880] x13: 0000000000000000 x12: 0000000000000000 
[   85.401088] x11: 0000000000000000 x10: 0000000000000000 
[   85.407232] x9 : 0000000000000000 x8 : 0000000000000000 
[   85.413313] x7 : ffffff8008cc8688 x6 : ffffff8008d95680 
[   85.419359] x5 : efffffc03a31a710 x4 : 0000004031edd000 
[   85.425364] x3 : ffffffbf00cf9408 x2 : efffffc03a31a700 
[   85.431339] x1 : 0000004031edd000 x0 : 0000000000000010 
[   85.437293] Call trace:                                               43
[   85.440331]  free_unref_page_commit+0xa0/0x100
[   854.95375]  free_unref_page+0x74/0xa8
[   85.449698]  __free_pages+0x58/0x68
[   85.453780]  free_pipe_info+0x88/0xa8
[   85.458022]  put_pipe_info+0x50/0x78
[   85.462180]  pipe_release+0xa8/0xc0
[   85.466242]  __fput+0x90/0x1b8
[   85.469866]  ____fput+0x20/0x30
[   85.473569]  task_work_run+0x9c/0xb8
[   85.477714]  do_notify_resume+0x12c/0x130
[   85.482291]  work_pending+0x8/0x14
[   85.486271] Code: f8605821 d37cee60 8b010282 8b000045 (f8606844) 
[   85.493009] ---[ end trace a0c71a9e1125ddd7 ]---

Message from syslogd@raspberrypi at Jul  9 15:26:35 ...
 kernel:[   85.254324] Internal error: Oops: 96000004 [#1] PREEMPT SMP

Message from syslogd@raspberrypi at Jul  9 15:26:35 ...
 kernel:[   85.295729] Process uvbench.sh (pid: 447, stack limit = 0x000000000c33c981)

Message from syslogd@raspberrypi at Jul  9 15:26:35 ...
 kernel:[   85.486271] Code: f8605821 d37cee60 8b010282 8b000045 (f8606844) 
pi@raspberrypi:~$  systemctl status uvbench.service
��● uvbench.service - Under-volting benchmark
   Loaded: loaded (/etc/systemd/system/uvbench.service; enabled; vendor preset: 
   Active: failed (Result: signal) since Thu 2020-07-09 15:26:36 CEST; 1min 31s 
  Process: 447 ExecStart=/home/pi/uvbench.sh run -t 40 (code=killed, signal=SEGV
 Main PID: 447 (code=killed, signal=SEGV)

Jul 09 15:22:45 raspberrypi systemd[1]: Starting Under-volting benchmark...
Jul 09 15:26:36 raspberrypi systemd[1]: uvbench.service: Main process exited, co
Jul 09 15:26:36 raspberrypi systemd[1]: uvbench.service: Failed with result 'sig
Jul 09 15:26:36 raspberrypi systemd[1]: Failed to start Under-volting benchmark.
pi@raspberrypi:~$ 
