[    0.000000] Booting Linux on physical CPU 0x0000000000 [0x410fd034]
[    0.000000] Linux version 4.19.118-v8+ (dom@buildbot) (gcc version 5.4.0 20160609 (Ubuntu/Linaro 5.4.0-6ubuntu1~16.04.9)) #1311 SMP PREEMPT Mon Apr 27 14:32:38 BST 2020
[    0.000000] Machine model: Raspberry Pi 3 Model B Rev 1.2
[    0.000000] efi: Getting EFI parameters from FDT:
[    0.000000] efi: UEFI not found.
[    0.000000] cma: Reserved 8 MiB at 0x000000003ac00000
[    0.000000] random: get_random_bytes called from start_kernel+0xb8/0x47c with crng_init=0
[    0.000000] percpu: Embedded 24 pages/cpu s58840 r8192 d31272 u98304
[    0.000000] Detected VIPT I-cache on CPU0
[    0.000000] CPU features: enabling workaround for ARM erratum 843419
[    0.000000] CPU features: enabling workaround for ARM erratum 845719
[    0.000000] Built 1 zonelists, mobility grouping on.  Total pages: 238896
[    0.000000] Kernel command line: coherent_pool=1M 8250.nr_uarts=1 snd_bcm2835.enable_compat_alsa=0 snd_bcm2835.enable_hdmi=1 snd_bcm2835.enable_headphones=1 bcm2708_fb.fbwidth=
656 bcm2708_fb.fbheight=416 bcm2708_fb.fbswap=1 vc_mem.mem_base=0x3ec00000 vc_mem.mem_size=0x40000000  dwc_otg.lpm_enable=0 console=ttyAMA0,115200 console=tty1 root=PARTUUID=4c999
877-02 rootfstype=ext4 elevator=deadline fsck.repair=yes rootwait
[    0.000000] Dentry cache hash table entries: 131072 (order: 8, 1048576 bytes)
[    0.000000] Inode-cache hash table entries: 65536 (order: 7, 524288 bytes)
[    0.000000] Memory: 929096K/970752K available (8700K kernel code, 1074K rwdata, 2760K rodata, 1024K init, 1126K bss, 33464K reserved, 8192K cma-reserved)
[    0.000000] SLUB: HWalign=64, Order=0-3, MinObjects=0, CPUs=4, Nodes=1
[    0.000000] ftrace: allocating 30496 entries in 120 pages
[    0.000000] rcu: Preemptible hierarchical RCU implementation.
[    0.000000] rcu:     RCU restricting CPUs from NR_CPUS=64 to nr_cpu_ids=4.
[    0.000000]  Tasks RCU enabled.
[    0.000000] rcu: Adjusting geometry for rcu_fanout_leaf=16, nr_cpu_ids=4
[    0.000000] NR_IRQS: 64, nr_irqs: 64, preallocated irqs: 0
[    0.000000] arch_timer: cp15 timer(s) running at 19.20MHz (phys).
[    0.000000] clocksource: arch_sys_counter: mask: 0xffffffffffffff max_cycles: 0x46d987e47, max_idle_ns: 440795202767 ns
[    0.000007] sched_clock: 56 bits at 19MHz, resolution 52ns, wraps every 4398046511078ns
[    0.000271] Console: colour dummy device 80x25
[    0.000936] console [tty1] enabled
[    0.001006] Calibrating delay loop (skipped), value calculated using timer frequency.. 38.40 BogoMIPS (lpj=76800)
[    0.001058] pid_max: default: 32768 minimum: 301
[    0.001487] Mount-cache hash table entries: 2048 (order: 2, 16384 bytes)
[    0.001544] Mountpoint-cache hash table entries: 2048 (order: 2, 16384 bytes)
[    0.024103] ASID allocator initialised with 32768 entries
[    0.032101] rcu: Hierarchical SRCU implementation.
[    0.040732] EFI services will not be available.
[    0.048178] smp: Bringing up secondary CPUs ...
[    0.080448] Detected VIPT I-cache on CPU1
[    0.080518] CPU1: Booted secondary processor 0x0000000001 [0x410fd034]
[    0.112574] Detected VIPT I-cache on CPU2
[    0.112623] CPU2: Booted secondary processor 0x0000000002 [0x410fd034]
[    0.144737] Detected VIPT I-cache on CPU3
[    0.144783] CPU3: Booted secondary processor 0x0000000003 [0x410fd034]
[    0.144968] smp: Brought up 1 node, 4 CPUs
[    0.145121] SMP: Total of 4 processors activated.
[    0.145155] CPU features: detected: 32-bit EL0 Support
[    0.146127] CPU: All CPU(s) started at EL2
[    0.146201] alternatives: patching kernel code
[    0.147820] devtmpfs: initialized
[    0.164003] Enabled cp15_barrier support
[    0.164069] Enabled setend support
[    0.164616] clocksource: jiffies: mask: 0xffffffff max_cycles: 0xffffffff, max_idle_ns: 7645041785100000 ns
[    0.164677] futex hash table entries: 1024 (order: 4, 65536 bytes)
[    0.165423] pinctrl core: initialized pinctrl subsystem
[    0.166319] DMI not present or invalid.
[    0.166888] NET: Registered protocol family 16
[    0.173347] cpuidle: using governor menu
[    0.173961] hw-breakpoint: found 6 breakpoint and 4 watchpoint registers.
[    0.178587] DMA: preallocated 1024 KiB pool for atomic allocations
[    0.178766] Serial: AMBA PL011 UART driver
[    0.183356] bcm2835-mbox 3f00b880.mailbox: mailbox enabled
[    0.192943] raspberrypi-firmware soc:firmware: Attached to firmware from 2020-04-15 11:43, variant start
[    0.196961] raspberrypi-firmware soc:firmware: Firmware hash is 82f9bb929ce2186eb1824178c1ae82902ad6275c
[    0.242973] bcm2835-dma 3f007000.dma: DMA legacy API manager at (____ptrval____), dmachans=0x1
[    0.246320] vgaarb: loaded
[    0.246823] SCSI subsystem initialized
[    0.247120] usbcore: registered new interface driver usbfs
[    0.247225] usbcore: registered new interface driver hub
[    0.247388] usbcore: registered new device driver usb
[    0.247564] pps_core: LinuxPPS API ver. 1 registered
[    0.247598] pps_core: Software ver. 5.3.6 - Copyright 2005-2007 Rodolfo Giometti <giometti@linux.it>
[    0.247658] PTP clock support registered
[    0.249589] clocksource: Switched to clocksource arch_sys_counter
[    0.374738] VFS: Disk quotas dquot_6.6.0
[    0.374879] VFS: Dquot-cache hash table entries: 512 (order 0, 4096 bytes)
[    0.375161] FS-Cache: Loaded
[    0.375437] CacheFiles: Loaded
[    0.387511] NET: Registered protocol family 2
[    0.388480] tcp_listen_portaddr_hash hash table entries: 512 (order: 1, 8192 bytes)
[    0.388556] TCP established hash table entries: 8192 (order: 4, 65536 bytes)
[    0.388700] TCP bind hash table entries: 8192 (order: 5, 131072 bytes)
[    0.388919] TCP: Hash tables configured (established 8192 bind 8192)
[    0.389210] UDP hash table entries: 512 (order: 2, 16384 bytes)
[    0.389287] UDP-Lite hash table entries: 512 (order: 2, 16384 bytes)
[    0.389715] NET: Registered protocol family 1
[    0.390697] RPC: Registered named UNIX socket transport module.
[    0.390733] RPC: Registered udp transport module.
[    0.390764] RPC: Registered tcp transport module.
[    0.390793] RPC: Registered tcp NFSv4.1 backchannel transport module.
[    0.393402] hw perfevents: enabled with armv8_cortex_a53 PMU driver, 7 counters available
[    0.393676] kvm [1]: 8-bit VMID
[    0.394521] kvm [1]: Hyp mode initialized successfully
[    0.399438] Initialise system trusted keyrings
[    0.399791] workingset: timestamp_bits=46 max_order=18 bucket_order=0
[    0.412174] FS-Cache: Netfs 'nfs' registered for caching
[    0.413239] NFS: Registering the id_resolver key type
[    0.413299] Key type id_resolver registered
[    0.413330] Key type id_legacy registered
[    0.413371] nfs4filelayout_init: NFSv4 File Layout Driver Registering...
[    0.421117] Key type asymmetric registered
[    0.421165] Asymmetric key parser 'x509' registered
[    0.421263] Block layer SCSI generic (bsg) driver version 0.4 loaded (major 248)
[    0.421558] io scheduler noop registered
[    0.421644] io scheduler deadline registered (default)
[    0.421947] io scheduler cfq registered
[    0.421981] io scheduler mq-deadline registered (default)
[    0.422015] io scheduler kyber registered
[    0.427871] bcm2708_fb soc:fb: FB found 1 display(s)
[    0.437530] Console: switching to colour frame buffer device 82x26
[    0.442436] bcm2708_fb soc:fb: Registered framebuffer for display 0, size 656x416
[    0.449838] Serial: 8250/16550 driver, 1 ports, IRQ sharing enabled
[    0.454344] bcm2835-rng 3f104000.rng: hwrng registered
[    0.457285] vc-mem: phys_addr:0x00000000 mem_base=0x3ec00000 mem_size:0x40000000(1024 MiB)
[    0.463147] gpiomem-bcm2835 3f200000.gpiomem: Initialised: Registers at 0x3f200000
[    0.468681] cacheinfo: Unable to detect cache hierarchy for CPU 0
[    0.486990] brd: module loaded
[    0.505198] loop: module loaded
[    0.508971] Loading iSCSI transport class v2.0-870.
[    0.514281] libphy: Fixed MDIO Bus: probed
[    0.517220] usbcore: registered new interface driver r8152
[    0.519878] usbcore: registered new interface driver lan78xx
[    0.522488] usbcore: registered new interface driver smsc95xx
[    0.525350] dwc_otg: version 3.00a 10-AUG-2012 (platform bus)
[    0.555874] dwc_otg 3f980000.usb: base=(____ptrval____)
[    0.771984] Core Release: 2.80a
[    0.774504] Setting default values for core params
[    0.777014] Finished setting default values for core params
[    0.992718] Using Buffer DMA mode
[    0.995117] Periodic Transfer Interrupt Enhancement - disabled
[    0.997524] Multiprocessor Interrupt Enhancement - disabled
[    0.999941] OTG VER PARAM: 0, OTG VER FLAG: 0
[    1.002290] Dedicated Tx FIFOs mode
[    1.005485] WARN::dwc_otg_hcd_init:1074: FIQ DMA bounce buffers: virt = ffffff80090c1000 dma = 0x00000000fad04000 len=9024
[    1.010001] FIQ FSM acceleration enabled for :
[    1.010001] Non-periodic Split Transactions
[    1.010001] Periodic Split Transactions
[    1.010001] High-Speed Isochronous Endpoints
[    1.010001] Interrupt/Control Split Transaction hack enabled
[    1.020730] WARN::hcd_init_fiq:497: MPHI regs_base at ffffff8008065000
[    1.023029] dwc_otg 3f980000.usb: DWC OTG Controller
[    1.025352] dwc_otg 3f980000.usb: new USB bus registered, assigned bus number 1
[    1.027829] dwc_otg 3f980000.usb: irq 9, io mem 0x00000000
[    1.030251] Init: Port Power? op_state=1
[    1.032570] Init: Power Port (0)
[    1.035239] usb usb1: New USB device found, idVendor=1d6b, idProduct=0002, bcdDevice= 4.19
[    1.039992] usb usb1: New USB device strings: Mfr=3, Product=2, SerialNumber=1
[    1.042607] usb usb1: Product: DWC OTG Controller
[    1.045095] usb usb1: Manufacturer: Linux 4.19.118-v8+ dwc_otg_hcd
[    1.047635] usb usb1: SerialNumber: 3f980000.usb
[    1.050905] hub 1-0:1.0: USB hub found
[    1.053403] hub 1-0:1.0: 1 port detected
[    1.057057] usbcore: registered new interface driver uas
[    1.059518] usbcore: registered new interface driver usb-storage
[    1.062096] mousedev: PS/2 mouse device common for all mice
[    1.065970] bcm2835-wdt bcm2835-wdt: Broadcom BCM2835 watchdog timer
[    1.070552] sdhci: Secure Digital Host Controller Interface driver
[    1.072989] sdhci: Copyright(c) Pierre Ossman
[    1.076117] sdhost-bcm2835 3f202000.mmc: could not get clk, deferring probe
[    1.078874] sdhci-pltfm: SDHCI platform and OF driver helper
[    1.083538] ledtrig-cpu: registered to indicate activity on CPUs
[    1.086302] hidraw: raw HID events driver (C) Jiri Kosina
[    1.088972] usbcore: registered new interface driver usbhid
[    1.091477] usbhid: USB HID core driver
[    1.095206] vchiq: vchiq_init_state: slot_zero = (____ptrval____), is_master = 0
[    1.104005] Initializing XFRM netlink socket
[    1.106508] NET: Registered protocol family 17
[    1.109032] Key type dns_resolver registered
[    1.112798] registered taskstats version 1
[    1.115155] Loading compiled-in X.509 certificates
[    1.129492] uart-pl011 3f201000.serial: cts_event_workaround enabled
[    1.132148] 3f201000.serial: ttyAMA0 at MMIO 0x3f201000 (irq = 66, base_baud = 0) is a PL011 rev2
[    2.122819] console [ttyAMA0] enabled
[    2.131070] bcm2835-power bcm2835-power: Broadcom BCM2835 power domains driver
[    2.142825] sdhost: log_buf @ (____ptrval____) (fad07000)
[    2.200429] mmc0: sdhost-bcm2835 loaded - DMA enabled (>1)
[    2.212351] of_cfs_init
[    2.217495] of_cfs_init: OK
[    2.223742] Waiting for root device PARTUUID=4c999877-02...
[    2.245926] Indeed it is in host mode hprt0 = 00021501
[    2.307930] mmc0: host does not support reading read-only switch, assuming write-enable
[    2.339173] mmc0: new high speed SDHC card at address aaaa
[    2.349525] mmcblk0: mmc0:aaaa SC16G 14.8 GiB
[    2.362433]  mmcblk0: p1 p2
[    2.370394] random: fast init done
[    2.392604] EXT4-fs (mmcblk0p2): mounted filesystem with ordered data mode. Opts: (null)
[    2.405886] VFS: Mounted root (ext4 filesystem) readonly on device 179:2.
[    2.427533] devtmpfs: mounted
[    2.440059] Freeing unused kernel memory: 1024K
[    2.447411] Run /sbin/init as init process
[    2.461670] usb 1-1: new high-speed USB device number 2 using dwc_otg
[    2.471092] Indeed it is in host mode hprt0 = 00001101
[    2.690252] usb 1-1: New USB device found, idVendor=0424, idProduct=9514, bcdDevice= 2.00
[    2.703720] usb 1-1: New USB device strings: Mfr=0, Product=0, SerialNumber=0
[    2.714626] hub 1-1:1.0: USB hub found
[    2.721504] hub 1-1:1.0: 5 ports detected
[    3.017680] usb 1-1.1: new high-speed USB device number 3 using dwc_otg
[    3.126162] usb 1-1.1: New USB device found, idVendor=0424, idProduct=ec00, bcdDevice= 2.00
[    3.140029] usb 1-1.1: New USB device strings: Mfr=0, Product=0, SerialNumber=0
[    3.153299] smsc95xx v1.0.6
[    3.195049] systemd[1]: System time before build time, advancing clock.
[    3.232031] smsc95xx 1-1.1:1.0 eth0: register 'smsc95xx' at usb-3f980000.usb-1.1, smsc95xx USB 2.0 Ethernet, b8:27:eb:6d:27:bc
[    3.411341] NET: Registered protocol family 10
[    3.420508] Segment Routing with IPv6
[    3.490261] systemd[1]: systemd 241 running in system mode. (+PAM +AUDIT +SELINUX +IMA +APPARMOR +SMACK +SYSVINIT +UTMP +LIBCRYPTSETUP +GCRYPT +GNUTLS +ACL +XZ +LZ4 +SECCOMP +B
LKID +ELFUTILS +KMOD -IDN2 +IDN -PCRE2 default-hierarchy=hybrid)
[    3.522020] systemd[1]: Detected architecture arm64.
[    3.551715] systemd[1]: Set hostname to <raspberrypi>.
[    3.742544] random: crng init done
[    3.751740] uart-pl011 3f201000.serial: no DMA platform data
[    4.591142] systemd[1]: Created slice system-systemd\x2dfsck.slice.
[    4.606469] systemd[1]: Created slice User and Session Slice.
[    4.619574] systemd[1]: Started Forward Password Requests to Wall Directory Watch.
[    4.637673] systemd[1]: Listening on Journal Socket.
[    4.655623] systemd[1]: Mounting RPC Pipe File System...
[    4.676795] systemd[1]: Mounting POSIX Message Queue File System...
[    4.709189] systemd[1]: Starting Load Kernel Modules...
[    9.754265] Unable to handle kernel NULL pointer dereference at virtual address 0000000000000011
[    9.765212] Mem abort info:
[    9.765569] Unable to handle kernel paging request at virtual address 0000000100000000
[    9.769045]   ESR = 0x96000007
[    9.779120] Mem abort info:
[    9.783224]   Exception class = DABT (current EL), IL = 32 bits
[    9.787021]   ESR = 0x86000005
[    9.793992]   SET = 0, FnV = 0
[    9.798074]   Exception class = IABT (current EL), IL = 32 bits
[    9.802146]   EA = 0, S1PTW = 0
[    9.809118]   SET = 0, FnV = 0
[    9.813256] Data abort info:
[    9.817290]   EA = 0, S1PTW = 0
[    9.821148]   ISV = 0, ISS = 0x00000007
[    9.825265] user pgtable: 4k pages, 39-bit VAs, pgdp = 00000000763d8b6d
[    9.830075]   CM = 0, WnR = 0
[    9.837735] [0000000100000000] pgd=0000000000000000, pud=0000000000000000
[    9.841724] user pgtable: 4k pages, 39-bit VAs, pgdp = 00000000212f9b45
[    9.849608] Internal error: Oops: 86000005 [#1] PREEMPT SMP
[    9.857356] [0000000000000011] pgd=00000000346ab003, pud=00000000346ab003, pmd=0000000034f4e003, pte=0000000000000000
[    9.864031] Modules linked in: 8021q garp stp llc binfmt_misc bcm2835_codec(C) bcm2835_v4l2(C) v4l2_mem2mem bcm2835_mmal_vchiq(C) v4l2_common videobuf2_dma_contig videobuf2_vma
lloc videobuf2_memops videobuf2_v4l2 videobuf2_common raspberrypi_hwmon hwmon videodev media vc_sm_cma(C) uio_pdrv_genirq uio ip_tables x_tables ipv6
[    9.910443] Process swapper/1 (pid: 0, stack limit = 0x0000000014687ebc)
[    9.918463] CPU: 1 PID: 0 Comm: swapper/1 Tainted: G         C        4.19.118-v8+ #1311
[    9.929207] Hardware name: Raspberry Pi 3 Model B Rev 1.2 (DT)
[    9.936421] pstate: 80000085 (Nzcv daIf -PAN -UAO)
[    9.942583] pc : 0x100000000
[    9.946829] lr : arch_timer_handler_phys+0x3c/0x50
[    9.953023] sp : ffffff800800be80
[    9.957742] x29: ffffff800800be80 x28: ffffffc039599d00 
[    9.964480] x27: ffffffc03ab928b8 x26: ffffffc03ab92878 
[    9.971186] x25: ffffffc03ab92838 x24: ffffffc03ab9278c 
[    9.977840] x23: ffffff8008d44438 x22: 7fffffffffffffff 
[    9.984458] x21: 0000000000000003 x20: 0000000000000080 
[    9.991053] x19: ffffffc03ab92780 x18: 0000000000000000 
[    9.997607] x17: 0000000000013e62 x16: 0000000000000000 
[   10.004119] x15: 0000000000000000 x14: 0000000000000000 
[   10.010573] x13: 0000000000000000 x12: 0000000000000000 
[   10.016954] x11: 0000000000000000 x10: 0000000000001930 
[   10.023263] x9 : ffffff8008efbe70 x8 : 0000000000000040 
[   10.029512] x7 : 0000000000000000 x6 : ffffffc039000920 
[   10.035718] x5 : ffffffc03950be00 x4 : 0000004031ede000 
[   10.041877] x3 : 0000000000010001 x2 : 0000004031ede000 
[   10.047987] x1 : 0000000100000000 x0 : ffffffc03ab92780 
[   10.054062] Call trace:
[   10.057220]  0x100000000
[   10.060428]  hrtimer_interrupt+0x7c/0x258
[   10.065125]  arch_timer_handler_phys+0x3c/0x50
[   10.070262]  handle_percpu_devid_irq+0xa4/0x2a0
[   10.075476]  generic_handle_irq+0x34/0x50
[   10.080169]  __handle_domain_irq+0x8c/0x100
[   10.085052]  bcm2836_arm_irqchip_handle_irq+0x68/0xd8
[   10.090848]  el1_irq+0xb4/0x130
[   10.094724]  arch_cpu_idle+0x30/0x1f0
[   10.099118]  default_idle_call+0x24/0x40
[   10.103779]  do_idle+0x224/0x240
[   10.107742]  cpu_startup_entry+0x28/0x30
[   10.112424]  secondary_start_kernel+0x188/0x1d8
[   10.117754] Code: bad PC value
[   10.121617] ---[ end trace 572b6c12ffafb22b ]---
[   10.127075] Kernel panic - not syncing: Fatal exception in interrupt
[   10.134321] SMP: stopping secondary CPUs
[   11.232878] SMP: failed to stop secondary CPUs 0-1
[   11.238580] Kernel Offset: disabled
[   11.242978] CPU features: 0x0,24002004
[   11.247621] Memory Limit: none
[   11.251581] ---[ end Kernel panic - not syncing: Fatal exception in interrupt ]---
