[    0.000000] Booting Linux on physical CPU 0x0000000000 [0x410fd034]
[    0.000000] Linux version 4.19.118-v8+ (dom@buildbot) (gcc version 5.4.0 20160609 (Ubuntu/Linaro 5.4.0-6ubuntu1~16.04.9)) #1311 SMP PREEMPT Mon Apr 27 14:32:38 BST 2020
[    0.000000] Machine model: Raspberry Pi 3 Model B Rev 1.2
[    0.000000] efi: Getting EFI parameters from FDT:
[    0.000000] efi: UEFI not found.
[    0.000000] cma: Reserved 8 MiB at 0x000000003ac00000
[    0.000000] random: get_random_bytes called from start_kernel+0xb8/0x47c with crng_init=0
[    0.000000] percpu: Embedded 24 pages/cpu s58840 r8192 d31272 u98304
[    0.000000] Detected VIPT I-cache on CPU0
[    0.000000] CPU features: enabling workaround for ARM erratum 843419
[    0.000000] CPU features: enabling workaround for ARM erratum 845719
[    0.000000] Built 1 zonelists, mobility grouping on.  Total pages: 238896
[    0.000000] Kernel command line: coherent_pool=1M 8250.nr_uarts=1 snd_bcm2835.enable_compat_alsa=0 snd_bcm2835.enable_hdmi=1 snd_bcm2835.enable_headphones=1 bcm2708_fb.fbwidth=
656 bcm2708_fb.fbheight=416 bcm2708_fb.fbswap=1 vc_mem.mem_base=0x3ec00000 vc_mem.mem_size=0x40000000  dwc_otg.lpm_enable=0 console=ttyAMA0,115200 console=tty1 root=PARTUUID=4c999
877-02 rootfstype=ext4 elevator=deadline fsck.repair=yes rootwait
[    0.000000] Dentry cache hash table entries: 131072 (order: 8, 1048576 bytes)
[    0.000000] Inode-cache hash table entries: 65536 (order: 7, 524288 bytes)
[    0.000000] Memory: 929096K/970752K available (8700K kernel code, 1074K rwdata, 2760K rodata, 1024K init, 1126K bss, 33464K reserved, 8192K cma-reserved)
[    0.000000] SLUB: HWalign=64, Order=0-3, MinObjects=0, CPUs=4, Nodes=1
[    0.000000] ftrace: allocating 30496 entries in 120 pages
[    0.000000] rcu: Preemptible hierarchical RCU implementation.
[    0.000000] rcu:     RCU restricting CPUs from NR_CPUS=64 to nr_cpu_ids=4.
[    0.000000]  Tasks RCU enabled.
[    0.000000] rcu: Adjusting geometry for rcu_fanout_leaf=16, nr_cpu_ids=4
[    0.000000] NR_IRQS: 64, nr_irqs: 64, preallocated irqs: 0
[    0.000000] arch_timer: cp15 timer(s) running at 19.20MHz (phys).
[    0.000000] clocksource: arch_sys_counter: mask: 0xffffffffffffff max_cycles: 0x46d987e47, max_idle_ns: 440795202767 ns
[    0.000007] sched_clock: 56 bits at 19MHz, resolution 52ns, wraps every 4398046511078ns
[    0.000270] Console: colour dummy device 80x25
[    0.000935] console [tty1] enabled
[    0.001005] Calibrating delay loop (skipped), value calculated using timer frequency.. 38.40 BogoMIPS (lpj=76800)
[    0.001057] pid_max: default: 32768 minimum: 301
[    0.001493] Mount-cache hash table entries: 2048 (order: 2, 16384 bytes)
[    0.001549] Mountpoint-cache hash table entries: 2048 (order: 2, 16384 bytes)
[    0.024104] ASID allocator initialised with 32768 entries
[    0.032101] rcu: Hierarchical SRCU implementation.
[    0.040730] EFI services will not be available.
[    0.048179] smp: Bringing up secondary CPUs ...
[    0.080447] Detected VIPT I-cache on CPU1
[    0.080515] CPU1: Booted secondary processor 0x0000000001 [0x410fd034]
[    0.112572] Detected VIPT I-cache on CPU2
[    0.112621] CPU2: Booted secondary processor 0x0000000002 [0x410fd034]
[    0.144738] Detected VIPT I-cache on CPU3
[    0.144784] CPU3: Booted secondary processor 0x0000000003 [0x410fd034]
[    0.144968] smp: Brought up 1 node, 4 CPUs
[    0.145122] SMP: Total of 4 processors activated.
[    0.145156] CPU features: detected: 32-bit EL0 Support
[    0.146128] CPU: All CPU(s) started at EL2
[    0.146202] alternatives: patching kernel code
[    0.147825] devtmpfs: initialized
[    0.164024] Enabled cp15_barrier support
[    0.164091] Enabled setend support
[    0.164635] clocksource: jiffies: mask: 0xffffffff max_cycles: 0xffffffff, max_idle_ns: 7645041785100000 ns
[    0.164696] futex hash table entries: 1024 (order: 4, 65536 bytes)
[    0.165458] pinctrl core: initialized pinctrl subsystem
[    0.166352] DMI not present or invalid.
[    0.166921] NET: Registered protocol family 16
[    0.173384] cpuidle: using governor menu
[    0.173995] hw-breakpoint: found 6 breakpoint and 4 watchpoint registers.
[    0.178595] DMA: preallocated 1024 KiB pool for atomic allocations
[    0.178775] Serial: AMBA PL011 UART driver
[    0.183357] bcm2835-mbox 3f00b880.mailbox: mailbox enabled
[    0.192935] raspberrypi-firmware soc:firmware: Attached to firmware from 2020-04-15 11:43, variant start
[    0.196954] raspberrypi-firmware soc:firmware: Firmware hash is 82f9bb929ce2186eb1824178c1ae82902ad6275c
[    0.242972] bcm2835-dma 3f007000.dma: DMA legacy API manager at (____ptrval____), dmachans=0x1
[    0.246326] vgaarb: loaded
[    0.246829] SCSI subsystem initialized
[    0.247126] usbcore: registered new interface driver usbfs
[    0.247230] usbcore: registered new interface driver hub
[    0.247396] usbcore: registered new device driver usb
[    0.247572] pps_core: LinuxPPS API ver. 1 registered
[    0.247605] pps_core: Software ver. 5.3.6 - Copyright 2005-2007 Rodolfo Giometti <giometti@linux.it>
[    0.247665] PTP clock support registered
[    0.249591] clocksource: Switched to clocksource arch_sys_counter
[    0.374725] VFS: Disk quotas dquot_6.6.0
[    0.374865] VFS: Dquot-cache hash table entries: 512 (order 0, 4096 bytes)
[    0.375148] FS-Cache: Loaded
[    0.375424] CacheFiles: Loaded
[    0.387562] NET: Registered protocol family 2
[    0.388527] tcp_listen_portaddr_hash hash table entries: 512 (order: 1, 8192 bytes)
[    0.388603] TCP established hash table entries: 8192 (order: 4, 65536 bytes)
[    0.388747] TCP bind hash table entries: 8192 (order: 5, 131072 bytes)
[    0.388976] TCP: Hash tables configured (established 8192 bind 8192)
[    0.389255] UDP hash table entries: 512 (order: 2, 16384 bytes)
[    0.389331] UDP-Lite hash table entries: 512 (order: 2, 16384 bytes)
[    0.389763] NET: Registered protocol family 1
[    0.390740] RPC: Registered named UNIX socket transport module.
[    0.390776] RPC: Registered udp transport module.
[    0.390806] RPC: Registered tcp transport module.
[    0.390836] RPC: Registered tcp NFSv4.1 backchannel transport module.
[    0.393448] hw perfevents: enabled with armv8_cortex_a53 PMU driver, 7 counters available
[    0.393722] kvm [1]: 8-bit VMID
[    0.394567] kvm [1]: Hyp mode initialized successfully
[    0.399472] Initialise system trusted keyrings
[    0.399817] workingset: timestamp_bits=46 max_order=18 bucket_order=0
[    0.412009] FS-Cache: Netfs 'nfs' registered for caching
[    0.413070] NFS: Registering the id_resolver key type
[    0.413129] Key type id_resolver registered
[    0.413160] Key type id_legacy registered
[    0.413202] nfs4filelayout_init: NFSv4 File Layout Driver Registering...
[    0.420967] Key type asymmetric registered
[    0.421016] Asymmetric key parser 'x509' registered
[    0.421114] Block layer SCSI generic (bsg) driver version 0.4 loaded (major 248)
[    0.421408] io scheduler noop registered
[    0.421443] io scheduler deadline registered (default)
[    0.421761] io scheduler cfq registered
[    0.421796] io scheduler mq-deadline registered (default)
[    0.421829] io scheduler kyber registered
[    0.427463] bcm2708_fb soc:fb: FB found 1 display(s)
[    0.437109] Console: switching to colour frame buffer device 82x26
[    0.442047] bcm2708_fb soc:fb: Registered framebuffer for display 0, size 656x416
[    0.449437] Serial: 8250/16550 driver, 1 ports, IRQ sharing enabled
[    0.453982] bcm2835-rng 3f104000.rng: hwrng registered
[    0.456933] vc-mem: phys_addr:0x00000000 mem_base=0x3ec00000 mem_size:0x40000000(1024 MiB)
[    0.462709] gpiomem-bcm2835 3f200000.gpiomem: Initialised: Registers at 0x3f200000
[    0.468249] cacheinfo: Unable to detect cache hierarchy for CPU 0
[    0.486685] brd: module loaded
[    0.504688] loop: module loaded
[    0.508424] Loading iSCSI transport class v2.0-870.
[    0.513838] libphy: Fixed MDIO Bus: probed
[    0.516770] usbcore: registered new interface driver r8152
[    0.519436] usbcore: registered new interface driver lan78xx
[    0.522060] usbcore: registered new interface driver smsc95xx
[    0.524920] dwc_otg: version 3.00a 10-AUG-2012 (platform bus)
[    0.555468] dwc_otg 3f980000.usb: base=(____ptrval____)
[    0.771122] Core Release: 2.80a
[    0.773643] Setting default values for core params
[    0.776156] Finished setting default values for core params
[    0.991662] Using Buffer DMA mode
[    0.994067] Periodic Transfer Interrupt Enhancement - disabled
[    0.996483] Multiprocessor Interrupt Enhancement - disabled
[    0.998906] OTG VER PARAM: 0, OTG VER FLAG: 0
[    1.001237] Dedicated Tx FIFOs mode
[    1.004403] WARN::dwc_otg_hcd_init:1074: FIQ DMA bounce buffers: virt = ffffff80090c1000 dma = 0x00000000fad04000 len=9024
[    1.008935] FIQ FSM acceleration enabled for :
[    1.008935] Non-periodic Split Transactions
[    1.008935] Periodic Split Transactions
[    1.008935] High-Speed Isochronous Endpoints
[    1.008935] Interrupt/Control Split Transaction hack enabled
[    1.019711] WARN::hcd_init_fiq:497: MPHI regs_base at ffffff8008065000
[    1.022020] dwc_otg 3f980000.usb: DWC OTG Controller
[    1.024333] dwc_otg 3f980000.usb: new USB bus registered, assigned bus number 1
[    1.026815] dwc_otg 3f980000.usb: irq 9, io mem 0x00000000
[    1.029218] Init: Port Power? op_state=1
[    1.031570] Init: Power Port (0)
[    1.034266] usb usb1: New USB device found, idVendor=1d6b, idProduct=0002, bcdDevice= 4.19
[    1.039016] usb usb1: New USB device strings: Mfr=3, Product=2, SerialNumber=1
[    1.041552] usb usb1: Product: DWC OTG Controller
[    1.044060] usb usb1: Manufacturer: Linux 4.19.118-v8+ dwc_otg_hcd
[    1.046600] usb usb1: SerialNumber: 3f980000.usb
[    1.049909] hub 1-0:1.0: USB hub found
[    1.052408] hub 1-0:1.0: 1 port detected
[    1.056018] usbcore: registered new interface driver uas
[    1.058488] usbcore: registered new interface driver usb-storage
[    1.061020] mousedev: PS/2 mouse device common for all mice
[    1.064904] bcm2835-wdt bcm2835-wdt: Broadcom BCM2835 watchdog timer
[    1.069512] sdhci: Secure Digital Host Controller Interface driver
[    1.071990] sdhci: Copyright(c) Pierre Ossman
[    1.075104] sdhost-bcm2835 3f202000.mmc: could not get clk, deferring probe
[    1.077853] sdhci-pltfm: SDHCI platform and OF driver helper
[    1.082466] ledtrig-cpu: registered to indicate activity on CPUs
[    1.085173] hidraw: raw HID events driver (C) Jiri Kosina
[    1.087891] usbcore: registered new interface driver usbhid
[    1.090397] usbhid: USB HID core driver
[    1.094203] vchiq: vchiq_init_state: slot_zero = (____ptrval____), is_master = 0
[    1.103070] Initializing XFRM netlink socket
[    1.105521] NET: Registered protocol family 17
[    1.108083] Key type dns_resolver registered
[    1.111927] registered taskstats version 1
[    1.114295] Loading compiled-in X.509 certificates
[    1.128594] uart-pl011 3f201000.serial: cts_event_workaround enabled
[    1.131242] 3f201000.serial: ttyAMA0 at MMIO 0x3f201000 (irq = 66, base_baud = 0) is a PL011 rev2
[    2.121805] console [ttyAMA0] enabled
[    2.130009] bcm2835-power bcm2835-power: Broadcom BCM2835 power domains driver
[    2.141872] sdhost: log_buf @ (____ptrval____) (fad07000)
[    2.199348] mmc0: sdhost-bcm2835 loaded - DMA enabled (>1)
[    2.211269] of_cfs_init
[    2.216431] of_cfs_init: OK
[    2.222687] Waiting for root device PARTUUID=4c999877-02...
[    2.243333] Indeed it is in host mode hprt0 = 00021501
[    2.303839] mmc0: host does not support reading read-only switch, assuming write-enable
[    2.335197] mmc0: new high speed SDHC card at address aaaa
[    2.345487] mmcblk0: mmc0:aaaa SC16G 14.8 GiB
[    2.355520] random: fast init done
[    2.361652]  mmcblk0: p1 p2
[    2.378640] EXT4-fs (mmcblk0p2): INFO: recovery required on readonly filesystem
[    2.388608] EXT4-fs (mmcblk0p2): write access will be enabled during recovery
[    2.411496] EXT4-fs (mmcblk0p2): recovery complete
[    2.433918] EXT4-fs (mmcblk0p2): mounted filesystem with ordered data mode. Opts: (null)
[    2.447098] VFS: Mounted root (ext4 filesystem) readonly on device 179:2.
[    2.457666] usb 1-1: new high-speed USB device number 2 using dwc_otg
[    2.467082] Indeed it is in host mode hprt0 = 00001101
[    2.481047] devtmpfs: mounted
[    2.493105] Freeing unused kernel memory: 1024K
[    2.500308] Run /sbin/init as init process
[    2.686200] usb 1-1: New USB device found, idVendor=0424, idProduct=9514, bcdDevice= 2.00
[    2.699769] usb 1-1: New USB device strings: Mfr=0, Product=0, SerialNumber=0
[    2.710818] hub 1-1:1.0: USB hub found
[    2.717492] hub 1-1:1.0: 5 ports detected
[    3.013658] usb 1-1.1: new high-speed USB device number 3 using dwc_otg
[    3.122199] usb 1-1.1: New USB device found, idVendor=0424, idProduct=ec00, bcdDevice= 2.00
[    3.136017] usb 1-1.1: New USB device strings: Mfr=0, Product=0, SerialNumber=0
[    3.149305] smsc95xx v1.0.6
[    3.224171] smsc95xx 1-1.1:1.0 eth0: register 'smsc95xx' at usb-3f980000.usb-1.1, smsc95xx USB 2.0 Ethernet, b8:27:eb:6d:27:bc
[    3.246846] systemd[1]: System time before build time, advancing clock.
[    3.444114] NET: Registered protocol family 10
[    3.453372] Segment Routing with IPv6
[    3.523145] systemd[1]: systemd 241 running in system mode. (+PAM +AUDIT +SELINUX +IMA +APPARMOR +SMACK +SYSVINIT +UTMP +LIBCRYPTSETUP +GCRYPT +GNUTLS +ACL +XZ +LZ4 +SECCOMP +B
LKID +ELFUTILS +KMOD -IDN2 +IDN -PCRE2 default-hierarchy=hybrid)
[    3.554741] systemd[1]: Detected architecture arm64.
[    3.584572] systemd[1]: Set hostname to <raspberrypi>.
[    3.733640] random: crng init done
[    3.748340] uart-pl011 3f201000.serial: no DMA platform data
[    4.566434] systemd[1]: Created slice system-getty.slice.
[    4.580252] systemd[1]: Set up automount Arbitrary Executable File Formats File System Automount Point.
[    4.600451] systemd[1]: Listening on Syslog Socket.
[    4.612296] systemd[1]: Listening on initctl Compatibility Named Pipe.
[    4.626408] systemd[1]: Listening on Journal Socket.
[    4.644812] systemd[1]: Mounting Kernel Debug File System...
[    4.668796] systemd[1]: Starting Load Kernel Modules...
[    9.891892] Unable to handle kernel paging request at virtual address 0000000145a5837d
[    9.902271] Mem abort info:
[    9.906092]   ESR = 0x96000005
[    9.910152]   Exception class = DABT (current EL), IL = 32 bits
[    9.917128]   SET = 0, FnV = 0
[    9.921186]   EA = 0, S1PTW = 0
[    9.925293] Data abort info:
[    9.929108]   ISV = 0, ISS = 0x00000005
[    9.933882]   CM = 0, WnR = 0
[    9.937770] user pgtable: 4k pages, 39-bit VAs, pgdp = 00000000100859d8
[    9.945363] [0000000145a5837d] pgd=0000000000000000, pud=0000000000000000
[    9.953159] Internal error: Oops: 96000005 [#1] PREEMPT SMP
[    9.959757] Modules linked in: rfkill 8021q garp stp llc binfmt_misc bcm2835_codec(C) raspberrypi_hwmon bcm2835_v4l2(C) v4l2_mem2mem hwmon bcm2835_mmal_vchiq(C) v4l2_common vid
eobuf2_dma_contig videobuf2_vmalloc videobuf2_memops videobuf2_v4l2 videobuf2_common videodev media vc_sm_cma(C) uio_pdrv_genirq uio ip_tables x_tables ipv6
[    9.994954] Process kworker/0:1H (pid: 87, stack limit = 0x0000000056a6f12f)
[   10.003334] CPU: 0 PID: 87 Comm: kworker/0:1H Tainted: G         C        4.19.118-v8+ #1311
[   10.014362] Hardware name: Raspberry Pi 3 Model B Rev 1.2 (DT)
[   10.021495] Workqueue: kblockd blk_mq_run_work_fn
[   10.027505] pstate: a0000085 (NzCv daIf -PAN -UAO)
[   10.033623] pc : dbs_update_util_handler+0x1c/0xd0
[   10.039727] lr : update_curr+0x88/0x228
[   10.044852] sp : ffffff800957b670
[   10.049458] x29: ffffff800957b670 x28: 0000000000000001 
[   10.056094] x27: 0000000000000001 x26: 0000000000000000 
[   10.062724] x25: ffffffc03ab7f2c0 x24: ffffff8008cde000 
[   10.069359] x23: 0000000000000001 x22: ffffff8008cae040 
[   10.075955] x21: ffffffc03ab7f340 x20: 00000001462ece68 
[   10.082536] x19: 0000000145a58375 x18: 0000000000000000 
[   10.089087] x17: 00000000000000cd x16: 0000000000000000 
[   10.095583] x15: 0000000000000000 x14: 0001015400000154 
[   10.102016] x13: 0000000300000004 x12: 0000000000000000 
[   10.108383] x11: 0000000000000000 x10: 0000000000001930 
[   10.114687] x9 : 0000000000000000 x8 : 0000000000000000 
[   10.120922] x7 : 0094c126a11b0c42 x6 : 00000000fa83b2da 
[   10.127110] x5 : ffffffc034238e30 x4 : 00000000ffffffdf 
[   10.133254] x3 : 0000000000345a28 x2 : ffffffffff76b50d 
[   10.139373] x1 : 00000001462ece68 x0 : ffffff800810db78 
[   10.145459] Call trace:
[   10.148637]  dbs_update_util_handler+0x1c/0xd0
[   10.153833]  update_curr+0x88/0x228
[   10.158057]  enqueue_task_fair+0x4b8/0x1188
[   10.162980]  activate_task+0x84/0xd8
[   10.167293]  ttwu_do_activate+0x58/0x98
[   10.171870]  try_to_wake_up+0x1d8/0x498
[   10.176452]  default_wake_function+0x34/0x48
[   10.181477]  autoremove_wake_function+0x3c/0x68
[   10.186777]  wake_page_function+0x9c/0xa8
[   10.191542]  __wake_up_common+0xa4/0x158
[   10.196218]  __wake_up_locked_key_bookmark+0x44/0x58
[   10.201966]  wake_up_page_bit+0xb0/0x120
[   10.206682]  unlock_page+0x44/0x50
[   10.210886]  mpage_end_io+0x54/0xf0
[   10.215194]  bio_endio+0xf0/0x1a0
[   10.219337]  blk_update_request+0xac/0x390
[   10.224271]  mmc_blk_mq_complete_rq.isra.5+0x7c/0xe0
[   10.230097]  mmc_blk_mq_complete+0x30/0x58
[   10.235030]  blk_mq_complete_request+0xe8/0x178
[   10.240411]  mmc_blk_mq_post_req+0x50/0xc8
[   10.245345]  mmc_blk_mq_issue_rq+0x680/0x780
[   10.250435]  mmc_mq_queue_rq+0x17c/0x250
[   10.255166]  blk_mq_dispatch_rq_list+0xc0/0x530
[   10.260514]  blk_mq_do_dispatch_sched+0x84/0x110
[   10.265947]  blk_mq_sched_dispatch_requests+0x108/0x198
[   10.272003]  __blk_mq_run_hw_queue+0xb4/0x120
[   10.277199]  blk_mq_run_work_fn+0x28/0x38
[   10.282044]  process_one_work+0x158/0x458
[   10.286881]  worker_thread+0x50/0x460
[   10.291358]  kthread+0x104/0x130
[   10.295395]  ret_from_fork+0x10/0x18
[   10.299773] Code: aa0003f3 aa1e03e0 aa0103f4 d503201f (f9400673) 
[   10.306713] ---[ end trace 0b40a47bdd0a2291 ]---
[   30.889569] rcu: INFO: rcu_sched detected stalls on CPUs/tasks:
[   30.896412] rcu:     3-...!: (0 ticks this GP) idle=d3a/1/0x4000000000000000 softirq=1635/1641 fqs=1 
[   30.907273] rcu:     (detected by 1, t=5252 jiffies, g=69, q=14)
[   30.914025] Task dump for CPU 3:
[   30.918254] systemd-journal S    0   127      1 0x00400800
[   30.924776] Call trace:
[   30.928221]  __switch_to+0xec/0x150
[   30.932729]  0xffffff8000000000
[   30.936884] rcu: rcu_sched kthread starved for 5250 jiffies! g69 f0x0 RCU_GP_WAIT_FQS(5) ->state=0x402 ->cpu=0
[   30.949069] rcu: RCU grace-period kthread stack dump:
[   30.955254] rcu_sched       I    0    11      2 0x00000028
[   30.961878] Call trace:
[   30.965426]  __switch_to+0xec/0x150
[   30.970029]  __schedule+0x2f8/0x898
[   30.974617]  schedule+0x3c/0xa0
[   30.978850]  schedule_timeout+0x1ac/0x430
[   30.983966]  rcu_gp_kthread+0x514/0x850
[   30.988881]  kthread+0x104/0x130
[   30.993150]  ret_from_fork+0x10/0x18
