[    0.000000] Booting Linux on physical CPU 0x0000000000 [0x410fd034]
[    0.000000] Linux version 4.19.118-v8+ (dom@buildbot) (gcc version 5.4.0 20160609 (Ubuntu/Linaro 5.4.0-6ubuntu1~16.04.9)) #1311 SMP PREEMPT Mon Apr 27 14:32:38 BST 2020
[    0.000000] Machine model: Raspberry Pi 3 Model B Rev 1.2
[    0.000000] efi: Getting EFI parameters from FDT:
[    0.000000] efi: UEFI not found.
[    0.000000] cma: Reserved 8 MiB at 0x000000003ac00000
[    0.000000] random: get_random_bytes called from start_kernel+0xb8/0x47c with crng_init=0
[    0.000000] percpu: Embedded 24 pages/cpu s58840 r8192 d31272 u98304
[    0.000000] Detected VIPT I-cache on CPU0
[    0.000000] CPU features: enabling workaround for ARM erratum 843419
[    0.000000] CPU features: enabling workaround for ARM erratum 845719
[    0.000000] Built 1 zonelists, mobility grouping on.  Total pages: 238896
[    0.000000] Kernel command line: coherent_pool=1M 8250.nr_uarts=1 snd_bcm2835.enable_compat_alsa=0 snd_bcm2835.enable_hdmi=1 snd_bcm2835.enable_headphones=1 bcm2708_fb.fbwidth=
656 bcm2708_fb.fbheight=416 bcm2708_fb.fbswap=1 vc_mem.mem_base=0x3ec00000 vc_mem.mem_size=0x40000000  dwc_otg.lpm_enable=0 console=ttyAMA0,115200 console=tty1 root=PARTUUID=4c999
877-02 rootfstype=ext4 elevator=deadline fsck.repair=yes rootwait
[    0.000000] Dentry cache hash table entries: 131072 (order: 8, 1048576 bytes)
[    0.000000] Inode-cache hash table entries: 65536 (order: 7, 524288 bytes)
[    0.000000] Memory: 929096K/970752K available (8700K kernel code, 1074K rwdata, 2760K rodata, 1024K init, 1126K bss, 33464K reserved, 8192K cma-reserved)
[    0.000000] SLUB: HWalign=64, Order=0-3, MinObjects=0, CPUs=4, Nodes=1
[    0.000000] ftrace: allocating 30496 entries in 120 pages
[    0.000000] rcu: Preemptible hierarchical RCU implementation.
[    0.000000] rcu:     RCU restricting CPUs from NR_CPUS=64 to nr_cpu_ids=4.
[    0.000000]  Tasks RCU enabled.
[    0.000000] rcu: Adjusting geometry for rcu_fanout_leaf=16, nr_cpu_ids=4
[    0.000000] NR_IRQS: 64, nr_irqs: 64, preallocated irqs: 0
[    0.000000] arch_timer: cp15 timer(s) running at 19.20MHz (phys).
[    0.000000] clocksource: arch_sys_counter: mask: 0xffffffffffffff max_cycles: 0x46d987e47, max_idle_ns: 440795202767 ns
[    0.000007] sched_clock: 56 bits at 19MHz, resolution 52ns, wraps every 4398046511078ns
[    0.000270] Console: colour dummy device 80x25
[    0.000935] console [tty1] enabled
[    0.001005] Calibrating delay loop (skipped), value calculated using timer frequency.. 38.40 BogoMIPS (lpj=76800)
[    0.001058] pid_max: default: 32768 minimum: 301
[    0.001490] Mount-cache hash table entries: 2048 (order: 2, 16384 bytes)
[    0.001546] Mountpoint-cache hash table entries: 2048 (order: 2, 16384 bytes)
[    0.024105] ASID allocator initialised with 32768 entries
[    0.032103] rcu: Hierarchical SRCU implementation.
[    0.040737] EFI services will not be available.
[    0.048181] smp: Bringing up secondary CPUs ...
[    0.080450] Detected VIPT I-cache on CPU1
[    0.080518] CPU1: Booted secondary processor 0x0000000001 [0x410fd034]
[    0.112575] Detected VIPT I-cache on CPU2
[    0.112624] CPU2: Booted secondary processor 0x0000000002 [0x410fd034]
[    0.144740] Detected VIPT I-cache on CPU3
[    0.144785] CPU3: Booted secondary processor 0x0000000003 [0x410fd034]
[    0.144970] smp: Brought up 1 node, 4 CPUs
[    0.145123] SMP: Total of 4 processors activated.
[    0.145158] CPU features: detected: 32-bit EL0 Support
[    0.146131] CPU: All CPU(s) started at EL2
[    0.146206] alternatives: patching kernel code
[    0.147827] devtmpfs: initialized
[    0.164015] Enabled cp15_barrier support
[    0.164082] Enabled setend support
[    0.164624] clocksource: jiffies: mask: 0xffffffff max_cycles: 0xffffffff, max_idle_ns: 7645041785100000 ns
[    0.164686] futex hash table entries: 1024 (order: 4, 65536 bytes)
[    0.165438] pinctrl core: initialized pinctrl subsystem
[    0.166330] DMI not present or invalid.
[    0.166898] NET: Registered protocol family 16
[    0.173360] cpuidle: using governor menu
[    0.173972] hw-breakpoint: found 6 breakpoint and 4 watchpoint registers.
[    0.178569] DMA: preallocated 1024 KiB pool for atomic allocations
[    0.178751] Serial: AMBA PL011 UART driver
[    0.183347] bcm2835-mbox 3f00b880.mailbox: mailbox enabled
[    0.192944] raspberrypi-firmware soc:firmware: Attached to firmware from 2020-04-15 11:43, variant start
[    0.196963] raspberrypi-firmware soc:firmware: Firmware hash is 82f9bb929ce2186eb1824178c1ae82902ad6275c
[    0.245821] bcm2835-dma 3f007000.dma: DMA legacy API manager at (____ptrval____), dmachans=0x1
[    0.249138] vgaarb: loaded
[    0.249731] SCSI subsystem initialized
[    0.250028] usbcore: registered new interface driver usbfs
[    0.250133] usbcore: registered new interface driver hub
[    0.250295] usbcore: registered new device driver usb
[    0.250472] pps_core: LinuxPPS API ver. 1 registered
[    0.250506] pps_core: Software ver. 5.3.6 - Copyright 2005-2007 Rodolfo Giometti <giometti@linux.it>
[    0.250566] PTP clock support registered
[    0.252363] clocksource: Switched to clocksource arch_sys_counter
[    0.377495] VFS: Disk quotas dquot_6.6.0
[    0.377636] VFS: Dquot-cache hash table entries: 512 (order 0, 4096 bytes)
[    0.377869] FS-Cache: Loaded
[    0.378148] CacheFiles: Loaded
[    0.390126] NET: Registered protocol family 2
[    0.391090] tcp_listen_portaddr_hash hash table entries: 512 (order: 1, 8192 bytes)
[    0.391165] TCP established hash table entries: 8192 (order: 4, 65536 bytes)
[    0.391310] TCP bind hash table entries: 8192 (order: 5, 131072 bytes)
[    0.391536] TCP: Hash tables configured (established 8192 bind 8192)
[    0.391816] UDP hash table entries: 512 (order: 2, 16384 bytes)
[    0.391893] UDP-Lite hash table entries: 512 (order: 2, 16384 bytes)
[    0.392242] NET: Registered protocol family 1
[    0.393271] RPC: Registered named UNIX socket transport module.
[    0.393308] RPC: Registered udp transport module.
[    0.393339] RPC: Registered tcp transport module.
[    0.393368] RPC: Registered tcp NFSv4.1 backchannel transport module.
[    0.396003] hw perfevents: enabled with armv8_cortex_a53 PMU driver, 7 counters available
[    0.396204] kvm [1]: 8-bit VMID
[    0.397106] kvm [1]: Hyp mode initialized successfully
[    0.402032] Initialise system trusted keyrings
[    0.402364] workingset: timestamp_bits=46 max_order=18 bucket_order=0
[    0.414677] FS-Cache: Netfs 'nfs' registered for caching
[    0.415743] NFS: Registering the id_resolver key type
[    0.415814] Key type id_resolver registered
[    0.415845] Key type id_legacy registered
[    0.415887] nfs4filelayout_init: NFSv4 File Layout Driver Registering...
[    0.423674] Key type asymmetric registered
[    0.423723] Asymmetric key parser 'x509' registered
[    0.423823] Block layer SCSI generic (bsg) driver version 0.4 loaded (major 248)
[    0.424130] io scheduler noop registered
[    0.424164] io scheduler deadline registered (default)
[    0.424466] io scheduler cfq registered
[    0.424500] io scheduler mq-deadline registered (default)
[    0.424534] io scheduler kyber registered
[    0.430185] bcm2708_fb soc:fb: FB found 1 display(s)
[    0.440005] Console: switching to colour frame buffer device 82x26
[    0.444942] bcm2708_fb soc:fb: Registered framebuffer for display 0, size 656x416
[    0.452296] Serial: 8250/16550 driver, 1 ports, IRQ sharing enabled
[    0.456838] bcm2835-rng 3f104000.rng: hwrng registered
[    0.459783] vc-mem: phys_addr:0x00000000 mem_base=0x3ec00000 mem_size:0x40000000(1024 MiB)
[    0.465538] gpiomem-bcm2835 3f200000.gpiomem: Initialised: Registers at 0x3f200000
[    0.471056] cacheinfo: Unable to detect cache hierarchy for CPU 0
[    0.489483] brd: module loaded
[    0.507455] loop: module loaded
[    0.511190] Loading iSCSI transport class v2.0-870.
[    0.516543] libphy: Fixed MDIO Bus: probed
[    0.519470] usbcore: registered new interface driver r8152
[    0.522132] usbcore: registered new interface driver lan78xx
[    0.524755] usbcore: registered new interface driver smsc95xx
[    0.527611] dwc_otg: version 3.00a 10-AUG-2012 (platform bus)
[    0.558156] dwc_otg 3f980000.usb: base=(____ptrval____)
[    0.774195] Core Release: 2.80a
[    0.776713] Setting default values for core params
[    0.779227] Finished setting default values for core params
[    0.994952] Using Buffer DMA mode
[    0.997359] Periodic Transfer Interrupt Enhancement - disabled
[    0.999777] Multiprocessor Interrupt Enhancement - disabled
[    1.002206] OTG VER PARAM: 0, OTG VER FLAG: 0
[    1.004572] Dedicated Tx FIFOs mode
[    1.007722] WARN::dwc_otg_hcd_init:1074: FIQ DMA bounce buffers: virt = ffffff80090c1000 dma = 0x00000000fad04000 len=9024
[    1.012258] FIQ FSM acceleration enabled for :
[    1.012258] Non-periodic Split Transactions
[    1.012258] Periodic Split Transactions
[    1.012258] High-Speed Isochronous Endpoints
[    1.012258] Interrupt/Control Split Transaction hack enabled
[    1.023041] WARN::hcd_init_fiq:497: MPHI regs_base at ffffff8008065000
[    1.025351] dwc_otg 3f980000.usb: DWC OTG Controller
[    1.027659] dwc_otg 3f980000.usb: new USB bus registered, assigned bus number 1
[    1.030136] dwc_otg 3f980000.usb: irq 9, io mem 0x00000000
[    1.032562] Init: Port Power? op_state=1
[    1.034882] Init: Power Port (0)
[    1.037569] usb usb1: New USB device found, idVendor=1d6b, idProduct=0002, bcdDevice= 4.19
[    1.042307] usb usb1: New USB device strings: Mfr=3, Product=2, SerialNumber=1
[    1.044863] usb usb1: Product: DWC OTG Controller
[    1.047340] usb usb1: Manufacturer: Linux 4.19.118-v8+ dwc_otg_hcd
[    1.049869] usb usb1: SerialNumber: 3f980000.usb
[    1.053153] hub 1-0:1.0: USB hub found
[    1.055648] hub 1-0:1.0: 1 port detected
[    1.059257] usbcore: registered new interface driver uas
[    1.061719] usbcore: registered new interface driver usb-storage
[    1.064250] mousedev: PS/2 mouse device common for all mice
[    1.068126] bcm2835-wdt bcm2835-wdt: Broadcom BCM2835 watchdog timer
[    1.072755] sdhci: Secure Digital Host Controller Interface driver
[    1.075192] sdhci: Copyright(c) Pierre Ossman
[    1.078296] sdhost-bcm2835 3f202000.mmc: could not get clk, deferring probe
[    1.081058] sdhci-pltfm: SDHCI platform and OF driver helper
[    1.085718] ledtrig-cpu: registered to indicate activity on CPUs
[    1.088443] hidraw: raw HID events driver (C) Jiri Kosina
[    1.091106] usbcore: registered new interface driver usbhid
[    1.093596] usbhid: USB HID core driver
[    1.097403] vchiq: vchiq_init_state: slot_zero = (____ptrval____), is_master = 0
[    1.106202] Initializing XFRM netlink socket
[    1.108698] NET: Registered protocol family 17
[    1.111216] Key type dns_resolver registered
[    1.115044] registered taskstats version 1
[    1.117399] Loading compiled-in X.509 certificates
[    1.131708] uart-pl011 3f201000.serial: cts_event_workaround enabled
[    1.134353] 3f201000.serial: ttyAMA0 at MMIO 0x3f201000 (irq = 66, base_baud = 0) is a PL011 rev2
[    2.124875] console [ttyAMA0] enabled
[    2.133099] bcm2835-power bcm2835-power: Broadcom BCM2835 power domains driver
[    2.144975] sdhost: log_buf @ (____ptrval____) (fad07000)
[    2.202426] mmc0: sdhost-bcm2835 loaded - DMA enabled (>1)
[    2.214356] of_cfs_init
[    2.219505] of_cfs_init: OK
[    2.225761] Waiting for root device PARTUUID=4c999877-02...
[    2.248558] Indeed it is in host mode hprt0 = 00021501
[    2.310615] mmc0: host does not support reading read-only switch, assuming write-enable
[    2.341942] mmc0: new high speed SDHC card at address aaaa
[    2.352329] mmcblk0: mmc0:aaaa SC16G 14.8 GiB
[    2.364733]  mmcblk0: p1 p2
[    2.374494] random: fast init done
[    2.389737] EXT4-fs (mmcblk0p2): INFO: recovery required on readonly filesystem
[    2.399743] EXT4-fs (mmcblk0p2): write access will be enabled during recovery
[    2.426985] EXT4-fs (mmcblk0p2): recovery complete
[    2.449568] EXT4-fs (mmcblk0p2): mounted filesystem with ordered data mode. Opts: (null)
[    2.462752] VFS: Mounted root (ext4 filesystem) readonly on device 179:2.
[    2.464439] usb 1-1: new high-speed USB device number 2 using dwc_otg
[    2.481499] Indeed it is in host mode hprt0 = 00001101
[    2.490001] devtmpfs: mounted
[    2.502089] Freeing unused kernel memory: 1024K
[    2.509276] Run /sbin/init as init process
[    2.701060] usb 1-1: New USB device found, idVendor=0424, idProduct=9514, bcdDevice= 2.00
[    2.714575] usb 1-1: New USB device strings: Mfr=0, Product=0, SerialNumber=0
[    2.725673] hub 1-1:1.0: USB hub found
[    2.732401] hub 1-1:1.0: 5 ports detected
[    3.028439] usb 1-1.1: new high-speed USB device number 3 using dwc_otg
[    3.136930] usb 1-1.1: New USB device found, idVendor=0424, idProduct=ec00, bcdDevice= 2.00
[    3.150652] usb 1-1.1: New USB device strings: Mfr=0, Product=0, SerialNumber=0
[    3.163933] smsc95xx v1.0.6
[    3.238964] smsc95xx 1-1.1:1.0 eth0: register 'smsc95xx' at usb-3f980000.usb-1.1, smsc95xx USB 2.0 Ethernet, b8:27:eb:6d:27:bc
[    3.257043] systemd[1]: System time before build time, advancing clock.
[    3.452222] NET: Registered protocol family 10
[    3.461514] Segment Routing with IPv6
[    3.531815] systemd[1]: systemd 241 running in system mode. (+PAM +AUDIT +SELINUX +IMA +APPARMOR +SMACK +SYSVINIT +UTMP +LIBCRYPTSETUP +GCRYPT +GNUTLS +ACL +XZ +LZ4 +SECCOMP +B
LKID +ELFUTILS +KMOD -IDN2 +IDN -PCRE2 default-hierarchy=hybrid)
[    3.563307] systemd[1]: Detected architecture arm64.
[    3.593224] systemd[1]: Set hostname to <raspberrypi>.
[    3.714035] uart-pl011 3f201000.serial: no DMA platform data
[    3.722832] random: crng init done
[    4.608039] systemd[1]: Listening on initctl Compatibility Named Pipe.
[    4.623135] systemd[1]: Listening on Journal Socket (/dev/log).
[    4.637315] systemd[1]: Set up automount Arbitrary Executable File Formats File System Automount Point.
[    4.661034] systemd[1]: Created slice User and Session Slice.
[    4.674662] systemd[1]: Listening on Journal Socket.
[    4.687418] systemd[1]: Condition check resulted in Huge Pages File System being skipped.
[    4.720776] systemd[1]: Starting Set the console keyboard layout...
[    9.784404] Unable to handle kernel paging request at virtual address 0012178d33ae8c00
[    9.794371] Mem abort info:
[    9.798129]   ESR = 0x9600004
[    9.802062]   Exception class = DABT (current EL), IL = 32 bits
[    9.804339] Unable to handle kernel paging request at virtual address ffffff800874ef04
[    9.809001]   SET = 0, FnV = 0
[    9.819001] Mem abort info:
[    9.823074]   EA = 0, S1PTW = 0
[    9.826859]   ESR = 0x86000004
[    9.830975] Data abort info:
[    9.834968]   Exception class = IABT (current EL), IL = 32 bits
[    9.838756]   ISV = 0, ISS = 0x00000004
[    9.845638]   SET = 0, FnV = 0
[    9.850437]   CM = 0, WnR = 0
[    9.854437]   EA = 0, S1PTW = 0
[    9.858338] [0012178d33ae8c00] address between user and kernel address ranges
[    9.862391] swapper pgtable: 4k pages, 39-bit VAs, pgdp = 00000000c6a2ecda
[    9.870519] Internal error: Oops: 96000004 [#1] PREEMPT SMP
[    9.878415] [ffffff800874ef04] pgd=000000003abfe003, pud=000000003abfe003, pmd=0040000000600791
[    9.885038] Modules linked in: 8021q garp stp llc binfmt_misc bcm2835_codec(C) bcm2835_v4l2(C) v4l2_mem2mem bcm2835_mmal_vchiq(C) v4l2_common videobuf2_dma_contig videobuf2_vma
lloc raspberrypi_hwmon hwmon videobuf2_memops videobuf2_v4l2 videobuf2_common videodev vc_sm_cma(C) media uio_pdrv_genirq uio ip_tables x_tables ipv6
[    9.929201] Process uname (pid: 347, stack limit = 0x000000003054b912)
[    9.936949] CPU: 0 PID: 347 Comm: uname Tainted: G         C        4.19.118-v8+ #1311
[    9.947369] Hardware name: Raspberry Pi 3 Model B Rev 1.2 (DT)
[    9.954541] pstate: 20000085 (nzCv daIf -PAN -UAO)
[    9.960697] pc : __do_softirq+0x308/0x3cc
[    9.966070] lr : __do_softirq+0x300/0x3cc
[    9.971400] sp : ffffff8008003e00
[    9.976004] x29: ffffff8008003e00 x28: ffffffc034fd1d00 
[    9.982637] x27: ffffff8008cc5000 x26: ffffff8008ad8fb8 
[    9.989276] x25: 0000000000000001 x24: 0000000000000100 
[    9.995940] x23: 0000000000000000 x22: ffffffc034fd1d00 
[   10.002561] x21: ffffff8008cc50d0 x20: 0000000000000000 
[   10.009150] x19: 0000000000000001 x18: 0000000000000000 
[   10.015690] x17: 0000000000000000 x16: 0000000000000000 
[   10.022175] x15: 0000000000000000 x14: 0000000000000000 
[   10.028584] x13: 000000000000006a x12: 0000000000000000 
[   10.034923] x11: 0000000000000000 x10: 0000000000000001 
[   10.041189] x9 : ffffffc03ab79570 x8 : 0000000000000000 
[   10.047398] x7 : ffffff8008cc8688 x6 : 0000000000000003 
[   10.053545] x5 : 0000000000000000 x4 : 0000004031ec6000 
[   10.059641] x3 : 0000000000000100 x2 : ffffff8008cac018 
[   10.065684] x1 : 0000004031ec6000 x0 : 5c12174d01c22c00 
[   10.071697] Call trace:
[   10.074792]  __do_softirq+0x308/0x3cc
[   10.079094]  return_address+0x5c/0x98
[   10.083382]  trace_hardirqs_on+0x68/0x1b0
[   10.088045]  __do_softirq+0xe8/0x3cc
[   10.092271]  irq_exit+0xe8/0xf8
[   10.096055]  __handle_domain_irq+0x90/0x100
[   10.100910]  bcm2836_arm_irqchip_handle_irq+0x68/0xd8
[   10.106654]  el1_irq+0xb4/0x130
[   10.110486]  kmem_cache_free+0x9c/0x288
[   10.115011]  vm_area_free+0x28/0x38
[   10.119193]  remove_vma+0x48/0x58
[   10.123216]  do_munmap+0x254/0x368
[   10.127342]  vm_munmap+0x6c/0xb8
[   10.131298]  __arm64_sys_munmap+0x30/0x40
[   10.136072]  el0_svc_common+0xf4/0x1c0
[   10.140585]  el0_svc_compat_handler+0x30/0x40
[   10.145722]  el0_svc_compat+0x8/0x18
[   10.150061] Code: 91064000 941239a3 f9403fa0 d538d081 (b8616817) 
[   10.156983] ---[ end trace 29e731059f2135b9 ]---
[   10.162433] Kernel panic - not syncing: Fatal exception in interrupt
[   10.169660] SMP: stopping secondary CPUs
[   11.268201] SMP: failed to stop secondary CPUs 0-3
[   11.273884] Kernel Offset: disabled
[   11.278255] CPU features: 0x0,24002004
[   11.282887] Memory Limit: none
[   11.286826] ---[ end Kernel panic - not syncing: Fatal exception in interrupt ]---
