[    0.000000] Booting Linux on physical CPU 0x0000000000 [0x410fd034]
[    0.000000] Linux version 4.19.118-v8+ (dom@buildbot) (gcc version 5.4.0 20160609 (Ubuntu/Linaro 5.4.0-6ubuntu1~16.04.9)) #1311 SMP PREEMPT Mon Apr 27 14:32:38 BST 2020
[    0.000000] Machine model: Raspberry Pi 3 Model B Rev 1.2
[    0.000000] efi: Getting EFI parameters from FDT:
[    0.000000] efi: UEFI not found.
[    0.000000] cma: Reserved 8 MiB at 0x000000003ac00000
[    0.000000] random: get_random_bytes called from start_kernel+0xb8/0x47c with crng_init=0
[    0.000000] percpu: Embedded 24 pages/cpu s58840 r8192 d31272 u98304
[    0.000000] Detected VIPT I-cache on CPU0
[    0.000000] CPU features: enabling workaround for ARM erratum 843419
[    0.000000] CPU features: enabling workaround for ARM erratum 845719
[    0.000000] Built 1 zonelists, mobility grouping on.  Total pages: 238896
[    0.000000] Kernel command line: coherent_pool=1M 8250.nr_uarts=1 snd_bcm2835.enable_compat_alsa=0 snd_bcm2835.enable_hdmi=1 snd_bcm2835.enable_headphones=1 bcm2708_fb.fbwidth=
656 bcm2708_fb.fbheight=416 bcm2708_fb.fbswap=1 vc_mem.mem_base=0x3ec00000 vc_mem.mem_size=0x40000000  dwc_otg.lpm_enable=0 console=ttyAMA0,115200 console=tty1 root=PARTUUID=4c999
877-02 rootfstype=ext4 elevator=deadline fsck.repair=yes rootwait
[    0.000000] Dentry cache hash table entries: 131072 (order: 8, 1048576 bytes)
[    0.000000] Inode-cache hash table entries: 65536 (order: 7, 524288 bytes)
[    0.000000] Memory: 929096K/970752K available (8700K kernel code, 1074K rwdata, 2760K rodata, 1024K init, 1126K bss, 33464K reserved, 8192K cma-reserved)
[    0.000000] SLUB: HWalign=64, Order=0-3, MinObjects=0, CPUs=4, Nodes=1
[    0.000000] ftrace: allocating 30496 entries in 120 pages
[    0.000000] rcu: Preemptible hierarchical RCU implementation.
[    0.000000] rcu:     RCU restricting CPUs from NR_CPUS=64 to nr_cpu_ids=4.
[    0.000000]  Tasks RCU enabled.
[    0.000000] rcu: Adjusting geometry for rcu_fanout_leaf=16, nr_cpu_ids=4
[    0.000000] NR_IRQS: 64, nr_irqs: 64, preallocated irqs: 0
[    0.000000] arch_timer: cp15 timer(s) running at 19.20MHz (phys).
[    0.000000] clocksource: arch_sys_counter: mask: 0xffffffffffffff max_cycles: 0x46d987e47, max_idle_ns: 440795202767 ns
[    0.000007] sched_clock: 56 bits at 19MHz, resolution 52ns, wraps every 4398046511078ns
[    0.000268] Console: colour dummy device 80x25
[    0.000933] console [tty1] enabled
[    0.001003] Calibrating delay loop (skipped), value calculated using timer frequency.. 38.40 BogoMIPS (lpj=76800)
[    0.001055] pid_max: default: 32768 minimum: 301
[    0.001488] Mount-cache hash table entries: 2048 (order: 2, 16384 bytes)
[    0.001544] Mountpoint-cache hash table entries: 2048 (order: 2, 16384 bytes)
[    0.024106] ASID allocator initialised with 32768 entries
[    0.032103] rcu: Hierarchical SRCU implementation.
[    0.040748] EFI services will not be available.
[    0.048181] smp: Bringing up secondary CPUs ...
[    0.080448] Detected VIPT I-cache on CPU1
[    0.080517] CPU1: Booted secondary processor 0x0000000001 [0x410fd034]
[    0.112573] Detected VIPT I-cache on CPU2
[    0.112621] CPU2: Booted secondary processor 0x0000000002 [0x410fd034]
[    0.144739] Detected VIPT I-cache on CPU3
[    0.144784] CPU3: Booted secondary processor 0x0000000003 [0x410fd034]
[    0.144969] smp: Brought up 1 node, 4 CPUs
[    0.145122] SMP: Total of 4 processors activated.
[    0.145156] CPU features: detected: 32-bit EL0 Support
[    0.146128] CPU: All CPU(s) started at EL2
[    0.146203] alternatives: patching kernel code
[    0.147822] devtmpfs: initialized
[    0.164000] Enabled cp15_barrier support
[    0.164067] Enabled setend support
[    0.164613] clocksource: jiffies: mask: 0xffffffff max_cycles: 0xffffffff, max_idle_ns: 7645041785100000 ns
[    0.164675] futex hash table entries: 1024 (order: 4, 65536 bytes)
[    0.165427] pinctrl core: initialized pinctrl subsystem
[    0.166322] DMI not present or invalid.
[    0.166889] NET: Registered protocol family 16
[    0.173351] cpuidle: using governor menu
[    0.173962] hw-breakpoint: found 6 breakpoint and 4 watchpoint registers.
[    0.178588] DMA: preallocated 1024 KiB pool for atomic allocations
[    0.178768] Serial: AMBA PL011 UART driver
[    0.183366] bcm2835-mbox 3f00b880.mailbox: mailbox enabled
[    0.192938] raspberrypi-firmware soc:firmware: Attached to firmware from 2020-04-15 11:43, variant start
[    0.196956] raspberrypi-firmware soc:firmware: Firmware hash is 82f9bb929ce2186eb1824178c1ae82902ad6275c
[    0.249896] bcm2835-dma 3f007000.dma: DMA legacy API manager at (____ptrval____), dmachans=0x1
[    0.253243] vgaarb: loaded
[    0.253746] SCSI subsystem initialized
[    0.254041] usbcore: registered new interface driver usbfs
[    0.254145] usbcore: registered new interface driver hub
[    0.254309] usbcore: registered new device driver usb
[    0.254485] pps_core: LinuxPPS API ver. 1 registered
[    0.254518] pps_core: Software ver. 5.3.6 - Copyright 2005-2007 Rodolfo Giometti <giometti@linux.it>
[    0.254578] PTP clock support registered
[    0.256395] clocksource: Switched to clocksource arch_sys_counter
[    0.381549] VFS: Disk quotas dquot_6.6.0
[    0.381688] VFS: Dquot-cache hash table entries: 512 (order 0, 4096 bytes)
[    0.381971] FS-Cache: Loaded
[    0.382256] CacheFiles: Loaded
[    0.394359] NET: Registered protocol family 2
[    0.395323] tcp_listen_portaddr_hash hash table entries: 512 (order: 1, 8192 bytes)
[    0.395399] TCP established hash table entries: 8192 (order: 4, 65536 bytes)
[    0.395543] TCP bind hash table entries: 8192 (order: 5, 131072 bytes)
[    0.395761] TCP: Hash tables configured (established 8192 bind 8192)
[    0.396045] UDP hash table entries: 512 (order: 2, 16384 bytes)
[    0.396123] UDP-Lite hash table entries: 512 (order: 2, 16384 bytes)
[    0.396553] NET: Registered protocol family 1
[    0.397558] RPC: Registered named UNIX socket transport module.
[    0.397595] RPC: Registered udp transport module.
[    0.397625] RPC: Registered tcp transport module.
[    0.397655] RPC: Registered tcp NFSv4.1 backchannel transport module.
[    0.400265] hw perfevents: enabled with armv8_cortex_a53 PMU driver, 7 counters available
[    0.400540] kvm [1]: 8-bit VMID
[    0.401386] kvm [1]: Hyp mode initialized successfully
[    0.406306] Initialise system trusted keyrings
[    0.406645] workingset: timestamp_bits=46 max_order=18 bucket_order=0
[    0.418974] FS-Cache: Netfs 'nfs' registered for caching
[    0.420033] NFS: Registering the id_resolver key type
[    0.420093] Key type id_resolver registered
[    0.420123] Key type id_legacy registered
[    0.420165] nfs4filelayout_init: NFSv4 File Layout Driver Registering...
[    0.427940] Key type asymmetric registered
[    0.427989] Asymmetric key parser 'x509' registered
[    0.428087] Block layer SCSI generic (bsg) driver version 0.4 loaded (major 248)
[    0.428434] io scheduler noop registered
[    0.428469] io scheduler deadline registered (default)
[    0.428766] io scheduler cfq registered
[    0.428800] io scheduler mq-deadline registered (default)
[    0.428834] io scheduler kyber registered
[    0.434720] bcm2708_fb soc:fb: FB found 1 display(s)
[    0.444184] Console: switching to colour frame buffer device 82x26
[    0.449061] bcm2708_fb soc:fb: Registered framebuffer for display 0, size 656x416
[    0.456465] Serial: 8250/16550 driver, 1 ports, IRQ sharing enabled
[    0.461026] bcm2835-rng 3f104000.rng: hwrng registered
[    0.463970] vc-mem: phys_addr:0x00000000 mem_base=0x3ec00000 mem_size:0x40000000(1024 MiB)
[    0.469806] gpiomem-bcm2835 3f200000.gpiomem: Initialised: Registers at 0x3f200000
[    0.475341] cacheinfo: Unable to detect cache hierarchy for CPU 0
[    0.493579] brd: module loaded
[    0.511709] loop: module loaded
[    0.515442] Loading iSCSI transport class v2.0-870.
[    0.520754] libphy: Fixed MDIO Bus: probed
[    0.523681] usbcore: registered new interface driver r8152
[    0.526345] usbcore: registered new interface driver lan78xx
[    0.528959] usbcore: registered new interface driver smsc95xx
[    0.531823] dwc_otg: version 3.00a 10-AUG-2012 (platform bus)
[    0.562346] dwc_otg 3f980000.usb: base=(____ptrval____)
[    0.778215] Core Release: 2.80a
[    0.780741] Setting default values for core params
[    0.783262] Finished setting default values for core params
[    0.999365] Using Buffer DMA mode
[    1.001777] Periodic Transfer Interrupt Enhancement - disabled
[    1.004206] Multiprocessor Interrupt Enhancement - disabled
[    1.006644] OTG VER PARAM: 0, OTG VER FLAG: 0
[    1.009024] Dedicated Tx FIFOs mode
[    1.012131] WARN::dwc_otg_hcd_init:1074: FIQ DMA bounce buffers: virt = ffffff80090c1000 dma = 0x00000000fad04000 len=9024
[    1.016675] FIQ FSM acceleration enabled for :
[    1.016675] Non-periodic Split Transactions
[    1.016675] Periodic Split Transactions
[    1.016675] High-Speed Isochronous Endpoints
[    1.016675] Interrupt/Control Split Transaction hack enabled
[    1.027595] WARN::hcd_init_fiq:497: MPHI regs_base at ffffff8008065000
[    1.029909] dwc_otg 3f980000.usb: DWC OTG Controller
[    1.032224] dwc_otg 3f980000.usb: new USB bus registered, assigned bus number 1
[    1.034714] dwc_otg 3f980000.usb: irq 9, io mem 0x00000000
[    1.037145] Init: Port Power? op_state=1
[    1.039473] Init: Power Port (0)
[    1.042146] usb usb1: New USB device found, idVendor=1d6b, idProduct=0002, bcdDevice= 4.19
[    1.046905] usb usb1: New USB device strings: Mfr=3, Product=2, SerialNumber=1
[    1.049522] usb usb1: Product: DWC OTG Controller
[    1.052000] usb usb1: Manufacturer: Linux 4.19.118-v8+ dwc_otg_hcd
[    1.054531] usb usb1: SerialNumber: 3f980000.usb
[    1.057817] hub 1-0:1.0: USB hub found
[    1.060330] hub 1-0:1.0: 1 port detected
[    1.063979] usbcore: registered new interface driver uas
[    1.066446] usbcore: registered new interface driver usb-storage
[    1.069013] mousedev: PS/2 mouse device common for all mice
[    1.072901] bcm2835-wdt bcm2835-wdt: Broadcom BCM2835 watchdog timer
[    1.077468] sdhci: Secure Digital Host Controller Interface driver
[    1.079907] sdhci: Copyright(c) Pierre Ossman
[    1.083032] sdhost-bcm2835 3f202000.mmc: could not get clk, deferring probe
[    1.085791] sdhci-pltfm: SDHCI platform and OF driver helper
[    1.090450] ledtrig-cpu: registered to indicate activity on CPUs
[    1.093195] hidraw: raw HID events driver (C) Jiri Kosina
[    1.095870] usbcore: registered new interface driver usbhid
[    1.098384] usbhid: USB HID core driver
[    1.102108] vchiq: vchiq_init_state: slot_zero = (____ptrval____), is_master = 0
[    1.110937] Initializing XFRM netlink socket
[    1.113446] NET: Registered protocol family 17
[    1.116005] Key type dns_resolver registered
[    1.119771] registered taskstats version 1
[    1.122138] Loading compiled-in X.509 certificates
[    1.136490] uart-pl011 3f201000.serial: cts_event_workaround enabled
[    1.139090] 3f201000.serial: ttyAMA0 at MMIO 0x3f201000 (irq = 66, base_baud = 0) is a PL011 rev2
[    2.129792] console [ttyAMA0] enabled
[    2.138051] bcm2835-power bcm2835-power: Broadcom BCM2835 power domains driver
[    2.149801] sdhost: log_buf @ (____ptrval____) (fad07000)
[    2.207265] mmc0: sdhost-bcm2835 loaded - DMA enabled (>1)
[    2.219175] of_cfs_init
[    2.224469] of_cfs_init: OK
[    2.230566] Waiting for root device PARTUUID=4c999877-02...
[    2.252842] Indeed it is in host mode hprt0 = 00021501
[    2.314728] mmc0: host does not support reading read-only switch, assuming write-enable
[    2.345961] mmc0: new high speed SDHC card at address aaaa
[    2.356180] mmcblk0: mmc0:aaaa SC16G 14.8 GiB
[    2.366370] random: fast init done
[    2.372836]  mmcblk0: p1 p2
[    2.389454] EXT4-fs (mmcblk0p2): INFO: recovery required on readonly filesystem
[    2.399433] EXT4-fs (mmcblk0p2): write access will be enabled during recovery
[    2.422257] EXT4-fs (mmcblk0p2): recovery complete
[    2.447141] EXT4-fs (mmcblk0p2): mounted filesystem with ordered data mode. Opts: (null)
[    2.460293] VFS: Mounted root (ext4 filesystem) readonly on device 179:2.
[    2.468471] usb 1-1: new high-speed USB device number 2 using dwc_otg
[    2.479049] Indeed it is in host mode hprt0 = 00001101
[    2.493331] devtmpfs: mounted
[    2.505327] Freeing unused kernel memory: 1024K
[    2.512583] Run /sbin/init as init process
[    2.697025] usb 1-1: New USB device found, idVendor=0424, idProduct=9514, bcdDevice= 2.00
[    2.710586] usb 1-1: New USB device strings: Mfr=0, Product=0, SerialNumber=0
[    2.721575] hub 1-1:1.0: USB hub found
[    2.728341] hub 1-1:1.0: 5 ports detected
[    3.024480] usb 1-1.1: new high-speed USB device number 3 using dwc_otg
[    3.133052] usb 1-1.1: New USB device found, idVendor=0424, idProduct=ec00, bcdDevice= 2.00
[    3.146730] usb 1-1.1: New USB device strings: Mfr=0, Product=0, SerialNumber=0
[    3.160119] smsc95xx v1.0.6
[    3.235222] smsc95xx 1-1.1:1.0 eth0: register 'smsc95xx' at usb-3f980000.usb-1.1, smsc95xx USB 2.0 Ethernet, b8:27:eb:6d:27:bc
[    3.265702] systemd[1]: System time before build time, advancing clock.
[    3.463006] NET: Registered protocol family 10
[    3.472187] Segment Routing with IPv6
[    3.541839] systemd[1]: systemd 241 running in system mode. (+PAM +AUDIT +SELINUX +IMA +APPARMOR +SMACK +SYSVINIT +UTMP +LIBCRYPTSETUP +GCRYPT +GNUTLS +ACL +XZ +LZ4 +SECCOMP +B
LKID +ELFUTILS +KMOD -IDN2 +IDN -PCRE2 default-hierarchy=hybrid)
[    3.573530] systemd[1]: Detected architecture arm64.
[    3.603246] systemd[1]: Set hostname to <raspberrypi>.
[    3.675600] random: crng init done
[    3.731820] uart-pl011 3f201000.serial: no DMA platform data
[    4.625789] systemd[1]: Created slice system-getty.slice.
[    4.639175] systemd[1]: Listening on Journal Socket (/dev/log).
[    4.653950] systemd[1]: Created slice User and Session Slice.
[    4.666262] systemd[1]: Reached target Slices.
[    4.677622] systemd[1]: Listening on fsck to fsckd communication Socket.
[    4.690729] systemd[1]: Reached target Swap.
[    4.703436] systemd[1]: Created slice system-serial\x2dgetty.slice.
[    9.831811] Unable to handle kernel NULL pointer dereference at virtual address 0000000000000000
[   20.360385] Unable to handle kernel paging request at virtual address ffffff800a08bfc8
[   20.370632] Mem abort info:
[   20.374582]   ESR = 0x96000007
[   20.378748]   Exception class = DABT (current EL), IL = 32 bits
[   20.385815]   SET = 0, FnV = 0
[   20.390007]   EA = 0, S1PTW = 0
[   20.394280] Data abort info:
[   20.398275]   ISV = 0, ISS = 0x00000007
[   20.403206]   CM = 0, WnR = 0
[   20.407227] swapper pgtable: 4k pages, 39-bit VAs, pgdp = 00000000cdadfdf3
[   20.415207] [ffffff800a08bfc8] pgd=000000003abfe003, pud=000000003abfe003, pmd=0000000034331003, pte=0000000000000000
[   20.428134] Internal error: Oops: 96000007 [#1] PREEMPT SMP
[   20.434908] Modules linked in: rfkill 8021q garp stp llc binfmt_misc raspberrypi_hwmon hwmon bcm2835_codec(C) bcm2835_v4l2(C) v4l2_mem2mem bcm2835_mmal_vchiq(C) v4l2_common vid
eobuf2_dma_contig videobuf2_vmalloc videobuf2_memops videobuf2_v4l2 videobuf2_common videodev media vc_sm_cma(C) uio_pdrv_genirq uio ip_tables x_tables ipv6
[   20.470676] Process dphys-swapfile (pid: 352, stack limit = 0x00000000a0b68086)
[   20.479343] CPU: 2 PID: 352 Comm: dphys-swapfile Tainted: G         C        4.19.118-v8+ #1311
[   20.490654] Hardware name: Raspberry Pi 3 Model B Rev 1.2 (DT)
[   20.497837] pstate: 20000085 (nzCv daIf -PAN -UAO)
[   20.504008] pc : cpuacct_charge+0x34/0xb8
[   20.509372] lr : update_curr+0xe4/0x228
[   20.514535] sp : ffffff8008013c90
[   20.519179] x29: ffffff8008013c90 x28: 0000000000000003 
[   20.525853] x27: ffffff8008cac018 x26: 0000000000000080 
[   20.532515] x25: ffffff8008cac018 x24: afb504000afb5041 
[   20.539169] x23: ffffff8008cb8030 x22: 00000000003d0900 
[   20.545776] x21: ffffffc03672f000 x20: 00000000003d0900 
[   20.552339] x19: ffffffc0335a0000 x18: 0000000000000000 
[   20.558839] x17: 0000000000000000 x16: 0000000000000000 
[   20.565296] x15: 0000000000000000 x14: 0000000000000008 
[   20.571689] x13: 0000000000000000 x12: 003d090000000000 
[   20.578008] x11: 00003d08ffff9c00 x10: 0000000000006400 
[   20.584272] x9 : 00003d08ffff9c00 x8 : ffffff8008cba140 
[   20.590479] x7 : ffffff8008ce3040 x6 : 0000000000333a69 
[   20.596641] x5 : 0000000000000015 x4 : 00000000000f25c4 
[   20.602753] x3 : 0000000000000001 x2 : 00000000003d0900 
[   20.608813] x1 : ffffff800a08bec0 x0 : ffffff800a088000 
[   20.614842] Call trace:
[   20.617954]  cpuacct_charge+0x34/0xb8
[   20.622270]  update_curr+0xe4/0x228
[   20.626395]  task_tick_fair+0x144/0x578
[   20.630875]  scheduler_tick+0x74/0x108
[   20.635264]  update_process_times+0x48/0x60
[   20.640098]  tick_sched_handle.isra.5+0x44/0x68
[   20.645303]  tick_sched_timer+0x5c/0xb0
[   20.649813]  __hrtimer_run_queues+0x118/0x380
[   20.654860]  hrtimer_interrupt+0xf8/0x258
[   20.659576]  arch_timer_handler_phys+0x3c/0x50
[   20.664752]  handle_percpu_devid_irq+0xa4/0x2a0
[   20.670031]  generic_handle_irq+0x34/0x50
[   20.674814]  __handle_domain_irq+0x8c/0x100
[   20.679793]  bcm2836_arm_irqchip_handle_irq+0x68/0xd8
[   20.685672]  el1_irq+0xb4/0x130
[   20.689641] Code: f9401260 d287d801 8b010001 b4000381 (f95fe400) 
[   20.696615] ---[ end trace 49f049fee35b309e ]---
[   20.702122] Kernel panic - not syncing: Fatal exception in interrupt
[   20.709437] SMP: stopping secondary CPUs
[   21.808062] SMP: failed to stop secondary CPUs 0,2
[   21.813804] Kernel Offset: disabled
[   21.818245] CPU features: 0x0,24002004
[   21.822948] Memory Limit: none
[   21.826952] ---[ end Kernel panic - not syncing: Fatal exception in interrupt ]---
