pi@raspberrypi:~$  sudo reboot
[  297.910121] reboot: Restarting system
[    0.000000] Booting Linux on physical CPU 0x0
[    0.000000] Linux version 4.19.118-v7+ (dom@buildbot) (gcc version 4.9.3 (crosstool-NG crosstool-ng-1.22.0-88-g8460611)) #1311 SMP Mon Apr 27 14:21:24 BST 2020
[    0.000000] CPU: ARMv7 Processor [410fd034] revision 4 (ARMv7), cr=10c5383d
[    0.000000] CPU: div instructions available: patching division code
[    0.000000] CPU: PIPT / VIPT nonaliasing data cache, VIPT aliasing instruction cache
[    0.000000] OF: fdt: Machine model: Raspberry Pi 3 Model B Plus Rev 1.3
[    0.000000] Memory policy: Data cache writealloc
[    0.000000] cma: Reserved 256 MiB at 0x1ec00000
[    0.000000] random: get_random_bytes called from start_kernel+0xac/0x4b4 with crng_init=0
[    0.000000] percpu: Embedded 16 pages/cpu s36864 r8192 d20480 u65536
[    0.000000] Built 1 zonelists, mobility grouping on.  Total pages: 240555
[    0.000000] Kernel command line: coherent_pool=1M 8250.nr_uarts=1 snd_bcm2835.enable_compat_alsa=0 snd_bcm2835.enable_hdmi=1 snd_bcm2835.enable_headphones=1 cma=256M video=Comp
osite-1:720x480@60,margin_left=32,margin_right=32,margin_top=32,margin_bottom=32 vc_mem.mem_base=0x3ec00000 vc_mem.mem_size=0x40000000  dwc_otg.lpm_enable=0 console=ttyAMA0,115200
 console=tty1 root=PARTUUID=4c999877-02 rootfstype=ext4 elevator=deadline fsck.repair=yes rootwait
[    0.000000] Dentry cache hash table entries: 131072 (order: 7, 524288 bytes)
[    0.000000] Inode-cache hash table entries: 65536 (order: 6, 262144 bytes)
[    0.000000] Memory: 684616K/970752K available (8192K kernel code, 656K rwdata, 2232K rodata, 1024K init, 831K bss, 23992K reserved, 262144K cma-reserved)
[    0.000000] Virtual kernel memory layout:
[    0.000000]     vector  : 0xffff0000 - 0xffff1000   (   4 kB)
[    0.000000]     fixmap  : 0xffc00000 - 0xfff00000   (3072 kB)
[    0.000000]     vmalloc : 0xbb800000 - 0xff800000   (1088 MB)
[    0.000000]     lowmem  : 0x80000000 - 0xbb400000   ( 948 MB)
[    0.000000]     modules : 0x7f000000 - 0x80000000   (  16 MB)
[    0.000000]       .text : 0x(ptrval) - 0x(ptrval)   (9184 kB)
[    0.000000]       .init : 0x(ptrval) - 0x(ptrval)   (1024 kB)
[    0.000000]       .data : 0x(ptrval) - 0x(ptrval)   ( 657 kB)
[    0.000000]        .bss : 0x(ptrval) - 0x(ptrval)   ( 832 kB)
[    0.000000] SLUB: HWalign=64, Order=0-3, MinObjects=0, CPUs=4, Nodes=1
[    0.000000] ftrace: allocating 27093 entries in 80 pages
[    0.000000] rcu: Hierarchical RCU implementation.
[    0.000000] NR_IRQS: 16, nr_irqs: 16, preallocated irqs: 16
[    0.000000] arch_timer: cp15 timer(s) running at 19.20MHz (phys).
[    0.000000] clocksource: arch_sys_counter: mask: 0xffffffffffffff max_cycles: 0x46d987e47, max_idle_ns: 440795202767 ns
[    0.000007] sched_clock: 56 bits at 19MHz, resolution 52ns, wraps every 4398046511078ns
[    0.000023] Switching to timer-based delay loop, resolution 52ns
[    0.000276] Console: colour dummy device 80x30
[    0.000919] console [tty1] enabled
[    0.000978] Calibrating delay loop (skipped), value calculated using timer frequency.. 38.40 BogoMIPS (lpj=192000)
[    0.001021] pid_max: default: 32768 minimum: 301
[    0.001386] Mount-cache hash table entries: 2048 (order: 1, 8192 bytes)
[    0.001423] Mountpoint-cache hash table entries: 2048 (order: 1, 8192 bytes)
[    0.002384] CPU: Testing write buffer coherency: ok
[    0.002880] CPU0: thread -1, cpu 0, socket 0, mpidr 80000000
[    0.003570] Setting up static identity map for 0x100000 - 0x10003c
[    0.003740] rcu: Hierarchical SRCU implementation.
[    0.004575] smp: Bringing up secondary CPUs ...
[    0.005502] CPU1: thread -1, cpu 1, socket 0, mpidr 80000001
[    0.006482] CPU2: thread -1, cpu 2, socket 0, mpidr 80000002
[    0.007410] CPU3: thread -1, cpu 3, socket 0, mpidr 80000003
[    0.007524] smp: Brought up 1 node, 4 CPUs
[    0.007605] SMP: Total of 4 processors activated (153.60 BogoMIPS).
[    0.007629] CPU: All CPU(s) started in HYP mode.
[    0.007650] CPU: Virtualization extensions available.
[    0.008635] devtmpfs: initialized
[    0.022196] VFP support v0.3: implementor 41 architecture 3 part 40 variant 3 rev 4
[    0.022466] clocksource: jiffies: mask: 0xffffffff max_cycles: 0xffffffff, max_idle_ns: 19112604462750000 ns
[    0.022515] futex hash table entries: 1024 (order: 4, 65536 bytes)
[    0.033369] pinctrl core: initialized pinctrl subsystem
[    0.034376] NET: Registered protocol family 16
[    0.037766] DMA: preallocated 1024 KiB pool for atomic coherent allocations
[    0.043720] hw-breakpoint: found 5 (+1 reserved) breakpoint and 4 watchpoint registers.
[    0.043757] hw-breakpoint: maximum watchpoint size is 8 bytes.
[    0.043980] Serial: AMBA PL011 UART driver
[    0.046456] bcm2835-mbox 3f00b880.mailbox: mailbox enabled
[    0.060084] raspberrypi-firmware soc:firmware: Attached to firmware from 2020-04-15 11:43, variant start
[    0.070097] raspberrypi-firmware soc:firmware: Firmware hash is 82f9bb929ce2186eb1824178c1ae82902ad6275c
[    0.112932] bcm2835-dma 3f007000.dma: DMA legacy API manager at (ptrval), dmachans=0x1
[    0.114596] SCSI subsystem initialized
[    0.114841] usbcore: registered new interface driver usbfs
[    0.114916] usbcore: registered new interface driver hub
[    0.115029] usbcore: registered new device driver usb
[    0.116806] clocksource: Switched to clocksource arch_sys_counter
[    0.207682] VFS: Disk quotas dquot_6.6.0
[    0.207792] VFS: Dquot-cache hash table entries: 1024 (order 0, 4096 bytes)
[    0.207997] FS-Cache: Loaded
[    0.208218] CacheFiles: Loaded
[    0.208712] simple-framebuffer 3eaf0000.framebuffer: framebuffer at 0x3eaf0000, 0x10a800 bytes, mapped to 0x(ptrval)
[    0.208757] simple-framebuffer 3eaf0000.framebuffer: format=a8r8g8b8, mode=656x416x32, linelength=2624
[    0.213720] Console: switching to colour frame buffer device 82x26
[    0.220648] simple-framebuffer 3eaf0000.framebuffer: fb0: simplefb registered!
[    0.233231] NET: Registered protocol family 2
[    0.236891] tcp_listen_portaddr_hash hash table entries: 512 (order: 0, 6144 bytes)
[    0.242338] TCP established hash table entries: 8192 (order: 3, 32768 bytes)
[    0.245237] TCP bind hash table entries: 8192 (order: 4, 65536 bytes)
[    0.248197] TCP: Hash tables configured (established 8192 bind 8192)
[    0.251121] UDP hash table entries: 512 (order: 2, 16384 bytes)
[    0.253957] UDP-Lite hash table entries: 512 (order: 2, 16384 bytes)
[    0.257130] NET: Registered protocol family 1
[    0.260623] RPC: Registered named UNIX socket transport module.
[    0.263564] RPC: Registered udp transport module.
[    0.266425] RPC: Registered tcp transport module.
[    0.269210] RPC: Registered tcp NFSv4.1 backchannel transport module.
[    0.273864] hw perfevents: enabled with armv7_cortex_a7 PMU driver, 7 counters available
[    0.282613] Initialise system trusted keyrings
[    0.285595] workingset: timestamp_bits=14 max_order=18 bucket_order=4
[    0.298331] FS-Cache: Netfs 'nfs' registered for caching
[    0.301628] NFS: Registering the id_resolver key type
[    0.304330] Key type id_resolver registered
[    0.306961] Key type id_legacy registered
[    0.309470] nfs4filelayout_init: NFSv4 File Layout Driver Registering...
[    0.317537] Key type asymmetric registered
[    0.320032] Asymmetric key parser 'x509' registered
[    0.322501] Block layer SCSI generic (bsg) driver version 0.4 loaded (major 250)
[    0.327578] io scheduler noop registered
[    0.329980] io scheduler deadline registered (default)
[    0.332563] io scheduler cfq registered
[    0.334861] io scheduler mq-deadline registered (default)
[    0.337206] io scheduler kyber registered
[    0.342623] Serial: 8250/16550 driver, 1 ports, IRQ sharing enabled
[    0.346486] bcm2835-rng 3f104000.rng: hwrng registered
[    0.349280] vc-mem: phys_addr:0x00000000 mem_base=0x3ec00000 mem_size:0x40000000(1024 MiB)
[    0.354628] vc-sm: Videocore shared memory driver
[    0.357430] gpiomem-bcm2835 3f200000.gpiomem: Initialised: Registers at 0x3f200000
[    0.373091] brd: module loaded
[    0.385692] loop: module loaded
[    0.388772] Loading iSCSI transport class v2.0-870.
[    0.391926] libphy: Fixed MDIO Bus: probed
[    0.394439] usbcore: registered new interface driver lan78xx
[    0.396952] usbcore: registered new interface driver smsc95xx
[    0.399326] dwc_otg: version 3.00a 10-AUG-2012 (platform bus)
[    0.429495] dwc_otg 3f980000.usb: base=(ptrval)
[    0.631955] Core Release: 2.80a
[    0.634171] Setting default values for core params
[    0.636461] Finished setting default values for core params
[    0.839092] Using Buffer DMA mode
[    0.841389] Periodic Transfer Interrupt Enhancement - disabled
[    0.843781] Multiprocessor Interrupt Enhancement - disabled
[    0.846157] OTG VER PARAM: 0, OTG VER FLAG: 0
[    0.848532] Dedicated Tx FIFOs mode
[    0.851450] WARN::dwc_otg_hcd_init:1074: FIQ DMA bounce buffers: virt = 9ed04000 dma = 0xded04000 len=9024
[    0.856022] FIQ FSM acceleration enabled for :
[    0.856022] Non-periodic Split Transactions
[    0.856022] Periodic Split Transactions
[    0.856022] High-Speed Isochronous Endpoints
[    0.856022] Interrupt/Control Split Transaction hack enabled
[    0.866970] WARN::hcd_init_fiq:457: FIQ on core 1
[    0.869197] WARN::hcd_init_fiq:458: FIQ ASM at 8068fda0 length 36
[    0.871407] WARN::hcd_init_fiq:497: MPHI regs_base at bb810000
[    0.873661] dwc_otg 3f980000.usb: DWC OTG Controller
[    0.875919] dwc_otg 3f980000.usb: new USB bus registered, assigned bus number 1
[    0.878268] dwc_otg 3f980000.usb: irq 56, io mem 0x00000000
[    0.880568] Init: Port Power? op_state=1
[    0.882800] Init: Power Port (0)
[    0.885202] usb usb1: New USB device found, idVendor=1d6b, idProduct=0002, bcdDevice= 4.19
[    0.889715] usb usb1: New USB device strings: Mfr=3, Product=2, SerialNumber=1
[    0.892123] usb usb1: Product: DWC OTG Controller
[    0.894485] usb usb1: Manufacturer: Linux 4.19.118-v7+ dwc_otg_hcd
[    0.896928] usb usb1: SerialNumber: 3f980000.usb
[    0.899887] hub 1-0:1.0: USB hub found
[    0.902161] hub 1-0:1.0: 1 port detected
[    0.905255] usbcore: registered new interface driver usb-storage
[    0.907749] mousedev: PS/2 mouse device common for all mice
[    0.910910] bcm2835-wdt bcm2835-wdt: Broadcom BCM2835 watchdog timer
[    0.913569] bcm2835-cpufreq: min=600000 max=1400000
[    0.916414] sdhci: Secure Digital Host Controller Interface driver
[    0.918856] sdhci: Copyright(c) Pierre Ossman
[    0.921691] sdhost-bcm2835 3f202000.mmc: could not get clk, deferring probe
[    0.924368] sdhci-pltfm: SDHCI platform and OF driver helper
[    0.928502] ledtrig-cpu: registered to indicate activity on CPUs
[    0.931212] hidraw: raw HID events driver (C) Jiri Kosina
[    0.933921] usbcore: registered new interface driver usbhid
[    0.936468] usbhid: USB HID core driver
[    0.939803] vchiq: vchiq_init_state: slot_zero = (ptrval), is_master = 0
[    0.943925] [vc_sm_connected_init]: start
[    0.952000] [vc_sm_connected_init]: end - returning 0
[    0.955532] Initializing XFRM netlink socket
[    0.957955] NET: Registered protocol family 17
[    0.960408] Key type dns_resolver registered
[    0.963392] Registering SWP/SWPB emulation handler
[    0.966391] registered taskstats version 1
[    0.968798] Loading compiled-in X.509 certificates
[    0.977890] uart-pl011 3f201000.serial: cts_event_workaround enabled
[    0.980398] 3f201000.serial: ttyAMA0 at MMIO 0x3f201000 (irq = 81, base_baud = 0) is a PL011 rev2
[    2.001947] console [ttyAMA0] enabled
[    2.010094] sdhost: log_buf @ (ptrval) (ded03000)
[    2.065622] mmc0: sdhost-bcm2835 loaded - DMA enabled (>1)
[    2.074777] of_cfs_init
[    2.079687] of_cfs_init: OK
[    2.085251] Waiting for root device PARTUUID=4c999877-02...
[    2.116921] Indeed it is in host mode hprt0 = 00021501
[    2.213329] random: fast init done
[    2.227782] mmc0: host does not support reading read-only switch, assuming write-enable
[    2.247086] mmc0: new high speed SDHC card at address aaaa
[    2.256157] mmcblk0: mmc0:aaaa SL16G 14.8 GiB
[    2.269336]  mmcblk0: p1 p2
[    2.311355] EXT4-fs (mmcblk0p2): mounted filesystem with ordered data mode. Opts: (null)
[    2.324393] VFS: Mounted root (ext4 filesystem) readonly on device 179:2.
[    2.326857] usb 1-1: new high-speed USB device number 2 using dwc_otg
[    2.343104] Indeed it is in host mode hprt0 = 00001101
[    2.411026] devtmpfs: mounted
[    2.423823] Freeing unused kernel memory: 1024K
[    2.431240] Run /sbin/init as init process
[    2.587180] usb 1-1: New USB device found, idVendor=0424, idProduct=2514, bcdDevice= b.b3
[    2.600595] usb 1-1: New USB device strings: Mfr=0, Product=0, SerialNumber=0
[    2.611168] hub 1-1:1.0: USB hub found
[    2.617822] hub 1-1:1.0: 4 ports detected
[    2.936871] usb 1-1.1: new high-speed USB device number 3 using dwc_otg
[    3.067088] usb 1-1.1: New USB device found, idVendor=0424, idProduct=2514, bcdDevice= b.b3
[    3.081011] usb 1-1.1: New USB device strings: Mfr=0, Product=0, SerialNumber=0
[    3.091857] hub 1-1.1:1.0: USB hub found
[    3.098724] hub 1-1.1:1.0: 3 ports detected
[    3.137044] systemd[1]: System time before build time, advancing clock.
[    3.208807] systemd[1]: systemd 241 running in system mode. (+PAM +AUDIT +SELINUX +IMA +APPARMOR +SMACK +SYSVINIT +UTMP +LIBCRYPTSETUP +GCRYPT +GNUTLS +ACL +XZ +LZ4 +SECCOMP +B
LKID +ELFUTILS +KMOD -IDN2 +IDN -PCRE2 default-hierarchy=hybrid)
[    3.239471] systemd[1]: Detected architecture arm.
[    3.267754] systemd[1]: Set hostname to <raspberrypi>.
[    3.471633] uart-pl011 3f201000.serial: no DMA platform data
[    3.776864] usb 1-1.1.1: new high-speed USB device number 4 using dwc_otg
[    3.907353] usb 1-1.1.1: New USB device found, idVendor=0424, idProduct=7800, bcdDevice= 3.00
[    3.921316] usb 1-1.1.1: New USB device strings: Mfr=0, Product=0, SerialNumber=0
[    4.199698] lan78xx 1-1.1.1:1.0 (unnamed net_device) (uninitialized): No External EEPROM. Setting MAC Speed
[    4.216353] libphy: lan78xx-mdiobus: probed
[    4.247815] lan78xx 1-1.1.1:1.0 (unnamed net_device) (uninitialized): int urb period 64
[    4.283219] random: systemd: uninitialized urandom read (16 bytes read)
[    4.304361] random: systemd: uninitialized urandom read (16 bytes read)
[    4.314614] systemd[1]: Started Dispatch Password Requests to Console Directory Watch.
[    4.331863] random: systemd: uninitialized urandom read (16 bytes read)
[    4.346638] systemd[1]: Created slice system-systemd\x2dfsck.slice.
[    4.359749] systemd[1]: Reached target Swap.
[    4.372070] systemd[1]: Created slice system-serial\x2dgetty.slice.
[    4.398910] systemd[1]: Condition check resulted in Journal Audit Socket being skipped.
[    4.413869] systemd[1]: Listening on Syslog Socket.
[    4.427060] systemd[1]: Created slice User and Session Slice.

Raspbian GNU/Linux 10 raspberrypi ttyAMA0

raspberrypi login: pi
Password:
Last login: Mon Nov  9 16:46:22 CET 2020 on ttyAMA0
Linux raspberrypi 4.19.118-v7+ #1311 SMP Mon Apr 27 14:21:24 BST 2020 armv7l

The programs included with the Debian GNU/Linux system are free software;
the exact distribution terms for each program are described in the
individual files in /usr/share/doc/*/copyright.

Debian GNU/Linux comes with ABSOLUTELY NO WARRANTY, to the extent
permitted by applicable law.

SSH is enabled and the default password for the 'pi' user has not been changed.
This is a security risk - please login as the 'pi' user and type 'passwd' to set a new password.

pi@raspberrypi:~$  systemctl status uvbench.service
�● uvbench.service - Under-volting benchmark
   Loaded: loaded (/etc/systemd/system/uvbench.service; enabled; vendor preset:
   Active: activating (start) since Tue 2020-11-10 10:41:04 CET; 2min 34s ago
 Main PID: 436 (uvbench.sh)
    Tasks: 6 (limit: 1604)
   Memory: 4.1M
   CGroup: /system.slice/uvbench.service
           �├�─ 436 /bin/sh /home/pi/uvbench.sh run -t 60
           �├�─ 465 ./test -i
           �├�─ 467 ./test -i
           �├�─ 469 ./test -i
           �├�─ 471 ./test -i
           �└�─2642 sleep 1

Nov 10 10:41:04 raspberrypi systemd[1]: Starting Under-volting benchmark...
Nov 10 10:41:04 raspberrypi uvbench.sh[436]: run: Tue Nov 10 10:41:04 CET 2020
Nov 10 10:41:04 raspberrypi sudo[454]:       pi : TTY=unknown ; PWD=/home/pi ; U
Nov 10 10:41:04 raspberrypi sudo[454]: pam_unix(sudo:session): session opened fo
Nov 10 10:41:04 raspberrypi uvbench.sh[436]: Setting cpu: 0
Nov 10 10:41:04 raspberrypi uvbench.sh[436]: Setting cpu: 1
Nov 10 10:41:04 raspberrypi uvbench.sh[436]: Setting cpu: 2
Nov 10 10:41:04 raspberrypi uvbench.sh[436]: Setting cpu: 3
Nov 10 10:41:04 raspberrypi sudo[454]: pam_unix(sudo:session): session closed fo
pi@raspberrypi:~$ [  196.578902] Kernel panic - not syncing: stack-protector: Kernel stack is corrupted in: pipe_wait+0xcc/0xcc
[  196.590200] CPU: 1 PID: 436 Comm: uvbench.sh Not tainted 4.19.118-v7+ #1311
[  196.598031] Hardware name: BCM2835
[  196.602296] [<801120c8>] (unwind_backtrace) from [<8010d5fc>] (show_stack+0x20/0x24)
[  196.611830] [<8010d5fc>] (show_stack) from [<80856da8>] (dump_stack+0xe0/0x124)
[  196.620145] [<80856da8>] (dump_stack) from [<80120ee8>] (panic+0x104/0x288)
[  196.628114] [<80120ee8>] (panic) from [<801209e8>] (print_tainted+0x0/0xa8)
[  196.636098] CPU2: stopping
[  196.639796] CPU: 2 PID: 471 Comm: test Not tainted 4.19.118-v7+ #1311
[  196.647283] Hardware name: BCM2835
[  196.651743] [<801120c8>] (unwind_backtrace) from [<8010d5fc>] (show_stack+0x20/0x24)
[  196.661744] [<8010d5fc>] (show_stack) from [<80856da8>] (dump_stack+0xe0/0x124)
[  196.670291] [<80856da8>] (dump_stack) from [<801104e0>] (handle_IPI+0x388/0x3a8)
[  196.680126] [<801104e0>] (handle_IPI) from [<801021f4>] (bcm2836_arm_irqchip_handle_irq+0xa0/0xa4)
[  196.691706] [<801021f4>] (bcm2836_arm_irqchip_handle_irq) from [<80101d0c>] (__irq_usr+0x4c/0x60)
[  196.703315] Exception stack(0xb597dfb0 to 0xb597dff8)
[  196.709713] dfa0:                                     ee8efc90 081a0ad2 ee8efc90 00022090
[  196.720552] dfc0: 00000000 00011068 00010638 00000000 00000000 00000000 76f23000 7edefcac
[  196.731360] dfe0: 00000000 7edefca8 00000000 00010b2c 60000010 ffffffff
[  196.739313] CPU0: stopping
[  196.743326] CPU: 0 PID: 469 Comm: test Not tainted 4.19.118-v7+ #1311
[  196.751118] Hardware name: BCM2835
[  196.755835] [<801120c8>] (unwind_backtrace) from [<8010d5fc>] (show_stack+0x20/0x24)
[  196.766255] [<8010d5fc>] (show_stack) from [<80856da8>] (dump_stack+0xe0/0x124)
[  196.774960] [<80856da8>] (dump_stack) from [<801104e0>] (handle_IPI+0x388/0x3a8)
[  196.785004] [<801104e0>] (handle_IPI) from [<801021f4>] (bcm2836_arm_irqchip_handle_irq+0xa0/0xa4)
[  196.796687] [<801021f4>] (bcm2836_arm_irqchip_handle_irq) from [<80101d0c>] (__irq_usr+0x4c/0x60)
[  196.808287] Exception stack(0xb5901fb0 to 0xb5901ff8)
[  196.814686] 1fa0:                                     3b4e7398 00000000 ee8efc90 00022090
[  196.825510] 1fc0: 00000000 00011068 00010638 00000000 00000000 00000000 76f54000 7e8f1cac
[  196.836375] 1fe0: 00000000 7e8f1ca8 00000000 00010b44 60000010 ffffffff
[  196.844359] CPU3: stopping
[  196.848389] CPU: 3 PID: 467 Comm: test Not tainted 4.19.118-v7+ #1311
[  196.856173] Hardware name: BCM2835
[  196.860885] [<801120c8>] (unwind_backtrace) from [<8010d5fc>] (show_stack+0x20/0x24)
[  196.871317] [<8010d5fc>] (show_stack) from [<80856da8>] (dump_stack+0xe0/0x124)
[  196.880016] [<80856da8>] (dump_stack) from [<801104e0>] (handle_IPI+0x388/0x3a8)
[  196.890065] [<801104e0>] (handle_IPI) from [<801021f4>] (bcm2836_arm_irqchip_handle_irq+0xa0/0xa4)
[  196.901753] [<801021f4>] (bcm2836_arm_irqchip_handle_irq) from [<80101d0c>] (__irq_usr+0x4c/0x60)
[  196.913354] Exception stack(0xb6e5dfb0 to 0xb6e5dff8)
[  196.919753] dfa0:                                     ee8efc90 081a0ad2 ee8efc90 081a0ad2
[  196.930566] dfc0: 00000000 00011068 00010638 00000000 00000000 00000000 76f47000 7ed59cac
[  196.941428] dfe0: 00000000 7ed59ca8 00000000 00010af0 60000010 ffffffff
[  196.949425] ---[ end Kernel panic - not syncing: stack-protector: Kernel stack is corrupted in: pipe_wait+0xcc/0xcc ]---
