pi@raspberrypi:~$  sudo reboot
[  187.675351] reboot: Restarting system
[    0.000000] Booting Linux on physical CPU 0x0
[    0.000000] Linux version 4.19.118-v7+ (dom@buildbot) (gcc version 4.9.3 (crosstool-NG crosstool-ng-1.22.0-88-g8460611)) #1311 SMP Mon Apr 27 14:21:24 BST 2020
[    0.000000] CPU: ARMv7 Processor [410fd034] revision 4 (ARMv7), cr=10c5383d
[    0.000000] CPU: div instructions available: patching division code
[    0.000000] CPU: PIPT / VIPT nonaliasing data cache, VIPT aliasing instruction cache
[    0.000000] OF: fdt: Machine model: Raspberry Pi 3 Model B Plus Rev 1.3
[    0.000000] Memory policy: Data cache writealloc
[    0.000000] cma: Reserved 256 MiB at 0x1ec00000
[    0.000000] random: get_random_bytes called from start_kernel+0xac/0x4b4 with crng_init=0
[    0.000000] percpu: Embedded 16 pages/cpu s36864 r8192 d20480 u65536
[    0.000000] Built 1 zonelists, mobility grouping on.  Total pages: 240555
[    0.000000] Kernel command line: coherent_pool=1M 8250.nr_uarts=1 snd_bcm2835.enable_compat_alsa=0 snd_bcm2835.enable_hdmi=1 snd_bcm2835.enable_headphones=1 cma=256M video=Comp
osite-1:720x480@60,margin_left=32,margin_right=32,margin_top=32,margin_bottom=32 vc_mem.mem_base=0x3ec00000 vc_mem.mem_size=0x40000000  dwc_otg.lpm_enable=0 console=ttyAMA0,115200
 console=tty1 root=PARTUUID=4c999877-02 rootfstype=ext4 elevator=deadline fsck.repair=yes rootwait
[    0.000000] Dentry cache hash table entries: 131072 (order: 7, 524288 bytes)
[    0.000000] Inode-cache hash table entries: 65536 (order: 6, 262144 bytes)
[    0.000000] Memory: 684616K/970752K available (8192K kernel code, 656K rwdata, 2232K rodata, 1024K init, 831K bss, 23992K reserved, 262144K cma-reserved)
[    0.000000] Virtual kernel memory layout:
[    0.000000]     vector  : 0xffff0000 - 0xffff1000   (   4 kB)
[    0.000000]     fixmap  : 0xffc00000 - 0xfff00000   (3072 kB)
[    0.000000]     vmalloc : 0xbb800000 - 0xff800000   (1088 MB)
[    0.000000]     lowmem  : 0x80000000 - 0xbb400000   ( 948 MB)
[    0.000000]     modules : 0x7f000000 - 0x80000000   (  16 MB)
[    0.000000]       .text : 0x(ptrval) - 0x(ptrval)   (9184 kB)
[    0.000000]       .init : 0x(ptrval) - 0x(ptrval)   (1024 kB)
[    0.000000]       .data : 0x(ptrval) - 0x(ptrval)   ( 657 kB)
[    0.000000]        .bss : 0x(ptrval) - 0x(ptrval)   ( 832 kB)
[    0.000000] SLUB: HWalign=64, Order=0-3, MinObjects=0, CPUs=4, Nodes=1
[    0.000000] ftrace: allocating 27093 entries in 80 pages
[    0.000000] rcu: Hierarchical RCU implementation.
[    0.000000] NR_IRQS: 16, nr_irqs: 16, preallocated irqs: 16
[    0.000000] arch_timer: cp15 timer(s) running at 19.20MHz (phys).
[    0.000000] clocksource: arch_sys_counter: mask: 0xffffffffffffff max_cycles: 0x46d987e47, max_idle_ns: 440795202767 ns
[    0.000007] sched_clock: 56 bits at 19MHz, resolution 52ns, wraps every 4398046511078ns
[    0.000023] Switching to timer-based delay loop, resolution 52ns
[    0.000278] Console: colour dummy device 80x30
[    0.000920] console [tty1] enabled
[    0.000981] Calibrating delay loop (skipped), value calculated using timer frequency.. 38.40 BogoMIPS (lpj=192000)
[    0.001025] pid_max: default: 32768 minimum: 301
[    0.001385] Mount-cache hash table entries: 2048 (order: 1, 8192 bytes)
[    0.001423] Mountpoint-cache hash table entries: 2048 (order: 1, 8192 bytes)
[    0.002385] CPU: Testing write buffer coherency: ok
[    0.002878] CPU0: thread -1, cpu 0, socket 0, mpidr 80000000
[    0.003566] Setting up static identity map for 0x100000 - 0x10003c
[    0.003737] rcu: Hierarchical SRCU implementation.
[    0.004567] smp: Bringing up secondary CPUs ...
[    0.005490] CPU1: thread -1, cpu 1, socket 0, mpidr 80000001
[    0.006474] CPU2: thread -1, cpu 2, socket 0, mpidr 80000002
[    0.007410] CPU3: thread -1, cpu 3, socket 0, mpidr 80000003
[    0.007525] smp: Brought up 1 node, 4 CPUs
[    0.007606] SMP: Total of 4 processors activated (153.60 BogoMIPS).
[    0.007630] CPU: All CPU(s) started in HYP mode.
[    0.007650] CPU: Virtualization extensions available.
[    0.008645] devtmpfs: initialized
[    0.022226] VFP support v0.3: implementor 41 architecture 3 part 40 variant 3 rev 4
[    0.022499] clocksource: jiffies: mask: 0xffffffff max_cycles: 0xffffffff, max_idle_ns: 19112604462750000 ns
[    0.022547] futex hash table entries: 1024 (order: 4, 65536 bytes)
[    0.033405] pinctrl core: initialized pinctrl subsystem
[    0.034411] NET: Registered protocol family 16
[    0.037812] DMA: preallocated 1024 KiB pool for atomic coherent allocations
[    0.043783] hw-breakpoint: found 5 (+1 reserved) breakpoint and 4 watchpoint registers.
[    0.043821] hw-breakpoint: maximum watchpoint size is 8 bytes.
[    0.044044] Serial: AMBA PL011 UART driver
[    0.046514] bcm2835-mbox 3f00b880.mailbox: mailbox enabled
[    0.060086] raspberrypi-firmware soc:firmware: Attached to firmware from 2020-04-15 11:43, variant start
[    0.070100] raspberrypi-firmware soc:firmware: Firmware hash is 82f9bb929ce2186eb1824178c1ae82902ad6275c
[    0.112922] bcm2835-dma 3f007000.dma: DMA legacy API manager at (ptrval), dmachans=0x1
[    0.114584] SCSI subsystem initialized
[    0.114828] usbcore: registered new interface driver usbfs
[    0.114903] usbcore: registered new interface driver hub
[    0.115015] usbcore: registered new device driver usb
[    0.116791] clocksource: Switched to clocksource arch_sys_counter
[    0.207582] VFS: Disk quotas dquot_6.6.0
[    0.207695] VFS: Dquot-cache hash table entries: 1024 (order 0, 4096 bytes)
[    0.207901] FS-Cache: Loaded
[    0.208125] CacheFiles: Loaded
[    0.208628] simple-framebuffer 3eaf0000.framebuffer: framebuffer at 0x3eaf0000, 0x10a800 bytes, mapped to 0x(ptrval)
[    0.208672] simple-framebuffer 3eaf0000.framebuffer: format=a8r8g8b8, mode=656x416x32, linelength=2624
[    0.213639] Console: switching to colour frame buffer device 82x26
[    0.220569] simple-framebuffer 3eaf0000.framebuffer: fb0: simplefb registered!
[    0.233160] NET: Registered protocol family 2
[    0.236834] tcp_listen_portaddr_hash hash table entries: 512 (order: 0, 6144 bytes)
[    0.242291] TCP established hash table entries: 8192 (order: 3, 32768 bytes)
[    0.245190] TCP bind hash table entries: 8192 (order: 4, 65536 bytes)
[    0.248142] TCP: Hash tables configured (established 8192 bind 8192)
[    0.251072] UDP hash table entries: 512 (order: 2, 16384 bytes)
[    0.253908] UDP-Lite hash table entries: 512 (order: 2, 16384 bytes)
[    0.257080] NET: Registered protocol family 1
[    0.260587] RPC: Registered named UNIX socket transport module.
[    0.263528] RPC: Registered udp transport module.
[    0.266391] RPC: Registered tcp transport module.
[    0.269188] RPC: Registered tcp NFSv4.1 backchannel transport module.
[    0.273840] hw perfevents: enabled with armv7_cortex_a7 PMU driver, 7 counters available
[    0.282562] Initialise system trusted keyrings
[    0.285544] workingset: timestamp_bits=14 max_order=18 bucket_order=4
[    0.298282] FS-Cache: Netfs 'nfs' registered for caching
[    0.301572] NFS: Registering the id_resolver key type
[    0.304270] Key type id_resolver registered
[    0.306896] Key type id_legacy registered
[    0.309403] nfs4filelayout_init: NFSv4 File Layout Driver Registering...
[    0.317450] Key type asymmetric registered
[    0.319939] Asymmetric key parser 'x509' registered
[    0.322401] Block layer SCSI generic (bsg) driver version 0.4 loaded (major 250)
[    0.327483] io scheduler noop registered
[    0.329879] io scheduler deadline registered (default)
[    0.332452] io scheduler cfq registered
[    0.334746] io scheduler mq-deadline registered (default)
[    0.337088] io scheduler kyber registered
[    0.342534] Serial: 8250/16550 driver, 1 ports, IRQ sharing enabled
[    0.346413] bcm2835-rng 3f104000.rng: hwrng registered
[    0.349191] vc-mem: phys_addr:0x00000000 mem_base=0x3ec00000 mem_size:0x40000000(1024 MiB)
[    0.354544] vc-sm: Videocore shared memory driver
[    0.357352] gpiomem-bcm2835 3f200000.gpiomem: Initialised: Registers at 0x3f200000
[    0.372983] brd: module loaded
[    0.385565] loop: module loaded
[    0.388653] Loading iSCSI transport class v2.0-870.
[    0.391814] libphy: Fixed MDIO Bus: probed
[    0.394330] usbcore: registered new interface driver lan78xx
[    0.396839] usbcore: registered new interface driver smsc95xx
[    0.399215] dwc_otg: version 3.00a 10-AUG-2012 (platform bus)
[    0.429394] dwc_otg 3f980000.usb: base=(ptrval)
[    0.631860] Core Release: 2.80a
[    0.634082] Setting default values for core params
[    0.636376] Finished setting default values for core params
[    0.839003] Using Buffer DMA mode
[    0.841307] Periodic Transfer Interrupt Enhancement - disabled
[    0.843705] Multiprocessor Interrupt Enhancement - disabled
[    0.846086] OTG VER PARAM: 0, OTG VER FLAG: 0
[    0.848464] Dedicated Tx FIFOs mode
[    0.851384] WARN::dwc_otg_hcd_init:1074: FIQ DMA bounce buffers: virt = 9ed04000 dma = 0xded04000 len=9024
[    0.855961] FIQ FSM acceleration enabled for :
[    0.855961] Non-periodic Split Transactions
[    0.855961] Periodic Split Transactions
[    0.855961] High-Speed Isochronous Endpoints
[    0.855961] Interrupt/Control Split Transaction hack enabled
[    0.866927] WARN::hcd_init_fiq:457: FIQ on core 1
[    0.869153] WARN::hcd_init_fiq:458: FIQ ASM at 8068fda0 length 36
[    0.871361] WARN::hcd_init_fiq:497: MPHI regs_base at bb810000
[    0.873620] dwc_otg 3f980000.usb: DWC OTG Controller
[    0.875882] dwc_otg 3f980000.usb: new USB bus registered, assigned bus number 1
[    0.878234] dwc_otg 3f980000.usb: irq 56, io mem 0x00000000
[    0.880534] Init: Port Power? op_state=1
[    0.882766] Init: Power Port (0)
[    0.885169] usb usb1: New USB device found, idVendor=1d6b, idProduct=0002, bcdDevice= 4.19
[    0.889681] usb usb1: New USB device strings: Mfr=3, Product=2, SerialNumber=1
[    0.892088] usb usb1: Product: DWC OTG Controller
[    0.894451] usb usb1: Manufacturer: Linux 4.19.118-v7+ dwc_otg_hcd
[    0.896892] usb usb1: SerialNumber: 3f980000.usb
[    0.899849] hub 1-0:1.0: USB hub found
[    0.902125] hub 1-0:1.0: 1 port detected
[    0.905231] usbcore: registered new interface driver usb-storage
[    0.907723] mousedev: PS/2 mouse device common for all mice
[    0.910898] bcm2835-wdt bcm2835-wdt: Broadcom BCM2835 watchdog timer
[    0.913555] bcm2835-cpufreq: min=600000 max=1400000
[    0.916396] sdhci: Secure Digital Host Controller Interface driver
[    0.918838] sdhci: Copyright(c) Pierre Ossman
[    0.921673] sdhost-bcm2835 3f202000.mmc: could not get clk, deferring probe
[    0.924351] sdhci-pltfm: SDHCI platform and OF driver helper
[    0.928471] ledtrig-cpu: registered to indicate activity on CPUs
[    0.931173] hidraw: raw HID events driver (C) Jiri Kosina
[    0.933878] usbcore: registered new interface driver usbhid
[    0.936423] usbhid: USB HID core driver
[    0.939759] vchiq: vchiq_init_state: slot_zero = (ptrval), is_master = 0
[    0.943896] [vc_sm_connected_init]: start
[    0.951913] [vc_sm_connected_init]: end - returning 0
[    0.955436] Initializing XFRM netlink socket
[    0.957861] NET: Registered protocol family 17
[    0.960310] Key type dns_resolver registered
[    0.963291] Registering SWP/SWPB emulation handler
[    0.966291] registered taskstats version 1
[    0.968697] Loading compiled-in X.509 certificates
[    0.977798] uart-pl011 3f201000.serial: cts_event_workaround enabled
[    0.980297] 3f201000.serial: ttyAMA0 at MMIO 0x3f201000 (irq = 81, base_baud = 0) is a PL011 rev2
[    2.001835] console [ttyAMA0] enabled
[    2.010007] sdhost: log_buf @ (ptrval) (ded03000)
[    2.065530] mmc0: sdhost-bcm2835 loaded - DMA enabled (>1)
[    2.074697] of_cfs_init
[    2.079601] of_cfs_init: OK
[    2.085162] Waiting for root device PARTUUID=4c999877-02...
[    2.116907] Indeed it is in host mode hprt0 = 00021501
[    2.213318] random: fast init done
[    2.227732] mmc0: host does not support reading read-only switch, assuming write-enable
[    2.247042] mmc0: new high speed SDHC card at address aaaa
[    2.256090] mmcblk0: mmc0:aaaa SL16G 14.8 GiB
[    2.269234]  mmcblk0: p1 p2
[    2.311326] EXT4-fs (mmcblk0p2): mounted filesystem with ordered data mode. Opts: (null)
[    2.324361] VFS: Mounted root (ext4 filesystem) readonly on device 179:2.
[    2.326838] usb 1-1: new high-speed USB device number 2 using dwc_otg
[    2.343077] Indeed it is in host mode hprt0 = 00001101
[    2.411008] devtmpfs: mounted
[    2.423812] Freeing unused kernel memory: 1024K
[    2.431239] Run /sbin/init as init process
[    2.587123] usb 1-1: New USB device found, idVendor=0424, idProduct=2514, bcdDevice= b.b3
[    2.600532] usb 1-1: New USB device strings: Mfr=0, Product=0, SerialNumber=0
[    2.611146] hub 1-1:1.0: USB hub found
[    2.617824] hub 1-1:1.0: 4 ports detected
[    2.936861] usb 1-1.1: new high-speed USB device number 3 using dwc_otg
[    3.067076] usb 1-1.1: New USB device found, idVendor=0424, idProduct=2514, bcdDevice= b.b3
[    3.081002] usb 1-1.1: New USB device strings: Mfr=0, Product=0, SerialNumber=0
[    3.091846] hub 1-1.1:1.0: USB hub found
[    3.098707] hub 1-1.1:1.0: 3 ports detected
[    3.137122] systemd[1]: System time before build time, advancing clock.
[    3.208754] systemd[1]: systemd 241 running in system mode. (+PAM +AUDIT +SELINUX +IMA +APPARMOR +SMACK +SYSVINIT +UTMP +LIBCRYPTSETUP +GCRYPT +GNUTLS +ACL +XZ +LZ4 +SECCOMP +B
LKID +ELFUTILS +KMOD -IDN2 +IDN -PCRE2 default-hierarchy=hybrid)
[    3.239421] systemd[1]: Detected architecture arm.
[    3.267809] systemd[1]: Set hostname to <raspberrypi>.
[    3.473998] uart-pl011 3f201000.serial: no DMA platform data
[    3.786876] usb 1-1.1.1: new high-speed USB device number 4 using dwc_otg
[    3.927352] usb 1-1.1.1: New USB device found, idVendor=0424, idProduct=7800, bcdDevice= 3.00
[    3.941307] usb 1-1.1.1: New USB device strings: Mfr=0, Product=0, SerialNumber=0
[    4.219255] lan78xx 1-1.1.1:1.0 (unnamed net_device) (uninitialized): No External EEPROM. Setting MAC Speed
[    4.235909] libphy: lan78xx-mdiobus: probed
[    4.260598] random: systemd: uninitialized urandom read (16 bytes read)
[    4.267428] lan78xx 1-1.1.1:1.0 (unnamed net_device) (uninitialized): int urb period 64
[    4.281813] random: systemd: uninitialized urandom read (16 bytes read)
[    4.293828] systemd[1]: Reached target Swap.
[    4.305427] random: systemd: uninitialized urandom read (16 bytes read)
[    4.315615] systemd[1]: Set up automount Arbitrary Executable File Formats File System Automount Point.
[    4.335388] systemd[1]: Listening on udev Control Socket.
[    4.360638] systemd[1]: Condition check resulted in Journal Audit Socket being skipped.
[    4.379525] systemd[1]: Created slice User and Session Slice.
[    4.392685] systemd[1]: Started Dispatch Password Requests to Console Directory Watch.
[    4.410897] systemd[1]: Listening on initctl Compatibility Named Pipe.

Raspbian GNU/Linux 10 raspberrypi ttyAMA0

raspberrypi login: pi
Password:
Last login: Tue Nov 10 11:49:46 CET 2020 on ttyAMA0
Linux raspberrypi 4.19.118-v7+ #1311 SMP Mon Apr 27 14:21:24 BST 2020 armv7l

The programs included with the Debian GNU/Linux system are free software;
the exact distribution terms for each program are described in the
individual files in /usr/share/doc/*/copyright.

Debian GNU/Linux comes with ABSOLUTELY NO WARRANTY, to the extent
permitted by applicable law.

SSH is enabled and the default password for the 'pi' user has not been changed.
This is a security risk - please login as the 'pi' user and type 'passwd' to set a new password.

pi@raspberrypi:~$  systemctl status uvbench.service
�● uvbench.service - Under-volting benchmark
   Loaded: loaded (/etc/systemd/system/uvbench.service; enabled; vendor preset:
   Active: activating (start) since Tue 2020-11-10 11:57:23 CET; 3min 13s ago
 Main PID: 434 (uvbench.sh)
    Tasks: 6 (limit: 1604)
   Memory: 4.1M
   CGroup: /system.slice/uvbench.service
           �├�─ 434 /bin/sh /home/pi/uvbench.sh run -t 60
           �├�─ 463 ./test -i
           �├�─ 465 ./test -i
           �├�─ 467 ./test -i
           �├�─ 469 ./test -i
           �└�─3222 sleep 1

Nov 10 11:57:23 raspberrypi systemd[1]: Starting Under-volting benchmark...
Nov 10 11:57:24 raspberrypi uvbench.sh[434]: run: Tue Nov 10 11:57:24 CET 2020
Nov 10 11:57:24 raspberrypi sudo[452]:       pi : TTY=unknown ; PWD=/home/pi ; U
Nov 10 11:57:24 raspberrypi sudo[452]: pam_unix(sudo:session): session opened fo
Nov 10 11:57:24 raspberrypi uvbench.sh[434]: Setting cpu: 0
Nov 10 11:57:24 raspberrypi uvbench.sh[434]: Setting cpu: 1
Nov 10 11:57:24 raspberrypi uvbench.sh[434]: Setting cpu: 2
Nov 10 11:57:24 raspberrypi uvbench.sh[434]: Setting cpu: 3
Nov 10 11:57:24 raspberrypi sudo[452]: pam_unix(sudo:session): session closed fo
pi@raspberrypi:~$ [  216.717066] Kernel panic - not syncing: stack-protector: Kernel stack is corrupted in: pick_next_task_fair+0x718/0x718
[  216.729356] CPU: 2 PID: 467 Comm: test Not tainted 4.19.118-v7+ #1311
[  216.736624] Hardware name: BCM2835
[  216.740886] [<801120c8>] (unwind_backtrace) from [<8010d5fc>] (show_stack+0x20/0x24)
[  216.750436] [<8010d5fc>] (show_stack) from [<80856da8>] (dump_stack+0xe0/0x124)
[  216.758751] [<80856da8>] (dump_stack) from [<80120ee8>] (panic+0x104/0x288)
[  216.766717] [<80120ee8>] (panic) from [<801209e8>] (print_tainted+0x0/0xa8)
[  216.774693] CPU0: stopping
[  216.778391] CPU: 0 PID: 463 Comm: test Not tainted 4.19.118-v7+ #1311
[  216.785873] Hardware name: BCM2835
[  216.790322] [<801120c8>] (unwind_backtrace) from [<8010d5fc>] (show_stack+0x20/0x24)
[  216.800315] [<8010d5fc>] (show_stack) from [<80856da8>] (dump_stack+0xe0/0x124)
[  216.808853] [<80856da8>] (dump_stack) from [<801104e0>] (handle_IPI+0x388/0x3a8)
[  216.818685] [<801104e0>] (handle_IPI) from [<801021f4>] (bcm2836_arm_irqchip_handle_irq+0xa0/0xa4)
[  216.830248] [<801021f4>] (bcm2836_arm_irqchip_handle_irq) from [<80101d0c>] (__irq_usr+0x4c/0x60)
[  216.841829] Exception stack(0xb7be7fb0 to 0xb7be7ff8)
[  216.848223] 7fa0:                                     3e6b92da 00022090 87c471e0 00022090
[  216.859051] 7fc0: 00000000 00011068 00010638 00000000 00000000 00000000 76fbf000 7ee57cac
[  216.869875] 7fe0: 00000000 7ee57ca8 00000000 00010b70 60000010 ffffffff
[  216.877828] CPU3: stopping
[  216.881848] CPU: 3 PID: 469 Comm: test Not tainted 4.19.118-v7+ #1311
[  216.889637] Hardware name: BCM2835
[  216.894355] [<801120c8>] (unwind_backtrace) from [<8010d5fc>] (show_stack+0x20/0x24)
[  216.904775] [<8010d5fc>] (show_stack) from [<80856da8>] (dump_stack+0xe0/0x124)
[  216.913480] [<80856da8>] (dump_stack) from [<801104e0>] (handle_IPI+0x388/0x3a8)
[  216.923513] [<801104e0>] (handle_IPI) from [<801021f4>] (bcm2836_arm_irqchip_handle_irq+0xa0/0xa4)
[  216.935207] [<801021f4>] (bcm2836_arm_irqchip_handle_irq) from [<80101d0c>] (__irq_usr+0x4c/0x60)
[  216.946810] Exception stack(0xb5e29fb0 to 0xb5e29ff8)
[  216.953202] 9fa0:                                     3e6b92da 00022090 87c471e0 00022090
[  216.964033] 9fc0: 00000000 00011068 00010638 00000000 00000000 00000000 76f09000 7eb26cac
[  216.974891] 9fe0: 00000000 7eb26ca8 00000000 00010b70 60000010 ffffffff
[  216.982882] CPU1: stopping
[  216.986921] CPU: 1 PID: 465 Comm: test Not tainted 4.19.118-v7+ #1311
[  216.994712] Hardware name: BCM2835
[  216.999431] [<801120c8>] (unwind_backtrace) from [<8010d5fc>] (show_stack+0x20/0x24)
[  217.009879] [<8010d5fc>] (show_stack) from [<80856da8>] (dump_stack+0xe0/0x124)
[  217.018591] [<80856da8>] (dump_stack) from [<801104e0>] (handle_IPI+0x388/0x3a8)
[  217.028651] [<801104e0>] (handle_IPI) from [<801021f4>] (bcm2836_arm_irqchip_handle_irq+0xa0/0xa4)
[  217.040339] [<801021f4>] (bcm2836_arm_irqchip_handle_irq) from [<80101d0c>] (__irq_usr+0x4c/0x60)
[  217.051955] Exception stack(0xb8479fb0 to 0xb8479ff8)
[  217.058359] 9fa0:                                     461df6b0 00000000 3e6b92da 00000000
[  217.069199] 9fc0: 00000000 00011068 00010638 00000000 00000000 00000000 76fa8000 7ef60cac
[  217.080070] 9fe0: 00000000 7ef60ca8 00000000 00010b00 60000010 ffffffff
[  217.088066] ---[ end Kernel panic - not syncing: stack-protector: Kernel stack is corrupted in: pick_next_task_fair+0x718/0x718 ]---
