pi@raspberrypi:~$  sudo reboot
[  192.385921] reboot: Restarting system
[    0.000000] Booting Linux on physical CPU 0x0
[    0.000000] Linux version 4.19.118-v7+ (dom@buildbot) (gcc version 4.9.3 (crosstool-NG crosstool-ng-1.22.0-88-g8460611)) #1311 SMP Mon Apr 27 14:21:24 BST 2020
[    0.000000] CPU: ARMv7 Processor [410fd034] revision 4 (ARMv7), cr=10c5383d
[    0.000000] CPU: div instructions available: patching division code
[    0.000000] CPU: PIPT / VIPT nonaliasing data cache, VIPT aliasing instruction cache
[    0.000000] OF: fdt: Machine model: Raspberry Pi 3 Model B Plus Rev 1.3
[    0.000000] Memory policy: Data cache writealloc
[    0.000000] cma: Reserved 256 MiB at 0x1ec00000
[    0.000000] random: get_random_bytes called from start_kernel+0xac/0x4b4 with crng_init=0
[    0.000000] percpu: Embedded 16 pages/cpu s36864 r8192 d20480 u65536
[    0.000000] Built 1 zonelists, mobility grouping on.  Total pages: 240555
[    0.000000] Kernel command line: coherent_pool=1M 8250.nr_uarts=1 snd_bcm2835.enable_compat_alsa=0 snd_bcm2835.enable_hdmi=1 snd_bcm2835.enable_headphones=1 cma=256M video=Comp
osite-1:720x480@60,margin_left=32,margin_right=32,margin_top=32,margin_bottom=32 vc_mem.mem_base=0x3ec00000 vc_mem.mem_size=0x40000000  dwc_otg.lpm_enable=0 console=ttyAMA0,115200
 console=tty1 root=PARTUUID=4c999877-02 rootfstype=ext4 elevator=deadline fsck.repair=yes rootwait
[    0.000000] Dentry cache hash table entries: 131072 (order: 7, 524288 bytes)
[    0.000000] Inode-cache hash table entries: 65536 (order: 6, 262144 bytes)
[    0.000000] Memory: 684616K/970752K available (8192K kernel code, 656K rwdata, 2232K rodata, 1024K init, 831K bss, 23992K reserved, 262144K cma-reserved)
[    0.000000] Virtual kernel memory layout:
[    0.000000]     vector  : 0xffff0000 - 0xffff1000   (   4 kB)
[    0.000000]     fixmap  : 0xffc00000 - 0xfff00000   (3072 kB)
[    0.000000]     vmalloc : 0xbb800000 - 0xff800000   (1088 MB)
[    0.000000]     lowmem  : 0x80000000 - 0xbb400000   ( 948 MB)
[    0.000000]     modules : 0x7f000000 - 0x80000000   (  16 MB)
[    0.000000]       .text : 0x(ptrval) - 0x(ptrval)   (9184 kB)
[    0.000000]       .init : 0x(ptrval) - 0x(ptrval)   (1024 kB)
[    0.000000]       .data : 0x(ptrval) - 0x(ptrval)   ( 657 kB)
[    0.000000]        .bss : 0x(ptrval) - 0x(ptrval)   ( 832 kB)
[    0.000000] SLUB: HWalign=64, Order=0-3, MinObjects=0, CPUs=4, Nodes=1
[    0.000000] ftrace: allocating 27093 entries in 80 pages
[    0.000000] rcu: Hierarchical RCU implementation.
[    0.000000] NR_IRQS: 16, nr_irqs: 16, preallocated irqs: 16
[    0.000000] arch_timer: cp15 timer(s) running at 19.20MHz (phys).
[    0.000000] clocksource: arch_sys_counter: mask: 0xffffffffffffff max_cycles: 0x46d987e47, max_idle_ns: 440795202767 ns
[    0.000007] sched_clock: 56 bits at 19MHz, resolution 52ns, wraps every 4398046511078ns
[    0.000025] Switching to timer-based delay loop, resolution 52ns
[    0.000279] Console: colour dummy device 80x30
[    0.000921] console [tty1] enabled
[    0.000982] Calibrating delay loop (skipped), value calculated using timer frequency.. 38.40 BogoMIPS (lpj=192000)
[    0.001025] pid_max: default: 32768 minimum: 301
[    0.001384] Mount-cache hash table entries: 2048 (order: 1, 8192 bytes)
[    0.001422] Mountpoint-cache hash table entries: 2048 (order: 1, 8192 bytes)
[    0.002381] CPU: Testing write buffer coherency: ok
[    0.002870] CPU0: thread -1, cpu 0, socket 0, mpidr 80000000
[    0.003557] Setting up static identity map for 0x100000 - 0x10003c
[    0.003725] rcu: Hierarchical SRCU implementation.
[    0.004562] smp: Bringing up secondary CPUs ...
[    0.005475] CPU1: thread -1, cpu 1, socket 0, mpidr 80000001
[    0.006454] CPU2: thread -1, cpu 2, socket 0, mpidr 80000002
[    0.007383] CPU3: thread -1, cpu 3, socket 0, mpidr 80000003
[    0.007498] smp: Brought up 1 node, 4 CPUs
[    0.007579] SMP: Total of 4 processors activated (153.60 BogoMIPS).
[    0.007602] CPU: All CPU(s) started in HYP mode.
[    0.007623] CPU: Virtualization extensions available.
[    0.008613] devtmpfs: initialized
[    0.022202] VFP support v0.3: implementor 41 architecture 3 part 40 variant 3 rev 4
[    0.022472] clocksource: jiffies: mask: 0xffffffff max_cycles: 0xffffffff, max_idle_ns: 19112604462750000 ns
[    0.022521] futex hash table entries: 1024 (order: 4, 65536 bytes)
[    0.033387] pinctrl core: initialized pinctrl subsystem
[    0.034394] NET: Registered protocol family 16
[    0.037775] DMA: preallocated 1024 KiB pool for atomic coherent allocations
[    0.043732] hw-breakpoint: found 5 (+1 reserved) breakpoint and 4 watchpoint registers.
[    0.043767] hw-breakpoint: maximum watchpoint size is 8 bytes.
[    0.043995] Serial: AMBA PL011 UART driver
[    0.046466] bcm2835-mbox 3f00b880.mailbox: mailbox enabled
[    0.060092] raspberrypi-firmware soc:firmware: Attached to firmware from 2020-04-15 11:43, variant start
[    0.070105] raspberrypi-firmware soc:firmware: Firmware hash is 82f9bb929ce2186eb1824178c1ae82902ad6275c
[    0.112944] bcm2835-dma 3f007000.dma: DMA legacy API manager at (ptrval), dmachans=0x1
[    0.114611] SCSI subsystem initialized
[    0.114857] usbcore: registered new interface driver usbfs
[    0.114931] usbcore: registered new interface driver hub
[    0.115045] usbcore: registered new device driver usb
[    0.116828] clocksource: Switched to clocksource arch_sys_counter
[    0.207605] VFS: Disk quotas dquot_6.6.0
[    0.207716] VFS: Dquot-cache hash table entries: 1024 (order 0, 4096 bytes)
[    0.207919] FS-Cache: Loaded
[    0.208144] CacheFiles: Loaded
[    0.208641] simple-framebuffer 3eaf0000.framebuffer: framebuffer at 0x3eaf0000, 0x10a800 bytes, mapped to 0x(ptrval)
[    0.208685] simple-framebuffer 3eaf0000.framebuffer: format=a8r8g8b8, mode=656x416x32, linelength=2624
[    0.213653] Console: switching to colour frame buffer device 82x26
[    0.220587] simple-framebuffer 3eaf0000.framebuffer: fb0: simplefb registered!
[    0.233181] NET: Registered protocol family 2
[    0.236801] tcp_listen_portaddr_hash hash table entries: 512 (order: 0, 6144 bytes)
[    0.242306] TCP established hash table entries: 8192 (order: 3, 32768 bytes)
[    0.245208] TCP bind hash table entries: 8192 (order: 4, 65536 bytes)
[    0.248158] TCP: Hash tables configured (established 8192 bind 8192)
[    0.251084] UDP hash table entries: 512 (order: 2, 16384 bytes)
[    0.253920] UDP-Lite hash table entries: 512 (order: 2, 16384 bytes)
[    0.257087] NET: Registered protocol family 1
[    0.260590] RPC: Registered named UNIX socket transport module.
[    0.263533] RPC: Registered udp transport module.
[    0.266397] RPC: Registered tcp transport module.
[    0.269191] RPC: Registered tcp NFSv4.1 backchannel transport module.
[    0.273825] hw perfevents: enabled with armv7_cortex_a7 PMU driver, 7 counters available
[    0.282576] Initialise system trusted keyrings
[    0.285547] workingset: timestamp_bits=14 max_order=18 bucket_order=4
[    0.298272] FS-Cache: Netfs 'nfs' registered for caching
[    0.301573] NFS: Registering the id_resolver key type
[    0.304274] Key type id_resolver registered
[    0.306899] Key type id_legacy registered
[    0.309407] nfs4filelayout_init: NFSv4 File Layout Driver Registering...
[    0.317462] Key type asymmetric registered
[    0.319953] Asymmetric key parser 'x509' registered
[    0.322416] Block layer SCSI generic (bsg) driver version 0.4 loaded (major 250)
[    0.327506] io scheduler noop registered
[    0.329904] io scheduler deadline registered (default)
[    0.332481] io scheduler cfq registered
[    0.334773] io scheduler mq-deadline registered (default)
[    0.337116] io scheduler kyber registered
[    0.342550] Serial: 8250/16550 driver, 1 ports, IRQ sharing enabled
[    0.346431] bcm2835-rng 3f104000.rng: hwrng registered
[    0.349211] vc-mem: phys_addr:0x00000000 mem_base=0x3ec00000 mem_size:0x40000000(1024 MiB)
[    0.354565] vc-sm: Videocore shared memory driver
[    0.357367] gpiomem-bcm2835 3f200000.gpiomem: Initialised: Registers at 0x3f200000
[    0.373010] brd: module loaded
[    0.385620] loop: module loaded
[    0.388703] Loading iSCSI transport class v2.0-870.
[    0.391852] libphy: Fixed MDIO Bus: probed
[    0.394366] usbcore: registered new interface driver lan78xx
[    0.396871] usbcore: registered new interface driver smsc95xx
[    0.399245] dwc_otg: version 3.00a 10-AUG-2012 (platform bus)
[    0.429417] dwc_otg 3f980000.usb: base=(ptrval)
[    0.631883] Core Release: 2.80a
[    0.634099] Setting default values for core params
[    0.636389] Finished setting default values for core params
[    0.839008] Using Buffer DMA mode
[    0.841306] Periodic Transfer Interrupt Enhancement - disabled
[    0.843700] Multiprocessor Interrupt Enhancement - disabled
[    0.846074] OTG VER PARAM: 0, OTG VER FLAG: 0
[    0.848448] Dedicated Tx FIFOs mode
[    0.851363] WARN::dwc_otg_hcd_init:1074: FIQ DMA bounce buffers: virt = 9ed04000 dma = 0xded04000 len=9024
[    0.855934] FIQ FSM acceleration enabled for :
[    0.855934] Non-periodic Split Transactions
[    0.855934] Periodic Split Transactions
[    0.855934] High-Speed Isochronous Endpoints
[    0.855934] Interrupt/Control Split Transaction hack enabled
[    0.866895] WARN::hcd_init_fiq:457: FIQ on core 1
[    0.869124] WARN::hcd_init_fiq:458: FIQ ASM at 8068fda0 length 36
[    0.871335] WARN::hcd_init_fiq:497: MPHI regs_base at bb810000
[    0.873591] dwc_otg 3f980000.usb: DWC OTG Controller
[    0.875853] dwc_otg 3f980000.usb: new USB bus registered, assigned bus number 1
[    0.878207] dwc_otg 3f980000.usb: irq 56, io mem 0x00000000
[    0.880512] Init: Port Power? op_state=1
[    0.882751] Init: Power Port (0)
[    0.885160] usb usb1: New USB device found, idVendor=1d6b, idProduct=0002, bcdDevice= 4.19
[    0.889689] usb usb1: New USB device strings: Mfr=3, Product=2, SerialNumber=1
[    0.892105] usb usb1: Product: DWC OTG Controller
[    0.894476] usb usb1: Manufacturer: Linux 4.19.118-v7+ dwc_otg_hcd
[    0.896926] usb usb1: SerialNumber: 3f980000.usb
[    0.899895] hub 1-0:1.0: USB hub found
[    0.902175] hub 1-0:1.0: 1 port detected
[    0.905286] usbcore: registered new interface driver usb-storage
[    0.907780] mousedev: PS/2 mouse device common for all mice
[    0.910959] bcm2835-wdt bcm2835-wdt: Broadcom BCM2835 watchdog timer
[    0.913622] bcm2835-cpufreq: min=600000 max=1400000
[    0.916467] sdhci: Secure Digital Host Controller Interface driver
[    0.918911] sdhci: Copyright(c) Pierre Ossman
[    0.921749] sdhost-bcm2835 3f202000.mmc: could not get clk, deferring probe
[    0.924424] sdhci-pltfm: SDHCI platform and OF driver helper
[    0.928544] ledtrig-cpu: registered to indicate activity on CPUs
[    0.931253] hidraw: raw HID events driver (C) Jiri Kosina
[    0.933965] usbcore: registered new interface driver usbhid
[    0.936508] usbhid: USB HID core driver
[    0.939825] vchiq: vchiq_init_state: slot_zero = (ptrval), is_master = 0
[    0.943959] [vc_sm_connected_init]: start
[    0.952076] [vc_sm_connected_init]: end - returning 0
[    0.955603] Initializing XFRM netlink socket
[    0.958023] NET: Registered protocol family 17
[    0.960468] Key type dns_resolver registered
[    0.963448] Registering SWP/SWPB emulation handler
[    0.966444] registered taskstats version 1
[    0.968846] Loading compiled-in X.509 certificates
[    0.977926] uart-pl011 3f201000.serial: cts_event_workaround enabled
[    0.980431] 3f201000.serial: ttyAMA0 at MMIO 0x3f201000 (irq = 81, base_baud = 0) is a PL011 rev2
[    2.001972] console [ttyAMA0] enabled
[    2.010116] sdhost: log_buf @ (ptrval) (ded03000)
[    2.065618] mmc0: sdhost-bcm2835 loaded - DMA enabled (>1)
[    2.074760] of_cfs_init
[    2.079663] of_cfs_init: OK
[    2.085219] Waiting for root device PARTUUID=4c999877-02...
[    2.116949] Indeed it is in host mode hprt0 = 00021501
[    2.213354] random: fast init done
[    2.227643] mmc0: host does not support reading read-only switch, assuming write-enable
[    2.246859] mmc0: new high speed SDHC card at address aaaa
[    2.255917] mmcblk0: mmc0:aaaa SL16G 14.8 GiB
[    2.268967]  mmcblk0: p1 p2
[    2.311223] EXT4-fs (mmcblk0p2): mounted filesystem with ordered data mode. Opts: (null)
[    2.324244] VFS: Mounted root (ext4 filesystem) readonly on device 179:2.
[    2.326889] usb 1-1: new high-speed USB device number 2 using dwc_otg
[    2.342933] Indeed it is in host mode hprt0 = 00001101
[    2.410869] devtmpfs: mounted
[    2.423660] Freeing unused kernel memory: 1024K
[    2.431079] Run /sbin/init as init process
[    2.587165] usb 1-1: New USB device found, idVendor=0424, idProduct=2514, bcdDevice= b.b3
[    2.600554] usb 1-1: New USB device strings: Mfr=0, Product=0, SerialNumber=0
[    2.611133] hub 1-1:1.0: USB hub found
[    2.617772] hub 1-1:1.0: 4 ports detected
[    2.936899] usb 1-1.1: new high-speed USB device number 3 using dwc_otg
[    3.077131] usb 1-1.1: New USB device found, idVendor=0424, idProduct=2514, bcdDevice= b.b3
[    3.091058] usb 1-1.1: New USB device strings: Mfr=0, Product=0, SerialNumber=0
[    3.101980] hub 1-1.1:1.0: USB hub found
[    3.108820] hub 1-1.1:1.0: 3 ports detected
[    3.134117] systemd[1]: System time before build time, advancing clock.
[    3.202673] systemd[1]: systemd 241 running in system mode. (+PAM +AUDIT +SELINUX +IMA +APPARMOR +SMACK +SYSVINIT +UTMP +LIBCRYPTSETUP +GCRYPT +GNUTLS +ACL +XZ +LZ4 +SECCOMP +B
LKID +ELFUTILS +KMOD -IDN2 +IDN -PCRE2 default-hierarchy=hybrid)
[    3.233343] systemd[1]: Detected architecture arm.
[    3.261523] systemd[1]: Set hostname to <raspberrypi>.
[    3.415090] uart-pl011 3f201000.serial: no DMA platform data
[    3.766881] usb 1-1.1.1: new high-speed USB device number 4 using dwc_otg
[    3.897281] usb 1-1.1.1: New USB device found, idVendor=0424, idProduct=7800, bcdDevice= 3.00
[    3.911238] usb 1-1.1.1: New USB device strings: Mfr=0, Product=0, SerialNumber=0
[    4.188874] lan78xx 1-1.1.1:1.0 (unnamed net_device) (uninitialized): No External EEPROM. Setting MAC Speed
[    4.205539] libphy: lan78xx-mdiobus: probed
[    4.237219] lan78xx 1-1.1.1:1.0 (unnamed net_device) (uninitialized): int urb period 64
[    4.242935] random: systemd: uninitialized urandom read (16 bytes read)
[    4.271884] random: systemd: uninitialized urandom read (16 bytes read)
[    4.282207] systemd[1]: Listening on udev Control Socket.
[    4.307568] systemd[1]: Condition check resulted in Journal Audit Socket being skipped.
[    4.321780] random: systemd: uninitialized urandom read (16 bytes read)
[    4.332067] systemd[1]: Set up automount Arbitrary Executable File Formats File System Automount Point.
[    4.351377] systemd[1]: Reached target Swap.
[    4.368017] systemd[1]: Created slice system-systemd\x2dfsck.slice.
[    4.381476] systemd[1]: Started Dispatch Password Requests to Console Directory Watch.
[    4.399790] systemd[1]: Listening on Syslog Socket.

Raspbian GNU/Linux 10 raspberrypi ttyAMA0

raspberrypi login: pi
Password:
Last login: Tue Nov 10 11:29:50 CET 2020 on ttyAMA0
Linux raspberrypi 4.19.118-v7+ #1311 SMP Mon Apr 27 14:21:24 BST 2020 armv7l

The programs included with the Debian GNU/Linux system are free software;
the exact distribution terms for each program are described in the
individual files in /usr/share/doc/*/copyright.

Debian GNU/Linux comes with ABSOLUTELY NO WARRANTY, to the extent
permitted by applicable law.

SSH is enabled and the default password for the 'pi' user has not been changed.
This is a security risk - please login as the 'pi' user and type 'passwd' to set a new password.

pi@raspberrypi:~$  systemctl status uvbench.service
�● uvbench.service - Under-volting benchmark
   Loaded: loaded (/etc/systemd/system/uvbench.service; enabled; vendor preset:
   Active: activating (start) since Tue 2020-11-10 11:37:18 CET; 2min 0s ago
 Main PID: 436 (uvbench.sh)
    Tasks: 6 (limit: 1604)
   Memory: 4.0M
   CGroup: /system.slice/uvbench.service
           �├�─ 436 /bin/sh /home/pi/uvbench.sh run -t 60
           �├�─ 465 ./test -i
           �├�─ 467 ./test -i
           �├�─ 469 ./test -i
           �├�─ 471 ./test -i
           �└�─2120 sleep 1

Nov 10 11:37:18 raspberrypi systemd[1]: Starting Under-volting benchmark...
Nov 10 11:37:18 raspberrypi uvbench.sh[436]: run: Tue Nov 10 11:37:18 CET 2020
Nov 10 11:37:18 raspberrypi sudo[454]:       pi : TTY=unknown ; PWD=/home/pi ; U
Nov 10 11:37:18 raspberrypi sudo[454]: pam_unix(sudo:session): session opened fo
Nov 10 11:37:18 raspberrypi uvbench.sh[436]: Setting cpu: 0
Nov 10 11:37:18 raspberrypi uvbench.sh[436]: Setting cpu: 1
Nov 10 11:37:18 raspberrypi uvbench.sh[436]: Setting cpu: 2
Nov 10 11:37:18 raspberrypi uvbench.sh[436]: Setting cpu: 3
Nov 10 11:37:18 raspberrypi sudo[454]: pam_unix(sudo:session): session closed fo
pi@raspberrypi:~$ [  157.540157] Kernel panic - not syncing: stack-protector: Kernel stack is corrupted in: get_page_from_freelist+0x1364/0x1364
[  157.552975] CPU: 1 PID: 2561 Comm: sed Not tainted 4.19.118-v7+ #1311
[  157.560324] Hardware name: BCM2835
[  157.564604] [<801120c8>] (unwind_backtrace) from [<8010d5fc>] (show_stack+0x20/0x24)
[  157.574139] [<8010d5fc>] (show_stack) from [<80856da8>] (dump_stack+0xe0/0x124)
[  157.582442] [<80856da8>] (dump_stack) from [<80120ee8>] (panic+0x104/0x288)
[  157.590398] [<80120ee8>] (panic) from [<801209e8>] (print_tainted+0x0/0xa8)
[  157.598371] CPU0: stopping
[  157.602057] CPU: 0 PID: 465 Comm: test Not tainted 4.19.118-v7+ #1311
[  157.609537] Hardware name: BCM2835
[  157.613986] [<801120c8>] (unwind_backtrace) from [<8010d5fc>] (show_stack+0x20/0x24)
[  157.623967] [<8010d5fc>] (show_stack) from [<80856da8>] (dump_stack+0xe0/0x124)
[  157.632506] [<80856da8>] (dump_stack) from [<801104e0>] (handle_IPI+0x388/0x3a8)
[  157.642339] [<801104e0>] (handle_IPI) from [<801021f4>] (bcm2836_arm_irqchip_handle_irq+0xa0/0xa4)
[  157.653901] [<801021f4>] (bcm2836_arm_irqchip_handle_irq) from [<80101d0c>] (__irq_usr+0x4c/0x60)
[  157.665494] Exception stack(0xb5881fb0 to 0xb5881ff8)
[  157.671885] 1fa0:                                     6afea117 11536555 6afea117 11536555
[  157.682713] 1fc0: 00000000 00011068 00010638 00000000 00000000 00000000 76f0e000 7ec3ccac
[  157.693541] 1fe0: 00000000 7ec3cca8 00000000 00010b3c 60000010 ffffffff
[  157.701493] CPU3: stopping
[  157.705517] CPU: 3 PID: 2394 Comm: test Not tainted 4.19.118-v7+ #1311
[  157.713396] Hardware name: BCM2835
[  157.718110] [<801120c8>] (unwind_backtrace) from [<8010d5fc>] (show_stack+0x20/0x24)
[  157.728545] [<8010d5fc>] (show_stack) from [<80856da8>] (dump_stack+0xe0/0x124)
[  157.737247] [<80856da8>] (dump_stack) from [<801104e0>] (handle_IPI+0x388/0x3a8)
[  157.747299] [<801104e0>] (handle_IPI) from [<801021f4>] (bcm2836_arm_irqchip_handle_irq+0xa0/0xa4)
[  157.758981] [<801021f4>] (bcm2836_arm_irqchip_handle_irq) from [<80101d0c>] (__irq_usr+0x4c/0x60)
[  157.770586] Exception stack(0xb4d41fb0 to 0xb4d41ff8)
[  157.776985] 1fa0:                                     23e5d6a0 00000000 706f22e0 00022090
[  157.787812] 1fc0: 00000000 00011068 00010638 00000000 00000000 00000000 76f0c000 7ef73cac
[  157.798678] 1fe0: 00000000 7ef73ca8 00000000 00010b48 60000010 ffffffff
[  157.806664] CPU2: stopping
[  157.810699] CPU: 2 PID: 471 Comm: test Not tainted 4.19.118-v7+ #1311
[  157.818488] Hardware name: BCM2835
[  157.823208] [<801120c8>] (unwind_backtrace) from [<8010d5fc>] (show_stack+0x20/0x24)
[  157.833639] [<8010d5fc>] (show_stack) from [<80856da8>] (dump_stack+0xe0/0x124)
[  157.842344] [<80856da8>] (dump_stack) from [<801104e0>] (handle_IPI+0x388/0x3a8)
[  157.852389] [<801104e0>] (handle_IPI) from [<801021f4>] (bcm2836_arm_irqchip_handle_irq+0xa0/0xa4)
[  157.864081] [<801021f4>] (bcm2836_arm_irqchip_handle_irq) from [<80101d0c>] (__irq_usr+0x4c/0x60)
[  157.875675] Exception stack(0xb582dfb0 to 0xb582dff8)
[  157.882075] dfa0:                                     60330d87 00000000 6afea117 00022090
[  157.892898] dfc0: 00000000 00011068 00010638 00000000 00000000 00000000 76f6a000 7ee7ccac
[  157.903759] dfe0: 00000000 7ee7cca8 00000000 00010b48 60000010 ffffffff
[  157.911755] ---[ end Kernel panic - not syncing: stack-protector: Kernel stack is corrupted in: get_page_from_freelist+0x1364/0x1364 ]---
