pi@raspberrypi:~$  sudo reboot
[  250.056270] reboot: Restarting system
[    0.000000] Booting Linux on physical CPU 0x0
[    0.000000] Linux version 4.19.118-v7+ (dom@buildbot) (gcc version 4.9.3 (crosstool-NG crosstool-ng-1.22.0-88-g8460611)) #1311 SMP Mon Apr 27 14:21:24 BST 2020
[    0.000000] CPU: ARMv7 Processor [410fd034] revision 4 (ARMv7), cr=10c5383d
[    0.000000] CPU: div instructions available: patching division code
[    0.000000] CPU: PIPT / VIPT nonaliasing data cache, VIPT aliasing instruction cache
[    0.000000] OF: fdt: Machine model: Raspberry Pi 3 Model B Plus Rev 1.3
[    0.000000] Memory policy: Data cache writealloc
[    0.000000] cma: Reserved 256 MiB at 0x1ec00000
[    0.000000] random: get_random_bytes called from start_kernel+0xac/0x4b4 with crng_init=0
[    0.000000] percpu: Embedded 16 pages/cpu s36864 r8192 d20480 u65536
[    0.000000] Built 1 zonelists, mobility grouping on.  Total pages: 240555
[    0.000000] Kernel command line: coherent_pool=1M 8250.nr_uarts=1 snd_bcm2835.enable_compat_alsa=0 snd_bcm2835.enable_hdmi=1 snd_bcm2835.enable_headphones=1 cma=256M video=Comp
osite-1:720x480@60,margin_left=32,margin_right=32,margin_top=32,margin_bottom=32 vc_mem.mem_base=0x3ec00000 vc_mem.mem_size=0x40000000  dwc_otg.lpm_enable=0 console=ttyAMA0,115200
 console=tty1 root=PARTUUID=4c999877-02 rootfstype=ext4 elevator=deadline fsck.repair=yes rootwait
[    0.000000] Dentry cache hash table entries: 131072 (order: 7, 524288 bytes)
[    0.000000] Inode-cache hash table entries: 65536 (order: 6, 262144 bytes)
[    0.000000] Memory: 684616K/970752K available (8192K kernel code, 656K rwdata, 2232K rodata, 1024K init, 831K bss, 23992K reserved, 262144K cma-reserved)
[    0.000000] Virtual kernel memory layout:
[    0.000000]     vector  : 0xffff0000 - 0xffff1000   (   4 kB)
[    0.000000]     fixmap  : 0xffc00000 - 0xfff00000   (3072 kB)
[    0.000000]     vmalloc : 0xbb800000 - 0xff800000   (1088 MB)
[    0.000000]     lowmem  : 0x80000000 - 0xbb400000   ( 948 MB)
[    0.000000]     modules : 0x7f000000 - 0x80000000   (  16 MB)
[    0.000000]       .text : 0x(ptrval) - 0x(ptrval)   (9184 kB)
[    0.000000]       .init : 0x(ptrval) - 0x(ptrval)   (1024 kB)
[    0.000000]       .data : 0x(ptrval) - 0x(ptrval)   ( 657 kB)
[    0.000000]        .bss : 0x(ptrval) - 0x(ptrval)   ( 832 kB)
[    0.000000] SLUB: HWalign=64, Order=0-3, MinObjects=0, CPUs=4, Nodes=1
[    0.000000] ftrace: allocating 27093 entries in 80 pages
[    0.000000] rcu: Hierarchical RCU implementation.
[    0.000000] NR_IRQS: 16, nr_irqs: 16, preallocated irqs: 16
[    0.000000] arch_timer: cp15 timer(s) running at 19.20MHz (phys).
[    0.000000] clocksource: arch_sys_counter: mask: 0xffffffffffffff max_cycles: 0x46d987e47, max_idle_ns: 440795202767 ns
[    0.000007] sched_clock: 56 bits at 19MHz, resolution 52ns, wraps every 4398046511078ns
[    0.000022] Switching to timer-based delay loop, resolution 52ns
[    0.000277] Console: colour dummy device 80x30
[    0.000921] console [tty1] enabled
[    0.000981] Calibrating delay loop (skipped), value calculated using timer frequency.. 38.40 BogoMIPS (lpj=192000)
[    0.001024] pid_max: default: 32768 minimum: 301
[    0.001389] Mount-cache hash table entries: 2048 (order: 1, 8192 bytes)
[    0.001425] Mountpoint-cache hash table entries: 2048 (order: 1, 8192 bytes)
[    0.002381] CPU: Testing write buffer coherency: ok
[    0.002871] CPU0: thread -1, cpu 0, socket 0, mpidr 80000000
[    0.003559] Setting up static identity map for 0x100000 - 0x10003c
[    0.003728] rcu: Hierarchical SRCU implementation.
[    0.004563] smp: Bringing up secondary CPUs ...
[    0.005490] CPU1: thread -1, cpu 1, socket 0, mpidr 80000001
[    0.006473] CPU2: thread -1, cpu 2, socket 0, mpidr 80000002
[    0.007410] CPU3: thread -1, cpu 3, socket 0, mpidr 80000003
[    0.007542] smp: Brought up 1 node, 4 CPUs
[    0.007624] SMP: Total of 4 processors activated (153.60 BogoMIPS).
[    0.007648] CPU: All CPU(s) started in HYP mode.
[    0.007669] CPU: Virtualization extensions available.
[    0.008661] devtmpfs: initialized
[    0.022229] VFP support v0.3: implementor 41 architecture 3 part 40 variant 3 rev 4
[    0.022504] clocksource: jiffies: mask: 0xffffffff max_cycles: 0xffffffff, max_idle_ns: 19112604462750000 ns
[    0.022553] futex hash table entries: 1024 (order: 4, 65536 bytes)
[    0.033396] pinctrl core: initialized pinctrl subsystem
[    0.034407] NET: Registered protocol family 16
[    0.037803] DMA: preallocated 1024 KiB pool for atomic coherent allocations
[    0.043762] hw-breakpoint: found 5 (+1 reserved) breakpoint and 4 watchpoint registers.
[    0.043798] hw-breakpoint: maximum watchpoint size is 8 bytes.
[    0.044017] Serial: AMBA PL011 UART driver
[    0.046486] bcm2835-mbox 3f00b880.mailbox: mailbox enabled
[    0.060084] raspberrypi-firmware soc:firmware: Attached to firmware from 2020-04-15 11:43, variant start
[    0.070097] raspberrypi-firmware soc:firmware: Firmware hash is 82f9bb929ce2186eb1824178c1ae82902ad6275c
[    0.112910] bcm2835-dma 3f007000.dma: DMA legacy API manager at (ptrval), dmachans=0x1
[    0.114574] SCSI subsystem initialized
[    0.114819] usbcore: registered new interface driver usbfs
[    0.114894] usbcore: registered new interface driver hub
[    0.115007] usbcore: registered new device driver usb
[    0.116789] clocksource: Switched to clocksource arch_sys_counter
[    0.207586] VFS: Disk quotas dquot_6.6.0
[    0.207698] VFS: Dquot-cache hash table entries: 1024 (order 0, 4096 bytes)
[    0.207902] FS-Cache: Loaded
[    0.208127] CacheFiles: Loaded
[    0.208629] simple-framebuffer 3eaf0000.framebuffer: framebuffer at 0x3eaf0000, 0x10a800 bytes, mapped to 0x(ptrval)
[    0.208673] simple-framebuffer 3eaf0000.framebuffer: format=a8r8g8b8, mode=656x416x32, linelength=2624
[    0.213638] Console: switching to colour frame buffer device 82x26
[    0.220572] simple-framebuffer 3eaf0000.framebuffer: fb0: simplefb registered!
[    0.233168] NET: Registered protocol family 2
[    0.236837] tcp_listen_portaddr_hash hash table entries: 512 (order: 0, 6144 bytes)
[    0.242288] TCP established hash table entries: 8192 (order: 3, 32768 bytes)
[    0.245185] TCP bind hash table entries: 8192 (order: 4, 65536 bytes)
[    0.248138] TCP: Hash tables configured (established 8192 bind 8192)
[    0.251066] UDP hash table entries: 512 (order: 2, 16384 bytes)
[    0.253905] UDP-Lite hash table entries: 512 (order: 2, 16384 bytes)
[    0.257079] NET: Registered protocol family 1
[    0.260580] RPC: Registered named UNIX socket transport module.
[    0.263527] RPC: Registered udp transport module.
[    0.266397] RPC: Registered tcp transport module.
[    0.269194] RPC: Registered tcp NFSv4.1 backchannel transport module.
[    0.273840] hw perfevents: enabled with armv7_cortex_a7 PMU driver, 7 counters available
[    0.282585] Initialise system trusted keyrings
[    0.285559] workingset: timestamp_bits=14 max_order=18 bucket_order=4
[    0.298300] FS-Cache: Netfs 'nfs' registered for caching
[    0.301597] NFS: Registering the id_resolver key type
[    0.304312] Key type id_resolver registered
[    0.306941] Key type id_legacy registered
[    0.309450] nfs4filelayout_init: NFSv4 File Layout Driver Registering...
[    0.317517] Key type asymmetric registered
[    0.320010] Asymmetric key parser 'x509' registered
[    0.322481] Block layer SCSI generic (bsg) driver version 0.4 loaded (major 250)
[    0.327570] io scheduler noop registered
[    0.329968] io scheduler deadline registered (default)
[    0.332541] io scheduler cfq registered
[    0.334838] io scheduler mq-deadline registered (default)
[    0.337180] io scheduler kyber registered
[    0.342623] Serial: 8250/16550 driver, 1 ports, IRQ sharing enabled
[    0.346499] bcm2835-rng 3f104000.rng: hwrng registered
[    0.349278] vc-mem: phys_addr:0x00000000 mem_base=0x3ec00000 mem_size:0x40000000(1024 MiB)
[    0.354636] vc-sm: Videocore shared memory driver
[    0.357444] gpiomem-bcm2835 3f200000.gpiomem: Initialised: Registers at 0x3f200000
[    0.373109] brd: module loaded
[    0.385742] loop: module loaded
[    0.388830] Loading iSCSI transport class v2.0-870.
[    0.391989] libphy: Fixed MDIO Bus: probed
[    0.394506] usbcore: registered new interface driver lan78xx
[    0.397017] usbcore: registered new interface driver smsc95xx
[    0.399391] dwc_otg: version 3.00a 10-AUG-2012 (platform bus)
[    0.429570] dwc_otg 3f980000.usb: base=(ptrval)
[    0.632042] Core Release: 2.80a
[    0.634265] Setting default values for core params
[    0.636563] Finished setting default values for core params
[    0.839191] Using Buffer DMA mode
[    0.841495] Periodic Transfer Interrupt Enhancement - disabled
[    0.843891] Multiprocessor Interrupt Enhancement - disabled
[    0.846272] OTG VER PARAM: 0, OTG VER FLAG: 0
[    0.848650] Dedicated Tx FIFOs mode
[    0.851573] WARN::dwc_otg_hcd_init:1074: FIQ DMA bounce buffers: virt = 9ed04000 dma = 0xded04000 len=9024
[    0.856155] FIQ FSM acceleration enabled for :
[    0.856155] Non-periodic Split Transactions
[    0.856155] Periodic Split Transactions
[    0.856155] High-Speed Isochronous Endpoints
[    0.856155] Interrupt/Control Split Transaction hack enabled
[    0.867132] WARN::hcd_init_fiq:457: FIQ on core 1
[    0.869362] WARN::hcd_init_fiq:458: FIQ ASM at 8068fda0 length 36
[    0.871572] WARN::hcd_init_fiq:497: MPHI regs_base at bb810000
[    0.873830] dwc_otg 3f980000.usb: DWC OTG Controller
[    0.876088] dwc_otg 3f980000.usb: new USB bus registered, assigned bus number 1
[    0.878438] dwc_otg 3f980000.usb: irq 56, io mem 0x00000000
[    0.880736] Init: Port Power? op_state=1
[    0.882967] Init: Power Port (0)
[    0.885363] usb usb1: New USB device found, idVendor=1d6b, idProduct=0002, bcdDevice= 4.19
[    0.889872] usb usb1: New USB device strings: Mfr=3, Product=2, SerialNumber=1
[    0.892278] usb usb1: Product: DWC OTG Controller
[    0.894637] usb usb1: Manufacturer: Linux 4.19.118-v7+ dwc_otg_hcd
[    0.897077] usb usb1: SerialNumber: 3f980000.usb
[    0.900034] hub 1-0:1.0: USB hub found
[    0.902307] hub 1-0:1.0: 1 port detected
[    0.905408] usbcore: registered new interface driver usb-storage
[    0.907899] mousedev: PS/2 mouse device common for all mice
[    0.911056] bcm2835-wdt bcm2835-wdt: Broadcom BCM2835 watchdog timer
[    0.913707] bcm2835-cpufreq: min=600000 max=1400000
[    0.916544] sdhci: Secure Digital Host Controller Interface driver
[    0.918981] sdhci: Copyright(c) Pierre Ossman
[    0.921818] sdhost-bcm2835 3f202000.mmc: could not get clk, deferring probe
[    0.924492] sdhci-pltfm: SDHCI platform and OF driver helper
[    0.928608] ledtrig-cpu: registered to indicate activity on CPUs
[    0.931313] hidraw: raw HID events driver (C) Jiri Kosina
[    0.934023] usbcore: registered new interface driver usbhid
[    0.936567] usbhid: USB HID core driver
[    0.939895] vchiq: vchiq_init_state: slot_zero = (ptrval), is_master = 0
[    0.944026] [vc_sm_connected_init]: start
[    0.952076] [vc_sm_connected_init]: end - returning 0
[    0.955600] Initializing XFRM netlink socket
[    0.958016] NET: Registered protocol family 17
[    0.960463] Key type dns_resolver registered
[    0.963443] Registering SWP/SWPB emulation handler
[    0.966437] registered taskstats version 1
[    0.968845] Loading compiled-in X.509 certificates
[    0.977949] uart-pl011 3f201000.serial: cts_event_workaround enabled
[    0.980457] 3f201000.serial: ttyAMA0 at MMIO 0x3f201000 (irq = 81, base_baud = 0) is a PL011 rev2
[    2.002002] console [ttyAMA0] enabled
[    2.010164] sdhost: log_buf @ (ptrval) (ded03000)
[    2.065681] mmc0: sdhost-bcm2835 loaded - DMA enabled (>1)
[    2.074840] of_cfs_init
[    2.079744] of_cfs_init: OK
[    2.085308] Waiting for root device PARTUUID=4c999877-02...
[    2.116914] Indeed it is in host mode hprt0 = 00021501
[    2.213329] random: fast init done
[    2.227594] mmc0: host does not support reading read-only switch, assuming write-enable
[    2.246770] mmc0: new high speed SDHC card at address aaaa
[    2.255852] mmcblk0: mmc0:aaaa SL16G 14.8 GiB
[    2.268868]  mmcblk0: p1 p2
[    2.311150] EXT4-fs (mmcblk0p2): mounted filesystem with ordered data mode. Opts: (null)
[    2.324186] VFS: Mounted root (ext4 filesystem) readonly on device 179:2.
[    2.326849] usb 1-1: new high-speed USB device number 2 using dwc_otg
[    2.342895] Indeed it is in host mode hprt0 = 00001101
[    2.410833] devtmpfs: mounted
[    2.423637] Freeing unused kernel memory: 1024K
[    2.431057] Run /sbin/init as init process
[    2.587129] usb 1-1: New USB device found, idVendor=0424, idProduct=2514, bcdDevice= b.b3
[    2.600511] usb 1-1: New USB device strings: Mfr=0, Product=0, SerialNumber=0
[    2.611089] hub 1-1:1.0: USB hub found
[    2.617727] hub 1-1:1.0: 4 ports detected
[    2.936863] usb 1-1.1: new high-speed USB device number 3 using dwc_otg
[    3.067070] usb 1-1.1: New USB device found, idVendor=0424, idProduct=2514, bcdDevice= b.b3
[    3.080990] usb 1-1.1: New USB device strings: Mfr=0, Product=0, SerialNumber=0
[    3.091817] hub 1-1.1:1.0: USB hub found
[    3.098690] hub 1-1.1:1.0: 3 ports detected
[    3.137106] systemd[1]: System time before build time, advancing clock.
[    3.208480] systemd[1]: systemd 241 running in system mode. (+PAM +AUDIT +SELINUX +IMA +APPARMOR +SMACK +SYSVINIT +UTMP +LIBCRYPTSETUP +GCRYPT +GNUTLS +ACL +XZ +LZ4 +SECCOMP +B
LKID +ELFUTILS +KMOD -IDN2 +IDN -PCRE2 default-hierarchy=hybrid)
[    3.239149] systemd[1]: Detected architecture arm.
[    3.267228] systemd[1]: Set hostname to <raspberrypi>.
[    3.485026] uart-pl011 3f201000.serial: no DMA platform data
[    3.756844] usb 1-1.1.1: new high-speed USB device number 4 using dwc_otg
[    3.887268] usb 1-1.1.1: New USB device found, idVendor=0424, idProduct=7800, bcdDevice= 3.00
[    3.901229] usb 1-1.1.1: New USB device strings: Mfr=0, Product=0, SerialNumber=0
[    4.179394] lan78xx 1-1.1.1:1.0 (unnamed net_device) (uninitialized): No External EEPROM. Setting MAC Speed
[    4.196076] libphy: lan78xx-mdiobus: probed
[    4.227720] lan78xx 1-1.1.1:1.0 (unnamed net_device) (uninitialized): int urb period 64
[    4.258341] random: systemd: uninitialized urandom read (16 bytes read)
[    4.279897] random: systemd: uninitialized urandom read (16 bytes read)
[    4.290202] systemd[1]: Set up automount Arbitrary Executable File Formats File System Automount Point.
[    4.309073] random: systemd: uninitialized urandom read (16 bytes read)
[    4.318722] systemd[1]: Reached target Swap.
[    4.330068] systemd[1]: Listening on udev Control Socket.
[    4.342310] systemd[1]: Listening on udev Kernel Socket.
[    4.354670] systemd[1]: Listening on Syslog Socket.
[    4.371632] systemd[1]: Created slice system-systemd\x2dfsck.slice.
[    4.385038] systemd[1]: Listening on Journal Socket (/dev/log).

Raspbian GNU/Linux 10 raspberrypi ttyAMA0

raspberrypi login: pi
Password:
Last login: Tue Nov 10 13:27:53 CET 2020 on ttyAMA0
Linux raspberrypi 4.19.118-v7+ #1311 SMP Mon Apr 27 14:21:24 BST 2020 armv7l

The programs included with the Debian GNU/Linux system are free software;
the exact distribution terms for each program are described in the
individual files in /usr/share/doc/*/copyright.

Debian GNU/Linux comes with ABSOLUTELY NO WARRANTY, to the extent
permitted by applicable law.

SSH is enabled and the default password for the 'pi' user has not been changed.
This is a security risk - please login as the 'pi' user and type 'passwd' to set a new password.

pi@raspberrypi:~$  systemctl status uvbench.service
�● uvbench.service - Under-volting benchmark
   Loaded: loaded (/etc/systemd/system/uvbench.service; enabled; vendor preset:
   Active: activating (start) since Tue 2020-11-10 13:39:29 CET; 2min 54s ago
 Main PID: 442 (uvbench.sh)
    Tasks: 6 (limit: 1604)
   Memory: 4.0M
   CGroup: /system.slice/uvbench.service
           �├�─ 442 /bin/sh /home/pi/uvbench.sh run -t 60
           �├�─ 477 ./test -i
           �├�─2461 ./test -i
           �├�─2857 ./test -i
           �├�─2901 ./test -i
           �└�─2992 sleep 1

Nov 10 13:39:29 raspberrypi sudo[460]: pam_unix(sudo:session): session opened fo
Nov 10 13:39:29 raspberrypi uvbench.sh[442]: Setting cpu: 0
Nov 10 13:39:29 raspberrypi uvbench.sh[442]: Setting cpu: 1
Nov 10 13:39:29 raspberrypi uvbench.sh[442]: Setting cpu: 2
Nov 10 13:39:29 raspberrypi uvbench.sh[442]: Setting cpu: 3
Nov 10 13:39:29 raspberrypi sudo[460]: pam_unix(sudo:session): session closed fo
Nov 10 13:40:23 raspberrypi uvbench.sh[442]: heatup: infinite multiplication loo
Nov 10 13:41:52 raspberrypi uvbench.sh[442]: heatup: infinite multiplication loo
Nov 10 13:42:18 raspberrypi uvbench.sh[442]: heatup: infinite multiplication loo
pi@raspberrypi:~$ [  199.617069] Kernel panic - not syncing: stack-protector: Kernel stack is corrupted in: task_tick_fair+0x6a4/0x6a4
[  199.629027] CPU: 1 PID: 2901 Comm: test Not tainted 4.19.118-v7+ #1311
[  199.636402] Hardware name: BCM2835
[  199.640716] [<801120c8>] (unwind_backtrace) from [<8010d5fc>] (show_stack+0x20/0x24)
[  199.650261] [<8010d5fc>] (show_stack) from [<80856da8>] (dump_stack+0xe0/0x124)
[  199.658591] [<80856da8>] (dump_stack) from [<80120ee8>] (panic+0x104/0x288)
[  199.666623] [<80120ee8>] (panic) from [<801209e8>] (print_tainted+0x0/0xa8)
[  199.674603] CPU0: stopping
[  199.678289] CPU: 0 PID: 2857 Comm: test Not tainted 4.19.118-v7+ #1311
[  199.685856] Hardware name: BCM2835
[  199.690311] [<801120c8>] (unwind_backtrace) from [<8010d5fc>] (show_stack+0x20/0x24)
[  199.700296] [<8010d5fc>] (show_stack) from [<80856da8>] (dump_stack+0xe0/0x124)
[  199.708839] [<80856da8>] (dump_stack) from [<801104e0>] (handle_IPI+0x388/0x3a8)
[  199.718661] [<801104e0>] (handle_IPI) from [<801021f4>] (bcm2836_arm_irqchip_handle_irq+0xa0/0xa4)
[  199.730226] [<801021f4>] (bcm2836_arm_irqchip_handle_irq) from [<80101d0c>] (__irq_usr+0x4c/0x60)
[  199.741817] Exception stack(0xb51c5fb0 to 0xb51c5ff8)
[  199.748205] 5fa0:                                     3052949f 00000000 252c7a83 04599941
[  199.759038] 5fc0: 00000000 00011068 00010638 00000000 00000000 00000000 76f18000 7ee55cac
[  199.769848] 5fe0: 00000000 7ee55ca8 00000000 00010b10 60000010 ffffffff
[  199.777800] CPU2: stopping
[  199.781823] CPU: 2 PID: 2461 Comm: test Not tainted 4.19.118-v7+ #1311
[  199.789703] Hardware name: BCM2835
[  199.794427] [<801120c8>] (unwind_backtrace) from [<8010d5fc>] (show_stack+0x20/0x24)
[  199.804859] [<8010d5fc>] (show_stack) from [<80856da8>] (dump_stack+0xe0/0x124)
[  199.813563] [<80856da8>] (dump_stack) from [<801104e0>] (handle_IPI+0x388/0x3a8)
[  199.823611] [<801104e0>] (handle_IPI) from [<801021f4>] (bcm2836_arm_irqchip_handle_irq+0xa0/0xa4)
[  199.835292] [<801021f4>] (bcm2836_arm_irqchip_handle_irq) from [<80101d0c>] (__irq_usr+0x4c/0x60)
[  199.846899] Exception stack(0xb5309fb0 to 0xb5309ff8)
[  199.853299] 9fa0:                                     f345a630 289404de f345a630 00022090
[  199.864128] 9fc0: 00000000 00011068 00010638 00000000 00000000 00000000 76f5b000 7ec68cac
[  199.874993] 9fe0: 00000000 7ec68ca8 00000000 00010b28 60000010 ffffffff
[  200.738942] SMP: failed to stop secondary CPUs
[  200.744742] ---[ end Kernel panic - not syncing: stack-protector: Kernel stack is corrupted in: task_tick_fair+0x6a4/0x6a4 ]---
