[    0.000000] Booting Linux on physical CPU 0x0
[    0.000000] Linux version 4.19.118-v7+ (dom@buildbot) (gcc version 4.9.3 (crosstool-NG crosstool-ng-1.22.0-88-g8460611)) #1311 SMP Mon Apr 27 14:21:24 BST 2020
[    0.000000] CPU: ARMv7 Processor [410fd034] revision 4 (ARMv7), cr=10c5383d
[    0.000000] CPU: div instructions available: patching division code
[    0.000000] CPU: PIPT / VIPT nonaliasing data cache, VIPT aliasing instruction cache
[    0.000000] OF: fdt: Machine model: Raspberry Pi 3 Model B Plus Rev 1.3
[    0.000000] Memory policy: Data cache writealloc
[    0.000000] cma: Reserved 8 MiB at 0x3ac00000
[    0.000000] random: get_random_bytes called from start_kernel+0xac/0x4b4 with crng_init=0
[    0.000000] percpu: Embedded 16 pages/cpu s36864 r8192 d20480 u65536
[    0.000000] Built 1 zonelists, mobility grouping on.  Total pages: 240555
[    0.000000] Kernel command line: coherent_pool=1M 8250.nr_uarts=1 snd_bcm2835.enable_compat_alsa=0 snd_bcm2835.enable_hdmi=1 snd_bcm2835.enable_headphones=1 bcm2708_fb.fbwidth=
656 bcm2708_fb.fbheight=416 bcm2708_fb.fbswap=1 vc_mem.mem_base=0x3ec00000 vc_mem.mem_size=0x40000000  dwc_otg.lpm_enable=0 console=ttyAMA0,115200 console=tty1 root=PARTUUID=4c999
877-02 rootfstype=ext4 elevator=deadline fsck.repair=yes rootwait
[    0.000000] Dentry cache hash table entries: 131072 (order: 7, 524288 bytes)
[    0.000000] Inode-cache hash table entries: 65536 (order: 6, 262144 bytes)
[    0.000000] Memory: 939064K/970752K available (8192K kernel code, 656K rwdata, 2232K rodata, 1024K init, 831K bss, 23496K reserved, 8192K cma-reserved)
[    0.000000] Virtual kernel memory layout:
[    0.000000]     vector  : 0xffff0000 - 0xffff1000   (   4 kB)
[    0.000000]     fixmap  : 0xffc00000 - 0xfff00000   (3072 kB)
[    0.000000]     vmalloc : 0xbb800000 - 0xff800000   (1088 MB)
[    0.000000]     lowmem  : 0x80000000 - 0xbb400000   ( 948 MB)
[    0.000000]     modules : 0x7f000000 - 0x80000000   (  16 MB)
[    0.000000]       .text : 0x(ptrval) - 0x(ptrval)   (9184 kB)
[    0.000000]       .init : 0x(ptrval) - 0x(ptrval)   (1024 kB)
[    0.000000]       .data : 0x(ptrval) - 0x(ptrval)   ( 657 kB)
[    0.000000]        .bss : 0x(ptrval) - 0x(ptrval)   ( 832 kB)
[    0.000000] SLUB: HWalign=64, Order=0-3, MinObjects=0, CPUs=4, Nodes=1
[    0.000000] ftrace: allocating 27093 entries in 80 pages
[    0.000000] rcu: Hierarchical RCU implementation.
[    0.000000] NR_IRQS: 16, nr_irqs: 16, preallocated irqs: 16
[    0.000000] arch_timer: cp15 timer(s) running at 19.20MHz (phys).
[    0.000000] clocksource: arch_sys_counter: mask: 0xffffffffffffff max_cycles: 0x46d987e47, max_idle_ns: 440795202767 ns
[    0.000007] sched_clock: 56 bits at 19MHz, resolution 52ns, wraps every 4398046511078ns
[    0.000023] Switching to timer-based delay loop, resolution 52ns
[    0.000277] Console: colour dummy device 80x30
[    0.000912] console [tty1] enabled
[    0.000971] Calibrating delay loop (skipped), value calculated using timer frequency.. 38.40 BogoMIPS (lpj=192000)
[    0.001015] pid_max: default: 32768 minimum: 301
[    0.001381] Mount-cache hash table entries: 2048 (order: 1, 8192 bytes)
[    0.001417] Mountpoint-cache hash table entries: 2048 (order: 1, 8192 bytes)
[    0.002374] CPU: Testing write buffer coherency: ok
[    0.002857] CPU0: thread -1, cpu 0, socket 0, mpidr 80000000
[    0.003539] Setting up static identity map for 0x100000 - 0x10003c
[    0.003710] rcu: Hierarchical SRCU implementation.
[    0.004538] smp: Bringing up secondary CPUs ...
[    0.005453] CPU1: thread -1, cpu 1, socket 0, mpidr 80000001
[    0.006429] CPU2: thread -1, cpu 2, socket 0, mpidr 80000002
[    0.007347] CPU3: thread -1, cpu 3, socket 0, mpidr 80000003
[    0.007461] smp: Brought up 1 node, 4 CPUs
[    0.007542] SMP: Total of 4 processors activated (153.60 BogoMIPS).
[    0.007566] CPU: All CPU(s) started in HYP mode.
[    0.007586] CPU: Virtualization extensions available.
[    0.008579] devtmpfs: initialized
[    0.022031] VFP support v0.3: implementor 41 architecture 3 part 40 variant 3 rev 4
[    0.022305] clocksource: jiffies: mask: 0xffffffff max_cycles: 0xffffffff, max_idle_ns: 19112604462750000 ns
[    0.022356] futex hash table entries: 1024 (order: 4, 65536 bytes)
[    0.022963] pinctrl core: initialized pinctrl subsystem
[    0.023830] NET: Registered protocol family 16
[    0.027038] DMA: preallocated 1024 KiB pool for atomic coherent allocations
[    0.032947] hw-breakpoint: found 5 (+1 reserved) breakpoint and 4 watchpoint registers.
[    0.032983] hw-breakpoint: maximum watchpoint size is 8 bytes.
[    0.033202] Serial: AMBA PL011 UART driver
[    0.035557] bcm2835-mbox 3f00b880.mailbox: mailbox enabled
[    0.050032] raspberrypi-firmware soc:firmware: Attached to firmware from 2020-04-15 11:43, variant start
[    0.060045] raspberrypi-firmware soc:firmware: Firmware hash is 82f9bb929ce2186eb1824178c1ae82902ad6275c
[    0.103082] bcm2835-dma 3f007000.dma: DMA legacy API manager at (ptrval), dmachans=0x1
[    0.104733] SCSI subsystem initialized
[    0.104978] usbcore: registered new interface driver usbfs
[    0.105059] usbcore: registered new interface driver hub
[    0.105173] usbcore: registered new device driver usb
[    0.106896] clocksource: Switched to clocksource arch_sys_counter
[    0.197448] VFS: Disk quotas dquot_6.6.0
[    0.197559] VFS: Dquot-cache hash table entries: 1024 (order 0, 4096 bytes)
[    0.197729] FS-Cache: Loaded
[    0.197958] CacheFiles: Loaded
[    0.207984] NET: Registered protocol family 2
[    0.208848] tcp_listen_portaddr_hash hash table entries: 512 (order: 0, 6144 bytes)
[    0.208912] TCP established hash table entries: 8192 (order: 3, 32768 bytes)
[    0.209042] TCP bind hash table entries: 8192 (order: 4, 65536 bytes)
[    0.209247] TCP: Hash tables configured (established 8192 bind 8192)
[    0.209409] UDP hash table entries: 512 (order: 2, 16384 bytes)
[    0.209480] UDP-Lite hash table entries: 512 (order: 2, 16384 bytes)
[    0.209738] NET: Registered protocol family 1
[    0.210326] RPC: Registered named UNIX socket transport module.
[    0.210353] RPC: Registered udp transport module.
[    0.210375] RPC: Registered tcp transport module.
[    0.210396] RPC: Registered tcp NFSv4.1 backchannel transport module.
[    0.212245] hw perfevents: enabled with armv7_cortex_a7 PMU driver, 7 counters available
[    0.215352] Initialise system trusted keyrings
[    0.215565] workingset: timestamp_bits=14 max_order=18 bucket_order=4
[    0.225524] FS-Cache: Netfs 'nfs' registered for caching
[    0.226102] NFS: Registering the id_resolver key type
[    0.226170] Key type id_resolver registered
[    0.226193] Key type id_legacy registered
[    0.226224] nfs4filelayout_init: NFSv4 File Layout Driver Registering...
[    0.231671] Key type asymmetric registered
[    0.231707] Asymmetric key parser 'x509' registered
[    0.231780] Block layer SCSI generic (bsg) driver version 0.4 loaded (major 250)
[    0.231975] io scheduler noop registered
[    0.232000] io scheduler deadline registered (default)
[    0.232216] io scheduler cfq registered
[    0.232240] io scheduler mq-deadline registered (default)
[    0.232264] io scheduler kyber registered
[    0.234477] bcm2708_fb soc:fb: FB found 1 display(s)
[    0.243831] Console: switching to colour frame buffer device 82x26
[    0.250690] bcm2708_fb soc:fb: Registered framebuffer for display 0, size 656x416
[    0.256314] Serial: 8250/16550 driver, 1 ports, IRQ sharing enabled
[    0.260161] bcm2835-rng 3f104000.rng: hwrng registered
[    0.262846] vc-mem: phys_addr:0x00000000 mem_base=0x3ec00000 mem_size:0x40000000(1024 MiB)
[    0.268249] vc-sm: Videocore shared memory driver
[    0.271062] gpiomem-bcm2835 3f200000.gpiomem: Initialised: Registers at 0x3f200000
[    0.286986] brd: module loaded
[    0.299706] loop: module loaded
[    0.302807] Loading iSCSI transport class v2.0-870.
[    0.305974] libphy: Fixed MDIO Bus: probed
[    0.308540] usbcore: registered new interface driver lan78xx
[    0.311064] usbcore: registered new interface driver smsc95xx
[    0.313502] dwc_otg: version 3.00a 10-AUG-2012 (platform bus)
[    0.343812] dwc_otg 3f980000.usb: base=(ptrval)
[    0.546513] Core Release: 2.80a
[    0.548996] Setting default values for core params
[    0.551496] Finished setting default values for core params
[    0.754263] Using Buffer DMA mode
[    0.756659] Periodic Transfer Interrupt Enhancement - disabled
[    0.759088] Multiprocessor Interrupt Enhancement - disabled
[    0.761471] OTG VER PARAM: 0, OTG VER FLAG: 0
[    0.763812] Dedicated Tx FIFOs mode
[    0.766525] WARN::dwc_otg_hcd_init:1074: FIQ DMA bounce buffers: virt = bad14000 dma = 0xfad14000 len=9024
[    0.771128] FIQ FSM acceleration enabled for :
[    0.771128] Non-periodic Split Transactions
[    0.771128] Periodic Split Transactions
[    0.771128] High-Speed Isochronous Endpoints
[    0.771128] Interrupt/Control Split Transaction hack enabled
[    0.782072] WARN::hcd_init_fiq:457: FIQ on core 1
[    0.784297] WARN::hcd_init_fiq:458: FIQ ASM at 8068fda0 length 36
[    0.786504] WARN::hcd_init_fiq:497: MPHI regs_base at bb810000
[    0.788756] dwc_otg 3f980000.usb: DWC OTG Controller
[    0.791024] dwc_otg 3f980000.usb: new USB bus registered, assigned bus number 1
[    0.793345] dwc_otg 3f980000.usb: irq 56, io mem 0x00000000
[    0.795651] Init: Port Power? op_state=1
[    0.797912] Init: Power Port (0)
[    0.800336] usb usb1: New USB device found, idVendor=1d6b, idProduct=0002, bcdDevice= 4.19
[    0.804854] usb usb1: New USB device strings: Mfr=3, Product=2, SerialNumber=1
[    0.807295] usb usb1: Product: DWC OTG Controller
[    0.809667] usb usb1: Manufacturer: Linux 4.19.118-v7+ dwc_otg_hcd
[    0.812094] usb usb1: SerialNumber: 3f980000.usb
[    0.815058] hub 1-0:1.0: USB hub found
[    0.817369] hub 1-0:1.0: 1 port detected
[    0.820418] usbcore: registered new interface driver usb-storage
[    0.822887] mousedev: PS/2 mouse device common for all mice
[    0.826030] bcm2835-wdt bcm2835-wdt: Broadcom BCM2835 watchdog timer
[    0.828694] bcm2835-cpufreq: min=600000 max=1400000
[    0.831519] sdhci: Secure Digital Host Controller Interface driver
[    0.833942] sdhci: Copyright(c) Pierre Ossman
[    0.836757] sdhost-bcm2835 3f202000.mmc: could not get clk, deferring probe
[    0.839449] sdhci-pltfm: SDHCI platform and OF driver helper
[    0.843506] ledtrig-cpu: registered to indicate activity on CPUs
[    0.846204] hidraw: raw HID events driver (C) Jiri Kosina
[    0.848978] usbcore: registered new interface driver usbhid
[    0.851530] usbhid: USB HID core driver
[    0.854863] vchiq: vchiq_init_state: slot_zero = (ptrval), is_master = 0
[    0.859011] [vc_sm_connected_init]: start
[    0.868726] [vc_sm_connected_init]: end - returning 0
[    0.872254] Initializing XFRM netlink socket
[    0.874646] NET: Registered protocol family 17
[    0.877139] Key type dns_resolver registered
[    0.880118] Registering SWP/SWPB emulation handler
[    0.883133] registered taskstats version 1
[    0.885516] Loading compiled-in X.509 certificates
[    0.894536] uart-pl011 3f201000.serial: cts_event_workaround enabled
[    0.897106] 3f201000.serial: ttyAMA0 at MMIO 0x3f201000 (irq = 81, base_baud = 0) is a PL011 rev2
[    1.900756] console [ttyAMA0] enabled
[    1.908814] sdhost: log_buf @ (ptrval) (fad13000)
[    1.964231] mmc0: sdhost-bcm2835 loaded - DMA enabled (>1)
[    1.973407] of_cfs_init
[    1.978254] of_cfs_init: OK
[    1.983820] Waiting for root device PARTUUID=4c999877-02...
[    2.017018] Indeed it is in host mode hprt0 = 00021501
[    2.112069] random: fast init done
[    2.122710] mmc0: host does not support reading read-only switch, assuming write-enable
[    2.141928] mmc0: new high speed SDHC card at address aaaa
[    2.150951] mmcblk0: mmc0:aaaa SL16G 14.8 GiB
[    2.164203]  mmcblk0: p1 p2
[    2.210953] EXT4-fs (mmcblk0p2): mounted filesystem with ordered data mode. Opts: (null)
[    2.224037] VFS: Mounted root (ext4 filesystem) readonly on device 179:2.
[    2.226937] usb 1-1: new high-speed USB device number 2 using dwc_otg
[    2.242675] Indeed it is in host mode hprt0 = 00001101
[    2.244842] devtmpfs: mounted
[    2.312268] Freeing unused kernel memory: 1024K
[    2.319726] Run /sbin/init as init process
[    2.487228] usb 1-1: New USB device found, idVendor=0424, idProduct=2514, bcdDevice= b.b3
[    2.500603] usb 1-1: New USB device strings: Mfr=0, Product=0, SerialNumber=0
[    2.511126] hub 1-1:1.0: USB hub found
[    2.517752] hub 1-1:1.0: 4 ports detected
[    2.836950] usb 1-1.1: new high-speed USB device number 3 using dwc_otg
[    2.956832] systemd[1]: System time before build time, advancing clock.
[    2.967285] usb 1-1.1: New USB device found, idVendor=0424, idProduct=2514, bcdDevice= b.b3
[    2.981158] usb 1-1.1: New USB device strings: Mfr=0, Product=0, SerialNumber=0
[    2.992010] hub 1-1.1:1.0: USB hub found
[    2.998890] hub 1-1.1:1.0: 3 ports detected
[    3.029035] systemd[1]: systemd 241 running in system mode. (+PAM +AUDIT +SELINUX +IMA +APPARMOR +SMACK +SYSVINIT +UTMP +LIBCRYPTSETUP +GCRYPT +GNUTLS +ACL +XZ +LZ4 +SECCOMP +B
LKID +ELFUTILS +KMOD -IDN2 +IDN -PCRE2 default-hierarchy=hybrid)
[    3.059911] systemd[1]: Detected architecture arm.
[    3.088601] systemd[1]: Set hostname to <raspberrypi>.
[    3.248552] uart-pl011 3f201000.serial: no DMA platform data
[    3.676945] usb 1-1.1.1: new high-speed USB device number 4 using dwc_otg
[    3.807421] usb 1-1.1.1: New USB device found, idVendor=0424, idProduct=7800, bcdDevice= 3.00
[    3.821478] usb 1-1.1.1: New USB device strings: Mfr=0, Product=0, SerialNumber=0
[    4.009009] random: systemd: uninitialized urandom read (16 bytes read)
[    4.030086] random: systemd: uninitialized urandom read (16 bytes read)
[    4.040218] systemd[1]: Listening on udev Kernel Socket.
[    4.052576] random: systemd: uninitialized urandom read (16 bytes read)
[    4.062691] systemd[1]: Set up automount Arbitrary Executable File Formats File System Automount Point.
[    4.082248] systemd[1]: Listening on Syslog Socket.
[    4.093643] systemd[1]: Listening on initctl Compatibility Named Pipe.
[    4.100140] lan78xx 1-1.1.1:1.0 (unnamed net_device) (uninitialized): No External EEPROM. Setting MAC Speed
[    4.119621] libphy: lan78xx-mdiobus: probed
[    4.136533] systemd[1]: Created slice system-serial\x2dgetty.slice.
[    4.147973] lan78xx 1-1.1.1:1.0 (unnamed net_device) (uninitialized): int urb period 64
[    4.164174] systemd[1]: Started Forward Password Requests to Wall Directory Watch.
[    4.182099] systemd[1]: Listening on fsck to fsckd communication Socket.

Raspbian GNU/Linux 10 raspberrypi ttyAMA0

raspberrypi login: pi
Password:
Last login: Thu Dec  3 15:03:32 CET 2020 on ttyAMA0
Linux raspberrypi 4.19.118-v7+ #1311 SMP Mon Apr 27 14:21:24 BST 2020 armv7l

The programs included with the Debian GNU/Linux system are free software;
the exact distribution terms for each program are described in the
individual files in /usr/share/doc/*/copyright.

Debian GNU/Linux comes with ABSOLUTELY NO WARRANTY, to the extent
permitted by applicable law.

SSH is enabled and the default password for the 'pi' user has not been changed.
This is a security risk - please login as the 'pi' user and type 'passwd' to set a new password.

pi@raspberrypi:~$  watch systemctl [   32.607141] Internal error: Oops - undefined instruction: 0 [#1] SMP ARM
[   32.615442] Modules linked in:
[   32.619291] CPU: 1 PID: 706 Comm: sleep Not tainted 4.19.118-v7+ #1311
[   32.626654] Hardware name: BCM2835
[   32.630898] PC is at copy_page+0x60/0x80
[   32.635649] LR is at   (null)
[   32.639417] pc : [<80853500>]    lr : [<00000000>]    psr: 20000113
[   32.646533] sp : b5d1fbf0  ip : 00000000  fp : b5d1fc04
[   32.652617] r10: 00000800  r9 : b5c3b000  r8 : 00000000
[   32.658689] r7 : 00000015  r6 : 80d04d48  r5 : b5e6cea0  r4 : 00000000
[   32.666092] r3 : 00000000  r2 : 0000000d  r1 : b4ff5910  r0 : b4b8a900
[   32.673508] Flags: nzCv  IRQs on  FIQs on  Mode SVC_32  ISA ARM  Segment user
[   32.681576] Control: 10c5383d  Table: 3455c06a  DAC: 00000055
[   32.688278] Process sleep (pid: 706, stack limit = 0x15cfe0f4)
[   32.695088] Stack: (0xb5d1fbf0 to 0xb5d20000)
[   32.700433] fbe0:                                     00000200 8011b16c b5d1fc84 b5d1fc08
[   32.710634] fc00: 8029b4f8 8011b0b8 00000000 80d90e00 00000040 00000060 00000058 b5e6cea0
[   32.720953] fc20: 00000015 006200ca 00000006 00026000 b455c000 b455c000 00000000 bab09f68
[   32.731309] fc40: b5c3b000 bab13e74 00000000 00000000 baaf9d5c 01c22cd2 b5d1fc84 b5d1fdb8
[   32.741774] fc60: b5e7cb00 00026118 b67ad200 00000805 b67ad23c 00000800 b5d1fcdc b5d1fc88
[   32.752327] fc80: 80874a7c 8029aa18 b5e6c7e0 80c93ad8 8029da90 b59f1ee0 b59f1ec4 b5e6c7f4
[   32.763027] fca0: b5e6c7e0 b5e6cea0 b5d1fcd4 00000015 80203680 00000805 80d04d48 00000805
[   32.773832] fcc0: 80874af0 00026118 b5d1fdb8 00026118 b5d1fcfc b5d1fce0 80874bac 80874744
[   32.784776] fce0: 01c22cd2 80d0a624 80d04d48 00000805 b5d1fdb4 b5d1fd00 801167fc 80874afc
[   32.795778] fd00: b5e6c7f0 b67ad200 b5d1fd7c b5d1fd18 802a0ad8 8029ef7c b5e6c7f0 00000000
[   32.806858] fd20: b66eff00 00000005 00000000 b5dea650 b5d1fd64 00000800 00000002 b5e6cea0
[   32.818018] fd40: b66eff00 00100873 b67ad200 8029dd70 b5d1fd7c 00002000 00025000 00101812
[   32.829203] fd60: 00000003 b66eff00 00000873 8010192c 80000113 ffffffff b5d1fdec 00000ee8
[   32.840393] fd80: b5d1e000 00026118 b5d1fdb4 01c22cd2 80855850 80000113 ffffffff b5d1fdec
[   32.851582] fda0: 00000ee8 b5d1e000 b5d1fe3c b5d1fdb8 80101934 801167b0 00026118 7effffff
[   32.862766] fdc0: 00000000 b5e7cb00 b5d1e000 00026118 00000000 b5d1e008 00000ee8 80d04d48
[   32.873957] fde0: 00026118 b5d1fe3c 81026118 b5d1fe08 805302c4 80855850 80000113 ffffffff
[   32.885150] fe00: 805302b0 7f000000 b5d1fe2c b5d1fe18 80282b28 01c22cd2 80d04d48 b736ef80
[   32.896332] fe20: b87b3800 00026278 00000009 00026118 b5d1fe4c b5d1fe40 80530860 8053023c
[   32.907522] fe40: b5d1fe5c b5d1fe50 803344e4 8053084c b5d1fefc b5d1fe60 803339ac 8033449c
[   32.918711] fe60: 00101802 00000000 80295ba0 8029537c b87b3800 b5d1e020 00026118 00025f00
[   32.929892] fe80: 0001522c 00010000 00000003 00000000 00010000 80d04d48 00026278 b670f200
[   32.941085] fea0: b7f03e40 b650d380 b5f2ac00 b5d1fe60 00000034 00000000 0000000d b59f1dc0
[   32.952280] fec0: 00000004 00000000 00000000 01c22cd2 b5d1ff04 80d27124 b87b3800 80e1d824
[   32.963462] fee0: 80e1d824 fffffff8 80d241a8 00000001 b5d1ff2c b5d1ff00 802d7d5c 80333184
[   32.974651] ff00: b878a080 80d04d48 b5e7cb00 b87b3800 00000000 000002c2 01b394d4 b8fbc000
[   32.985840] ff20: b5d1ff74 b5d1ff30 802d90a4 802d7cb8 01b39514 b67ad23c 000002c2 b87b3800
[   32.997020] ff40: 00000000 01c22cd2 802e1494 01b394d4 01b394c8 0002334c 0000000b 801011c4
[   33.008208] ff60: b5d1e000 0000000b b5d1ff8c b5d1ff78 802d93c4 802d8b8c 00000000 00000000
[   33.019397] ff80: b5d1ffa4 b5d1ff90 802d9604 802d9394 01b39514 01b394c8 00000000 b5d1ffa8
[   33.030577] ffa0: 80101000 802d95e4 01b39514 01b394c8 01b39514 01b394c8 01b394d4 d7a4d800
[   33.041765] ffc0: 01b39514 01b394c8 0002334c 0000000b 00038568 01b394d4 0002334c 00024414
[   33.052953] ffe0: 00035f80 7e9422d4 00014b90 76e169ac 60000010 01b39514 00000000 00000000
[   33.064136] Code: e8b15018 e2522001 e8a05018 c8b15018 (caffffeb)
[   33.071743] ---[ end trace 44fd690cac5a8a35 ]---
stat
Message from syslogd@raspberrypi at Dec  3 15:06:40 ...
 kernel:[   32.607141] Internal error: Oops - undefined instruction: 0 [#1] SMP ARM

Message from syslogd@raspberrypi at Dec  3 15:06:40 ...
 kernel:[   32.688278] Process sleep (pid: 706, stack limit = 0x15cfe0f4)

Message from syslogd@raspberrypi at Dec  3 15:06:40 ...
 kernel:[   32.695088] Stack: (0xb5d1fbf0 to 0xb5d20000)

Message from syslogd@raspberrypi at Dec  3 15:06:40 ...
 kernel:[   32.700433] fbe0:                                     00000200 8011b16c b5d1fc84 b5d1fc08

Message from syslogd@raspberrypi at Dec  3 15:06:40 ...
 kernel:[   32.710634] fc00: 8029b4f8 8011b0b8 00000000 80d90e00 00000040 00000060 00000058 b5e6cea0

Message from syslogd@raspberrypi at Dec  3 15:06:40 ...
 kernel:[   32.720953] fc20: 00000015 006200ca 00000006 00026000 b455c000 b455c000 00000000 bab09f68

Message from syslogd@raspberrypi at Dec  3 15:06:40 ...
 kernel:[   32.731309] fc40: b5c3b000 bab13e74 00000000 00000000 baaf9d5c 01c22cd2 b5d1fc84 b5d1fdb8

Message from syslogd@raspberrypi at Dec  3 15:06:40 ...
 kernel:[   32.741774] fc60: b5e7cb00 00026118 b67ad200 00000805 b67ad23c 00000800 b5d1fcdc b5d1fc88

Message from syslogd@raspberrypi at Dec  3 15:06:40 ...
 kernel:[   32.752327] fc80: 80874a7c 8029aa18 b5e6c7e0 80c93ad8 8029da90 b59f1ee0 b59f1ec4 b5e6c7f4

Message from syslogd@raspberrypi at Dec  3 15:06:40 ...
 kernel:[   32.763027] fca0: b5e6c7e0 b5e6cea0 b5d1fcd4 00000015 80203680 00000805 80d04d48 00000805

Message from syslogd@raspberrypi at Dec  3 15:06:40 ...
 kernel:[   32.773832] fcc0: 80874af0 00026118 b5d1fdb8 00026118 b5d1fcfc b5d1fce0 80874bac 80874744

Message from syslogd@raspberrypi at Dec  3 15:06:40 ...
 kernel:[   32.784776] fce0: 01c22cd2 80d0a624 80d04d48 00000805 b5d1fdb4 b5d1fd00 801167fc 80874afc

Message from syslogd@raspberrypi at Dec  3 15:06:40 ...
 kernel:[   32.795778] fd00: b5e6c7f0 b67ad200 b5d1fd7c b5d1fd18 802a0ad8 8029ef7c b5e6c7f0 00000000

Message from syslogd@raspberrypi at Dec  3 15:06:40 ...
 kernel:[   32.806858] fd20: b66eff00 00000005 00000000 b5dea650 b5d1fd64 00000800 00000002 b5e6cea0

Message from syslogd@raspberrypi at Dec  3 15:06:40 ...
 kernel:[   32.818018] fd40: b66eff00 00100873 b67ad200 8029dd70 b5d1fd7c 00002000 00025000 00101812

Message from syslogd@raspberrypi at Dec  3 15:06:40 ...
 kernel:[   32.829203] fd60: 00000003 b66eff00 00000873 8010192c 80000113 ffffffff b5d1fdec 00000ee8

Message from syslogd@raspberrypi at Dec  3 15:06:40 ...
 kernel:[   32.840393] fd80: b5d1e000 00026118 b5d1fdb4 01c22cd2 80855850 80000113 ffffffff b5d1fdec

Message from syslogd@raspberrypi at Dec  3 15:06:40 ...
 kernel:[   32.851582] fda0: 00000ee8 b5d1e000 b5d1fe3c b5d1fdb8 80101934 801167b0 00026118 7effffff

Message from syslogd@raspberrypi at Dec  3 15:06:40 ...
 kernel:[   32.862766] fdc0: 00000000 b5e7cb00 b5d1e000 00026118 00000000 b5d1e008 00000ee8 80d04d48

Message from syslogd@raspberrypi at Dec  3 15:06:40 ...
 kernel:[   32.873957] fde0: 00026118 b5d1fe3c 81026118 b5d1fe08 805302c4 80855850 80000113 ffffffff

Message from syslogd@raspberrypi at Dec  3 15:06:40 ...
 kernel:[   32.885150] fe00: 805302b0 7f000000 b5d1fe2c b5d1fe18 80282b28 01c22cd2 80d04d48 b736ef80

Message from syslogd@raspberrypi at Dec  3 15:06:40 ...
 kernel:[   32.896332] fe20: b87b3800 00026278 00000009 00026118 b5d1fe4c b5d1fe40 80530860 8053023c

Message from syslogd@raspberrypi at Dec  3 15:06:40 ...
 kernel:[   32.907522] fe40: b5d1fe5c b5d1fe50 803344e4 8053084c b5d1fefc b5d1fe60 803339ac 8033449c

Message from syslogd@raspberrypi at Dec  3 15:06:40 ...
 kernel:[   32.918711] fe60: 00101802 00000000 80295ba0 8029537c b87b3800 b5d1e020 00026118 00025f00

Message from syslogd@raspberrypi at Dec  3 15:06:40 ...
 kernel:[   32.929892] fe80: 0001522c 00010000 00000003 00000000 00010000 80d04d48 00026278 b670f200

Message from syslogd@raspberrypi at Dec  3 15:06:40 ...
 kernel:[   32.941085] fea0: b7f03e40 b650d38
[  323.339165] Unable to handle kernel paging request at virtual address 8087427c
[  323.347916] pgd = 339a69c1
[  323.352062] [8087427c] *pgd=0081940e(bad)
[  323.357492] Internal error: Oops: 80d [#2] SMP ARM
[  323.363671] Modules linked in:
[  323.368066] CPU: 0 PID: 481 Comm: test Tainted: G      D           4.19.118-v7+ #1311
[  323.378537] Hardware name: BCM2835
[  323.383210] PC is at _raw_spin_lock_irq+0x2c/0x60
[  323.389167] LR is at _raw_spin_lock_irq+0x20/0x60
[  323.395061] pc : [<8087428c>]    lr : [<80874280>]    psr: 20000193
[  323.402509] sp : b5e6fe88  ip : b5e6fe88  fp : b5e6fe9c
[  323.408892] r10: 00000002  r9 : 396c0000  r8 : 80c91440
[  323.415240] r7 : 80d04d48  r6 : 80d03d00  r5 : ba351440  r4 : 8087427c
[  323.422874] r3 : ebe63d9a  r2 : ebe73d9a  r1 : 00000001  r0 : 8087427c
[  323.430472] Flags: nzCv  IRQs off  FIQs on  Mode SVC_32  ISA ARM  Segment user
[  323.438763] Control: 10c5383d  Table: 35e7406a  DAC: 00000055
[  323.445557] Process test (pid: 481, stack limit = 0xb9f1a2ad)
[  323.452321] Stack: (0xb5e6fe88 to 0xb5e70000)
[  323.457679] fe80:                   00000000 80d03084 80d05178 b5e6fea0 801994a0 8087426c
[  323.467863] fea0: 00000000 b5e6feb0 20000193 80c93ad8 80102374 00000000 00000001 b9c33000
[  323.478091] fec0: 00000000 00000002 b5e6fef4 80d03084 00000001 b5e6e038 00000100 b9c33000
[  323.488446] fee0: 00000004 00000002 b5e6ff5c 80d0517c 80102410 80199448 b5e78000 b9c02dc0
[  323.498895] ff00: 00000001 00400000 80d03d00 0000091f 0000000a 80c94fc0 80d90098 80d04d70
[  323.509465] ff20: 80c8d308 80d03080 b5e6fef8 00000002 80185b8c 80c94fa8 00000000 00000000
[  323.520201] ff40: 00000001 b9c33000 00000000 76ff2000 b5e6ff6c b5e6ff60 80126e18 8010228c
[  323.531034] ff60: b5e6ff94 b5e6ff70 801803c0 80126d28 b5e6ffb0 00000000 60000010 ffffffff
[  323.542003] ff80: 10c5383d 10c5387d b5e6ffac b5e6ff98 801021b4 8018035c 69f69f4e 00010b70
[  323.553031] ffa0: 00000000 b5e6ffb0 80101d0c 80102160 69f69f4e 00022090 604dd5ce 00022090
[  323.564134] ffc0: 00000000 00011068 00010638 00000000 00000000 00000000 76ff2000 7eb24cac
[  323.575297] ffe0: 00000000 7eb24ca8 00000000 00010b70 60000010 ffffffff 00000000 00000000
[  323.586481] [<8087428c>] (_raw_spin_lock_irq) from [<801994a0>] (run_timer_softirq+0x60/0x1ec)
[  323.598108] Code: ebe63d9a f594f000 e1943f9f e2832801 (e1841f92)
[  323.605715] ---[ end trace 44fd690cac5a8a36 ]---
[  323.611811] Kernel panic - not syncing: Fatal exception in interrupt
[  323.619643] CPU1: stopping
[  323.623791] CPU: 1 PID: 479 Comm: test Tainted: G      D           4.19.118-v7+ #1311
[  323.634452] Hardware name: BCM2835
[  323.639227] [<801120c8>] (unwind_backtrace) from [<8010d5fc>] (show_stack+0x20/0x24)
[  323.649706] [<8010d5fc>] (show_stack) from [<80856da8>] (dump_stack+0xe0/0x124)
[  323.658421] [<80856da8>] (dump_stack) from [<801104e0>] (handle_IPI+0x388/0x3a8)
[  323.668489] [<801104e0>] (handle_IPI) from [<801021f4>] (bcm2836_arm_irqchip_handle_irq+0xa0/0xa4)
[  323.680143] [<801021f4>] (bcm2836_arm_irqchip_handle_irq) from [<80101d0c>] (__irq_usr+0x4c/0x60)
[  323.691710] Exception stack(0xb5d7ffb0 to 0xb5d7fff8)
[  323.698096] ffa0:                                     604dd5ce 1584d4fc 604dd5ce 1584d4fc
[  323.708879] ffc0: 00000000 00011068 00010638 00000000 00000000 00000000 76fcb000 7edb7cac
[  323.719632] ffe0: 00000000 7edb7ca8 00000000 00010b38 60000010 ffffffff
[  323.727578] CPU3: stopping
[  323.731570] CPU: 3 PID: 477 Comm: test Tainted: G      D           4.19.118-v7+ #1311
[  323.741998] Hardware name: BCM2835
[  323.746675] [<801120c8>] (unwind_backtrace) from [<8010d5fc>] (show_stack+0x20/0x24)
[  323.757041] [<8010d5fc>] (show_stack) from [<80856da8>] (dump_stack+0xe0/0x124)
[  323.765704] [<80856da8>] (dump_stack) from [<801104e0>] (handle_IPI+0x388/0x3a8)
[  323.775705] [<801104e0>] (handle_IPI) from [<801021f4>] (bcm2836_arm_irqchip_handle_irq+0xa0/0xa4)
[  323.787310] [<801021f4>] (bcm2836_arm_irqchip_handle_irq) from [<80101d0c>] (__irq_usr+0x4c/0x60)
[  323.798833] Exception stack(0xb7c3bfb0 to 0xb7c3bff8)
[  323.805190] bfa0:                                     33fcf2c1 00022090 604dd5ce 00022090
[  323.815971] bfc0: 00000000 00011068 00010638 00000000 00000000 00000000 76fa9000 7e870cac
[  323.826792] bfe0: 00000000 7e870ca8 00000000 00010b24 60000010 ffffffff
[  323.834740] CPU2: stopping
[  323.838741] CPU: 2 PID: 483 Comm: test Tainted: G      D           4.19.118-v7+ #1311
[  323.849171] Hardware name: BCM2835
[  323.853850] [<801120c8>] (unwind_backtrace) from [<8010d5fc>] (show_stack+0x20/0x24)
[  323.864233] [<8010d5fc>] (show_stack) from [<80856da8>] (dump_stack+0xe0/0x124)
[  323.872897] [<80856da8>] (dump_stack) from [<801104e0>] (handle_IPI+0x388/0x3a8)
[  323.882899] [<801104e0>] (handle_IPI) from [<801021f4>] (bcm2836_arm_irqchip_handle_irq+0xa0/0xa4)
[  323.894513] [<801021f4>] (bcm2836_arm_irqchip_handle_irq) from [<80101d0c>] (__irq_usr+0x4c/0x60)
[  323.906022] Exception stack(0xb5cd3fb0 to 0xb5cd3ff8)
[  323.912382] 3fa0:                                     604dd5ce 1584d4fc 604dd5ce 00022090
[  323.923151] 3fc0: 00000000 00011068 00010638 00000000 00000000 00000000 76fa6000 7ebe8cac
[  323.933967] 3fe0: 00000000 7ebe8ca8 00000000 00010b78 60000010 ffffffff
[  323.941924] ---[ end Kernel panic - not syncing: Fatal exception in interrupt ]---
