[    0.000000] Booting Linux on physical CPU 0x0000000000 [0x410fd034]
[    0.000000] Linux version 4.19.118-v8+ (dom@buildbot) (gcc version 5.4.0 20160609 (Ubuntu/Linaro 5.4.0-6ubuntu1~16.04.9)) #1311 SMP PREEMPT Mon Apr 27 14:32:38 BST 2020
[    0.000000] Machine model: Raspberry Pi 3 Model B Rev 1.2
[    0.000000] efi: Getting EFI parameters from FDT:
[    0.000000] efi: UEFI not found.
[    0.000000] cma: Reserved 8 MiB at 0x000000003ac00000
[    0.000000] random: get_random_bytes called from start_kernel+0xb8/0x47c with crng_init=0
[    0.000000] percpu: Embedded 24 pages/cpu s58840 r8192 d31272 u98304
[    0.000000] Detected VIPT I-cache on CPU0
[    0.000000] CPU features: enabling workaround for ARM erratum 843419
[    0.000000] CPU features: enabling workaround for ARM erratum 845719
[    0.000000] Built 1 zonelists, mobility grouping on.  Total pages: 238896
[    0.000000] Kernel command line: coherent_pool=1M 8250.nr_uarts=1 snd_bcm2835.enable_compat_alsa=0 snd_bcm2835.enable_hdmi=1 snd_bcm2835.enable_headphones=1 bcm2708_fb.fbwidth=6
56 bcm2708_fb.fbheight=416 bcm2708_fb.fbswap=1 vc_mem.mem_base=0x3ec00000 vc_mem.mem_size=0x40000000  dwc_otg.lpm_enable=0 console=ttyAMA0,115200 console=tty1 root=PARTUUID=4c99987
7-02 rootfstype=ext4 elevator=deadline fsck.repair=yes rootwait
[    0.000000] Dentry cache hash table entries: 131072 (order: 8, 1048576 bytes)
[    0.000000] Inode-cache hash table entries: 65536 (order: 7, 524288 bytes)
[    0.000000] Memory: 929096K/970752K available (8700K kernel code, 1074K rwdata, 2760K rodata, 1024K init, 1126K bss, 33464K reserved, 8192K cma-reserved)
[    0.000000] SLUB: HWalign=64, Order=0-3, MinObjects=0, CPUs=4, Nodes=1
[    0.000000] ftrace: allocating 30496 entries in 120 pages
[    0.000000] rcu: Preemptible hierarchical RCU implementation.
[    0.000000] rcu:     RCU restricting CPUs from NR_CPUS=64 to nr_cpu_ids=4.
[    0.000000]  Tasks RCU enabled.
[    0.000000] rcu: Adjusting geometry for rcu_fanout_leaf=16, nr_cpu_ids=4
[    0.000000] NR_IRQS: 64, nr_irqs: 64, preallocated irqs: 0
[    0.000000] arch_timer: cp15 timer(s) running at 19.20MHz (phys).
[    0.000000] clocksource: arch_sys_counter: mask: 0xffffffffffffff max_cycles: 0x46d987e47, max_idle_ns: 440795202767 ns
[    0.000007] sched_clock: 56 bits at 19MHz, resolution 52ns, wraps every 4398046511078ns
[    0.000269] Console: colour dummy device 80x25
[    0.000933] console [tty1] enabled
[    0.001004] Calibrating delay loop (skipped), value calculated using timer frequency.. 38.40 BogoMIPS (lpj=76800)
[    0.001056] pid_max: default: 32768 minimum: 301
[    0.001491] Mount-cache hash table entries: 2048 (order: 2, 16384 bytes)
[    0.001548] Mountpoint-cache hash table entries: 2048 (order: 2, 16384 bytes)
[    0.024105] ASID allocator initialised with 32768 entries
[    0.032102] rcu: Hierarchical SRCU implementation.
[    0.040738] EFI services will not be available.
[    0.048180] smp: Bringing up secondary CPUs ...
[    0.080448] Detected VIPT I-cache on CPU1
[    0.080516] CPU1: Booted secondary processor 0x0000000001 [0x410fd034]
[    0.112574] Detected VIPT I-cache on CPU2
[    0.112622] CPU2: Booted secondary processor 0x0000000002 [0x410fd034]
[    0.144738] Detected VIPT I-cache on CPU3
[    0.144784] CPU3: Booted secondary processor 0x0000000003 [0x410fd034]
[    0.144969] smp: Brought up 1 node, 4 CPUs
[    0.145124] SMP: Total of 4 processors activated.
[    0.145158] CPU features: detected: 32-bit EL0 Support
[    0.146130] CPU: All CPU(s) started at EL2
[    0.146204] alternatives: patching kernel code
[    0.147828] devtmpfs: initialized
[    0.164030] Enabled cp15_barrier support
[    0.164098] Enabled setend support
[    0.164642] clocksource: jiffies: mask: 0xffffffff max_cycles: 0xffffffff, max_idle_ns: 7645041785100000 ns
[    0.164739] futex hash table entries: 1024 (order: 4, 65536 bytes)
[    0.165456] pinctrl core: initialized pinctrl subsystem
[    0.166352] DMI not present or invalid.
[    0.166920] NET: Registered protocol family 16
[    0.173387] cpuidle: using governor menu
[    0.174000] hw-breakpoint: found 6 breakpoint and 4 watchpoint registers.
[    0.178631] DMA: preallocated 1024 KiB pool for atomic allocations
[    0.178812] Serial: AMBA PL011 UART driver
[    0.183406] bcm2835-mbox 3f00b880.mailbox: mailbox enabled
[    0.192933] raspberrypi-firmware soc:firmware: Attached to firmware from 2020-04-15 11:43, variant start
[    0.196951] raspberrypi-firmware soc:firmware: Firmware hash is 82f9bb929ce2186eb1824178c1ae82902ad6275c
[    0.245804] bcm2835-dma 3f007000.dma: DMA legacy API manager at (____ptrval____), dmachans=0x1
[    0.249111] vgaarb: loaded
[    0.249701] SCSI subsystem initialized
[    0.249998] usbcore: registered new interface driver usbfs
[    0.250102] usbcore: registered new interface driver hub
[    0.250265] usbcore: registered new device driver usb
[    0.250443] pps_core: LinuxPPS API ver. 1 registered
[    0.250476] pps_core: Software ver. 5.3.6 - Copyright 2005-2007 Rodolfo Giometti <giometti@linux.it>
[    0.250536] PTP clock support registered
[    0.252328] clocksource: Switched to clocksource arch_sys_counter
[    0.377547] VFS: Disk quotas dquot_6.6.0
[    0.377687] VFS: Dquot-cache hash table entries: 512 (order 0, 4096 bytes)
[    0.377919] FS-Cache: Loaded
[    0.378204] CacheFiles: Loaded
[    0.390223] NET: Registered protocol family 2
[    0.391192] tcp_listen_portaddr_hash hash table entries: 512 (order: 1, 8192 bytes)
[    0.391269] TCP established hash table entries: 8192 (order: 4, 65536 bytes)
[    0.391412] TCP bind hash table entries: 8192 (order: 5, 131072 bytes)
[    0.391630] TCP: Hash tables configured (established 8192 bind 8192)
[    0.391917] UDP hash table entries: 512 (order: 2, 16384 bytes)
[    0.391994] UDP-Lite hash table entries: 512 (order: 2, 16384 bytes)
[    0.392424] NET: Registered protocol family 1
[    0.393411] RPC: Registered named UNIX socket transport module.
[    0.393448] RPC: Registered udp transport module.
[    0.393478] RPC: Registered tcp transport module.
[    0.393508] RPC: Registered tcp NFSv4.1 backchannel transport module.
[    0.396157] hw perfevents: enabled with armv8_cortex_a53 PMU driver, 7 counters available
[    0.396419] kvm [1]: 8-bit VMID
[    0.397263] kvm [1]: Hyp mode initialized successfully
[    0.402209] Initialise system trusted keyrings
[    0.402559] workingset: timestamp_bits=46 max_order=18 bucket_order=0
[    0.414910] FS-Cache: Netfs 'nfs' registered for caching
[    0.420007] NFS: Registering the id_resolver key type
[    0.420067] Key type id_resolver registered
[    0.420098] Key type id_legacy registered
[    0.420140] nfs4filelayout_init: NFSv4 File Layout Driver Registering...
[    0.427873] Key type asymmetric registered
[    0.427923] Asymmetric key parser 'x509' registered
[    0.428023] Block layer SCSI generic (bsg) driver version 0.4 loaded (major 248)
[    0.428372] io scheduler noop registered
[    0.428407] io scheduler deadline registered (default)
[    0.428667] io scheduler cfq registered
[    0.428700] io scheduler mq-deadline registered (default)
[    0.428733] io scheduler kyber registered
[    0.434255] bcm2708_fb soc:fb: FB found 1 display(s)
[    0.443748] Console: switching to colour frame buffer device 82x26
[    0.448747] bcm2708_fb soc:fb: Registered framebuffer for display 0, size 656x416
[    0.456131] Serial: 8250/16550 driver, 1 ports, IRQ sharing enabled
[    0.460661] bcm2835-rng 3f104000.rng: hwrng registered
[    0.463598] vc-mem: phys_addr:0x00000000 mem_base=0x3ec00000 mem_size:0x40000000(1024 MiB)
[    0.469340] gpiomem-bcm2835 3f200000.gpiomem: Initialised: Registers at 0x3f200000
[    0.474853] cacheinfo: Unable to detect cache hierarchy for CPU 0
[    0.493194] brd: module loaded
[    0.511379] loop: module loaded
[    0.515126] Loading iSCSI transport class v2.0-870.
[    0.520465] libphy: Fixed MDIO Bus: probed
[    0.523392] usbcore: registered new interface driver r8152
[    0.526042] usbcore: registered new interface driver lan78xx
[    0.528661] usbcore: registered new interface driver smsc95xx
[    0.531509] dwc_otg: version 3.00a 10-AUG-2012 (platform bus)
[    0.562053] dwc_otg 3f980000.usb: base=(____ptrval____)
[    0.778123] Core Release: 2.80a
[    0.780642] Setting default values for core params
[    0.783153] Finished setting default values for core params
[    0.998668] Using Buffer DMA mode
[    1.001077] Periodic Transfer Interrupt Enhancement - disabled
[    1.003503] Multiprocessor Interrupt Enhancement - disabled
[    1.005941] OTG VER PARAM: 0, OTG VER FLAG: 0
[    1.008282] Dedicated Tx FIFOs mode
[    1.011453] WARN::dwc_otg_hcd_init:1074: FIQ DMA bounce buffers: virt = ffffff80090c1000 dma = 0x00000000fad04000 len=9024
[    1.015995] FIQ FSM acceleration enabled for :
[    1.015995] Non-periodic Split Transactions
[    1.015995] Periodic Split Transactions
[    1.015995] High-Speed Isochronous Endpoints
[    1.015995] Interrupt/Control Split Transaction hack enabled
[    1.026801] WARN::hcd_init_fiq:497: MPHI regs_base at ffffff8008065000
[    1.029116] dwc_otg 3f980000.usb: DWC OTG Controller
[    1.031437] dwc_otg 3f980000.usb: new USB bus registered, assigned bus number 1
[    1.033929] dwc_otg 3f980000.usb: irq 9, io mem 0x00000000
[    1.036371] Init: Port Power? op_state=1
[    1.038705] Init: Power Port (0)
[    1.041410] usb usb1: New USB device found, idVendor=1d6b, idProduct=0002, bcdDevice= 4.19
[    1.046182] usb usb1: New USB device strings: Mfr=3, Product=2, SerialNumber=1
[    1.048753] usb usb1: Product: DWC OTG Controller
[    1.051235] usb usb1: Manufacturer: Linux 4.19.118-v8+ dwc_otg_hcd
[    1.053774] usb usb1: SerialNumber: 3f980000.usb
[    1.057080] hub 1-0:1.0: USB hub found
[    1.059587] hub 1-0:1.0: 1 port detected
[    1.063218] usbcore: registered new interface driver uas
[    1.065686] usbcore: registered new interface driver usb-storage
[    1.068210] mousedev: PS/2 mouse device common for all mice
[    1.072087] bcm2835-wdt bcm2835-wdt: Broadcom BCM2835 watchdog timer
[    1.076732] sdhci: Secure Digital Host Controller Interface driver
[    1.079174] sdhci: Copyright(c) Pierre Ossman
[    1.082284] sdhost-bcm2835 3f202000.mmc: could not get clk, deferring probe
[    1.085046] sdhci-pltfm: SDHCI platform and OF driver helper
[    1.089682] ledtrig-cpu: registered to indicate activity on CPUs
[    1.092410] hidraw: raw HID events driver (C) Jiri Kosina
[    1.095083] usbcore: registered new interface driver usbhid
[    1.097580] usbhid: USB HID core driver
[    1.101393] vchiq: vchiq_init_state: slot_zero = (____ptrval____), is_master = 0
[    1.110212] Initializing XFRM netlink socket
[    1.112726] NET: Registered protocol family 17
[    1.115227] Key type dns_resolver registered
[    1.119041] registered taskstats version 1
[    1.121396] Loading compiled-in X.509 certificates
[    1.135668] uart-pl011 3f201000.serial: cts_event_workaround enabled
[    1.138333] 3f201000.serial: ttyAMA0 at MMIO 0x3f201000 (irq = 66, base_baud = 0) is a PL011 rev2
[    2.128854] console [ttyAMA0] enabled
[    2.137068] bcm2835-power bcm2835-power: Broadcom BCM2835 power domains driver
[    2.148956] sdhost: log_buf @ (____ptrval____) (fad07000)
[    2.206374] mmc0: sdhost-bcm2835 loaded - DMA enabled (>1)
[    2.218294] of_cfs_init
[    2.223440] of_cfs_init: OK
[    2.229699] Waiting for root device PARTUUID=4c999877-02...
[    2.252522] Indeed it is in host mode hprt0 = 00021501
[    2.314680] mmc0: host does not support reading read-only switch, assuming write-enable
[    2.345901] mmc0: new high speed SDHC card at address aaaa
[    2.356172] mmcblk0: mmc0:aaaa SC16G 14.8 GiB
[    2.357589] random: fast init done
[    2.374499]  mmcblk0: p1 p2
[    2.397563] EXT4-fs (mmcblk0p2): INFO: recovery required on readonly filesystem
[    2.407542] EXT4-fs (mmcblk0p2): write access will be enabled during recovery
[    2.429855] EXT4-fs (mmcblk0p2): recovery complete
[    2.458571] EXT4-fs (mmcblk0p2): mounted filesystem with ordered data mode. Opts: (null)
[    2.468412] usb 1-1: new high-speed USB device number 2 using dwc_otg
[    2.471745] VFS: Mounted root (ext4 filesystem) readonly on device 179:2.
[    2.480852] Indeed it is in host mode hprt0 = 00001101
[    2.504523] devtmpfs: mounted
[    2.516566] Freeing unused kernel memory: 1024K
[    2.523761] Run /sbin/init as init process
[    2.708932] usb 1-1: New USB device found, idVendor=0424, idProduct=9514, bcdDevice= 2.00
[    2.722478] usb 1-1: New USB device strings: Mfr=0, Product=0, SerialNumber=0
[    2.733513] hub 1-1:1.0: USB hub found
[    2.740368] hub 1-1:1.0: 5 ports detected
[    3.036402] usb 1-1.1: new high-speed USB device number 3 using dwc_otg
[    3.144909] usb 1-1.1: New USB device found, idVendor=0424, idProduct=ec00, bcdDevice= 2.00
[    3.158629] usb 1-1.1: New USB device strings: Mfr=0, Product=0, SerialNumber=0
[    3.171876] smsc95xx v1.0.6
[    3.246949] smsc95xx 1-1.1:1.0 eth0: register 'smsc95xx' at usb-3f980000.usb-1.1, smsc95xx USB 2.0 Ethernet, b8:27:eb:6d:27:bc
[    3.287744] systemd[1]: System time before build time, advancing clock.
[    3.475124] NET: Registered protocol family 10
[    3.484385] Segment Routing with IPv6
[    3.554021] systemd[1]: systemd 241 running in system mode. (+PAM +AUDIT +SELINUX +IMA +APPARMOR +SMACK +SYSVINIT +UTMP +LIBCRYPTSETUP +GCRYPT +GNUTLS +ACL +XZ +LZ4 +SECCOMP +BL
KID +ELFUTILS +KMOD -IDN2 +IDN -PCRE2 default-hierarchy=hybrid)
[    3.585809] systemd[1]: Detected architecture arm64.
[    3.615648] systemd[1]: Set hostname to <raspberrypi>.
[    3.720681] random: crng init done
[    3.857626] uart-pl011 3f201000.serial: no DMA platform data
[    4.610601] systemd[1]: Created slice User and Session Slice.
[    4.623467] systemd[1]: Reached target Swap.
[    4.635094] systemd[1]: Listening on Journal Socket (/dev/log).
[    4.648015] systemd[1]: Started Dispatch Password Requests to Console Directory Watch.
[    4.665391] systemd[1]: Started Forward Password Requests to Wall Directory Watch.
[    4.683136] systemd[1]: Listening on fsck to fsckd communication Socket.
[    4.696404] systemd[1]: Reached target Paths.
[   10.149292] Unable to handle kernel NULL pointer dereference at virtual address 0000000000000210
[   10.149650] Unable to handle kernel write to read-only memory at virtual address 00000000f6d89002
[   10.152167] Unable to handle kernel paging request at virtual address ffffbfbf00ea84c8
[   10.152176] Mem abort info:
[   10.152181]   ESR = 0x96000004
[   10.152187]   Exception class = DABT (current EL), IL = 32 bits
[   10.152192]   SET = 0, FnV = 0
[   10.152196]   EA = 0, S1PTW = 0
[   10.152201] Data abort info:
[   10.152206]   ISV = 0, ISS = 0x00000004
[   10.152210]   CM = 0, WnR = 0
[   10.152216] [ffffbfbf00ea84c8] address between user and kernel address ranges
[   10.152225] Internal error: Oops: 96000004 [#1] PREEMPT SMP
[   10.152231] Modules linked in: cfg80211(+) rfkill 8021q garp stp llc binfmt_misc bcm2835_codec(C) bcm2835_v4l2(C) v4l2_mem2mem v4l2_common bcm2835_mmal_vchiq(C) videobuf2_vmallo
c videobuf2_dma_contig videobuf2_memops videobuf2_v4l2 videobuf2_common raspberrypi_hwmon hwmon videodev media vc_sm_cma(C) uio_pdrv_genirq uio ip_tables x_tables ipv6
[   10.152285] Process sed (pid: 358, stack limit = 0x0000000083393e21)
[   10.152293] CPU: 3 PID: 358 Comm: sed Tainted: G         C        4.19.118-v8+ #1311
[   10.152297] Hardware name: Raspberry Pi 3 Model B Rev 1.2 (DT)
[   10.152302] pstate: 80000005 (Nzcv daif -PAN -UAO)
[   10.152321] pc : release_pages+0x74/0x388
[   10.152325] lr : release_pages+0x90/0x388
[   10.152328] sp : ffffff800a213af0
[   10.152331] x29: ffffff800a213af0 x28: 0000000000000020 
[   10.152336] x27: ffffffbf00cb6cc8 x26: 0000000000000000 
[   10.152342] x25: ffffff800891f388 x24: 0000000000000000 
[   10.152347] x23: ffffff8008d95680 x22: ffffff800a213b78 
[   10.152352] x21: ffffffc0342bcff8 x20: ffffffc0342bcea0 
[   10.152358] x19: ffffbfbf00ea84c0 x18: 0000000000000000 
[   10.152363] x17: 0000000000000007 x16: 0000000000000000 
[   10.152367] x15: 0000000000000000 x14: 0000000000000000 
[   10.152372] x13: 00000000000ffe00 x12: 00000000ffe01000 
[   10.152377] x11: 0000000000000000 x10: 0000000000000000 
[   10.152382] x9 : 0000004031f0e000 x8 : 0000000000000000 
[   10.152387] x7 : ffffff8008cc8688 x6 : ffffff8008cc8000 
[   10.152392] x5 : ffffff8008cc8e00 x4 : ffffff800822f49c 
[   10.152397] x3 : ffffffbf00ea83c7 x2 : 0000000000000000 
[   10.152402] x1 : ffffffbf00ea84b4 x0 : 0000000000000007 
[   10.152408] Call trace:
[   10.152412]  release_pages+0x74/0x388
[   10.152422]  free_pages_and_swap_cache+0xd4/0x100
[   10.152430]  tlb_flush_mmu_free+0x60/0x80
[   10.152435]  tlb_flush_mmu+0x44/0x168
[   10.152440]  arch_tlb_finish_mmu+0x54/0x88
[   10.152445]  tlb_finish_mmu+0x44/0x68
[   10.152449]  exit_mmap+0xf8/0x178
[   10.152457]  mmput+0x5c/0xe8
[   10.152461]  do_exit+0x2ec/0xa88
[   10.152465]  do_group_exit+0x3c/0xa0
[   10.152469]  __arm64_sys_exit_group+0x24/0x28
[   10.152477]  el0_svc_common+0xf4/0x1c0
[   10.152482]  el0_svc_compat_handler+0x30/0x40
[   10.152487]  el0_svc_compat+0x8/0x18
[   10.152493] Code: f9400273 910e2339 911a02f7 d2800002 (f9400661) 
[   10.152499] ---[ end trace f136cd4862fda50b ]---
[   10.152584] Fixing recursive fault but reboot is needed!
[   10.157510] Adding 102396k swap on /var/swap.  Priority:-2 extents:1 across:102396k SSFS
[   10.160188] Mem abort info:
[   10.160194]   ESR = 0x96000006
[   10.160199]   Exception class = DABT (current EL), IL = 32 bits
[   10.160205]   SET = 0, FnV = 0
[   10.171268] Mem abort info:
[   10.181420]   EA = 0, S1PTW = 0
[   10.185313]   ESR = 0x9600004f
[   10.189435] Data abort info:
[   10.196466]   Exception class = DABT (current EL), IL = 32 bits
[   10.200636]   ISV = 0, ISS = 0x00000006
[   10.204897]   SET = 0, FnV = 0
[   10.208922]   CM = 0, WnR = 0
[   10.213799]   EA = 0, S1PTW = 0
[   10.213806] Data abort info:
[   10.213811]   ISV = 0, ISS = 0x0000004f
[   10.213816]   CM = 0, WnR = 1
[   10.213828] user pgtable: 4k pages, 39-bit VAs, pgdp = 0000000080fc5cab
[   10.217869] user pgtable: 4k pages, 39-bit VAs, pgdp = 00000000f58cf4c1
[   10.226112] [00000000f6d89002] pgd=0000000036da0003, pud=0000000036da0003, pmd=0000000036d1e003, pte=0020000000f08fd3
[   10.232843] [0000000000000210] pgd=0000000038133003, pud=0000000038133003, pmd=0000000000000000
[   10.269642] Internal error: Oops: 9600004f [#2] PREEMPT SMP
[   10.616077] Modules linked in: cfg80211 rfkill 8021q garp stp llc binfmt_misc bcm2835_codec(C) bcm2835_v4l2(C) v4l2_mem2mem v4l2_common bcm2835_mmal_vchiq(C) videobuf2_vmalloc v
ideobuf2_dma_contig videobuf2_memops videobuf2_v4l2 videobuf2_common raspberrypi_hwmon hwmon videodev media vc_sm_cma(C) uio_pdrv_genirq uio ip_tables x_tables ipv6
[   10.651850] Process systemd-journal (pid: 108, stack limit = 0x0000000010bbf1dd)
[   10.661771] CPU: 0 PID: 108 Comm: systemd-journal Tainted: G      D  C        4.19.118-v8+ #1311
[   10.673250] Hardware name: Raspberry Pi 3 Model B Rev 1.2 (DT)
[   10.680516] pstate: 00000005 (nzcv daif -PAN -UAO)
[   10.686771] pc : queued_spin_lock_slowpath+0x15c/0x2c8
[   10.693386] lr : queued_spin_lock_slowpath+0xd0/0x2c8
[   10.699898] sp : ffffff80095bb9e0
[   10.704638] x29: ffffff80095bb9e0 x28: ffffff8008b63000 
[   10.711423] x27: 00000000f6d8a000 x26: ffffffbf0003c1c0 
[   10.718173] x25: ffffffc036d1ec48 x24: 0020000000f08fd3 
[   10.724878] x23: ffffff8008cc9000 x22: 0000000000000000 
[   10.731529] x21: ffffffc03ab7fe80 x20: ffffff8008cb9000 
[   10.738132] x19: 00000000f6d89000 x18: 0000000000000000 
[   10.744710] x17: 0000000041007765 x16: 0000000041007765 
[   10.751238] x15: 0000000000000000 x14: ffffff8008cdbb08 
[   10.757714] x13: 0000000000000000 x12: 0000000000000000 
[   10.764125] x11: 0000000000000000 x10: ffffffc0379a8600 
[   10.770481] x9 : 0000004031ec6000 x8 : 0000000000000000 
[   10.776787] x7 : ffffff8008cc8688 x6 : 0000000000000003 
[   10.783034] x5 : ffffffc03ab7fe80 x4 : 0000000000040000 
[   10.789226] x3 : 00000000f6d89002 x2 : ffffff8008cac018 
[   10.795394] x1 : 0000000000000004 x0 : 0000000000004100 
[   10.801525] Call trace:
[   10.804740]  queued_spin_lock_slowpath+0x15c/0x2c8
[   10.810321]  _raw_spin_lock+0x54/0x60
[   10.814754]  unmap_single_vma+0x68/0x80
[   10.819373]  unmap_vmas+0x74/0xe0
[   10.823445]  exit_mmap+0xd4/0x178
[   10.827517]  mmput+0x5c/0xe8
[   10.831136]  do_exit+0x2ec/0xa88
[   10.835095]  do_group_exit+0x3c/0xa0
[   10.839406]  get_signal+0xd4/0x708
[   10.843539]  do_signal+0x1e4/0x2a8
[   10.847656]  do_notify_resume+0x100/0x130
[   10.852395]  work_pending+0x8/0x14
[   10.856521] Code: d3507c81 91000a63 f9800071 485f7c60 (48027c61) 
[   10.863407] ---[ end trace f136cd4862fda50c ]---
[   10.868829] Internal error: Oops: 96000006 [#3] PREEMPT SMP
[   10.868885] Fixng recursive fault but reboot is needed!
[   10.875244] Modules linked in: cfg80211 rfkill 8021q garp stp llc binfmt_misc bcm2835_codec(C) bcm2835_v4l2(C) v4l2_mem2mem v4l2_common bcm2835_mmal_vchiq(C) videobuf2_vmalloc v
ideobuf2_dma_contig videobuf2_memops videobuf2_v4l2 videobuf2_common raspberrypi_hwmon hwmon videodev media vc_sm_cma(C) uio_pdrv_genirq uio ip_tables x_tables ipv6
