[    0.000000] Booting Linux on physical CPU 0x0000000000 [0x410fd034]
[    0.000000] Linux version 4.19.118-v8+ (dom@buildbot) (gcc version 5.4.0 20160609 (Ubuntu/Linaro 5.4.0-6ubuntu1~16.04.9)) #1311 SMP PREEMPT Mon Apr 27 14:32:38 BST 2020
[    0.000000] Machine model: Raspberry Pi 3 Model B Rev 1.2
[    0.000000] efi: Getting EFI parameters from FDT:
[    0.000000] efi: UEFI not found.
[    0.000000] cma: Reserved 8 MiB at 0x000000003ac00000
[    0.000000] random: get_random_bytes called from start_kernel+0xb8/0x47c with crng_init=0
[    0.000000] percpu: Embedded 24 pages/cpu s58840 r8192 d31272 u98304
[    0.000000] Detected VIPT I-cache on CPU0
[    0.000000] CPU features: enabling workaround for ARM erratum 843419
[    0.000000] CPU features: enabling workaround for ARM erratum 845719
[    0.000000] Built 1 zonelists, mobility grouping on.  Total pages: 238896
[    0.000000] Kernel command line: coherent_pool=1M 8250.nr_uarts=1 snd_bcm2835.enable_compat_alsa=0 snd_bcm2835.enable_hdmi=1 snd_bcm2835.enable_headphones=1 bcm2708_fb.fbwidth=6
56 bcm2708_fb.fbheight=416 bcm2708_fb.fbswap=1 vc_mem.mem_base=0x3ec00000 vc_mem.mem_size=0x40000000  dwc_otg.lpm_enable=0 console=ttyAMA0,115200 console=tty1 root=PARTUUID=4c99987
7-02 rootfstype=ext4 elevator=deadline fsck.repair=yes rootwait
[    0.000000] Dentry cache hash table entries: 131072 (order: 8, 1048576 bytes)
[    0.000000] Inode-cache hash table entries: 65536 (order: 7, 524288 bytes)
[    0.000000] Memory: 929096K/970752K available (8700K kernel code, 1074K rwdata, 2760K rodata, 1024K init, 1126K bss, 33464K reserved, 8192K cma-reserved)
[    0.000000] SLUB: HWalign=64, Order=0-3, MinObjects=0, CPUs=4, Nodes=1
[    0.000000] ftrace: allocating 30496 entries in 120 pages
[    0.000000] rcu: Preemptible hierarchical RCU implementation.
[    0.000000] rcu:     RCU restricting CPUs from NR_CPUS=64 to nr_cpu_ids=4.
[    0.000000]  Tasks RCU enabled.
[    0.000000] rcu: Adjusting geometry for rcu_fanout_leaf=16, nr_cpu_ids=4
[    0.000000] NR_IRQS: 64, nr_irqs: 64, preallocated irqs: 0
[    0.000000] arch_timer: cp15 timer(s) running at 19.20MHz (phys).
[    0.000000] clocksource: arch_sys_counter: mask: 0xffffffffffffff max_cycles: 0x46d987e47, max_idle_ns: 440795202767 ns
[    0.000007] sched_clock: 56 bits at 19MHz, resolution 52ns, wraps every 4398046511078ns
[    0.000269] Console: colour dummy device 80x25
[    0.000934] console [tty1] enabled
[    0.001004] Calibrating delay loop (skipped), value calculated using timer frequency.. 38.40 BogoMIPS (lpj=76800)
[    0.001057] pid_max: default: 32768 minimum: 301
[    0.001489] Mount-cache hash table entries: 2048 (order: 2, 16384 bytes)
[    0.001545] Mountpoint-cache hash table entries: 2048 (order: 2, 16384 bytes)
[    0.024103] ASID allocator initialised with 32768 entries
[    0.032101] rcu: Hierarchical SRCU implementation.
[    0.040730] EFI services will not be available.
[    0.048179] smp: Bringing up secondary CPUs ...
[    0.080447] Detected VIPT I-cache on CPU1
[    0.080515] CPU1: Booted secondary processor 0x0000000001 [0x410fd034]
[    0.112573] Detected VIPT I-cache on CPU2
[    0.112620] CPU2: Booted secondary processor 0x0000000002 [0x410fd034]
[    0.144738] Detected VIPT I-cache on CPU3
[    0.144783] CPU3: Booted secondary processor 0x0000000003 [0x410fd034]
[    0.144968] smp: Brought up 1 node, 4 CPUs
[    0.145122] SMP: Total of 4 processors activated.
[    0.145157] CPU features: detected: 32-bit EL0 Support
[    0.146129] CPU: All CPU(s) started at EL2
[    0.146203] alternatives: patching kernel code
[    0.147826] devtmpfs: initialized
[    0.164027] Enabled cp15_barrier support
[    0.164094] Enabled setend support
[    0.164636] clocksource: jiffies: mask: 0xffffffff max_cycles: 0xffffffff, max_idle_ns: 7645041785100000 ns
[    0.164698] futex hash table entries: 1024 (order: 4, 65536 bytes)
[    0.165450] pinctrl core: initialized pinctrl subsystem
[    0.166342] DMI not present or invalid.
[    0.166906] NET: Registered protocol family 16
[    0.173369] cpuidle: using governor menu
[    0.173980] hw-breakpoint: found 6 breakpoint and 4 watchpoint registers.
[    0.178540] DMA: preallocated 1024 KiB pool for atomic allocations
[    0.178718] Serial: AMBA PL011 UART driver
[    0.183305] bcm2835-mbox 3f00b880.mailbox: mailbox enabled
[    0.192940] raspberrypi-firmware soc:firmware: Attached to firmware from 2020-04-15 11:43, variant start
[    0.196959] raspberrypi-firmware soc:firmware: Firmware hash is 82f9bb929ce2186eb1824178c1ae82902ad6275c
[    0.239158] bcm2835-dma 3f007000.dma: DMA legacy API manager at (____ptrval____), dmachans=0x1
[    0.242706] vgaarb: loaded
[    0.243212] SCSI subsystem initialized
[    0.243508] usbcore: registered new interface driver usbfs
[    0.243612] usbcore: registered new interface driver hub
[    0.243776] usbcore: registered new device driver usb
[    0.243953] pps_core: LinuxPPS API ver. 1 registered
[    0.243987] pps_core: Software ver. 5.3.6 - Copyright 2005-2007 Rodolfo Giometti <giometti@linux.it>
[    0.244048] PTP clock support registered
[    0.245911] clocksource: Switched to clocksource arch_sys_counter
[    0.371189] VFS: Disk quotas dquot_6.6.0
[    0.371330] VFS: Dquot-cache hash table entries: 512 (order 0, 4096 bytes)
[    0.371613] FS-Cache: Loaded
[    0.371891] CacheFiles: Loaded
[    0.383945] NET: Registered protocol family 2
[    0.384909] tcp_listen_portaddr_hash hash table entries: 512 (order: 1, 8192 bytes)
[    0.384985] TCP established hash table entries: 8192 (order: 4, 65536 bytes)
[    0.385128] TCP bind hash table entries: 8192 (order: 5, 131072 bytes)
[    0.385346] TCP: Hash tables configured (established 8192 bind 8192)
[    0.385622] UDP hash table entries: 512 (order: 2, 16384 bytes)
[    0.385698] UDP-Lite hash table entries: 512 (order: 2, 16384 bytes)
[    0.386129] NET: Registered protocol family 1
[    0.387103] RPC: Registered named UNIX socket transport module.
[    0.387140] RPC: Registered udp transport module.
[    0.387171] RPC: Registered tcp transport module.
[    0.387201] RPC: Registered tcp NFSv4.1 backchannel transport module.
[    0.389800] hw perfevents: enabled with armv8_cortex_a53 PMU driver, 7 counters available
[    0.390076] kvm [1]: 8-bit VMID
[    0.390918] kvm [1]: Hyp mode initialized successfully
[    0.395828] Initialise system trusted keyrings
[    0.396182] workingset: timestamp_bits=46 max_order=18 bucket_order=0
[    0.408504] FS-Cache: Netfs 'nfs' registered for caching
[    0.409566] NFS: Registering the id_resolver key type
[    0.409632] Key type id_resolver registered
[    0.409663] Key type id_legacy registered
[    0.409705] nfs4filelayout_init: NFSv4 File Layout Driver Registering...
[    0.417479] Key type asymmetric registered
[    0.417528] Asymmetric key parser 'x509' registered
[    0.417625] Block layer SCSI generic (bsg) driver version 0.4 loaded (major 248)
[    0.417970] io scheduler noop registered
[    0.418006] io scheduler deadline registered (default)
[    0.418312] io scheduler cfq registered
[    0.418345] io scheduler mq-deadline registered (default)
[    0.418379] io scheduler kyber registered
[    0.424253] bcm2708_fb soc:fb: FB found 1 display(s)
[    0.433753] Console: switching to colour frame buffer device 82x26
[    0.438629] bcm2708_fb soc:fb: Registered framebuffer for display 0, size 656x416
[    0.446045] Serial: 8250/16550 driver, 1 ports, IRQ sharing enabled
[    0.450589] bcm2835-rng 3f104000.rng: hwrng registered
[    0.453532] vc-mem: phys_addr:0x00000000 mem_base=0x3ec00000 mem_size:0x40000000(1024 MiB)
[    0.459394] gpiomem-bcm2835 3f200000.gpiomem: Initialised: Registers at 0x3f200000
[    0.464938] cacheinfo: Unable to detect cache hierarchy for CPU 0
[    0.483281] brd: module loaded
[    0.501486] loop: module loaded
[    0.505241] Loading iSCSI transport class v2.0-870.
[    0.510613] libphy: Fixed MDIO Bus: probed
[    0.513560] usbcore: registered new interface driver r8152
[    0.516219] usbcore: registered new interface driver lan78xx
[    0.518829] usbcore: registered new interface driver smsc95xx
[    0.521690] dwc_otg: version 3.00a 10-AUG-2012 (platform bus)
[    0.552213] dwc_otg 3f980000.usb: base=(____ptrval____)
[    0.768329] Core Release: 2.80a
[    0.770846] Setting default values for core params
[    0.773362] Finished setting default values for core params
[    0.989289] Using Buffer DMA mode
[    0.991695] Periodic Transfer Interrupt Enhancement - disabled
[    0.994143] Multiprocessor Interrupt Enhancement - disabled
[    0.996547] OTG VER PARAM: 0, OTG VER FLAG: 0
[    0.998910] Dedicated Tx FIFOs mode
[    1.002147] WARN::dwc_otg_hcd_init:1074: FIQ DMA bounce buffers: virt = ffffff80090c1000 dma = 0x00000000fad04000 len=9024
[    1.006690] FIQ FSM acceleration enabled for :
[    1.006690] Non-periodic Split Transactions
[    1.006690] Periodic Split Transactions
[    1.006690] High-Speed Isochronous Endpoints
[    1.006690] Interrupt/Control Split Transaction hack enabled
[    1.017490] WARN::hcd_init_fiq:497: MPHI regs_base at ffffff8008065000
[    1.019798] dwc_otg 3f980000.usb: DWC OTG Controller
[    1.022160] dwc_otg 3f980000.usb: new USB bus registered, assigned bus number 1
[    1.024622] dwc_otg 3f980000.usb: irq 9, io mem 0x00000000
[    1.027054] Init: Port Power? op_state=1
[    1.029381] Init: Power Port (0)
[    1.032051] usb usb1: New USB device found, idVendor=1d6b, idProduct=0002, bcdDevice= 4.19
[    1.036795] usb usb1: New USB device strings: Mfr=3, Product=2, SerialNumber=1
[    1.039407] usb usb1: Product: DWC OTG Controller
[    1.041885] usb usb1: Manufacturer: Linux 4.19.118-v8+ dwc_otg_hcd
[    1.044418] usb usb1: SerialNumber: 3f980000.usb
[    1.047691] hub 1-0:1.0: USB hub found
[    1.050236] hub 1-0:1.0: 1 port detected
[    1.053860] usbcore: registered new interface driver uas
[    1.056321] usbcore: registered new interface driver usb-storage
[    1.058898] mousedev: PS/2 mouse device common for all mice
[    1.062785] bcm2835-wdt bcm2835-wdt: Broadcom BCM2835 watchdog timer
[    1.067366] sdhci: Secure Digital Host Controller Interface driver
[    1.069805] sdhci: Copyright(c) Pierre Ossman
[    1.072935] sdhost-bcm2835 3f202000.mmc: could not get clk, deferring probe
[    1.075698] sdhci-pltfm: SDHCI platform and OF driver helper
[    1.080375] ledtrig-cpu: registered to indicate activity on CPUs
[    1.083142] hidraw: raw HID events driver (C) Jiri Kosina
[    1.085811] usbcore: registered new interface driver usbhid
[    1.088320] usbhid: USB HID core driver
[    1.092042] vchiq: vchiq_init_state: slot_zero = (____ptrval____), is_master = 0
[    1.100891] Initializing XFRM netlink socket
[    1.103388] NET: Registered protocol family 17
[    1.105953] Key type dns_resolver registered
[    1.109667] registered taskstats version 1
[    1.112026] Loading compiled-in X.509 certificates
[    1.126375] uart-pl011 3f201000.serial: cts_event_workaround enabled
[    1.128988] 3f201000.serial: ttyAMA0 at MMIO 0x3f201000 (irq = 66, base_baud = 0) is a PL011 rev2
[    2.119653] console [ttyAMA0] enabled
[    2.127894] bcm2835-power bcm2835-power: Broadcom BCM2835 power domains driver
[    2.139648] sdhost: log_buf @ (____ptrval____) (fad07000)
[    2.197173] mmc0: sdhost-bcm2835 loaded - DMA enabled (>1)
[    2.209098] of_cfs_init
[    2.214251] of_cfs_init: OK
[    2.220493] Waiting for root device PARTUUID=4c999877-02...
[    2.242118] Indeed it is in host mode hprt0 = 00021501
[    2.304264] mmc0: host does not support reading read-only switch, assuming write-enable
[    2.335480] mmc0: new high speed SDHC card at address aaaa
[    2.345844] mmcblk0: mmc0:aaaa SC16G 14.8 GiB
[    2.358588] random: fast init done
[    2.362457]  mmcblk0: p1 p2
[    2.399039] EXT4-fs (mmcblk0p2): INFO: recovery required on readonly filesystem
[    2.408995] EXT4-fs (mmcblk0p2): write access will be enabled during recovery
[    2.431316] EXT4-fs (mmcblk0p2): recovery complete
[    2.458009] usb 1-1: new high-speed USB device number 2 using dwc_otg
[    2.467327] Indeed it is in host mode hprt0 = 00001101
[    2.475263] EXT4-fs (mmcblk0p2): mounted filesystem with ordered data mode. Opts: (null)
[    2.490015] VFS: Mounted root (ext4 filesystem) readonly on device 179:2.
[    2.511331] devtmpfs: mounted
[    2.523504] Freeing unused kernel memory: 1024K
[    2.530785] Run /sbin/init as init process
[    2.698526] usb 1-1: New USB device found, idVendor=0424, idProduct=9514, bcdDevice= 2.00
[    2.712230] usb 1-1: New USB device strings: Mfr=0, Product=0, SerialNumber=0
[    2.723281] hub 1-1:1.0: USB hub found
[    2.730117] hub 1-1:1.0: 5 ports detected
[    3.025989] usb 1-1.1: new high-speed USB device number 3 using dwc_otg
[    3.134628] usb 1-1.1: New USB device found, idVendor=0424, idProduct=ec00, bcdDevice= 2.00
[    3.148461] usb 1-1.1: New USB device strings: Mfr=0, Product=0, SerialNumber=0
[    3.161717] smsc95xx v1.0.6
[    3.236378] smsc95xx 1-1.1:1.0 eth0: register 'smsc95xx' at usb-3f980000.usb-1.1, smsc95xx USB 2.0 Ethernet, b8:27:eb:6d:27:bc
[    3.291545] systemd[1]: System time before build time, advancing clock.
[    3.478912] NET: Registered protocol family 10
[    3.488202] Segment Routing with IPv6
[    3.557957] systemd[1]: systemd 241 running in system mode. (+PAM +AUDIT +SELINUX +IMA +APPARMOR +SMACK +SYSVINIT +UTMP +LIBCRYPTSETUP +GCRYPT +GNUTLS +ACL +XZ +LZ4 +SECCOMP +BL
KID +ELFUTILS +KMOD -IDN2 +IDN -PCRE2 default-hierarchy=hybrid)
[    3.589796] systemd[1]: Detected architecture arm64.
[    3.619372] systemd[1]: Set hostname to <raspberrypi>.
[    3.703487] random: crng init done
[    3.863141] uart-pl011 3f201000.serial: no DMA platform data
[    4.624963] systemd[1]: Created slice system-getty.slice.
[    4.638589] systemd[1]: Listening on fsck to fsckd communication Socket.
[    4.654211] systemd[1]: Created slice system-systemd\x2dfsck.slice.
[    4.668058] systemd[1]: Listening on Syslog Socket.
[    4.680308] systemd[1]: Listening on Journal Socket (/dev/log).
[    4.693259] systemd[1]: Started Dispatch Password Requests to Console Directory Watch.
[    4.711916] systemd[1]: Set up automount Arbitrary Executable File Formats File System Automount Point.
