[    0.000000] Booting Linux on physical CPU 0x0000000000 [0x410fd034]
[    0.000000] Linux version 4.19.118-v8+ (dom@buildbot) (gcc version 5.4.0 20160609 (Ubuntu/Linaro 5.4.0-6ubuntu1~16.04.9)) #1311 SMP PREEMPT Mon Apr 27 14:32:38 BST 2020
[    0.000000] Machine model: Raspberry Pi 3 Model B Rev 1.2
[    0.000000] efi: Getting EFI parameters from FDT:
[    0.000000] efi: UEFI not found.
[    0.000000] cma: Reserved 8 MiB at 0x000000003ac00000
[    0.000000] random: get_random_bytes called from start_kernel+0xb8/0x47c with crng_init=0
[    0.000000] percpu: Embedded 24 pages/cpu s58840 r8192 d31272 u98304
[    0.000000] Detected VIPT I-cache on CPU0
[    0.000000] CPU features: enabling workaround for ARM erratum 843419
[    0.000000] CPU features: enabling workaround for ARM erratum 845719
[    0.000000] Built 1 zonelists, mobility grouping on.  Total pages: 238896
[    0.000000] Kernel command line: coherent_pool=1M 8250.nr_uarts=1 snd_bcm2835.enable_compat_alsa=0 snd_bcm2835.enable_hdmi=1 snd_bcm2835.enable_headphones=1 bcm2708_fb.fbwidth=6
56 bcm2708_fb.fbheight=416 bcm2708_fb.fbswap=1 vc_mem.mem_base=0x3ec00000 vc_mem.mem_size=0x40000000  dwc_otg.lpm_enable=0 console=ttyAMA0,115200 console=tty1 root=PARTUUID=4c99987
7-02 rootfstype=ext4 elevator=deadline fsck.repair=yes rootwait
[    0.000000] Dentry cache hash table entries: 131072 (order: 8, 1048576 bytes)
[    0.000000] Inode-cache hash table entries: 65536 (order: 7, 524288 bytes)
[    0.000000] Memory: 929096K/970752K available (8700K kernel code, 1074K rwdata, 2760K rodata, 1024K init, 1126K bss, 33464K reserved, 8192K cma-reserved)
[    0.000000] SLUB: HWalign=64, Order=0-3, MinObjects=0, CPUs=4, Nodes=1
[    0.000000] ftrace: allocating 30496 entries in 120 pages
[    0.000000] rcu: Preemptible hierarchical RCU implementation.
[    0.000000] rcu:     RCU restricting CPUs from NR_CPUS=64 to nr_cpu_ids=4.
[    0.000000]  Tasks RCU enabled.
[    0.000000] rcu: Adjusting geometry for rcu_fanout_leaf=16, nr_cpu_ids=4
[    0.000000] NR_IRQS: 64, nr_irqs: 64, preallocated irqs: 0
[    0.000000] arch_timer: cp15 timer(s) running at 19.20MHz (phys).
[    0.000000] clocksource: arch_sys_counter: mask: 0xffffffffffffff max_cycles: 0x46d987e47, max_idle_ns: 440795202767 ns
[    0.000007] sched_clock: 56 bits at 19MHz, resolution 52ns, wraps every 4398046511078ns
[    0.000271] Console: colour dummy device 80x25
[    0.000936] console [tty1] enabled
[    0.001004] Calibrating delay loop (skipped), value calculated using timer frequency.. 38.40 BogoMIPS (lpj=76800)
[    0.001057] pid_max: default: 32768 minimum: 301
[    0.001490] Mount-cache hash table entries: 2048 (order: 2, 16384 bytes)
[    0.001546] Mountpoint-cache hash table entries: 2048 (order: 2, 16384 bytes)
[    0.024106] ASID allocator initialised with 32768 entries
[    0.032102] rcu: Hierarchical SRCU implementation.
[    0.040743] EFI services will not be available.
[    0.048180] smp: Bringing up secondary CPUs ...
[    0.080447] Detected VIPT I-cache on CPU1
[    0.080515] CPU1: Booted secondary processor 0x0000000001 [0x410fd034]
[    0.112573] Detected VIPT I-cache on CPU2
[    0.112621] CPU2: Booted secondary processor 0x0000000002 [0x410fd034]
[    0.144740] Detected VIPT I-cache on CPU3
[    0.144786] CPU3: Booted secondary processor 0x0000000003 [0x410fd034]
[    0.144971] smp: Brought up 1 node, 4 CPUs
[    0.145125] SMP: Total of 4 processors activated.
[    0.145160] CPU features: detected: 32-bit EL0 Support
[    0.146134] CPU: All CPU(s) started at EL2
[    0.146208] alternatives: patching kernel code
[    0.147836] devtmpfs: initialized
[    0.164032] Enabled cp15_barrier support
[    0.164098] Enabled setend support
[    0.164642] clocksource: jiffies: mask: 0xffffffff max_cycles: 0xffffffff, max_idle_ns: 7645041785100000 ns
[    0.164740] futex hash table entries: 1024 (order: 4, 65536 bytes)
[    0.165462] pinctrl core: initialized pinctrl subsystem
[    0.166355] DMI not present or invalid.
[    0.166927] NET: Registered protocol family 16
[    0.173388] cpuidle: using governor menu
[    0.174002] hw-breakpoint: found 6 breakpoint and 4 watchpoint registers.
[    0.178630] DMA: preallocated 1024 KiB pool for atomic allocations
[    0.178808] Serial: AMBA PL011 UART driver
[    0.183400] bcm2835-mbox 3f00b880.mailbox: mailbox enabled
[    0.192934] raspberrypi-firmware soc:firmware: Attached to firmware from 2020-04-15 11:43, variant start
[    0.196953] raspberrypi-firmware soc:firmware: Firmware hash is 82f9bb929ce2186eb1824178c1ae82902ad6275c
[    0.245806] bcm2835-dma 3f007000.dma: DMA legacy API manager at (____ptrval____), dmachans=0x1
[    0.249125] vgaarb: loaded
[    0.249718] SCSI subsystem initialized
[    0.250015] usbcore: registered new interface driver usbfs
[    0.250120] usbcore: registered new interface driver hub
[    0.250282] usbcore: registered new device driver usb
[    0.250461] pps_core: LinuxPPS API ver. 1 registered
[    0.250494] pps_core: Software ver. 5.3.6 - Copyright 2005-2007 Rodolfo Giometti <giometti@linux.it>
[    0.250554] PTP clock support registered
[    0.252347] clocksource: Switched to clocksource arch_sys_counter
[    0.377464] VFS: Disk quotas dquot_6.6.0
[    0.377605] VFS: Dquot-cache hash table entries: 512 (order 0, 4096 bytes)
[    0.377840] FS-Cache: Loaded
[    0.378124] CacheFiles: Loaded
[    0.390281] NET: Registered protocol family 2
[    0.391248] tcp_listen_portaddr_hash hash table entries: 512 (order: 1, 8192 bytes)
[    0.391324] TCP established hash table entries: 8192 (order: 4, 65536 bytes)
[    0.391468] TCP bind hash table entries: 8192 (order: 5, 131072 bytes)
[    0.391697] TCP: Hash tables configured (established 8192 bind 8192)
[    0.391984] UDP hash table entries: 512 (order: 2, 16384 bytes)
[    0.392062] UDP-Lite hash table entries: 512 (order: 2, 16384 bytes)
[    0.392494] NET: Registered protocol family 1
[    0.393478] RPC: Registered named UNIX socket transport module.
[    0.393515] RPC: Registered udp transport module.
[    0.393546] RPC: Registered tcp transport module.
[    0.393576] RPC: Registered tcp NFSv4.1 backchannel transport module.
[    0.396213] hw perfevents: enabled with armv8_cortex_a53 PMU driver, 7 counters available
[    0.396479] kvm [1]: 8-bit VMID
[    0.397319] kvm [1]: Hyp mode initialized successfully
[    0.402240] Initialise system trusted keyrings
[    0.402593] workingset: timestamp_bits=46 max_order=18 bucket_order=0
[    0.414896] FS-Cache: Netfs 'nfs' registered for caching
[    0.415956] NFS: Registering the id_resolver key type
[    0.416016] Key type id_resolver registered
[    0.416047] Key type id_legacy registered
[    0.416089] nfs4filelayout_init: NFSv4 File Layout Driver Registering...
[    0.423967] Key type asymmetric registered
[    0.424017] Asymmetric key parser 'x509' registered
[    0.424139] Block layer SCSI generic (bsg) driver version 0.4 loaded (major 248)
[    0.424509] io scheduler noop registered
[    0.424544] io scheduler deadline registered (default)
[    0.424831] io scheduler cfq registered
[    0.424864] io scheduler mq-deadline registered (default)
[    0.424897] io scheduler kyber registered
[    0.430871] bcm2708_fb soc:fb: FB found 1 display(s)
[    0.440398] Console: switching to colour frame buffer device 82x26
[    0.445309] bcm2708_fb soc:fb: Registered framebuffer for display 0, size 656x416
[    0.452729] Serial: 8250/16550 driver, 1 ports, IRQ sharing enabled
[    0.457318] bcm2835-rng 3f104000.rng: hwrng registered
[    0.460248] vc-mem: phys_addr:0x00000000 mem_base=0x3ec00000 mem_size:0x40000000(1024 MiB)
[    0.466044] gpiomem-bcm2835 3f200000.gpiomem: Initialised: Registers at 0x3f200000
[    0.471571] cacheinfo: Unable to detect cache hierarchy for CPU 0
[    0.489956] brd: module loaded
[    0.508183] loop: module loaded
[    0.511946] Loading iSCSI transport class v2.0-870.
[    0.517281] libphy: Fixed MDIO Bus: probed
[    0.520201] usbcore: registered new interface driver r8152
[    0.522860] usbcore: registered new interface driver lan78xx
[    0.525468] usbcore: registered new interface driver smsc95xx
[    0.528314] dwc_otg: version 3.00a 10-AUG-2012 (platform bus)
[    0.559344] dwc_otg 3f980000.usb: base=(____ptrval____)
[    0.774921] Core Release: 2.80a
[    0.777439] Setting default values for core params
[    0.779950] Finished setting default values for core params
[    0.996096] Using Buffer DMA mode
[    0.998500] Periodic Transfer Interrupt Enhancement - disabled
[    1.000941] Multiprocessor Interrupt Enhancement - disabled
[    1.003347] OTG VER PARAM: 0, OTG VER FLAG: 0
[    1.005708] Dedicated Tx FIFOs mode
[    1.008820] WARN::dwc_otg_hcd_init:1074: FIQ DMA bounce buffers: virt = ffffff80090c1000 dma = 0x00000000fad04000 len=9024
[    1.013340] FIQ FSM acceleration enabled for :
[    1.013340] Non-periodic Split Transactions
[    1.013340] Periodic Split Transactions
[    1.013340] High-Speed Isochronous Endpoints
[    1.013340] Interrupt/Control Split Transaction hack enabled
[    1.024220] WARN::hcd_init_fiq:497: MPHI regs_base at ffffff8008065000
[    1.026526] dwc_otg 3f980000.usb: DWC OTG Controller
[    1.028861] dwc_otg 3f980000.usb: new USB bus registered, assigned bus number 1
[    1.031312] dwc_otg 3f980000.usb: irq 9, io mem 0x00000000
[    1.033740] Init: Port Power? op_state=1
[    1.036066] Init: Power Port (0)
[    1.038738] usb usb1: New USB device found, idVendor=1d6b, idProduct=0002, bcdDevice= 4.19
[    1.043490] usb usb1: New USB device strings: Mfr=3, Product=2, SerialNumber=1
[    1.046105] usb usb1: Product: DWC OTG Controller
[    1.048618] usb usb1: Manufacturer: Linux 4.19.118-v8+ dwc_otg_hcd
[    1.051120] usb usb1: SerialNumber: 3f980000.usb
[    1.054388] hub 1-0:1.0: USB hub found
[    1.056979] hub 1-0:1.0: 1 port detected
[    1.060622] usbcore: registered new interface driver uas
[    1.063040] usbcore: registered new interface driver usb-storage
[    1.065631] mousedev: PS/2 mouse device common for all mice
[    1.069505] bcm2835-wdt bcm2835-wdt: Broadcom BCM2835 watchdog timer
[    1.074054] sdhci: Secure Digital Host Controller Interface driver
[    1.076535] sdhci: Copyright(c) Pierre Ossman
[    1.079628] sdhost-bcm2835 3f202000.mmc: could not get clk, deferring probe
[    1.082386] sdhci-pltfm: SDHCI platform and OF driver helper
[    1.087059] ledtrig-cpu: registered to indicate activity on CPUs
[    1.089806] hidraw: raw HID events driver (C) Jiri Kosina
[    1.092531] usbcore: registered new interface driver usbhid
[    1.095000] usbhid: USB HID core driver
[    1.098744] vchiq: vchiq_init_state: slot_zero = (____ptrval____), is_master = 0
[    1.107617] Initializing XFRM netlink socket
[    1.110121] NET: Registered protocol family 17
[    1.112683] Key type dns_resolver registered
[    1.116454] registered taskstats version 1
[    1.118777] Loading compiled-in X.509 certificates
[    1.133108] uart-pl011 3f201000.serial: cts_event_workaround enabled
[    1.135712] 3f201000.serial: ttyAMA0 at MMIO 0x3f201000 (irq = 66, base_baud = 0) is a PL011 rev2
[    2.126350] console [ttyAMA0] enabled
[    2.134505] bcm2835-power bcm2835-power: Broadcom BCM2835 power domains driver
[    2.146447] sdhost: log_buf @ (____ptrval____) (fad07000)
[    2.203943] mmc0: sdhost-bcm2835 loaded - DMA enabled (>1)
[    2.215832] of_cfs_init
[    2.220987] of_cfs_init: OK
[    2.227228] Waiting for root device PARTUUID=4c999877-02...
[    2.248542] Indeed it is in host mode hprt0 = 00021501
[    2.310699] mmc0: host does not support reading read-only switch, assuming write-enable
[    2.341970] mmc0: new high speed SDHC card at address aaaa
[    2.352265] mmcblk0: mmc0:aaaa SC16G 14.8 GiB
[    2.364745]  mmcblk0: p1 p2
[    2.366731] random: fast init done
[    2.397546] EXT4-fs (mmcblk0p2): INFO: recovery required on readonly filesystem
[    2.407515] EXT4-fs (mmcblk0p2): write access will be enabled during recovery
[    2.433988] EXT4-fs (mmcblk0p2): recovery complete
[    2.461154] EXT4-fs (mmcblk0p2): mounted filesystem with ordered data mode. Opts: (null)
[    2.464447] usb 1-1: new high-speed USB device number 2 using dwc_otg
[    2.474312] VFS: Mounted root (ext4 filesystem) readonly on device 179:2.
[    2.483488] Indeed it is in host mode hprt0 = 00001101
[    2.507089] devtmpfs: mounted
[    2.519111] Freeing unused kernel memory: 1024K
[    2.526321] Run /sbin/init as init process
[    2.712942] usb 1-1: New USB device found, idVendor=0424, idProduct=9514, bcdDevice= 2.00
[    2.726480] usb 1-1: New USB device strings: Mfr=0, Product=0, SerialNumber=0
[    2.737483] hub 1-1:1.0: USB hub found
[    2.744236] hub 1-1:1.0: 5 ports detected
[    3.040424] usb 1-1.1: new high-speed USB device number 3 using dwc_otg
[    3.148931] usb 1-1.1: New USB device found, idVendor=0424, idProduct=ec00, bcdDevice= 2.00
[    3.162600] usb 1-1.1: New USB device strings: Mfr=0, Product=0, SerialNumber=0
[    3.175939] smsc95xx v1.0.6
[    3.251015] smsc95xx 1-1.1:1.0 eth0: register 'smsc95xx' at usb-3f980000.usb-1.1, smsc95xx USB 2.0 Ethernet, b8:27:eb:6d:27:bc
[    3.281533] systemd[1]: System time before build time, advancing clock.
[    3.471066] NET: Registered protocol family 10
[    3.480420] Segment Routing with IPv6
[    3.550152] systemd[1]: systemd 241 running in system mode. (+PAM +AUDIT +SELINUX +IMA +APPARMOR +SMACK +SYSVINIT +UTMP +LIBCRYPTSETUP +GCRYPT +GNUTLS +ACL +XZ +LZ4 +SECCOMP +BL
KID +ELFUTILS +KMOD -IDN2 +IDN -PCRE2 default-hierarchy=hybrid)
[    3.581947] systemd[1]: Detected architecture arm64.
[    3.611462] systemd[1]: Set hostname to <raspberrypi>.
[    3.730448] random: crng init done
[    3.829846] uart-pl011 3f201000.serial: no DMA platform data
[    4.664048] systemd[1]: Listening on Syslog Socket.
[    4.682949] systemd[1]: Created slice system-systemd\x2dfsck.slice.
[    4.697526] systemd[1]: Set up automount Arbitrary Executable File Formats File System Automount Point.
[    4.717326] systemd[1]: Listening on initctl Compatibility Named Pipe.
[    4.763972] systemd[1]: Condition check resulted in Journal Audit Socket being skipped.
[    4.779196] systemd[1]: Listening on udev Control Socket.
[    4.791983] systemd[1]: Listening on udev Kernel Socket.
[   10.229299] Unable to handle kernel NULL pointer dereference at virtual address 0000000000000081
[   10.240500] x19: ffffffc0387fe270 x18: 0000000000000000 
[   10.240505] Internal error: SP/PC alignment exception: 8a000000 [#1] PREEMPT SMP
[   10.240507] x17: 0000000000000000 x16: 0000000000000000 
[   10.246904] Modules linked in: cfg80211 rfkill 8021q garp stp llc binfmt_misc bcm2835_codec(C) bcm2835_v4l2(C) v4l2_mem2mem bcm2835_mmal_vchiq(C)
[   10.262782] x15: 0000000000000000 x14: ffffffffffffffff 
[   10.284505] x13: 0000000000000000 x12: 0000000000000020 
[   10.290947] x11: 0101010101010101 x10: fefefefefefefeff 
[   10.297379] x9 : 7f7f7f7f7f7f7f7f x8 : fefefeff2f677364 
[   10.303828] x7 : 0000000080808080 x6 : 0000000000000000 
[   10.310289] x5 : 8080808000000000 x4 : 0000000000000000 
[   10.316724] x3 : 0000000000000000 x2 : 0000000000001002 
[   10.323134] x1 : 0000000000000201 x0 : 0000000000010000 
[   10.329521] Call trace:
[   10.333042]  __local_bh_disable_ip+0xb8/0xc0
[   10.338422]  _raw_spin_lock_bh+0x28/0x68
[   10.343463]  dev_set_rx_mode+0x24/0x40
[   10.348331]  __dev_change_flags+0x90/0x1b0
[   10.353504]  dev_change_flags+0x34/0x70
[   10.358370]  devinet_ioctl+0x664/0x710
[   10.363116]  inet_ioctl+0x10c/0x260
[   10.367564]  sock_do_ioctl+0x58/0x210
[   10.372136]  compat_sock_ioctl+0x80c/0xb50
[   10.377129]  __arm64_compat_sys_ioctl+0x2e4/0xd18
[   10.382708]  el0_svc_common+0xf4/0x1c0
[   10.387272]  el0_svc_compat_handler+0x30/0x40
[   10.392409]  el0_svc_compat+0x8/0x18
[   10.396752] ---[ end trace cd9fc4b68fd205bc ]---
[   10.402219] WARNING: CPU: 0 PID: 294 at kernel/softirq.c:168 __local_bh_enable_ip+0x78/0xd0
[   10.402769] Mem abort info:
[   10.412271] Modules linked in: cfg80211 rfkill 8021q garp stp llc binfmt_misc bcm2835_codec(C) bcm2835_v4l2(C) v4l2_mem2mem bcm2835_mmal_vchiq(C) v4l2_common videobuf2_dma_conti
g videobuf2_vmalloc videobuf2_memops raspberrypi_hwmon videobuf2_v4l2 hwmon videobuf2_common videodev media vc_sm_cma(C) uio_pdrv_genirq uio ip_tables x_tables ipv6
[   10.412322] CPU: 0 PID: 294 Comm: dhcpcd Tainted: G        WC        4.19.118-v8+ #1311
[   10.412325] Hardware name: Raspberry Pi 3 Model B Rev 1.2 (DT)
[   10.412330] pstate: 00000005 (nzcv daif -PAN -UAO)
[   10.412340] pc : __local_bh_enable_ip+0x78/0xd0
[   10.412347] lr : _raw_spin_unlock_bh+0x30/0x40
[   10.412349] sp : ffffff8009f63a80
[   10.412352] x29: ffffff8009f63a80 x28: 0000000000000000 
[   10.412358] x27: ffffffc038651a00 x26: 0000000000008914 
[   10.412367] x25: 0000000000000000 x24: 0000000000000041 
[   10.416065]   ESR = 0x96000021
[   10.451346] x23: 0000000000000000 x22: 0000000000001002 
[   10.451352] x21: ffffff8008cc8000 x20: ffffffc0387fe270 
[   10.451357] x19: 0000000000000201 x18: 0000000000000000 
[   10.451362] x17: 0000000000000000 x16: 0000000000000000 
[   10.451368] x15: 0000000000000000 x14: ffffffffffffffff 
[   10.461724]   Exception class = DABT (current EL), IL = 32 bits
[   10.468764] x13: 0000000000000000 x12: 0000000000000020 
[   10.468769] x11: 0101010101010101 x10: fefefefefefefeff 
[   10.468774] x9 : 7f7f7f7f7f7f7f7f x8 : fefefeff2f677364 
[   10.474828]   SET = 0, FnV = 0
[   10.480581] x7 : 0000000080808080 x6 : 0000000000000000 
[   10.480586] x5 : 8080808000000000 x4 : 0000000000000000 
[   10.480590] x3 : 0000000000000000 x2 : 0000000000000001 
[   10.480596] x1 : 0000000000000201 x0 : 0000000000010201 
[   10.486305]   EA = 0, S1PTW = 0
[   10.490837] Call trace:
[   10.490847]  __local_bh_enable_ip+0x78/0xd0
[   10.490855]  _raw_spin_unlock_bh+0x30/0x40
[   10.497418] Data abort info:
[   10.503945]  dev_set_rx_mode+0x34/0x40
[   10.503950]  __dev_change_flags+0x90/0x1b0
[   10.503956]  dev_change_flags+0x34/0x70
[   10.510502]   ISV = 0, ISS = 0x00000021
[   10.514759]  devinet_ioctl+0x664/0x710
[   10.514764]  inet_ioctl+0x10c/0x260
[   10.514770]  sock_do_ioctl+0x58/0x210
[   10.514775]  compat_sock_ioctl+0x80c/0xb50
[   10.521348]   CM = 0, WnR = 0
[   10.527854]  __arm64_compat_sys_ioctl+0x2e4/0xd18
[   10.527862]  el0_svc_common+0xf4/0x1c0
[   10.527868]  el0_svc_compat_handler+0x30/0x40
[   10.534354] user pgtable: 4k pages, 39-bit VAs, pgdp = 0000000059a3f55a
[   10.540789]  el0_svc_compat+0x8/0x18
[   10.540793] ---[ end trace cd9fc4b68fd205bd ]---
[   10.695333] [0000000000000081] pgd=0000000038127003, pud=0000000038127003, pmd=0000000000000000
