[    0.000000] Booting Linux on physical CPU 0x0
[    0.000000] Linux version 4.19.118-v7+ (dom@buildbot) (gcc version 4.9.3 (crosstool-NG crosstool-ng-1.22.0-88-g8460611)) #1311 SMP Mon Apr 27 14:21:24 BST 2020
[    0.000000] CPU: ARMv7 Processor [410fd034] revision 4 (ARMv7), cr=10c5383d
[    0.000000] CPU: div instructions available: patching division code
[    0.000000] CPU: PIPT / VIPT nonaliasing data cache, VIPT aliasing instruction cache
[    0.000000] OF: fdt: Machine model: Raspberry Pi 3 Model B Rev 1.2
[    0.000000] Memory policy: Data cache writealloc
[    0.000000] cma: Reserved 8 MiB at 0x3ac00000
[    0.000000] random: get_random_bytes called from start_kernel+0xac/0x4b4 with crng_init=0
[    0.000000] percpu: Embedded 16 pages/cpu s36864 r8192 d20480 u65536
[    0.000000] Built 1 zonelists, mobility grouping on.  Total pages: 240555
[    0.000000] Kernel command line: coherent_pool=1M 8250.nr_uarts=1 snd_bcm2835.enable_compat_alsa=0 snd_bcm2835.enable_hdmi=1 snd_bcm2835.enable_headphones=1 bcm2708_fb.fbwidth=
656 bcm2708_fb.fbheight=416 bcm2708_fb.fbswap=1 vc_mem.mem_base=0x3ec00000 vc_mem.mem_size=0x40000000  dwc_otg.lpm_enable=0 console=ttyAMA0,115200 console=tty1 root=PARTUUID=4c999
877-02 rootfstype=ext4 elevator=deadline fsck.repair=yes rootwait
[    0.000000] Dentry cache hash table entries: 131072 (order: 7, 524288 bytes)
[    0.000000] Inode-cache hash table entries: 65536 (order: 6, 262144 bytes)
[    0.000000] Memory: 939064K/970752K available (8192K kernel code, 656K rwdata, 2232K rodata, 1024K init, 831K bss, 23496K reserved, 8192K cma-reserved)
[    0.000000] Virtual kernel memory layout:
[    0.000000]     vector  : 0xffff0000 - 0xffff1000   (   4 kB)
[    0.000000]     fixmap  : 0xffc00000 - 0xfff00000   (3072 kB)
[    0.000000]     vmalloc : 0xbb800000 - 0xff800000   (1088 MB)
[    0.000000]     lowmem  : 0x80000000 - 0xbb400000   ( 948 MB)
[    0.000000]     modules : 0x7f000000 - 0x80000000   (  16 MB)
[    0.000000]       .text : 0x(ptrval) - 0x(ptrval)   (9184 kB)
[    0.000000]       .init : 0x(ptrval) - 0x(ptrval)   (1024 kB)
[    0.000000]       .data : 0x(ptrval) - 0x(ptrval)   ( 657 kB)
[    0.000000]        .bss : 0x(ptrval) - 0x(ptrval)   ( 832 kB)
[    0.000000] SLUB: HWalign=64, Order=0-3, MinObjects=0, CPUs=4, Nodes=1
[    0.000000] ftrace: allocating 27093 entries in 80 pages
[    0.000000] rcu: Hierarchical RCU implementation.
[    0.000000] NR_IRQS: 16, nr_irqs: 16, preallocated irqs: 16
[    0.000000] arch_timer: cp15 timer(s) running at 19.20MHz (phys).
[    0.000000] clocksource: arch_sys_counter: mask: 0xffffffffffffff max_cycles: 0x46d987e47, max_idle_ns: 440795202767 ns
[    0.000007] sched_clock: 56 bits at 19MHz, resolution 52ns, wraps every 4398046511078ns
[    0.000023] Switching to timer-based delay loop, resolution 52ns
[    0.000274] Console: colour dummy device 80x30
[    0.000909] console [tty1] enabled
[    0.000968] Calibrating delay loop (skipped), value calculated using timer frequency.. 38.40 BogoMIPS (lpj=192000)
[    0.001011] pid_max: default: 32768 minimum: 301
[    0.001376] Mount-cache hash table entries: 2048 (order: 1, 8192 bytes)
[    0.001412] Mountpoint-cache hash table entries: 2048 (order: 1, 8192 bytes)
[    0.002366] CPU: Testing write buffer coherency: ok
[    0.002847] CPU0: thread -1, cpu 0, socket 0, mpidr 80000000
[    0.003528] Setting up static identity map for 0x100000 - 0x10003c
[    0.003697] rcu: Hierarchical SRCU implementation.
[    0.004525] smp: Bringing up secondary CPUs ...
[    0.005441] CPU1: thread -1, cpu 1, socket 0, mpidr 80000001
[    0.006412] CPU2: thread -1, cpu 2, socket 0, mpidr 80000002
[    0.007325] CPU3: thread -1, cpu 3, socket 0, mpidr 80000003
[    0.007439] smp: Brought up 1 node, 4 CPUs
[    0.007520] SMP: Total of 4 processors activated (153.60 BogoMIPS).
[    0.007544] CPU: All CPU(s) started in HYP mode.
[    0.007564] CPU: Virtualization extensions available.
[    0.008558] devtmpfs: initialized
[    0.021914] VFP support v0.3: implementor 41 architecture 3 part 40 variant 3 rev 4
[    0.022190] clocksource: jiffies: mask: 0xffffffff max_cycles: 0xffffffff, max_idle_ns: 19112604462750000 ns
[    0.022240] futex hash table entries: 1024 (order: 4, 65536 bytes)
[    0.022845] pinctrl core: initialized pinctrl subsystem
[    0.023722] NET: Registered protocol family 16
[    0.026921] DMA: preallocated 1024 KiB pool for atomic coherent allocations
[    0.032839] hw-breakpoint: found 5 (+1 reserved) breakpoint and 4 watchpoint registers.
[    0.032875] hw-breakpoint: maximum watchpoint size is 8 bytes.
[    0.033098] Serial: AMBA PL011 UART driver
[    0.035435] bcm2835-mbox 3f00b880.mailbox: mailbox enabled
[    0.050032] raspberrypi-firmware soc:firmware: Attached to firmware from 2020-04-15 11:43, variant start
[    0.060045] raspberrypi-firmware soc:firmware: Firmware hash is 82f9bb929ce2186eb1824178c1ae82902ad6275c
[    0.103131] bcm2835-dma 3f007000.dma: DMA legacy API manager at (ptrval), dmachans=0x1
[    0.104782] SCSI subsystem initialized
[    0.105016] usbcore: registered new interface driver usbfs
[    0.105097] usbcore: registered new interface driver hub
[    0.105210] usbcore: registered new device driver usb
[    0.106952] clocksource: Switched to clocksource arch_sys_counter
[    0.197532] VFS: Disk quotas dquot_6.6.0
[    0.197642] VFS: Dquot-cache hash table entries: 1024 (order 0, 4096 bytes)
[    0.197844] FS-Cache: Loaded
[    0.198072] CacheFiles: Loaded
[    0.208103] NET: Registered protocol family 2
[    0.208977] tcp_listen_portaddr_hash hash table entries: 512 (order: 0, 6144 bytes)
[    0.209042] TCP established hash table entries: 8192 (order: 3, 32768 bytes)
[    0.209172] TCP bind hash table entries: 8192 (order: 4, 65536 bytes)
[    0.209376] TCP: Hash tables configured (established 8192 bind 8192)
[    0.209530] UDP hash table entries: 512 (order: 2, 16384 bytes)
[    0.209600] UDP-Lite hash table entries: 512 (order: 2, 16384 bytes)
[    0.209857] NET: Registered protocol family 1
[    0.210451] RPC: Registered named UNIX socket transport module.
[    0.210478] RPC: Registered udp transport module.
[    0.210499] RPC: Registered tcp transport module.
[    0.210521] RPC: Registered tcp NFSv4.1 backchannel transport module.
[    0.212386] hw perfevents: enabled with armv7_cortex_a7 PMU driver, 7 counters available
[    0.215480] Initialise system trusted keyrings
[    0.215695] workingset: timestamp_bits=14 max_order=18 bucket_order=4
[    0.225639] FS-Cache: Netfs 'nfs' registered for caching
[    0.226221] NFS: Registering the id_resolver key type
[    0.226268] Key type id_resolver registered
[    0.226291] Key type id_legacy registered
[    0.226322] nfs4filelayout_init: NFSv4 File Layout Driver Registering...
[    0.231779] Key type asymmetric registered
[    0.231815] Asymmetric key parser 'x509' registered
[    0.231891] Block layer SCSI generic (bsg) driver version 0.4 loaded (major 250)
[    0.232098] io scheduler noop registered
[    0.232123] io scheduler deadline registered (default)
[    0.232362] io scheduler cfq registered
[    0.232386] io scheduler mq-deadline registered (default)
[    0.232410] io scheduler kyber registered
[    0.235478] bcm2708_fb soc:fb: FB found 1 display(s)
[    0.244419] Console: switching to colour frame buffer device 82x26
[    0.251289] bcm2708_fb soc:fb: Registered framebuffer for display 0, size 656x416
[    0.256965] Serial: 8250/16550 driver, 1 ports, IRQ sharing enabled
[    0.260778] bcm2835-rng 3f104000.rng: hwrng registered
[    0.263464] vc-mem: phys_addr:0x00000000 mem_base=0x3ec00000 mem_size:0x40000000(1024 MiB)
[    0.268866] vc-sm: Videocore shared memory driver
[    0.271673] gpiomem-bcm2835 3f200000.gpiomem: Initialised: Registers at 0x3f200000
[    0.287610] brd: module loaded
[    0.300312] loop: module loaded
[    0.303408] Loading iSCSI transport class v2.0-870.
[    0.306586] libphy: Fixed MDIO Bus: probed
[    0.309127] usbcore: registered new interface driver lan78xx
[    0.311645] usbcore: registered new interface driver smsc95xx
[    0.314080] dwc_otg: version 3.00a 10-AUG-2012 (platform bus)
[    0.344389] dwc_otg 3f980000.usb: base=(ptrval)
[    0.547122] Core Release: 2.80a
[    0.549571] Setting default values for core params
[    0.552068] Finished setting default values for core params
[    0.754835] Using Buffer DMA mode
[    0.757256] Periodic Transfer Interrupt Enhancement - disabled
[    0.759671] Multiprocessor Interrupt Enhancement - disabled
[    0.762058] OTG VER PARAM: 0, OTG VER FLAG: 0
[    0.764404] Dedicated Tx FIFOs mode
[    0.767132] WARN::dwc_otg_hcd_init:1074: FIQ DMA bounce buffers: virt = bad04000 dma = 0xfad04000 len=9024
[    0.771716] FIQ FSM acceleration enabled for :
[    0.771716] Non-periodic Split Transactions
[    0.771716] Periodic Split Transactions
[    0.771716] High-Speed Isochronous Endpoints
[    0.771716] Interrupt/Control Split Transaction hack enabled
[    0.782680] WARN::hcd_init_fiq:457: FIQ on core 1
[    0.784911] WARN::hcd_init_fiq:458: FIQ ASM at 8068fda0 length 36
[    0.787126] WARN::hcd_init_fiq:497: MPHI regs_base at bb810000
[    0.789383] dwc_otg 3f980000.usb: DWC OTG Controller
[    0.791658] dwc_otg 3f980000.usb: new USB bus registered, assigned bus number 1
[    0.793982] dwc_otg 3f980000.usb: irq 56, io mem 0x00000000
[    0.796289] Init: Port Power? op_state=1
[    0.798549] Init: Power Port (0)
[    0.800971] usb usb1: New USB device found, idVendor=1d6b, idProduct=0002, bcdDevice= 4.19
[    0.805479] usb usb1: New USB device strings: Mfr=3, Product=2, SerialNumber=1
[    0.807914] usb usb1: Product: DWC OTG Controller
[    0.810280] usb usb1: Manufacturer: Linux 4.19.118-v7+ dwc_otg_hcd
[    0.812706] usb usb1: SerialNumber: 3f980000.usb
[    0.815646] hub 1-0:1.0: USB hub found
[    0.817956] hub 1-0:1.0: 1 port detected
[    0.821004] usbcore: registered new interface driver usb-storage
[    0.823466] mousedev: PS/2 mouse device common for all mice
[    0.826605] bcm2835-wdt bcm2835-wdt: Broadcom BCM2835 watchdog timer
[    0.829261] bcm2835-cpufreq: min=600000 max=1200000
[    0.832082] sdhci: Secure Digital Host Controller Interface driver
[    0.834496] sdhci: Copyright(c) Pierre Ossman
[    0.837331] sdhost-bcm2835 3f202000.mmc: could not get clk, deferring probe
[    0.839995] sdhci-pltfm: SDHCI platform and OF driver helper
[    0.844047] ledtrig-cpu: registered to indicate activity on CPUs
[    0.846779] hidraw: raw HID events driver (C) Jiri Kosina
[    0.849545] usbcore: registered new interface driver usbhid
[    0.852090] usbhid: USB HID core driver
[    0.855385] vchiq: vchiq_init_state: slot_zero = (ptrval), is_master = 0
[    0.859540] [vc_sm_connected_init]: start
[    0.868982] [vc_sm_connected_init]: end - returning 0
[    0.872518] Initializing XFRM netlink socket
[    0.874906] NET: Registered protocol family 17
[    0.877390] Key type dns_resolver registered
[    0.880364] Registering SWP/SWPB emulation handler
[    0.883376] registered taskstats version 1
[    0.885761] Loading compiled-in X.509 certificates
[    0.894793] uart-pl011 3f201000.serial: cts_event_workaround enabled
[    0.897365] 3f201000.serial: ttyAMA0 at MMIO 0x3f201000 (irq = 81, base_baud = 0) is a PL011 rev2
[    1.900596] console [ttyAMA0] enabled
[    1.908677] sdhost: log_buf @ (ptrval) (fad07000)
[    1.963625] mmc0: sdhost-bcm2835 loaded - DMA enabled (>1)
[    1.972814] of_cfs_init
[    1.977664] of_cfs_init: OK
[    1.983222] Waiting for root device PARTUUID=4c999877-02...
[    2.017072] Indeed it is in host mode hprt0 = 00021501
[    2.111856] random: fast init done
[    2.122565] mmc0: host does not support reading read-only switch, assuming write-enable
[    2.141673] mmc0: new high speed SDHC card at address aaaa
[    2.150659] mmcblk0: mmc0:aaaa SL16G 14.8 GiB
[    2.163874]  mmcblk0: p1 p2
[    2.211174] EXT4-fs (mmcblk0p2): mounted filesystem with ordered data mode. Opts: (null)
[    2.224248] VFS: Mounted root (ext4 filesystem) readonly on device 179:2.
[    2.226999] usb 1-1: new high-speed USB device number 2 using dwc_otg
[    2.242892] Indeed it is in host mode hprt0 = 00001101
[    2.244949] devtmpfs: mounted
[    2.312477] Freeing unused kernel memory: 1024K
[    2.319928] Run /sbin/init as init process
[    2.487331] usb 1-1: New USB device found, idVendor=0424, idProduct=9514, bcdDevice= 2.00
[    2.500696] usb 1-1: New USB device strings: Mfr=0, Product=0, SerialNumber=0
[    2.511247] hub 1-1:1.0: USB hub found
[    2.517880] hub 1-1:1.0: 5 ports detected
[    2.837007] usb 1-1.1: new high-speed USB device number 3 using dwc_otg
[    2.960254] systemd[1]: System time before build time, advancing clock.
[    2.967310] usb 1-1.1: New USB device found, idVendor=0424, idProduct=ec00, bcdDevice= 2.00
[    2.983567] usb 1-1.1: New USB device strings: Mfr=0, Product=0, SerialNumber=0
[    2.996291] smsc95xx v1.0.6
[    3.056888] systemd[1]: systemd 241 running in system mode. (+PAM +AUDIT +SELINUX +IMA +APPARMOR +SMACK +SYSVINIT +UTMP +LIBCRYPTSETUP +GCRYPT +GNUTLS +ACL +XZ +LZ4 +SECCOMP +B
LKID +ELFUTILS +KMOD -IDN2 +IDN -PCRE2 default-hierarchy=hybrid)
[    3.088381] systemd[1]: Detected architecture arm.
[    3.090586] smsc95xx 1-1.1:1.0 eth0: register 'smsc95xx' at usb-3f980000.usb-1.1, smsc95xx USB 2.0 Ethernet, b8:27:eb:6d:27:bc
[    3.133399] systemd[1]: Set hostname to <raspberrypi>.
[    3.354436] uart-pl011 3f201000.serial: no DMA platform data
[    4.019549] random: systemd: uninitialized urandom read (16 bytes read)
[    4.040409] random: systemd: uninitialized urandom read (16 bytes read)
[    4.050630] systemd[1]: Listening on udev Control Socket.
[    4.063219] random: systemd: uninitialized urandom read (16 bytes read)
[    4.073431] systemd[1]: Set up automount Arbitrary Executable File Formats File System Automount Point.
[    4.096215] systemd[1]: Created slice User and Session Slice.
[    4.109234] systemd[1]: Listening on Journal Socket (/dev/log).
[    4.121712] systemd[1]: Started Forward Password Requests to Wall Directory Watch.
[    4.138243] systemd[1]: Reached target Slices.
[    4.149469] systemd[1]: Listening on Journal Socket.

Raspbian GNU/Linux 10 raspberrypi ttyAMA0

raspberrypi login: [ 5728.272888] Unhandled fault: alignment exception (0x001) at 0x00107ba6
[ 5728.282032] pgd = f9d0c0a5
[ 5728.287263] [00107ba6] *pgd=39714835, *pte=1664c79f, *ppte=1664ce7f
[ 5728.327974] Unhandled fault: alignment exception (0x001) at 0x7e95abeb
[ 5728.337725] pgd = cf1147e7
[ 5728.343504] [7e95abeb] *pgd=365ac835, *pte=2d7f875f, *ppte=2d7f8c7f
[ 5728.435538] Unhandled fault: alignment exception (0x001) at 0xffffffff
[ 5728.445361] pgd = ba3e73f7
[ 5728.451280] [ffffffff] *pgd=3abfa861, *pte=00000000, *ppte=00000000
[ 5728.469079] Unhandled fault: alignment exception (0x001) at 0xffffffff
[ 5728.479043] pgd = ba3e73f7
[ 5728.485199] [ffffffff] *pgd=3abfa861, *pte=00000000, *ppte=00000000
[ 5728.507277] Unhandled fault: alignment exception (0x001) at 0xffffffff
[ 5728.517458] pgd = be9ec5ba
[ 5728.523751] [ffffffff] *pgd=3abfa861, *pte=00000000, *ppte=00000000
[ 5728.998173] Unhandled fault: alignment exception (0x801) at 0xffffffdf
[ 5729.008864] pgd = be9ec5ba
[ 5729.015652] [ffffffdf] *pgd=3abfa861, *pte=00000000, *ppte=00000000
[ 5729.046528] Unhandled fault: alignment exception (0x801) at 0xffffffdf
[ 5729.057510] pgd = d21f495c
[ 5729.064816] [ffffffdf] *pgd=3abfa861, *pte=00000000, *ppte=00000000
[ 5729.101433] Unhandled fault: alignment exception (0x801) at 0xffffffdf
[ 5729.112560] pgd = d21f495c
[ 5729.119612] [ffffffdf] *pgd=3abfa861, *pte=00000000, *ppte=00000000
[ 5730.840577] Unhandled fault: alignment exception (0x801) at 0x00107c5c
[ 5730.851939] pgd = 4dd6991e
[ 5730.859149] [00107c5c] *pgd=35d45835, *pte=1664c79f, *ppte=1664ce7f
[ 5730.874815] Unhandled fault: alignment exception (0x801) at 0x00000003
[ 5730.885850] Unhandled fault: alignment exception (0x801) at 0x00107c5c
[ 5730.885858] pgd = be9ec5ba
[ 5730.885871] [00000003] *pgd=36568835, *pte=00000000, *ppte=00000000
[ 5730.896566] pgd = 4dd6991e
[ 5730.921092] [00107c5c] *pgd=3083b835, *pte=1664c79f, *ppte=1664ce7f
[ 5731.580052] Unhandled fault: alignment exception (0x801) at 0xffffffdf
[ 5731.591088] pgd = ba3e73f7
[ 5731.598031] [ffffffdf] *pgd=3abfa861, *pte=00000000, *ppte=00000000
[ 5732.047142] Unhandled prefetch abort: unknown 1 (0x001) at 0xca00078e
[ 5732.071351] Unhandled prefetch abort: unknown 1 (0x001) at 0xca00078e
[ 5733.221077] Unhandled prefetch abort: breakpoint debug exception (0x002) at 0x76c4a010
[ 5733.254653] Unhandled prefetch abort: breakpoint debug exception (0x002) at 0x76c4a00c
[ 5733.294507] Unhandled prefetch abort: breakpoint debug exception (0x002) at 0x76c4a008
[ 5733.318110] Unhandled prefetch abort: breakpoint debug exception (0x002) at 0x76c4a004
[ 5733.351189] Unhandled prefetch abort: breakpoint debug exception (0x002) at 0x76c4a000
[ 5734.367162] Unhandled fault: alignment exception (0x001) at 0xffffffd3
[ 5734.378797] pgd = 4dd6991e
[ 5734.386611] [ffffffd3] *pgd=3abfa861, *pte=00000000, *ppte=00000000
[ 5734.404788] Unhandled fault: alignment exception (0x001) at 0xffffffd3
[ 5734.416423] pgd = 4dd6991e
[ 5734.424374] [ffffffd3] *pgd=3abfa861, *pte=00000000, *ppte=00000000
[ 5734.442191] Unhandled fault: alignment exception (0x001) at 0xffffffd3
[ 5734.453808] pgd = 4dd6991e
[ 5734.462006] [ffffffd3] *pgd=3abfa861, *pte=00000000, *ppte=00000000
[ 5734.983460] Unhandled fault: alignment exception (0x801) at 0x00107c5c
[ 5734.995283] pgd = ba3e73f7
[ 5735.003192] [00107c5c] *pgd=39405835, *pte=1664c79f, *ppte=1664ce7f
[ 5735.028602] Unhandled fault: alignment exception (0x801) at 0x00107c5c
[ 5735.040805] pgd = ba3e73f7
[ 5735.048907] [00107c5c] *pgd=2580a835, *pte=1664c79f, *ppte=1664ce7f
[ 5735.074473] Unhandled fault: alignment exception (0x801) at 0x00107c5c
[ 5735.086204] pgd = 2064f4fd
[ 5735.093869] [00107c5c] *pgd=2580a835, *pte=1664c79f, *ppte=1664ce7f
[ 5735.127019] Unhandled fault: alignment exception (0x801) at 0x00107c5c
[ 5735.138851] pgd = be9ec5ba
[ 5735.146529] [00107c5c] *pgd=36410835, *pte=1664c79f, *ppte=1664ce7f
[ 5735.175518] Unhandled fault: alignment exception (0x801) at 0x00107c5c
[ 5735.186928] pgd = be9ec5ba
[ 5735.194456] [00107c5c] *pgd=3960e835, *pte=1664c79f, *ppte=1664ce7f
[ 5735.473822] Unhandled fault: alignment exception (0x801) at 0x000f1d94
[ 5735.485056] pgd = d21f495c
[ 5735.492104] [000f1d94] *pgd=37d5c835, *pte=00000000, *ppte=00000000
[ 5735.583727] Unhandled prefetch abort: breakpoint debug exception (0x002) at 0x76c4a000
[ 5736.044922] Unhandled fault: alignment exception (0x801) at 0xffffffd7
[ 5736.056157] pgd = be9ec5ba
[ 5736.063442] [ffffffd7] *pgd=3abfa861, *pte=00000000, *ppte=00000000
[ 5736.088547] Unhandled fault: alignment exception (0x801) at 0xffffffd7
[ 5736.099540] pgd = f9d0c0a5
[ 5736.106625] [ffffffd7] *pgd=3abfa861, *pte=00000000, *ppte=00000000
[ 5736.229232] Unhandled fault: alignment exception (0x001) at 0x76c49fc9
[ 5736.240425] pgd = 4dd6991e
[ 5736.247795] [76c49fc9] *pgd=30b1b835, *pte=06fcaedf, *ppte=00000000
[ 5736.785017] Unhandled fault: alignment exception (0x801) at 0xffffffe7
[ 5736.795997] pgd = 2064f4fd
[ 5736.802975] [ffffffe7] *pgd=3abfa861, *pte=00000000, *ppte=00000000
[ 5736.829710] Unhandled fault: alignment exception (0x801) at 0xffffffe7
[ 5736.840983] pgd = 2064f4fd
[ 5736.847987] [ffffffe7] *pgd=3abfa861
[ 5736.855738] Unhandled fault: alignment exception (0x801) at 0xffffffff
[ 5736.855748] pgd = f9d0c0a5
[ 5736.855757] [ffffffff] *pgd=3abfa861, *pte=00000000, *ppte=00000000
[ 5736.888272] Unhandled fault: alignment exception (0x801) at 0xffffffff
[ 5736.899716] pgd = f9d0c0a5
[ 5736.907258] [ffffffff] *pgd=3abfa861, *pte=00000000, *ppte=00000000
[ 5736.931930] Unhandled fault: alignment exception (0x801) at 0xffffffff
[ 5736.943387] pgd = f9d0c0a5
[ 5736.950965] [ffffffff] *pgd=3abfa861, *pte=00000000, *ppte=00000000
[ 5736.970019] Unhandled fault: alignment exception (0x801) at 0xffffffff
[ 5736.981272] pgd = f9d0c0a5
[ 5736.988366] [ffffffff] *pgd=3abfa861, *pte=00000000, *ppte=00000000
[ 5738.254333] Unhandled fault: alignment exception (0x001) at 0xffffffe5
[ 5738.265544] pgd = 2064f4fd
[ 5738.273227] [ffffffe5] *pgd=3abfa861, *pte=00000000, *ppte=00000000
[ 5738.295894] Unhandled fault: alignment exception (0x001) at 0xffffffe5
[ 5738.307288] pgd = f9d0c0a5
[ 5738.314756] [ffffffe5] *pgd=3abfa861, *pte=00000000, *ppte=00000000
[ 5738.558339] Unhandled fault: alignment exception (0x001) at 0xffffffe7
[ 5738.569649] pgd = ba3e73f7
[ 5738.577226] [ffffffe7] *pgd=3abfa861, *pte=00000000, *ppte=00000000
[ 5739.036852] Unhandled fault: alignment exception (0x001) at 0xffffffff
[ 5739.048248] pgd = f9d0c0a5
[ 5739.055883] [ffffffff] *pgd=3abfa861, *pte=00000000, *ppte=00000000
[ 5739.073552] Unhandled fault: alignment exception (0x001) at 0xffffffff
[ 5739.084875] pgd = f9d0c0a5
[ 5739.092539] [ffffffff] *pgd=3abfa861, *pte=00000000, *ppte=00000000
[ 5739.186921] Unhandled fault: alignment exception (0x001) at 0x00107b8d
[ 5739.198488] pgd = 2064f4fd
[ 5739.206063] [00107b8d] *pgd=37f96835, *pte=1664c79f, *ppte=1664ce7f
[ 5740.044450] Unhandled fault: alignment exception (0x001) at 0xffffffff
[ 5740.055934] pgd = 2064f4fd
[ 5740.063721] [ffffffff] *pgd=3abfa861, *pte=00000000, *ppte=00000000
[ 5741.436322] Unhandled fault: alignment exception (0x801) at 0xffffffff
[ 5741.447765] pgd = 2064f4fd
[ 5741.455175] [ffffffff] *pgd=3abfa861, *pte=00000000, *ppte=00000000
[ 5742.705259] Unhandled prefetch abort: unknown 1 (0x001) at 0xe352f4a6
[ 5744.320819] Unhandled fault: alignment exception (0x001) at 0xffffffdf
[ 5744.332075] pgd = cf1147e7
[ 5744.339197] [ffffffdf] *pgd=3abfa861, *pte=00000000, *ppte=00000000
[ 5744.374133] Unhandled fault: alignment exception (0x001) at 0xffffffdf
[ 5744.385549] pgd = 2064f4fd
[ 5744.392853] [ffffffdf] *pgd=3abfa861, *pte=00000000, *ppte=00000000
[ 5744.416985] Unhandled fault: alignment exception (0x001) at 0xffffffdf
[ 5744.428306] pgd = cf1147e7
[ 5744.435709] [ffffffdf] *pgd=3abfa861, *pte=00000000, *ppte=00000000
[ 5744.617545] Unhandled fault: alignment exception (0x801) at 0x00000003
[ 5744.628836] pgd = 2064f4fd
[ 5744.636203] [00000003] *pgd=35f0d835, *pte=00000000, *ppte=00000000
[ 5744.657795] Unhandled fault: alignment exception (0x801) at 0x00000003
[ 5744.669046] pgd = 4dd6991e
[ 5744.676345] [00000003] *pgd=1e112835, *pte=00000000, *ppte=00000000
[ 5746.033199] Unhandled prefetch abort: unknown 1 (0x001) at 0xe51fde56
[ 5746.167863] Unhandled fault: alignment exception (0x001) at 0x00000003
[ 5746.178808] pgd = 8415aefd
[ 5746.186158] [00000003] *pgd=37217835, *pte=00000000, *ppte=00000000
[ 5746.204742] Unhandled fault: alignment exception (0x001) at 0x00000003
[ 5746.215838] pgd = 2064f4fd
[ 5746.222911] [00000003] *pgd=23fe2835, *pte=00000000, *ppte=00000000
[ 5746.269806] Unhandled fault: alignment exception (0x001) at 0x00000003
[ 5746.280823] pgd = 2064f4fd
[ 5746.287870] [00000003] *pgd=37ea8835, *pte=00000000, *ppte=00000000
[ 5746.321255] Unhandled fault: alignment exception (0x001) at 0x00000003
[ 5746.332299] pgd = ba3e73f7
[ 5746.339247] [00000003] *pgd=30bc3835, *pte=00000000, *ppte=00000000
[ 5746.419812] Unhandled fault: alignment exception (0x001) at 0x00000003
[ 5746.430972] pgd = be9ec5ba
[ 5746.438062] [00000003] *pgd=39689835, *pte=00000000, *ppte=00000000
[ 5747.658147] Unhandled fault: alignment exception (0x801) at 0xffff18da
[ 5747.669266] pgd = 4dd6991e
[ 5747.676410] [ffff18da] *pgd=3abfa861, *pte=3abf94df, *ppte=3abf965e
[ 5747.979453] Unhandled prefetch abort: unknown 1 (0x001) at 0x00000002
[ 5748.725934] Unhandled fault: alignment exception (0x001) at 0x00000003
[ 5748.737057] pgd = 4dd6991e
[ 5748.744141] [00000003] *pgd=37f04835, *pte=00000000, *ppte=00000000
[ 5748.952738] Unhandled fault: alignment exception (0x801) at 0xffffffd7
[ 5748.963628] pgd = 4dd6991e
[ 5748.970721] [ffffffd7] *pgd=3abfa861, *pte=00000000, *ppte=00000000
[ 5749.000032] Unhandled fault: alignment exception (0x801) at 0xffffffd7
[ 5749.011055] pgd = 4dd6991e
[ 5749.018116] [ffffffd7] *pgd=3abfa861, *pte=00000000, *ppte=00000000
[ 5749.054211] Unhandled fault: alignment exception (0x801) at 0xffffffd7
[ 5749.065394] pgd = be9ec5ba
[ 5749.072674] [ffffffd7] *pgd=3abfa861, *pte=00000000, *ppte=00000000
[ 5749.094635] Unhandled fault: alignment exception (0x801) at 0xffffffd7
[ 5749.105845] pgd = be9ec5ba
[ 5749.112963] [ffffffd7] *pgd=3abfa861, *pte=00000000, *ppte=00000000
[ 5749.173872] Unhandled fault: alignment exception (0x001) at 0xffffffe3
[ 5749.185088] pgd = be9ec5ba
[ 5749.192266] [ffffffe3] *pgd=3abfa861, *pte=00000000, *ppte=00000000
[ 5749.217105] Unhandled fault: alignment exception (0x001) at 0xffffffe3
[ 5749.228294] pgd = be9ec5ba
[ 5749.235648] [ffffffe3] *pgd=3abfa861, *pte=00000000, *ppte=00000000
[ 5749.276624] Unhandled fault: alignment exception (0x001) at 0xffffffe3
[ 5749.287996] pgd = be9ec5ba
[ 5749.295437] [ffffffe3] *pgd=3abfa861, *pte=00000000, *ppte=00000000
[ 5749.831994] Unhandled fault: alignment exception (0x801) at 0xffffffef
[ 5749.843019] pgd = be9ec5ba
[ 5749.850209] [ffffffef] *pgd=3abfa861, *pte=00000000, *ppte=00000000
[ 5749.883858] Unhandled fault: alignment exception (0x801) at 0xffffffef
[ 5749.895308] pgd = be9ec5ba
[ 5749.903052] [ffffffef] *pgd=3abfa861, *pte=00000000, *ppte=00000000
[ 5750.687671] Unhandled fault: alignment exception (0x001) at 0x8e28e20f
[ 5750.699233] pgd = be9ec5ba
[ 5750.706802] [8e28e20f] *pgd=0e21141e(bad)
[ 5751.219201] Unhandled prefetch abort: unknown 1 (0x001) at 0x37d12d56
[ 5752.080186] Unhandled fault: alignment exception (0x801) at 0xffffffdf
[ 5752.091655] pgd = 4dd6991e
[ 5752.099229] [ffffffdf] *pgd=3abfa861, *pte=00000000, *ppte=00000000
[ 5754.068014] Unhandled prefetch abort: unknown 1 (0x001) at 0xb66dca36
[ 5754.666839] Unhandled prefetch abort: unknown 1 (0x001) at 0x79a600ca
[ 5754.858295] Unhandled fault: alignment exception (0x801) at 0xffffffff
[ 5754.869695] pgd = ba3e73f7
[ 5754.877306] [ffffffff] *pgd=3abfa861, *pte=00000000, *ppte=00000000
[ 5755.649472] Unhandled fault: alignment exception (0x001) at 0x000d71ec
[ 5755.660864] pgd = 2064f4fd
[ 5755.668336] [000d71ec] *pgd=33424835, *pte=2eb9759f, *ppte=2eb97e7e
[ 5755.700150] Unhandled fault: alignment exception (0x001) at 0x000d71ec
[ 5755.710947] pgd = 8415aefd
[ 5755.717773] [000d71ec] *pgd=337c0835, *pte=2eb9759f, *ppte=2eb97e7e
[ 5755.984977] Unhandled fault: alignment exception (0x801) at 0xffffffff
[ 5755.995964] pgd = 4dd6991e
[ 5756.003039] [ffffffff] *pgd=3abfa861, *pte=00000000, *ppte=00000000
[ 5756.088588] Unhandled fault: alignment exception (0x001) at 0xffffffff
[ 5756.099696] pgd = 4dd6991e
[ 5756.106798] [ffffffff] *pgd=3abfa861, *pte=00000000, *ppte=00000000
[ 5757.411522] Unhandled fault: alignment exception (0x001) at 0x7e95a176
[ 5757.422232] pgd = 8415aefd
[ 5757.429141] [7e95a176] *pgd=1e3f3835, *pte=11e5f75f, *ppte=11e5fc7f
[ 5757.452264] Unhandled fault: alignment exception (0x001) at 0x7e95a176
[ 5757.463178] pgd = 8415aefd
[ 5757.470268] [7e95a176] *pgd=365e9835, *pte=062d575f, *ppte=062d5c7f
[ 5757.492672] Unhandled fault: alignment exception (0x001) at 0x7e95a176
[ 5757.503376] pgd = 8415aefd
[ 5757.510074] [7e95a176] *pgd=3968b835, *pte=3505475f, *ppte=35054c7f
[ 5757.533149] Unhandled fault: alignment exception (0x001) at 0x7e95a176
[ 5757.543996] pgd = 8415aefd
[ 5757.551070] [7e95a176] *pgd=2c589835, *pte=3a13b75f, *ppte=3a13bc7f
[ 5757.571324] Unhandled fault: alignment exception (0x001) at 0x7e95a176
[ 5757.582222] pgd = ba3e73f7
[ 5757.589213] [7e95a176] *pgd=37024835, *pte=22ae775f, *ppte=22ae7c7f
[ 5758.230164] Unhandled fault: alignment exception (0x001) at 0xfffffff7
[ 5758.240948] pgd = 8415aefd
[ 5758.247999] [fffffff7] *pgd=3abfa861, *pte=00000000, *ppte=00000000
[ 5758.804552] Unhandled prefetch abort: unknown 1 (0x001) at 0x521ee7a2
[ 5759.818808] Unhandled fault: alignment exception (0x801) at 0xffffffe3
[ 5759.829668] pgd = be9ec5ba
[ 5759.836363] [ffffffe3] *pgd=3abfa861, *pte=00000000, *ppte=00000000
[ 5760.735431] Unhandled fault: alignment exception (0x801) at 0x00075a1f
[ 5760.746011] pgd = 4dd6991e
[ 5760.752688] [00075a1f] *pgd=2c4d6835, *pte=0dfe459f, *ppte=0dfe4e7e
[ 5761.274243] Unhandled prefetch abort: breakpoint debug exception (0x002) at 0x76c4a000
[ 5762.400676] Unhandled fault: alignment exception (0x801) at 0x76c49fda
[ 5762.411559] pgd = 4dd6991e
[ 5762.418585] [76c49fda] *pgd=367c2835, *pte=09f64edf, *ppte=00000000
[ 5762.443706] Unhandled fault: alignment exception (0x801) at 0x76c49fd6
[ 5762.454381] pgd = ba3e73f7
[ 5762.461245] [76c49fd6] *pgd=1e01b835, *pte=38d70edf, *ppte=00000000
[ 5762.498604] Unhandled fault: alignment exception (0x801) at 0x76c49fd2
[ 5762.509479] pgd = 2064f4fd
[ 5762.516644] [76c49fd2] *pgd=3960c835, *pte=00e83edf, *ppte=00000000
[ 5762.551971] Unhandled fault: alignment exception (0x801) at 0x76c49fce
[ 5762.563083] pgd = 4dd6991e
[ 5762.570116] [76c49fce] *pgd=37027835, *pte=355d9edf, *ppte=00000000
[ 5762.654981] Unhandled fault: alignment exception (0x801) at 0xffffffdb
[ 5762.666221] pgd = ba3e73f7
[ 5762.673640] [ffffffdb] *pgd=3abfa861, *pte=00000000, *ppte=00000000
[ 5762.708636] Unhandled fault: alignment exception (0x801) at 0xffffffdb
[ 5762.719700] pgd = ba3e73f7
[ 5762.727134] [ffffffdb] *pgd=3abfa861, *pte=00000000, *ppte=00000000
[ 5762.895465] Unhandled fault: alignment exception (0x801) at 0x00000003
[ 5762.906620] pgd = 8415aefd
[ 5762.914038] [00000003] *pgd=334b8835, *pte=00000000, *ppte=00000000
[ 5762.939482] Unhandled fault: alignment exception (0x801) at 0x00000003
[ 5762.950336] pgd = 8415aefd
[ 5762.957534] [00000003] *pgd=2580a835, *pte=00000000, *ppte=00000000
[ 5763.002662] Unhandled fault: alignment exception (0x801) at 0x00075a99
[ 5763.013732] pgd = d21f495c
[ 5763.020304] [00075a99] *pgd=1e3c0835, *pte=0dfe459f, *ppte=0dfe4e7e
[ 5763.526598] Unhandled fault: alignment exception (0x801) at 0xffffffcf
[ 5763.537411] pgd = 8415aefd
[ 5763.544372] [ffffffcf] *pgd=3abfa861, *pte=00000000, *ppte=00000000
[ 5763.850824] Unhandled fault: alignment exception (0x801) at 0x00000003
[ 5763.861759] pgd = 2064f4fd
[ 5763.868954] [00000003] *pgd=35f33835, *pte=00000000, *ppte=00000000
[ 5764.035499] Unhandled fault: alignment exception (0x801) at 0xffffffe7
[ 5764.046571] pgd = 4dd6991e
[ 5764.053652] [ffffffe7] *pgd=3abfa861, *pte=00000000, *ppte=00000000
[ 5765.646989] Unhandled fault: alignment exception (0x001) at 0xffffffdf
[ 5765.658146] pgd = be9ec5ba
[ 5765.665518] [ffffffdf] *pgd=3abfa861, *pte=00000000, *ppte=00000000
[ 5766.139276] Unhandled fault: alignment exception (0x801) at 0x00000003
[ 5766.150273] pgd = 98025c63
[ 5766.157358] [00000003] *pgd=2c774835, *pte=00000000, *ppte=00000000
[ 5767.423423] Unhandled prefetch abort: unknown 1 (0x001) at 0xd9441b2a
[ 5767.640494] Unhandled fault: alignment exception (0x001) at 0xffffffe3
[ 5767.651535] pgd = be9ec5ba
[ 5767.658713] [ffffffe3] *pgd=3abfa861, *pte=00000000, *ppte=00000000
[ 5767.689988] Unhandled fault: alignment exception (0x001) at 0xffffffe3
[ 5767.701191] pgd = 4dd6991e
[ 5767.708495] [ffffffe3] *pgd=3abfa861, *pte=00000000, *ppte=00000000
[ 5768.172066] Unhandled fault: alignment exception (0x801) at 0xffffffe7
[ 5768.183065] pgd = 4dd6991e
[ 5768.190085] [ffffffe7] *pgd=3abfa861, *pte=00000000, *ppte=00000000
[ 5768.378304] Unhandled prefetch abort: unknown 1 (0x001) at 0x3e79007e
[ 5768.406479] Unhandled prefetch abort: unknown 1 (0x001) at 0x3e79007e
[ 5768.435186] Unhandled prefetch abort: unknown 1 (0x001) at 0x3e79007e
[ 5768.524783] Unhandled fault: alignment exception (0x001) at 0xffffffff
[ 5768.535838] pgd = 2064f4fd
[ 5768.542902] [ffffffff] *pgd=3abfa861, *pte=00000000, *ppte=00000000
[ 5768.673243] Unhandled fault: alignment exception (0x801) at 0xffffffab
[ 5768.684130] pgd = d21f495c
[ 5768.691097] [ffffffab] *pgd=3abfa861, *pte=00000000, *ppte=00000000
[ 5768.742643] Unhandled fault: alignment exception (0x801) at 0xffffffab
[ 5768.753292] pgd = 2064f4fd
[ 5768.759791] [ffffffab] *pgd=3abfa861, *pte=00000000, *ppte=00000000
[ 5768.919453] Unhandled prefetch abort: unknown 1 (0x001) at 0x0000000a
[ 5768.937704] Unhandled prefetch abort: unknown 1 (0x001) at 0x0000000a
[ 5768.958858] Unhandled prefetch abort: unknown 1 (0x001) at 0x0000000a
[ 5769.005217] Unhandled prefetch abort: unknown 1 (0x001) at 0x0000000a
[ 5769.027926] Unhandled prefetch abort: unknown 1 (0x001) at 0x0000000a
[ 5769.047248] Unhandled prefetch abort: unknown 1 (0x001) at 0x0000000a
[ 5769.183068] Unhandled fault: alignment exception (0x001) at 0xffffffff
[ 5769.193424] pgd = cf1147e7
[ 5769.199971] [ffffffff] *pgd=3abfa861, *pte=00000000, *ppte=00000000
[ 5769.368030] Unhandled fault: alignment exception (0x801) at 0xffffffff
[ 5769.378475] pgd = 4dd6991e
[ 5769.384881] [ffffffff] *pgd=3abfa861, *pte=00000000, *ppte=00000000
[ 5769.497975] Unhandled fault: alignment exception (0x801) at 0xffffffff
[ 5769.508275] pgd = cf1147e7
[ 5769.514587] [ffffffff] *pgd=3abfa861, *pte=00000000, *ppte=00000000
[ 5769.531922] Unhandled fault: alignment exception (0x801) at 0xffffffff
[ 5769.542205] pgd = cf1147e7
[ 5769.548759] [ffffffff] *pgd=3abfa861, *pte=00000000, *ppte=00000000
[ 5769.581493] Unhandled fault: alignment exception (0x801) at 0xffffffff
[ 5769.592078] pgd = 98025c63
[ 5769.598620] [ffffffff] *pgd=3abfa861, *pte=00000000, *ppte=00000000
[ 5769.617419] Unhandled fault: alignment exception (0x801) at 0xffffffff
[ 5769.627893] pgd = 2064f4fd
[ 5769.634408] [ffffffff] *pgd=3abfa861, *pte=00000000, *ppte=00000000
[ 5770.841709] Unhandled fault: alignment exception (0x001) at 0x00000003
[ 5770.852127] pgd = d21f495c
[ 5770.858500] [00000003] *pgd=30950835, *pte=00000000, *ppte=00000000
[ 5770.959453] Unhandled fault: alignment exception (0x801) at 0x76c4a19d
[ 5770.970236] pgd = 1ea98114
[ 5770.977270] [76c4a19d] *pgd=397f0835, *pte=18c435df, *ppte=18c43e7e
[ 5771.160300] Unhandled fault: alignment exception (0x001) at 0x00000003
[ 5771.171371] pgd = 98025c63
[ 5771.178403] [00000003] *pgd=10c06835, *pte=00000000, *ppte=00000000
[ 5771.209718] Unhandled fault: alignment exception (0x001) at 0x00000003
[ 5771.220787] pgd = 98025c63
[ 5771.228092] [00000003] *pgd=2c499835, *pte=00000000, *ppte=00000000
[ 5771.676488] Unhandled prefetch abort: unknown 1 (0x001) at 0x740f1d92
[ 5772.093171] Unhandled fault: alignment exception (0x801) at 0x00000001
[ 5772.104107] pgd = be9ec5ba
[ 5772.111221] [00000001] *pgd=30a1a835, *pte=00000000, *ppte=00000000
[ 5772.146255] Unhandled fault: alignment exception (0x801) at 0x00000001
[ 5772.157174] pgd = 98025c63
[ 5772.164239] [00000001] *pgd=23fec835, *pte=00000000, *ppte=00000000
[ 5773.410337] Unhandled fault: alignment exception (0x001) at 0xffffffe3
[ 5773.421292] pgd = 98025c63
[ 5773.428512] [ffffffe3] *pgd=3abfa861, *pte=00000000, *ppte=00000000
[ 5773.448206] Unhandled fault: alignment exception (0x001) at 0xffffffe3
[ 5773.459411] pgd = 98025c63
[ 5773.466598] [ffffffe3] *pgd=3abfa861, *pte=00000000, *ppte=00000000
[ 5773.474441] Unhandled prefetch abort: unknown 1 (0x001) at 0x0000000a
[ 5773.488355] Unhandled fault: alignment exception (0x001) at 0xffffffe3
[ 5773.499298] pgd = cf1147e7
[ 5773.506384] [ffffffe3] *pgd=3abfa861, *pte=00000000, *ppte=00000000
[ 5773.531080] Unhandled fault: alignment exception (0x001) at 0xffffffe3
[ 5773.541978] pgd = cf1147e7
[ 5773.549177] [ffffffe3] *pgd=3abfa861, *pte=00000000, *ppte=00000000
[ 5775.627947] Unhandled prefetch abort: unknown 1 (0x001) at 0x9cc8f6a6
[ 5776.317260] Unhandled fault: alignment exception (0x801) at 0xffffffff
[ 5776.328409] pgd = 4dd6991e
[ 5776.335550] [ffffffff] *pgd=3abfa861, *pte=00000000, *ppte=00000000
[ 5776.353323] Unhandled fault: alignment exception (0x801) at 0xffffffff
[ 5776.364611] pgd = cf1147e7
[ 5776.371482] [ffffffff] *pgd=3abfa861, *pte=00000000, *ppte=00000000
[ 5776.663300] Unhandled fault: alignment exception (0x001) at 0xffffffba
[ 5776.674249] pgd = be9ec5ba
[ 5776.681133] [ffffffba] *pgd=3abfa861, *pte=00000000, *ppte=00000000
[ 5777.020054] Unhandled fault: alignment exception (0x801) at 0x00a4f9ea
[ 5777.031313] pgd = 2064f4fd
[ 5777.038789] [00a4f9ea] *pgd=35f4f835, *pte=1781b7df, *ppte=1781be7f
[ 5777.064085] Unhandled fault: alignment exception (0x801) at 0x00a4f9ea
[ 5777.075081] pgd = 2064f4fd
[ 5777.082372] [00a4f9ea] *pgd=2c4e1835, *pte=1781b7df, *ppte=1781be7f
[ 5777.182595] Unhandled fault: alignment exception (0x801) at 0xffffffdb
[ 5777.193741] pgd = 2064f4fd
[ 5777.200772] [ffffffdb] *pgd=3abfa861, *pte=00000000, *ppte=00000000
[ 5778.271325] Unhandled fault: alignment exception (0x801) at 0x000d722f
[ 5778.282443] pgd = 1ea98114
[ 5778.289658] [000d722f] *pgd=37ecd835, *pte=2eb9759f, *ppte=2eb97e7e
[ 5779.194555] Unhandled fault: alignment exception (0x001) at 0xffef83a3
[ 5779.205739] pgd = 98025c63
[ 5779.213009] [ffef83a3] *pgd=3abfa861, *pte=00000000, *ppte=00000000
[ 5780.135981] Unhandled fault: alignment exception (0x801) at 0xffffffe3
[ 5780.147315] pgd = 98025c63
[ 5780.154407] [ffffffe3] *pgd=3abfa861, *pte=00000000, *ppte=00000000
[ 5780.185009] Unhandled fault: alignment exception (0x801) at 0xffffffe3
[ 5780.196095] pgd = 98025c63
[ 5780.203335] [ffffffe3] *pgd=3abfa861, *pte=00000000, *ppte=00000000
[ 5780.225959] Unhandled fault: alignment exception (0x801) at 0xffffffe3
[ 5780.237462] pgd = be9ec5ba
[ 5780.244845] [ffffffe3] *pgd=3abfa861, *pte=00000000, *ppte=00000000
[ 5781.308273] Unhandled fault: alignment exception (0x801) at 0x00107c5c
[ 5781.319692] pgd = 1ea98114
[ 5781.327180] [00107c5c] *pgd=23fec835, *pte=1664c79f, *ppte=1664ce7f
[ 5781.562813] Unhandled fault: alignment exception (0x001) at 0x00000003
[ 5781.574041] pgd = 2064f4fd
[ 5781.581459] [00000003] *pgd=334ee835, *pte=00000000, *ppte=00000000
[ 5781.600440] Unhandled fault: alignment exception (0x001) at 0x00000003
[ 5781.611764] pgd = 4dd6991e
[ 5781.618931] [00000003] *pgd=3358d835, *pte=00000000, *ppte=00000000
[ 5781.636836] Unhandled fault: alignment exception (0x001) at 0x00000003
[ 5781.648192] pgd = 4dd6991e
[ 5781.655468] [00000003] *pgd=3358d835, *pte=00000000, *ppte=00000000
[ 5781.680342] Unhandled fault: alignment exception (0x001) at 0x00000003
[ 5781.691430] pgd = 2064f4fd
[ 5781.698838] [00000003] *pgd=35c58835, *pte=00000000, *ppte=00000000
[ 5781.729408] Unhandled fault: alignment exception (0x001) at 0x00000003
[ 5781.740504] pgd = 2064f4fd
[ 5781.747750] [00000003] *pgd=35c58835, *pte=00000000, *ppte=00000000
[ 5782.147338] Unhandled fault: alignment exception (0x801) at 0x000d7365
[ 5782.158700] pgd = d21f495c
[ 5782.165804] [000d7365] *pgd=3084f835, *pte=2eb9759f, *ppte=2eb97e7e
[ 5782.201981] Unhandled fault: alignment exception (0x801) at 0x000d7365
[ 5782.213040] pgd = cf1147e7
[ 5782.220185] [000d7365] *pgd=3373c835, *pte=2eb9759f, *ppte=2eb97e7e
[ 5782.363151] Unhandled prefetch abort: unknown 1 (0x001) at 0x6ecc1cb6
[ 5782.695701] Unhandled fault: alignment exception (0x801) at 0x00a4f908
[ 5782.706687] pgd = be9ec5ba
[ 5782.713544] [00a4f908] *pgd=396cf835, *pte=1781b7df, *ppte=1781be7f
[ 5782.825107] Unhandled fault: alignment exception (0x001) at 0x76c49f92
[ 5782.836170] pgd = cf1147e7
[ 5782.843018] [76c49f92] *pgd=30a7f835, *pte=37500edf, *ppte=00000000
[ 5783.489050] Unhandled fault: alignment exception (0x801) at 0xffffffeb
[ 5783.499955] pgd = 98025c63
[ 5783.506739] [ffffffeb] *pgd=3abfa861, *pte=00000000, *ppte=00000000
[ 5783.535901] Unhandled fault: alignment exception (0x801) at 0xffffffeb
[ 5783.546689] pgd = 98025c63
[ 5783.553438] [ffffffeb] *pgd=3abfa861, *pte=00000000, *ppte=00000000
[ 5784.190962] Unhandled fault: alignment exception (0x801) at 0xffffffff
[ 5784.201985] pgd = cf1147e7
[ 5784.208827] [ffffffff] *pgd=3abfa861, *pte=00000000, *ppte=00000000
[ 5784.671841] Unhandled prefetch abort: breakpoint debug exception (0x002) at 0x76c4a000
[ 5784.725448] Unhandled fault: alignment exception (0x801) at 0xffffffff
[ 5784.736802] pgd = 1ea98114
[ 5784.744001] [ffffffff] *pgd=3abfa861, *pte=00000000, *ppte=00000000
[ 5784.763778] Unhandled fault: alignment exception (0x801) at 0xffffffff
[ 5784.775166] pgd = 2064f4fd
[ 5784.782691] [ffffffff] *pgd=3abfa861, *pte=00000000, *ppte=00000000
[ 5784.806969] Unhandled fault: alignment exception (0x801) at 0xffffffff
[ 5784.818021] pgd = 2064f4fd
[ 5784.825337] [ffffffff] *pgd=3abfa861, *pte=00000000, *ppte=00000000
[ 5784.853852] Unhandled fault: alignment exception (0x801) at 0xffffffff
[ 5784.865087] pgd = 2064f4fd
[ 5784.872421] [ffffffff] *pgd=3abfa861, *pte=00000000, *ppte=00000000
[ 5785.320254] Unhandled fault: alignment exception (0x001) at 0x7e95abc6
[ 5785.331579] pgd = 2064f4fd
[ 5785.339179] [7e95abc6] *pgd=37312835, *pte=3504575f, *ppte=35045c7f
[ 5785.450232] Unhandled fault: alignment exception (0x801) at 0x0000007a
[ 5785.461658] pgd = cf1147e7
[ 5785.469292] [0000007a] *pgd=25806835, *pte=00000000, *ppte=00000000
[ 5785.487357] Unhandled fault: alignment exception (0x801) at 0x0000007a
[ 5785.498672] pgd = cf1147e7
[ 5785.506211] [0000007a] *pgd=3373c835, *pte=00000000, *ppte=00000000
[ 5786.162486] Unhandled fault: alignment exception (0x801) at 0xffffffff
[ 5786.173681] pgd = 4dd6991e
[ 5786.181161] [ffffffff] *pgd=3abfa861, *pte=00000000, *ppte=00000000
[ 5786.203936] Unhandled fault: alignment exception (0x801) at 0xffffffff
[ 5786.214989] pgd = be9ec5ba
[ 5786.222539] [ffffffff] *pgd=3abfa861, *pte=00000000, *ppte=00000000
[ 5786.327838] Unhandled prefetch abort: unknown 1 (0x001) at 0x4fc0b52a
[ 5786.692542] Unhandled prefetch abort: unknown 1 (0x001) at 0xd0fb21ce
[ 5786.936274] Unhandled prefetch abort: unknown 1 (0x001) at 0x0000000a
[ 5786.981316] Unhandled prefetch abort: unknown 1 (0x001) at 0x0000000a
[ 5787.012378] Unhandled prefetch abort: unknown 1 (0x001) at 0x0000000a
[ 5787.171608] Unhandled fault: alignment exception (0x801) at 0xffffffe7
[ 5787.181970] pgd = 98025c63
[ 5787.188596] [ffffffe7] *pgd=3abfa861, *pte=00000000, *ppte=00000000
[ 5787.517567] Unhandled fault: alignment exception (0x001) at 0xffffffff
[ 5787.528275] pgd = be9ec5ba
[ 5787.534992] [ffffffff] *pgd=3abfa861, *pte=00000000, *ppte=00000000
[ 5787.597858] Unhandled fault: alignment exception (0x001) at 0x00075b99
[ 5787.608094] pgd = 2064f4fd
[ 5787.614463] [00075b99] *pgd=2c5ca835, *pte=0dfe459f, *ppte=0dfe4e7e
[ 5787.765318] Unhandled fault: alignment exception (0x801) at 0xfffffdcf
[ 5787.775914] pgd = 2064f4fd
[ 5787.782663] [fffffdcf] *pgd=3abfa861, *pte=00000000, *ppte=00000000
[ 5787.823274] Unhandled fault: alignment exception (0x801) at 0xfffffdcf
[ 5787.833786] pgd = 2064f4fd
[ 5787.840261] [fffffdcf] *pgd=3abfa861, *pte=00000000, *ppte=00000000
