[    0.000000] Booting Linux on physical CPU 0x0000000000 [0x410fd034]
[    0.000000] Linux version 4.19.118-v8+ (dom@buildbot) (gcc version 5.4.0 20160609 (Ubuntu/Linaro 5.4.0-6ubuntu1~16.04.9)) #1311 SMP PREEMPT Mon Apr 27 14:32:38 BST 2020
[    0.000000] Machine model: Raspberry Pi 3 Model B Rev 1.2
[    0.000000] efi: Getting EFI parameters from FDT:
[    0.000000] efi: UEFI not found.
[    0.000000] cma: Reserved 8 MiB at 0x000000003ac00000
[    0.000000] random: get_random_bytes called from start_kernel+0xb8/0x47c with crng_init=0
[    0.000000] percpu: Embedded 24 pages/cpu s58840 r8192 d31272 u98304
[    0.000000] Detected VIPT I-cache on CPU0
[    0.000000] CPU features: enabling workaround for ARM erratum 843419
[    0.000000] CPU features: enabling workaround for ARM erratum 845719
[    0.000000] Built 1 zonelists, mobility grouping on.  Total pages: 238896
[    0.000000] Kernel command line: coherent_pool=1M 8250.nr_uarts=1 snd_bcm2835.enable_compat_alsa=0 snd_bcm2835.enable_hdmi=1 snd_bcm2835.enable_headphones=1 bcm2708_fb.fbwidth=
656 bcm2708_fb.fbheight=416 bcm2708_fb.fbswap=1 vc_mem.mem_base=0x3ec00000 vc_mem.mem_size=0x40000000  dwc_otg.lpm_enable=0 console=ttyAMA0,115200 console=tty1 root=PARTUUID=4c999
877-02 rootfstype=ext4 elevator=deadline fsck.repair=yes rootwait
[    0.000000] Dentry cache hash table entries: 131072 (order: 8, 1048576 bytes)
[    0.000000] Inode-cache hash table entries: 65536 (order: 7, 524288 bytes)
[    0.000000] Memory: 929096K/970752K available (8700K kernel code, 1074K rwdata, 2760K rodata, 1024K init, 1126K bss, 33464K reserved, 8192K cma-reserved)
[    0.000000] SLUB: HWalign=64, Order=0-3, MinObjects=0, CPUs=4, Nodes=1
[    0.000000] ftrace: allocating 30496 entries in 120 pages
[    0.000000] rcu: Preemptible hierarchical RCU implementation.
[    0.000000] rcu:     RCU restricting CPUs from NR_CPUS=64 to nr_cpu_ids=4.
[    0.000000]  Tasks RCU enabled.
[    0.000000] rcu: Adjusting geometry for rcu_fanout_leaf=16, nr_cpu_ids=4
[    0.000000] NR_IRQS: 64, nr_irqs: 64, preallocated irqs: 0
[    0.000000] arch_timer: cp15 timer(s) running at 19.20MHz (phys).
[    0.000000] clocksource: arch_sys_counter: mask: 0xffffffffffffff max_cycles: 0x46d987e47, max_idle_ns: 440795202767 ns
[    0.000007] sched_clock: 56 bits at 19MHz, resolution 52ns, wraps every 4398046511078ns
[    0.000271] Console: colour dummy device 80x25
[    0.000937] console [tty1] enabled
[    0.001007] Calibrating delay loop (skipped), value calculated using timer frequency.. 38.40 BogoMIPS (lpj=76800)
[    0.001060] pid_max: default: 32768 minimum: 301
[    0.001490] Mount-cache hash table entries: 2048 (order: 2, 16384 bytes)
[    0.001547] Mountpoint-cache hash table entries: 2048 (order: 2, 16384 bytes)
[    0.024104] ASID allocator initialised with 32768 entries
[    0.032099] rcu: Hierarchical SRCU implementation.
[    0.040734] EFI services will not be available.
[    0.048178] smp: Bringing up secondary CPUs ...
[    0.080446] Detected VIPT I-cache on CPU1
[    0.080514] CPU1: Booted secondary processor 0x0000000001 [0x410fd034]
[    0.112571] Detected VIPT I-cache on CPU2
[    0.112619] CPU2: Booted secondary processor 0x0000000002 [0x410fd034]
[    0.144736] Detected VIPT I-cache on CPU3
[    0.144782] CPU3: Booted secondary processor 0x0000000003 [0x410fd034]
[    0.144967] smp: Brought up 1 node, 4 CPUs
[    0.145122] SMP: Total of 4 processors activated.
[    0.145156] CPU features: detected: 32-bit EL0 Support
[    0.146127] CPU: All CPU(s) started at EL2
[    0.146201] alternatives: patching kernel code
[    0.147820] devtmpfs: initialized
[    0.164011] Enabled cp15_barrier support
[    0.164078] Enabled setend support
[    0.164623] clocksource: jiffies: mask: 0xffffffff max_cycles: 0xffffffff, max_idle_ns: 7645041785100000 ns
[    0.164684] futex hash table entries: 1024 (order: 4, 65536 bytes)
[    0.165433] pinctrl core: initialized pinctrl subsystem
[    0.166325] DMI not present or invalid.
[    0.166893] NET: Registered protocol family 16
[    0.173348] cpuidle: using governor menu
[    0.173959] hw-breakpoint: found 6 breakpoint and 4 watchpoint registers.
[    0.178583] DMA: preallocated 1024 KiB pool for atomic allocations
[    0.178762] Serial: AMBA PL011 UART driver
[    0.183351] bcm2835-mbox 3f00b880.mailbox: mailbox enabled
[    0.192946] raspberrypi-firmware soc:firmware: Attached to firmware from 2020-04-15 11:43, variant start
[    0.196964] raspberrypi-firmware soc:firmware: Firmware hash is 82f9bb929ce2186eb1824178c1ae82902ad6275c
[    0.245816] bcm2835-dma 3f007000.dma: DMA legacy API manager at (____ptrval____), dmachans=0x1
[    0.249123] vgaarb: loaded
[    0.249710] SCSI subsystem initialized
[    0.250006] usbcore: registered new interface driver usbfs
[    0.250110] usbcore: registered new interface driver hub
[    0.250273] usbcore: registered new device driver usb
[    0.250450] pps_core: LinuxPPS API ver. 1 registered
[    0.250484] pps_core: Software ver. 5.3.6 - Copyright 2005-2007 Rodolfo Giometti <giometti@linux.it>
[    0.250544] PTP clock support registered
[    0.252334] clocksource: Switched to clocksource arch_sys_counter
[    0.377537] VFS: Disk quotas dquot_6.6.0
[    0.377678] VFS: Dquot-cache hash table entries: 512 (order 0, 4096 bytes)
[    0.377913] FS-Cache: Loaded
[    0.378196] CacheFiles: Loaded
[    0.390334] NET: Registered protocol family 2
[    0.391299] tcp_listen_portaddr_hash hash table entries: 512 (order: 1, 8192 bytes)
[    0.391375] TCP established hash table entries: 8192 (order: 4, 65536 bytes)
[    0.391519] TCP bind hash table entries: 8192 (order: 5, 131072 bytes)
[    0.391737] TCP: Hash tables configured (established 8192 bind 8192)
[    0.392024] UDP hash table entries: 512 (order: 2, 16384 bytes)
[    0.392101] UDP-Lite hash table entries: 512 (order: 2, 16384 bytes)
[    0.392533] NET: Registered protocol family 1
[    0.393496] RPC: Registered named UNIX socket transport module.
[    0.393533] RPC: Registered udp transport module.
[    0.393563] RPC: Registered tcp transport module.
[    0.393593] RPC: Registered tcp NFSv4.1 backchannel transport module.
[    0.396288] hw perfevents: enabled with armv8_cortex_a53 PMU driver, 7 counters available
[    0.396549] kvm [1]: 8-bit VMID
[    0.397389] kvm [1]: Hyp mode initialized successfully
[    0.402307] Initialise system trusted keyrings
[    0.402645] workingset: timestamp_bits=46 max_order=18 bucket_order=0
[    0.414989] FS-Cache: Netfs 'nfs' registered for caching
[    0.416057] NFS: Registering the id_resolver key type
[    0.416117] Key type id_resolver registered
[    0.416148] Key type id_legacy registered
[    0.416190] nfs4filelayout_init: NFSv4 File Layout Driver Registering...
[    0.423945] Key type asymmetric registered
[    0.423994] Asymmetric key parser 'x509' registered
[    0.424092] Block layer SCSI generic (bsg) driver version 0.4 loaded (major 248)
[    0.424458] io scheduler noop registered
[    0.424493] io scheduler deadline registered (default)
[    0.424757] io scheduler cfq registered
[    0.424791] io scheduler mq-deadline registered (default)
[    0.424824] io scheduler kyber registered
[    0.431150] bcm2708_fb soc:fb: FB found 1 display(s)
[    0.440689] Console: switching to colour frame buffer device 82x26
[    0.445582] bcm2708_fb soc:fb: Registered framebuffer for display 0, size 656x416
[    0.453014] Serial: 8250/16550 driver, 1 ports, IRQ sharing enabled
[    0.457514] bcm2835-rng 3f104000.rng: hwrng registered
[    0.460516] vc-mem: phys_addr:0x00000000 mem_base=0x3ec00000 mem_size:0x40000000(1024 MiB)
[    0.466278] gpiomem-bcm2835 3f200000.gpiomem: Initialised: Registers at 0x3f200000
[    0.471785] cacheinfo: Unable to detect cache hierarchy for CPU 0
[    0.490526] brd: module loaded
[    0.508882] loop: module loaded
[    0.512639] Loading iSCSI transport class v2.0-870.
[    0.517952] libphy: Fixed MDIO Bus: probed
[    0.520930] usbcore: registered new interface driver r8152
[    0.523572] usbcore: registered new interface driver lan78xx
[    0.526208] usbcore: registered new interface driver smsc95xx
[    0.529093] dwc_otg: version 3.00a 10-AUG-2012 (platform bus)
[    0.559626] dwc_otg 3f980000.usb: base=(____ptrval____)
[    0.775426] Core Release: 2.80a
[    0.777939] Setting default values for core params
[    0.780472] Finished setting default values for core params
[    0.996607] Using Buffer DMA mode
[    0.998980] Periodic Transfer Interrupt Enhancement - disabled
[    1.001419] Multiprocessor Interrupt Enhancement - disabled
[    1.003827] OTG VER PARAM: 0, OTG VER FLAG: 0
[    1.006200] Dedicated Tx FIFOs mode
[    1.009384] WARN::dwc_otg_hcd_init:1074: FIQ DMA bounce buffers: virt = ffffff80090c1000 dma = 0x00000000fad04000 len=9024
[    1.013922] FIQ FSM acceleration enabled for :
[    1.013922] Non-periodic Split Transactions
[    1.013922] Periodic Split Transactions
[    1.013922] High-Speed Isochronous Endpoints
[    1.013922] Interrupt/Control Split Transaction hack enabled
[    1.024697] WARN::hcd_init_fiq:497: MPHI regs_base at ffffff8008065000
[    1.026974] dwc_otg 3f980000.usb: DWC OTG Controller
[    1.029332] dwc_otg 3f980000.usb: new USB bus registered, assigned bus number 1
[    1.031786] dwc_otg 3f980000.usb: irq 9, io mem 0x00000000
[    1.034216] Init: Port Power? op_state=1
[    1.036570] Init: Power Port (0)
[    1.039232] usb usb1: New USB device found, idVendor=1d6b, idProduct=0002, bcdDevice= 4.19
[    1.043987] usb usb1: New USB device strings: Mfr=3, Product=2, SerialNumber=1
[    1.046550] usb usb1: Product: DWC OTG Controller
[    1.049061] usb usb1: Manufacturer: Linux 4.19.118-v8+ dwc_otg_hcd
[    1.051562] usb usb1: SerialNumber: 3f980000.usb
[    1.054833] hub 1-0:1.0: USB hub found
[    1.057375] hub 1-0:1.0: 1 port detected
[    1.060996] usbcore: registered new interface driver uas
[    1.063412] usbcore: registered new interface driver usb-storage
[    1.065992] mousedev: PS/2 mouse device common for all mice
[    1.069857] bcm2835-wdt bcm2835-wdt: Broadcom BCM2835 watchdog timer
[    1.074381] sdhci: Secure Digital Host Controller Interface driver
[    1.076856] sdhci: Copyright(c) Pierre Ossman
[    1.079927] sdhost-bcm2835 3f202000.mmc: could not get clk, deferring probe
[    1.082680] sdhci-pltfm: SDHCI platform and OF driver helper
[    1.087335] ledtrig-cpu: registered to indicate activity on CPUs
[    1.090091] hidraw: raw HID events driver (C) Jiri Kosina
[    1.092828] usbcore: registered new interface driver usbhid
[    1.095291] usbhid: USB HID core driver
[    1.099105] vchiq: vchiq_init_state: slot_zero = (____ptrval____), is_master = 0
[    1.107934] Initializing XFRM netlink socket
[    1.110444] NET: Registered protocol family 17
[    1.112974] Key type dns_resolver registered
[    1.116736] registered taskstats version 1
[    1.119055] Loading compiled-in X.509 certificates
[    1.133357] uart-pl011 3f201000.serial: cts_event_workaround enabled
[    1.135962] 3f201000.serial: ttyAMA0 at MMIO 0x3f201000 (irq = 66, base_baud = 0) is a PL011 rev2
[    2.126543] console [ttyAMA0] enabled
[    2.134720] bcm2835-power bcm2835-power: Broadcom BCM2835 power domains driver
[    2.146590] sdhost: log_buf @ (____ptrval____) (fad07000)
[    2.203911] mmc0: sdhost-bcm2835 loaded - DMA enabled (>1)
[    2.215819] of_cfs_init
[    2.220967] of_cfs_init: OK
[    2.227215] Waiting for root device PARTUUID=4c999877-02...
[    2.248541] Indeed it is in host mode hprt0 = 00021501
[    2.310676] mmc0: host does not support reading read-only switch, assuming write-enable
[    2.341932] mmc0: new high speed SDHC card at address aaaa
[    2.352373] mmcblk0: mmc0:aaaa SC16G 14.8 GiB
[    2.364881]  mmcblk0: p1 p2
[    2.370351] random: fast init done
[    2.401412] EXT4-fs (mmcblk0p2): INFO: recovery required on readonly filesystem
[    2.411378] EXT4-fs (mmcblk0p2): write access will be enabled during recovery
[    2.438437] EXT4-fs (mmcblk0p2): recovery complete
[    2.461835] EXT4-fs (mmcblk0p2): mounted filesystem with ordered data mode. Opts: (null)
[    2.464410] usb 1-1: new high-speed USB device number 2 using dwc_otg
[    2.475026] VFS: Mounted root (ext4 filesystem) readonly on device 179:2.
[    2.484129] Indeed it is in host mode hprt0 = 00001101
[    2.507833] devtmpfs: mounted
[    2.519884] Freeing unused kernel memory: 1024K
[    2.527095] Run /sbin/init as init process
[    2.712934] usb 1-1: New USB device found, idVendor=0424, idProduct=9514, bcdDevice= 2.00
[    2.726506] usb 1-1: New USB device strings: Mfr=0, Product=0, SerialNumber=0
[    2.737539] hub 1-1:1.0: USB hub found
[    2.744376] hub 1-1:1.0: 5 ports detected
[    3.040406] usb 1-1.1: new high-speed USB device number 3 using dwc_otg
[    3.148945] usb 1-1.1: New USB device found, idVendor=0424, idProduct=ec00, bcdDevice= 2.00
[    3.162675] usb 1-1.1: New USB device strings: Mfr=0, Product=0, SerialNumber=0
[    3.175897] smsc95xx v1.0.6
[    3.250891] smsc95xx 1-1.1:1.0 eth0: register 'smsc95xx' at usb-3f980000.usb-1.1, smsc95xx USB 2.0 Ethernet, b8:27:eb:6d:27:bc
[    3.273535] systemd[1]: System time before build time, advancing clock.
[    3.471138] NET: Registered protocol family 10
[    3.480486] Segment Routing with IPv6
[    3.550083] systemd[1]: systemd 241 running in system mode. (+PAM +AUDIT +SELINUX +IMA +APPARMOR +SMACK +SYSVINIT +UTMP +LIBCRYPTSETUP +GCRYPT +GNUTLS +ACL +XZ +LZ4 +SECCOMP +B
LKID +ELFUTILS +KMOD -IDN2 +IDN -PCRE2 default-hierarchy=hybrid)
[    3.581871] systemd[1]: Detected architecture arm64.
[    3.611526] systemd[1]: Set hostname to <raspberrypi>.
[    3.746893] random: crng init done
[    3.822706] uart-pl011 3f201000.serial: no DMA platform data
[    4.611138] systemd[1]: Reached target Swap.
[    4.623748] systemd[1]: Listening on udev Control Socket.
[    4.636731] systemd[1]: Listening on Journal Socket.
[    4.648045] systemd[1]: Condition check resulted in Kernel Module supporting RPCSEC_GSS being skipped.
[    4.663791] systemd[1]: Condition check resulted in Huge Pages File System being skipped.
[    4.678123] systemd[1]: Started Forward Password Requests to Wall Directory Watch.
[    4.701437] systemd[1]: Created slice system-getty.slice.
[    9.793976] Unable to handle kernel paging request at virtual address ffffff8008cb9000
[    9.795662] Unable to handle kernel NULL pointer dereference at virtual address 0000000000000018
[    9.804497] Mem abort info:
[    9.815437] Mem abort info:
[    9.819432]   ESR = 0x96000007
[    9.823132]   ESR = 0x96000007
[    9.827177]   Exception class = DABT (current EL), IL = 32 bits
[    9.827183]   SET = 0, FnV = 0
[    9.827188]   EA = 0, S1PTW = 0
[    9.827192] Data abort info:
[    9.827198]   ISV = 0, ISS= 0x00000007
[    9.827202]   CM = 0, WnR = 0
[    9.827213] swapper pgtable: 4k pages, 39-bit VAs, pgdp = 0000000026613517
[    9.831254]   Exception class = DABT (current EL), IL = 32 bits
[    9.838333] [ffffff8008cb9000] pgd=000000003abfe003, pud=000000003abfe003, pmd=000000003abfa003, pte=0000000000000000
[    9.842335]   SET = 0, FnV = 0
[    9.846514] Internal error: Oops: 96000007 [#1] PREEMPT SMP
[    9.851196]   EA = 0, S1PTW = 0
[    9.854933] Modules linked in: stp llc binfmt_misc bcm2835_codec(C) bcm2835_v4l2(C) v4l2_mem2mem bcm2835_mmal_vchiq(C) v4l2_common raspberrypi_hwmon hwmon videobuf2_vmalloc vid
eobuf2_dma_contig videobuf2_memops videobuf2_v4l2 videobuf2_common videodev media vc_sm_cma(C) uio_pdrv_genirq uio ip_tables x_tables ipv6
[    9.858855] Data abort info:
[    9.866702] Process kworker/0:2H (pid: 108, stack limit = 0x000000002b6b3630)
[    9.866710] CPU: 0 PID: 108 Comm: kworker/0:2H Tainted: G         C        4.19.118-v8+ #1311
[    9.866715] Hardware name: Raspberry Pi 3 Model B Rev 1.2 (DT)
[    9.873651]   ISV = 0, ISS = 0x00000007
[    9.886382] pstate: 80000005 (Nzcv daif -PAN -UAO)
[    9.886396] pc : schedule+0x44/0xa0
[    9.890499]   CM = 0, WnR = 0
[    9.897159] lr : schedule+0x44/0xa0
[    9.897162] sp : ffffff80095ebd10
[    9.897165] x29: ffffff80095ebd10 x28: 0000000000000000 
[    9.901359] user pgtable: 4k pages, 39-bit VAs, pgdp = 000000004e71319e
[    9.933463] x27: ffffffc03ab7f2c0 x26: ffffffc03ab7f2c0 
[    9.933469] x25: ffffff8008cdc190 x24: ffffff8008cc9000 
[    9.933474] x23: ffffff8008cc8000 x22: 0000000000000000 
[    9.937521] [0000000000000018] pgd=0000000034218003, pud=0000000034218003, pmd=0000000034380003, pte=0000000000000000
[    9.945899] x21: 0000000000000000 x20: ffffffc036d38000 
[    9.945905] x19: ffffff8008cb9000 x18: 0000000000000000 
[    9.945911] x17: 0000000000000028 x16: 0000000000000000 
[   10.060634] x15: 0000000000000000 x14: 0000000000000000 
[   10.066974] x13: 0000000000001000 x12: 0000000000000018 
[   10.073252] x11: 0000000000000000 x10: 0000000000001930 
[   10.079479] x9 : ffffff80095ebc60 x8 : 0000000000000000 
[   10.085668] x7 : ffffff8008cc8688 x6 : ffffff8008cc8000 
[   10.091833] x5 : ffffff8008cc8e00 x4 : ffffff8008104be0 
[   10.097975] x3 : ffffff80095ebc30 x2 : 0000000000000000 
[   10.104100] x1 : 0000000000000001 x0 : ffffffc036d38000 
[   10.110239] Call trace:
[   10.113499]  schedule+0x44/0xa0
[   10.117458]  __schedule+0x94/0x898
[   10.121682]  schedule+0x3c/0xa0
[   10.125604]  worker_thread+0xd4/0x460
[   10.130015]  kthread+0x104/0x130
[   10.133988]  ret_from_fork+0x10/0x18
[   10.138320] Code: 52800000 97fffdcc 52800020 97e07f32 (f9400260) 
[   10.145193] ---[ end trace 3d87103ebc752944 ]---
[   10.150551] Internal error: Oops: 96000007 [#2] PREEMPT SMP
[   10.150598] Unable to handle kernel paging request at virtual address 000000005d24e55f
[   10.156887] Modules linked in: stp llc binfmt_misc bcm2835_codec(C) bcm2835_v4l2(C) v4l2_mem2mem bcm2835_mmal_vchiq(C) v4l2_common raspberrypi_hwmon hwmon videobuf2_vmalloc vid
eobuf2_dma_contig videobuf2_memops videobuf2_v4l2 videobuf2_common videodev media vc_sm_cma(C) uio_pdrv_genirq uio ip_tables x_tables ipv6
[   10.166419] Mem abort info:
[   10.198317] Process grep (pid: 342, stack limit = 0x000000001d846eae)
[   10.202227]   ESR = 0x96000005
[   10.209886] CPU: 3 PID: 342 Comm: grep Tainted: G      D  C        4.19.118-v8+ #1311
[   10.214143]   Exception class = DABT (current EL), IL = 32 bits
[   10.224461] Hardware name: Raspberry Pi 3 Model B Rev 1.2 (DT)
[   10.231696]   SET = 0, FnV = 0
[   10.238872] pstate: 00000005 (nzcv daif -PAN -UAO)
[   10.243260]   EA = 0, S1PTW = 0
[   10.249432] pc : __handle_mm_fault+0xb0/0xb28
[   10.253931] Data abort info:
[   10.259686] lr : handle_mm_fault+0x130/0x238
[   10.263920]   ISV = 0, ISS = 0x00000005
[   10.269539] sp : ffffff8009fabbe0
[   10.274705]   CM = 0, WnR = 0
[   10.279307] x29: ffffff8009fabbe0 x28: ffffffc0334bd700 
[   10.283501] user pgtable: 4k pages, 39-bit VAs, pgdp = 00000000c6a11bf5
[   10.290035] x27: 0000000000020000 x26: 0000000000000002 
[   10.297873] [000000005d24e55f] pgd=0000000000000000, pud=0000000000000000
[   10.304371] x25: ffffffc034ef43e0 x24: 0000000000000000 
[   10.318790] x23: ffffffc034ef4380 x22: 0000000000000055 
[   10.325203] x21: 0000000000000018 x20: ffffff8008cc8000 
[   10.331593] x19: 00000000f799d000 x18: 0000000000000000 
[   10.337953] x17: 0000000000000000 x16: 0000000000000000 
[   10.344264] x15: 0000000000000000 x14: 0000000000000000 
[   10.350521] x13: 0000000000000000 x12: 0000000000000000 
[   10.356729] x11: 0000000000000000 x10: 0000000000000000 
[   10.362890] x9 : 0000000000000000 x8 : 0000000000000000 
[   10.369017] x7 : 0000000000000000 x6 : 0000000000000000 
[   10.375110] x5 : 00000000f799d000 x4 : 0000000000000000 
[   10.381179] x3 : 0000000000000000 x2 : 0000000000000000 
[   10.387220] x1 : 0000000000000018 x0 : ffffffc034ee4380 
[   10.393253] Call trace:
[   10.396393]  __handle_mm_fault+0xb0/0xb28
[   10.401116]  handle_mm_fault+0x130/0x238
[   10.405761]  do_page_fault+0x1c0/0x498
[   10.410215]  do_mem_abort+0x68/0x128
[   10.414455]  el0_da+0x20/0x24
[   10.418039] Code: ab010c61 54001380 f90047a1 f94047b5 (f94002a1) 
[   10.424794] ---[ end trace 3d87103ebc752945 ]---
[   10.430054] Internal error: Oops: 96000005 [#3] PREEMPT SMP
[   10.430174] Unable to handle kernel NULL pointer dereference at virtual address 0000000000000018
[   10.436322] Modules linked in: stp llc binfmt_misc bcm2835_codec(C) bcm2835_v4l2(C) v4l2_mem2mem bcm2835_mmal_vchiq(C) v4l2_common raspberrypi_hwmon hwmon videobuf2_vmalloc vid
eobuf2_dma_contig videobuf2_memops videobu2_v4l2 videobuf2_common videodev media vc_sm_cma(C) uio_pdrv_genirq uio ip_tables x_tables ipv6
