[    0.000000] Booting Linux on physical CPU 0x0000000000 [0x410fd034]
[    0.000000] Linux version 4.19.118-v8+ (dom@buildbot) (gcc version 5.4.0 20160609 (Ubuntu/Linaro 5.4.0-6ubuntu1~16.04.9)) #1311 SMP PREEMPT Mon Apr 27 14:32:38 BST 2020
[    0.000000] Machine model: Raspberry Pi 3 Model B Plus Rev 1.3
[    0.000000] efi: Getting EFI parameters from FDT:
[    0.000000] efi: UEFI not found.
[    0.000000] cma: Reserved 8 MiB at 0x000000003ac00000
[    0.000000] random: get_random_bytes called from start_kernel+0xb8/0x47c with crng_init=0
[    0.000000] percpu: Embedded 24 pages/cpu s58840 r8192 d31272 u98304
[    0.000000] Detected VIPT I-cache on CPU0
[    0.000000] CPU features: enabling workaround for ARM erratum 843419
[    0.000000] CPU features: enabling workaround for ARM erratum 845719
[    0.000000] Built 1 zonelists, mobility grouping on.  Total pages: 238896
[    0.000000] Kernel command line: coherent_pool=1M 8250.nr_uarts=1 snd_bcm2835.enable_compat_alsa=0 snd_bcm2835.enable_hdmi=1 snd_bcm2835.enable_headphones=1 bcm2708_fb.fbwidth=6
56 bcm2708_fb.fbheight=416 bcm2708_fb.fbswap=1 vc_mem.mem_base=0x3ec00000 vc_mem.mem_size=0x40000000  dwc_otg.lpm_enable=0 console=ttyAMA0,115200 console=tty1 root=PARTUUID=4c99987
7-02 rootfstype=ext4 elevator=deadline fsck.repair=yes rootwait
[    0.000000] Dentry cache hash table entries: 131072 (order: 8, 1048576 bytes)
[    0.000000] Inode-cache hash table entries: 65536 (order: 7, 524288 bytes)
[    0.000000] Memory: 929092K/970752K available (8700K kernel code, 1074K rwdata, 2760K rodata, 1024K init, 1126K bss, 33468K reserved, 8192K cma-reserved)
[    0.000000] SLUB: HWalign=64, Order=0-3, MinObjects=0, CPUs=4, Nodes=1
[    0.000000] ftrace: allocating 30496 entries in 120 pages
[    0.000000] rcu: Preemptible hierarchical RCU implementation.
[    0.000000] rcu:     RCU restricting CPUs from NR_CPUS=64 to nr_cpu_ids=4.
[    0.000000]  Tasks RCU enabled.
[    0.000000] rcu: Adjusting geometry for rcu_fanout_leaf=16, nr_cpu_ids=4
[    0.000000] NR_IRQS: 64, nr_irqs: 64, preallocated irqs: 0
[    0.000000] arch_timer: cp15 timer(s) running at 19.20MHz (phys).
[    0.000000] clocksource: arch_sys_counter: mask: 0xffffffffffffff max_cycles: 0x46d987e47, max_idle_ns: 440795202767 ns
[    0.000007] sched_clock: 56 bits at 19MHz, resolution 52ns, wraps every 4398046511078ns
[    0.000269] Console: colour dummy device 80x25
[    0.000934] console [tty1] enabled
[    0.001003] Calibrating delay loop (skipped), value calculated using timer frequency.. 38.40 BogoMIPS (lpj=76800)
[    0.001056] pid_max: default: 32768 minimum: 301
[    0.001486] Mount-cache hash table entries: 2048 (order: 2, 16384 bytes)
[    0.001542] Mountpoint-cache hash table entries: 2048 (order: 2, 16384 bytes)
[    0.024101] ASID allocator initialised with 32768 entries
[    0.032099] rcu: Hierarchical SRCU implementation.
[    0.040744] EFI services will not be available.
[    0.048177] smp: Bringing up secondary CPUs ...
[    0.080443] Detected VIPT I-cache on CPU1
[    0.080512] CPU1: Booted secondary processor 0x0000000001 [0x410fd034]
[    0.112568] Detected VIPT I-cache on CPU2
[    0.112617] CPU2: Booted secondary processor 0x0000000002 [0x410fd034]
[    0.144733] Detected VIPT I-cache on CPU3
[    0.144778] CPU3: Booted secondary processor 0x0000000003 [0x410fd034]
[    0.144963] smp: Brought up 1 node, 4 CPUs
[    0.145117] SMP: Total of 4 processors activated.
[    0.145152] CPU features: detected: 32-bit EL0 Support
[    0.146124] CPU: All CPU(s) started at EL2
[    0.146198] alternatives: patching kernel code
[    0.147815] devtmpfs: initialized
[    0.164102] Enabled cp15_barrier support
[    0.164168] Enabled setend support
[    0.164748] clocksource: jiffies: mask: 0xffffffff max_cycles: 0xffffffff, max_idle_ns: 7645041785100000 ns
[    0.164810] futex hash table entries: 1024 (order: 4, 65536 bytes)
[    0.165530] pinctrl core: initialized pinctrl subsystem
[    0.166421] DMI not present or invalid.
[    0.166989] NET: Registered protocol family 16
[    0.173448] cpuidle: using governor menu
[    0.174072] hw-breakpoint: found 6 breakpoint and 4 watchpoint registers.
[    0.178695] DMA: preallocated 1024 KiB pool for atomic allocations
[    0.178874] Serial: AMBA PL011 UART driver
[    0.183458] bcm2835-mbox 3f00b880.mailbox: mailbox enabled
[    0.192930] raspberrypi-firmware soc:firmware: Attached to firmware from 2020-04-15 11:43, variant start
[    0.196948] raspberrypi-firmware soc:firmware: Firmware hash is 82f9bb929ce2186eb1824178c1ae82902ad6275c
[    0.245800] bcm2835-dma 3f007000.dma: DMA legacy API manager at (____ptrval____), dmachans=0x1
[    0.249096] vgaarb: loaded
[    0.249684] SCSI subsystem initialized
[    0.249983] usbcore: registered new interface driver usbfs
[    0.250077] usbcore: registered new interface driver hub
[    0.250260] usbcore: registered new device driver usb
[    0.250419] pps_core: LinuxPPS API ver. 1 registered
[    0.250452] pps_core: Software ver. 5.3.6 - Copyright 2005-2007 Rodolfo Giometti <giometti@linux.it>
[    0.250520] PTP clock support registered
[    0.252313] clocksource: Switched to clocksource arch_sys_counter
[    0.377340] VFS: Disk quotas dquot_6.6.0
[    0.377481] VFS: Dquot-cache hash table entries: 512 (order 0, 4096 bytes)
[    0.377715] FS-Cache: Loaded
[    0.377980] CacheFiles: Loaded
[    0.390064] NET: Registered protocol family 2
[    0.391027] tcp_listen_portaddr_hash hash table entries: 512 (order: 1, 8192 bytes)
[    0.391103] TCP established hash table entries: 8192 (order: 4, 65536 bytes)
[    0.391247] TCP bind hash table entries: 8192 (order: 5, 131072 bytes)
[    0.391465] TCP: Hash tables configured (established 8192 bind 8192)
[    0.391742] UDP hash table entries: 512 (order: 2, 16384 bytes)
[    0.391819] UDP-Lite hash table entries: 512 (order: 2, 16384 bytes)
[    0.392167] NET: Registered protocol family 1
[    0.393278] RPC: Registered named UNIX socket transport module.
[    0.393406] RPC: Registered udp transport module.
[    0.393439] RPC: Registered tcp transport module.
[    0.393469] RPC: Registered tcp NFSv4.1 backchannel transport module.
[    0.396211] hw perfevents: enabled with armv8_cortex_a53 PMU driver, 7 counters available
[    0.396483] kvm [1]: 8-bit VMID
[    0.397312] kvm [1]: Hyp mode initialized successfully
[    0.402233] Initialise system trusted keyrings
[    0.402575] workingset: timestamp_bits=46 max_order=18 bucket_order=0
[    0.415008] FS-Cache: Netfs 'nfs' registered for caching
[    0.420113] NFS: Registering the id_resolver key type
[    0.420173] Key type id_resolver registered
[    0.420204] Key type id_legacy registered
[    0.420246] nfs4filelayout_init: NFSv4 File Layout Driver Registering...
[    0.428164] Key type asymmetric registered
[    0.428212] Asymmetric key parser 'x509' registered
[    0.428358] Block layer SCSI generic (bsg) driver version 0.4 loaded (major 248)
[    0.428638] io scheduler noop registered
[    0.428673] io scheduler deadline registered (default)
[    0.428938] io scheduler cfq registered
[    0.428972] io scheduler mq-deadline registered (default)
[    0.429005] io scheduler kyber registered
[    0.432483] bcm2708_fb soc:fb: FB found 1 display(s)
[    0.443047] Console: switching to colour frame buffer device 82x26
[    0.447906] bcm2708_fb soc:fb: Registered framebuffer for display 0, size 656x416
[    0.455466] Serial: 8250/16550 driver, 1 ports, IRQ sharing enabled
[    0.459992] bcm2835-rng 3f104000.rng: hwrng registered
[    0.462969] vc-mem: phys_addr:0x00000000 mem_base=0x3ec00000 mem_size:0x40000000(1024 MiB)
[    0.468860] gpiomem-bcm2835 3f200000.gpiomem: Initialised: Registers at 0x3f200000
[    0.474425] cacheinfo: Unable to detect cache hierarchy for CPU 0
[    0.492692] brd: module loaded
[    0.510757] loop: module loaded
[    0.514515] Loading iSCSI transport class v2.0-870.
[    0.523831] libphy: Fixed MDIO Bus: probed
[    0.526817] usbcore: registered new interface driver r8152
[    0.529473] usbcore: registered new interface driver lan78xx
[    0.532076] usbcore: registered new interface driver smsc95xx
[    0.534959] dwc_otg: version 3.00a 10-AUG-2012 (platform bus)
[    0.565482] dwc_otg 3f980000.usb: base=(____ptrval____)
[    0.781044] Core Release: 2.80a
[    0.783531] Setting default values for core params
[    0.786077] Finished setting default values for core params
[    1.001587] Using Buffer DMA mode
[    1.003968] Periodic Transfer Interrupt Enhancement - disabled
[    1.006414] Multiprocessor Interrupt Enhancement - disabled
[    1.008846] OTG VER PARAM: 0, OTG VER FLAG: 0
[    1.011179] Dedicated Tx FIFOs mode
[    1.014455] WARN::dwc_otg_hcd_init:1074: FIQ DMA bounce buffers: virt = ffffff80090c1000 dma = 0x00000000fad14000 len=9024
[    1.018986] FIQ FSM acceleration enabled for :
[    1.018986] Non-periodic Split Transactions
[    1.018986] Periodic Split Transactions
[    1.018986] High-Speed Isochronous Endpoints
[    1.018986] Interrupt/Control Split Transaction hack enabled
[    1.029767] WARN::hcd_init_fiq:497: MPHI regs_base at ffffff800805d000
[    1.032044] dwc_otg 3f980000.usb: DWC OTG Controller
[    1.034410] dwc_otg 3f980000.usb: new USB bus registered, assigned bus number 1
[    1.036899] dwc_otg 3f980000.usb: irq 9, io mem 0x00000000
[    1.039304] Init: Port Power? op_state=1
[    1.041657] Init: Power Port (0)
[    1.044327] usb usb1: New USB device found, idVendor=1d6b, idProduct=0002, bcdDevice= 4.19
[    1.049130] usb usb1: New USB device strings: Mfr=3, Product=2, SerialNumber=1
[    1.051665] usb usb1: Product: DWC OTG Controller
[    1.054178] usb usb1: Manufacturer: Linux 4.19.118-v8+ dwc_otg_hcd
[    1.056715] usb usb1: SerialNumber: 3f980000.usb
[    1.059973] hub 1-0:1.0: USB hub found
[    1.062563] hub 1-0:1.0: 1 port detected
[    1.066225] usbcore: registered new interface driver uas
[    1.068696] usbcore: registered new interface driver usb-storage
[    1.071255] mousedev: PS/2 mouse device common for all mice
[    1.075093] bcm2835-wdt bcm2835-wdt: Broadcom BCM2835 watchdog timer
[    1.079025] cpufreq: cpufreq_online: CPU0: Running at unlisted freq: 600000 KHz
[    1.083781] cpufreq: cpufreq_online: CPU0: Unlisted initial frequency changed to: 700000 KHz
[    1.087074] sdhci: Secure Digital Host Controller Interface driver
[    1.088146] sdhci: Copyright(c) Pierre Ossman
[    1.089543] sdhost-bcm2835 3f202000.mmc: could not get clk, deferring probe
[    1.090754] sdhci-pltfm: SDHCI platform and OF driver helper
[    1.093214] ledtrig-cpu: registered to indicate activity on CPUs
[    1.094432] hidraw: raw HID events driver (C) Jiri Kosina
[    1.095640] usbcore: registered new interface driver usbhid
[    1.096744] usbhid: USB HID core driver
[    1.098434] vchiq: vchiq_init_state: slot_zero = (____ptrval____), is_master = 0
[    1.102704] Initializing XFRM netlink socket
[    1.103818] NET: Registered protocol family 17
[    1.105010] Key type dns_resolver registered
[    1.106779] registered taskstats version 1
[    1.107872] Loading compiled-in X.509 certificates
[    1.114596] uart-pl011 3f201000.serial: cts_event_workaround enabled
[    1.115827] 3f201000.serial: ttyAMA0 at MMIO 0x3f201000 (irq = 66, base_baud = 0) is a PL011 rev2
[    2.116327] console [ttyAMA0] enabled
[    2.122072] bcm2835-power bcm2835-power: Broadcom BCM2835 power domains driver
[    2.131318] sdhost: log_buf @ (____ptrval____) (fad13000)
[    2.186887] mmc0: sdhost-bcm2835 loaded - DMA enabled (>1)
[    2.195206] of_cfs_init
[    2.198846] of_cfs_init: OK
[    2.203213] Waiting for root device PARTUUID=4c999877-02...
[    2.232398] Indeed it is in host mode hprt0 = 00021501
[    2.282181] mmc0: host does not support reading read-only switch, assuming write-enable
[    2.309701] mmc0: new high speed SDHC card at address aaaa
[    2.319362] mmcblk0: mmc0:aaaa SC16G 14.8 GiB
[    2.329483]  mmcblk0: p1 p2
[    2.344695] random: fast init done
[    2.350427] EXT4-fs (mmcblk0p2): INFO: recovery required on readonly filesystem
[    2.358874] EXT4-fs (mmcblk0p2): write access will be enabled during recovery
[    2.452332] usb 1-1: new high-speed USB device number 2 using dwc_otg
[    2.460068] Indeed it is in host mode hprt0 = 00001101
[    2.483149] EXT4-fs (mmcblk0p2): recovery complete
[    2.493745] EXT4-fs (mmcblk0p2): mounted filesystem with ordered data mode. Opts: (null)
[    2.504017] VFS: Mounted root (ext4 filesystem) readonly on device 179:2.
[    2.522787] devtmpfs: mounted
[    2.529841] Freeing unused kernel memory: 1024K
[    2.535575] Run /sbin/init as init process
[    2.676606] usb 1-1: New USB device found, idVendor=0424, idProduct=2514, bcdDevice= b.b3
[    2.687140] usb 1-1: New USB device strings: Mfr=0, Product=0, SerialNumber=0
[    2.695989] hub 1-1:1.0: USB hub found
[    2.701027] hub 1-1:1.0: 4 ports detected
[    2.992344] usb 1-1.1: new high-speed USB device number 3 using dwc_otg
[    3.100585] usb 1-1.1: New USB device found, idVendor=0424, idProduct=2514, bcdDevice= b.b3
[    3.111327] usb 1-1.1: New USB device strings: Mfr=0, Product=0, SerialNumber=0
[    3.120393] hub 1-1.1:1.0: USB hub found
[    3.125623] hub 1-1.1:1.0: 3 ports detected
[    3.170776] systemd[1]: System time before build time, advancing clock.
[    3.307569] NET: Registered protocol family 10
[    3.314046] Segment Routing with IPv6
[    3.363465] systemd[1]: systemd 241 running in system mode. (+PAM +AUDIT +SELINUX +IMA +APPARMOR +SMACK +SYSVINIT +UTMP +LIBCRYPTSETUP +GCRYPT +GNUTLS +ACL +XZ +LZ4 +SECCOMP +BL
KID +ELFUTILS +KMOD -IDN2 +IDN -PCRE2 default-hierarchy=hybrid)
[    3.389196] systemd[1]: Detected architecture arm64.
[    3.406322] systemd[1]: Set hostname to <raspberrypi>.
[    3.508472] uart-pl011 3f201000.serial: no DMA platform data
[    3.669507] random: crng init done
[    3.716342] usb 1-1.1.1: new high-speed USB device number 4 using dwc_otg
[    3.824793] usb 1-1.1.1: New USB device found, idVendor=0424, idProduct=7800, bcdDevice= 3.00
[    3.835778] usb 1-1.1.1: New USB device strings: Mfr=0, Product=0, SerialNumber=0
[    4.032539] systemd[1]: Listening on fsck to fsckd communication Socket.
[    4.044866] systemd[1]: Created slice User and Session Slice.
[    4.053722] systemd[1]: Reached target Slices.
[    4.061218] systemd[1]: Started Forward Password Requests to Wall Directory Watch.
[    4.074748] systemd[1]: Created slice system-getty.slice.
[    4.084233] systemd[1]: Created slice system-systemd\x2dfsck.slice.
[  187.564575] Unable to handle kernel paging request at virtual address efffff803ab11c98
[  187.574095] Mem abort info:
[  187.577685]   ESR = 0x96000004
[  187.581500]   Exception class = DABT (current EL), IL = 32 bits
[  187.588208]   SET = 0, FnV = 0
[  187.592025]   EA = 0, S1PTW = 0
[  187.595931] Data abort info:
[  187.599565]   ISV = 0, ISS = 0x00000004
[  187.604155]   CM = 0, WnR = 0
[  187.607852] [efffff803ab11c98] address between user and kernel address ranges
[  187.615800] Internal error: Oops: 96000004 [#1] PREEMPT SMP
[  187.622208] Modules linked in: cfg80211 rfkill 8021q garp stp llc binfmt_misc bcm2835_codec(C) bcm2835_v4l2(C) v4l2_mem2mem bcm2835_mmal_vchiq(C) v4l2_common videobuf2_dma_conti
g videobuf2_vmalloc videobuf2_memops videobuf2_v4l2 videobuf2_common raspberrypi_hwmon hwmon videodev media vc_sm_cma(C) uio_pdrv_genirq uio ip_tables x_tables ipv6
[  187.657217] Process test (pid: 484, stack limit = 0x00000000c3a62d63)
[  187.664758] CPU: 1 PID: 484 Comm: test Tainted: G         C        4.19.118-v8+ #1311
[  187.674806] Hardware name: Raspberry Pi 3 Model B Plus Rev 1.3 (DT)
[  187.682212] pstate: 80000085 (Nzcv daIf -PAN -UAO)
[  187.688118] pc : __hrtimer_run_queues+0xb0/0x380
[  187.693854] lr : hrtimer_interrupt+0xf8/0x258
[  187.699336] sp : ffffff800800be20
[  187.703752] x29: ffffff800800be20 x28: 0000000000000007 
[  187.710171] x27: ffffff8008cac018 x26: 0000000000000080 
[  187.716584] x25: ffffff8008cac018 x24: ffffffc03ab9178c 
[  187.723000] x23: 0000002bab728007 x22: ffffffc03ab91780 
[  187.729410] x21: ffffffc03ab91780 x20: ffffffc03ab917c0 
[  187.735807] x19: efffff803ab11c78 x18: 0000000000000000 
[  187.742182] x17: 0000000000000000 x16: 0000000000000000 
[  187.748518] x15: 0000000000000000 x14: 0000000000000000 
[  187.754795] x13: 0000000000000000 x12: 0000000000000000 
[  187.761007] x11: 0000000000000000 x10: 0000000000000000 
[  187.767153] x9 : 0000000000000000 x8 : 0000000000000040 
[  187.773239] x7 : 0000000000000000 x6 : ffffffc039000920 
[  187.779274] x5 : ffffffc03950be00 x4 : 0000004031edd000 
[  187.785275] x3 : 000000000000000f x2 : 0000000000000080 
[  187.791242] x1 : 0000002bab728007 x0 : 0000002bab728007 
[  187.797177] Call trace:
[  187.800198]  __hrtimer_run_queues+0xb0/0x380
[  187.805047]  hrtimer_interrupt+0xf8/0x258
[  187.809627]  arch_timer_handler_phys+0x3c/0x50
[  187.814646]  handle_percpu_devid_irq+0xa4/0x2a0
[  187.819744]  generic_handle_irq+0x34/0x50
[  187.824322]  __handle_domain_irq+0x8c/0x100
[  187.829093]  bcm2836_arm_irqchip_handle_irq+0x68/0xd8
[  187.834757]  el0_irq_naked+0x50/0x5c
[  187.838951] Code: f9403ea0 8b000020 f9003ba0 b4000673 (f9401261) 
[  187.845722] ---[ end trace 99ae8fb7164fa634 ]---
[  187.851012] Kernel panic - not syncing: Fatal exception in interrupt
[  187.858095] SMP: stopping secondary CPUs
[  187.862767] Kernel Offset: disabled
[  187.867014] CPU features: 0x0,24002004
[  187.871547] Memory Limit: none
[  187.875403] ---[ end Kernel panic - not syncing: Fatal exception in interrupt ]---
