[    0.000000] Booting Linux on physical CPU 0x0
[    0.000000] Linux version 4.19.118-v7+ (dom@buildbot) (gcc version 4.9.3 (crosstool-NG crosstool-ng-1.22.0-88-g8460611)) #1311 SMP Mon Apr 27 14:21:24 BST 2020
[    0.000000] CPU: ARMv7 Processor [410fd034] revision 4 (ARMv7), cr=10c5383d
[    0.000000] CPU: div instructions available: patching division code
[    0.000000] CPU: PIPT / VIPT nonaliasing data cache, VIPT aliasing instruction cache
[    0.000000] OF: fdt: Machine model: Raspberry Pi 3 Model B Plus Rev 1.3
[    0.000000] Memory policy: Data cache writealloc
[    0.000000] cma: Reserved 8 MiB at 0x3ac00000
[    0.000000] random: get_random_bytes called from start_kernel+0xac/0x4b4 with crng_init=0
[    0.000000] percpu: Embedded 16 pages/cpu s36864 r8192 d20480 u65536
[    0.000000] Built 1 zonelists, mobility grouping on.  Total pages: 240555
[    0.000000] Kernel command line: coherent_pool=1M 8250.nr_uarts=1 snd_bcm2835.enable_compat_alsa=0 snd_bcm2835.enable_hdmi=1 snd_bcm2835.enable_headphones=1 bcm2708_fb.fbwidth=
656 bcm2708_fb.fbheight=416 bcm2708_fb.fbswap=1 vc_mem.mem_base=0x3ec00000 vc_mem.mem_size=0x40000000  dwc_otg.lpm_enable=0 console=ttyAMA0,115200 console=tty1 root=PARTUUID=4c999
877-02 rootfstype=ext4 elevator=deadline fsck.repair=yes rootwait
[    0.000000] Dentry cache hash table entries: 131072 (order: 7, 524288 bytes)
[    0.000000] Inode-cache hash table entries: 65536 (order: 6, 262144 bytes)
[    0.000000] Memory: 939064K/970752K available (8192K kernel code, 656K rwdata, 2232K rodata, 1024K init, 831K bss, 23496K reserved, 8192K cma-reserved)
[    0.000000] Virtual kernel memory layout:
[    0.000000]     vector  : 0xffff0000 - 0xffff1000   (   4 kB)
[    0.000000]     fixmap  : 0xffc00000 - 0xfff00000   (3072 kB)
[    0.000000]     vmalloc : 0xbb800000 - 0xff800000   (1088 MB)
[    0.000000]     lowmem  : 0x80000000 - 0xbb400000   ( 948 MB)
[    0.000000]     modules : 0x7f000000 - 0x80000000   (  16 MB)
[    0.000000]       .text : 0x(ptrval) - 0x(ptrval)   (9184 kB)
[    0.000000]       .init : 0x(ptrval) - 0x(ptrval)   (1024 kB)
[    0.000000]       .data : 0x(ptrval) - 0x(ptrval)   ( 657 kB)
[    0.000000]        .bss : 0x(ptrval) - 0x(ptrval)   ( 832 kB)
[    0.000000] SLUB: HWalign=64, Order=0-3, MinObjects=0, CPUs=4, Nodes=1
[    0.000000] ftrace: allocating 27093 entries in 80 pages
[    0.000000] rcu: Hierarchical RCU implementation.
[    0.000000] NR_IRQS: 16, nr_irqs: 16, preallocated irqs: 16
[    0.000000] arch_timer: cp15 timer(s) running at 19.20MHz (phys).
[    0.000000] clocksource: arch_sys_counter: mask: 0xffffffffffffff max_cycles: 0x46d987e47, max_idle_ns: 440795202767 ns
[    0.000007] sched_clock: 56 bits at 19MHz, resolution 52ns, wraps every 4398046511078ns
[    0.000023] Switching to timer-based delay loop, resolution 52ns
[    0.000277] Console: colour dummy device 80x30
[    0.000911] console [tty1] enabled
[    0.000970] Calibrating delay loop (skipped), value calculated using timer frequency.. 38.40 BogoMIPS (lpj=192000)
[    0.001013] pid_max: default: 32768 minimum: 301
[    0.001380] Mount-cache hash table entries: 2048 (order: 1, 8192 bytes)
[    0.001417] Mountpoint-cache hash table entries: 2048 (order: 1, 8192 bytes)
[    0.002371] CPU: Testing write buffer coherency: ok
[    0.002852] CPU0: thread -1, cpu 0, socket 0, mpidr 80000000
[    0.003538] Setting up static identity map for 0x100000 - 0x10003c
[    0.003707] rcu: Hierarchical SRCU implementation.
[    0.004530] smp: Bringing up secondary CPUs ...
[    0.005447] CPU1: thread -1, cpu 1, socket 0, mpidr 80000001
[    0.006428] CPU2: thread -1, cpu 2, socket 0, mpidr 80000002
[    0.007349] CPU3: thread -1, cpu 3, socket 0, mpidr 80000003
[    0.007463] smp: Brought up 1 node, 4 CPUs
[    0.007544] SMP: Total of 4 processors activated (153.60 BogoMIPS).
[    0.007568] CPU: All CPU(s) started in HYP mode.
[    0.007588] CPU: Virtualization extensions available.
[    0.008586] devtmpfs: initialized
[    0.022041] VFP support v0.3: implementor 41 architecture 3 part 40 variant 3 rev 4
[    0.022318] clocksource: jiffies: mask: 0xffffffff max_cycles: 0xffffffff, max_idle_ns: 19112604462750000 ns
[    0.022368] futex hash table entries: 1024 (order: 4, 65536 bytes)
[    0.022976] pinctrl core: initialized pinctrl subsystem
[    0.023845] NET: Registered protocol family 16
[    0.027088] DMA: preallocated 1024 KiB pool for atomic coherent allocations
[    0.033002] hw-breakpoint: found 5 (+1 reserved) breakpoint and 4 watchpoint registers.
[    0.033037] hw-breakpoint: maximum watchpoint size is 8 bytes.
[    0.033255] Serial: AMBA PL011 UART driver
[    0.035608] bcm2835-mbox 3f00b880.mailbox: mailbox enabled
[    0.050029] raspberrypi-firmware soc:firmware: Attached to firmware from 2020-04-15 11:43, variant start
[    0.060042] raspberrypi-firmware soc:firmware: Firmware hash is 82f9bb929ce2186eb1824178c1ae82902ad6275c
[    0.103083] bcm2835-dma 3f007000.dma: DMA legacy API manager at (ptrval), dmachans=0x1
[    0.104737] SCSI subsystem initialized
[    0.104982] usbcore: registered new interface driver usbfs
[    0.105063] usbcore: registered new interface driver hub
[    0.105175] usbcore: registered new device driver usb
[    0.106884] clocksource: Switched to clocksource arch_sys_counter
[    0.197455] VFS: Disk quotas dquot_6.6.0
[    0.197565] VFS: Dquot-cache hash table entries: 1024 (order 0, 4096 bytes)
[    0.197736] FS-Cache: Loaded
[    0.197964] CacheFiles: Loaded
[    0.207971] NET: Registered protocol family 2
[    0.208836] tcp_listen_portaddr_hash hash table entries: 512 (order: 0, 6144 bytes)
[    0.208901] TCP established hash table entries: 8192 (order: 3, 32768 bytes)
[    0.209032] TCP bind hash table entries: 8192 (order: 4, 65536 bytes)
[    0.209236] TCP: Hash tables configured (established 8192 bind 8192)
[    0.209399] UDP hash table entries: 512 (order: 2, 16384 bytes)
[    0.209469] UDP-Lite hash table entries: 512 (order: 2, 16384 bytes)
[    0.209729] NET: Registered protocol family 1
[    0.210316] RPC: Registered named UNIX socket transport module.
[    0.210343] RPC: Registered udp transport module.
[    0.210365] RPC: Registered tcp transport module.
[    0.210386] RPC: Registered tcp NFSv4.1 backchannel transport module.
[    0.212234] hw perfevents: enabled with armv7_cortex_a7 PMU driver, 7 counters available
[    0.215343] Initialise system trusted keyrings
[    0.215553] workingset: timestamp_bits=14 max_order=18 bucket_order=4
[    0.225521] FS-Cache: Netfs 'nfs' registered for caching
[    0.226101] NFS: Registering the id_resolver key type
[    0.226146] Key type id_resolver registered
[    0.226169] Key type id_legacy registered
[    0.226200] nfs4filelayout_init: NFSv4 File Layout Driver Registering...
[    0.231659] Key type asymmetric registered
[    0.231695] Asymmetric key parser 'x509' registered
[    0.231769] Block layer SCSI generic (bsg) driver version 0.4 loaded (major 250)
[    0.231963] io scheduler noop registered
[    0.231988] io scheduler deadline registered (default)
[    0.232207] io scheduler cfq registered
[    0.232231] io scheduler mq-deadline registered (default)
[    0.232255] io scheduler kyber registered
[    0.234474] bcm2708_fb soc:fb: FB found 1 display(s)
[    0.243840] Console: switching to colour frame buffer device 82x26
[    0.250692] bcm2708_fb soc:fb: Registered framebuffer for display 0, size 656x416
[    0.256317] Serial: 8250/16550 driver, 1 ports, IRQ sharing enabled
[    0.260152] bcm2835-rng 3f104000.rng: hwrng registered
[    0.262831] vc-mem: phys_addr:0x00000000 mem_base=0x3ec00000 mem_size:0x40000000(1024 MiB)
[    0.268231] vc-sm: Videocore shared memory driver
[    0.271043] gpiomem-bcm2835 3f200000.gpiomem: Initialised: Registers at 0x3f200000
[    0.286982] brd: module loaded
[    0.299739] loop: module loaded
[    0.302846] Loading iSCSI transport class v2.0-870.
[    0.306012] libphy: Fixed MDIO Bus: probed
[    0.308553] usbcore: registered new interface driver lan78xx
[    0.311076] usbcore: registered new interface driver smsc95xx
[    0.313516] dwc_otg: version 3.00a 10-AUG-2012 (platform bus)
[    0.343827] dwc_otg 3f980000.usb: base=(ptrval)
[    0.546538] Core Release: 2.80a
[    0.549026] Setting default values for core params
[    0.551532] Finished setting default values for core params
[    0.754319] Using Buffer DMA mode
[    0.756723] Periodic Transfer Interrupt Enhancement - disabled
[    0.759157] Multiprocessor Interrupt Enhancement - disabled
[    0.761546] OTG VER PARAM: 0, OTG VER FLAG: 0
[    0.763895] Dedicated Tx FIFOs mode
[    0.766618] WARN::dwc_otg_hcd_init:1074: FIQ DMA bounce buffers: virt = bad14000 dma = 0xfad14000 len=9024
[    0.771236] FIQ FSM acceleration enabled for :
[    0.771236] Non-periodic Split Transactions
[    0.771236] Periodic Split Transactions
[    0.771236] High-Speed Isochronous Endpoints
[    0.771236] Interrupt/Control Split Transaction hack enabled
[    0.782224] WARN::hcd_init_fiq:457: FIQ on core 1
[    0.784455] WARN::hcd_init_fiq:458: FIQ ASM at 8068fda0 length 36
[    0.786670] WARN::hcd_init_fiq:497: MPHI regs_base at bb810000
[    0.788928] dwc_otg 3f980000.usb: DWC OTG Controller
[    0.791191] dwc_otg 3f980000.usb: new USB bus registered, assigned bus number 1
[    0.793519] dwc_otg 3f980000.usb: irq 56, io mem 0x00000000
[    0.795826] Init: Port Power? op_state=1
[    0.798087] Init: Power Port (0)
[    0.800512] usb usb1: New USB device found, idVendor=1d6b, idProduct=0002, bcdDevice= 4.19
[    0.805026] usb usb1: New USB device strings: Mfr=3, Product=2, SerialNumber=1
[    0.807464] usb usb1: Product: DWC OTG Controller
[    0.809833] usb usb1: Manufacturer: Linux 4.19.118-v7+ dwc_otg_hcd
[    0.812260] usb usb1: SerialNumber: 3f980000.usb
[    0.815222] hub 1-0:1.0: USB hub found
[    0.817533] hub 1-0:1.0: 1 port detected
[    0.820579] usbcore: registered new interface driver usb-storage
[    0.823045] mousedev: PS/2 mouse device common for all mice
[    0.826191] bcm2835-wdt bcm2835-wdt: Broadcom BCM2835 watchdog timer
[    0.828852] bcm2835-cpufreq: min=600000 max=1400000
[    0.831678] sdhci: Secure Digital Host Controller Interface driver
[    0.834102] sdhci: Copyright(c) Pierre Ossman
[    0.836941] sdhost-bcm2835 3f202000.mmc: could not get clk, deferring probe
[    0.839611] sdhci-pltfm: SDHCI platform and OF driver helper
[    0.843672] ledtrig-cpu: registered to indicate activity on CPUs
[    0.846369] hidraw: raw HID events driver (C) Jiri Kosina
[    0.849142] usbcore: registered new interface driver usbhid
[    0.851691] usbhid: USB HID core driver
[    0.855001] vchiq: vchiq_init_state: slot_zero = (ptrval), is_master = 0
[    0.859155] [vc_sm_connected_init]: start
[    0.868859] [vc_sm_connected_init]: end - returning 0
[    0.872374] Initializing XFRM netlink socket
[    0.874761] NET: Registered protocol family 17
[    0.877246] Key type dns_resolver registered
[    0.880220] Registering SWP/SWPB emulation handler
[    0.883230] registered taskstats version 1
[    0.885608] Loading compiled-in X.509 certificates
[    0.894615] uart-pl011 3f201000.serial: cts_event_workaround enabled
[    0.897185] 3f201000.serial: ttyAMA0 at MMIO 0x3f201000 (irq = 81, base_baud = 0) is a PL011 rev2
[    1.900830] console [ttyAMA0] enabled
[    1.908884] sdhost: log_buf @ (ptrval) (fad13000)
[    1.964297] mmc0: sdhost-bcm2835 loaded - DMA enabled (>1)
[    1.973466] of_cfs_init
[    1.978312] of_cfs_init: OK
[    1.983880] Waiting for root device PARTUUID=4c999877-02...
[    2.017005] Indeed it is in host mode hprt0 = 00021501
[    2.112052] random: fast init done
[    2.122683] mmc0: host does not support reading read-only switch, assuming write-enable
[    2.141879] mmc0: new high speed SDHC card at address aaaa
[    2.150922] mmcblk0: mmc0:aaaa SL16G 14.8 GiB
[    2.164175]  mmcblk0: p1 p2
[    2.210953] EXT4-fs (mmcblk0p2): mounted filesystem with ordered data mode. Opts: (null)
[    2.224044] VFS: Mounted root (ext4 filesystem) readonly on device 179:2.
[    2.226925] usb 1-1: new high-speed USB device number 2 using dwc_otg
[    2.242692] Indeed it is in host mode hprt0 = 00001101
[    2.244855] devtmpfs: mounted
[    2.312298] Freeing unused kernel memory: 1024K
[    2.319762] Run /sbin/init as init process
[    2.487220] usb 1-1: New USB device found, idVendor=0424, idProduct=2514, bcdDevice= b.b3
[    2.500592] usb 1-1: New USB device strings: Mfr=0, Product=0, SerialNumber=0
[    2.511139] hub 1-1:1.0: USB hub found
[    2.517774] hub 1-1:1.0: 4 ports detected
[    2.836938] usb 1-1.1: new high-speed USB device number 3 using dwc_otg
[    2.962746] systemd[1]: System time before build time, advancing clock.
[    2.967252] usb 1-1.1: New USB device found, idVendor=0424, idProduct=2514, bcdDevice= b.b3
[    2.986068] usb 1-1.1: New USB device strings: Mfr=0, Product=0, SerialNumber=0
[    2.996819] hub 1-1.1:1.0: USB hub found
[    3.003690] hub 1-1.1:1.0: 3 ports detected
[    3.059538] systemd[1]: systemd 241 running in system mode. (+PAM +AUDIT +SELINUX +IMA +APPARMOR +SMACK +SYSVINIT +UTMP +LIBCRYPTSETUP +GCRYPT +GNUTLS +ACL +XZ +LZ4 +SECCOMP +B
LKID +ELFUTILS +KMOD -IDN2 +IDN -PCRE2 default-hierarchy=hybrid)
[    3.090444] systemd[1]: Detected architecture arm.
[    3.119517] systemd[1]: Set hostname to <raspberrypi>.
[    3.306429] uart-pl011 3f201000.serial: no DMA platform data
[    3.666947] usb 1-1.1.1: new high-speed USB device number 4 using dwc_otg
[    3.797403] usb 1-1.1.1: New USB device found, idVendor=0424, idProduct=7800, bcdDevice= 3.00
[    3.811476] usb 1-1.1.1: New USB device strings: Mfr=0, Product=0, SerialNumber=0
[    4.084001] random: systemd: uninitialized urandom read (16 bytes read)
[    4.089310] lan78xx 1-1.1.1:1.0 (unnamed net_device) (uninitialized): No External EEPROM. Setting MAC Speed
[    4.105221] random: systemd: uninitialized urandom read (16 bytes read)
[    4.110400] libphy: lan78xx-mdiobus: probed
[    4.119806] systemd[1]: Listening on udev Control Socket.
[    4.139034] random: systemd: uninitialized urandom read (16 bytes read)
[    4.149323] systemd[1]: Listening on udev Kernel Socket.
[    4.153328] lan78xx 1-1.1.1:1.0 (unnamed net_device) (uninitialized): int urb period 64
[    4.175920] systemd[1]: Listening on Journal Socket (/dev/log).
[    4.192421] systemd[1]: Created slice User and Session Slice.
[    4.205629] systemd[1]: Listening on Syslog Socket.
[    4.219991] systemd[1]: Created slice system-getty.slice.
[    4.232258] systemd[1]: Started Dispatch Password Requests to Console Directory Watch.
[    8.601387] Kernel panic - not syncing: stack-protector: Kernel stack is corrupted in: ext4_find_delalloc_range+0x90/0x90
[    8.614629] CPU: 0 PID: 340 Comm: swapon Not tainted 4.19.118-v7+ #1311
[    8.622366] Hardware name: BCM2835
[    8.626821] [<801120c8>] (unwind_backtrace) from [<8010d5fc>] (show_stack+0x20/0x24)
[    8.636747] [<8010d5fc>] (show_stack) from [<80856da8>] (dump_stack+0xe0/0x124)
[    8.645222] [<80856da8>] (dump_stack) from [<80120ee8>] (panic+0x104/0x288)
[    8.645231] [<80120ee8>] (panic) from [<801209e8>] (print_tainted+0x0/0xa8)
[    8.661415] CPU1: stopping
[    8.661421] CPU: 1 PID: 0 Comm: swapper/1 Not tainted 4.19.118-v7+ #1311
[    8.661422] Hardware name: BCM2835
[    8.661433] [<801120c8>] (unwind_backtrace) from [<8010d5fc>] (show_stack+0x20/0x24)
[    8.661438] [<8010d5fc>] (show_stack) from [<80856da8>] (dump_stack+0xe0/0x124)
[    8.661444] [<80856da8>] (dump_stack) from [<801104e0>] (handle_IPI+0x388/0x3a8)
[    8.661452] [<801104e0>] (handle_IPI) from [<801021f4>] (bcm2836_arm_irqchip_handle_irq+0xa0/0xa4)
[    8.661459] [<801021f4>] (bcm2836_arm_irqchip_handle_irq) from [<801019bc>] (__irq_svc+0x5c/0x7c)
[    8.661462] Exception stack(0xb9d4df38 to 0xb9d4df80)
[    8.661465] df20:                                                       80109ae4 00000000
[    8.661470] df40: 40000093 40000093 80d04d70 b9d4c000 80d04db8 00000002 80d8fb3e 410fd034
[    8.661475] df60: 00000000 b9d4df94 80d0517c b9d4df88 00000000 80109ae8 40000013 ffffffff
[    8.661483] [<801019bc>] (__irq_svc) from [<80109ae8>] (arch_cpu_idle+0x34/0x4c)
[    8.661491] [<80109ae8>] (arch_cpu_idle) from [<80873e74>] (default_idle_call+0x34/0x48)
[    8.661501] [<80873e74>] (default_idle_call) from [<80152eb8>] (do_idle+0xec/0x16c)
[    8.661509] [<80152eb8>] (do_idle) from [<801531f8>] (cpu_startup_entry+0x28/0x2c)
[    8.661516] [<801531f8>] (cpu_startup_entry) from [<8010fee4>] (secondary_start_kernel+0x134/0x140)
[    8.661523] [<8010fee4>] (secondary_start_kernel) from [<0010270c>] (0x10270c)
[    8.661527] CPU3: stopping
[    8.661532] CPU: 3 PID: 0 Comm: swapper/3 Not tainted 4.19.118-v7+ #1311
[    8.661533] Hardware name: BCM2835
[    8.661542] [<801120c8>] (unwind_backtrace) from [<8010d5fc>] (show_stack+0x20/0x24)
[    8.661547] [<8010d5fc>] (show_stack) from [<80856da8>] (dump_stack+0xe0/0x124)
[    8.661553] [<80856da8>] (dump_stack) from [<801104e0>] (handle_IPI+0x388/0x3a8)
[    8.661560] [<801104e0>] (handle_IPI) from [<801021f4>] (bcm2836_arm_irqchip_handle_irq+0xa0/0xa4)
[    8.661565] [<801021f4>] (bcm2836_arm_irqchip_handle_irq) from [<801019bc>] (__irq_svc+0x5c/0x7c)
[    8.661568] Exception stack(0xb9d51f38 to 0xb9d51f80)
[    8.661571] 1f20:                                                       80109ae4 00000000
[    8.661576] 1f40: 40000093 40000093 80d04d70 b9d50000 80d04db8 00000008 80d8fb3e 410fd034
[    8.661581] 1f60: 00000000 b9d51f94 80d0517c b9d51f88 00000000 80109ae8 40000013 ffffffff
[    8.661587] [<801019bc>] (__irq_svc) from [<80109ae8>] (arch_cpu_idle+0x34/0x4c)
[    8.661594] [<80109ae8>] (arch_cpu_idle) from [<80873e74>] (default_idle_call+0x34/0x48)
[    8.661602] [<80873e74>] (default_idle_call) from [<80152eb8>] (do_idle+0xec/0x16c)
[    8.661609] [<80152eb8>] (do_idle) from [<801531f8>] (cpu_startup_entry+0x28/0x2c)
[    8.661616] [<801531f8>] (cpu_startup_entry) from [<8010fee4>] (secondary_start_kernel+0x134/0x140)
[    8.661621] [<8010fee4>] (secondary_start_kernel) from [<0010270c>] (0x10270c)
[    8.661624] CPU2: stopping
[    8.661628] CPU: 2 PID: 1 Comm: systemd Not tainted 4.19.118-v7+ #1311
[    8.661630] Hardware name: BCM2835
[    8.661638] [<801120c8>] (unwind_backtrace) from [<8010d5fc>] (show_stack+0x20/0x24)
[    8.661644] [<8010d5fc>] (show_stack) from [<80856da8>] (dump_stack+0xe0/0x124)
[    8.661650] [<80856da8>] (dump_stack) from [<801104e0>] (handle_IPI+0x388/0x3a8)
[    8.661656] [<801104e0>] (handle_IPI) from [<801021f4>] (bcm2836_arm_irqchip_handle_irq+0xa0/0xa4)
[    8.661662] [<801021f4>] (bcm2836_arm_irqchip_handle_irq) from [<801019bc>] (__irq_svc+0x5c/0x7c)
[    8.661664] Exception stack(0xb9d0db00 to 0xb9d0db48)
[    8.661669] db00: 8014b638 00000000 40000093 40000093 80c95400 b8c9e000 b9d44b00 ba375400
[    8.661674] db20: 8086e570 b9d18000 00000000 b9d0db94 80d0517c b9d0db50 00000000 8014b644
[    8.661677] db40: a0000013 ffffffff
[    8.661683] [<801019bc>] (__irq_svc) from [<8014b644>] (finish_task_switch+0xa4/0x248)
[    8.661690] [<8014b644>] (finish_task_switch) from [<8086e570>] (__schedule+0x390/0x9ac)
[    8.661697] [<8086e570>] (__schedule) from [<8086ebdc>] (schedule+0x50/0xa8)
[    8.661703] [<8086ebdc>] (schedule) from [<80872bc4>] (schedule_timeout+0x200/0x428)
[    8.661711] [<80872bc4>] (schedule_timeout) from [<80871158>] (__down+0x98/0xec)
[    8.661718] [<80871158>] (__down) from [<8017725c>] (down+0x54/0x68)
[    8.661726] [<8017725c>] (down) from [<8017c274>] (console_lock+0x20/0x44)
[    8.661735] [<8017c274>] (console_lock) from [<805bc000>] (con_install+0x24/0xec)
[    8.661743] [<805bc000>] (con_install) from [<805a4818>] (tty_init_dev+0x70/0x1c8)
[    8.661750] [<805a4818>] (tty_init_dev) from [<805a4e20>] (tty_open+0x39c/0x404)
[    8.661758] [<805a4e20>] (tty_open) from [<802d58c4>] (chrdev_open+0xf0/0x1c0)
[    8.661765] [<802d58c4>] (chrdev_open) from [<802cc498>] (do_dentry_open+0x23c/0x3c0)
[    8.661772] [<802cc498>] (do_dentry_open) from [<802cd974>] (vfs_open+0x3c/0x40)
[    8.661780] [<802cd974>] (vfs_open) from [<802e02c8>] (path_openat+0x1e4/0x1014)
[    8.661787] [<802e02c8>] (path_openat) from [<802e23e4>] (do_filp_open+0x80/0xec)
[    8.661794] [<802e23e4>] (do_filp_open) from [<802cdc54>] (do_sys_open+0x140/0x1f0)
[    8.661800] [<802cdc54>] (do_sys_open) from [<802cdd50>] (sys_openat+0x1c/0x20)
[    8.661806] [<802cdd50>] (sys_openat) from [<80101000>] (ret_fast_syscall+0x0/0x28)
[    8.661808] Exception stack(0xb9d0dfa8 to 0xb9d0dff0)
[    8.661813] dfa0:                   7ec8d6d4 76f4d968 ffffff9c 005078d8 000a0101 00000000
[    8.661818] dfc0: 7ec8d6d4 76f4d968 00080101 00000142 0000c350 7ec8d808 7ec8d770 7ec8d7fc
[    8.661821] dfe0: 76f04000 7ec8d670 76c49248 76e7f464
[    9.317064] ---[ end Kernel panic - not syncing: stack-protector: Kernel stack is corrupted in: ext4_find_delalloc_range+0x90/0x90 ]---
