[    0.000000] Booting Linux on physical CPU 0x0000000000 [0x410fd034]
[    0.000000] Linux version 4.19.118-v8+ (dom@buildbot) (gcc version 5.4.0 20160609 (Ubuntu/Linaro 5.4.0-6ubuntu1~16.04.9)) #1311 SMP PREEMPT Mon Apr 27 14:32:38 BST 2020
[    0.000000] Machine model: Raspberry Pi 3 Model B Plus Rev 1.3
[    0.000000] efi: Getting EFI parameters from FDT:
[    0.000000] efi: UEFI not found.
[    0.000000] cma: Reserved 8 MiB at 0x000000003ac00000
[    0.000000] random: get_random_bytes called from start_kernel+0xb8/0x47c with crng_init=0
[    0.000000] percpu: Embedded 24 pages/cpu s58840 r8192 d31272 u98304
[    0.000000] Detected VIPT I-cache on CPU0
[    0.000000] CPU features: enabling workaround for ARM erratum 843419
[    0.000000] CPU features: enabling workaround for ARM erratum 845719
[    0.000000] Built 1 zonelists, mobility grouping on.  Total pages: 238896
[    0.000000] Kernel command line: coherent_pool=1M 8250.nr_uarts=1 snd_bcm2835.enable_compat_alsa=0 snd_bcm2835.enable_hdmi=1 snd_bcm2835.enable_headphones=1 bcm2708_fb.fbwidth=
656 bcm2708_fb.fbheight=416 bcm2708_fb.fbswap=1 vc_mem.mem_base=0x3ec00000 vc_mem.mem_size=0x40000000  dwc_otg.lpm_enable=0 console=ttyAMA0,115200 console=tty1 root=PARTUUID=4c999
877-02 rootfstype=ext4 elevator=deadline fsck.repair=yes rootwait
[    0.000000] Dentry cache hash table entries: 131072 (order: 8, 1048576 bytes)
[    0.000000] Inode-cache hash table entries: 65536 (order: 7, 524288 bytes)
[    0.000000] Memory: 929092K/970752K available (8700K kernel code, 1074K rwdata, 2760K rodata, 1024K init, 1126K bss, 33468K reserved, 8192K cma-reserved)
[    0.000000] SLUB: HWalign=64, Order=0-3, MinObjects=0, CPUs=4, Nodes=1
[    0.000000] ftrace: allocating 30496 entries in 120 pages
[    0.000000] rcu: Preemptible hierarchical RCU implementation.
[    0.000000] rcu:     RCU restricting CPUs from NR_CPUS=64 to nr_cpu_ids=4.
[    0.000000]  Tasks RCU enabled.
[    0.000000] rcu: Adjusting geometry for rcu_fanout_leaf=16, nr_cpu_ids=4
[    0.000000] NR_IRQS: 64, nr_irqs: 64, preallocated irqs: 0
[    0.000000] arch_timer: cp15 timer(s) running at 19.20MHz (phys).
[    0.000000] clocksource: arch_sys_counter: mask: 0xffffffffffffff max_cycles: 0x46d987e47, max_idle_ns: 440795202767 ns
[    0.000007] sched_clock: 56 bits at 19MHz, resolution 52ns, wraps every 4398046511078ns
[    0.000270] Console: colour dummy device 80x25
[    0.000935] console [tty1] enabled
[    0.001004] Calibrating delay loop (skipped), value calculated using timer frequency.. 38.40 BogoMIPS (lpj=76800)
[    0.001056] pid_max: default: 32768 minimum: 301
[    0.001487] Mount-cache hash table entries: 2048 (order: 2, 16384 bytes)
[    0.001544] Mountpoint-cache hash table entries: 2048 (order: 2, 16384 bytes)
[    0.024104] ASID allocator initialised with 32768 entries
[    0.032099] rcu: Hierarchical SRCU implementation.
[    0.040733] EFI services will not be available.
[    0.048177] smp: Bringing up secondary CPUs ...
[    0.080442] Detected VIPT I-cache on CPU1
[    0.080511] CPU1: Booted secondary processor 0x0000000001 [0x410fd034]
[    0.112569] Detected VIPT I-cache on CPU2
[    0.112618] CPU2: Booted secondary processor 0x0000000002 [0x410fd034]
[    0.144733] Detected VIPT I-cache on CPU3
[    0.144779] CPU3: Booted secondary processor 0x0000000003 [0x410fd034]
[    0.144962] smp: Brought up 1 node, 4 CPUs
[    0.145115] SMP: Total of 4 processors activated.
[    0.145150] CPU features: detected: 32-bit EL0 Support
[    0.146123] CPU: All CPU(s) started at EL2
[    0.146197] alternatives: patching kernel code
[    0.147820] devtmpfs: initialized
[    0.164113] Enabled cp15_barrier support
[    0.164180] Enabled setend support
[    0.164759] clocksource: jiffies: mask: 0xffffffff max_cycles: 0xffffffff, max_idle_ns: 7645041785100000 ns
[    0.164821] futex hash table entries: 1024 (order: 4, 65536 bytes)
[    0.165542] pinctrl core: initialized pinctrl subsystem
[    0.166434] DMI not present or invalid.
[    0.167001] NET: Registered protocol family 16
[    0.173471] cpuidle: using governor menu
[    0.174096] hw-breakpoint: found 6 breakpoint and 4 watchpoint registers.
[    0.178778] DMA: preallocated 1024 KiB pool for atomic allocations
[    0.178958] Serial: AMBA PL011 UART driver
[    0.183550] bcm2835-mbox 3f00b880.mailbox: mailbox enabled
[    0.192922] raspberrypi-firmware soc:firmware: Attached to firmware from 2020-04-15 11:43, variant start
[    0.196941] raspberrypi-firmware soc:firmware: Firmware hash is 82f9bb929ce2186eb1824178c1ae82902ad6275c
[    0.245797] bcm2835-dma 3f007000.dma: DMA legacy API manager at (____ptrval____), dmachans=0x1
[    0.249098] vgaarb: loaded
[    0.249686] SCSI subsystem initialized
[    0.249985] usbcore: registered new interface driver usbfs
[    0.250080] usbcore: registered new interface driver hub
[    0.250262] usbcore: registered new device driver usb
[    0.250420] pps_core: LinuxPPS API ver. 1 registered
[    0.250454] pps_core: Software ver. 5.3.6 - Copyright 2005-2007 Rodolfo Giometti <giometti@linux.it>
[    0.250522] PTP clock support registered
[    0.252345] clocksource: Switched to clocksource arch_sys_counter
[    0.377560] VFS: Disk quotas dquot_6.6.0
[    0.377702] VFS: Dquot-cache hash table entries: 512 (order 0, 4096 bytes)
[    0.377985] FS-Cache: Loaded
[    0.378248] CacheFiles: Loaded
[    0.390274] NET: Registered protocol family 2
[    0.391242] tcp_listen_portaddr_hash hash table entries: 512 (order: 1, 8192 bytes)
[    0.391318] TCP established hash table entries: 8192 (order: 4, 65536 bytes)
[    0.391462] TCP bind hash table entries: 8192 (order: 5, 131072 bytes)
[    0.391680] TCP: Hash tables configured (established 8192 bind 8192)
[    0.391966] UDP hash table entries: 512 (order: 2, 16384 bytes)
[    0.392043] UDP-Lite hash table entries: 512 (order: 2, 16384 bytes)
[    0.392473] NET: Registered protocol family 1
[    0.393486] RPC: Registered named UNIX socket transport module.
[    0.393523] RPC: Registered udp transport module.
[    0.393553] RPC: Registered tcp transport module.
[    0.393583] RPC: Registered tcp NFSv4.1 backchannel transport module.
[    0.396180] hw perfevents: enabled with armv8_cortex_a53 PMU driver, 7 counters available
[    0.396452] kvm [1]: 8-bit VMID
[    0.397297] kvm [1]: Hyp mode initialized successfully
[    0.402214] Initialise system trusted keyrings
[    0.402559] workingset: timestamp_bits=46 max_order=18 bucket_order=0
[    0.414864] FS-Cache: Netfs 'nfs' registered for caching
[    0.415928] NFS: Registering the id_resolver key type
[    0.415988] Key type id_resolver registered
[    0.416019] Key type id_legacy registered
[    0.416062] nfs4filelayout_init: NFSv4 File Layout Driver Registering...
[    0.423843] Key type asymmetric registered
[    0.423892] Asymmetric key parser 'x509' registered
[    0.423990] Block layer SCSI generic (bsg) driver version 0.4 loaded (major 248)
[    0.424285] io scheduler noop registered
[    0.424385] io scheduler deadline registered (default)
[    0.424684] io scheduler cfq registered
[    0.424718] io scheduler mq-deadline registered (default)
[    0.424751] io scheduler kyber registered
[    0.428306] bcm2708_fb soc:fb: FB found 1 display(s)
[    0.439628] Console: switching to colour frame buffer device 82x26
[    0.444535] bcm2708_fb soc:fb: Registered framebuffer for display 0, size 656x416
[    0.451922] Serial: 8250/16550 driver, 1 ports, IRQ sharing enabled
[    0.456486] bcm2835-rng 3f104000.rng: hwrng registered
[    0.459411] vc-mem: phys_addr:0x00000000 mem_base=0x3ec00000 mem_size:0x40000000(1024 MiB)
[    0.465310] gpiomem-bcm2835 3f200000.gpiomem: Initialised: Registers at 0x3f200000
[    0.470819] cacheinfo: Unable to detect cache hierarchy for CPU 0
[    0.489190] brd: module loaded
[    0.507348] loop: module loaded
[    0.511070] Loading iSCSI transport class v2.0-870.
[    0.516311] libphy: Fixed MDIO Bus: probed
[    0.519282] usbcore: registered new interface driver r8152
[    0.521942] usbcore: registered new interface driver lan78xx
[    0.524556] usbcore: registered new interface driver smsc95xx
[    0.527414] dwc_otg: version 3.00a 10-AUG-2012 (platform bus)
[    0.557951] dwc_otg 3f980000.usb: base=(____ptrval____)
[    0.773899] Core Release: 2.80a
[    0.776424] Setting default values for core params
[    0.778939] Finished setting default values for core params
[    0.994425] Using Buffer DMA mode
[    0.996830] Periodic Transfer Interrupt Enhancement - disabled
[    0.999247] Multiprocessor Interrupt Enhancement - disabled
[    1.001677] OTG VER PARAM: 0, OTG VER FLAG: 0
[    1.004014] Dedicated Tx FIFOs mode
[    1.007162] WARN::dwc_otg_hcd_init:1074: FIQ DMA bounce buffers: virt = ffffff80090c1000 dma = 0x00000000fad14000 len=9024
[    1.011698] FIQ FSM acceleration enabled for :
[    1.011698] Non-periodic Split Transactions
[    1.011698] Periodic Split Transactions
[    1.011698] High-Speed Isochronous Endpoints
[    1.011698] Interrupt/Control Split Transaction hack enabled
[    1.022483] WARN::hcd_init_fiq:497: MPHI regs_base at ffffff800805d000
[    1.024813] dwc_otg 3f980000.usb: DWC OTG Controller
[    1.027122] dwc_otg 3f980000.usb: new USB bus registered, assigned bus number 1
[    1.029601] dwc_otg 3f980000.usb: irq 9, io mem 0x00000000
[    1.032001] Init: Port Power? op_state=1
[    1.034350] Init: Power Port (0)
[    1.037031] usb usb1: New USB device found, idVendor=1d6b, idProduct=0002, bcdDevice= 4.19
[    1.041776] usb usb1: New USB device strings: Mfr=3, Product=2, SerialNumber=1
[    1.044305] usb usb1: Product: DWC OTG Controller
[    1.046858] usb usb1: Manufacturer: Linux 4.19.118-v8+ dwc_otg_hcd
[    1.049391] usb usb1: SerialNumber: 3f980000.usb
[    1.052673] hub 1-0:1.0: USB hub found
[    1.055168] hub 1-0:1.0: 1 port detected
[    1.058843] usbcore: registered new interface driver uas
[    1.061320] usbcore: registered new interface driver usb-storage
[    1.063859] mousedev: PS/2 mouse device common for all mice
[    1.067724] bcm2835-wdt bcm2835-wdt: Broadcom BCM2835 watchdog timer
[    1.071657] cpufreq: cpufreq_online: CPU0: Running at unlisted freq: 600000 KHz
[    1.076428] cpufreq: cpufreq_online: CPU0: Unlisted initial frequency changed to: 700000 KHz
[    1.079685] sdhci: Secure Digital Host Controller Interface driver
[    1.080774] sdhci: Copyright(c) Pierre Ossman
[    1.082147] sdhost-bcm2835 3f202000.mmc: could not get clk, deferring probe
[    1.083358] sdhci-pltfm: SDHCI platform and OF driver helper
[    1.085848] ledtrig-cpu: registered to indicate activity on CPUs
[    1.087079] hidraw: raw HID events driver (C) Jiri Kosina
[    1.088293] usbcore: registered new interface driver usbhid
[    1.089398] usbhid: USB HID core driver
[    1.091053] vchiq: vchiq_init_state: slot_zero = (____ptrval____), is_master = 0
[    1.095297] Initializing XFRM netlink socket
[    1.096435] NET: Registered protocol family 17
[    1.097592] Key type dns_resolver registered
[    1.099350] registered taskstats version 1
[    1.100466] Loading compiled-in X.509 certificates
[    1.107217] uart-pl011 3f201000.serial: cts_event_workaround enabled
[    1.108483] 3f201000.serial: ttyAMA0 at MMIO 0x3f201000 (irq = 66, base_baud = 0) is a PL011 rev2
[    2.108970] console [ttyAMA0] enabled
[    2.114734] bcm2835-power bcm2835-power: Broadcom BCM2835 power domains driver
[    2.123988] sdhost: log_buf @ (____ptrval____) (fad13000)
[    2.179714] mmc0: sdhost-bcm2835 loaded - DMA enabled (>1)
[    2.188012] of_cfs_init
[    2.191635] of_cfs_init: OK
[    2.217381] Waiting for root device PARTUUID=4c999877-02...
[    2.224443] Indeed it is in host mode hprt0 = 00021501
[    2.298198] mmc0: host does not support reading read-only switch, assuming write-enable
[    2.313764] mmc0: new high speed SDHC card at address aaaa
[    2.321482] mmcblk0: mmc0:aaaa SC16G 14.8 GiB
[    2.331428]  mmcblk0: p1 p2
[    2.331657] random: fast init done
[    2.366835] Unable to handle kernel paging request at virtual address ffffff00112c82e4
[    2.366837] Mem abort info:
[    2.366838]   ESR = 0x96000004
[    2.366840]   Exception class = DABT (current EL), IL = 32 bits
[    2.366841]   SET = 0, FnV = 0
[    2.366842]   EA = 0, S1PTW = 0
[    2.366844] Data abort info:
[    2.366845]   ISV = 0, ISS = 0x00000004
[    2.366847]   CM = 0, WnR = 0
[    2.366849] [ffffff00112c82e4] address between user and kernel address ranges
[    2.366850] Internal error: Oops: 96000004 [#1] PREEMPT SMP
[    2.366852] Modules linked in:
[    2.366855] Process swapper/0 (pid: 1, stack limit = 0x(____ptrval____))
[    2.366856] CPU: 1 PID: 1 Comm: swapper/0 Not tainted 4.19.118-v8+ #1311
[    2.366858] Hardware name: Raspberry Pi 3 Model B Plus Rev 1.3 (DT)
[    2.366860] pstate: 80000085 (Nzcv daIf -PAN -UAO)
[    2.366861] pc : cfb_imageblit+0x650/0x880
[    2.366862] lr : bcm2708_fb_imageblit+0x28/0x38
[    2.366863] sp : ffffff8008023110
[    2.366865] x29: ffffff8008023110 x28: 0000000000000010 
[    2.366868] x27: 0000000000000001 x26: ffffffc039494800 
[    2.366872] x25: 0000000000000020 x24: 0000000000000070 
[    2.366875] x23: ffffff8008023248 x22: ffffffc038fc8118 
[    2.366878] x21: 0000000000000000 x20: 0000000000000000 
[    2.366881] x19: ffffff80098c9cc0 x18: ffffff80098c9d78 
[    2.366885] x17: ffffff80098c9d94 x16: ffffff8008964000 
[    2.366888] x15: 0000000000000a40 x14: 00000000000001c0 
[    2.366891] x13: 0000000000000070 x12: 000000000000000e 
[    2.366894] x11: 0000000000000000 x10: 000000000000000e 
[    2.366898] x9 : 0000000000000004 x8 : ffffffc038fcb5ba 
[    2.366901] x7 : ffffffc038fcb5c8 x6 : 00000000ff000000 
[    2.366904] x5 : ffffffc038fcb5c1 x4 : ffffff00112c8294 
[    2.366908] x3 : ffffff8008964148 x2 : 0000000000aaaaaa 
[    2.366911] x1 : ffffff80098c9d80 x0 : 000000000000003c 
[    2.366914] Call trace:
[    2.366916]  cfb_imageblit+0x650/0x880
[    2.366917]  bcm2708_fb_imageblit+0x28/0x38
[    2.366918]  bit_putcs+0x280/0x460
[    2.366920]  fbcon_putcs+0x114/0x148
[    2.366921]  fbcon_redraw.isra.16+0x15c/0x1e0
[    2.366922]  fbcon_scroll+0x250/0xc10
[    2.366924]  con_scroll+0x1fc/0x208
[    2.366925]  lf+0xcc/0xd8
[    2.366926]  vt_console_print+0x28c/0x380
[    2.366927]  console_unlock.part.7+0x4bc/0x5a0
[    2.366929]  vprintk_emit+0x304/0x328
[    2.366930]  vprintk_default+0x54/0x90
[    2.366931]  vprintk_func+0xf4/0x228
[    2.366932]  printk+0x78/0x98
[    2.366934]  __ext4_msg+0xb8/0xc0
[    2.366935]  ext4_fill_super+0x2ab0/0x3038
[    2.366936]  mount_bdev+0x1a0/0x1c8
[    2.366938]  ext4_mount+0x44/0x58
[    2.366939]  mount_fs+0x40/0xd0
[    2.366940]  vfs_kern_mount+0x58/0x140
[    2.366941]  do_mount+0x1a8/0xba0
[    2.366942]  ksys_mount+0x98/0x108
[    2.366944]  mount_block_root+0x120/0x28c
[    2.366945]  mount_root+0x148/0x17c
[    2.366946]  prepare_namespace+0x178/0x1c0
[    2.366948]  kernel_init_freeable+0x328/0x3c0
[    2.366949]  kernel_init+0x18/0x110
[    2.366950]  ret_from_fork+0x10/0x18
[    2.366952] Code: 91005031 8b040064 b9405084 0a040044 (4a060084) 
[    2.366953] ---[ end trace 4167aa14c9444cbc ]---
[    2.366960] note: swapper/0[1] exited with preempt_count 2
[    2.366970] Kernel panic - not syncing: Attempted to kill init! exitcode=0x0000000b
[    2.366972] 
[    2.366987] SMP: stopping secondary CPUs
[    2.366988] Kernel Offset: disabled
[    2.366989] CPU features: 0x0,24002004
[    2.366990] Memory Limit: none
[    2.677806] ---[ end Kernel panic - not syncing: Attempted to kill init! exitcode=0x0000000b
[    2.677808]  ]--- 
