[    0.000000] Booting Linux on physical CPU 0x0
[    0.000000] Linux version 4.19.118-v7+ (dom@buildbot) (gcc version 4.9.3 (crosstool-NG crosstool-ng-1.22.0-88-g8460611)) #1311 SMP Mon Apr 27 14:21:24 BST 2020
[    0.000000] CPU: ARMv7 Processor [410fd034] revision 4 (ARMv7), cr=10c5383d
[    0.000000] CPU: div instructions available: patching division code
[    0.000000] CPU: PIPT / VIPT nonaliasing data cache, VIPT aliasing instruction cache
[    0.000000] OF: fdt: Machine model: Raspberry Pi 3 Model B Plus Rev 1.3
[    0.000000] Memory policy: Data cache writealloc
[    0.000000] cma: Reserved 256 MiB at 0x1ec00000
[    0.000000] random: get_random_bytes called from start_kernel+0xac/0x4b4 with crng_init=0
[    0.000000] percpu: Embedded 16 pages/cpu s36864 r8192 d20480 u65536
[    0.000000] Built 1 zonelists, mobility grouping on.  Total pages: 240555
[    0.000000] Kernel command line: coherent_pool=1M 8250.nr_uarts=1 snd_bcm2835.enable_compat_alsa=0 snd_bcm2835.enable_hdmi=1 snd_bcm2835.enable_headphones=1 cma=256M video=Comp
osite-1:720x480@60,margin_left=32,margin_right=32,margin_top=32,margin_bottom=32 vc_mem.mem_base=0x3ec00000 vc_mem.mem_size=0x40000000  dwc_otg.lpm_enable=0 console=ttyAMA0,115200
 console=tty1 root=PARTUUID=4c999877-02 rootfstype=ext4 elevator=deadline fsck.repair=yes rootwait
[    0.000000] Dentry cache hash table entries: 131072 (order: 7, 524288 bytes)
[    0.000000] Inode-cache hash table entries: 65536 (order: 6, 262144 bytes)
[    0.000000] Memory: 684616K/970752K available (8192K kernel code, 656K rwdata, 2232K rodata, 1024K init, 831K bss, 23992K reserved, 262144K cma-reserved)
[    0.000000] Virtual kernel memory layout:
[    0.000000]     vector  : 0xffff0000 - 0xffff1000   (   4 kB)
[    0.000000]     fixmap  : 0xffc00000 - 0xfff00000   (3072 kB)
[    0.000000]     vmalloc : 0xbb800000 - 0xff800000   (1088 MB)
[    0.000000]     lowmem  : 0x80000000 - 0xbb400000   ( 948 MB)
[    0.000000]     modules : 0x7f000000 - 0x80000000   (  16 MB)
[    0.000000]       .text : 0x(ptrval) - 0x(ptrval)   (9184 kB)
[    0.000000]       .init : 0x(ptrval) - 0x(ptrval)   (1024 kB)
[    0.000000]       .data : 0x(ptrval) - 0x(ptrval)   ( 657 kB)
[    0.000000]        .bss : 0x(ptrval) - 0x(ptrval)   ( 832 kB)
[    0.000000] SLUB: HWalign=64, Order=0-3, MinObjects=0, CPUs=4, Nodes=1
[    0.000000] ftrace: allocating 27093 entries in 80 pages
[    0.000000] rcu: Hierarchical RCU implementation.
[    0.000000] NR_IRQS: 16, nr_irqs: 16, preallocated irqs: 16
[    0.000000] arch_timer: cp15 timer(s) running at 19.20MHz (phys).
[    0.000000] clocksource: arch_sys_counter: mask: 0xffffffffffffff max_cycles: 0x46d987e47, max_idle_ns: 440795202767 ns
[    0.000007] sched_clock: 56 bits at 19MHz, resolution 52ns, wraps every 4398046511078ns
[    0.000023] Switching to timer-based delay loop, resolution 52ns
[    0.000278] Console: colour dummy device 80x30
[    0.000920] console [tty1] enabled
[    0.000979] Calibrating delay loop (skipped), value calculated using timer frequency.. 38.40 BogoMIPS (lpj=192000)
[    0.001022] pid_max: default: 32768 minimum: 301
[    0.001381] Mount-cache hash table entries: 2048 (order: 1, 8192 bytes)
[    0.001417] Mountpoint-cache hash table entries: 2048 (order: 1, 8192 bytes)
[    0.002367] CPU: Testing write buffer coherency: ok
[    0.002852] CPU0: thread -1, cpu 0, socket 0, mpidr 80000000
[    0.003535] Setting up static identity map for 0x100000 - 0x10003c
[    0.003705] rcu: Hierarchical SRCU implementation.
[    0.004545] smp: Bringing up secondary CPUs ...
[    0.005475] CPU1: thread -1, cpu 1, socket 0, mpidr 80000001
[    0.006456] CPU2: thread -1, cpu 2, socket 0, mpidr 80000002
[    0.007397] CPU3: thread -1, cpu 3, socket 0, mpidr 80000003
[    0.007529] smp: Brought up 1 node, 4 CPUs
[    0.007613] SMP: Total of 4 processors activated (153.60 BogoMIPS).
[    0.007637] CPU: All CPU(s) started in HYP mode.
[    0.007657] CPU: Virtualization extensions available.
[    0.008660] devtmpfs: initialized
[    0.022237] VFP support v0.3: implementor 41 architecture 3 part 40 variant 3 rev 4
[    0.022510] clocksource: jiffies: mask: 0xffffffff max_cycles: 0xffffffff, max_idle_ns: 19112604462750000 ns
[    0.022559] futex hash table entries: 1024 (order: 4, 65536 bytes)
[    0.033414] pinctrl core: initialized pinctrl subsystem
[    0.034422] NET: Registered protocol family 16
[    0.037695] DMA: preallocated 1024 KiB pool for atomic coherent allocations
[    0.043670] hw-breakpoint: found 5 (+1 reserved) breakpoint and 4 watchpoint registers.
[    0.043707] hw-breakpoint: maximum watchpoint size is 8 bytes.
[    0.043928] Serial: AMBA PL011 UART driver
[    0.046401] bcm2835-mbox 3f00b880.mailbox: mailbox enabled
[    0.060087] raspberrypi-firmware soc:firmware: Attached to firmware from 2020-04-15 11:43, variant start
[    0.070100] raspberrypi-firmware soc:firmware: Firmware hash is 82f9bb929ce2186eb1824178c1ae82902ad6275c
[    0.112934] bcm2835-dma 3f007000.dma: DMA legacy API manager at (ptrval), dmachans=0x1
[    0.114597] SCSI subsystem initialized
[    0.114841] usbcore: registered new interface driver usbfs
[    0.114916] usbcore: registered new interface driver hub
[    0.115031] usbcore: registered new device driver usb
[    0.116813] clocksource: Switched to clocksource arch_sys_counter
[    0.207584] VFS: Disk quotas dquot_6.6.0
[    0.207696] VFS: Dquot-cache hash table entries: 1024 (order 0, 4096 bytes)
[    0.207901] FS-Cache: Loaded
[    0.208128] CacheFiles: Loaded
[    0.208629] simple-framebuffer 3eaf0000.framebuffer: framebuffer at 0x3eaf0000, 0x10a800 bytes, mapped to 0x(ptrval)
[    0.208673] simple-framebuffer 3eaf0000.framebuffer: format=a8r8g8b8, mode=656x416x32, linelength=2624
[    0.213640] Console: switching to colour frame buffer device 82x26
[    0.220575] simple-framebuffer 3eaf0000.framebuffer: fb0: simplefb registered!
[    0.233173] NET: Registered protocol family 2
[    0.236791] tcp_listen_portaddr_hash hash table entries: 512 (order: 0, 6144 bytes)
[    0.242301] TCP established hash table entries: 8192 (order: 3, 32768 bytes)
[    0.245202] TCP bind hash table entries: 8192 (order: 4, 65536 bytes)
[    0.248154] TCP: Hash tables configured (established 8192 bind 8192)
[    0.251074] UDP hash table entries: 512 (order: 2, 16384 bytes)
[    0.253910] UDP-Lite hash table entries: 512 (order: 2, 16384 bytes)
[    0.257079] NET: Registered protocol family 1
[    0.260582] RPC: Registered named UNIX socket transport module.
[    0.263526] RPC: Registered udp transport module.
[    0.266390] RPC: Registered tcp transport module.
[    0.269185] RPC: Registered tcp NFSv4.1 backchannel transport module.
[    0.273838] hw perfevents: enabled with armv7_cortex_a7 PMU driver, 7 counters available
[    0.282595] Initialise system trusted keyrings
[    0.285574] workingset: timestamp_bits=14 max_order=18 bucket_order=4
[    0.298333] FS-Cache: Netfs 'nfs' registered for caching
[    0.301624] NFS: Registering the id_resolver key type
[    0.304324] Key type id_resolver registered
[    0.306948] Key type id_legacy registered
[    0.309454] nfs4filelayout_init: NFSv4 File Layout Driver Registering...
[    0.317501] Key type asymmetric registered
[    0.319988] Asymmetric key parser 'x509' registered
[    0.322452] Block layer SCSI generic (bsg) driver version 0.4 loaded (major 250)
[    0.327538] io scheduler noop registered
[    0.329939] io scheduler deadline registered (default)
[    0.332515] io scheduler cfq registered
[    0.334809] io scheduler mq-deadline registered (default)
[    0.337152] io scheduler kyber registered
[    0.342606] Serial: 8250/16550 driver, 1 ports, IRQ sharing enabled
[    0.346487] bcm2835-rng 3f104000.rng: hwrng registered
[    0.349266] vc-mem: phys_addr:0x00000000 mem_base=0x3ec00000 mem_size:0x40000000(1024 MiB)
[    0.354611] vc-sm: Videocore shared memory driver
[    0.357417] gpiomem-bcm2835 3f200000.gpiomem: Initialised: Registers at 0x3f200000
[    0.373049] brd: module loaded
[    0.385662] loop: module loaded
[    0.388751] Loading iSCSI transport class v2.0-870.
[    0.391914] libphy: Fixed MDIO Bus: probed
[    0.394432] usbcore: registered new interface driver lan78xx
[    0.396946] usbcore: registered new interface driver smsc95xx
[    0.399325] dwc_otg: version 3.00a 10-AUG-2012 (platform bus)
[    0.429500] dwc_otg 3f980000.usb: base=(ptrval)
[    0.631968] Core Release: 2.80a
[    0.634185] Setting default values for core params
[    0.636478] Finished setting default values for core params
[    0.839106] Using Buffer DMA mode
[    0.841412] Periodic Transfer Interrupt Enhancement - disabled
[    0.843810] Multiprocessor Interrupt Enhancement - disabled
[    0.846193] OTG VER PARAM: 0, OTG VER FLAG: 0
[    0.848571] Dedicated Tx FIFOs mode
[    0.851488] WARN::dwc_otg_hcd_init:1074: FIQ DMA bounce buffers: virt = 9ed04000 dma = 0xded04000 len=9024
[    0.856065] FIQ FSM acceleration enabled for :
[    0.856065] Non-periodic Split Transactions
[    0.856065] Periodic Split Transactions
[    0.856065] High-Speed Isochronous Endpoints
[    0.856065] Interrupt/Control Split Transaction hack enabled
[    0.867040] WARN::hcd_init_fiq:457: FIQ on core 1
[    0.869270] WARN::hcd_init_fiq:458: FIQ ASM at 8068fda0 length 36
[    0.871479] WARN::hcd_init_fiq:497: MPHI regs_base at bb810000
[    0.873738] dwc_otg 3f980000.usb: DWC OTG Controller
[    0.876003] dwc_otg 3f980000.usb: new USB bus registered, assigned bus number 1
[    0.878359] dwc_otg 3f980000.usb: irq 56, io mem 0x00000000
[    0.880664] Init: Port Power? op_state=1
[    0.882904] Init: Power Port (0)
[    0.885304] usb usb1: New USB device found, idVendor=1d6b, idProduct=0002, bcdDevice= 4.19
[    0.889817] usb usb1: New USB device strings: Mfr=3, Product=2, SerialNumber=1
[    0.892224] usb usb1: Product: DWC OTG Controller
[    0.894584] usb usb1: Manufacturer: Linux 4.19.118-v7+ dwc_otg_hcd
[    0.897020] usb usb1: SerialNumber: 3f980000.usb
[    0.899975] hub 1-0:1.0: USB hub found
[    0.902240] hub 1-0:1.0: 1 port detected
[    0.905331] usbcore: registered new interface driver usb-storage
[    0.907814] mousedev: PS/2 mouse device common for all mice
[    0.910983] bcm2835-wdt bcm2835-wdt: Broadcom BCM2835 watchdog timer
[    0.913636] bcm2835-cpufreq: min=600000 max=1400000
[    0.916474] sdhci: Secure Digital Host Controller Interface driver
[    0.918908] sdhci: Copyright(c) Pierre Ossman
[    0.921736] sdhost-bcm2835 3f202000.mmc: could not get clk, deferring probe
[    0.924409] sdhci-pltfm: SDHCI platform and OF driver helper
[    0.928540] ledtrig-cpu: registered to indicate activity on CPUs
[    0.931244] hidraw: raw HID events driver (C) Jiri Kosina
[    0.933951] usbcore: registered new interface driver usbhid
[    0.936495] usbhid: USB HID core driver
[    0.939841] vchiq: vchiq_init_state: slot_zero = (ptrval), is_master = 0
[    0.943993] [vc_sm_connected_init]: start
[    0.952068] [vc_sm_connected_init]: end - returning 0
[    0.955596] Initializing XFRM netlink socket
[    0.958023] NET: Registered protocol family 17
[    0.960471] Key type dns_resolver registered
[    0.963454] Registering SWP/SWPB emulation handler
[    0.966454] registered taskstats version 1
[    0.968857] Loading compiled-in X.509 certificates
[    0.977956] uart-pl011 3f201000.serial: cts_event_workaround enabled
[    0.980464] 3f201000.serial: ttyAMA0 at MMIO 0x3f201000 (irq = 81, base_baud = 0) is a PL011 rev2
[    2.002007] console [ttyAMA0] enabled
[    2.010163] sdhost: log_buf @ (ptrval) (ded03000)
[    2.065678] mmc0: sdhost-bcm2835 loaded - DMA enabled (>1)
[    2.074834] of_cfs_init
[    2.079742] of_cfs_init: OK
[    2.085303] Waiting for root device PARTUUID=4c999877-02...
[    2.116933] Indeed it is in host mode hprt0 = 00021501
[    2.213340] random: fast init done
[    2.227809] mmc0: host does not support reading read-only switch, assuming write-enable
[    2.247134] mmc0: new high speed SDHC card at address aaaa
[    2.256183] mmcblk0: mmc0:aaaa SL16G 14.8 GiB
[    2.269415]  mmcblk0: p1 p2
[    2.301982] EXT4-fs (mmcblk0p2): INFO: recovery required on readonly filesystem
[    2.311822] EXT4-fs (mmcblk0p2): write access will be enabled during recovery
[    2.326859] usb 1-1: new high-speed USB device number 2 using dwc_otg
[    2.336024] Indeed it is in host mode hprt0 = 00001101
[    2.409032] EXT4-fs (mmcblk0p2): recovery complete
[    2.421002] EXT4-fs (mmcblk0p2): mounted filesystem with ordered data mode. Opts: (null)
[    2.434029] VFS: Mounted root (ext4 filesystem) readonly on device 179:2.
[    2.454558] devtmpfs: mounted
[    2.467404] Freeing unused kernel memory: 1024K
[    2.474884] Run /sbin/init as init process
[    2.577174] usb 1-1: New USB device found, idVendor=0424, idProduct=2514, bcdDevice= b.b3
[    2.590783] usb 1-1: New USB device strings: Mfr=0, Product=0, SerialNumber=0
[    2.601492] hub 1-1:1.0: USB hub found
[    2.608194] hub 1-1:1.0: 4 ports detected
[    2.926878] usb 1-1.1: new high-speed USB device number 3 using dwc_otg
[    3.067129] usb 1-1.1: New USB device found, idVendor=0424, idProduct=2514, bcdDevice= b.b3
[    3.080931] usb 1-1.1: New USB device strings: Mfr=0, Product=0, SerialNumber=0
[    3.091851] hub 1-1.1:1.0: USB hub found
[    3.098718] hub 1-1.1:1.0: 3 ports detected
[    3.169990] systemd[1]: System time before build time, advancing clock.
[    3.239127] systemd[1]: systemd 241 running in system mode. (+PAM +AUDIT +SELINUX +IMA +APPARMOR +SMACK +SYSVINIT +UTMP +LIBCRYPTSETUP +GCRYPT +GNUTLS +ACL +XZ +LZ4 +SECCOMP +B
LKID +ELFUTILS +KMOD -IDN2 +IDN -PCRE2 default-hierarchy=hybrid)
[    3.269876] systemd[1]: Detected architecture arm.
[    3.298322] systemd[1]: Set hostname to <raspberrypi>.
[    3.499587] uart-pl011 3f201000.serial: no DMA platform data
[    3.756868] usb 1-1.1.1: new high-speed USB device number 4 using dwc_otg
[    3.897318] usb 1-1.1.1: New USB device found, idVendor=0424, idProduct=7800, bcdDevice= 3.00
[    3.911270] usb 1-1.1.1: New USB device strings: Mfr=0, Product=0, SerialNumber=0
[    4.197497] lan78xx 1-1.1.1:1.0 (unnamed net_device) (uninitialized): No External EEPROM. Setting MAC Speed
[    4.218073] libphy: lan78xx-mdiobus: probed
[    4.249851] lan78xx 1-1.1.1:1.0 (unnamed net_device) (uninitialized): int urb period 64
[    4.292490] random: systemd: uninitialized urandom read (16 bytes read)
[    4.313325] random: systemd: uninitialized urandom read (16 bytes read)
[    4.323611] systemd[1]: Listening on fsck to fsckd communication Socket.
[    4.337212] random: systemd: uninitialized urandom read (16 bytes read)
[    4.351996] systemd[1]: Created slice system-getty.slice.
[    4.364759] systemd[1]: Listening on Journal Socket.
[    4.376295] systemd[1]: Condition check resulted in Kernel Module supporting RPCSEC_GSS being skipped.
[    4.406943] systemd[1]: Starting Set the console keyboard layout...
[    4.421169] systemd[1]: Condition check resulted in Huge Pages File System being skipped.
[    4.436954] systemd[1]: Listening on udev Control Socket.
[    8.557702] Unable to handle kernel paging request at virtual address bb98b660
[    8.557704] pgd = 139af1e3
[    8.557706] [bb98b660] *pgd=3b37b841, *pte=00000000, *ppte=00000000
[    8.557710] Internal error: Oops: 827 [#2] SMP ARM
[    8.557711] Modules linked in:
[    8.557714] CPU: 1 PID: 0 Comm: swapper/1 Not tainted 4.19.118-v7+ #1311
[    8.557715] Hardware name: BCM2835
[    8.557717] PC is at cfb_imageblit+0x6a8/0x96c
[    8.557718] LR is at 0xba4cdc27
[    8.557719] pc : [<80581774>]    lr : [<ba4cdc27>]    psr: 20000193
[    8.557722] sp : ba52d738  ip : ff000000  fp : ba52d78c
[    8.557725] r10: bb98b660  r9 : fffffece  r8 : ba4cdc2d
[    8.557728] r7 : ba4cdc27  r6 : 00000038  r5 : ff000000  r4 : 00ffffff
[    8.557732] r3 : 00000000  r2 : bb98b660  r1 : 80936bdc  r0 : ff000000
[    8.557736] Flags: nzCv  IRQs off  FIQs on  Mode SVC_32  ISA ARM  Segment user
[    8.557738] Control: 10c5383d  Table: 385c406a  DAC: 00000055
[    8.557739] Process swapper/1 (pid: 0, stack limit = 0x7a9c6b3a)
[    8.557741] Stack: (0xba52d738 to 0xba52e000)
[    8.557743] d720:                                                       00000000 00000000
[    8.557745] d740: 00000000 00000006 00000a40 00000000 00000007 000000e0 00000007 bb8bdc20
[    8.557747] d760: 00000000 00000000 ba4cd367 ba4ce4cc ba434400 ba434400 00000001 000000ff
[    8.557749] d780: ba52d85c ba52d790 8057c7c8 805810d8 00000a40 00000000 00000001 00000020
[    8.557751] d7a0: 80d04d48 ba43452c ffffffff ba5a65b8 ffffffff 00000000 00000200 00000000
[    8.557753] d7c0: 00000000 ba5a6400 ba4ce4be 00000007 00000007 805810d8 00000010 00000000
[    8.557755] d7e0: 00000000 00000001 00000000 00000010 ba52d834 00000108 00000060 00000038
[    8.557758] d800: 00000010 0000000f 00000000 ba52d801 ba4cd360 8057c990 00000000 00000000
[    8.557762] d820: 00000000 00000002 00000008 26bffaee ba52d85c ba5a6400 ba434400 ba4ce4be
[    8.557766] d840: 00000007 8057c544 00000006 0000000f ba52d89c ba52d860 80575b7c 8057c550
[    8.557768] d860: 00000006 00000021 0000000f 00000000 00000a40 ba4ce4ce 0000072e ba4ce4cc
[    8.557770] d880: ba4ce428 00000700 00000028 ba4ce4cc ba52d8e4 ba52d8a0 805781c0 80575a7c
[    8.557772] d8a0: 00000021 ba52d8b0 00000013 ba434400 00000006 ba4ce520 ba52d8fc ba434400
[    8.557774] d8c0: 00000001 ba5a6400 80d05928 00000000 00000019 00000005 ba52d94c ba52d8e8
[    8.557776] d8e0: 8057af1c 805780e0 00000052 ba5a6400 ba4cf09a 0000004b 00000000 80e454b0
[    8.557778] d900: 00000005 ba5a6400 00000000 00000000 00000000 0000001a 00000001 80e454f8
[    8.557780] d920: 00000190 00000005 00000000 0000000a 0000001a ba434400 00000000 00000001
[    8.557782] d940: ba52d994 ba52d950 805b8c24 8057ac78 00000001 26bffaee ba52d984 ba5a6400
[    8.557785] d960: ba434400 00000000 0000004b ba434400 80d04d48 0000000a 80d04d48 80da7cc4
[    8.557789] d980: 00000000 00000001 ba52d9c4 ba52d998 805b8ce4 805b8a60 00000001 ba434400
[    8.557792] d9a0: 80e47878 0000000a 80d04d48 26bffaee ba434400 80e47878 ba52da1c ba52d9c8
[    8.557796] d9c0: 805b9df4 805b8c3c 00000000 00000000 00000000 ba4cf004 0000004b 80da7cc4
[    8.557799] d9e0: 0000000f ba434400 0000004d 26bffaee 00000000 80da9750 80da7758 80daa08c
[    8.557801] da00: 00000000 0000004c 80d613a0 ba52c000 ba52da7c ba52da20 8017cfec 805b9b48
[    8.557803] da20: 00000001 00000000 00000000 8017ebd0 80d04d70 00000000 ba52c000 80d102e8
[    8.557807] da40: 20000193 80da7c78 000000e3 00000000 80da7758 80da7758 0000003c 60000193
[    8.557810] da60: 00000001 000000e2 00000000 ba523c00 ba52dac4 ba52da80 8017ebd0 8017ccfc
[    8.557812] da80: 80a711b4 ba52db2c 00000004 26bffaee 00000200 00000000 0000001f 80c913d8
[    8.557814] daa0: ba52db2c 80a711b4 80a71244 00000000 80d09cb4 ba523c00 ba52dadc ba52dac8
[    8.557816] dac0: 8017ef58 8017e9c4 80a711b4 ba52db2c ba52db04 ba52dae0 8017fb00 8017ef14
[    8.557818] dae0: ba52db0c ba52daf0 80d04d48 60000193 ba52dc38 80a71244 ba52db24 ba52db08
[    8.557820] db00: 8017f36c 8017faa0 ba52db2c 26bffaee 00000000 80da4544 ba52db6c ba52db38
[    8.557822] db20: 8010d6f4 8017f33c 80a711b4 80a71244 00000000 00000001 00000000 802038f8
[    8.557824] db40: 00000080 80d09cb8 80d04d48 80159a40 e59a3008 ba52dc38 00000000 ba52c000
[    8.557826] db60: ba52db7c ba52db70 8010d988 8010d60c ba52dc34 ba52db80 8010db18 8010d968
[    8.557828] db80: 00000006 baae9400 00000000 00000004 00000000 00000001 80159a40 00000000
[    8.557830] dba0: 00000000 00000000 00000000 00000000 00000000 00000000 00000000 00000000
[    8.557832] dbc0: 00000000 00000000 00000000 00000000 00000000 00000000 00000000 00000000
[    8.557834] dbe0: 00000000 00000000 00000000 00000000 00000000 00000000 00000000 00000000
[    8.557836] dc00: 00000000 00000000 00000000 26bffaee 80159a44 00000000 80101e98 00000000
[    8.557838] dc20: e5100000 80101a68 ba52dd4c ba52dc38 80101a68 8010d9cc b8fab800 ba6e3c80
[    8.557841] dc40: 00000086 00000086 b8fab800 00000001 ba6e3dd0 00000001 80d9e320 80d054c4
[    8.557844] dc60: ba6e3c80 ba52dd4c ba52dcc8 ba52dcc8 80159a18 80159a40 60000193 ffffffff
[    8.557846] dc80: 00000400 7f000000 00000000 00000400 0000000a 00000000 00000000 b8fab800
[    8.557848] dca0: 00000000 80159a18 b8fab800 00000001 ba6e3dd0 00000001 ba52dd4c ba52dcc8
[    8.557851] dcc0: 80159a18 8015553c ba6e3c80 00989680 80c8d390 80d04d48 80d8fb46 80c948dc
[    8.557852] dce0: 3b9aca00 00009896 80dcad80 baae9400 80dcad80 00000000 00000000 003b9aca
[    8.557854] dd00: ba6e3dc0 8019a904 00000000 80158dd0 00000009 ba52dd20 801ac510 26bffaee
[    8.557856] dd20: ffffffff ba6e3c00 00000009 baae9400 ba6e3f00 80d9e320 80d054c4 00000082
[    8.557859] dd40: ba52dd6c ba52dd50 8014d458 80159530 ba6e3c00 baae9400 00000000 ba52dd94
[    8.557860] dd60: ba52dd8c ba52dd70 8014d8e0 8014d3dc ffffffec baae9400 80d04d48 00000000
[    8.557862] dd80: ba52ddbc ba52dd90 8014ecd4 8014d8a0 ba52ddac a0000193 00000000 26bffaee
[    8.557864] dda0: 80c95400 80d054c4 80c95400 ba52df38 ba52dddc ba52ddc0 80150164 8014ec20
[    8.557866] ddc0: 00000002 80c94fa8 00000001 ba52df38 ba52de14 ba52dde0 8011037c 80150118
[    8.557868] dde0: 00000000 801019ac 40000113 00000001 40000113 ffffffff ba52de64 ba433000
[    8.557870] de00: ba52c000 00000082 ba52de2c ba52de18 801021f4 80110164 00000000 80102378
[    8.557872] de20: ba52dee4 ba52de30 801019bc 80102160 80102374 00000000 40000193 40000193
[    8.557874] de40: 00200042 00000000 00000000 00000001 ba433000 ba52c000 00000082 ba52dee4
[    8.557875] de60: 80d0517c ba52de80 00000000 80102378 40000113 ffffffff 80102374 7f000000
[    8.557877] de80: 801ac94c ba402dc0 00000001 00200042 80d03d00 ffff8e29 0000000a 80c94fc0
[    8.557879] dea0: ba52debc 80d04d70 80c8d308 80d03080 ba52dee4 ba52dec0 80185b8c 80c94fa8
[    8.557881] dec0: 00000000 00000000 00000001 ba433000 ba52c000 00000000 ba52def4 ba52dee8
[    8.557883] dee0: 80126e18 8010228c ba52df1c ba52def8 801803c0 80126d28 ba52df38 00000001
[    8.557885] df00: 40000013 ffffffff ba52df6c 80d8fb3e ba52df34 ba52df20 801021b4 8018035c
[    8.557887] df20: 00000000 80109ae8 ba52df94 ba52df38 801019bc 80102160 80109ae4 00000000
[    8.557889] df40: 40000093 40000093 80d04d70 ba52c000 80d04db8 00000002 80d8fb3e 410fd034
[    8.557891] df60: 00000000 ba52df94 80d0517c ba52df88 00000000 80109ae8 40000013 ffffffff
[    8.557893] df80: 80109ae4 00000000 ba52dfa4 ba52df98 80873e74 80109ac0 ba52dfcc ba52dfa8
[    8.557894] dfa0: 80152eb8 80873e4c 26bffaee 00000087 00000001 10c0387d 80da45b8 0000406a
[    8.557896] dfc0: ba52dfdc ba52dfd0 801531f8 80152dd8 ba52dff4 ba52dfe0 8010fee4 801531dc
[    8.557898] dfe0: 3a51806a 00000055 00000000 ba52dff8 0010270c 8010fdbc 00000000 00000000
[    8.557900] [<80581774>] (cfb_imageblit) from [<8057c7c8>] (bit_putcs+0x284/0x440)
[    8.557902] [<8057c7c8>] (bit_putcs) from [<80575b7c>] (fbcon_putcs+0x10c/0x124)
[    8.557904] [<80575b7c>] (fbcon_putcs) from [<805781c0>] (fbcon_redraw+0xec/0x1bc)
[    8.557906] [<805781c0>] (fbcon_redraw) from [<8057af1c>] (fbcon_scroll+0x2b0/0xf1c)
[    8.557908] [<8057af1c>] (fbcon_scroll) from [<805b8c24>] (con_scroll+0x1d0/0x1dc)
[    8.557909] [<805b8c24>] (con_scroll) from [<805b8ce4>] (lf+0xb4/0xc0)
[    8.557911] [<805b8ce4>] (lf) from [<805b9df4>] (vt_console_print+0x2b8/0x3a8)
[    8.557913] [<805b9df4>] (vt_console_print) from [<8017cfec>] (console_unlock+0x2fc/0x6b4)
[    8.557915] [<8017cfec>] (console_unlock) from [<8017ebd0>] (vprintk_emit+0x218/0x3b0)
[    8.557916] [<8017ebd0>] (vprintk_emit) from [<8017ef58>] (vprintk_default+0x50/0x7c)
[    8.557918] [<8017ef58>] (vprintk_default) from [<8017fb00>] (vprintk_func+0x6c/0x11c)
[    8.557920] [<8017fb00>] (vprintk_func) from [<8017f36c>] (printk+0x40/0x5c)
[    8.557922] [<8017f36c>] (printk) from [<8010d6f4>] (die+0xf4/0x35c)
[    8.557924] [<8010d6f4>] (die) from [<8010d988>] (arm_notify_die+0x2c/0x64)
[    8.557926] [<8010d988>] (arm_notify_die) from [<8010db18>] (do_undefinstr+0x158/0x1cc)
[    8.557928] [<8010db18>] (do_undefinstr) from [<80101a68>] (__und_svc_finish+0x0/0x38)
[    8.557931] Exception stack(0xba52dc38 to 0xba52dc80)
[    8.557933] dc20:                                                       b8fab800 ba6e3c80
[    8.557935] dc40: 00000086 00000086 b8fab800 00000001 ba6e3dd0 00000001 80d9e320 80d054c4
[    8.557937] dc60: ba6e3c80 ba52dd4c ba52dcc8 ba52dcc8 80159a18 80159a40 60000193 ffffffff
[    8.557939] [<80101a68>] (__und_svc_finish) from [<80159a40>] (enqueue_task_fair+0x51c/0x1430)
[    8.557941] [<80159a40>] (enqueue_task_fair) from [<8014d458>] (activate_task+0x88/0xec)
[    8.557942] [<8014d458>] (activate_task) from [<8014d8e0>] (ttwu_do_activate+0x4c/0x84)
[    8.557944] [<8014d8e0>] (ttwu_do_activate)
[    8.557947] Lost 26 message(s)!
[    8.557953] CPU3: stopping
[    9.620576] SMP: failed to stop secondary CPUs
[    9.627800] ---[ end Kernel panic - not syncing: Fatal exception in interrupt ]---
[   10.490644] CPU: 3 PID: 346 Comm: dhcpcd-run-hook Tainted: G      D           4.19.118-v7+ #1311
[   10.499419] Hardware name: BCM2835
[   10.502820] [<801120c8>] (unwind_backtrace) from [<8010d5fc>] (show_stack+0x20/0x24)
[   10.510558] [<8010d5fc>] (show_stack) from [<80856da8>] (dump_stack+0xe0/0x124)
[   10.517862] [<80856da8>] (dump_stack) from [<801104e0>] (handle_IPI+0x388/0x3a8)
[   10.525252] [<801104e0>] (handle_IPI) from [<801021f4>] (bcm2836_arm_irqchip_handle_irq+0xa0/0xa4)
[   10.534205] [<801021f4>] (bcm2836_arm_irqchip_handle_irq) from [<801019bc>] (__irq_svc+0x5c/0x7c)
[   10.543067] Exception stack(0xb5837de8 to 0xb5837e30)
[   10.548110] 7de0:                   ba2cb990 b58a3fff b925c990 ba2cb990 b9055990 b5837eac
[   10.556281] 7e00: 000002d4 ba7dc110 ba7dc100 b5837ea8 b5837ea4 b5837e9c 80d04d48 b5837e38
[   10.564449] 7e20: 80309e20 80309900 80000013 ffffffff
[   10.569496] [<801019bc>] (__irq_svc) from [<80309900>] (prepend_path+0x100/0x334)
[   10.576975] [<80309900>] (prepend_path) from [<80309e20>] (d_path+0x104/0x16c)
[   10.584193] [<80309e20>] (d_path) from [<80349144>] (proc_pid_readlink+0xa4/0x134)
[   10.591758] [<80349144>] (proc_pid_readlink) from [<802e3460>] (vfs_readlink+0x11c/0x124)
[   10.599930] [<802e3460>] (vfs_readlink) from [<802d64a4>] (do_readlinkat+0xc0/0x11c)
[   10.607667] [<802d64a4>] (do_readlinkat) from [<802d6844>] (sys_readlink+0x2c/0x30)
[   10.615317] [<802d6844>] (sys_readlink) from [<80101000>] (ret_fast_syscall+0x0/0x28)
[   10.623137] Exception stack(0xb5837fa8 to 0xb5837ff0)
[   10.628181] 7fa0:                   76f18000 7e8256d0 76f0a2e4 7e8256d0 00001000 76f1c578
[   10.636351] 7fc0: 76f18000 7e8256d0 00000001 00000055 00000000 76f0938c 76f0939c 00000000
[   10.644519] 7fe0: 01010101 7e8256d0 76ef3320 76efe524
[   10.649562] CPU0: stopping
[   10.652263] CPU: 0 PID: 0 Comm: swapper/0 Tainted: G      D           4.19.118-v7+ #1311
[   10.660343] Hardware name: BCM2835
[   10.663740] [<801120c8>] (unwind_backtrace) from [<8010d5fc>] (show_stack+0x20/0x24)
[   10.671477] [<8010d5fc>] (show_stack) from [<80856da8>] (dump_stack+0xe0/0x124)
[   10.678780] [<80856da8>] (dump_stack) from [<801104e0>] (handle_IPI+0x388/0x3a8)
[   10.686170] [<801104e0>] (handle_IPI) from [<801021f4>] (bcm2836_arm_irqchip_handle_irq+0xa0/0xa4)
[   10.695122] [<801021f4>] (bcm2836_arm_irqchip_handle_irq) from [<801019bc>] (__irq_svc+0x5c/0x7c)
[   10.703984] Exception stack(0x80d01ee8 to 0x80d01f30)
[   10.709028] 1ee0:                   80109ae4 00000000 40000093 40000093 80d04d70 80d00000
[   10.717198] 1f00: 80d04db8 00000001 80d8fb3e bb3ff840 80c64a38 80d01f44 80d0517c 80d01f38
[   10.725366] 1f20: 00000000 80109ae8 40000013 ffffffff
[   10.730413] [<801019bc>] (__irq_svc) from [<80109ae8>] (arch_cpu_idle+0x34/0x4c)
[   10.737804] [<80109ae8>] (arch_cpu_idle) from [<80873e74>] (default_idle_call+0x34/0x48)
[   10.745891] [<80873e74>] (default_idle_call) from [<80152eb8>] (do_idle+0xec/0x16c)
[   10.753542] [<80152eb8>] (do_idle) from [<801531f8>] (cpu_startup_entry+0x28/0x2c)
[   10.761106] [<801531f8>] (cpu_startup_entry) from [<8086d524>] (rest_init+0xbc/0xc0)
[   10.768846] [<8086d524>] (rest_init) from [<80c00fb0>] (start_kernel+0x484/0x4b4)
[   10.776320] CPU2: stopping
[   10.779021] CPU: 2 PID: 0 Comm: swapper/2 Tainted: G      D           4.19.118-v7+ #1311
[   10.787101] Hardware name: BCM2835
[   10.790498] [<801120c8>] (unwind_backtrace) from [<8010d5fc>] (show_stack+0x20/0x24)
[   10.798235] [<8010d5fc>] (show_stack) from [<80856da8>] (dump_stack+0xe0/0x124)
[   10.805538] [<80856da8>] (dump_stack) from [<801104e0>] (handle_IPI+0x388/0x3a8)
[   10.812928] [<801104e0>] (handle_IPI) from [<801021f4>] (bcm2836_arm_irqchip_handle_irq+0xa0/0xa4)
[   10.821880] [<801021f4>] (bcm2836_arm_irqchip_handle_irq) from [<801019bc>] (__irq_svc+0x5c/0x7c)
[   10.830743] Exception stack(0xba52ff38 to 0xba52ff80)
[   10.835785] ff20:                                                       80109ae4 00000000
[   10.843955] ff40: 40000093 40000093 80d04d70 ba52e000 80d04db8 00000004 80d8fb3e 410fd034
[   10.852125] ff60: 00000000 ba52ff94 80d0517c ba52ff88 00000000 80109ae8 40000013 ffffffff
[   10.860297] [<801019bc>] (__irq_svc) from [<80109ae8>] (arch_cpu_idle+0x34/0x4c)
[   10.867687] [<80109ae8>] (arch_cpu_idle) from [<80873e74>] (default_idle_call+0x34/0x48)
[   10.875773] [<80873e74>] (default_idle_call) from [<80152eb8>] (do_idle+0xec/0x16c)
[   10.883424] [<80152eb8>] (do_idle) from [<801531f8>] (cpu_startup_entry+0x28/0x2c)
[   10.890989] [<801531f8>] (cpu_startup_entry) from [<8010fee4>] (secondary_start_kernel+0x134/0x140)
[   10.900028] [<8010fee4>] (secondary_start_kernel) from [<0010270c>] (0x10270c)
