[    0.000000] Booting Linux on physical CPU 0x0
[    0.000000] Linux version 4.19.118-v7+ (dom@buildbot) (gcc version 4.9.3 (crosstool-NG crosstool-ng-1.22.0-88-g8460611)) #1311 SMP Mon Apr 27 14:21:24 BST 2020
[    0.000000] CPU: ARMv7 Processor [410fd034] revision 4 (ARMv7), cr=10c5383d
[    0.000000] CPU: div instructions available: patching division code
[    0.000000] CPU: PIPT / VIPT nonaliasing data cache, VIPT aliasing instruction cache
[    0.000000] OF: fdt: Machine model: Raspberry Pi 3 Model B Plus Rev 1.3
[    0.000000] Memory policy: Data cache writealloc
[    0.000000] cma: Reserved 256 MiB at 0x1ec00000
[    0.000000] random: get_random_bytes called from start_kernel+0xac/0x4b4 with crng_init=0
[    0.000000] percpu: Embedded 16 pages/cpu s36864 r8192 d20480 u65536
[    0.000000] Built 1 zonelists, mobility grouping on.  Total pages: 240555
[    0.000000] Kernel command line: coherent_pool=1M 8250.nr_uarts=1 snd_bcm2835.enable_compat_alsa=0 snd_bcm2835.enable_hdmi=1 snd_bcm2835.enable_headphones=1 cma=256M video=Comp
osite-1:720x480@60,margin_left=32,margin_right=32,margin_top=32,margin_bottom=32 vc_mem.mem_base=0x3ec00000 vc_mem.mem_size=0x40000000  dwc_otg.lpm_enable=0 console=ttyAMA0,115200
 console=tty1 root=PARTUUID=4c999877-02 rootfstype=ext4 elevator=deadline fsck.repair=yes rootwait
[    0.000000] Dentry cache hash table entries: 131072 (order: 7, 524288 bytes)
[    0.000000] Inode-cache hash table entries: 65536 (order: 6, 262144 bytes)
[    0.000000] Memory: 684616K/970752K available (8192K kernel code, 656K rwdata, 2232K rodata, 1024K init, 831K bss, 23992K reserved, 262144K cma-reserved)
[    0.000000] Virtual kernel memory layout:
[    0.000000]     vector  : 0xffff0000 - 0xffff1000   (   4 kB)
[    0.000000]     fixmap  : 0xffc00000 - 0xfff00000   (3072 kB)
[    0.000000]     vmalloc : 0xbb800000 - 0xff800000   (1088 MB)
[    0.000000]     lowmem  : 0x80000000 - 0xbb400000   ( 948 MB)
[    0.000000]     modules : 0x7f000000 - 0x80000000   (  16 MB)
[    0.000000]       .text : 0x(ptrval) - 0x(ptrval)   (9184 kB)
[    0.000000]       .init : 0x(ptrval) - 0x(ptrval)   (1024 kB)
[    0.000000]       .data : 0x(ptrval) - 0x(ptrval)   ( 657 kB)
[    0.000000]        .bss : 0x(ptrval) - 0x(ptrval)   ( 832 kB)
[    0.000000] SLUB: HWalign=64, Order=0-3, MinObjects=0, CPUs=4, Nodes=1
[    0.000000] ftrace: allocating 27093 entries in 80 pages
[    0.000000] rcu: Hierarchical RCU implementation.
[    0.000000] NR_IRQS: 16, nr_irqs: 16, preallocated irqs: 16
[    0.000000] arch_timer: cp15 timer(s) running at 19.20MHz (phys).
[    0.000000] clocksource: arch_sys_counter: mask: 0xffffffffffffff max_cycles: 0x46d987e47, max_idle_ns: 440795202767 ns
[    0.000007] sched_clock: 56 bits at 19MHz, resolution 52ns, wraps every 4398046511078ns
[    0.000023] Switching to timer-based delay loop, resolution 52ns
[    0.000276] Console: colour dummy device 80x30
[    0.000917] console [tty1] enabled
[    0.000976] Calibrating delay loop (skipped), value calculated using timer frequency.. 38.40 BogoMIPS (lpj=192000)
[    0.001019] pid_max: default: 32768 minimum: 301
[    0.001380] Mount-cache hash table entries: 2048 (order: 1, 8192 bytes)
[    0.001416] Mountpoint-cache hash table entries: 2048 (order: 1, 8192 bytes)
[    0.002381] CPU: Testing write buffer coherency: ok
[    0.002872] CPU0: thread -1, cpu 0, socket 0, mpidr 80000000
[    0.003564] Setting up static identity map for 0x100000 - 0x10003c
[    0.003734] rcu: Hierarchical SRCU implementation.
[    0.004569] smp: Bringing up secondary CPUs ...
[    0.005487] CPU1: thread -1, cpu 1, socket 0, mpidr 80000001
[    0.006465] CPU2: thread -1, cpu 2, socket 0, mpidr 80000002
[    0.007398] CPU3: thread -1, cpu 3, socket 0, mpidr 80000003
[    0.007513] smp: Brought up 1 node, 4 CPUs
[    0.007595] SMP: Total of 4 processors activated (153.60 BogoMIPS).
[    0.007619] CPU: All CPU(s) started in HYP mode.
[    0.007639] CPU: Virtualization extensions available.
[    0.008626] devtmpfs: initialized
[    0.022223] VFP support v0.3: implementor 41 architecture 3 part 40 variant 3 rev 4
[    0.022494] clocksource: jiffies: mask: 0xffffffff max_cycles: 0xffffffff, max_idle_ns: 19112604462750000 ns
[    0.022542] futex hash table entries: 1024 (order: 4, 65536 bytes)
[    0.033363] pinctrl core: initialized pinctrl subsystem
[    0.034373] NET: Registered protocol family 16
[    0.037690] DMA: preallocated 1024 KiB pool for atomic coherent allocations
[    0.043658] hw-breakpoint: found 5 (+1 reserved) breakpoint and 4 watchpoint registers.
[    0.043695] hw-breakpoint: maximum watchpoint size is 8 bytes.
[    0.043925] Serial: AMBA PL011 UART driver
[    0.046390] bcm2835-mbox 3f00b880.mailbox: mailbox enabled
[    0.060085] raspberrypi-firmware soc:firmware: Attached to firmware from 2020-04-15 11:43, variant start
[    0.070098] raspberrypi-firmware soc:firmware: Firmware hash is 82f9bb929ce2186eb1824178c1ae82902ad6275c
[    0.112923] bcm2835-dma 3f007000.dma: DMA legacy API manager at (ptrval), dmachans=0x1
[    0.114588] SCSI subsystem initialized
[    0.114831] usbcore: registered new interface driver usbfs
[    0.114907] usbcore: registered new interface driver hub
[    0.115020] usbcore: registered new device driver usb
[    0.116801] clocksource: Switched to clocksource arch_sys_counter
[    0.207567] VFS: Disk quotas dquot_6.6.0
[    0.207678] VFS: Dquot-cache hash table entries: 1024 (order 0, 4096 bytes)
[    0.207882] FS-Cache: Loaded
[    0.208105] CacheFiles: Loaded
[    0.208600] simple-framebuffer 3eaf0000.framebuffer: framebuffer at 0x3eaf0000, 0x10a800 bytes, mapped to 0x(ptrval)
[    0.208644] simple-framebuffer 3eaf0000.framebuffer: format=a8r8g8b8, mode=656x416x32, linelength=2624
[    0.213607] Console: switching to colour frame buffer device 82x26
[    0.220543] simple-framebuffer 3eaf0000.framebuffer: fb0: simplefb registered!
[    0.233150] NET: Registered protocol family 2
[    0.236771] tcp_listen_portaddr_hash hash table entries: 512 (order: 0, 6144 bytes)
[    0.242279] TCP established hash table entries: 8192 (order: 3, 32768 bytes)
[    0.245181] TCP bind hash table entries: 8192 (order: 4, 65536 bytes)
[    0.248134] TCP: Hash tables configured (established 8192 bind 8192)
[    0.251059] UDP hash table entries: 512 (order: 2, 16384 bytes)
[    0.253898] UDP-Lite hash table entries: 512 (order: 2, 16384 bytes)
[    0.257067] NET: Registered protocol family 1
[    0.260575] RPC: Registered named UNIX socket transport module.
[    0.263520] RPC: Registered udp transport module.
[    0.266386] RPC: Registered tcp transport module.
[    0.269188] RPC: Registered tcp NFSv4.1 backchannel transport module.
[    0.273837] hw perfevents: enabled with armv7_cortex_a7 PMU driver, 7 counters available
[    0.282596] Initialise system trusted keyrings
[    0.285584] workingset: timestamp_bits=14 max_order=18 bucket_order=4
[    0.298331] FS-Cache: Netfs 'nfs' registered for caching
[    0.301630] NFS: Registering the id_resolver key type
[    0.304332] Key type id_resolver registered
[    0.306959] Key type id_legacy registered
[    0.309469] nfs4filelayout_init: NFSv4 File Layout Driver Registering...
[    0.317517] Key type asymmetric registered
[    0.320009] Asymmetric key parser 'x509' registered
[    0.322478] Block layer SCSI generic (bsg) driver version 0.4 loaded (major 250)
[    0.327572] io scheduler noop registered
[    0.329971] io scheduler deadline registered (default)
[    0.332548] io scheduler cfq registered
[    0.334843] io scheduler mq-deadline registered (default)
[    0.337188] io scheduler kyber registered
[    0.342610] Serial: 8250/16550 driver, 1 ports, IRQ sharing enabled
[    0.346482] bcm2835-rng 3f104000.rng: hwrng registered
[    0.349259] vc-mem: phys_addr:0x00000000 mem_base=0x3ec00000 mem_size:0x40000000(1024 MiB)
[    0.354609] vc-sm: Videocore shared memory driver
[    0.357409] gpiomem-bcm2835 3f200000.gpiomem: Initialised: Registers at 0x3f200000
[    0.373067] brd: module loaded
[    0.385686] loop: module loaded
[    0.388758] Loading iSCSI transport class v2.0-870.
[    0.391907] libphy: Fixed MDIO Bus: probed
[    0.394420] usbcore: registered new interface driver lan78xx
[    0.396930] usbcore: registered new interface driver smsc95xx
[    0.399297] dwc_otg: version 3.00a 10-AUG-2012 (platform bus)
[    0.429467] dwc_otg 3f980000.usb: base=(ptrval)
[    0.631924] Core Release: 2.80a
[    0.634133] Setting default values for core params
[    0.636416] Finished setting default values for core params
[    0.839038] Using Buffer DMA mode
[    0.841333] Periodic Transfer Interrupt Enhancement - disabled
[    0.843722] Multiprocessor Interrupt Enhancement - disabled
[    0.846096] OTG VER PARAM: 0, OTG VER FLAG: 0
[    0.848465] Dedicated Tx FIFOs mode
[    0.851379] WARN::dwc_otg_hcd_init:1074: FIQ DMA bounce buffers: virt = 9ed04000 dma = 0xded04000 len=9024
[    0.855940] FIQ FSM acceleration enabled for :
[    0.855940] Non-periodic Split Transactions
[    0.855940] Periodic Split Transactions
[    0.855940] High-Speed Isochronous Endpoints
[    0.855940] Interrupt/Control Split Transaction hack enabled
[    0.866896] WARN::hcd_init_fiq:457: FIQ on core 1
[    0.869125] WARN::hcd_init_fiq:458: FIQ ASM at 8068fda0 length 36
[    0.871336] WARN::hcd_init_fiq:497: MPHI regs_base at bb810000
[    0.873597] dwc_otg 3f980000.usb: DWC OTG Controller
[    0.875862] dwc_otg 3f980000.usb: new USB bus registered, assigned bus number 1
[    0.878219] dwc_otg 3f980000.usb: irq 56, io mem 0x00000000
[    0.880528] Init: Port Power? op_state=1
[    0.882772] Init: Power Port (0)
[    0.885184] usb usb1: New USB device found, idVendor=1d6b, idProduct=0002, bcdDevice= 4.19
[    0.889718] usb usb1: New USB device strings: Mfr=3, Product=2, SerialNumber=1
[    0.892133] usb usb1: Product: DWC OTG Controller
[    0.894503] usb usb1: Manufacturer: Linux 4.19.118-v7+ dwc_otg_hcd
[    0.896950] usb usb1: SerialNumber: 3f980000.usb
[    0.899911] hub 1-0:1.0: USB hub found
[    0.902188] hub 1-0:1.0: 1 port detected
[    0.905281] usbcore: registered new interface driver usb-storage
[    0.907778] mousedev: PS/2 mouse device common for all mice
[    0.910951] bcm2835-wdt bcm2835-wdt: Broadcom BCM2835 watchdog timer
[    0.913611] bcm2835-cpufreq: min=600000 max=1400000
[    0.916452] sdhci: Secure Digital Host Controller Interface driver
[    0.918893] sdhci: Copyright(c) Pierre Ossman
[    0.921733] sdhost-bcm2835 3f202000.mmc: could not get clk, deferring probe
[    0.924408] sdhci-pltfm: SDHCI platform and OF driver helper
[    0.928528] ledtrig-cpu: registered to indicate activity on CPUs
[    0.931233] hidraw: raw HID events driver (C) Jiri Kosina
[    0.933938] usbcore: registered new interface driver usbhid
[    0.936481] usbhid: USB HID core driver
[    0.939823] vchiq: vchiq_init_state: slot_zero = (ptrval), is_master = 0
[    0.943963] [vc_sm_connected_init]: start
[    0.951078] [vc_sm_connected_init]: end - returning 0
[    0.954596] Initializing XFRM netlink socket
[    0.957006] NET: Registered protocol family 17
[    0.959440] Key type dns_resolver registered
[    0.962410] Registering SWP/SWPB emulation handler
[    0.965399] registered taskstats version 1
[    0.967799] Loading compiled-in X.509 certificates
[    0.976873] uart-pl011 3f201000.serial: cts_event_workaround enabled
[    0.979375] 3f201000.serial: ttyAMA0 at MMIO 0x3f201000 (irq = 81, base_baud = 0) is a PL011 rev2
[    2.000920] console [ttyAMA0] enabled
[    2.009063] sdhost: log_buf @ (ptrval) (ded03000)
[    2.064527] mmc0: sdhost-bcm2835 loaded - DMA enabled (>1)
[    2.073670] of_cfs_init
[    2.078571] of_cfs_init: OK
[    2.084129] Waiting for root device PARTUUID=4c999877-02...
[    2.116919] Indeed it is in host mode hprt0 = 00021501
[    2.213334] random: fast init done
[    2.227614] mmc0: host does not support reading read-only switch, assuming write-enable
[    2.246757] mmc0: new high speed SDHC card at address aaaa
[    2.255850] mmcblk0: mmc0:aaaa SL16G 14.8 GiB
[    2.268917]  mmcblk0: p1 p2
[    2.301901] EXT4-fs (mmcblk0p2): INFO: recovery required on readonly filesystem
[    2.311739] EXT4-fs (mmcblk0p2): write access will be enabled during recovery
[    2.326846] usb 1-1: new high-speed USB device number 2 using dwc_otg
[    2.335998] Indeed it is in host mode hprt0 = 00001101
[    2.577093] usb 1-1: New USB device found, idVendor=0424, idProduct=2514, bcdDevice= b.b3
[    2.590408] usb 1-1: New USB device strings: Mfr=0, Product=0, SerialNumber=0
[    2.600847] hub 1-1:1.0: USB hub found
[    2.607288] hub 1-1:1.0: 4 ports detected
[    2.926832] usb 1-1.1: new high-speed USB device number 3 using dwc_otg
[    3.057064] usb 1-1.1: New USB device found, idVendor=0424, idProduct=2514, bcdDevice= b.b3
[    3.070759] usb 1-1.1: New USB device strings: Mfr=0, Product=0, SerialNumber=0
[    3.081476] hub 1-1.1:1.0: USB hub found
[    3.088333] hub 1-1.1:1.0: 3 ports detected
[    3.746830] usb 1-1.1.1: new high-speed USB device number 4 using dwc_otg
[    3.877202] usb 1-1.1.1: New USB device found, idVendor=0424, idProduct=7800, bcdDevice= 3.00
[    3.891169] usb 1-1.1.1: New USB device strings: Mfr=0, Product=0, SerialNumber=0
[    4.169029] lan78xx 1-1.1.1:1.0 (unnamed net_device) (uninitialized): No External EEPROM. Setting MAC Speed
[    4.185599] libphy: lan78xx-mdiobus: probed
[    4.197818] lan78xx 1-1.1.1:1.0 (unnamed net_device) (uninitialized): int urb period 64
[    4.866076] EXT4-fs (mmcblk0p2): recovery complete
[    5.574810] EXT4-fs (mmcblk0p2): mounted filesystem with ordered data mode. Opts: (null)
[    5.588673] VFS: Mounted root (ext4 filesystem) readonly on device 179:2.
[    5.610723] devtmpfs: mounted
[    5.623952] Freeing unused kernel memory: 1024K
[    5.631807] Run /sbin/init as init process
[    6.266576] systemd[1]: System time before build time, advancing clock.
[    6.335710] systemd[1]: systemd 241 running in system mode. (+PAM +AUDIT +SELINUX +IMA +APPARMOR +SMACK +SYSVINIT +UTMP +LIBCRYPTSETUP +GCRYPT +GNUTLS +ACL +XZ +LZ4 +SECCOMP +B
LKID +ELFUTILS +KMOD -IDN2 +IDN -PCRE2 default-hierarchy=hybrid)
[    6.367009] systemd[1]: Detected architecture arm.
[    6.395859] systemd[1]: Set hostname to <raspberrypi>.
[    6.599044] uart-pl011 3f201000.serial: no DMA platform data
[    7.264653] random: systemd: uninitialized urandom read (16 bytes read)
[    7.285309] random: systemd: uninitialized urandom read (16 bytes read)
[    7.298939] systemd[1]: Created slice User and Session Slice.
[    7.310828] random: systemd: uninitialized urandom read (16 bytes read)
[    7.320595] systemd[1]: Listening on initctl Compatibility Named Pipe.
[    7.335866] systemd[1]: Created slice system-getty.slice.
[    7.347739] systemd[1]: Started Dispatch Password Requests to Console Directory Watch.
[    7.365286] systemd[1]: Listening on udev Control Socket.
[    7.378532] systemd[1]: Created slice system-systemd\x2dfsck.slice.
[    7.391319] systemd[1]: Started Forward Password Requests to Wall Directory Watch.
[   11.914191] Internal error: Oops - undefined instruction: 0 [#1] SMP ARM
[   11.921870] Modules linked in:
[   11.925808] CPU: 1 PID: 334 Comm: loadcpufreq Not tainted 4.19.118-v7+ #1311
[   11.933863] Hardware name: BCM2835
[   11.938239] PC is at copy_page+0x60/0x80
[   11.943135] LR is at   (null)
[   11.946942] pc : [<80853500>]    lr : [<00000000>]    psr: 20000113
[   11.950596] Adding 102396k swap on /var/swap.  Priority:-2 extents:1 across:102396k SSFS
[   11.954059] sp : b58b7d78  ip : 00000000  fp : b58b7d8c
[   11.954062] r10: b6a42a00  r9 : b81ee000  r8 : b7772a80
[   11.954071] r7 : 80d04d48  r6 : bb2b7bcc  r5 : bb2b7b3c  r4 : 00000000
[   11.983771] r3 : 00000000  r2 : 00000016  r1 : b5e17490  r0 : b5e1b480
[   11.983775] Flags: nzCv  IRQs on  FIQs on  Mode SVC_32  ISA ARM  Segment user
[   11.983778] Control: 10c5383d  Table: 358ac06a  DAC: 00000055
[   11.983785] Process loadcpufreq (pid: 334, stack limit = 0x4458cf85)
[   11.983791] Stack: (0xb58b7d78 to 0xb58b8000)
[   12.018930] 7d60:                                                       b58b7e34 8011b16c
[   12.018935] 7d80: b58b7de4 b58b7d90 802969e4 8011b0b8 b58b7dc8 00000001 b58b7ebc 000000c3
[   12.018940] 7da0: b58b7dc4 b58b7db0 802e1438 802bb514 b58b7e08 26bffaee b58b7e7c b58b7e34
[   12.049945] 7dc0: 80d04d48 b7772a80 00000055 00000040 b81ee000 00000800 b58b7e1c b58b7de8
[   12.049950] 7de0: 8029979c 80296950 b81ee000 00000800 00000002 26bffaee b7772a80 00076f3d
[   12.049955] 7e00: 80d04d48 00000055 00000040 b81ee000 b58b7e9c b58b7e20 8029af40 802996e0
[   12.049960] 7e20: b58b7e4c 00000001 ba5b9000 ffffff9c 008b8c7c b7772a80 00000055 006000c0
[   12.092433] 7e40: 00076f3d 76f3d000 b58addb8 b58addb8 35e177df 00000000 00000000 bb2b7b3c
[   12.092441] 7e60: b58394f4 bb2aa818 00000000 26bffaee b58b7e9c b58b7fb0 b586cb00 76f3d180
[   12.114257] 7e80: b6a42a00 0000080f b6a42a3c 00000800 b58b7ef4 b58b7ea0 80874a7c 8029aa18
[   12.114262] 7ea0: 802d5dc0 802e18d0 00000000 00000000 b58b7edc 80d04d48 80203680 00000000
[   12.114268] 7ec0: 00000008 00000055 b5878544 80d0a6c4 80d04d48 0000080f 80874738 76f3d180
[   12.147593] 7ee0: b58b7fb0 00000000 b58b7fac b58b7ef8 801167fc 80874744 000007ff 40000013
[   12.147598] 7f00: 00000004 26bffaee 00000000 0000014f b5878000 8011fb3c 26bffaee 00000000
[   12.147603] 7f20: b58b7f8c 26bffaee 8011fb3c 00000000 b6b11480 b5841400 00000006 802cc854
[   12.147608] 7f40: 26bffaee 00000000 b58b7f74 b58b7f58 802cc854 802d229c 00000008 b5841400
[   12.147613] 7f60: 00000004 80101c9c 20000010 ffffffff 10c5383d 10c5387d 00000000 00000000
[   12.203532] 7f80: b58b7fac 26bffaee 76e6f88c 20000010 ffffffff 10c5383d 10c5387d 00000000
[   12.203540] 7fa0: 00000000 b58b7fb0 80101ca4 801167b0 76f3d170 00000002 00000010 ffffffff
[   12.225898] 7fc0: 00035d90 7ef4b334 00000000 000000c3 00000000 00000000 00000000 008b8c7c
[   12.225906] 7fe0: 00035fe0 7ef4b270 76e6f88c 76e6f88c 20000010 ffffffff 00000000 00000000
[   12.248275] Code: e8b15018 e2522001 e8a05018 c8b15018 (caffffeb)
[   12.248283] ---[ end trace 82bab681dc7b6eb7 ]---
[   12.273095] lan78xx 1-1.1.1:1.0 eth0: kevent 4 may have been dropped
