[    0.000000] Booting Linux on physical CPU 0x0
[    0.000000] Linux version 4.19.118-v7+ (dom@buildbot) (gcc version 4.9.3 (crosstool-NG crosstool-ng-1.22.0-88-g8460611)) #1311 SMP Mon Apr 27 14:21:24 BST 2020
[    0.000000] CPU: ARMv7 Processor [410fd034] revision 4 (ARMv7), cr=10c5383d
[    0.000000] CPU: div instructions available: patching division code
[    0.000000] CPU: PIPT / VIPT nonaliasing data cache, VIPT aliasing instruction cache
[    0.000000] OF: fdt: Machine model: Raspberry Pi 3 Model B Plus Rev 1.3
[    0.000000] Memory policy: Data cache writealloc
[    0.000000] cma: Reserved 256 MiB at 0x1ec00000
[    0.000000] random: get_random_bytes called from start_kernel+0xac/0x4b4 with crng_init=0
[    0.000000] percpu: Embedded 16 pages/cpu s36864 r8192 d20480 u65536
[    0.000000] Built 1 zonelists, mobility grouping on.  Total pages: 240555
[    0.000000] Kernel command line: coherent_pool=1M 8250.nr_uarts=1 snd_bcm2835.enable_compat_alsa=0 snd_bcm2835.enable_hdmi=1 snd_bcm2835.enable_headphones=1 cma=256M video=Comp
osite-1:720x480@60,margin_left=32,margin_right=32,margin_top=32,margin_bottom=32 vc_mem.mem_base=0x3ec00000 vc_mem.mem_size=0x40000000  dwc_otg.lpm_enable=0 console=ttyAMA0,115200
 console=tty1 root=PARTUUID=4c999877-02 rootfstype=ext4 elevator=deadline fsck.repair=yes rootwait
[    0.000000] Dentry cache hash table entries: 131072 (order: 7, 524288 bytes)
[    0.000000] Inode-cache hash table entries: 65536 (order: 6, 262144 bytes)
[    0.000000] Memory: 684616K/970752K available (8192K kernel code, 656K rwdata, 2232K rodata, 1024K init, 831K bss, 23992K reserved, 262144K cma-reserved)
[    0.000000] Virtual kernel memory layout:
[    0.000000]     vector  : 0xffff0000 - 0xffff1000   (   4 kB)
[    0.000000]     fixmap  : 0xffc00000 - 0xfff00000   (3072 kB)
[    0.000000]     vmalloc : 0xbb800000 - 0xff800000   (1088 MB)
[    0.000000]     lowmem  : 0x80000000 - 0xbb400000   ( 948 MB)
[    0.000000]     modules : 0x7f000000 - 0x80000000   (  16 MB)
[    0.000000]       .text : 0x(ptrval) - 0x(ptrval)   (9184 kB)
[    0.000000]       .init : 0x(ptrval) - 0x(ptrval)   (1024 kB)
[    0.000000]       .data : 0x(ptrval) - 0x(ptrval)   ( 657 kB)
[    0.000000]        .bss : 0x(ptrval) - 0x(ptrval)   ( 832 kB)
[    0.000000] SLUB: HWalign=64, Order=0-3, MinObjects=0, CPUs=4, Nodes=1
[    0.000000] ftrace: allocating 27093 entries in 80 pages
[    0.000000] rcu: Hierarchical RCU implementation.
[    0.000000] NR_IRQS: 16, nr_irqs: 16, preallocated irqs: 16
[    0.000000] arch_timer: cp15 timer(s) running at 19.20MHz (phys).
[    0.000000] clocksource: arch_sys_counter: mask: 0xffffffffffffff max_cycles: 0x46d987e47, max_idle_ns: 440795202767 ns
[    0.000007] sched_clock: 56 bits at 19MHz, resolution 52ns, wraps every 4398046511078ns
[    0.000023] Switching to timer-based delay loop, resolution 52ns
[    0.000276] Console: colour dummy device 80x30
[    0.000918] console [tty1] enabled
[    0.000977] Calibrating delay loop (skipped), value calculated using timer frequency.. 38.40 BogoMIPS (lpj=192000)
[    0.001020] pid_max: default: 32768 minimum: 301
[    0.001380] Mount-cache hash table entries: 2048 (order: 1, 8192 bytes)
[    0.001416] Mountpoint-cache hash table entries: 2048 (order: 1, 8192 bytes)
[    0.002376] CPU: Testing write buffer coherency: ok
[    0.002864] CPU0: thread -1, cpu 0, socket 0, mpidr 80000000
[    0.003554] Setting up static identity map for 0x100000 - 0x10003c
[    0.003724] rcu: Hierarchical SRCU implementation.
[    0.004556] smp: Bringing up secondary CPUs ...
[    0.005483] CPU1: thread -1, cpu 1, socket 0, mpidr 80000001
[    0.006467] CPU2: thread -1, cpu 2, socket 0, mpidr 80000002
[    0.007403] CPU3: thread -1, cpu 3, socket 0, mpidr 80000003
[    0.007517] smp: Brought up 1 node, 4 CPUs
[    0.007598] SMP: Total of 4 processors activated (153.60 BogoMIPS).
[    0.007622] CPU: All CPU(s) started in HYP mode.
[    0.007642] CPU: Virtualization extensions available.
[    0.008639] devtmpfs: initialized
[    0.022212] VFP support v0.3: implementor 41 architecture 3 part 40 variant 3 rev 4
[    0.022484] clocksource: jiffies: mask: 0xffffffff max_cycles: 0xffffffff, max_idle_ns: 19112604462750000 ns
[    0.022534] futex hash table entries: 1024 (order: 4, 65536 bytes)
[    0.033379] pinctrl core: initialized pinctrl subsystem
[    0.034373] NET: Registered protocol family 16
[    0.037747] DMA: preallocated 1024 KiB pool for atomic coherent allocations
[    0.043719] hw-breakpoint: found 5 (+1 reserved) breakpoint and 4 watchpoint registers.
[    0.043755] hw-breakpoint: maximum watchpoint size is 8 bytes.
[    0.043978] Serial: AMBA PL011 UART driver
[    0.046454] bcm2835-mbox 3f00b880.mailbox: mailbox enabled
[    0.060085] raspberrypi-firmware soc:firmware: Attached to firmware from 2020-04-15 11:43, variant start
[    0.070098] raspberrypi-firmware soc:firmware: Firmware hash is 82f9bb929ce2186eb1824178c1ae82902ad6275c
[    0.112914] bcm2835-dma 3f007000.dma: DMA legacy API manager at (ptrval), dmachans=0x1
[    0.114580] SCSI subsystem initialized
[    0.114826] usbcore: registered new interface driver usbfs
[    0.114901] usbcore: registered new interface driver hub
[    0.115013] usbcore: registered new device driver usb
[    0.116782] clocksource: Switched to clocksource arch_sys_counter
[    0.207579] VFS: Disk quotas dquot_6.6.0
[    0.207690] VFS: Dquot-cache hash table entries: 1024 (order 0, 4096 bytes)
[    0.207892] FS-Cache: Loaded
[    0.208116] CacheFiles: Loaded
[    0.208619] simple-framebuffer 3eaf0000.framebuffer: framebuffer at 0x3eaf0000, 0x10a800 bytes, mapped to 0x(ptrval)
[    0.208663] simple-framebuffer 3eaf0000.framebuffer: format=a8r8g8b8, mode=656x416x32, linelength=2624
[    0.213630] Console: switching to colour frame buffer device 82x26
[    0.220565] simple-framebuffer 3eaf0000.framebuffer: fb0: simplefb registered!
[    0.233163] NET: Registered protocol family 2
[    0.236829] tcp_listen_portaddr_hash hash table entries: 512 (order: 0, 6144 bytes)
[    0.242283] TCP established hash table entries: 8192 (order: 3, 32768 bytes)
[    0.245183] TCP bind hash table entries: 8192 (order: 4, 65536 bytes)
[    0.248132] TCP: Hash tables configured (established 8192 bind 8192)
[    0.251050] UDP hash table entries: 512 (order: 2, 16384 bytes)
[    0.253887] UDP-Lite hash table entries: 512 (order: 2, 16384 bytes)
[    0.257056] NET: Registered protocol family 1
[    0.260555] RPC: Registered named UNIX socket transport module.
[    0.263499] RPC: Registered udp transport module.
[    0.266362] RPC: Registered tcp transport module.
[    0.269160] RPC: Registered tcp NFSv4.1 backchannel transport module.
[    0.273816] hw perfevents: enabled with armv7_cortex_a7 PMU driver, 7 counters available
[    0.282565] Initialise system trusted keyrings
[    0.285540] workingset: timestamp_bits=14 max_order=18 bucket_order=4
[    0.298293] FS-Cache: Netfs 'nfs' registered for caching
[    0.301579] NFS: Registering the id_resolver key type
[    0.304282] Key type id_resolver registered
[    0.306910] Key type id_legacy registered
[    0.309419] nfs4filelayout_init: NFSv4 File Layout Driver Registering...
[    0.317462] Key type asymmetric registered
[    0.319950] Asymmetric key parser 'x509' registered
[    0.322417] Block layer SCSI generic (bsg) driver version 0.4 loaded (major 250)
[    0.327510] io scheduler noop registered
[    0.329910] io scheduler deadline registered (default)
[    0.332483] io scheduler cfq registered
[    0.334774] io scheduler mq-deadline registered (default)
[    0.337114] io scheduler kyber registered
[    0.342560] Serial: 8250/16550 driver, 1 ports, IRQ sharing enabled
[    0.346436] bcm2835-rng 3f104000.rng: hwrng registered
[    0.349207] vc-mem: phys_addr:0x00000000 mem_base=0x3ec00000 mem_size:0x40000000(1024 MiB)
[    0.354547] vc-sm: Videocore shared memory driver
[    0.357347] gpiomem-bcm2835 3f200000.gpiomem: Initialised: Registers at 0x3f200000
[    0.372966] brd: module loaded
[    0.385611] loop: module loaded
[    0.388695] Loading iSCSI transport class v2.0-870.
[    0.391851] libphy: Fixed MDIO Bus: probed
[    0.394356] usbcore: registered new interface driver lan78xx
[    0.396854] usbcore: registered new interface driver smsc95xx
[    0.399217] dwc_otg: version 3.00a 10-AUG-2012 (platform bus)
[    0.429378] dwc_otg 3f980000.usb: base=(ptrval)
[    0.631839] Core Release: 2.80a
[    0.634044] Setting default values for core params
[    0.636331] Finished setting default values for core params
[    0.838952] Using Buffer DMA mode
[    0.841247] Periodic Transfer Interrupt Enhancement - disabled
[    0.843640] Multiprocessor Interrupt Enhancement - disabled
[    0.846015] OTG VER PARAM: 0, OTG VER FLAG: 0
[    0.848388] Dedicated Tx FIFOs mode
[    0.851294] WARN::dwc_otg_hcd_init:1074: FIQ DMA bounce buffers: virt = 9ed04000 dma = 0xded04000 len=9024
[    0.855863] FIQ FSM acceleration enabled for :
[    0.855863] Non-periodic Split Transactions
[    0.855863] Periodic Split Transactions
[    0.855863] High-Speed Isochronous Endpoints
[    0.855863] Interrupt/Control Split Transaction hack enabled
[    0.866848] WARN::hcd_init_fiq:457: FIQ on core 1
[    0.869078] WARN::hcd_init_fiq:458: FIQ ASM at 8068fda0 length 36
[    0.871290] WARN::hcd_init_fiq:497: MPHI regs_base at bb810000
[    0.873552] dwc_otg 3f980000.usb: DWC OTG Controller
[    0.875817] dwc_otg 3f980000.usb: new USB bus registered, assigned bus number 1
[    0.878173] dwc_otg 3f980000.usb: irq 56, io mem 0x00000000
[    0.880479] Init: Port Power? op_state=1
[    0.882715] Init: Power Port (0)
[    0.885118] usb usb1: New USB device found, idVendor=1d6b, idProduct=0002, bcdDevice= 4.19
[    0.889637] usb usb1: New USB device strings: Mfr=3, Product=2, SerialNumber=1
[    0.892046] usb usb1: Product: DWC OTG Controller
[    0.894409] usb usb1: Manufacturer: Linux 4.19.118-v7+ dwc_otg_hcd
[    0.896854] usb usb1: SerialNumber: 3f980000.usb
[    0.899805] hub 1-0:1.0: USB hub found
[    0.902077] hub 1-0:1.0: 1 port detected
[    0.905185] usbcore: registered new interface driver usb-storage
[    0.907680] mousedev: PS/2 mouse device common for all mice
[    0.910850] bcm2835-wdt bcm2835-wdt: Broadcom BCM2835 watchdog timer
[    0.913509] bcm2835-cpufreq: min=600000 max=1400000
[    0.916348] sdhci: Secure Digital Host Controller Interface driver
[    0.918789] sdhci: Copyright(c) Pierre Ossman
[    0.921630] sdhost-bcm2835 3f202000.mmc: could not get clk, deferring probe
[    0.924308] sdhci-pltfm: SDHCI platform and OF driver helper
[    0.928422] ledtrig-cpu: registered to indicate activity on CPUs
[    0.931131] hidraw: raw HID events driver (C) Jiri Kosina
[    0.933839] usbcore: registered new interface driver usbhid
[    0.936385] usbhid: USB HID core driver
[    0.939715] vchiq: vchiq_init_state: slot_zero = (ptrval), is_master = 0
[    0.943847] [vc_sm_connected_init]: start
[    0.951917] [vc_sm_connected_init]: end - returning 0
[    0.955442] Initializing XFRM netlink socket
[    0.957862] NET: Registered protocol family 17
[    0.960300] Key type dns_resolver registered
[    0.963275] Registering SWP/SWPB emulation handler
[    0.966268] registered taskstats version 1
[    0.968671] Loading compiled-in X.509 certificates
[    0.977793] uart-pl011 3f201000.serial: cts_event_workaround enabled
[    0.980298] 3f201000.serial: ttyAMA0 at MMIO 0x3f201000 (irq = 81, base_baud = 0) is a PL011 rev2
[    2.001850] console [ttyAMA0] enabled
[    2.010021] sdhost: log_buf @ (ptrval) (ded03000)
[    2.065554] mmc0: sdhost-bcm2835 loaded - DMA enabled (>1)
[    2.074711] of_cfs_init
[    2.079623] of_cfs_init: OK
[    2.085178] Waiting for root device PARTUUID=4c999877-02...
[    2.116904] Indeed it is in host mode hprt0 = 00021501
[    2.213315] random: fast init done
[    2.227738] mmc0: host does not support reading read-only switch, assuming write-enable
[    2.247215] mmc0: new high speed SDHC card at address aaaa
[    2.256287] mmcblk0: mmc0:aaaa SL16G 14.8 GiB
[    2.269528]  mmcblk0: p1 p2
[    2.311471] EXT4-fs (mmcblk0p2): mounted filesystem with ordered data mode. Opts: (null)
[    2.324516] VFS: Mounted root (ext4 filesystem) readonly on device 179:2.
[    2.326837] usb 1-1: new high-speed USB device number 2 using dwc_otg
[    2.343229] Indeed it is in host mode hprt0 = 00001101
[    2.411165] devtmpfs: mounted
[    2.424000] Freeing unused kernel memory: 1024K
[    2.431426] Run /sbin/init as init process
[    2.587116] usb 1-1: New USB device found, idVendor=0424, idProduct=2514, bcdDevice= b.b3
[    2.600509] usb 1-1: New USB device strings: Mfr=0, Product=0, SerialNumber=0
[    2.611099] hub 1-1:1.0: USB hub found
[    2.617777] hub 1-1:1.0: 4 ports detected
[    2.936848] usb 1-1.1: new high-speed USB device number 3 using dwc_otg
[    3.067082] usb 1-1.1: New USB device found, idVendor=0424, idProduct=2514, bcdDevice= b.b3
[    3.081008] usb 1-1.1: New USB device strings: Mfr=0, Product=0, SerialNumber=0
[    3.091845] hub 1-1.1:1.0: USB hub found
[    3.098630] hub 1-1.1:1.0: 3 ports detected
[    3.145801] systemd[1]: System time before build time, advancing clock.
[    3.214922] systemd[1]: systemd 241 running in system mode. (+PAM +AUDIT +SELINUX +IMA +APPARMOR +SMACK +SYSVINIT +UTMP +LIBCRYPTSETUP +GCRYPT +GNUTLS +ACL +XZ +LZ4 +SECCOMP +B
LKID +ELFUTILS +KMOD -IDN2 +IDN -PCRE2 default-hierarchy=hybrid)
[    3.245614] systemd[1]: Detected architecture arm.
[    3.273924] systemd[1]: Set hostname to <raspberrypi>.
[    3.477724] uart-pl011 3f201000.serial: no DMA platform data
[    3.766835] usb 1-1.1.1: new high-speed USB device number 4 using dwc_otg
[    3.897290] usb 1-1.1.1: New USB device found, idVendor=0424, idProduct=7800, bcdDevice= 3.00
[    3.911235] usb 1-1.1.1: New USB device strings: Mfr=0, Product=0, SerialNumber=0
[    4.189400] lan78xx 1-1.1.1:1.0 (unnamed net_device) (uninitialized): No External EEPROM. Setting MAC Speed
[    4.206085] libphy: lan78xx-mdiobus: probed
[    4.238557] lan78xx 1-1.1.1:1.0 (unnamed net_device) (uninitialized): int urb period 64
[    4.261474] random: systemd: uninitialized urandom read (16 bytes read)
[    4.282334] random: systemd: uninitialized urandom read (16 bytes read)
[    4.292384] systemd[1]: Listening on initctl Compatibility Named Pipe.
[    4.305691] random: systemd: uninitialized urandom read (16 bytes read)
[    4.315256] systemd[1]: Reached target Swap.
[    4.326758] systemd[1]: Set up automount Arbitrary Executable File Formats File System Automount Point.
[    4.346070] systemd[1]: Started Forward Password Requests to Wall Directory Watch.
[    4.363994] systemd[1]: Listening on Syslog Socket.
[    4.381084] systemd[1]: Created slice system-getty.slice.
[    4.394771] systemd[1]: Created slice system-serial\x2dgetty.slice.
[    8.936772] Unable to handle kernel paging request at virtual address 39e54178
[    8.944959] pgd = 7c121849
[    8.948566] [39e54178] *pgd=00000000
[    8.953045] Internal error: Oops: 5 [#1] SMP ARM
[    8.958584] Modules linked in:
[    8.962534] CPU: 1 PID: 366 Comm: (requtils) Not tainted 4.19.118-v7+ #1311
[    8.970436] Hardware name: BCM2835
[    8.974778] PC is at __cgroup_account_cputime_field+0x20/0xa4
[    8.981464] LR is at __cgroup_account_cputime_field+0x4/0xa4
[    8.988021] pc : [<801c6644>]    lr : [<801c6628>]    psr: a0000193
[    8.995213] sp : b6d99bf8  ip : 39e54000  fp : b6d99c1c
[    9.001374] r10: b9b4bc00  r9 : 80c92938  r8 : b8602c00
[    9.007542] r7 : 00000000  r6 : 00989618  r5 : 00000000  r4 : 039e5ee1
[    9.015026] r3 : 80c92938  r2 : b8602c00  r1 : 00000001  r0 : 39e54000
[    9.022531] Flags: NzCv  IRQs off  FIQs on  Mode SVC_32  ISA ARM  Segment user
[    9.030784] Control: 10c5383d  Table: 36d4006a  DAC: 00000055
[    9.037582] Process (requtils) (pid: 366, stack limit = 0xd19ac49e)
[    9.044913] Stack: (0xb6d99bf8 to 0xb6d9a000)
[    9.050325] 9be0:                                                       039e5ee1 00000000
[    9.060581] 9c00: 00989618 00000000 037b3c32 00000000 b6d99c3c b6d99c20 801c6628 801c6630
[    9.070814] 9c20: b9b4bc80 baae9a00 037b3c32 00000000 b6d99c7c b6d99c40 80155138 801c65c0
[    9.081175] 9c40: b6d99c7c b6d99c50 00989618 00000000 b6d99c7c b7867400 baae9400 80d054c4
[    9.091653] 9c60: 00000001 39e54000 00000000 b9b4bc80 b6d99cec b6d99c80 801588e8 80155004
[    9.102170] 9c80: ffffffff 00ffffff 0a4369a8 80c8d390 80d04d48 80d8fb46 80d054c4 00000001
[    9.112851] 9ca0: 39e54000 b9b4bc00 b6d99cc4 b6d99cb8 80c948dc 00000000 b6d99cec 26bffaee
[    9.123617] 9cc0: 8014c074 80c95400 baae9400 80d054c4 00000001 39e54000 b9b4bc00 801ad2f4
[    9.134504] 9ce0: b6d99d14 b6d99cf0 8014fa88 80158508 b9b4bc00 00000000 14450024 00000002
[    9.145455] 9d00: baae6540 baae65f0 b6d99d2c b6d99d18 8019a8fc 8014fa20 baae6840 b6d99ea8
[    9.156475] 9d20: b6d99d3c b6d99d30 801ad0dc 8019a8a8 b6d99d64 b6d99d40 801ad350 801ad084
[    9.167605] 9d40: b6d99d64 b6d99d50 baae6840 baae6580 baae6540 b6d98000 b6d99dbc b6d99d68
[    9.178792] 9d60: 8019b464 801ad300 8019fdd4 80d04d48 1444feec 00000002 00000000 80d04d70
[    9.189975] 9d80: 1444feec 00000002 fd75115d 26bffaee 20000193 20000193 00000003 7fffffff
[    9.201150] 9da0: ffffffff baae6540 baae65f0 baae65c8 b6d99e1c b6d99dc0 8019c084 8019b30c
[    9.212333] 9dc0: 20000193 0000000f 1444feec 00000002 b6d99dec baae6670 baae6690 baae6618
[    9.223516] 9de0: baae66c0 baae654c 1444feec 00000002 b6d99e1c ba402dc0 00000000 ba4c0d00
[    9.234687] 9e00: 80d5d66c 000000a2 b6d98000 00000142 b6d99e2c b6d99e20 806e798c 8019bf60
[    9.245864] 9e20: b6d99e54 b6d99e30 80185b8c 806e7958 80c94fa8 00000000 00000000 00000001
[    9.257049] 9e40: ba433000 b6d98000 b6d99e64 b6d99e58 8017fc6c 80185b10 b6d99e8c b6d99e68
[    9.268219] 9e60: 801803bc 8017fc44 b6d99ea8 00000001 80000013 ffffffff b6d99edc 00100000
[    9.279398] 9e80: b6d99ea4 b6d99e90 801021b4 8018035c 802f1cec 80873f18 b6d99f04 b6d99ea8
[    9.290580] 9ea0: 801019bc 80102160 ba4d0940 00000000 0000005c 0000005d 000a0000 ba4d0900
[    9.301748] 9ec0: ffffff9c 00000000 00100000 000a0000 00000142 b6d99f04 b6d99f08 b6d99ef8
[    9.312930] 9ee0: 802f1cec 80873f18 80000013 ffffffff 00000000 7f000000 b6d99f34 b6d99f08
[    9.324106] 9f00: 802f1cec 80873ee4 000a0000 000a0000 80d04d48 ffffff9c ba5bc000 801011c4
[    9.335271] 9f20: b6d98000 00000142 b6d99f44 b6d99f38 802f1ec4 802f1ccc b6d99f94 b6d99f48
[    9.346449] 9f40: 802cdc3c 802f1e94 b6d99f64 b6d99f58 00020000 801c0000 00000004 00000100
[    9.357628] 9f60: 00000001 26bffaee 40000010 013e84a8 76f35968 00000008 00000142 801011c4
[    9.368793] 9f80: b6d98000 00000142 b6d99fa4 b6d99f98 802cdd50 802cdb20 00000000 b6d99fa8
[    9.379974] 9fa0: 80101000 802cdd40 013e84a8 76f35968 ffffff9c 76d45394 000a0000 00000000
[    9.391152] 9fc0: 013e84a8 76f35968 00000008 00000142 00000000 00000000 013881a8 7eaef6fc
[    9.402318] 9fe0: 76eec000 7eaef488 76e0c294 76e672f0 60000010 ffffff9c 00000000 00000000
[    9.413510] [<801c6644>] (__cgroup_account_cputime_field) from [<801c6628>] (__cgroup_account_cputime_field+0x4/0xa4)
[    9.427162] Code: e8bd4000 e1a08002 e1a09003 ee1dcf90 (e5903178)
[    9.434767] ---[ end trace 4cd13f7c83155a94 ]---
[    9.440864] Kernel panic - not syncing: Fatal exception in interrupt
[   10.511027] SMP: failed to stop secondary CPUs
[   10.516918] ---[ end Kernel panic - not syncing: Fatal exception in interrupt ]---
