[    0.000000] Booting Linux on physical CPU 0x0
[    0.000000] Linux version 4.19.118-v7+ (dom@buildbot) (gcc version 4.9.3 (crosstool-NG crosstool-ng-1.22.0-88-g8460611)) #1311 SMP Mon Apr 27 14:21:24 BST 2020
[    0.000000] CPU: ARMv7 Processor [410fd034] revision 4 (ARMv7), cr=10c5383d
[    0.000000] CPU: div instructions available: patching division code
[    0.000000] CPU: PIPT / VIPT nonaliasing data cache, VIPT aliasing instruction cache
[    0.000000] OF: fdt: Machine model: Raspberry Pi 3 Model B Rev 1.2
[    0.000000] Memory policy: Data cache writealloc
[    0.000000] cma: Reserved 8 MiB at 0x3ac00000
[    0.000000] random: get_random_bytes called from start_kernel+0xac/0x4b4 with crng_init=0
[    0.000000] percpu: Embedded 16 pages/cpu s36864 r8192 d20480 u65536
[    0.000000] Built 1 zonelists, mobility grouping on.  Total pages: 240555
[    0.000000] Kernel command line: coherent_pool=1M 8250.nr_uarts=1 snd_bcm2835.enable_compat_alsa=0 snd_bcm2835.enable_hdmi=1 snd_bcm2835.enable_headphones=1 bcm2708_fb.fbwidth=
656 bcm2708_fb.fbheight=416 bcm2708_fb.fbswap=1 vc_mem.mem_base=0x3ec00000 vc_mem.mem_size=0x40000000  dwc_otg.lpm_enable=0 console=ttyAMA0,115200 console=tty1 root=PARTUUID=4c999
877-02 rootfstype=ext4 elevator=deadline fsck.repair=yes rootwait
[    0.000000] Dentry cache hash table entries: 131072 (order: 7, 524288 bytes)
[    0.000000] Inode-cache hash table entries: 65536 (order: 6, 262144 bytes)
[    0.000000] Memory: 939064K/970752K available (8192K kernel code, 656K rwdata, 2232K rodata, 1024K init, 831K bss, 23496K reserved, 8192K cma-reserved)
[    0.000000] Virtual kernel memory layout:
[    0.000000]     vector  : 0xffff0000 - 0xffff1000   (   4 kB)
[    0.000000]     fixmap  : 0xffc00000 - 0xfff00000   (3072 kB)
[    0.000000]     vmalloc : 0xbb800000 - 0xff800000   (1088 MB)
[    0.000000]     lowmem  : 0x80000000 - 0xbb400000   ( 948 MB)
[    0.000000]     modules : 0x7f000000 - 0x80000000   (  16 MB)
[    0.000000]       .text : 0x(ptrval) - 0x(ptrval)   (9184 kB)
[    0.000000]       .init : 0x(ptrval) - 0x(ptrval)   (1024 kB)
[    0.000000]       .data : 0x(ptrval) - 0x(ptrval)   ( 657 kB)
[    0.000000]        .bss : 0x(ptrval) - 0x(ptrval)   ( 832 kB)
[    0.000000] SLUB: HWalign=64, Order=0-3, MinObjects=0, CPUs=4, Nodes=1
[    0.000000] ftrace: allocating 27093 entries in 80 pages
[    0.000000] rcu: Hierarchical RCU implementation.
[    0.000000] NR_IRQS: 16, nr_irqs: 16, preallocated irqs: 16
[    0.000000] arch_timer: cp15 timer(s) running at 19.20MHz (phys).
[    0.000000] clocksource: arch_sys_counter: mask: 0xffffffffffffff max_cycles: 0x46d987e47, max_idle_ns: 440795202767 ns
[    0.000007] sched_clock: 56 bits at 19MHz, resolution 52ns, wraps every 4398046511078ns
[    0.000023] Switching to timer-based delay loop, resolution 52ns
[    0.000273] Console: colour dummy device 80x30
[    0.000908] console [tty1] enabled
[    0.000966] Calibrating delay loop (skipped), value calculated using timer frequency.. 38.40 BogoMIPS (lpj=192000)
[    0.001009] pid_max: default: 32768 minimum: 301
[    0.001379] Mount-cache hash table entries: 2048 (order: 1, 8192 bytes)
[    0.001415] Mountpoint-cache hash table entries: 2048 (order: 1, 8192 bytes)
[    0.002369] CPU: Testing write buffer coherency: ok
[    0.002846] CPU0: thread -1, cpu 0, socket 0, mpidr 80000000
[    0.003526] Setting up static identity map for 0x100000 - 0x10003c
[    0.003694] rcu: Hierarchical SRCU implementation.
[    0.004525] smp: Bringing up secondary CPUs ...
[    0.005433] CPU1: thread -1, cpu 1, socket 0, mpidr 80000001
[    0.006409] CPU2: thread -1, cpu 2, socket 0, mpidr 80000002
[    0.007323] CPU3: thread -1, cpu 3, socket 0, mpidr 80000003
[    0.007436] smp: Brought up 1 node, 4 CPUs
[    0.007518] SMP: Total of 4 processors activated (153.60 BogoMIPS).
[    0.007541] CPU: All CPU(s) started in HYP mode.
[    0.007562] CPU: Virtualization extensions available.
[    0.008556] devtmpfs: initialized
[    0.021903] VFP support v0.3: implementor 41 architecture 3 part 40 variant 3 rev 4
[    0.022179] clocksource: jiffies: mask: 0xffffffff max_cycles: 0xffffffff, max_idle_ns: 19112604462750000 ns
[    0.022229] futex hash table entries: 1024 (order: 4, 65536 bytes)
[    0.022835] pinctrl core: initialized pinctrl subsystem
[    0.023714] NET: Registered protocol family 16
[    0.026949] DMA: preallocated 1024 KiB pool for atomic coherent allocations
[    0.032877] hw-breakpoint: found 5 (+1 reserved) breakpoint and 4 watchpoint registers.
[    0.032912] hw-breakpoint: maximum watchpoint size is 8 bytes.
[    0.033134] Serial: AMBA PL011 UART driver
[    0.035472] bcm2835-mbox 3f00b880.mailbox: mailbox enabled
[    0.050031] raspberrypi-firmware soc:firmware: Attached to firmware from 2020-04-15 11:43, variant start
[    0.060044] raspberrypi-firmware soc:firmware: Firmware hash is 82f9bb929ce2186eb1824178c1ae82902ad6275c
[    0.103133] bcm2835-dma 3f007000.dma: DMA legacy API manager at (ptrval), dmachans=0x1
[    0.104787] SCSI subsystem initialized
[    0.105023] usbcore: registered new interface driver usbfs
[    0.105103] usbcore: registered new interface driver hub
[    0.105216] usbcore: registered new device driver usb
[    0.106945] clocksource: Switched to clocksource arch_sys_counter
[    0.197433] VFS: Disk quotas dquot_6.6.0
[    0.197544] VFS: Dquot-cache hash table entries: 1024 (order 0, 4096 bytes)
[    0.197713] FS-Cache: Loaded
[    0.197941] CacheFiles: Loaded
[    0.207962] NET: Registered protocol family 2
[    0.208835] tcp_listen_portaddr_hash hash table entries: 512 (order: 0, 6144 bytes)
[    0.208900] TCP established hash table entries: 8192 (order: 3, 32768 bytes)
[    0.209030] TCP bind hash table entries: 8192 (order: 4, 65536 bytes)
[    0.209235] TCP: Hash tables configured (established 8192 bind 8192)
[    0.209389] UDP hash table entries: 512 (order: 2, 16384 bytes)
[    0.209459] UDP-Lite hash table entries: 512 (order: 2, 16384 bytes)
[    0.209718] NET: Registered protocol family 1
[    0.210306] RPC: Registered named UNIX socket transport module.
[    0.210333] RPC: Registered udp transport module.
[    0.210355] RPC: Registered tcp transport module.
[    0.210376] RPC: Registered tcp NFSv4.1 backchannel transport module.
[    0.212265] hw perfevents: enabled with armv7_cortex_a7 PMU driver, 7 counters available
[    0.215360] Initialise system trusted keyrings
[    0.215585] workingset: timestamp_bits=14 max_order=18 bucket_order=4
[    0.225535] FS-Cache: Netfs 'nfs' registered for caching
[    0.226114] NFS: Registering the id_resolver key type
[    0.226165] Key type id_resolver registered
[    0.226187] Key type id_legacy registered
[    0.226219] nfs4filelayout_init: NFSv4 File Layout Driver Registering...
[    0.231732] Key type asymmetric registered
[    0.231767] Asymmetric key parser 'x509' registered
[    0.231843] Block layer SCSI generic (bsg) driver version 0.4 loaded (major 250)
[    0.232040] io scheduler noop registered
[    0.232065] io scheduler deadline registered (default)
[    0.232302] io scheduler cfq registered
[    0.232327] io scheduler mq-deadline registered (default)
[    0.232350] io scheduler kyber registered
[    0.235409] bcm2708_fb soc:fb: FB found 1 display(s)
[    0.244362] Console: switching to colour frame buffer device 82x26
[    0.251220] bcm2708_fb soc:fb: Registered framebuffer for display 0, size 656x416
[    0.256865] Serial: 8250/16550 driver, 1 ports, IRQ sharing enabled
[    0.260725] bcm2835-rng 3f104000.rng: hwrng registered
[    0.263404] vc-mem: phys_addr:0x00000000 mem_base=0x3ec00000 mem_size:0x40000000(1024 MiB)
[    0.268809] vc-sm: Videocore shared memory driver
[    0.271609] gpiomem-bcm2835 3f200000.gpiomem: Initialised: Registers at 0x3f200000
[    0.287551] brd: module loaded
[    0.300236] loop: module loaded
[    0.303332] Loading iSCSI transport class v2.0-870.
[    0.306482] libphy: Fixed MDIO Bus: probed
[    0.309036] usbcore: registered new interface driver lan78xx
[    0.311547] usbcore: registered new interface driver smsc95xx
[    0.313977] dwc_otg: version 3.00a 10-AUG-2012 (platform bus)
[    0.344278] dwc_otg 3f980000.usb: base=(ptrval)
[    0.546977] Core Release: 2.80a
[    0.549423] Setting default values for core params
[    0.551912] Finished setting default values for core params
[    0.754671] Using Buffer DMA mode
[    0.757083] Periodic Transfer Interrupt Enhancement - disabled
[    0.759487] Multiprocessor Interrupt Enhancement - disabled
[    0.761862] OTG VER PARAM: 0, OTG VER FLAG: 0
[    0.764200] Dedicated Tx FIFOs mode
[    0.766873] WARN::dwc_otg_hcd_init:1074: FIQ DMA bounce buffers: virt = bad04000 dma = 0xfad04000 len=9024
[    0.771464] FIQ FSM acceleration enabled for :
[    0.771464] Non-periodic Split Transactions
[    0.771464] Periodic Split Transactions
[    0.771464] High-Speed Isochronous Endpoints
[    0.771464] Interrupt/Control Split Transaction hack enabled
[    0.782405] WARN::hcd_init_fiq:457: FIQ on core 1
[    0.784632] WARN::hcd_init_fiq:458: FIQ ASM at 8068fda0 length 36
[    0.786844] WARN::hcd_init_fiq:497: MPHI regs_base at bb810000
[    0.789098] dwc_otg 3f980000.usb: DWC OTG Controller
[    0.791371] dwc_otg 3f980000.usb: new USB bus registered, assigned bus number 1
[    0.793696] dwc_otg 3f980000.usb: irq 56, io mem 0x00000000
[    0.796002] Init: Port Power? op_state=1
[    0.798262] Init: Power Port (0)
[    0.800678] usb usb1: New USB device found, idVendor=1d6b, idProduct=0002, bcdDevice= 4.19
[    0.805187] usb usb1: New USB device strings: Mfr=3, Product=2, SerialNumber=1
[    0.807621] usb usb1: Product: DWC OTG Controller
[    0.809990] usb usb1: Manufacturer: Linux 4.19.118-v7+ dwc_otg_hcd
[    0.812416] usb usb1: SerialNumber: 3f980000.usb
[    0.815357] hub 1-0:1.0: USB hub found
[    0.817668] hub 1-0:1.0: 1 port detected
[    0.820716] usbcore: registered new interface driver usb-storage
[    0.823181] mousedev: PS/2 mouse device common for all mice
[    0.826332] bcm2835-wdt bcm2835-wdt: Broadcom BCM2835 watchdog timer
[    0.828995] bcm2835-cpufreq: min=600000 max=1200000
[    0.831822] sdhci: Secure Digital Host Controller Interface driver
[    0.834242] sdhci: Copyright(c) Pierre Ossman
[    0.837081] sdhost-bcm2835 3f202000.mmc: could not get clk, deferring probe
[    0.839748] sdhci-pltfm: SDHCI platform and OF driver helper
[    0.843784] ledtrig-cpu: registered to indicate activity on CPUs
[    0.846522] hidraw: raw HID events driver (C) Jiri Kosina
[    0.849291] usbcore: registered new interface driver usbhid
[    0.851837] usbhid: USB HID core driver
[    0.855129] vchiq: vchiq_init_state: slot_zero = (ptrval), is_master = 0
[    0.859265] [vc_sm_connected_init]: start
[    0.868802] [vc_sm_connected_init]: end - returning 0
[    0.872330] Initializing XFRM netlink socket
[    0.874720] NET: Registered protocol family 17
[    0.877212] Key type dns_resolver registered
[    0.880184] Registering SWP/SWPB emulation handler
[    0.883196] registered taskstats version 1
[    0.885576] Loading compiled-in X.509 certificates
[    0.894587] uart-pl011 3f201000.serial: cts_event_workaround enabled
[    0.897150] 3f201000.serial: ttyAMA0 at MMIO 0x3f201000 (irq = 81, base_baud = 0) is a PL011 rev2
[    1.900362] console [ttyAMA0] enabled
[    1.908435] sdhost: log_buf @ (ptrval) (fad07000)
[    1.963377] mmc0: sdhost-bcm2835 loaded - DMA enabled (>1)
[    1.972564] of_cfs_init
[    1.977408] of_cfs_init: OK
[    1.982975] Waiting for root device PARTUUID=4c999877-02...
[    2.017060] Indeed it is in host mode hprt0 = 00021501
[    2.111845] random: fast init done
[    2.122562] mmc0: host does not support reading read-only switch, assuming write-enable
[    2.141710] mmc0: new high speed SDHC card at address aaaa
[    2.150699] mmcblk0: mmc0:aaaa SL16G 14.8 GiB
[    2.163819]  mmcblk0: p1 p2
[    2.211088] EXT4-fs (mmcblk0p2): mounted filesystem with ordered data mode. Opts: (null)
[    2.224179] VFS: Mounted root (ext4 filesystem) readonly on device 179:2.
[    2.226990] usb 1-1: new high-speed USB device number 2 using dwc_otg
[    2.242829] Indeed it is in host mode hprt0 = 00001101
[    2.245047] devtmpfs: mounted
[    2.312430] Freeing unused kernel memory: 1024K
[    2.319896] Run /sbin/init as init process
[    2.487292] usb 1-1: New USB device found, idVendor=0424, idProduct=9514, bcdDevice= 2.00
[    2.500673] usb 1-1: New USB device strings: Mfr=0, Product=0, SerialNumber=0
[    2.511217] hub 1-1:1.0: USB hub found
[    2.517845] hub 1-1:1.0: 5 ports detected
[    2.837001] usb 1-1.1: new high-speed USB device number 3 using dwc_otg
[    2.966205] systemd[1]: System time before build time, advancing clock.
[    2.967297] usb 1-1.1: New USB device found, idVendor=0424, idProduct=ec00, bcdDevice= 2.00
[    2.989524] usb 1-1.1: New USB device strings: Mfr=0, Product=0, SerialNumber=0
[    3.002242] smsc95xx v1.0.6
[    3.063266] systemd[1]: systemd 241 running in system mode. (+PAM +AUDIT +SELINUX +IMA +APPARMOR +SMACK +SYSVINIT +UTMP +LIBCRYPTSETUP +GCRYPT +GNUTLS +ACL +XZ +LZ4 +SECCOMP +B
LKID +ELFUTILS +KMOD -IDN2 +IDN -PCRE2 default-hierarchy=hybrid)
[    3.094655] systemd[1]: Detected architecture arm.
[    3.100612] smsc95xx 1-1.1:1.0 eth0: register 'smsc95xx' at usb-3f980000.usb-1.1, smsc95xx USB 2.0 Ethernet, b8:27:eb:6d:27:bc
[    3.140860] systemd[1]: Set hostname to <raspberrypi>.
[    3.340752] uart-pl011 3f201000.serial: no DMA platform data
[    4.050531] random: systemd: uninitialized urandom read (16 bytes read)
[    4.071449] random: systemd: uninitialized urandom read (16 bytes read)
[    4.081849] systemd[1]: Listening on Journal Socket (/dev/log).
[    4.095082] random: systemd: uninitialized urandom read (16 bytes read)
[    4.105288] systemd[1]: Set up automount Arbitrary Executable File Formats File System Automount Point.
[    4.124360] systemd[1]: Started Forward Password Requests to Wall Directory Watch.
[    4.141728] systemd[1]: Listening on Syslog Socket.
[    4.153128] systemd[1]: Listening on initctl Compatibility Named Pipe.
[    4.166484] systemd[1]: Listening on Journal Socket.
[    4.186610] systemd[1]: Mounting Kernel Debug File System...

Raspbian GNU/Linux 10 raspberrypi ttyAMA0

raspberrypi login: [ 5202.052052] Unhandled fault: alignment exception (0x801) at 0x00000003
[ 5202.061199] pgd = 30c28e99
[ 5202.062963] Unhandled prefetch abort: unknown 1 (0x001) at 0xffffff62
[ 5202.066698] [00000003] *pgd=372d8835, *pte=00000000, *ppte=00000000
[ 5202.095394] Unhandled fault: alignment exception (0x801) at 0x00000003
[ 5202.104941] pgd = 30c28e99
[ 5202.110570] [00000003] *pgd=372d8835, *pte=00000000, *ppte=00000000
[ 5202.154730] Unhandled fault: alignment exception (0x801) at 0x00000003
[ 5202.164751] pgd = 30c28e99
[ 5202.170834] [00000003] *pgd=370d5835, *pte=00000000, *ppte=00000000
[ 5202.790974] Unhandled fault: alignment exception (0x801) at 0x000f0597
[ 5202.801165] pgd = 374d5698
[ 5202.807347] [000f0597] *pgd=38e03835, *pte=00000000, *ppte=00000000
[ 5203.464088] Unhandled fault: alignment exception (0x801) at 0x001076fa
[ 5203.474619] pgd = 374d5698
[ 5203.481377] [001076fa] *pgd=1e979835, *pte=25cab75f, *ppte=25cabc7f
[ 5203.498536] Unhandled fault: alignment exception (0x801) at 0x001076fa
[ 5203.509151] pgd = 30c28e99
[ 5203.516128] [001076fa] *pgd=38e0a835, *pte=2bcc475f, *ppte=2bcc4c7f
[ 5203.540089] Unhandled fault: alignment exception (0x801) at 0x001076fa
[ 5203.551055] pgd = 3e0c4db7
[ 5203.558030] [001076fa] *pgd=3454f835, *pte=2442375f, *ppte=24423c7f
[ 5203.589680] Unhandled fault: alignment exception (0x801) at 0x001076fa
[ 5203.600575] pgd = 3e0c4db7
[ 5203.607603] [001076fa] *pgd=3454f835, *pte=2af2e75f, *ppte=2af2ec7f
[ 5203.653092] Unhandled fault: alignment exception (0x801) at 0x001076fa
[ 5203.664080] pgd = 3e0c4db7
[ 5203.671109] [001076fa] *pgd=372d8835, *pte=29a4175f, *ppte=29a41c7f
[ 5203.843121] Unhandled fault: alignment exception (0x801) at 0xffffffd7
[ 5203.854084] pgd = 374d5698
[ 5203.861291] [ffffffd7] *pgd=3abfa861, *pte=00000000, *ppte=00000000
[ 5204.973082] Unhandled fault: alignment exception (0x801) at 0x00000003
[ 5204.983909] pgd = 3e0c4db7
[ 5204.990772] [00000003] *pgd=37fa4835, *pte=00000000, *ppte=00000000
[ 5205.019001] Unhandled fault: alignment exception (0x801) at 0x00000003
[ 5205.029734] pgd = 3e0c4db7
[ 5205.036846] [00000003] *pgd=37fa4835, *pte=00000000, *ppte=00000000
[ 5206.078813] Unhandled fault: alignment exception (0x801) at 0xffffffe3
[ 5206.089740] pgd = 30c28e99
[ 5206.096629] [ffffffe3] *pgd=3abfa861, *pte=00000000, *ppte=00000000
[ 5206.579695] Unhandled fault: alignment exception (0x801) at 0xffffffdb
[ 5206.590701] pgd = 30c28e99
[ 5206.597396] [ffffffdb] *pgd=3abfa861, *pte=00000000, *ppte=00000000
[ 5206.631398] Unhandled fault: alignment exception (0x801) at 0xffffffdb
[ 5206.642465] pgd = 30c28e99
[ 5206.649661] [ffffffdb] *pgd=3abfa861, *pte=00000000, *ppte=00000000
[ 5207.375559] Unhandled fault: alignment exception (0x801) at 0xffffffd3
[ 5207.386492] pgd = 30c28e99
[ 5207.393842] [ffffffd3] *pgd=3abfa861, *pte=00000000, *ppte=00000000
[ 5207.416170] Unhandled fault: alignment exception (0x801) at 0x000d71ec
[ 5207.427111] Unhandled fault: alignment exception (0x801) at 0xffffffd3
[ 5207.427221] pgd = 0526cbdb
[ 5207.438056] pgd = 3e0c4db7
[ 5207.444821] [000d71ec] *pgd=38eaf835, *pte=0bf6b59f, *ppte=0bf6be7e
[ 5207.451670] [ffffffd3] *pgd=3abfa861, *pte=00000000, *ppte=00000000
[ 5207.483136] Unhandled fault: alignment exception (0x801) at 0x000d71ec
[ 5207.494178] pgd = 0526cbdb
[ 5207.501105] [000d71ec] *pgd=23f8d835, *pte=0bf6b59f, *ppte=0bf6be7e
[ 5210.364308] Unhandled prefetch abort: breakpoint debug exception (0x002) at 0x76c5a00c
[ 5210.397325] Unhandled prefetch abort: breakpoint debug exception (0x002) at 0x76c5a008
[ 5210.431508] Unhandled prefetch abort: breakpoint debug exception (0x002) at 0x76c5a004
[ 5210.461902] Unhandled prefetch abort: breakpoint debug exception (0x002) at 0x76c5a000
[ 5210.973800] Unhandled fault: alignment exception (0x801) at 0xffffffff
[ 5210.985733] pgd = 374d5698
[ 5210.993841] [ffffffff] *pgd=3abfa861, *pte=00000000, *ppte=00000000
[ 5213.476135] Unhandled fault: alignment exception (0x801) at 0xffffffff
[ 5213.488056] pgd = 374d5698
[ 5213.495939] [ffffffff] *pgd=3abfa861, *pte=00000000, *ppte=00000000
[ 5213.523936] Unhandled fault: alignment exception (0x801) at 0xffffffff
[ 5213.535492] pgd = 3e0c4db7
[ 5213.543389] [ffffffff] *pgd=3abfa861, *pte=00000000, *ppte=00000000
[ 5213.571533] Unhandled fault: alignment exception (0x801) at 0xffffffff
[ 5213.583654] pgd = 0526cbdb
[ 5213.591926] [ffffffff] *pgd=3abfa861, *pte=00000000, *ppte=00000000
[ 5213.614335] Unhandled fault: alignment exception (0x801) at 0xffffffff
[ 5213.626383] pgd = d0e798df
[ 5213.634507] [ffffffff] *pgd=3abfa861, *pte=00000000, *ppte=00000000
[ 5213.984472] Unhandled fault: alignment exception (0x001) at 0x00107c5c
[ 5213.996127] pgd = d0e798df
[ 5214.003882] [00107c5c] *pgd=1e8d7835, *pte=1ee2b79f, *ppte=1ee2be7f
[ 5214.049751] Unhandled fault: alignment exception (0x001) at 0x00107c5c
[ 5214.061745] pgd = 0526cbdb
[ 5214.069492] [00107c5c] *pgd=33582835, *pte=1ee2b79f, *ppte=1ee2be7f
[ 5214.529361] Unhandled fault: alignment exception (0x001) at 0xffffffdb
[ 5214.540645] pgd = d0e798df
[ 5214.547681] [ffffffdb] *pgd=3abfa861, *pte=00000000, *ppte=00000000
[ 5214.673108] Unhandled fault: alignment exception (0x801) at 0x65727477
[ 5214.684375] pgd = 374d5698
[ 5214.691577] [65727477] *pgd=00000000
[ 5214.713719] Unhandled fault: alignment exception (0x801) at 0x65727477
[ 5214.724691] pgd = 5daf7e69
[ 5214.731829] [65727477] *pgd=00000000
[ 5214.755528] Unhandled fault: alignment exception (0x801) at 0x65727477
[ 5214.766645] pgd = d0e798df
[ 5214.773676] [65727477] *pgd=00000000
[ 5215.956975] Unhandled fault: alignment exception (0x801) at 0xffffffff
[ 5215.967473] Unhandled fault: alignment exception (0x801) at 0xffffffff
[ 5215.967567] pgd = 3e0c4db7
[ 5215.977901] pgd = 374d5698
[ 5215.977909] [ffffffff] *pgd=3abfa861, *pte=00000000, *ppte=00000000
[ 5216.001436] Unhandled fault: alignment exception (0x801) at 0xffffffff
[ 5216.001479] [ffffffff] *pgd=3abfa861, *pte=00000000, *ppte=00000000
[ 5216.011618] pgd = 30c28e99
[ 5216.011630] [ffffffff] *pgd=3abfa861, *pte=00000000, *ppte=00000000
[ 5216.028147] Unhandled fault: alignment exception (0x801) at 0xffffffff
[ 5216.028163] pgd = 374d5698
[ 5216.055199] [ffffffff] *pgd=3abfa861, *pte=00000000, *ppte=00000000
[ 5216.065238] Unhandled fault: alignment exception (0x801) at 0xffffffff
[ 5216.075739] pgd = 30c28e99
[ 5216.082529] [ffffffff] *pgd=3abfa861, *pte=00000000, *ppte=00000000
[ 5216.103914] Unhandled fault: alignment exception (0x801) at 0xffffffff
[ 5216.114690] pgd = 30c28e99
[ 5216.121347] [ffffffff] *pgd=3abfa861, *pte=00000000, *ppte=00000000
[ 5216.139733] Unhandled fault: alignment exception (0x801) at 0xffffffff
[ 5216.150437] pgd = 3e0c4db7
[ 5216.157175] [ffffffff] *pgd=3abfa861, *pte=00000000, *ppte=00000000
[ 5216.353142] Unhandled fault: alignment exception (0x801) at 0x00000003
[ 5216.363859] pgd = 374d5698
[ 5216.370712] [00000003] *pgd=2f7f5835, *pte=00000000, *ppte=00000000
[ 5216.380990] Unhandled fault: alignment exception (0x801) at 0xffffffff
[ 5216.391944] pgd = 3e0c4db7
[ 5216.398744] [ffffffff] *pgd=3abfa861, *pte=00000000, *ppte=00000000
[ 5216.562534] Unhandled fault: alignment exception (0x801) at 0xffffffd7
[ 5216.573217] pgd = 5daf7e69
[ 5216.580476] [ffffffd7] *pgd=3abfa861, *pte=00000000, *ppte=00000000
[ 5216.599024] Unhandled fault: alignment exception (0x801) at 0xffffffd7
[ 5216.609997] pgd = 374d5698
[ 5216.617106] [ffffffd7] *pgd=3abfa861, *pte=00000000, *ppte=00000000
[ 5217.134814] Unhandled fault: alignment exception (0x001) at 0x00107c5b
[ 5217.146052] pgd = 5daf7e69
[ 5217.153260] [00107c5b] *pgd=2f75a835, *pte=1ee2b79f, *ppte=1ee2be7f
[ 5217.171316] Unhandled fault: alignment exception (0x001) at 0x00107c5b
[ 5217.182303] pgd = 30c28e99
[ 5217.189353] [00107c5b] *pgd=2f492835, *pte=1ee2b79f, *ppte=1ee2be7f
[ 5217.409686] Unhandled fault: alignment exception (0x801) at 0xe1a01fe6
[ 5217.420729] pgd = 3e0c4db7
[ 5217.427860] [e1a01fe6] *pgd=00000000
[ 5217.529333] Unhandled prefetch abort: unknown 1 (0x001) at 0xf9f1662a
[ 5217.598359] Unhandled prefetch abort: unknown 1 (0x001) at 0x63231076
[ 5218.106361] Unhandled fault: alignment exception (0x801) at 0xffffffd7
[ 5218.117028] pgd = b1e931b7
[ 5218.123745] [ffffffd7] *pgd=3abfa861, *pte=00000000, *ppte=00000000
[ 5218.166350] Unhandled fault: alignment exception (0x801) at 0xffffffd7
[ 5218.177224] pgd = 374d5698
[ 5218.184210] [ffffffd7] *pgd=3abfa861, *pte=00000000, *ppte=00000000
[ 5218.213382] Unhandled fault: alignment exception (0x801) at 0xffffffd7
[ 5218.224321] pgd = 374d5698
[ 5218.231481] [ffffffd7] *pgd=3abfa861, *pte=00000000, *ppte=00000000
[ 5219.432228] Unhandled fault: alignment exception (0x001) at 0xffffffe3
[ 5219.442811] pgd = d0e798df
[ 5219.449736] [ffffffe3] *pgd=3abfa861, *pte=00000000, *ppte=00000000
[ 5220.404465] Unhandled fault: alignment exception (0x801) at 0x4f1800af
[ 5220.415228] pgd = 3e0c4db7
[ 5220.422215] [4f1800af] *pgd=00000000
[ 5221.341066] Unhandled fault: alignment exception (0x001) at 0xfffffc0b
[ 5221.351970] pgd = 5daf7e69
[ 5221.358900] [fffffc0b] *pgd=3abfa861, *pte=00000000, *ppte=00000000
[ 5223.246167] Unhandled prefetch abort: unknown 1 (0x001) at 0x6490d08a
[ 5224.239119] Unhandled fault: alignment exception (0x801) at 0x00000003
[ 5224.250000] pgd = b1e931b7
[ 5224.257038] [00000003] *pgd=373f4835, *pte=00000000, *ppte=00000000
[ 5224.291833] Unhandled fault: alignment exception (0x801) at 0x00000003
[ 5224.302711] pgd = b1e931b7
[ 5224.309525] [00000003] *pgd=0193d835, *pte=00000000, *ppte=00000000
[ 5224.510991] Unhandled fault: alignment exception (0x801) at 0x76c59f23
[ 5224.522074] pgd = 0526cbdb
[ 5224.529194] [76c59f23] *pgd=23df8835, *pte=35877edf, *ppte=00000000
[ 5224.564828] Unhandled fault: alignment exception (0x001) at 0xd0e497cb
[ 5224.575801] pgd = 374d5698
[ 5224.582880] [d0e497cb] *pgd=00000000
[ 5224.600587] Unhandled fault: alignment exception (0x001) at 0x39f2c597
[ 5224.611422] pgd = 5daf7e69
[ 5224.618298] [39f2c597] *pgd=00000000
[ 5224.983946] Unhandled fault: alignment exception (0x001) at 0x000f1d91
[ 5224.994947] pgd = 3e0c4db7
[ 5225.001858] [000f1d91] *pgd=38f3e835, *pte=00000000, *ppte=00000000
[ 5225.025595] Unhandled fault: alignment exception (0x001) at 0x000f1d91
[ 5225.036470] pgd = 3e0c4db7
[ 5225.043574] [000f1d91] *pgd=0ad8f835, *pte=00000000, *ppte=00000000
[ 5225.060892] Unhandled fault: alignment exception (0x001) at 0x000f1d91
[ 5225.071749] pgd = b5023d9c
[ 5225.078566] [000f1d91] *pgd=3447e835, *pte=00000000, *ppte=00000000
[ 5225.712673] Unhandled fault: alignment exception (0x801) at 0xfdad7c73
[ 5225.723657] pgd = b5023d9c
[ 5225.730518] [fdad7c73] *pgd=00000000
[ 5225.789765] Unhandled fault: alignment exception (0x001) at 0x76c59fe9
[ 5225.800596] pgd = d0e798df
[ 5225.807701] [76c59fe9] *pgd=345af835, *pte=30d0dedf, *ppte=00000000
[ 5225.839916] Unhandled fault: alignment exception (0x001) at 0xf28f1d77
[ 5225.850921] pgd = b1e931b7
[ 5225.857961] [f28f1d77] *pgd=00000000
[ 5226.068711] Unhandled fault: alignment exception (0x801) at 0xfffffff3
[ 5226.079655] pgd = 5daf7e69
[ 5226.086616] [fffffff3] *pgd=3abfa861, *pte=00000000, *ppte=00000000
[ 5226.103141] Unhandled fault: alignment exception (0x801) at 0xfffffff3
[ 5226.114287] pgd = 5daf7e69
[ 5226.121491] [fffffff3] *pgd=3abfa861, *pte=00000000, *ppte=00000000
[ 5227.350498] Unhandled fault: alignment exception (0x801) at 0x001098ba
[ 5227.361753] pgd = 5daf7e69
[ 5227.369092] [001098ba] *pgd=0182c835, *pte=18a7e75f, *ppte=18a7ec7f
[ 5227.469361] Unhandled fault: alignment exception (0x801) at 0x7ffff6aa
[ 5227.480242] pgd = b5023d9c
[ 5227.487234] [7ffff6aa] *pgd=00000000
[ 5228.487810] Unhandled fault: alignment exception (0x001) at 0x000001a3
[ 5228.498443] pgd = 5daf7e69
[ 5228.505173] [000001a3] *pgd=38f32835, *pte=00000000, *ppte=00000000
[ 5228.756835] Unhandled fault: alignment exception (0x001) at 0x00a4f909
[ 5228.767680] pgd = b5023d9c
[ 5228.774586] [00a4f909] *pgd=3350f835, *pte=1b6267df, *ppte=1b626e7f
[ 5228.803104] Unhandled fault: alignment exception (0x001) at 0x00a4f909
[ 5228.814125] pgd = b5023d9c
[ 5228.821241] [00a4f909] *pgd=345b5835, *pte=1b6267df, *ppte=1b626e7f
[ 5229.567868] Unhandled fault: alignment exception (0x001) at 0x00107c5c
[ 5229.578741] pgd = 3e0c4db7
[ 5229.585496] [00107c5c] *pgd=3731e835, *pte=1ee2b79f, *ppte=1ee2be7f
[ 5229.602065] Unhandled fault: alignment exception (0x001) at 0x00107c5c
[ 5229.612911] pgd = 374d5698
[ 5229.619759] [00107c5c] *pgd=371b9835, *pte=1ee2b79f, *ppte=1ee2be7f
[ 5229.659718] Unhandled fault: alignment exception (0x001) at 0x00107c5c
[ 5229.670605] pgd = 374d5698
[ 5229.677428] [00107c5c] *pgd=371b9835, *pte=1ee2b79f, *ppte=1ee2be7f
[ 5229.698801] Unhandled fault: alignment exception (0x801) at 0x000001e9
[ 5229.709605] Unhandled fault: alignment exception (0x001) at 0x00107c5c
[ 5229.709705] pgd = 0526cbdb
[ 5229.720195] pgd = 374d5698
[ 5229.720206] [00107c5c] *pgd=371b9835, *pte=1ee2b79f, *ppte=1ee2be7f
[ 5229.726635] [000001e9] *pgd=2f70c835, *pte=00000000, *ppte=00000000
[ 5229.763074] Unhandled fault: alignment exception (0x801) at 0x000001e9
[ 5229.773570] pgd = b1e931b7
[ 5229.780101] [000001e9] *pgd=38f9b835, *pte=00000000, *ppte=00000000
[ 5229.811079] Unhandled fault: alignment exception (0x801) at 0x000001e9
[ 5229.821520] pgd = b5023d9c
[ 5229.828212] [000001e9] *pgd=3350f835, *pte=00000000, *ppte=00000000
[ 5229.888570] Unhandled fault: alignment exception (0x001) at 0x00a4f99e
[ 5229.899022] pgd = b1e931b7
[ 5229.905600] [00a4f99e] *pgd=018c1835, *pte=1b6267df, *ppte=1b626e7f
[ 5231.374476] Unhandled fault: alignment exception (0x801) at 0xffffffe3
[ 5231.384971] pgd = 0526cbdb
[ 5231.391770] [ffffffe3] *pgd=3abfa861, *pte=00000000, *ppte=00000000
[ 5232.573834] Unhandled prefetch abort: unknown 1 (0x001) at 0xf355d76a
[ 5233.314448] Unhandled fault: alignment exception (0x801) at 0x00000003
[ 5233.325197] pgd = b5023d9c
[ 5233.332010] [00000003] *pgd=1e9e6835, *pte=00000000, *ppte=00000000
[ 5234.582565] Unhandled fault: alignment exception (0x801) at 0xffffffe3
[ 5234.593483] pgd = d0e798df
[ 5234.600143] [ffffffe3] *pgd=3abfa861, *pte=00000000, *ppte=00000000
[ 5234.628483] Unhandled fault: alignment exception (0x801) at 0xffffffe3
[ 5234.639368] pgd = d0e798df
[ 5234.646298] [ffffffe3] *pgd=3abfa861, *pte=00000000, *ppte=00000000
[ 5234.762593] Unhandled prefetch abort: unknown 1 (0x001) at 0xfffc389a
[ 5234.796236] Unhandled prefetch abort: unknown 1 (0x001) at 0xfffc389a
[ 5234.818710] Unhandled prefetch abort: unknown 1 (0x001) at 0xfffc389a
[ 5234.899808] Unhandled fault: alignment exception (0x001) at 0xffffffff
[ 5234.910541] pgd = b5023d9c
[ 5234.917556] [ffffffff] *pgd=3abfa861, *pte=00000000, *ppte=00000000
[ 5235.312639] Unhandled fault: alignment exception (0x801) at 0x00000003
[ 5235.323265] pgd = 0526cbdb
[ 5235.330088] [00000003] *pgd=3658c835, *pte=00000000, *ppte=00000000
[ 5235.363532] Unhandled fault: alignment exception (0x801) at 0x00000003
[ 5235.374446] pgd = 5daf7e69
[ 5235.381360] [00000003] *pgd=35eb3835, *pte=00000000, *ppte=00000000
[ 5237.512018] Unhandled prefetch abort: unknown 1 (0x001) at 0x4e519f52
[ 5237.766185] Unhandled fault: alignment exception (0x001) at 0x00107c5d
[ 5237.776984] pgd = b5023d9c
[ 5237.783662] [00107c5d] *pgd=347ab835, *pte=1ee2b79f, *ppte=1ee2be7f
[ 5238.468802] Unhandled fault: alignment exception (0x001) at 0x00000003
[ 5238.479522] pgd = 374d5698
[ 5238.486107] [00000003] *pgd=347f2835, *pte=00000000, *ppte=00000000
[ 5238.693951] Unhandled fault: alignment exception (0x001) at 0xffffffff
[ 5238.704805] pgd = 374d5698
[ 5238.711521] [ffffffff] *pgd=3abfa861, *pte=00000000, *ppte=00000000
[ 5238.721732] Unhandled fault: alignment exception (0x001) at 0xffffffff
[ 5238.732288] pgd = b1e931b7
[ 5238.739122] [ffffffff] *pgd=3abfa861, *pte=00000000, *ppte=00000000
[ 5239.461380] Unhandled fault: alignment exception (0x001) at 0xffffffff
[ 5239.472110] pgd = d0e798df
[ 5239.478790] [ffffffff] *pgd=3abfa861, *pte=00000000, *ppte=00000000
[ 5240.921301] Unhandled prefetch abort: breakpoint debug exception (0x002) at 0x76c5a000
[ 5241.100167] Unhandled fault: alignment exception (0x801) at 0xffffffdf
[ 5241.111536] pgd = 374d5698
[ 5241.118716] [ffffffdf] *pgd=3abfa861, *pte=00000000, *ppte=00000000
[ 5241.389443] Unhandled fault: alignment exception (0x801) at 0x00107722
[ 5241.400841] pgd = b5023d9c
[ 5241.408229] [00107722] *pgd=2f57c835, *pte=331ec75f, *ppte=331ecc7f
[ 5241.809157] Unhandled prefetch abort: unknown 1 (0x001) at 0x0000000a
[ 5241.828337] Unhandled prefetch abort: unknown 1 (0x001) at 0x0000000a
[ 5242.354728] Unhandled prefetch abort: unknown 1 (0x001) at 0x74e735d2
[ 5243.087600] Unhandled prefetch abort: breakpoint debug exception (0x002) at 0x76c5a004
[ 5243.116186] Unhandled prefetch abort: breakpoint debug exception (0x002) at 0x76c5a000
[ 5243.407692] Unhandled fault: alignment exception (0x801) at 0x00a4ea0a
[ 5243.418931] pgd = b1e931b7
[ 5243.426260] [00a4ea0a] *pgd=1e979835, *pte=00000000, *ppte=00000000
[ 5243.448156] Unhandled fault: alignment exception (0x801) at 0x00a4ea0a
[ 5243.459433] pgd = b1e931b7
[ 5243.466648] [00a4ea0a] *pgd=335bb835, *pte=00000000, *ppte=00000000
[ 5244.647151] Unhandled fault: alignment exception (0x001) at 0x00000003
[ 5244.658608] pgd = 374d5698
[ 5244.665963] [00000003] *pgd=2f74f835, *pte=00000000, *ppte=00000000
[ 5244.694955] Unhandled fault: alignment exception (0x001) at 0x00000003
[ 5244.706043] pgd = 3e0c4db7
[ 5244.713363] [00000003] *pgd=3957a835, *pte=00000000, *ppte=00000000
[ 5245.182496] Unhandled fault: alignment exception (0x001) at 0x000d90fe
[ 5245.193875] pgd = 5daf7e69
[ 5245.200983] [000d90fe] *pgd=3968a835, *pte=0bf6d59f, *ppte=0bf6de7e
[ 5245.220171] Unhandled fault: alignment exception (0x001) at 0x000d90fe
[ 5245.231361] pgd = 3e0c4db7
[ 5245.238437] [000d90fe] *pgd=0189c835, *pte=0bf6d59f, *ppte=0bf6de7e
[ 5245.277522] Unhandled fault: alignment exception (0x001) at 0x000d90fe
[ 5245.288567] pgd = 5daf7e69
[ 5245.295901] [000d90fe] *pgd=2f552835, *pte=0bf6d59f, *ppte=0bf6de7e
[ 5246.533047] Unhandled fault: alignment exception (0x001) at 0xfffffc13
[ 5246.544517] pgd = b5023d9c
[ 5246.551960] [fffffc13] *pgd=3abfa861, *pte=00000000, *ppte=00000000
[ 5246.580259] Unhandled fault: alignment exception (0x001) at 0xfffffc13
[ 5246.591184] pgd = d0e798df
[ 5246.598377] [fffffc13] *pgd=3abfa861, *pte=00000000, *ppte=00000000
[ 5246.624701] Unhandled fault: alignment exception (0x001) at 0xfffffc13
[ 5246.635580] pgd = 3e0c4db7
[ 5246.642442] [fffffc13] *pgd=3abfa861, *pte=00000000, *ppte=00000000
[ 5246.670366] Unhandled fault: alignment exception (0x001) at 0xfffffc13
[ 5246.681570] pgd = d0e798df
[ 5246.688747] [fffffc13] *pgd=3abfa861, *pte=00000000, *ppte=00000000
[ 5246.705420] Unhandled fault: alignment exception (0x001) at 0xfffffc13
[ 5246.716649] pgd = 5daf7e69
[ 5246.723837] [fffffc13] *pgd=3abfa861, *pte=00000000, *ppte=00000000
[ 5247.511893] Unhandled fault: alignment exception (0x001) at 0xffffffe3
[ 5247.523085] pgd = 0526cbdb
[ 5247.530181] [ffffffe3] *pgd=3abfa861, *pte=00000000, *ppte=00000000
[ 5247.540506] Unhandled fault: alignment exception (0x001) at 0xffffffeb
[ 5247.551299] pgd = b5023d9c
[ 5247.557995] [ffffffeb] *pgd=3abfa861, *pte=00000000, *ppte=00000000
[ 5247.568481] Unhandled fault: alignment exception (0x001) at 0xffffffe3
[ 5247.579383] pgd = 3e0c4db7
[ 5247.586248] [ffffffe3] *pgd=3abfa861, *pte=00000000, *ppte=00000000
[ 5247.603325] Unhandled fault: alignment exception (0x001) at 0xffffffe3
[ 5247.614655] pgd = 3e0c4db7
[ 5247.622057] [ffffffe3] *pgd=3abfa861, *pte=00000000, *ppte=00000000
[ 5247.644647] Unhandled fault: alignment exception (0x001) at 0xffffffe3
[ 5247.656178] pgd = d0e798df
[ 5247.663586] [ffffffe3] *pgd=3abfa861, *pte=00000000, *ppte=00000000
[ 5247.680842] Unhandled fault: alignment exception (0x001) at 0xffffffe3
[ 5247.692119] pgd = b5023d9c
[ 5247.699472] [ffffffe3] *pgd=3abfa861, *pte=00000000, *ppte=00000000
[ 5247.720594] Unhandled fault: alignment exception (0x001) at 0xffffffe3
[ 5247.731931] pgd = b5023d9c
[ 5247.739336] [ffffffe3] *pgd=3abfa861, *pte=00000000, *ppte=00000000
[ 5247.768466] Unhandled fault: alignment exception (0x001) at 0xffffffe3
[ 5247.779562] pgd = 3e0c4db7
[ 5247.786603] [ffffffe3] *pgd=3abfa861, *pte=00000000, *ppte=00000000
[ 5247.815491] Unhandled fault: alignment exception (0x001) at 0xffffffe3
[ 5247.827063] pgd = 3e0c4db7
[ 5247.834503] [ffffffe3] *pgd=3abfa861, *pte=00000000, *ppte=00000000
[ 5247.858527] Unhandled fault: alignment exception (0x001) at 0xffffffe3
[ 5247.869627] pgd = 3e0c4db7
[ 5247.876789] [ffffffe3] *pgd=3abfa861, *pte=00000000, *ppte=00000000
[ 5248.067390] Unhandled prefetch abort: unknown 1 (0x001) at 0x0000000a
[ 5248.529952] Unhandled prefetch abort: breakpoint debug exception (0x002) at 0x76c5a004
[ 5248.565249] Unhandled prefetch abort: breakpoint debug exception (0x002) at 0x76c5a000
[ 5249.026290] Unhandled fault: alignment exception (0x801) at 0x00000003
[ 5249.037630] pgd = b5023d9c
[ 5249.045001] [00000003] *pgd=23dfe835, *pte=00000000, *ppte=00000000
[ 5249.616438] Unhandled fault: alignment exception (0x001) at 0xffffffdf
[ 5249.627997] pgd = 3e0c4db7
[ 5249.635908] [ffffffdf] *pgd=3abfa861, *pte=00000000, *ppte=00000000
[ 5251.073258] Unhandled fault: alignment exception (0x801) at 0xffffffe3
[ 5251.084794] pgd = d0e798df
[ 5251.092386] [ffffffe3] *pgd=3abfa861, *pte=00000000, *ppte=00000000
[ 5251.345093] Unhandled prefetch abort: unknown 1 (0x001) at 0xe6b56b3e
[ 5251.369583] Unhandled prefetch abort: unknown 1 (0x001) at 0xe6b56b3e
[ 5251.389384] Unhandled prefetch abort: unknown 1 (0x001) at 0xe6b56b3e
[ 5251.421354] Unhandled prefetch abort: unknown 1 (0x001) at 0xe6b56b3e
[ 5251.664013] Unhandled prefetch abort: unknown 1 (0x001) at 0x0000000a
[ 5251.683793] Unhandled prefetch abort: unknown 1 (0x001) at 0x0000000a
[ 5253.437252] Unhandled fault: alignment exception (0x001) at 0x00a4f941
[ 5253.447798] pgd = d0e798df
[ 5253.454433] [00a4f941] *pgd=34778835, *pte=1b6267df, *ppte=1b626e7f
[ 5254.324273] Unhandled fault: alignment exception (0x801) at 0x00000003
[ 5254.335261] pgd = 3e0c4db7
[ 5254.342229] [00000003] *pgd=35ef8835, *pte=00000000, *ppte=00000000
[ 5255.607402] Unhandled fault: alignment exception (0x801) at 0xffffffdb
[ 5255.618180] pgd = 5daf7e69
[ 5255.624571] [ffffffdb] *pgd=3abfa861, *pte=00000000, *ppte=00000000
[ 5256.613600] Unhandled fault: alignment exception (0x801) at 0xffffffff
[ 5256.623919] pgd = b1e931b7
[ 5256.630323] [ffffffff] *pgd=3abfa861, *pte=00000000, *ppte=00000000
[ 5256.672506] Unhandled fault: alignment exception (0x801) at 0xffffffff
[ 5256.682796] pgd = 0526cbdb
[ 5256.689232] [ffffffff] *pgd=3abfa861, *pte=00000000, *ppte=00000000
[ 5257.106235] Unhandled fault: alignment exception (0x801) at 0x00107bfd
[ 5257.116534] pgd = 3e0c4db7
[ 5257.123086] [00107bfd] *pgd=334e3835, *pte=1ee2b79f, *ppte=1ee2be7f
[ 5258.209886] Unhandled fault: alignment exception (0x001) at 0x00000003
[ 5258.220409] pgd = 0526cbdb
[ 5258.226930] [00000003] *pgd=23e2c835, *pte=00000000, *ppte=00000000
