[    0.000000] Booting Linux on physical CPU 0x0000000000 [0x410fd034]
[    0.000000] Linux version 4.19.118-v8+ (dom@buildbot) (gcc version 5.4.0 20160609 (Ubuntu/Linaro 5.4.0-6ubuntu1~16.04.9)) #1311 SMP PREEMPT Mon Apr 27 14:32:38 BST 2020
[    0.000000] Machine model: Raspberry Pi 3 Model B Plus Rev 1.3
[    0.000000] efi: Getting EFI parameters from FDT:
[    0.000000] efi: UEFI not found.
[    0.000000] cma: Reserved 8 MiB at 0x000000003ac00000
[    0.000000] random: get_random_bytes called from start_kernel+0xb8/0x47c with crng_init=0
[    0.000000] percpu: Embedded 24 pages/cpu s58840 r8192 d31272 u98304
[    0.000000] Detected VIPT I-cache on CPU0
[    0.000000] CPU features: enabling workaround for ARM erratum 843419
[    0.000000] CPU features: enabling workaround for ARM erratum 845719
[    0.000000] Built 1 zonelists, mobility grouping on.  Total pages: 238896
[    0.000000] Kernel command line: coherent_pool=1M 8250.nr_uarts=1 snd_bcm2835.enable_compat_alsa=0 snd_bcm2835.enable_hdmi=1 snd_bcm2835.enable_headphones=1 bcm2708_fb.fbwidth
=656 bcm2708_fb.fbheight=416 bcm2708_fb.fbswap=1 vc_mem.mem_base=0x3ec00000 vc_mem.mem_size=0x40000000  dwc_otg.lpm_enable=0 console=ttyAMA0,115200 console=tty1 root=PARTUUID=4c9
99877-02 rootfstype=ext4 elevator=deadline fsck.repair=yes rootwait
[    0.000000] Dentry cache hash table entries: 131072 (order: 8, 1048576 bytes)
[    0.000000] Inode-cache hash table entries: 65536 (order: 7, 524288 bytes)
[    0.000000] Memory: 929092K/970752K available (8700K kernel code, 1074K rwdata, 2760K rodata, 1024K init, 1126K bss, 33468K reserved, 8192K cma-reserved)
[    0.000000] SLUB: HWalign=64, Order=0-3, MinObjects=0, CPUs=4, Nodes=1
[    0.000000] ftrace: allocating 30496 entries in 120 pages
[    0.000000] rcu: Preemptible hierarchical RCU implementation.
[    0.000000] rcu:     RCU restricting CPUs from NR_CPUS=64 to nr_cpu_ids=4.
[    0.000000]  Tasks RCU enabled.
[    0.000000] rcu: Adjusting geometry for rcu_fanout_leaf=16, nr_cpu_ids=4
[    0.000000] NR_IRQS: 64, nr_irqs: 64, preallocated irqs: 0
[    0.000000] arch_timer: cp15 timer(s) running at 19.20MHz (phys).
[    0.000000] clocksource: arch_sys_counter: mask: 0xffffffffffffff max_cycles: 0x46d987e47, max_idle_ns: 440795202767 ns
[    0.000007] sched_clock: 56 bits at 19MHz, resolution 52ns, wraps every 4398046511078ns
[    0.000270] Console: colour dummy device 80x25
[    0.000937] console [tty1] enabled
[    0.001007] Calibrating delay loop (skipped), value calculated using timer frequency.. 38.40 BogoMIPS (lpj=76800)
[    0.001059] pid_max: default: 32768 minimum: 301
[    0.001485] Mount-cache hash table entries: 2048 (order: 2, 16384 bytes)
[    0.001540] Mountpoint-cache hash table entries: 2048 (order: 2, 16384 bytes)
[    0.024101] ASID allocator initialised with 32768 entries
[    0.032098] rcu: Hierarchical SRCU implementation.
[    0.040733] EFI services will not be available.
[    0.048176] smp: Bringing up secondary CPUs ...
[    0.080443] Detected VIPT I-cache on CPU1
[    0.080513] CPU1: Booted secondary processor 0x0000000001 [0x410fd034]
[    0.112565] Detected VIPT I-cache on CPU2
[    0.112613] CPU2: Booted secondary processor 0x0000000002 [0x410fd034]
[    0.144729] Detected VIPT I-cache on CPU3
[    0.144774] CPU3: Booted secondary processor 0x0000000003 [0x410fd034]
[    0.144959] smp: Brought up 1 node, 4 CPUs
[    0.145113] SMP: Total of 4 processors activated.
[    0.145147] CPU features: detected: 32-bit EL0 Support
[    0.146119] CPU: All CPU(s) started at EL2
[    0.146192] alternatives: patching kernel code
[    0.147816] devtmpfs: initialized
[    0.164106] Enabled cp15_barrier support
[    0.164173] Enabled setend support
[    0.164752] clocksource: jiffies: mask: 0xffffffff max_cycles: 0xffffffff, max_idle_ns: 7645041785100000 ns
[    0.164813] futex hash table entries: 1024 (order: 4, 65536 bytes)
[    0.165527] pinctrl core: initialized pinctrl subsystem
[    0.166417] DMI not present or invalid.
[    0.166984] NET: Registered protocol family 16
[    0.173439] cpuidle: using governor menu
[    0.174064] hw-breakpoint: found 6 breakpoint and 4 watchpoint registers.
[    0.178679] DMA: preallocated 1024 KiB pool for atomic allocations
[    0.178860] Serial: AMBA PL011 UART driver
[    0.183465] bcm2835-mbox 3f00b880.mailbox: mailbox enabled
[    0.192924] raspberrypi-firmware soc:firmware: Attached to firmware from 2020-04-15 11:43, variant start
[    0.196943] raspberrypi-firmware soc:firmware: Firmware hash is 82f9bb929ce2186eb1824178c1ae82902ad6275c
[    0.239124] bcm2835-dma 3f007000.dma: DMA legacy API manager at (____ptrval____), dmachans=0x1
[    0.242659] vgaarb: loaded
[    0.243165] SCSI subsystem initialized
[    0.243464] usbcore: registered new interface driver usbfs
[    0.243559] usbcore: registered new interface driver hub
[    0.243739] usbcore: registered new device driver usb
[    0.243897] pps_core: LinuxPPS API ver. 1 registered
[    0.243930] pps_core: Software ver. 5.3.6 - Copyright 2005-2007 Rodolfo Giometti <giometti@linux.it>
[    0.243989] PTP clock support registered
[    0.245864] clocksource: Switched to clocksource arch_sys_counter
[    0.370981] VFS: Disk quotas dquot_6.6.0
[    0.371122] VFS: Dquot-cache hash table entries: 512 (order 0, 4096 bytes)
[    0.371402] FS-Cache: Loaded
[    0.371663] CacheFiles: Loaded
[    0.383675] NET: Registered protocol family 2
[    0.384642] tcp_listen_portaddr_hash hash table entries: 512 (order: 1, 8192 bytes)
[    0.384716] TCP established hash table entries: 8192 (order: 4, 65536 bytes)
[    0.384860] TCP bind hash table entries: 8192 (order: 5, 131072 bytes)
[    0.385079] TCP: Hash tables configured (established 8192 bind 8192)
[    0.385358] UDP hash table entries: 512 (order: 2, 16384 bytes)
[    0.385436] UDP-Lite hash table entries: 512 (order: 2, 16384 bytes)
[    0.385782] NET: Registered protocol family 1
[    0.386845] RPC: Registered named UNIX socket transport module.
[    0.386882] RPC: Registered udp transport module.
[    0.386912] RPC: Registered tcp transport module.
[    0.386942] RPC: Registered tcp NFSv4.1 backchannel transport module.
[    0.389531] hw perfevents: enabled with armv8_cortex_a53 PMU driver, 7 counters available
[    0.389733] kvm [1]: 8-bit VMID
[    0.390644] kvm [1]: Hyp mode initialized successfully
[    0.395573] Initialise system trusted keyrings
[    0.395957] workingset: timestamp_bits=46 max_order=18 bucket_order=0
[    0.408320] FS-Cache: Netfs 'nfs' registered for caching
[    0.409390] NFS: Registering the id_resolver key type
[    0.409450] Key type id_resolver registered
[    0.409481] Key type id_legacy registered
[    0.409522] nfs4filelayout_init: NFSv4 File Layout Driver Registering...
[    0.417290] Key type asymmetric registered
[    0.417339] Asymmetric key parser 'x509' registered
[    0.417438] Block layer SCSI generic (bsg) driver version 0.4 loaded (major 248)
[    0.417730] io scheduler noop registered
[    0.417764] io scheduler deadline registered (default)
[    0.418084] io scheduler cfq registered
[    0.418118] io scheduler mq-deadline registered (default)
[    0.418151] io scheduler kyber registered
[    0.421552] bcm2708_fb soc:fb: FB found 1 display(s)
[    0.432426] Console: switching to colour frame buffer device 82x26
[    0.437331] bcm2708_fb soc:fb: Registered framebuffer for display 0, size 656x416
[    0.444670] Serial: 8250/16550 driver, 1 ports, IRQ sharing enabled
[    0.449160] bcm2835-rng 3f104000.rng: hwrng registered
[    0.452136] vc-mem: phys_addr:0x00000000 mem_base=0x3ec00000 mem_size:0x40000000(1024 MiB)
[    0.457938] gpiomem-bcm2835 3f200000.gpiomem: Initialised: Registers at 0x3f200000
[    0.463458] cacheinfo: Unable to detect cache hierarchy for CPU 0
[    0.481792] brd: module loaded
[    0.499858] loop: module loaded
[    0.503582] Loading iSCSI transport class v2.0-870.
[    0.508827] libphy: Fixed MDIO Bus: probed
[    0.511786] usbcore: registered new interface driver r8152
[    0.514440] usbcore: registered new interface driver lan78xx
[    0.517034] usbcore: registered new interface driver smsc95xx
[    0.519916] dwc_otg: version 3.00a 10-AUG-2012 (platform bus)
[    0.550463] dwc_otg 3f980000.usb: base=(____ptrval____)
[    0.766077] Core Release: 2.80a
[    0.768565] Setting default values for core params
[    0.771112] Finished setting default values for core params
[    0.987222] Using Buffer DMA mode
[    0.989601] Periodic Transfer Interrupt Enhancement - disabled
[    0.992045] Multiprocessor Interrupt Enhancement - disabled
[    0.994480] OTG VER PARAM: 0, OTG VER FLAG: 0
[    0.996816] Dedicated Tx FIFOs mode
[    1.000019] WARN::dwc_otg_hcd_init:1074: FIQ DMA bounce buffers: virt = ffffff80090c1000 dma = 0x00000000fad14000 len=9024
[    1.004564] FIQ FSM acceleration enabled for :
[    1.004564] Non-periodic Split Transactions
[    1.004564] Periodic Split Transactions
[    1.004564] High-Speed Isochronous Endpoints
[    1.004564] Interrupt/Control Split Transaction hack enabled
[    1.015370] WARN::hcd_init_fiq:497: MPHI regs_base at ffffff800805d000
[    1.017652] dwc_otg 3f980000.usb: DWC OTG Controller
[    1.019995] dwc_otg 3f980000.usb: new USB bus registered, assigned bus number 1
[    1.022479] dwc_otg 3f980000.usb: irq 9, io mem 0x00000000
[    1.024882] Init: Port Power? op_state=1
[    1.027235] Init: Power Port (0)
[    1.029936] usb usb1: New USB device found, idVendor=1d6b, idProduct=0002, bcdDevice= 4.19
[    1.034681] usb usb1: New USB device strings: Mfr=3, Product=2, SerialNumber=1
[    1.037215] usb usb1: Product: DWC OTG Controller
[    1.039721] usb usb1: Manufacturer: Linux 4.19.118-v8+ dwc_otg_hcd
[    1.042252] usb usb1: SerialNumber: 3f980000.usb
[    1.045528] hub 1-0:1.0: USB hub found
[    1.048073] hub 1-0:1.0: 1 port detected
[    1.051677] usbcore: registered new interface driver uas
[    1.054140] usbcore: registered new interface driver usb-storage
[    1.056673] mousedev: PS/2 mouse device common for all mice
[    1.060521] bcm2835-wdt bcm2835-wdt: Broadcom BCM2835 watchdog timer
[    1.064474] cpufreq: cpufreq_online: CPU0: Running at unlisted freq: 600000 KHz
[    1.069239] cpufreq: cpufreq_online: CPU0: Unlisted initial frequency changed to: 700000 KHz
[    1.072528] sdhci: Secure Digital Host Controller Interface driver
[    1.073597] sdhci: Copyright(c) Pierre Ossman
[    1.074979] sdhost-bcm2835 3f202000.mmc: could not get clk, deferring probe
[    1.076181] sdhci-pltfm: SDHCI platform and OF driver helper
[    1.078639] ledtrig-cpu: registered to indicate activity on CPUs
[    1.079863] hidraw: raw HID events driver (C) Jiri Kosina
[    1.081084] usbcore: registered new interface driver usbhid
[    1.082190] usbhid: USB HID core driver
[    1.083898] vchiq: vchiq_init_state: slot_zero = (____ptrval____), is_master = 0
[    1.088193] Initializing XFRM netlink socket
[    1.089306] NET: Registered protocol family 17
[    1.090488] Key type dns_resolver registered
[    1.092248] registered taskstats version 1
[    1.093334] Loading compiled-in X.509 certificates
[    1.100073] uart-pl011 3f201000.serial: cts_event_workaround enabled
[    1.101299] 3f201000.serial: ttyAMA0 at MMIO 0x3f201000 (irq = 66, base_baud = 0) is a PL011 rev2
[    2.101831] console [ttyAMA0] enabled
[    2.107576] bcm2835-power bcm2835-power: Broadcom BCM2835 power domains driver
[    2.116894] sdhost: log_buf @ (____ptrval____) (fad13000)
[    2.172536] mmc0: sdhost-bcm2835 loaded - DMA enabled (>1)
[    2.180940] of_cfs_init
[    2.184617] of_cfs_init: OK
[    2.188911] Waiting for root device PARTUUID=4c999877-02...
[    2.217953] Indeed it is in host mode hprt0 = 00021501
[    2.267737] mmc0: host does not support reading read-only switch, assuming write-enable
[    2.295243] mmc0: new high speed SDHC card at address aaaa
[    2.303960] mmcblk0: mmc0:aaaa SC16G 14.8 GiB
[    2.318054]  mmcblk0: p1 p2
[    2.323486] random: fast init done
[    2.344139] EXT4-fs (mmcblk0p2): mounted filesystem with ordered data mode. Opts: (null)
[    2.354470] VFS: Mounted root (ext4 filesystem) readonly on device 179:2.
[    2.372589] devtmpfs: mounted
[    2.379740] Freeing unused kernel memory: 1024K
[    2.385488] Run /sbin/init as init process
[    2.433891] usb 1-1: new high-speed USB device number 2 using dwc_otg
[    2.441654] Indeed it is in host mode hprt0 = 00001101
[    2.658149] usb 1-1: New USB device found, idVendor=0424, idProduct=2514, bcdDevice= b.b3
[    2.668611] usb 1-1: New USB device strings: Mfr=0, Product=0, SerialNumber=0
[    2.677406] hub 1-1:1.0: USB hub found
[    2.682487] hub 1-1:1.0: 4 ports detected
[    2.973887] usb 1-1.1: new high-speed USB device number 3 using dwc_otg
[    3.017505] systemd[1]: System time before build time, advancing clock.
[    3.082159] usb 1-1.1: New USB device found, idVendor=0424, idProduct=2514, bcdDevice= b.b3
[    3.092932] usb 1-1.1: New USB device strings: Mfr=0, Product=0, SerialNumber=0
[    3.101975] hub 1-1.1:1.0: USB hub found
[    3.107242] hub 1-1.1:1.0: 3 ports detected
[    3.182372] NET: Registered protocol family 10
[    3.188895] Segment Routing with IPv6
[    3.238553] systemd[1]: systemd 241 running in system mode. (+PAM +AUDIT +SELINUX +IMA +APPARMOR +SMACK +SYSVINIT +UTMP +LIBCRYPTSETUP +GCRYPT +GNUTLS +ACL +XZ +LZ4 +SECCOMP +
BLKID +ELFUTILS +KMOD -IDN2 +IDN -PCRE2 default-hierarchy=hybrid)
[    3.264228] systemd[1]: Detected architecture arm64.
[    3.281485] systemd[1]: Set hostname to <raspberrypi>.
[    3.399750] uart-pl011 3f201000.serial: no DMA platform data
[    3.635007] random: crng init done
[    3.705892] usb 1-1.1.1: new high-speed USB device number 4 using dwc_otg
[    3.814316] usb 1-1.1.1: New USB device found, idVendor=0424, idProduct=7800, bcdDevice= 3.00
[    3.825289] usb 1-1.1.1: New USB device strings: Mfr=0, Product=0, SerialNumber=0
[    3.899621] systemd[1]: Created slice system-getty.slice.
[    3.929823] systemd[1]: Condition check resulted in Journal Audit Socket being skipped.
[    3.940989] systemd[1]: Listening on Syslog Socket.
[    3.949628] systemd[1]: Set up automount Arbitrary Executable File Formats File System Automount Point.
[    3.963778] systemd[1]: Listening on udev Kernel Socket.
[    3.972804] systemd[1]: Started Dispatch Password Requests to Console Directory Watch.
[    3.986057] systemd[1]: Listening on initctl Compatibility Named Pipe.
[    4.082835] WARNING: CPU: 1 PID: 112 at fs/dcache.c:397 d_lru_add+0xc4/0xd8
[    4.091032] Modules linked in: ip_tables x_tables ipv6
[    4.091049] CPU: 1 PID: 112 Comm: fake-hwclock Not tainted 4.19.118-v8+ #1311
[    4.091052] Hardware name: Raspberry Pi 3 Model B Plus Rev 1.3 (DT)
[    4.091057] pstate: 40000005 (nZcv daif -PAN -UAO)
[    4.091066] pc : d_lru_add+0xc4/0xd8
[    4.091070] lr : d_lru_add+0x80/0xd8
[    4.091076] sp : ffffff800996bc80
[    4.132366] x29: ffffff800996bc80 x28: ffffffc036d7ba00 
[    4.132371] x27: 0000000000000000 x26: ffffff8008cc8000 
[    4.132375] x25: 00000000000007ff x24: 0000000000000001 
[    4.151057] x23: 0000000000080060 x22: 0000000000080040 
[    4.151062] x21: ffffff8008ad1b18 x20: ffffffc038b47298 
[    4.151066] x19: ffffffc038b47240 x18: 0000000000000000 
[    4.169621] x17: 0000000000000000 x16: 0000000000000000 
[    4.169625] x15: 0000000000000000 x14: 0000000000000000 
[    4.169630] x13: ffffffffffffff00 x12: ffffffffffffffff 
[    4.169634] x11: 0000000000000008 x10: fefefefefefefeff 
[    4.169639] x9 : ffffff8008cc8688 x8 : 0000000000000000 
[    4.169643] x7 : ffffff8008cc8688 x6 : 0000000000000003 
[    4.169647] x5 : 0000000000000000 x4 : ffffff80082b198c 
[    4.169651] x3 : 000000000000004d x2 : 0000000000000001 
[    4.169655] x1 : 0000000000000001 x0 : 0000000000000000 
[    4.169660] Call trace:
[    4.169665]  d_lru_add+0xc4/0xd8
[    4.169669]  dput+0x18c/0x1a0
[    4.169673]  path_put+0x20/0x38
[    4.169678]  vfs_statx+0xb8/0x108
[    4.169682]  __se_sys_stat64+0x4c/0x88
[    4.169688]  __arm64_sys_stat64+0x20/0x30
[    4.253763]  el0_svc_common+0xf4/0x1c0
[    4.253768]  el0_svc_compat_handler+0x30/0x40
[    4.253772]  el0_svc_compat+0x8/0x18
[    4.253776] ---[ end trace 0a7a3bcb5e7bea06 ]---
[    4.274181] lan78xx 1-1.1.1:1.0 (unnamed net_device) (uninitialized): No External EEPROM. Setting MAC Speed
[    4.286338] libphy: lan78xx-mdiobus: probed
[    4.316259] lan78xx 1-1.1.1:1.0 (unnamed net_device) (uninitialized): int urb period 64

Raspbian GNU/Linux 10 raspberrypi ttyAMA0

raspberrypi login: pi
Password: 
Last login: Thu Jul  2 13:29:04 CEST 2020 on ttyAMA0
Linux raspberrypi 4.19.118-v8+ #1311 SMP PREEMPT Mon Apr 27 14:32:38 BST 2020 aarch64

The programs included with the Debian GNU/Linux system are free software;
the exact distribution terms for each program are described in the
individual files in /usr/share/doc/*/copyright.

Debian GNU/Linux comes with ABSOLUTELY NO WARRANTY, to the extent
permitted by applicable law.

SSH is enabled and the default password for the 'pi' user has not been changed.
This is a security risk - please login as the 'pi' user and type 'passwd' to set a new password.

pi@raspberrypi:~$  
