[    0.000000] Booting Linux on physical CPU 0x0000000000 [0x410fd034]
[    0.000000] Linux version 4.19.118-v8+ (dom@buildbot) (gcc version 5.4.0 20160609 (Ubuntu/Linaro 5.4.0-6ubuntu1~16.04.9)) #1311 SMP PREEMPT Mon Apr 27 14:32:38 BST 2020
[    0.000000] Machine model: Raspberry Pi 3 Model B Plus Rev 1.3
[    0.000000] efi: Getting EFI parameters from FDT:
[    0.000000] efi: UEFI not found.
[    0.000000] cma: Reserved 8 MiB at 0x000000003ac00000
[    0.000000] random: get_random_bytes called from start_kernel+0xb8/0x47c with crng_init=0
[    0.000000] percpu: Embedded 24 pages/cpu s58840 r8192 d31272 u98304
[    0.000000] Detected VIPT I-cache on CPU0
[    0.000000] CPU features: enabling workaround for ARM erratum 843419
[    0.000000] CPU features: enabling workaround for ARM erratum 845719
[    0.000000] Built 1 zonelists, mobility grouping on.  Total pages: 238896
[    0.000000] Kernel command line: coherent_pool=1M 8250.nr_uarts=1 snd_bcm2835.enable_compat_alsa=0 snd_bcm2835.enable_hdmi=1 snd_bcm2835.enable_headphones=1 bcm2708_fb.fbwidth=
656 bcm2708_fb.fbheight=416 bcm2708_fb.fbswap=1 vc_mem.mem_base=0x3ec00000 vc_mem.mem_size=0x40000000  dwc_otg.lpm_enable=0 console=ttyAMA0,115200 console=tty1 root=PARTUUID=4c999
877-02 rootfstype=ext4 elevator=deadline fsck.repair=yes rootwait
[    0.000000] Dentry cache hash table entries: 131072 (order: 8, 1048576 bytes)
[    0.000000] Inode-cache hash table entries: 65536 (order: 7, 524288 bytes)
[    0.000000] Memory: 929092K/970752K available (8700K kernel code, 1074K rwdata, 2760K rodata, 1024K init, 1126K bss, 33468K reserved, 8192K cma-reserved)
[    0.000000] SLUB: HWalign=64, Order=0-3, MinObjects=0, CPUs=4, Nodes=1
[    0.000000] ftrace: allocating 30496 entries in 120 pages
[    0.000000] rcu: Preemptible hierarchical RCU implementation.
[    0.000000] rcu:     RCU restricting CPUs from NR_CPUS=64 to nr_cpu_ids=4.
[    0.000000]  Tasks RCU enabled.
[    0.000000] rcu: Adjusting geometry for rcu_fanout_leaf=16, nr_cpu_ids=4
[    0.000000] NR_IRQS: 64, nr_irqs: 64, preallocated irqs: 0
[    0.000000] arch_timer: cp15 timer(s) running at 19.20MHz (phys).
[    0.000000] clocksource: arch_sys_counter: mask: 0xffffffffffffff max_cycles: 0x46d987e47, max_idle_ns: 440795202767 ns
[    0.000007] sched_clock: 56 bits at 19MHz, resolution 52ns, wraps every 4398046511078ns
[    0.000269] Console: colour dummy device 80x25
[    0.000935] console [tty1] enabled
[    0.001005] Calibrating delay loop (skipped), value calculated using timer frequency.. 38.40 BogoMIPS (lpj=76800)
[    0.001058] pid_max: default: 32768 minimum: 301
[    0.001492] Mount-cache hash table entries: 2048 (order: 2, 16384 bytes)
[    0.001547] Mountpoint-cache hash table entries: 2048 (order: 2, 16384 bytes)
[    0.024101] ASID allocator initialised with 32768 entries
[    0.032099] rcu: Hierarchical SRCU implementation.
[    0.040733] EFI services will not be available.
[    0.048177] smp: Bringing up secondary CPUs ...
[    0.080443] Detected VIPT I-cache on CPU1
[    0.080512] CPU1: Booted secondary processor 0x0000000001 [0x410fd034]
[    0.112566] Detected VIPT I-cache on CPU2
[    0.112615] CPU2: Booted secondary processor 0x0000000002 [0x410fd034]
[    0.144730] Detected VIPT I-cache on CPU3
[    0.144776] CPU3: Booted secondary processor 0x0000000003 [0x410fd034]
[    0.144961] smp: Brought up 1 node, 4 CPUs
[    0.145114] SMP: Total of 4 processors activated.
[    0.145149] CPU features: detected: 32-bit EL0 Support
[    0.146121] CPU: All CPU(s) started at EL2
[    0.146195] alternatives: patching kernel code
[    0.147815] devtmpfs: initialized
[    0.164113] Enabled cp15_barrier support
[    0.164179] Enabled setend support
[    0.164755] clocksource: jiffies: mask: 0xffffffff max_cycles: 0xffffffff, max_idle_ns: 7645041785100000 ns
[    0.164817] futex hash table entries: 1024 (order: 4, 65536 bytes)
[    0.165533] pinctrl core: initialized pinctrl subsystem
[    0.166419] DMI not present or invalid.
[    0.166987] NET: Registered protocol family 16
[    0.173441] cpuidle: using governor menu
[    0.174070] hw-breakpoint: found 6 breakpoint and 4 watchpoint registers.
[    0.178692] DMA: preallocated 1024 KiB pool for atomic allocations
[    0.178872] Serial: AMBA PL011 UART driver
[    0.183478] bcm2835-mbox 3f00b880.mailbox: mailbox enabled
[    0.192931] raspberrypi-firmware soc:firmware: Attached to firmware from 2020-04-15 11:43, variant start
[    0.196949] raspberrypi-firmware soc:firmware: Firmware hash is 82f9bb929ce2186eb1824178c1ae82902ad6275c
[    0.249885] bcm2835-dma 3f007000.dma: DMA legacy API manager at (____ptrval____), dmachans=0x1
[    0.253212] vgaarb: loaded
[    0.253716] SCSI subsystem initialized
[    0.254013] usbcore: registered new interface driver usbfs
[    0.254108] usbcore: registered new interface driver hub
[    0.254290] usbcore: registered new device driver usb
[    0.254448] pps_core: LinuxPPS API ver. 1 registered
[    0.254481] pps_core: Software ver. 5.3.6 - Copyright 2005-2007 Rodolfo Giometti <giometti@linux.it>
[    0.254550] PTP clock support registered
[    0.256375] clocksource: Switched to clocksource arch_sys_counter
[    0.381577] VFS: Disk quotas dquot_6.6.0
[    0.381717] VFS: Dquot-cache hash table entries: 512 (order 0, 4096 bytes)
[    0.381999] FS-Cache: Loaded
[    0.382260] CacheFiles: Loaded
[    0.394365] NET: Registered protocol family 2
[    0.395330] tcp_listen_portaddr_hash hash table entries: 512 (order: 1, 8192 bytes)
[    0.395405] TCP established hash table entries: 8192 (order: 4, 65536 bytes)
[    0.395548] TCP bind hash table entries: 8192 (order: 5, 131072 bytes)
[    0.395766] TCP: Hash tables configured (established 8192 bind 8192)
[    0.396044] UDP hash table entries: 512 (order: 2, 16384 bytes)
[    0.396121] UDP-Lite hash table entries: 512 (order: 2, 16384 bytes)
[    0.396554] NET: Registered protocol family 1
[    0.397562] RPC: Registered named UNIX socket transport module.
[    0.397599] RPC: Registered udp transport module.
[    0.397630] RPC: Registered tcp transport module.
[    0.397659] RPC: Registered tcp NFSv4.1 backchannel transport module.
[    0.400251] hw perfevents: enabled with armv8_cortex_a53 PMU driver, 7 counters available
[    0.400525] kvm [1]: 8-bit VMID
[    0.401368] kvm [1]: Hyp mode initialized successfully
[    0.406273] Initialise system trusted keyrings
[    0.406614] workingset: timestamp_bits=46 max_order=18 bucket_order=0
[    0.418954] FS-Cache: Netfs 'nfs' registered for caching
[    0.420016] NFS: Registering the id_resolver key type
[    0.420076] Key type id_resolver registered
[    0.420107] Key type id_legacy registered
[    0.420149] nfs4filelayout_init: NFSv4 File Layout Driver Registering...
[    0.427930] Key type asymmetric registered
[    0.427979] Asymmetric key parser 'x509' registered
[    0.428076] Block layer SCSI generic (bsg) driver version 0.4 loaded (major 248)
[    0.428414] io scheduler noop registered
[    0.428450] io scheduler deadline registered (default)
[    0.428741] io scheduler cfq registered
[    0.428775] io scheduler mq-deadline registered (default)
[    0.428809] io scheduler kyber registered
[    0.432345] bcm2708_fb soc:fb: FB found 1 display(s)
[    0.443439] Console: switching to colour frame buffer device 82x26
[    0.448349] bcm2708_fb soc:fb: Registered framebuffer for display 0, size 656x416
[    0.455766] Serial: 8250/16550 driver, 1 ports, IRQ sharing enabled
[    0.460287] bcm2835-rng 3f104000.rng: hwrng registered
[    0.463253] vc-mem: phys_addr:0x00000000 mem_base=0x3ec00000 mem_size:0x40000000(1024 MiB)
[    0.469139] gpiomem-bcm2835 3f200000.gpiomem: Initialised: Registers at 0x3f200000
[    0.474644] cacheinfo: Unable to detect cache hierarchy for CPU 0
[    0.492999] brd: module loaded
[    0.511092] loop: module loaded
[    0.514828] Loading iSCSI transport class v2.0-870.
[    0.524156] libphy: Fixed MDIO Bus: probed
[    0.527134] usbcore: registered new interface driver r8152
[    0.529801] usbcore: registered new interface driver lan78xx
[    0.532438] usbcore: registered new interface driver smsc95xx
[    0.535287] dwc_otg: version 3.00a 10-AUG-2012 (platform bus)
[    0.565812] dwc_otg 3f980000.usb: base=(____ptrval____)
[    0.781945] Core Release: 2.80a
[    0.784467] Setting default values for core params
[    0.786978] Finished setting default values for core params
[    1.002465] Using Buffer DMA mode
[    1.004876] Periodic Transfer Interrupt Enhancement - disabled
[    1.007296] Multiprocessor Interrupt Enhancement - disabled
[    1.009726] OTG VER PARAM: 0, OTG VER FLAG: 0
[    1.012056] Dedicated Tx FIFOs mode
[    1.015200] WARN::dwc_otg_hcd_init:1074: FIQ DMA bounce buffers: virt = ffffff80090c1000 dma = 0x00000000fad14000 len=9024
[    1.019725] FIQ FSM acceleration enabled for :
[    1.019725] Non-periodic Split Transactions
[    1.019725] Periodic Split Transactions
[    1.019725] High-Speed Isochronous Endpoints
[    1.019725] Interrupt/Control Split Transaction hack enabled
[    1.030492] WARN::hcd_init_fiq:497: MPHI regs_base at ffffff800805d000
[    1.032795] dwc_otg 3f980000.usb: DWC OTG Controller
[    1.035103] dwc_otg 3f980000.usb: new USB bus registered, assigned bus number 1
[    1.037580] dwc_otg 3f980000.usb: irq 9, io mem 0x00000000
[    1.039973] Init: Port Power? op_state=1
[    1.042318] Init: Power Port (0)
[    1.045019] usb usb1: New USB device found, idVendor=1d6b, idProduct=0002, bcdDevice= 4.19
[    1.049810] usb usb1: New USB device strings: Mfr=3, Product=2, SerialNumber=1
[    1.052338] usb usb1: Product: DWC OTG Controller
[    1.054841] usb usb1: Manufacturer: Linux 4.19.118-v8+ dwc_otg_hcd
[    1.057372] usb usb1: SerialNumber: 3f980000.usb
[    1.060655] hub 1-0:1.0: USB hub found
[    1.063159] hub 1-0:1.0: 1 port detected
[    1.066835] usbcore: registered new interface driver uas
[    1.069307] usbcore: registered new interface driver usb-storage
[    1.071839] mousedev: PS/2 mouse device common for all mice
[    1.075689] bcm2835-wdt bcm2835-wdt: Broadcom BCM2835 watchdog timer
[    1.079603] cpufreq: cpufreq_online: CPU0: Running at unlisted freq: 600000 KHz
[    1.084379] cpufreq: cpufreq_online: CPU0: Unlisted initial frequency changed to: 700000 KHz
[    1.087651] sdhci: Secure Digital Host Controller Interface driver
[    1.088744] sdhci: Copyright(c) Pierre Ossman
[    1.090109] sdhost-bcm2835 3f202000.mmc: could not get clk, deferring probe
[    1.091315] sdhci-pltfm: SDHCI platform and OF driver helper
[    1.093801] ledtrig-cpu: registered to indicate activity on CPUs
[    1.095028] hidraw: raw HID events driver (C) Jiri Kosina
[    1.096237] usbcore: registered new interface driver usbhid
[    1.097343] usbhid: USB HID core driver
[    1.099015] vchiq: vchiq_init_state: slot_zero = (____ptrval____), is_master = 0
[    1.103311] Initializing XFRM netlink socket
[    1.104459] NET: Registered protocol family 17
[    1.105614] Key type dns_resolver registered
[    1.107375] registered taskstats version 1
[    1.108480] Loading compiled-in X.509 certificates
[    1.115216] uart-pl011 3f201000.serial: cts_event_workaround enabled
[    1.116495] 3f201000.serial: ttyAMA0 at MMIO 0x3f201000 (irq = 66, base_baud = 0) is a PL011 rev2
[    2.116975] console [ttyAMA0] enabled
[    2.122721] bcm2835-power bcm2835-power: Broadcom BCM2835 power domains driver
[    2.131963] sdhost: log_buf @ (____ptrval____) (fad13000)
[    2.187532] mmc0: sdhost-bcm2835 loaded - DMA enabled (>1)
[    2.195874] of_cfs_init
[    2.199519] of_cfs_init: OK
[    2.203889] Waiting for root device PARTUUID=4c999877-02...
[    2.232493] Indeed it is in host mode hprt0 = 00021501
[    2.290259] mmc0: host does not support reading read-only switch, assuming write-enable
[    2.317559] mmc0: new high speed SDHC card at address aaaa
[    2.325307] mmcblk0: mmc0:aaaa SC16G 14.8 GiB
[    2.335237]  mmcblk0: p1 p2
[    2.339284] random: fast init done
[    2.365261] EXT4-fs (mmcblk0p2): mounted filesystem with ordered data mode. Opts: (null)
[    2.375599] VFS: Mounted root (ext4 filesystem) readonly on device 179:2.
[    2.394860] devtmpfs: mounted
[    2.402003] Freeing unused kernel memory: 1024K
[    2.407751] Run /sbin/init as init process
[    2.436393] usb 1-1: new high-speed USB device number 2 using dwc_otg
[    2.444123] Indeed it is in host mode hprt0 = 00001101
[    2.660670] usb 1-1: New USB device found, idVendor=0424, idProduct=2514, bcdDevice= b.b3
[    2.671153] usb 1-1: New USB device strings: Mfr=0, Product=0, SerialNumber=0
[    2.679954] hub 1-1:1.0: USB hub found
[    2.684988] hub 1-1:1.0: 4 ports detected
[    2.976407] usb 1-1.1: new high-speed USB device number 3 using dwc_otg
[    3.041801] systemd[1]: System time before build time, advancing clock.
[    3.084671] usb 1-1.1: New USB device found, idVendor=0424, idProduct=2514, bcdDevice= b.b3
[    3.095438] usb 1-1.1: New USB device strings: Mfr=0, Product=0, SerialNumber=0
[    3.104473] hub 1-1.1:1.0: USB hub found
[    3.109762] hub 1-1.1:1.0: 3 ports detected
[    3.199576] NET: Registered protocol family 10
[    3.206131] Segment Routing with IPv6
[    3.255591] systemd[1]: systemd 241 running in system mode. (+PAM +AUDIT +SELINUX +IMA +APPARMOR +SMACK +SYSVINIT +UTMP +LIBCRYPTSETUP +GCRYPT +GNUTLS +ACL +XZ +LZ4 +SECCOMP +B
LKID +ELFUTILS +KMOD -IDN2 +IDN -PCRE2 default-hierarchy=hybrid)
[    3.281142] systemd[1]: Detected architecture arm64.
[    3.298461] systemd[1]: Set hostname to <raspberrypi>.
[    3.394261] uart-pl011 3f201000.serial: no DMA platform data
[    3.653575] random: crng init done
[    3.696414] usb 1-1.1.1: new high-speed USB device number 4 using dwc_otg
[    3.804843] usb 1-1.1.1: New USB device found, idVendor=0424, idProduct=7800, bcdDevice= 3.00
[    3.815800] usb 1-1.1.1: New USB device strings: Mfr=0, Product=0, SerialNumber=0
[    3.920834] systemd[1]: Listening on Journal Socket (/dev/log).
[    3.930478] systemd[1]: Listening on Syslog Socket.
[    3.938665] systemd[1]: Listening on Journal Socket.
[    3.951982] systemd[1]: Mounting POSIX Message Queue File System...
[    3.962608] systemd[1]: Condition check resulted in Huge Pages File System being skipped.
[    3.977173] systemd[1]: Mounting Kernel Debug File System...
[    3.987049] systemd[1]: Started Dispatch Password Requests to Console Directory Watch.
[    4.093786] lan78xx 1-1.1.1:1.0 (unnamed net_device) (uninitialized): No External EEPROM. Setting MAC Speed
[    4.106964] libphy: lan78xx-mdiobus: probed
[    4.132186] lan78xx 1-1.1.1:1.0 (unnamed net_device) (uninitialized): int urb period 64
[    6.740368] Unable to handle kernel paging request at virtual address fffbffc038e12320
[    6.753030] Mem abort info:
[    6.757721]   ESR = 0x96000004
[    6.762019]   Exception class = DABT (current EL), IL = 32 bits
[    6.768876]   SET = 0, FnV = 0
[    6.772827]   EA = 0, S1PTW = 0
[    6.776831] Data abort info:
[    6.780548]   ISV = 0, ISS = 0x00000004
[    6.785230]   CM = 0, WnR = 0
[    6.789031] [fffbffc038e12320] address between user and kernel address ranges
[    6.797072] Internal error: Oops: 96000004 [#1] PREEMPT SMP
[    6.803559] Modules linked in: binfmt_misc bcm2835_codec(C) bcm2835_v4l2(C) v4l2_mem2mem v4l2_common bcm2835_mmal_vchiq(C) videobuf2_vmalloc videobuf2_dma_contig videobuf2_memo
ps videobuf2_v4l2 videobuf2_common raspberrypi_hwmon hwmon videodev media vc_sm_cma(C) uio_pdrv_genirq uio ip_tables x_tables ipv6
[    6.834645] Process swapper/1 (pid: 0, stack limit = 0x00000000a5520e6c)
[    6.842432] CPU: 1 PID: 0 Comm: swapper/1 Tainted: G         C        4.19.118-v8+ #1311
[    6.852699] Hardware name: Raspberry Pi 3 Model B Plus Rev 1.3 (DT)
[    6.860110] pstate: 80000085 (Nzcv daIf -PAN -UAO)
[    6.866018] pc : __hrtimer_run_queues+0xb0/0x380
[    6.871711] lr : __hrtimer_run_queues+0x368/0x380
[    6.877479] sp : ffffff800800be20
[    6.881854] x29: ffffff800800be20 x28: 0000000000000005 
[    6.888234] x27: ffffff8008cac018 x26: 0000000000000080 
[    6.894582] x25: ffffff8008cac018 x24: ffffff8008cc86d8 
[    6.900926] x23: 0000000000000001 x22: ffffffc03ab91780 
[    6.907285] x21: ffffffc03ab91800 x20: ffffffc03ab91840 
[    6.913639] x19: fffbffc038e12300 x18: 0000000000000000 
[    6.919990] x17: 0000000000000000 x16: 0000000000000000 
[    6.926306] x15: ffffff8008b63000 x14: 0000000000000008 
[    6.932580] x13: 0000000000000000 x12: 003d090000000000 
[    6.938813] x11: 0000000000000000 x10: 0000000000000000 
[    6.944983] x9 : ffffff8008911b08 x8 : ffffff8008cba140 
[    6.951111] x7 : 0000000000000020 x6 : ffffff8008911b0c 
[    6.957201] x5 : ffffff8009eb3dc0 x4 : 0000000191bc3d00 
[    6.963257] x3 : ffffff8009eb3dc0 x2 : 0000000191bc3d00 
[    6.969252] x1 : 00000001917f3bb7 x0 : 00000001917f3bb7 
[    6.975221] Call trace:
[    6.978277]  __hrtimer_run_queues+0xb0/0x380
[    6.983153]  hrtimer_interrupt+0xf8/0x258
[    6.987766]  arch_timer_handler_phys+0x3c/0x50
[    6.992835]  handle_percpu_devid_irq+0xa4/0x2a0
[    6.997985]  generic_handle_irq+0x34/0x50
[    7.002612]  __handle_domain_irq+0x8c/0x100
[    7.007438]  bcm2836_arm_irqchip_handle_irq+0x68/0xd8
[    7.013158]  el1_irq+0xb4/0x130
[    7.016956]  arch_cpu_idle+0x30/0x1f0
[    7.021285]  default_idle_call+0x24/0x40
[    7.025876]  do_idle+0x224/0x240
[    7.029771]  cpu_startup_entry+0x2c/0x30
[    7.034378]  secondary_start_kernel+0x188/0x1d8
[    7.039608] Code: f9403ea0 8b000020 f9003ba0 b4000673 (f9401261) 
[    7.046460] ---[ end trace 0537864919fa8b3f ]---
[    7.051829] Kernel panic - not syncing: Fatal exception in interrupt
[    7.058991] SMP: stopping secondary CPUs
[    7.063714] Kernel Offset: disabled
[    7.068013] CPU features: 0x0,24002004
[    7.072580] Memory Limit: none
[    7.076435] ---[ end Kernel panic - not syncing: Fatal exception in interrupt ]---
