[    0.000000] Booting Linux on physical CPU 0x0000000000 [0x410fd034]
[    0.000000] Linux version 4.19.118-v8+ (dom@buildbot) (gcc version 5.4.0 20160609 (Ubuntu/Linaro 5.4.0-6ubuntu1~16.04.9)) #1311 SMP PREEMPT Mon Apr 27 14:32:38 BST 2020
[    0.000000] Machine model: Raspberry Pi 3 Model B Plus Rev 1.3
[    0.000000] efi: Getting EFI parameters from FDT:
[    0.000000] efi: UEFI not found.
[    0.000000] cma: Reserved 8 MiB at 0x000000003ac00000
[    0.000000] random: get_random_bytes called from start_kernel+0xb8/0x47c with crng_init=0
[    0.000000] percpu: Embedded 24 pages/cpu s58840 r8192 d31272 u98304
[    0.000000] Detected VIPT I-cache on CPU0
[    0.000000] CPU features: enabling workaround for ARM erratum 843419
[    0.000000] CPU features: enabling workaround for ARM erratum 845719
[    0.000000] Built 1 zonelists, mobility grouping on.  Total pages: 238896
[    0.000000] Kernel command line: coherent_pool=1M 8250.nr_uarts=1 snd_bcm2835.enable_compat_alsa=0 snd_bcm2835.enable_hdmi=1 snd_bcm2835.enable_headphones=1 bcm2708_fb.fbwidth
=656 bcm2708_fb.fbheight=416 bcm2708_fb.fbswap=1 vc_mem.mem_base=0x3ec00000 vc_mem.mem_size=0x40000000  dwc_otg.lpm_enable=0 console=ttyAMA0,115200 console=tty1 root=PARTUUID=4c9
99877-02 rootfstype=ext4 elevator=deadline fsck.repair=yes rootwait
[    0.000000] Dentry cache hash table entries: 131072 (order: 8, 1048576 bytes)
[    0.000000] Inode-cache hash table entries: 65536 (order: 7, 524288 bytes)
[    0.000000] Memory: 929092K/970752K available (8700K kernel code, 1074K rwdata, 2760K rodata, 1024K init, 1126K bss, 33468K reserved, 8192K cma-reserved)
[    0.000000] SLUB: HWalign=64, Order=0-3, MinObjects=0, CPUs=4, Nodes=1
[    0.000000] ftrace: allocating 30496 entries in 120 pages
[    0.000000] rcu: Preemptible hierarchical RCU implementation.
[    0.000000] rcu:     RCU restricting CPUs from NR_CPUS=64 to nr_cpu_ids=4.
[    0.000000]  Tasks RCU enabled.
[    0.000000] rcu: Adjusting geometry for rcu_fanout_leaf=16, nr_cpu_ids=4
[    0.000000] NR_IRQS: 64, nr_irqs: 64, preallocated irqs: 0
[    0.000000] arch_timer: cp15 timer(s) running at 19.20MHz (phys).
[    0.000000] clocksource: arch_sys_counter: mask: 0xffffffffffffff max_cycles: 0x46d987e47, max_idle_ns: 440795202767 ns
[    0.000007] sched_clock: 56 bits at 19MHz, resolution 52ns, wraps every 4398046511078ns
[    0.000272] Console: colour dummy device 80x25
[    0.000939] console [tty1] enabled
[    0.001009] Calibrating delay loop (skipped), value calculated using timer frequency.. 38.40 BogoMIPS (lpj=76800)
[    0.001061] pid_max: default: 32768 minimum: 301
[    0.001495] Mount-cache hash table entries: 2048 (order: 2, 16384 bytes)
[    0.001552] Mountpoint-cache hash table entries: 2048 (order: 2, 16384 bytes)
[    0.024102] ASID allocator initialised with 32768 entries
[    0.032099] rcu: Hierarchical SRCU implementation.
[    0.040737] EFI services will not be available.
[    0.048176] smp: Bringing up secondary CPUs ...
[    0.080443] Detected VIPT I-cache on CPU1
[    0.080512] CPU1: Booted secondary processor 0x0000000001 [0x410fd034]
[    0.112569] Detected VIPT I-cache on CPU2
[    0.112618] CPU2: Booted secondary processor 0x0000000002 [0x410fd034]
[    0.144733] Detected VIPT I-cache on CPU3
[    0.144779] CPU3: Booted secondary processor 0x0000000003 [0x410fd034]
[    0.144964] smp: Brought up 1 node, 4 CPUs
[    0.145119] SMP: Total of 4 processors activated.
[    0.145153] CPU features: detected: 32-bit EL0 Support
[    0.146127] CPU: All CPU(s) started at EL2
[    0.146201] alternatives: patching kernel code
[    0.147823] devtmpfs: initialized
[    0.164116] Enabled cp15_barrier support
[    0.164183] Enabled setend support
[    0.164764] clocksource: jiffies: mask: 0xffffffff max_cycles: 0xffffffff, max_idle_ns: 7645041785100000 ns
[    0.164826] futex hash table entries: 1024 (order: 4, 65536 bytes)
[    0.165553] pinctrl core: initialized pinctrl subsystem
[    0.166447] DMI not present or invalid.
[    0.167016] NET: Registered protocol family 16
[    0.173481] cpuidle: using governor menu
[    0.174107] hw-breakpoint: found 6 breakpoint and 4 watchpoint registers.
[    0.178737] DMA: preallocated 1024 KiB pool for atomic allocations
[    0.178915] Serial: AMBA PL011 UART driver
[    0.183517] bcm2835-mbox 3f00b880.mailbox: mailbox enabled
[    0.192927] raspberrypi-firmware soc:firmware: Attached to firmware from 2020-04-15 11:43, variant start
[    0.196944] raspberrypi-firmware soc:firmware: Firmware hash is 82f9bb929ce2186eb1824178c1ae82902ad6275c
[    0.245802] bcm2835-dma 3f007000.dma: DMA legacy API manager at (____ptrval____), dmachans=0x1
[    0.249098] vgaarb: loaded
[    0.249692] SCSI subsystem initialized
[    0.249991] usbcore: registered new interface driver usbfs
[    0.250086] usbcore: registered new interface driver hub
[    0.250267] usbcore: registered new device driver usb
[    0.250425] pps_core: LinuxPPS API ver. 1 registered
[    0.250458] pps_core: Software ver. 5.3.6 - Copyright 2005-2007 Rodolfo Giometti <giometti@linux.it>
[    0.250527] PTP clock support registered
[    0.252348] clocksource: Switched to clocksource arch_sys_counter
[    0.377508] VFS: Disk quotas dquot_6.6.0
[    0.377650] VFS: Dquot-cache hash table entries: 512 (order 0, 4096 bytes)
[    0.377931] FS-Cache: Loaded
[    0.378194] CacheFiles: Loaded
[    0.390294] NET: Registered protocol family 2
[    0.391264] tcp_listen_portaddr_hash hash table entries: 512 (order: 1, 8192 bytes)
[    0.391340] TCP established hash table entries: 8192 (order: 4, 65536 bytes)
[    0.391484] TCP bind hash table entries: 8192 (order: 5, 131072 bytes)
[    0.391702] TCP: Hash tables configured (established 8192 bind 8192)
[    0.391986] UDP hash table entries: 512 (order: 2, 16384 bytes)
[    0.392063] UDP-Lite hash table entries: 512 (order: 2, 16384 bytes)
[    0.392490] NET: Registered protocol family 1
[    0.393499] RPC: Registered named UNIX socket transport module.
[    0.393536] RPC: Registered udp transport module.
[    0.393567] RPC: Registered tcp transport module.
[    0.393596] RPC: Registered tcp NFSv4.1 backchannel transport module.
[    0.396190] hw perfevents: enabled with armv8_cortex_a53 PMU driver, 7 counters available
[    0.396463] kvm [1]: 8-bit VMID
[    0.397305] kvm [1]: Hyp mode initialized successfully
[    0.402228] Initialise system trusted keyrings
[    0.402572] workingset: timestamp_bits=46 max_order=18 bucket_order=0
[    0.414900] FS-Cache: Netfs 'nfs' registered for caching
[    0.415966] NFS: Registering the id_resolver key type
[    0.416026] Key type id_resolver registered
[    0.416057] Key type id_legacy registered
[    0.416099] nfs4filelayout_init: NFSv4 File Layout Driver Registering...
[    0.423860] Key type asymmetric registered
[    0.423909] Asymmetric key parser 'x509' registered
[    0.424008] Block layer SCSI generic (bsg) driver version 0.4 loaded (major 248)
[    0.424306] io scheduler noop registered
[    0.424391] io scheduler deadline registered (default)
[    0.424684] io scheduler cfq registered
[    0.424718] io scheduler mq-deadline registered (default)
[    0.424751] io scheduler kyber registered
[    0.428290] bcm2708_fb soc:fb: FB found 1 display(s)
[    0.439602] Console: switching to colour frame buffer device 82x26
[    0.444499] bcm2708_fb soc:fb: Registered framebuffer for display 0, size 656x416
[    0.451893] Serial: 8250/16550 driver, 1 ports, IRQ sharing enabled
[    0.456467] bcm2835-rng 3f104000.rng: hwrng registered
[    0.459398] vc-mem: phys_addr:0x00000000 mem_base=0x3ec00000 mem_size:0x40000000(1024 MiB)
[    0.465283] gpiomem-bcm2835 3f200000.gpiomem: Initialised: Registers at 0x3f200000
[    0.470814] cacheinfo: Unable to detect cache hierarchy for CPU 0
[    0.489236] brd: module loaded
[    0.507427] loop: module loaded
[    0.511192] Loading iSCSI transport class v2.0-870.
[    0.516471] libphy: Fixed MDIO Bus: probed
[    0.519395] usbcore: registered new interface driver r8152
[    0.522047] usbcore: registered new interface driver lan78xx
[    0.524663] usbcore: registered new interface driver smsc95xx
[    0.527524] dwc_otg: version 3.00a 10-AUG-2012 (platform bus)
[    0.558057] dwc_otg 3f980000.usb: base=(____ptrval____)
[    0.774210] Core Release: 2.80a
[    0.776738] Setting default values for core params
[    0.779254] Finished setting default values for core params
[    0.994941] Using Buffer DMA mode
[    0.997348] Periodic Transfer Interrupt Enhancement - disabled
[    0.999765] Multiprocessor Interrupt Enhancement - disabled
[    1.002194] OTG VER PARAM: 0, OTG VER FLAG: 0
[    1.004559] Dedicated Tx FIFOs mode
[    1.007682] WARN::dwc_otg_hcd_init:1074: FIQ DMA bounce buffers: virt = ffffff80090c1000 dma = 0x00000000fad14000 len=9024
[    1.012221] FIQ FSM acceleration enabled for :
[    1.012221] Non-periodic Split Transactions
[    1.012221] Periodic Split Transactions
[    1.012221] High-Speed Isochronous Endpoints
[    1.012221] Interrupt/Control Split Transaction hack enabled
[    1.023023] WARN::hcd_init_fiq:497: MPHI regs_base at ffffff800805d000
[    1.025354] dwc_otg 3f980000.usb: DWC OTG Controller
[    1.027668] dwc_otg 3f980000.usb: new USB bus registered, assigned bus number 1
[    1.030151] dwc_otg 3f980000.usb: irq 9, io mem 0x00000000
[    1.032584] Init: Port Power? op_state=1
[    1.034911] Init: Power Port (0)
[    1.037583] usb usb1: New USB device found, idVendor=1d6b, idProduct=0002, bcdDevice= 4.19
[    1.042337] usb usb1: New USB device strings: Mfr=3, Product=2, SerialNumber=1
[    1.044954] usb usb1: Product: DWC OTG Controller
[    1.047438] usb usb1: Manufacturer: Linux 4.19.118-v8+ dwc_otg_hcd
[    1.049974] usb usb1: SerialNumber: 3f980000.usb
[    1.053255] hub 1-0:1.0: USB hub found
[    1.055752] hub 1-0:1.0: 1 port detected
[    1.059363] usbcore: registered new interface driver uas
[    1.061825] usbcore: registered new interface driver usb-storage
[    1.064382] mousedev: PS/2 mouse device common for all mice
[    1.068218] bcm2835-wdt bcm2835-wdt: Broadcom BCM2835 watchdog timer
[    1.072142] cpufreq: cpufreq_online: CPU0: Running at unlisted freq: 600000 KHz
[    1.076917] cpufreq: cpufreq_online: CPU0: Unlisted initial frequency changed to: 700000 KHz
[    1.080205] sdhci: Secure Digital Host Controller Interface driver
[    1.081291] sdhci: Copyright(c) Pierre Ossman
[    1.082650] sdhost-bcm2835 3f202000.mmc: could not get clk, deferring probe
[    1.083855] sdhci-pltfm: SDHCI platform and OF driver helper
[    1.086343] ledtrig-cpu: registered to indicate activity on CPUs
[    1.087575] hidraw: raw HID events driver (C) Jiri Kosina
[    1.088810] usbcore: registered new interface driver usbhid
[    1.089893] usbhid: USB HID core driver
[    1.091556] vchiq: vchiq_init_state: slot_zero = (____ptrval____), is_master = 0
[    1.095843] Initializing XFRM netlink socket
[    1.096979] NET: Registered protocol family 17
[    1.098124] Key type dns_resolver registered
[    1.099870] registered taskstats version 1
[    1.100981] Loading compiled-in X.509 certificates
[    1.107715] uart-pl011 3f201000.serial: cts_event_workaround enabled
[    1.108982] 3f201000.serial: ttyAMA0 at MMIO 0x3f201000 (irq = 66, base_baud = 0) is a PL011 rev2
[    2.109493] console [ttyAMA0] enabled
[    2.115262] bcm2835-power bcm2835-power: Broadcom BCM2835 power domains driver
[    2.124518] sdhost: log_buf @ (____ptrval____) (fad13000)
[    2.180220] mmc0: sdhost-bcm2835 loaded - DMA enabled (>1)
[    2.188592] of_cfs_init
[    2.192209] of_cfs_init: OK
[    2.196590] Waiting for root device PARTUUID=4c999877-02...
[    2.228444] Indeed it is in host mode hprt0 = 00021501
[    2.270219] mmc0: host does not support reading read-only switch, assuming write-enable
[    2.297727] mmc0: new high speed SDHC card at address aaaa
[    2.313179] mmcblk0: mmc0:aaaa SC16G 14.8 GiB
[    2.327904]  mmcblk0: p1 p2
[    2.341819] random: fast init done
[    2.352467] EXT4-fs (mmcblk0p2): INFO: recovery required on readonly filesystem
[    2.360923] EXT4-fs (mmcblk0p2): write access will be enabled during recovery
[    2.379572] EXT4-fs (mmcblk0p2): recovery complete
[    2.401972] EXT4-fs (mmcblk0p2): mounted filesystem with ordered data mode. Opts: (null)
[    2.412276] VFS: Mounted root (ext4 filesystem) readonly on device 179:2.
[    2.430786] devtmpfs: mounted
[    2.437878] Freeing unused kernel memory: 1024K
[    2.443597] Run /sbin/init as init process
[    2.444371] usb 1-1: new high-speed USB device number 2 using dwc_otg
[    2.456410] Indeed it is in host mode hprt0 = 00001101
[    2.672642] usb 1-1: New USB device found, idVendor=0424, idProduct=2514, bcdDevice= b.b3
[    2.683172] usb 1-1: New USB device strings: Mfr=0, Product=0, SerialNumber=0
[    2.692019] hub 1-1:1.0: USB hub found
[    2.697093] hub 1-1:1.0: 4 ports detected
[    2.988372] usb 1-1.1: new high-speed USB device number 3 using dwc_otg
[    3.067296] systemd[1]: System time before build time, advancing clock.
[    3.096645] usb 1-1.1: New USB device found, idVendor=0424, idProduct=2514, bcdDevice= b.b3
[    3.107398] usb 1-1.1: New USB device strings: Mfr=0, Product=0, SerialNumber=0
[    3.116450] hub 1-1.1:1.0: USB hub found
[    3.121698] hub 1-1.1:1.0: 3 ports detected
[    3.234930] NET: Registered protocol family 10
[    3.241466] Segment Routing with IPv6
[    3.290877] systemd[1]: systemd 241 running in system mode. (+PAM +AUDIT +SELINUX +IMA +APPARMOR +SMACK +SYSVINIT +UTMP +LIBCRYPTSETUP +GCRYPT +GNUTLS +ACL +XZ +LZ4 +SECCOMP +
BLKID +ELFUTILS +KMOD -IDN2 +IDN -PCRE2 default-hierarchy=hybrid)
[    3.316501] systemd[1]: Detected architecture arm64.
[    3.333804] systemd[1]: Set hostname to <raspberrypi>.
[    3.448985] uart-pl011 3f201000.serial: no DMA platform data
[    3.707813] random: crng init done
[    3.708398] usb 1-1.1.1: new high-speed USB device number 4 using dwc_otg
[    3.820805] usb 1-1.1.1: New USB device found, idVendor=0424, idProduct=7800, bcdDevice= 3.00
[    3.831740] usb 1-1.1.1: New USB device strings: Mfr=0, Product=0, SerialNumber=0
[    3.951827] systemd[1]: Started Dispatch Password Requests to Console Directory Watch.
[    3.964118] systemd[1]: Reached target Swap.
[    3.971929] systemd[1]: Listening on Journal Socket.
[    3.981031] systemd[1]: Condition check resulted in Huge Pages File System being skipped.
[    4.003056] systemd[1]: Starting Load Kernel Modules...
[    4.031826] systemd[1]: Condition check resulted in Journal Audit Socket being skipped.
[    4.043491] systemd[1]: Listening on Syslog Socket.
[    4.111509] lan78xx 1-1.1.1:1.0 (unnamed net_device) (uninitialized): No External EEPROM. Setting MAC Speed
[    4.124657] libphy: lan78xx-mdiobus: probed
[    4.144246] lan78xx 1-1.1.1:1.0 (unnamed net_device) (uninitialized): int urb period 64
[    5.219522] Kernel panic - not syncing: stack-protector: Kernel stack is corrupted in: return_address+0x94/0x98
[    5.231711] CPU: 1 PID: 1 Comm: systemd Not tainted 4.19.118-v8+ #1311
[    5.239292] Hardware name: Raspberry Pi 3 Model B Plus Rev 1.3 (DT)
[    5.246626] Call trace:
[    5.250097]  dump_backtrace+0x0/0x178
[    5.254778]  show_stack+0x24/0x30
[    5.259074]  dump_stack+0xa4/0xdc
[    5.263335]  panic+0x140/0x294
[    5.267325]  print_tainted+0x0/0xc8
[    5.271722]  return_address+0x94/0x98
[    5.276316]  trace_hardirqs_off+0xd8/0x1c8
[    5.281328]  do_notify_resume+0x3c/0x130
[    5.286149]  work_pending+0x8/0x14
[    5.290433] SMP: stopping secondary CPUs
[    5.295248] Kernel Offset: disabled
[    5.299592] CPU features: 0x0,24002004
[    5.304175] Memory Limit: none
[    5.308052] ---[ end Kernel panic - not syncing: stack-protector: Kernel stack is corrupted in: return_address+0x94/0x98 ]---
[    5.321260] WARNING: CPU: 1 PID: 1 at kernel/sched/core.c:1164 set_task_cpu+0x1d8/0x200
[    5.331038] Modules linked in: uio_pdrv_genirq uio ip_tables x_tables ipv6
[    5.338838] CPU: 1 PID: 1 Comm: systemd Not tainted 4.19.118-v8+ #1311
[    5.346275] Hardware name: Raspberry Pi 3 Model B Plus Rev 1.3 (DT)
[    5.353457] pstate: 60000085 (nZCv daIf -PAN -UAO)
[    5.359168] pc : set_task_cpu+0x1d8/0x200
[    5.364106] lr : try_to_wake_up+0x160/0x498
[    5.369234] sp : ffffff800800bb90
[    5.373486] x29: ffffff800800bb90 x28: ffffffc039570000 
[    5.379768] x27: ffffffc038ee3da8 x26: 0000000000000000 
[    5.386051] x25: ffffff8008cb9000 x24: ffffff8008cc9000 
[    5.392328] x23: 0000000000000080 x22: ffffffc038ee419c 
[    5.398606] x21: 0000000000000004 x20: 0000000000000000 
[    5.404880] x19: ffffffc038ee3a00 x18: ffffff8009909dd8 
[    5.411165] x17: 0000000000000000 x16: 0000000000000000 
[    5.417452] x15: 0000000000000a40 x14: 0000000000000020 
[    5.423717] x13: 00000000000001e2 x12: 0000000000000001 
[    5.429974] x11: 0000000000000000 x10: 00000000000001e2 
[    5.436181] x9 : ffffff8008911b08 x8 : 0000000000000000 
[    5.442340] x7 : ffffff8008cc8688 x6 : 0000000000000003 
[    5.448446] x5 : 0000000000000000 x4 : ffffffffffffffff 
[    5.454516] x3 : 0000000000000000 x2 : ffffff8008cc86d8 
[    5.460534] x1 : ffffff8008cc8000 x0 : 0000000000000002 
[    5.466524] Call trace:
[    5.469604]  set_task_cpu+0x1d8/0x200
[    5.473882]  try_to_wake_up+0x160/0x498
[    5.478327]  default_wake_function+0x34/0x48
[    5.483217]  autoremove_wake_function+0x3c/0x68
[    5.488372]  __wake_up_common+0xa4/0x158
[    5.492920]  __wake_up_common_lock+0x90/0xd8
[    5.497812]  __wake_up+0x40/0x50
[    5.501650]  mmc_blk_mq_req_done+0x198/0x1f0
[    5.506542]  mmc_request_done+0x84/0x200
[    5.511090]  bcm2835_sdhost_tasklet_finish+0xbc/0x220
[    5.516784]  tasklet_action_common.isra.6+0x90/0x128
[    5.522395]  tasklet_action+0x3c/0x48
[    5.526706]  __do_softirq+0x17c/0x3cc
[    5.531029]  irq_exit+0xe8/0xf8
[    5.534842]  __handle_domain_irq+0x90/0x100
[    5.539708]  bcm2836_arm_irqchip_handle_irq+0x68/0xd8
[    5.545482]  el1_irq+0xb4/0x130
[    5.549332]  panic+0x248/0x294
[    5.553096]  print_tainted+0x0/0xc8
[    5.557288]  return_address+0x94/0x98
[    5.561646]  trace_hardirqs_off+0xd8/0x1c8
[    5.566449]  do_notify_resume+0x3c/0x130
[    5.571077]  work_pending+0x8/0x14
[    5.575172] ---[ end trace 365ff53664f0eb6a ]--- 
