[    0.000000] Booting Linux on physical CPU 0x0000000000 [0x410fd034]
[    0.000000] Linux version 4.19.118-v8+ (dom@buildbot) (gcc version 5.4.0 20160609 (Ubuntu/Linaro 5.4.0-6ubuntu1~16.04.9)) #1311 SMP PREEMPT Mon Apr 27 14:32:38 BST 2020
[    0.000000] Machine model: Raspberry Pi 3 Model B Plus Rev 1.3
[    0.000000] efi: Getting EFI parameters from FDT:
[    0.000000] efi: UEFI not found.
[    0.000000] cma: Reserved 8 MiB at 0x000000003ac00000
[    0.000000] random: get_random_bytes called from start_kernel+0xb8/0x47c with crng_init=0
[    0.000000] percpu: Embedded 24 pages/cpu s58840 r8192 d31272 u98304
[    0.000000] Detected VIPT I-cache on CPU0
[    0.000000] CPU features: enabling workaround for ARM erratum 843419
[    0.000000] CPU features: enabling workaround for ARM erratum 845719
[    0.000000] Built 1 zonelists, mobility grouping on.  Total pages: 238896
[    0.000000] Kernel command line: coherent_pool=1M 8250.nr_uarts=1 snd_bcm2835.enable_compat_alsa=0 snd_bcm2835.enable_hdmi=1 snd_bcm2835.enable_headphones=1 bcm2708_fb.fbwidth
=656 bcm2708_fb.fbheight=416 bcm2708_fb.fbswap=1 vc_mem.mem_base=0x3ec00000 vc_mem.mem_size=0x40000000  dwc_otg.lpm_enable=0 console=ttyAMA0,115200 console=tty1 root=PARTUUID=4c9
99877-02 rootfstype=ext4 elevator=deadline fsck.repair=yes rootwait
[    0.000000] Dentry cache hash table entries: 131072 (order: 8, 1048576 bytes)
[    0.000000] Inode-cache hash table entries: 65536 (order: 7, 524288 bytes)
[    0.000000] Memory: 929092K/970752K available (8700K kernel code, 1074K rwdata, 2760K rodata, 1024K init, 1126K bss, 33468K reserved, 8192K cma-reserved)
[    0.000000] SLUB: HWalign=64, Order=0-3, MinObjects=0, CPUs=4, Nodes=1
[    0.000000] ftrace: allocating 30496 entries in 120 pages
[    0.000000] rcu: Preemptible hierarchical RCU implementation.
[    0.000000] rcu:     RCU restricting CPUs from NR_CPUS=64 to nr_cpu_ids=4.
[    0.000000]  Tasks RCU enabled.
[    0.000000] rcu: Adjusting geometry for rcu_fanout_leaf=16, nr_cpu_ids=4
[    0.000000] NR_IRQS: 64, nr_irqs: 64, preallocated irqs: 0
[    0.000000] arch_timer: cp15 timer(s) running at 19.20MHz (phys).
[    0.000000] clocksource: arch_sys_counter: mask: 0xffffffffffffff max_cycles: 0x46d987e47, max_idle_ns: 440795202767 ns
[    0.000007] sched_clock: 56 bits at 19MHz, resolution 52ns, wraps every 4398046511078ns
[    0.000272] Console: colour dummy device 80x25
[    0.000939] console [tty1] enabled
[    0.001009] Calibrating delay loop (skipped), value calculated using timer frequency.. 38.40 BogoMIPS (lpj=76800)
[    0.001062] pid_max: default: 32768 minimum: 301
[    0.001492] Mount-cache hash table entries: 2048 (order: 2, 16384 bytes)
[    0.001548] Mountpoint-cache hash table entries: 2048 (order: 2, 16384 bytes)
[    0.024104] ASID allocator initialised with 32768 entries
[    0.032100] rcu: Hierarchical SRCU implementation.
[    0.040740] EFI services will not be available.
[    0.048179] smp: Bringing up secondary CPUs ...
[    0.080445] Detected VIPT I-cache on CPU1
[    0.080513] CPU1: Booted secondary processor 0x0000000001 [0x410fd034]
[    0.112569] Detected VIPT I-cache on CPU2
[    0.112617] CPU2: Booted secondary processor 0x0000000002 [0x410fd034]
[    0.144732] Detected VIPT I-cache on CPU3
[    0.144778] CPU3: Booted secondary processor 0x0000000003 [0x410fd034]
[    0.144962] smp: Brought up 1 node, 4 CPUs
[    0.145117] SMP: Total of 4 processors activated.
[    0.145151] CPU features: detected: 32-bit EL0 Support
[    0.146123] CPU: All CPU(s) started at EL2
[    0.146197] alternatives: patching kernel code
[    0.147815] devtmpfs: initialized
[    0.164101] Enabled cp15_barrier support
[    0.164168] Enabled setend support
[    0.164747] clocksource: jiffies: mask: 0xffffffff max_cycles: 0xffffffff, max_idle_ns: 7645041785100000 ns
[    0.164809] futex hash table entries: 1024 (order: 4, 65536 bytes)
[    0.165527] pinctrl core: initialized pinctrl subsystem
[    0.166421] DMI not present or invalid.
[    0.166990] NET: Registered protocol family 16
[    0.173462] cpuidle: using governor menu
[    0.174089] hw-breakpoint: found 6 breakpoint and 4 watchpoint registers.
[    0.178779] DMA: preallocated 1024 KiB pool for atomic allocations
[    0.178959] Serial: AMBA PL011 UART driver
[    0.183561] bcm2835-mbox 3f00b880.mailbox: mailbox enabled
[    0.192926] raspberrypi-firmware soc:firmware: Attached to firmware from 2020-04-15 11:43, variant start
[    0.196944] raspberrypi-firmware soc:firmware: Firmware hash is 82f9bb929ce2186eb1824178c1ae82902ad6275c
[    0.245791] bcm2835-dma 3f007000.dma: DMA legacy API manager at (____ptrval____), dmachans=0x1
[    0.249090] vgaarb: loaded
[    0.249681] SCSI subsystem initialized
[    0.249980] usbcore: registered new interface driver usbfs
[    0.250074] usbcore: registered new interface driver hub
[    0.250256] usbcore: registered new device driver usb
[    0.250413] pps_core: LinuxPPS API ver. 1 registered
[    0.250446] pps_core: Software ver. 5.3.6 - Copyright 2005-2007 Rodolfo Giometti <giometti@linux.it>
[    0.250515] PTP clock support registered
[    0.252335] clocksource: Switched to clocksource arch_sys_counter
[    0.377589] VFS: Disk quotas dquot_6.6.0
[    0.377729] VFS: Dquot-cache hash table entries: 512 (order 0, 4096 bytes)
[    0.378011] FS-Cache: Loaded
[    0.378274] CacheFiles: Loaded
[    0.390396] NET: Registered protocol family 2
[    0.391364] tcp_listen_portaddr_hash hash table entries: 512 (order: 1, 8192 bytes)
[    0.391439] TCP established hash table entries: 8192 (order: 4, 65536 bytes)
[    0.391583] TCP bind hash table entries: 8192 (order: 5, 131072 bytes)
[    0.391810] TCP: Hash tables configured (established 8192 bind 8192)
[    0.392090] UDP hash table entries: 512 (order: 2, 16384 bytes)
[    0.392167] UDP-Lite hash table entries: 512 (order: 2, 16384 bytes)
[    0.392599] NET: Registered protocol family 1
[    0.393605] RPC: Registered named UNIX socket transport module.
[    0.393641] RPC: Registered udp transport module.
[    0.393672] RPC: Registered tcp transport module.
[    0.393702] RPC: Registered tcp NFSv4.1 backchannel transport module.
[    0.396300] hw perfevents: enabled with armv8_cortex_a53 PMU driver, 7 counters available
[    0.396572] kvm [1]: 8-bit VMID
[    0.397416] kvm [1]: Hyp mode initialized successfully
[    0.402343] Initialise system trusted keyrings
[    0.402687] workingset: timestamp_bits=46 max_order=18 bucket_order=0
[    0.414999] FS-Cache: Netfs 'nfs' registered for caching
[    0.416067] NFS: Registering the id_resolver key type
[    0.416148] Key type id_resolver registered
[    0.416178] Key type id_legacy registered
[    0.416220] nfs4filelayout_init: NFSv4 File Layout Driver Registering...
[    0.423979] Key type asymmetric registered
[    0.424028] Asymmetric key parser 'x509' registered
[    0.424127] Block layer SCSI generic (bsg) driver version 0.4 loaded (major 248)
[    0.424477] io scheduler noop registered
[    0.424511] io scheduler deadline registered (default)
[    0.424772] io scheduler cfq registered
[    0.424805] io scheduler mq-deadline registered (default)
[    0.424838] io scheduler kyber registered
[    0.428223] bcm2708_fb soc:fb: FB found 1 display(s)
[    0.443280] Console: switching to colour frame buffer device 82x26
[    0.448187] bcm2708_fb soc:fb: Registered framebuffer for display 0, size 656x416
[    0.455555] Serial: 8250/16550 driver, 1 ports, IRQ sharing enabled
[    0.460041] bcm2835-rng 3f104000.rng: hwrng registered
[    0.463035] vc-mem: phys_addr:0x00000000 mem_base=0x3ec00000 mem_size:0x40000000(1024 MiB)
[    0.468847] gpiomem-bcm2835 3f200000.gpiomem: Initialised: Registers at 0x3f200000
[    0.474366] cacheinfo: Unable to detect cache hierarchy for CPU 0
[    0.493025] brd: module loaded
[    0.511146] loop: module loaded
[    0.514894] Loading iSCSI transport class v2.0-870.
[    0.520200] libphy: Fixed MDIO Bus: probed
[    0.523164] usbcore: registered new interface driver r8152
[    0.525819] usbcore: registered new interface driver lan78xx
[    0.528444] usbcore: registered new interface driver smsc95xx
[    0.531285] dwc_otg: version 3.00a 10-AUG-2012 (platform bus)
[    0.561843] dwc_otg 3f980000.usb: base=(____ptrval____)
[    0.777942] Core Release: 2.80a
[    0.780464] Setting default values for core params
[    0.782982] Finished setting default values for core params
[    0.998677] Using Buffer DMA mode
[    1.001091] Periodic Transfer Interrupt Enhancement - disabled
[    1.003520] Multiprocessor Interrupt Enhancement - disabled
[    1.005956] OTG VER PARAM: 0, OTG VER FLAG: 0
[    1.008300] Dedicated Tx FIFOs mode
[    1.011450] WARN::dwc_otg_hcd_init:1074: FIQ DMA bounce buffers: virt = ffffff80090c1000 dma = 0x00000000fad14000 len=9024
[    1.015991] FIQ FSM acceleration enabled for :
[    1.015991] Non-periodic Split Transactions
[    1.015991] Periodic Split Transactions
[    1.015991] High-Speed Isochronous Endpoints
[    1.015991] Interrupt/Control Split Transaction hack enabled
[    1.026804] WARN::hcd_init_fiq:497: MPHI regs_base at ffffff800805d000
[    1.029115] dwc_otg 3f980000.usb: DWC OTG Controller
[    1.031431] dwc_otg 3f980000.usb: new USB bus registered, assigned bus number 1
[    1.033922] dwc_otg 3f980000.usb: irq 9, io mem 0x00000000
[    1.036356] Init: Port Power? op_state=1
[    1.038686] Init: Power Port (0)
[    1.041386] usb usb1: New USB device found, idVendor=1d6b, idProduct=0002, bcdDevice= 4.19
[    1.046137] usb usb1: New USB device strings: Mfr=3, Product=2, SerialNumber=1
[    1.048700] usb usb1: Product: DWC OTG Controller
[    1.051175] usb usb1: Manufacturer: Linux 4.19.118-v8+ dwc_otg_hcd
[    1.053704] usb usb1: SerialNumber: 3f980000.usb
[    1.057008] hub 1-0:1.0: USB hub found
[    1.059506] hub 1-0:1.0: 1 port detected
[    1.063180] usbcore: registered new interface driver uas
[    1.065650] usbcore: registered new interface driver usb-storage
[    1.068185] mousedev: PS/2 mouse device common for all mice
[    1.072028] bcm2835-wdt bcm2835-wdt: Broadcom BCM2835 watchdog timer
[    1.075981] cpufreq: cpufreq_online: CPU0: Running at unlisted freq: 600000 KHz
[    1.080727] cpufreq: cpufreq_online: CPU0: Unlisted initial frequency changed to: 700000 KHz
[    1.083999] sdhci: Secure Digital Host Controller Interface driver
[    1.085094] sdhci: Copyright(c) Pierre Ossman
[    1.086457] sdhost-bcm2835 3f202000.mmc: could not get clk, deferring probe
[    1.087658] sdhci-pltfm: SDHCI platform and OF driver helper
[    1.090131] ledtrig-cpu: registered to indicate activity on CPUs
[    1.091356] hidraw: raw HID events driver (C) Jiri Kosina
[    1.092592] usbcore: registered new interface driver usbhid
[    1.093674] usbhid: USB HID core driver
[    1.095371] vchiq: vchiq_init_state: slot_zero = (____ptrval____), is_master = 0
[    1.099658] Initializing XFRM netlink socket
[    1.100803] NET: Registered protocol family 17
[    1.101973] Key type dns_resolver registered
[    1.103741] registered taskstats version 1
[    1.104845] Loading compiled-in X.509 certificates
[    1.111570] uart-pl011 3f201000.serial: cts_event_workaround enabled
[    1.112840] 3f201000.serial: ttyAMA0 at MMIO 0x3f201000 (irq = 66, base_baud = 0) is a PL011 rev2
[    2.113292] console [ttyAMA0] enabled
[    2.119052] bcm2835-power bcm2835-power: Broadcom BCM2835 power domains driver
[    2.128301] sdhost: log_buf @ (____ptrval____) (fad13000)
[    2.183975] mmc0: sdhost-bcm2835 loaded - DMA enabled (>1)
[    2.192344] of_cfs_init
[    2.195964] of_cfs_init: OK
[    2.200361] Waiting for root device PARTUUID=4c999877-02...
[    2.228476] Indeed it is in host mode hprt0 = 00021501
[    2.294234] mmc0: host does not support reading read-only switch, assuming write-enable
[    2.312939] mmc0: new high speed SDHC card at address aaaa
[    2.320748] mmcblk0: mmc0:aaaa SC16G 14.8 GiB
[    2.330709]  mmcblk0: p1 p2
[    2.335040] random: fast init done
[    2.357287] EXT4-fs (mmcblk0p2): mounted filesystem with ordered data mode. Opts: (null)
[    2.367629] VFS: Mounted root (ext4 filesystem) readonly on device 179:2.
[    2.385692] devtmpfs: mounted
[    2.392939] Freeing unused kernel memory: 1024K
[    2.398683] Run /sbin/init as init process
[    2.432352] usb 1-1: new high-speed USB device number 2 using dwc_otg
[    2.440092] Indeed it is in host mode hprt0 = 00001101
[    2.656642] usb 1-1: New USB device found, idVendor=0424, idProduct=2514, bcdDevice= b.b3
[    2.667086] usb 1-1: New USB device strings: Mfr=0, Product=0, SerialNumber=0
[    2.675905] hub 1-1:1.0: USB hub found
[    2.681006] hub 1-1:1.0: 4 ports detected
[    2.972359] usb 1-1.1: new high-speed USB device number 3 using dwc_otg
[    3.025945] systemd[1]: System time before build time, advancing clock.
[    3.080619] usb 1-1.1: New USB device found, idVendor=0424, idProduct=2514, bcdDevice= b.b3
[    3.091384] usb 1-1.1: New USB device strings: Mfr=0, Product=0, SerialNumber=0
[    3.100469] hub 1-1.1:1.0: USB hub found
[    3.105759] hub 1-1.1:1.0: 3 ports detected
[    3.192094] NET: Registered protocol family 10
[    3.198658] Segment Routing with IPv6
[    3.248210] systemd[1]: systemd 241 running in system mode. (+PAM +AUDIT +SELINUX +IMA +APPARMOR +SMACK +SYSVINIT +UTMP +LIBCRYPTSETUP +GCRYPT +GNUTLS +ACL +XZ +LZ4 +SECCOMP +
BLKID +ELFUTILS +KMOD -IDN2 +IDN -PCRE2 default-hierarchy=hybrid)
[    3.273921] systemd[1]: Detected architecture arm64.
[    3.291063] systemd[1]: Set hostname to <raspberrypi>.
[    3.393093] uart-pl011 3f201000.serial: no DMA platform data
[    3.559132] systemd[90]: /lib/systemd/system-generators/systemd-fstab-generator terminated by signal ILL.
[    3.694806] usb 1-1.1.1: new high-speed USB device number 4 using dwc_otg
[    3.711404] random: crng init done
[    3.800803] usb 1-1.1.1: New USB device found, idVendor=0424, idProduct=7800, bcdDevice= 3.00
[    3.811842] usb 1-1.1.1: New USB device strings: Mfr=0, Product=0, SerialNumber=0
[    3.909901] systemd[1]: Created slice system-getty.slice.
[    3.919070] systemd[1]: Listening on Syslog Socket.
[    3.927502] systemd[1]: Listening on Journal Socket.
[    3.939048] systemd[1]: Starting Create list of required static device nodes for the current kernel...
[    3.953778] systemd[1]: Started Forward Password Requests to Wall Directory Watch.
[    3.966943] systemd[1]: Listening on udev Control Socket.
[    3.975424] Kernel panic - not syncing: stack-protector: Kernel stack is corrupted in: __disable_irq_nosync+0xa4/0xa8
[    3.975432] CPU: 1 PID: 1 Comm: systemd Not tainted 4.19.118-v8+ #1311
[    3.975435] Hardware name: Raspberry Pi 3 Model B Plus Rev 1.3 (DT)
[    3.975438] Call trace:
[    3.975444]  dump_backtrace+0x0/0x178
[    3.975448]  show_stack+0x24/0x30
[    3.975454]  dump_stack+0xa4/0xdc
[    3.975459]  panic+0x140/0x294
[    3.975464]  print_tainted+0x0/0xc8
[    3.975467]  __disable_irq_nosync+0xa4/0xa8
[    3.975470]  disable_irq+0x20/0x38
[    3.975477]  local_fiq_disable+0x20/0x28
[    3.975482]  dwc_otg_hcd_handle_hc_intr+0x30/0x108
[    3.975486]  dwc_otg_hcd_handle_intr+0x288/0x390
[    3.975490]  dwc_otg_hcd_irq+0x20/0x38
[    3.975497]  usb_hcd_irq+0x3c/0x60
[    3.975500]  __handle_irq_event_percpu+0x74/0x2a8
[    3.975504]  handle_irq_event_percpu+0x40/0x98
[    3.975507]  handle_irq_event+0x50/0x80
[    3.975512]  handle_level_irq+0xd8/0x198
[    3.975515]  generic_handle_irq+0x34/0x50
[    3.975522]  bcm2836_chained_handle_irq+0x40/0x60
[    3.975525]  generic_handle_irq+0x34/0x50
[    3.975528]  __handle_domain_irq+0x8c/0x100
[    3.975533]  bcm2836_arm_irqchip_handle_irq+0x68/0xd8
[    3.975536]  el1_irq+0xb4/0x130
[    3.975541]  cfb_imageblit+0x618/0x880
[    3.975545]  bcm2708_fb_imageblit+0x28/0x38
[    3.975548]  bit_putcs+0x280/0x460
[    3.975551]  fbcon_putcs+0x114/0x148
[    3.975555]  fbcon_redraw.isra.16+0x15c/0x1e0
[    3.975558]  fbcon_scroll+0x250/0xc10
[    3.975563]  con_scroll+0x1fc/0x208
[    3.975566]  lf+0xcc/0xd8
[    3.975570]  do_con_trol+0xdc/0x1410
[    3.975573]  do_con_write.part.18+0x1a4/0x938
[    3.975576]  con_write+0x90/0x98
[    3.975582]  do_output_char+0x108/0x1c8
[    3.975585]  n_tty_write+0x1f0/0x428
[    3.975589]  tty_write+0x194/0x2d0
[    3.975593]  redirected_tty_write+0xb4/0xc8
[    3.975600]  do_iter_write+0x174/0x1b0
[    3.975604]  compat_writev+0x98/0x140
[    3.975608]  do_compat_writev+0x7c/0xf0
[    3.975612]  __arm64_compat_sys_writev+0x2c/0x38
[    3.975619]  el0_svc_common+0xf4/0x1c0
[    3.975623]  el0_svc_compat_handler+0x30/0x40
[    3.975626]  el0_svc_compat+0x8/0x18
[    3.975634] SMP: stopping secondary CPUs
[    3.975641] Kernel Offset: disabled
[    3.975645] CPU features: 0x0,24002004
[    3.975647] Memory Limit: none
[    4.226474] ---[ end Kernel panic - not syncing: stack-protector: Kernel stack is corrupted in: __disable_irq_nosync+0xa4/0xa8 ]--- 
