[    0.000000] Booting Linux on physical CPU 0x0000000000 [0x410fd034]
[    0.000000] Linux version 4.19.118-v8+ (dom@buildbot) (gcc version 5.4.0 20160609 (Ubuntu/Linaro 5.4.0-6ubuntu1~16.04.9)) #1311 SMP PREEMPT Mon Apr 27 14:32:38 BST 2020
[    0.000000] Machine model: Raspberry Pi 3 Model B Rev 1.2
[    0.000000] efi: Getting EFI parameters from FDT:
[    0.000000] efi: UEFI not found.
[    0.000000] cma: Reserved 8 MiB at 0x000000003ac00000
[    0.000000] random: get_random_bytes called from start_kernel+0xb8/0x47c with crng_init=0
[    0.000000] percpu: Embedded 24 pages/cpu s58840 r8192 d31272 u98304
[    0.000000] Detected VIPT I-cache on CPU0
[    0.000000] CPU features: enabling workaround for ARM erratum 843419
[    0.000000] CPU features: enabling workaround for ARM erratum 845719
[    0.000000] Built 1 zonelists, mobility grouping on.  Total pages: 238896
[    0.000000] Kernel command line: coherent_pool=1M 8250.nr_uarts=1 snd_bcm2835.enable_compat_alsa=0 snd_bcm2835.enable_hdmi=1 snd_bcm2835.enable_headphones=1 bcm2708_fb.fbwidtt
[    0.000000] Dentry cache hash table entries: 131072 (order: 8, 1048576 bytes)
[    0.000000] Inode-cache hash table entries: 65536 (order: 7, 524288 bytes)
[    0.000000] Memory: 929096K/970752K available (8700K kernel code, 1074K rwdata, 2760K rodata, 1024K init, 1126K bss, 33464K reserved, 8192K cma-reserved)
[    0.000000] SLUB: HWalign=64, Order=0-3, MinObjects=0, CPUs=4, Nodes=1
[    0.000000] ftrace: allocating 30496 entries in 120 pages
[    0.000000] rcu: Preemptible hierarchical RCU implementation.
[    0.000000] rcu:     RCU restricting CPUs from NR_CPUS=64 to nr_cpu_ids=4.
[    0.000000]  Tasks RCU enabled.
[    0.000000] rcu: Adjusting geometry for rcu_fanout_leaf=16, nr_cpu_ids=4
[    0.000000] NR_IRQS: 64, nr_irqs: 64, preallocated irqs: 0
[    0.000000] arch_timer: cp15 timer(s) running at 19.20MHz (phys).
[    0.000000] clocksource: arch_sys_counter: mask: 0xffffffffffffff max_cycles: 0x46d987e47, max_idle_ns: 440795202767 ns
[    0.000007] sched_clock: 56 bits at 19MHz, resolution 52ns, wraps every 4398046511078ns
[    0.000272] Console: colour dummy device 80x25
[    0.000936] console [tty1] enabled
[    0.001006] Calibrating delay loop (skipped), value calculated using timer frequency.. 38.40 BogoMIPS (lpj=76800)
[    0.001059] pid_max: default: 32768 minimum: 301
[    0.001493] Mount-cache hash table entries: 2048 (order: 2, 16384 bytes)
[    0.001550] Mountpoint-cache hash table entries: 2048 (order: 2, 16384 bytes)
[    0.024101] ASID allocator initialised with 32768 entries
[    0.032099] rcu: Hierarchical SRCU implementation.
[    0.040730] EFI services will not be available.
[    0.048178] smp: Bringing up secondary CPUs ...
[    0.080444] Detected VIPT I-cache on CPU1
[    0.080514] CPU1: Booted secondary processor 0x0000000001 [0x410fd034]
[    0.112569] Detected VIPT I-cache on CPU2
[    0.112617] CPU2: Booted secondary processor 0x0000000002 [0x410fd034]
[    0.144735] Detected VIPT I-cache on CPU3
[    0.144781] CPU3: Booted secondary processor 0x0000000003 [0x410fd034]
[    0.144966] smp: Brought up 1 node, 4 CPUs
[    0.145122] SMP: Total of 4 processors activated.
[    0.145156] CPU features: detected: 32-bit EL0 Support
[    0.146129] CPU: All CPU(s) started at EL2
[    0.146204] alternatives: patching kernel code
[    0.147830] devtmpfs: initialized
[    0.164014] Enabled cp15_barrier support
[    0.164081] Enabled setend support
[    0.164621] clocksource: jiffies: mask: 0xffffffff max_cycles: 0xffffffff, max_idle_ns: 7645041785100000 ns
[    0.164682] futex hash table entries: 1024 (order: 4, 65536 bytes)
[    0.165440] pinctrl core: initialized pinctrl subsystem
[    0.166334] DMI not present or invalid.
[    0.166906] NET: Registered protocol family 16
[    0.173372] cpuidle: using governor menu
[    0.173986] hw-breakpoint: found 6 breakpoint and 4 watchpoint registers.
[    0.178607] DMA: preallocated 1024 KiB pool for atomic allocations
[    0.178786] Serial: AMBA PL011 UART driver
[    0.183384] bcm2835-mbox 3f00b880.mailbox: mailbox enabled
[    0.192945] raspberrypi-firmware soc:firmware: Attached to firmware from 2020-04-15 11:43, variant start
[    0.196963] raspberrypi-firmware soc:firmware: Firmware hash is 82f9bb929ce2186eb1824178c1ae82902ad6275c
[    0.239148] bcm2835-dma 3f007000.dma: DMA legacy API manager at (____ptrval____), dmachans=0x1
[    0.242690] vgaarb: loaded
[    0.243195] SCSI subsystem initialized
[    0.243491] usbcore: registered new interface driver usbfs
[    0.243596] usbcore: registered new interface driver hub
[    0.243758] usbcore: registered new device driver usb
[    0.243935] pps_core: LinuxPPS API ver. 1 registered
[    0.243969] pps_core: Software ver. 5.3.6 - Copyright 2005-2007 Rodolfo Giometti <giometti@linux.it>
[    0.244030] PTP clock support registered
[    0.245887] clocksource: Switched to clocksource arch_sys_counter
[    0.371094] VFS: Disk quotas dquot_6.6.0
[    0.371235] VFS: Dquot-cache hash table entries: 512 (order 0, 4096 bytes)
[    0.371517] FS-Cache: Loaded
[    0.371796] CacheFiles: Loaded
[    0.383845] NET: Registered protocol family 2
[    0.384811] tcp_listen_portaddr_hash hash table entries: 512 (order: 1, 8192 bytes)
[    0.384887] TCP established hash table entries: 8192 (order: 4, 65536 bytes)
[    0.385030] TCP bind hash table entries: 8192 (order: 5, 131072 bytes)
[    0.385249] TCP: Hash tables configured (established 8192 bind 8192)
[    0.385540] UDP hash table entries: 512 (order: 2, 16384 bytes)
[    0.385616] UDP-Lite hash table entries: 512 (order: 2, 16384 bytes)
[    0.386048] NET: Registered protocol family 1
[    0.387014] RPC: Registered named UNIX socket transport module.
[    0.387051] RPC: Registered udp transport module.
[    0.387082] RPC: Registered tcp transport module.
[    0.387112] RPC: Registered tcp NFSv4.1 backchannel transport module.
[    0.389723] hw perfevents: enabled with armv8_cortex_a53 PMU driver, 7 counters available
[    0.389997] kvm [1]: 8-bit VMID
[    0.390842] kvm [1]: Hyp mode initialized successfully
[    0.395729] Initialise system trusted keyrings
[    0.396065] workingset: timestamp_bits=46 max_order=18 bucket_order=0
[    0.408276] FS-Cache: Netfs 'nfs' registered for caching
[    0.409334] NFS: Registering the id_resolver key type
[    0.409394] Key type id_resolver registered
[    0.409425] Key type id_legacy registered
[    0.409467] nfs4filelayout_init: NFSv4 File Layout Driver Registering...
[    0.417209] Key type asymmetric registered
[    0.417258] Asymmetric key parser 'x509' registered
[    0.417357] Block layer SCSI generic (bsg) driver version 0.4 loaded (major 248)
[    0.417653] io scheduler noop registered
[    0.417689] io scheduler deadline registered (default)
[    0.418063] io scheduler cfq registered
[    0.418097] io scheduler mq-deadline registered (default)
[    0.418131] io scheduler kyber registered
[    0.424036] bcm2708_fb soc:fb: FB found 1 display(s)
[    0.433538] Console: switching to colour frame buffer device 82x26
[    0.438457] bcm2708_fb soc:fb: Registered framebuffer for display 0, size 656x416
[    0.445831] Serial: 8250/16550 driver, 1 ports, IRQ sharing enabled
[    0.450413] bcm2835-rng 3f104000.rng: hwrng registered
[    0.453362] vc-mem: phys_addr:0x00000000 mem_base=0x3ec00000 mem_size:0x40000000(1024 MiB)
[    0.459215] gpiomem-bcm2835 3f200000.gpiomem: Initialised: Registers at 0x3f200000
[    0.464751] cacheinfo: Unable to detect cache hierarchy for CPU 0
[    0.482997] brd: module loaded
[    0.501155] loop: module loaded
[    0.504890] Loading iSCSI transport class v2.0-870.
[    0.510233] libphy: Fixed MDIO Bus: probed
[    0.513164] usbcore: registered new interface driver r8152
[    0.515832] usbcore: registered new interface driver lan78xx
[    0.518450] usbcore: registered new interface driver smsc95xx
[    0.521316] dwc_otg: version 3.00a 10-AUG-2012 (platform bus)
[    0.551848] dwc_otg 3f980000.usb: base=(____ptrval____)
[    0.767995] Core Release: 2.80a
[    0.770524] Setting default values for core params
[    0.773046] Finished setting default values for core params
[    0.988527] Using Buffer DMA mode
[    0.990940] Periodic Transfer Interrupt Enhancement - disabled
[    0.993366] Multiprocessor Interrupt Enhancement - disabled
[    0.995800] OTG VER PARAM: 0, OTG VER FLAG: 0
[    0.998167] Dedicated Tx FIFOs mode
[    1.001244] WARN::dwc_otg_hcd_init:1074: FIQ DMA bounce buffers: virt = ffffff80090c1000 dma = 0x00000000fad04000 len=9024
[    1.005794] FIQ FSM acceleration enabled for :
[    1.005794] Non-periodic Split Transactions
[    1.005794] Periodic Split Transactions
[    1.005794] High-Speed Isochronous Endpoints
[    1.005794] Interrupt/Control Split Transaction hack enabled
[    1.016729] WARN::hcd_init_fiq:497: MPHI regs_base at ffffff8008065000
[    1.019045] dwc_otg 3f980000.usb: DWC OTG Controller
[    1.021359] dwc_otg 3f980000.usb: new USB bus registered, assigned bus number 1
[    1.023847] dwc_otg 3f980000.usb: irq 9, io mem 0x00000000
[    1.026284] Init: Port Power? op_state=1
[    1.028615] Init: Power Port (0)
[    1.031289] usb usb1: New USB device found, idVendor=1d6b, idProduct=0002, bcdDevice= 4.19
[    1.036051] usb usb1: New USB device strings: Mfr=3, Product=2, SerialNumber=1
[    1.038670] usb usb1: Product: DWC OTG Controller
[    1.041157] usb usb1: Manufacturer: Linux 4.19.118-v8+ dwc_otg_hcd
[    1.043696] usb usb1: SerialNumber: 3f980000.usb
[    1.046977] hub 1-0:1.0: USB hub found
[    1.049484] hub 1-0:1.0: 1 port detected
[    1.053152] usbcore: registered new interface driver uas
[    1.055620] usbcore: registered new interface driver usb-storage
[    1.058184] mousedev: PS/2 mouse device common for all mice
[    1.062062] bcm2835-wdt bcm2835-wdt: Broadcom BCM2835 watchdog timer
[    1.066659] sdhci: Secure Digital Host Controller Interface driver
[    1.069100] sdhci: Copyright(c) Pierre Ossman
[    1.072235] sdhost-bcm2835 3f202000.mmc: could not get clk, deferring probe
[    1.075000] sdhci-pltfm: SDHCI platform and OF driver helper
[    1.079655] ledtrig-cpu: registered to indicate activity on CPUs
[    1.082424] hidraw: raw HID events driver (C) Jiri Kosina
[    1.085109] usbcore: registered new interface driver usbhid
[    1.087621] usbhid: USB HID core driver
[    1.091364] vchiq: vchiq_init_state: slot_zero = (____ptrval____), is_master = 0
[    1.100179] Initializing XFRM netlink socket
[    1.102692] NET: Registered protocol family 17
[    1.105246] Key type dns_resolver registered
[    1.109017] registered taskstats version 1
[    1.111378] Loading compiled-in X.509 certificates
[    1.125721] uart-pl011 3f201000.serial: cts_event_workaround enabled
[    1.128377] 3f201000.serial: ttyAMA0 at MMIO 0x3f201000 (irq = 66, base_baud = 0) is a PL011 rev2
[    2.119074] console [ttyAMA0] enabled
[    2.127332] bcm2835-power bcm2835-power: Broadcom BCM2835 power domains driver
[    2.139086] sdhost: log_buf @ (____ptrval____) (fad07000)
[    2.196612] mmc0: sdhost-bcm2835 loaded - DMA enabled (>1)
[    2.208532] of_cfs_init
[    2.213686] of_cfs_init: OK
[    2.219926] Waiting for root device PARTUUID=4c999877-02...
[    2.242193] Indeed it is in host mode hprt0 = 00021501
[    2.304225] mmc0: host does not support reading read-only switch, assuming write-enable
[    2.335452] mmc0: new high speed SDHC card at address aaaa
[    2.345792] mmcblk0: mmc0:aaaa SC16G 14.8 GiB
[    2.362476]  mmcblk0: p1 p2
[    2.371287] random: fast init done
[    2.381306] EXT4-fs (mmcblk0p2): INFO: recovery required on readonly filesystem
[    2.391246] EXT4-fs (mmcblk0p2): write access will be enabled during recovery
[    2.417988] EXT4-fs (mmcblk0p2): recovery complete
[    2.443610] EXT4-fs (mmcblk0p2): mounted filesystem with ordered data mode. Opts: (null)
[    2.456794] VFS: Mounted root (ext4 filesystem) readonly on device 179:2.
[    2.457962] usb 1-1: new high-speed USB device number 2 using dwc_otg
[    2.475562] Indeed it is in host mode hprt0 = 00001101
[    2.489958] devtmpfs: mounted
[    2.502000] Freeing unused kernel memory: 1024K
[    2.509200] Run /sbin/init as init process
[    2.694521] usb 1-1: New USB device found, idVendor=0424, idProduct=9514, bcdDevice= 2.00
[    2.708058] usb 1-1: New USB device strings: Mfr=0, Product=0, SerialNumber=0
[    2.719015] hub 1-1:1.0: USB hub found
[    2.725780] hub 1-1:1.0: 5 ports detected
[    3.021969] usb 1-1.1: new high-speed USB device number 3 using dwc_otg
[    3.130508] usb 1-1.1: New USB device found, idVendor=0424, idProduct=ec00, bcdDevice= 2.00
[    3.144181] usb 1-1.1: New USB device strings: Mfr=0, Product=0, SerialNumber=0
[    3.157556] smsc95xx v1.0.6
[    3.232899] smsc95xx 1-1.1:1.0 eth0: register 'smsc95xx' at usb-3f980000.usb-1.1, smsc95xx USB 2.0 Ethernet, b8:27:eb:6d:27:bc
[    3.263192] systemd[1]: System time before build time, advancing clock.
[    3.452587] NET: Registered protocol family 10
[    3.461836] Segment Routing with IPv6
[    3.531438] systemd[1]: systemd 241 running in system mode. (+PAM +AUDIT +SELINUX +IMA +APPARMOR +SMACK +SYSVINIT +UTMP +LIBCRYPTSETUP +GCRYPT +GNUTLS +ACL +XZ +LZ4 +SECCOMP )
[    3.562959] systemd[1]: Detected architecture arm64.
[    3.592767] systemd[1]: Set hostname to <raspberrypi>.
[    3.762905] random: crng init done
[    3.828047] uart-pl011 3f201000.serial: no DMA platform data
[    4.623570] systemd[1]: Listening on Journal Socket (/dev/log).
[    4.637419] systemd[1]: Started Dispatch Password Requests to Console Directory Watch.
[    4.661443] systemd[1]: Created slice system-getty.slice.
[    4.674156] systemd[1]: Listening on initctl Compatibility Named Pipe.
[    4.688557] systemd[1]: Listening on Journal Socket.
[    4.707081] systemd[1]: Mounting POSIX Message Queue File System...
[    4.720482] systemd[1]: Condition check resulted in Kernel Module supporting RPCSEC_GSS being skipped.
[    9.793776] Unable to handle kernel paging request at virtual address 0012174d01c22c00
[    9.793779] Mem abort info:
[    9.793781]   ESR = 0x96000004
[    9.793783]   Exception class = DABT (current EL), IL = 32 bits
[    9.793784]   SET = 0, FnV = 0
[    9.793786]   EA = 0, S1PTW = 0
[    9.793787] Data abort info:
[    9.793789]   ISV = 0, ISS = 0x00000004
[    9.793790]   CM = 0, WnR = 0
[    9.793793] [0012174d01c22c00] address between user and kernel address ranges
[    9.793795] Internal error: Oops: 96000004 [#1] PREEMPT SMP
[    9.793796] Modules linked in: garp stp llc binfmt_misc bcm2835_codec(C) bcm2835_v4l2(C) v4l2_mem2mem raspberrypi_hwmon hwmon bcm2835_mmal_vchiq(C) v4l2_common videobuf2_dma_6
[    9.793828] Process kworker/0:1H (pid: 83, stack limit = 0x00000000bc3c2ae5)
[    9.793830] CPU: 0 PID: 83 Comm: kworker/0:1H Tainted: G         C        4.19.118-v8+ #1311
[    9.793832] Hardware name: Raspberry Pi 3 Model B Rev 1.2 (DT)
[    9.793834] Workqueue: kblockd blk_mq_run_work_fn
[    9.793837] pstate: 20000085 (nzCv daIf -PAN -UAO)
[    9.793838] pc : string+0x24/0x88
[    9.793840] lr : vsnprintf+0x1b8/0x608
[    9.793842] sp : ffffff800955b3f0
[    9.793844] Unable to handle kernel read from unreadable memory at virtual address ffffffc03ab760d0
[    9.793847] Kernel panic - not syncing: stack-protector: Kernel stack is corrupted in: printk_safe_log_store+0x148/0x148
[    9.793848] SMP: stopping secondary CPUs
[    9.793850] Kernel Offset: disabled
[    9.793852] CPU features: 0x0,24002004
[    9.793853] Memory Limit: none
[    9.982985] ---[ end Kernel panic - not syncing: stack-protector: Kernel stack is corrupted in: printk_safe_log_store+0x148/0x148 ]---
