[    0.000000] Booting Linux on physical CPU 0x0000000000 [0x410fd034]
[    0.000000] Linux version 4.19.118-v8+ (dom@buildbot) (gcc version 5.4.0 20160609 (Ubuntu/Linaro 5.4.0-6ubuntu1~16.04.9)) #1311 SMP PREEMPT Mon Apr 27 14:32:38 BST 2020
[    0.000000] Machine model: Raspberry Pi 3 Model B Rev 1.2
[    0.000000] efi: Getting EFI parameters from FDT:
[    0.000000] efi: UEFI not found.
[    0.000000] cma: Reserved 8 MiB at 0x000000003ac00000
[    0.000000] random: get_random_bytes called from start_kernel+0xb8/0x47c with crng_init=0
[    0.000000] percpu: Embedded 24 pages/cpu s58840 r8192 d31272 u98304
[    0.000000] Detected VIPT I-cache on CPU0
[    0.000000] CPU features: enabling workaround for ARM erratum 843419
[    0.000000] CPU features: enabling workaround for ARM erratum 845719
[    0.000000] Built 1 zonelists, mobility grouping on.  Total pages: 238896
[    0.000000] Kernel command line: coherent_pool=1M 8250.nr_uarts=1 snd_bcm2835.enable_compat_alsa=0 snd_bcm2835.enable_hdmi=1 snd_bcm2835.enable_headphones=1 bcm2708_fb.fbwidth
=656 bcm2708_fb.fbheight=416 bcm2708_fb.fbswap=1 vc_mem.mem_base=0x3ec00000 vc_mem.mem_size=0x40000000  dwc_otg.lpm_enable=0 console=ttyAMA0,115200 console=tty1 root=PARTUUID=4c9
99877-02 rootfstype=ext4 elevator=deadline fsck.repair=yes rootwait
[    0.000000] Dentry cache hash table entries: 131072 (order: 8, 1048576 bytes)
[    0.000000] Inode-cache hash table entries: 65536 (order: 7, 524288 bytes)
[    0.000000] Memory: 929096K/970752K available (8700K kernel code, 1074K rwdata, 2760K rodata, 1024K init, 1126K bss, 33464K reserved, 8192K cma-reserved)
[    0.000000] SLUB: HWalign=64, Order=0-3, MinObjects=0, CPUs=4, Nodes=1
[    0.000000] ftrace: allocating 30496 entries in 120 pages
[    0.000000] rcu: Preemptible hierarchical RCU implementation.
[    0.000000] rcu:     RCU restricting CPUs from NR_CPUS=64 to nr_cpu_ids=4.
[    0.000000]  Tasks RCU enabled.
[    0.000000] rcu: Adjusting geometry for rcu_fanout_leaf=16, nr_cpu_ids=4
[    0.000000] NR_IRQS: 64, nr_irqs: 64, preallocated irqs: 0
[    0.000000] arch_timer: cp15 timer(s) running at 19.20MHz (phys).
[    0.000000] clocksource: arch_sys_counter: mask: 0xffffffffffffff max_cycles: 0x46d987e47, max_idle_ns: 440795202767 ns
[    0.000007] sched_clock: 56 bits at 19MHz, resolution 52ns, wraps every 4398046511078ns
[    0.000271] Console: colour dummy device 80x25
[    0.000935] console [tty1] enabled
[    0.001005] Calibrating delay loop (skipped), value calculated using timer frequency.. 38.40 BogoMIPS (lpj=76800)
[    0.001058] pid_max: default: 32768 minimum: 301
[    0.001492] Mount-cache hash table entries: 2048 (order: 2, 16384 bytes)
[    0.001548] Mountpoint-cache hash table entries: 2048 (order: 2, 16384 bytes)
[    0.024103] ASID allocator initialised with 32768 entries
[    0.032100] rcu: Hierarchical SRCU implementation.
[    0.040737] EFI services will not be available.
[    0.048178] smp: Bringing up secondary CPUs ...
[    0.080444] Detected VIPT I-cache on CPU1
[    0.080514] CPU1: Booted secondary processor 0x0000000001 [0x410fd034]
[    0.112571] Detected VIPT I-cache on CPU2
[    0.112620] CPU2: Booted secondary processor 0x0000000002 [0x410fd034]
[    0.144739] Detected VIPT I-cache on CPU3
[    0.144785] CPU3: Booted secondary processor 0x0000000003 [0x410fd034]
[    0.144970] smp: Brought up 1 node, 4 CPUs
[    0.145124] SMP: Total of 4 processors activated.
[    0.145159] CPU features: detected: 32-bit EL0 Support
[    0.146131] CPU: All CPU(s) started at EL2
[    0.146205] alternatives: patching kernel code
[    0.147831] devtmpfs: initialized
[    0.164025] Enabled cp15_barrier support
[    0.164091] Enabled setend support
[    0.164638] clocksource: jiffies: mask: 0xffffffff max_cycles: 0xffffffff, max_idle_ns: 7645041785100000 ns
[    0.164700] futex hash table entries: 1024 (order: 4, 65536 bytes)
[    0.165465] pinctrl core: initialized pinctrl subsystem
[    0.166357] DMI not present or invalid.
[    0.166924] NET: Registered protocol family 16
[    0.173396] cpuidle: using governor menu
[    0.174008] hw-breakpoint: found 6 breakpoint and 4 watchpoint registers.
[    0.178577] DMA: preallocated 1024 KiB pool for atomic allocations
[    0.178758] Serial: AMBA PL011 UART driver
[    0.183347] bcm2835-mbox 3f00b880.mailbox: mailbox enabled
[    0.192941] raspberrypi-firmware soc:firmware: Attached to firmware from 2020-04-15 11:43, variant start
[    0.196959] raspberrypi-firmware soc:firmware: Firmware hash is 82f9bb929ce2186eb1824178c1ae82902ad6275c
[    0.249903] bcm2835-dma 3f007000.dma: DMA legacy API manager at (____ptrval____), dmachans=0x1
[    0.253244] vgaarb: loaded
[    0.253748] SCSI subsystem initialized
[    0.254045] usbcore: registered new interface driver usbfs
[    0.254150] usbcore: registered new interface driver hub
[    0.254312] usbcore: registered new device driver usb
[    0.254489] pps_core: LinuxPPS API ver. 1 registered
[    0.254523] pps_core: Software ver. 5.3.6 - Copyright 2005-2007 Rodolfo Giometti <giometti@linux.it>
[    0.254582] PTP clock support registered
[    0.256398] clocksource: Switched to clocksource arch_sys_counter
[    0.381556] VFS: Disk quotas dquot_6.6.0
[    0.381697] VFS: Dquot-cache hash table entries: 512 (order 0, 4096 bytes)
[    0.381979] FS-Cache: Loaded
[    0.382264] CacheFiles: Loaded
[    0.394363] NET: Registered protocol family 2
[    0.395328] tcp_listen_portaddr_hash hash table entries: 512 (order: 1, 8192 bytes)
[    0.395403] TCP established hash table entries: 8192 (order: 4, 65536 bytes)
[    0.395547] TCP bind hash table entries: 8192 (order: 5, 131072 bytes)
[    0.395765] TCP: Hash tables configured (established 8192 bind 8192)
[    0.396042] UDP hash table entries: 512 (order: 2, 16384 bytes)
[    0.396119] UDP-Lite hash table entries: 512 (order: 2, 16384 bytes)
[    0.396551] NET: Registered protocol family 1
[    0.397557] RPC: Registered named UNIX socket transport module.
[    0.397593] RPC: Registered udp transport module.
[    0.397624] RPC: Registered tcp transport module.
[    0.397654] RPC: Registered tcp NFSv4.1 backchannel transport module.
[    0.400262] hw perfevents: enabled with armv8_cortex_a53 PMU driver, 7 counters available
[    0.400542] kvm [1]: 8-bit VMID
[    0.401386] kvm [1]: Hyp mode initialized successfully
[    0.406303] Initialise system trusted keyrings
[    0.406648] workingset: timestamp_bits=46 max_order=18 bucket_order=0
[    0.418996] FS-Cache: Netfs 'nfs' registered for caching
[    0.420062] NFS: Registering the id_resolver key type
[    0.420143] Key type id_resolver registered
[    0.420174] Key type id_legacy registered
[    0.420216] nfs4filelayout_init: NFSv4 File Layout Driver Registering...
[    0.428038] Key type asymmetric registered
[    0.428087] Asymmetric key parser 'x509' registered
[    0.428185] Block layer SCSI generic (bsg) driver version 0.4 loaded (major 248)
[    0.428525] io scheduler noop registered
[    0.428559] io scheduler deadline registered (default)
[    0.428821] io scheduler cfq registered
[    0.428854] io scheduler mq-deadline registered (default)
[    0.428888] io scheduler kyber registered
[    0.434617] bcm2708_fb soc:fb: FB found 1 display(s)
[    0.444101] Console: switching to colour frame buffer device 82x26
[    0.449024] bcm2708_fb soc:fb: Registered framebuffer for display 0, size 656x416
[    0.456447] Serial: 8250/16550 driver, 1 ports, IRQ sharing enabled
[    0.460968] bcm2835-rng 3f104000.rng: hwrng registered
[    0.463909] vc-mem: phys_addr:0x00000000 mem_base=0x3ec00000 mem_size:0x40000000(1024 MiB)
[    0.469781] gpiomem-bcm2835 3f200000.gpiomem: Initialised: Registers at 0x3f200000
[    0.475296] cacheinfo: Unable to detect cache hierarchy for CPU 0
[    0.493986] brd: module loaded
[    0.511857] loop: module loaded
[    0.515613] Loading iSCSI transport class v2.0-870.
[    0.520943] libphy: Fixed MDIO Bus: probed
[    0.523868] usbcore: registered new interface driver r8152
[    0.526518] usbcore: registered new interface driver lan78xx
[    0.529148] usbcore: registered new interface driver smsc95xx
[    0.531994] dwc_otg: version 3.00a 10-AUG-2012 (platform bus)
[    0.562528] dwc_otg 3f980000.usb: base=(____ptrval____)
[    0.778488] Core Release: 2.80a
[    0.781007] Setting default values for core params
[    0.783516] Finished setting default values for core params
[    0.999238] Using Buffer DMA mode
[    1.001639] Periodic Transfer Interrupt Enhancement - disabled
[    1.004059] Multiprocessor Interrupt Enhancement - disabled
[    1.006484] OTG VER PARAM: 0, OTG VER FLAG: 0
[    1.008842] Dedicated Tx FIFOs mode
[    1.011996] WARN::dwc_otg_hcd_init:1074: FIQ DMA bounce buffers: virt = ffffff80090c1000 dma = 0x00000000fad04000 len=9024
[    1.016529] FIQ FSM acceleration enabled for :
[    1.016529] Non-periodic Split Transactions
[    1.016529] Periodic Split Transactions
[    1.016529] High-Speed Isochronous Endpoints
[    1.016529] Interrupt/Control Split Transaction hack enabled
[    1.027312] WARN::hcd_init_fiq:497: MPHI regs_base at ffffff8008065000
[    1.029623] dwc_otg 3f980000.usb: DWC OTG Controller
[    1.031963] dwc_otg 3f980000.usb: new USB bus registered, assigned bus number 1
[    1.034455] dwc_otg 3f980000.usb: irq 9, io mem 0x00000000
[    1.036900] Init: Port Power? op_state=1
[    1.039230] Init: Power Port (0)
[    1.041903] usb usb1: New USB device found, idVendor=1d6b, idProduct=0002, bcdDevice= 4.19
[    1.046656] usb usb1: New USB device strings: Mfr=3, Product=2, SerialNumber=1
[    1.049217] usb usb1: Product: DWC OTG Controller
[    1.051691] usb usb1: Manufacturer: Linux 4.19.118-v8+ dwc_otg_hcd
[    1.054220] usb usb1: SerialNumber: 3f980000.usb
[    1.057500] hub 1-0:1.0: USB hub found
[    1.059997] hub 1-0:1.0: 1 port detected
[    1.063591] usbcore: registered new interface driver uas
[    1.066053] usbcore: registered new interface driver usb-storage
[    1.068608] mousedev: PS/2 mouse device common for all mice
[    1.072528] bcm2835-wdt bcm2835-wdt: Broadcom BCM2835 watchdog timer
[    1.077117] sdhci: Secure Digital Host Controller Interface driver
[    1.079552] sdhci: Copyright(c) Pierre Ossman
[    1.082675] sdhost-bcm2835 3f202000.mmc: could not get clk, deferring probe
[    1.085420] sdhci-pltfm: SDHCI platform and OF driver helper
[    1.090077] ledtrig-cpu: registered to indicate activity on CPUs
[    1.092808] hidraw: raw HID events driver (C) Jiri Kosina
[    1.095473] usbcore: registered new interface driver usbhid
[    1.097982] usbhid: USB HID core driver
[    1.101722] vchiq: vchiq_init_state: slot_zero = (____ptrval____), is_master = 0
[    1.110497] Initializing XFRM netlink socket
[    1.112998] NET: Registered protocol family 17
[    1.115499] Key type dns_resolver registered
[    1.119267] registered taskstats version 1
[    1.121626] Loading compiled-in X.509 certificates
[    1.135923] uart-pl011 3f201000.serial: cts_event_workaround enabled
[    1.138580] 3f201000.serial: ttyAMA0 at MMIO 0x3f201000 (irq = 66, base_baud = 0) is a PL011 rev2
[    2.129135] console [ttyAMA0] enabled
[    2.137484] bcm2835-power bcm2835-power: Broadcom BCM2835 power domains driver
[    2.149431] sdhost: log_buf @ (____ptrval____) (fad07000)
[    2.206943] mmc0: sdhost-bcm2835 loaded - DMA enabled (>1)
[    2.219025] of_cfs_init
[    2.224169] of_cfs_init: OK
[    2.230274] Waiting for root device PARTUUID=4c999877-02...
[    2.252593] Indeed it is in host mode hprt0 = 00021501
[    2.314748] mmc0: host does not support reading read-only switch, assuming write-enable
[    2.346947] mmc0: new high speed SDHC card at address aaaa
[    2.357388] mmcblk0: mmc0:aaaa SC16G 14.8 GiB
[    2.369875]  mmcblk0: p1 p2
[    2.373281] random: fast init done
[    2.405695] EXT4-fs (mmcblk0p2): INFO: recovery required on readonly filesystem
[    2.415728] EXT4-fs (mmcblk0p2): write access will be enabled during recovery
[    2.468522] usb 1-1: new high-speed USB device number 2 using dwc_otg
[    2.477915] Indeed it is in host mode hprt0 = 00001101
[    2.539025] EXT4-fs (mmcblk0p2): recovery complete
[    2.553338] EXT4-fs (mmcblk0p2): mounted filesystem with ordered data mode. Opts: (null)
[    2.566515] VFS: Mounted root (ext4 filesystem) readonly on device 179:2.
[    2.587917] devtmpfs: mounted
[    2.600191] Freeing unused kernel memory: 1024K
[    2.607468] Run /sbin/init as init process
[    2.697043] usb 1-1: New USB device found, idVendor=0424, idProduct=9514, bcdDevice= 2.00
[    2.710628] usb 1-1: New USB device strings: Mfr=0, Product=0, SerialNumber=0
[    2.721644] hub 1-1:1.0: USB hub found
[    2.728436] hub 1-1:1.0: 5 ports detected
[    3.024494] usb 1-1.1: new high-speed USB device number 3 using dwc_otg
[    3.133023] usb 1-1.1: New USB device found, idVendor=0424, idProduct=ec00, bcdDevice= 2.00
[    3.146798] usb 1-1.1: New USB device strings: Mfr=0, Product=0, SerialNumber=0
[    3.160115] smsc95xx v1.0.6
[    3.235061] smsc95xx 1-1.1:1.0 eth0: register 'smsc95xx' at usb-3f980000.usb-1.1, smsc95xx USB 2.0 Ethernet, b8:27:eb:6d:27:bc
[    3.361416] systemd[1]: System time before build time, advancing clock.
[    3.550454] NET: Registered protocol family 10
[    3.559675] Segment Routing with IPv6
[    3.629553] systemd[1]: systemd 241 running in system mode. (+PAM +AUDIT +SELINUX +IMA +APPARMOR +SMACK +SYSVINIT +UTMP +LIBCRYPTSETUP +GCRYPT +GNUTLS +ACL +XZ +LZ4 +SECCOMP +
BLKID +ELFUTILS +KMOD -IDN2 +IDN -PCRE2 default-hierarchy=hybrid)
[    3.661378] systemd[1]: Detected architecture arm64.
[    3.691145] systemd[1]: Set hostname to <raspberrypi>.
[    3.739778] random: crng init done
[    3.912793] uart-pl011 3f201000.serial: no DMA platform data
[    4.719458] systemd[1]: Listening on fsck to fsckd communication Socket.
[    4.735127] systemd[1]: Set up automount Arbitrary Executable File Formats File System Automount Point.
[    4.761040] systemd[1]: Created slice system-serial\x2dgetty.slice.
[    4.775182] systemd[1]: Listening on Journal Socket (/dev/log).
[    4.788613] systemd[1]: Started Dispatch Password Requests to Console Directory Watch.
[    4.807285] systemd[1]: Listening on udev Control Socket.
[    4.853029] systemd[1]: Condition check resulted in Journal Audit Socket being skipped.
[    9.864412] Unable to handle kernel paging request at virtual address fffffb80489b07f0
[    9.864415] Unable to handle kernel paging request at virtual address fffffb80489307f0
[    9.864418] Unable to handle kernel paging request at virtual address fffffb80489f07f0
[    9.864425] Mem abort info:
[    9.864426] Mem abort info:
[    9.864429]   ESR = 0x96000004
[    9.864432]   Exception class = DABT (current EL), IL = 32 bits
[    9.864435]   SET = 0, FnV = 0
[    9.864438]   EA = 0, S1PTW = 0
[    9.864440] Data abort info:
[    9.864443]   ISV = 0, ISS = 0x00000004
[    9.864446]   CM = 0, WnR = 0
[    9.864450] [fffffb80489f07f0] address between user and kernel address ranges
[    9.864456] Internal error: Oops: 96000004 [#1] PREEMPT SMP
[    9.864461] Modules linked in: garp stp llc binfmt_misc bcm2835_codec(C) bcm2835_v4l2(C) v4l2_common videobuf2_vmalloc v4l2_mem2mem bcm2835_mmal_vchiq(C) raspberrypi_hwmon vid
eobuf2_dma_contig hwmon videobuf2_memops videobuf2_v4l2 videobuf2_common videodev vc_sm_cma(C) media uio_pdrv_genirq uio ip_tables x_tables ipv6
[    9.864509] Process swapper/3 (pid: 0, stack limit = 0x000000009d061555)
[    9.864516] CPU: 3 PID: 0 Comm: swapper/3 Tainted: G         C        4.19.118-v8+ #1311
[    9.864519] Hardware name: Raspberry Pi 3 Model B Rev 1.2 (DT)
[    9.864525] pstate: 20000085 (nzCv daIf -PAN -UAO)
[    9.864539] pc : __do_softirq+0x1b4/0x3cc
[    9.864543] lr : __do_softirq+0x17c/0x3cc
[    9.864546] sp : ffffff800801bea0
[    9.864549] x29: ffffff800801bec0 x28: ffffffc03959d700 
[    9.864555] x27: ffffff8008cc5000 x26: ffffff8008510598 
[    9.864560] x25: ffffff800801beb0 x24: 0000000000000101 
[    9.864565] x23: 0000000000000282 x22: ffffffc03959d700 
[    9.864570] x21: ffffff8008cc6000 x20: ffffffc03abc1500 
[    9.864575] x19: 00000000ffffffff x18: 0000000000000000 
[    9.864580] x17: 0000000000000000 x16: 0000000000000000 
[    9.864585] x15: 0000000000000000 x14: 0000000000000008 
[    9.864590] x13: 0000000000000000 x12: 003d090000000000 
[    9.864595] x11: 0000000000000000 x10: 0000000000000001 
[    9.864600] x9 : ffffffc03abc1570 x8 : ffffffc03abc1528 
[    9.864605] x7 : 0000040000000000 x6 : 0000000000000000 
[    9.864610] x5 : 0000000000000102 x4 : 0000000000000101 
[    9.864615] x3 : ffffff8008cc5ff8 x2 : ffffff8008911270 
[    9.864620] x1 : 00000000ffffffff x0 : ffffff8008ad9700 
[    9.864626] Call trace:
[    9.864631]  __do_softirq+0x1b4/0x3cc
[    9.864637]  irq_exit+0xe8/0xf8
[    9.864643]  __handle_domain_irq+0x90/0x100
[    9.864648]  bcm2836_arm_irqchip_handle_irq+0x68/0xd8
[    9.864652]  el1_irq+0xb4/0x130
[    9.864658]  arch_cpu_idle+0x30/0x1f0
[    9.864666]  default_idle_call+0x24/0x40
[    9.864671]  do_idle+0x224/0x240
[    9.864675]  cpu_startup_entry+0x2c/0x30
[    9.864681]  secondary_start_kernel+0x188/0x1d8
[    9.864687] Code: f94002a3 2a1803e4 2a1303e1 911c0000 (f8797842) 
[    9.864694] ---[ end trace 56fb3758c252b076 ]---
[    9.864699] Kernel panic - not syncing: Fatal exception in interrupt
[    9.864707] SMP: stopping secondary CPUs
[    9.874416] Mem abort info:
[    9.884472]   ESR = 0x96000004
[    9.894646]   ESR = 0x96000004
[    9.898582]   Exception class = DABT (current EL), IL = 32 bits
[    9.902459]   Exception class = DABT (current EL), IL = 32 bits
[    9.906573]   SET = 0, FnV = 0
[    9.913609]   SET = 0, FnV = 0
[    9.917741]   EA = 0, S1PTW = 0
[    9.921906]   EA = 0, S1PTW = 0
[    9.925791] Data abort info:
[    9.930650] Data abort info:
[    9.934633]   ISV = 0, ISS = 0x00000004
[    9.942871]   ISV = 0, ISS = 0x00000004
[    9.949550]   CM = 0, WnR = 0
[    9.982599]   CM = 0, WnR = 0
[    9.990553] [fffffb80489307f0] address between user and kernel address ranges
[   10.001063] [fffffb80489b07f0] address between user and kernel address ranges
[   10.958463] SMP: failed to stop secondary CPUs 0,2-3
[   10.964143] Kernel Offset: disabled
[   10.968308] CPU features: 0x0,24002004
[   10.972702] Memory Limit: none
[   10.976400] ---[ end Kernel panic - not syncing: Fatal exception in interrupt ]---
