[  496.026696] Unable to handle kernel paging request at virtual address 757bee13
[    0.000000] Booting Linux on physical CPU 0x0
[    0.000000] Linux version 4.19.118-v7+ (dom@buildbot) (gcc version 4.9.3 (crosstool-NG crosstool-ng-1.22.0-88-g8460611)) #1311 SMP Mon Apr 27 14:21:24 BST 2020
[    0.000000] CPU: ARMv7 Processor [410fd034] revision 4 (ARMv7), cr=10c5383d
[    0.000000] CPU: div instructions available: patching division code
[    0.000000] CPU: PIPT / VIPT nonaliasing data cache, VIPT aliasing instruction cache
[    0.000000] OF: fdt: Machine model: Raspberry Pi 3 Model B Plus Rev 1.3
[    0.000000] Memory policy: Data cache writealloc
[    0.000000] cma: Reserved 8 MiB at 0x3ac00000
[    0.000000] On node 0 totalpages: 242688
[    0.000000]   Normal zone: 2133 pages used for memmap
[    0.000000]   Normal zone: 0 pages reserved
[    0.000000]   Normal zone: 242688 pages, LIFO batch:63
[    0.000000] random: get_random_bytes called from start_kernel+0xac/0x4b4 with crng_init=0
[    0.000000] percpu: Embedded 16 pages/cpu s36864 r8192 d20480 u65536
[    0.000000] pcpu-alloc: s36864 r8192 d20480 u65536 alloc=16*4096
[    0.000000] pcpu-alloc: [0] 0 [0] 1 [0] 2 [0] 3 
[    0.000000] Built 1 zonelists, mobility grouping on.  Total pages: 240555
[    0.000000] Kernel command line: coherent_pool=1M 8250.nr_uarts=1 snd_bcm2835.enable_compat_alsa=0 snd_bcm2835.enable_hdmi=1 snd_bcm2835.enable_headphones=1 bcm2708_fb.fbwidth=656 bcm2708_fb.fbheight=416 bcm2708_fb.fbswap=1 vc_mem.mem_1
[    0.000000] Dentry cache hash table entries: 131072 (order: 7, 524288 bytes)
[    0.000000] Inode-cache hash table entries: 65536 (order: 6, 262144 bytes)
[    0.000000] Memory: 939064K/970752K available (8192K kernel code, 656K rwdata, 2232K rodata, 1024K init, 831K bss, 23496K reserved, 8192K cma-reserved)
[    0.000000] Virtual kernel memory layout:
[    0.000000]     vector  : 0xffff0000 - 0xffff1000   (   4 kB)
[    0.000000]     fixmap  : 0xffc00000 - 0xfff00000   (3072 kB)
[    0.000000]     vmalloc : 0xbb800000 - 0xff800000   (1088 MB)
[    0.000000]     lowmem  : 0x80000000 - 0xbb400000   ( 948 MB)
[    0.000000]     modules : 0x7f000000 - 0x80000000   (  16 MB)
[    0.000000]       .text : 0x(ptrval) - 0x(ptrval)   (9184 kB)
[    0.000000]       .init : 0x(ptrval) - 0x(ptrval)   (1024 kB)
[    0.000000]       .data : 0x(ptrval) - 0x(ptrval)   ( 657 kB)
[    0.000000]        .bss : 0x(ptrval) - 0x(ptrval)   ( 832 kB)
[    0.000000] SLUB: HWalign=64, Order=0-3, MinObjects=0, CPUs=4, Nodes=1
[    0.000000] ftrace: allocating 27093 entries in 80 pages
[    0.000000] rcu: Hierarchical RCU implementation.
[    0.000000] NR_IRQS: 16, nr_irqs: 16, preallocated irqs: 16
[    0.000000] arch_timer: cp15 timer(s) running at 19.20MHz (phys).
[    0.000000] clocksource: arch_sys_counter: mask: 0xffffffffffffff max_cycles: 0x46d987e47, max_idle_ns: 440795202767 ns
[    0.000007] sched_clock: 56 bits at 19MHz, resolution 52ns, wraps every 4398046511078ns
[    0.000023] Switching to timer-based delay loop, resolution 52ns
[    0.000276] Console: colour dummy device 80x30
[    0.000925] console [tty1] enabled
[    0.000983] Calibrating delay loop (skipped), value calculated using timer frequency.. 38.40 BogoMIPS (lpj=192000)
[    0.001026] pid_max: default: 32768 minimum: 301
[    0.001393] Mount-cache hash table entries: 2048 (order: 1, 8192 bytes)
[    0.001430] Mountpoint-cache hash table entries: 2048 (order: 1, 8192 bytes)
[    0.002385] CPU: Testing write buffer coherency: ok
[    0.002869] CPU0: thread -1, cpu 0, socket 0, mpidr 80000000
[    0.003553] Setting up static identity map for 0x100000 - 0x10003c
[    0.003720] rcu: Hierarchical SRCU implementation.
[    0.004551] smp: Bringing up secondary CPUs ...
[    0.005470] CPU1: thread -1, cpu 1, socket 0, mpidr 80000001
[    0.006448] CPU2: thread -1, cpu 2, socket 0, mpidr 80000002
[    0.007366] CPU3: thread -1, cpu 3, socket 0, mpidr 80000003
[    0.007480] smp: Brought up 1 node, 4 CPUs
[    0.007561] SMP: Total of 4 processors activated (153.60 BogoMIPS).
[    0.007585] CPU: All CPU(s) started in HYP mode.
[    0.007605] CPU: Virtualization extensions available.
[    0.008601] devtmpfs: initialized
[    0.022400] VFP support v0.3: implementor 41 architecture 3 part 40 variant 3 rev 4
[    0.022673] clocksource: jiffies: mask: 0xffffffff max_cycles: 0xffffffff, max_idle_ns: 19112604462750000 ns
[    0.022724] futex hash table entries: 1024 (order: 4, 65536 bytes)
[    0.023332] pinctrl core: initialized pinctrl subsystem
[    0.024197] NET: Registered protocol family 16
[    0.027579] DMA: preallocated 1024 KiB pool for atomic coherent allocations
[    0.033663] hw-breakpoint: found 5 (+1 reserved) breakpoint and 4 watchpoint registers.
[    0.033699] hw-breakpoint: maximum watchpoint size is 8 bytes.
[    0.033914] Serial: AMBA PL011 UART driver
[    0.036266] bcm2835-mbox 3f00b880.mailbox: mailbox enabled
[    0.050030] raspberrypi-firmware soc:firmware: Attached to firmware from 2020-04-15 11:43, variant start
[    0.060043] raspberrypi-firmware soc:firmware: Firmware hash is 82f9bb929ce2186eb1824178c1ae82902ad6275c
[    0.103236] bcm2835-dma 3f007000.dma: DMA legacy API manager at (ptrval), dmachans=0x1
[    0.104889] SCSI subsystem initialized
[    0.105134] usbcore: registered new interface driver usbfs
[    0.105213] usbcore: registered new interface driver hub
[    0.105326] usbcore: registered new device driver usb
[    0.107230] clocksource: Switched to clocksource arch_sys_counter
[    0.197789] VFS: Disk quotas dquot_6.6.0
[    0.197900] VFS: Dquot-cache hash table entries: 1024 (order 0, 4096 bytes)
[    0.198071] FS-Cache: Loaded
[    0.198300] CacheFiles: Loaded
[    0.208325] NET: Registered protocol family 2
[    0.209190] tcp_listen_portaddr_hash hash table entries: 512 (order: 0, 6144 bytes)
[    0.209255] TCP established hash table entries: 8192 (order: 3, 32768 bytes)
[    0.209385] TCP bind hash table entries: 8192 (order: 4, 65536 bytes)
[    0.209590] TCP: Hash tables configured (established 8192 bind 8192)
[    0.209754] UDP hash table entries: 512 (order: 2, 16384 bytes)
[    0.209824] UDP-Lite hash table entries: 512 (order: 2, 16384 bytes)
[    0.210083] NET: Registered protocol family 1
[    0.210671] RPC: Registered named UNIX socket transport module.
[    0.210698] RPC: Registered udp transport module.
[    0.210720] RPC: Registered tcp transport module.
[    0.210741] RPC: Registered tcp NFSv4.1 backchannel transport module.
[    0.212763] hw perfevents: enabled with armv7_cortex_a7 PMU driver, 7 counters available
[    0.215868] Initialise system trusted keyrings
[    0.216081] workingset: timestamp_bits=14 max_order=18 bucket_order=4
[    0.226051] FS-Cache: Netfs 'nfs' registered for caching
[    0.226631] NFS: Registering the id_resolver key type
[    0.226678] Key type id_resolver registered
[    0.226700] Key type id_legacy registered
[    0.226731] nfs4filelayout_init: NFSv4 File Layout Driver Registering...
[    0.232176] Key type asymmetric registered
[    0.232212] Asymmetric key parser 'x509' registered
[    0.232287] Block layer SCSI generic (bsg) driver version 0.4 loaded (major 250)
[    0.232480] io scheduler noop registered
[    0.232505] io scheduler deadline registered (default)
[    0.232722] io scheduler cfq registered
[    0.232747] io scheduler mq-deadline registered (default)
[    0.232771] io scheduler kyber registered
[    0.234996] bcm2708_fb soc:fb: FB found 1 display(s)
[    0.244352] Console: switching to colour frame buffer device 82x26
[    0.251202] bcm2708_fb soc:fb: Registered framebuffer for display 0, size 656x416
[    0.256823] Serial: 8250/16550 driver, 1 ports, IRQ sharing enabled
[    0.260656] bcm2835-rng 3f104000.rng: hwrng registered
[    0.263330] vc-mem: phys_addr:0x00000000 mem_base=0x3ec00000 mem_size:0x40000000(1024 MiB)
[    0.268732] vc-sm: Videocore shared memory driver
[    0.271542] gpiomem-bcm2835 3f200000.gpiomem: Initialised: Registers at 0x3f200000
[    0.287462] brd: module loaded
[    0.300183] loop: module loaded
[    0.303272] Loading iSCSI transport class v2.0-870.
[    0.306430] libphy: Fixed MDIO Bus: probed
[    0.308984] usbcore: registered new interface driver lan78xx
[    0.311500] usbcore: registered new interface driver smsc95xx
[    0.313934] dwc_otg: version 3.00a 10-AUG-2012 (platform bus)
[    0.344250] dwc_otg 3f980000.usb: base=(ptrval)
[    0.546953] Core Release: 2.80a
[    0.549437] Setting default values for core params
[    0.551939] Finished setting default values for core params
[    0.754716] Using Buffer DMA mode
[    0.757120] Periodic Transfer Interrupt Enhancement - disabled
[    0.759552] Multiprocessor Interrupt Enhancement - disabled
[    0.761939] OTG VER PARAM: 0, OTG VER FLAG: 0
[    0.764290] Dedicated Tx FIFOs mode
[    0.766992] WARN::dwc_otg_hcd_init:1074: FIQ DMA bounce buffers: virt = bad14000 dma = 0xfad14000 len=9024
[    0.771600] FIQ FSM acceleration enabled for :
[    0.771600] Non-periodic Split Transactions
[    0.771600] Periodic Split Transactions
[    0.771600] High-Speed Isochronous Endpoints
[    0.771600] Interrupt/Control Split Transaction hack enabled
[    0.782520] dwc_otg: Microframe scheduler enabled
[    0.782577] WARN::hcd_init_fiq:457: FIQ on core 1
[    0.784808] WARN::hcd_init_fiq:458: FIQ ASM at 8068fda0 length 36
[    0.787021] WARN::hcd_init_fiq:497: MPHI regs_base at bb810000
[    0.789279] dwc_otg 3f980000.usb: DWC OTG Controller
[    0.791541] dwc_otg 3f980000.usb: new USB bus registered, assigned bus number 1
[    0.793864] dwc_otg 3f980000.usb: irq 56, io mem 0x00000000
[    0.796170] Init: Port Power? op_state=1
[    0.798430] Init: Power Port (0)
[    0.800851] usb usb1: New USB device found, idVendor=1d6b, idProduct=0002, bcdDevice= 4.19
[    0.805361] usb usb1: New USB device strings: Mfr=3, Product=2, SerialNumber=1
[    0.807797] usb usb1: Product: DWC OTG Controller
[    0.810169] usb usb1: Manufacturer: Linux 4.19.118-v7+ dwc_otg_hcd
[    0.812598] usb usb1: SerialNumber: 3f980000.usb
[    0.815562] hub 1-0:1.0: USB hub found
[    0.817873] hub 1-0:1.0: 1 port detected
[    0.820623] dwc_otg: FIQ enabled
[    0.820629] dwc_otg: NAK holdoff enabled
[    0.820635] dwc_otg: FIQ split-transaction FSM enabled
[    0.820645] Module dwc_common_port init
[    0.820909] usbcore: registered new interface driver usb-storage
[    0.823377] mousedev: PS/2 mouse device common for all mice
[    0.826518] bcm2835-wdt bcm2835-wdt: Broadcom BCM2835 watchdog timer
[    0.829184] bcm2835-cpufreq: min=600000 max=1390000
[    0.832007] sdhci: Secure Digital Host Controller Interface driver
[    0.834428] sdhci: Copyright(c) Pierre Ossman
[    0.837262] sdhost-bcm2835 3f202000.mmc: could not get clk, deferring probe
[    0.839928] sdhci-pltfm: SDHCI platform and OF driver helper
[    0.843985] ledtrig-cpu: registered to indicate activity on CPUs
[    0.846679] hidraw: raw HID events driver (C) Jiri Kosina
[    0.849449] usbcore: registered new interface driver usbhid
[    0.851995] usbhid: USB HID core driver
[    0.855299] vchiq: vchiq_init_state: slot_zero = (ptrval), is_master = 0
[    0.859460] [vc_sm_connected_init]: start
[    0.869155] [vc_sm_connected_init]: end - returning 0
[    0.872676] Initializing XFRM netlink socket
[    0.875066] NET: Registered protocol family 17
[    0.877550] Key type dns_resolver registered
[    0.880700] Registering SWP/SWPB emulation handler
[    0.883703] registered taskstats version 1
[    0.886080] Loading compiled-in X.509 certificates
[    0.895084] uart-pl011 3f201000.serial: cts_event_workaround enabled
[    0.897645] 3f201000.serial: ttyAMA0 at MMIO 0x3f201000 (irq = 81, base_baud = 0) is a PL011 rev2
[    1.907546] console [ttyAMA0] enabled
[    1.915595] sdhost: log_buf @ (ptrval) (fad13000)
[    1.971051] mmc0: sdhost-bcm2835 loaded - DMA enabled (>1)
[    1.980224] of_cfs_init
[    1.985031] of_cfs_init: OK
[    1.990687] Waiting for root device PARTUUID=4c999877-02...
[    2.017419] Indeed it is in host mode hprt0 = 00021501
[    2.105126] mmc0: host does not support reading read-only switch, assuming write-enable
[    2.113955] random: fast init done
[    2.124376] mmc0: new high speed SDHC card at address 59b4
[    2.133376] mmcblk0: mmc0:59b4 USDU1 14.9 GiB
[    2.142305]  mmcblk0: p1 p2
[    2.188299] EXT4-fs (mmcblk0p2): mounted filesystem with ordered data mode. Opts: (null)
[    2.201296] VFS: Mounted root (ext4 filesystem) readonly on device 179:2.
[    2.218866] devtmpfs: mounted
[    2.227272] usb 1-1: new high-speed USB device number 2 using dwc_otg
[    2.236651] Indeed it is in host mode hprt0 = 00001101
[    2.238192] Freeing unused kernel memory: 1024K
[    2.304817] Run /sbin/init as init process
[    2.477570] usb 1-1: New USB device found, idVendor=0424, idProduct=2514, bcdDevice= b.b3
[    2.490956] usb 1-1: New USB device strings: Mfr=0, Product=0, SerialNumber=0
[    2.501503] hub 1-1:1.0: USB hub found
[    2.508135] hub 1-1:1.0: 4 ports detected
[    2.827269] usb 1-1.1: new high-speed USB device number 3 using dwc_otg
[    2.957539] usb 1-1.1: New USB device found, idVendor=0424, idProduct=2514, bcdDevice= b.b3
[    2.971269] usb 1-1.1: New USB device strings: Mfr=0, Product=0, SerialNumber=0
[    2.982098] hub 1-1.1:1.0: USB hub found
[    2.988923] hub 1-1.1:1.0: 3 ports detected
[    3.647279] usb 1-1.1.1: new high-speed USB device number 4 using dwc_otg
[    3.777672] usb 1-1.1.1: New USB device found, idVendor=0424, idProduct=7800, bcdDevice= 3.00
[    3.791746] usb 1-1.1.1: New USB device strings: Mfr=0, Product=0, SerialNumber=0
[    4.068858] lan78xx 1-1.1.1:1.0 (unnamed net_device) (uninitialized): No External EEPROM. Setting MAC Speed
[    4.085439] libphy: lan78xx-mdiobus: probed
[    4.930143] lan78xx 1-1.1.1:1.0 (unnamed net_device) (uninitialized): int urb period 64
[    5.014189] systemd[1]: System time before build time, advancing clock.
[    5.127064] systemd[1]: systemd 241 running in system mode. (+PAM +AUDIT +SELINUX +IMA +APPARMOR +SMACK +SYSVINIT +UTMP +LIBCRYPTSETUP +GCRYPT +GNUTLS +ACL +XZ +LZ4 +SECCOMP +BLKID +ELFUTILS +KMOD -IDN2 +IDN -PCRE2 default-hierarchy=hy)
[    5.158587] systemd[1]: Detected architecture arm.
[    5.217485] systemd[1]: Set hostname to <raspberrypi>.
[    5.467177] uart-pl011 3f201000.serial: no DMA platform data
[    6.625572] random: systemd: uninitialized urandom read (16 bytes read)
[    6.646431] random: systemd: uninitialized urandom read (16 bytes read)
[    6.656128] systemd[1]: Reached target Swap.
[    6.667132] random: systemd: uninitialized urandom read (16 bytes read)
[    6.677209] systemd[1]: Listening on fsck to fsckd communication Socket.
[    6.695618] systemd[1]: Created slice system-getty.slice.
[    6.707761] systemd[1]: Started Forward Password Requests to Wall Directory Watch.
[    6.724803] systemd[1]: Listening on Syslog Socket.
[    6.736440] systemd[1]: Listening on Journal Socket.
[    6.755564] systemd[1]: Starting Load Kernel Modules...
[    8.662447] EXT4-fs (mmcblk0p2): re-mounted. Opts: (null)
[    8.765598] systemd-journald[117]: Received request to flush runtime journal from PID 1
[   13.029479] random: crng init done
[   13.029498] random: 7 urandom warning(s) missed due to ratelimiting
[   13.352354] lan78xx 1-1.1.1:1.0 eth0: kevent 4 may have been dropped
[   13.449360] Adding 102396k swap on /var/swap.  Priority:-2 extents:1 across:102396k SSFS
[  496.026696] Unable to handle kernel paging request at virtual address 757bee13
[    0.000000] Booting Linux on physical CPU 0x0
