[    0.000000] Booting Linux on physical CPU 0x0000000000 [0x410fd034]
[    0.000000] Linux version 4.19.118-v8+ (dom@buildbot) (gcc version 5.4.0 20160609 (Ubuntu/Linaro 5.4.0-6ubuntu1~16.04.9)) #1311 SMP PREEMPT Mon Apr 27 14:32:38 BST 2020
[    0.000000] Machine model: Raspberry Pi 3 Model B Plus Rev 1.3
[    0.000000] efi: Getting EFI parameters from FDT:
[    0.000000] efi: UEFI not found.
[    0.000000] cma: Reserved 8 MiB at 0x000000003ac00000
[    0.000000] random: get_random_bytes called from start_kernel+0xb8/0x47c with crng_init=0
[    0.000000] percpu: Embedded 24 pages/cpu s58840 r8192 d31272 u98304
[    0.000000] Detected VIPT I-cache on CPU0
[    0.000000] CPU features: enabling workaround for ARM erratum 843419
[    0.000000] CPU features: enabling workaround for ARM erratum 845719
[    0.000000] Built 1 zonelists, mobility grouping on.  Total pages: 238896
[    0.000000] Kernel command line: coherent_pool=1M 8250.nr_uarts=1 snd_bcm2835.enable_compat_alsa=0 snd_bcm2835.enable_hdmi=1 snd_bcm2835.enable_headphones=1 bcm2708_fb.fbwidth=6
56 bcm2708_fb.fbheight=416 bcm2708_fb.fbswap=1 vc_mem.mem_base=0x3ec00000 vc_mem.mem_size=0x40000000  dwc_otg.lpm_enable=0 console=ttyAMA0,115200 console=tty1 root=PARTUUID=4c99987
7-02 rootfstype=ext4 elevator=deadline fsck.repair=yes rootwait
[    0.000000] Dentry cache hash table entries: 131072 (order: 8, 1048576 bytes)
[    0.000000] Inode-cache hash table entries: 65536 (order: 7, 524288 bytes)
[    0.000000] Memory: 929092K/970752K available (8700K kernel code, 1074K rwdata, 2760K rodata, 1024K init, 1126K bss, 33468K reserved, 8192K cma-reserved)
[    0.000000] SLUB: HWalign=64, Order=0-3, MinObjects=0, CPUs=4, Nodes=1
[    0.000000] ftrace: allocating 30496 entries in 120 pages
[    0.000000] rcu: Preemptible hierarchical RCU implementation.
[    0.000000] rcu:     RCU restricting CPUs from NR_CPUS=64 to nr_cpu_ids=4.
[    0.000000]  Tasks RCU enabled.
[    0.000000] rcu: Adjusting geometry for rcu_fanout_leaf=16, nr_cpu_ids=4
[    0.000000] NR_IRQS: 64, nr_irqs: 64, preallocated irqs: 0
[    0.000000] arch_timer: cp15 timer(s) running at 19.20MHz (phys).
[    0.000000] clocksource: arch_sys_counter: mask: 0xffffffffffffff max_cycles: 0x46d987e47, max_idle_ns: 440795202767 ns
[    0.000007] sched_clock: 56 bits at 19MHz, resolution 52ns, wraps every 4398046511078ns
[    0.000271] Console: colour dummy device 80x25
[    0.000936] console [tty1] enabled
[    0.001006] Calibrating delay loop (skipped), value calculated using timer frequency.. 38.40 BogoMIPS (lpj=76800)
[    0.001059] pid_max: default: 32768 minimum: 301
[    0.001485] Mount-cache hash table entries: 2048 (order: 2, 16384 bytes)
[    0.001541] Mountpoint-cache hash table entries: 2048 (order: 2, 16384 bytes)
[    0.024104] ASID allocator initialised with 32768 entries
[    0.032100] rcu: Hierarchical SRCU implementation.
[    0.040742] EFI services will not be available.
[    0.048179] smp: Bringing up secondary CPUs ...
[    0.080445] Detected VIPT I-cache on CPU1
[    0.080514] CPU1: Booted secondary processor 0x0000000001 [0x410fd034]
[    0.112572] Detected VIPT I-cache on CPU2
[    0.112622] CPU2: Booted secondary processor 0x0000000002 [0x410fd034]
[    0.144734] Detected VIPT I-cache on CPU3
[    0.144780] CPU3: Booted secondary processor 0x0000000003 [0x410fd034]
[    0.144965] smp: Brought up 1 node, 4 CPUs
[    0.145118] SMP: Total of 4 processors activated.
[    0.145153] CPU features: detected: 32-bit EL0 Support
[    0.146125] CPU: All CPU(s) started at EL2
[    0.146199] alternatives: patching kernel code
[    0.147825] devtmpfs: initialized
[    0.164115] Enabled cp15_barrier support
[    0.164181] Enabled setend support
[    0.164764] clocksource: jiffies: mask: 0xffffffff max_cycles: 0xffffffff, max_idle_ns: 7645041785100000 ns
[    0.164826] futex hash table entries: 1024 (order: 4, 65536 bytes)
[    0.165545] pinctrl core: initialized pinctrl subsystem
[    0.166433] DMI not present or invalid.
[    0.167003] NET: Registered protocol family 16
[    0.173479] cpuidle: using governor menu
[    0.174106] hw-breakpoint: found 6 breakpoint and 4 watchpoint registers.
[    0.178792] DMA: preallocated 1024 KiB pool for atomic allocations
[    0.178971] Serial: AMBA PL011 UART driver
[    0.183579] bcm2835-mbox 3f00b880.mailbox: mailbox enabled
[    0.192939] raspberrypi-firmware soc:firmware: Attached to firmware from 2020-04-15 11:43, variant start
[    0.196958] raspberrypi-firmware soc:firmware: Firmware hash is 82f9bb929ce2186eb1824178c1ae82902ad6275c
[    0.249895] bcm2835-dma 3f007000.dma: DMA legacy API manager at (____ptrval____), dmachans=0x1
[    0.253224] vgaarb: loaded
[    0.253728] SCSI subsystem initialized
[    0.254026] usbcore: registered new interface driver usbfs
[    0.254121] usbcore: registered new interface driver hub
[    0.254303] usbcore: registered new device driver usb
[    0.254461] pps_core: LinuxPPS API ver. 1 registered
[    0.254494] pps_core: Software ver. 5.3.6 - Copyright 2005-2007 Rodolfo Giometti <giometti@linux.it>
[    0.254562] PTP clock support registered
[    0.256408] clocksource: Switched to clocksource arch_sys_counter
[    0.381494] VFS: Disk quotas dquot_6.6.0
[    0.381634] VFS: Dquot-cache hash table entries: 512 (order 0, 4096 bytes)
[    0.381916] FS-Cache: Loaded
[    0.382180] CacheFiles: Loaded
[    0.394325] NET: Registered protocol family 2
[    0.395296] tcp_listen_portaddr_hash hash table entries: 512 (order: 1, 8192 bytes)
[    0.395371] TCP established hash table entries: 8192 (order: 4, 65536 bytes)
[    0.395515] TCP bind hash table entries: 8192 (order: 5, 131072 bytes)
[    0.395734] TCP: Hash tables configured (established 8192 bind 8192)
[    0.396021] UDP hash table entries: 512 (order: 2, 16384 bytes)
[    0.396099] UDP-Lite hash table entries: 512 (order: 2, 16384 bytes)
[    0.396527] NET: Registered protocol family 1
[    0.397506] RPC: Registered named UNIX socket transport module.
[    0.397543] RPC: Registered udp transport module.
[    0.397574] RPC: Registered tcp transport module.
[    0.397604] RPC: Registered tcp NFSv4.1 backchannel transport module.
[    0.400195] hw perfevents: enabled with armv8_cortex_a53 PMU driver, 7 counters available
[    0.400454] kvm [1]: 8-bit VMID
[    0.401299] kvm [1]: Hyp mode initialized successfully
[    0.406215] Initialise system trusted keyrings
[    0.406556] workingset: timestamp_bits=46 max_order=18 bucket_order=0
[    0.418895] FS-Cache: Netfs 'nfs' registered for caching
[    0.419958] NFS: Registering the id_resolver key type
[    0.420018] Key type id_resolver registered
[    0.420048] Key type id_legacy registered
[    0.420090] nfs4filelayout_init: NFSv4 File Layout Driver Registering...
[    0.427857] Key type asymmetric registered
[    0.427906] Asymmetric key parser 'x509' registered
[    0.428003] Block layer SCSI generic (bsg) driver version 0.4 loaded (major 248)
[    0.428296] io scheduler noop registered
[    0.428331] io scheduler deadline registered (default)
[    0.428642] io scheduler cfq registered
[    0.428676] io scheduler mq-deadline registered (default)
[    0.428710] io scheduler kyber registered
[    0.432119] bcm2708_fb soc:fb: FB found 1 display(s)
[    0.442979] Console: switching to colour frame buffer device 82x26
[    0.447867] bcm2708_fb soc:fb: Registered framebuffer for display 0, size 656x416
[    0.455221] Serial: 8250/16550 driver, 1 ports, IRQ sharing enabled
[    0.459715] bcm2835-rng 3f104000.rng: hwrng registered
[    0.462692] vc-mem: phys_addr:0x00000000 mem_base=0x3ec00000 mem_size:0x40000000(1024 MiB)
[    0.468607] gpiomem-bcm2835 3f200000.gpiomem: Initialised: Registers at 0x3f200000
[    0.474126] cacheinfo: Unable to detect cache hierarchy for CPU 0
[    0.492481] brd: module loaded
[    0.510611] loop: module loaded
[    0.514333] Loading iSCSI transport class v2.0-870.
[    0.519575] libphy: Fixed MDIO Bus: probed
[    0.522529] usbcore: registered new interface driver r8152
[    0.525179] usbcore: registered new interface driver lan78xx
[    0.527766] usbcore: registered new interface driver smsc95xx
[    0.530637] dwc_otg: version 3.00a 10-AUG-2012 (platform bus)
[    0.561181] dwc_otg 3f980000.usb: base=(____ptrval____)
[    0.777160] Core Release: 2.80a
[    0.779644] Setting default values for core params
[    0.782189] Finished setting default values for core params
[    0.997920] Using Buffer DMA mode
[    1.000303] Periodic Transfer Interrupt Enhancement - disabled
[    1.002756] Multiprocessor Interrupt Enhancement - disabled
[    1.005194] OTG VER PARAM: 0, OTG VER FLAG: 0
[    1.007531] Dedicated Tx FIFOs mode
[    1.010789] WARN::dwc_otg_hcd_init:1074: FIQ DMA bounce buffers: virt = ffffff80090c1000 dma = 0x00000000fad14000 len=9024
[    1.015327] FIQ FSM acceleration enabled for :
[    1.015327] Non-periodic Split Transactions
[    1.015327] Periodic Split Transactions
[    1.015327] High-Speed Isochronous Endpoints
[    1.015327] Interrupt/Control Split Transaction hack enabled
[    1.026135] WARN::hcd_init_fiq:497: MPHI regs_base at ffffff800805d000
[    1.028452] dwc_otg 3f980000.usb: DWC OTG Controller
[    1.030773] dwc_otg 3f980000.usb: new USB bus registered, assigned bus number 1
[    1.033266] dwc_otg 3f980000.usb: irq 9, io mem 0x00000000
[    1.035678] Init: Port Power? op_state=1
[    1.038039] Init: Power Port (0)
[    1.040748] usb usb1: New USB device found, idVendor=1d6b, idProduct=0002, bcdDevice= 4.19
[    1.045523] usb usb1: New USB device strings: Mfr=3, Product=2, SerialNumber=1
[    1.048069] usb usb1: Product: DWC OTG Controller
[    1.050578] usb usb1: Manufacturer: Linux 4.19.118-v8+ dwc_otg_hcd
[    1.053116] usb usb1: SerialNumber: 3f980000.usb
[    1.056356] hub 1-0:1.0: USB hub found
[    1.058906] hub 1-0:1.0: 1 port detected
[    1.062512] usbcore: registered new interface driver uas
[    1.064978] usbcore: registered new interface driver usb-storage
[    1.067513] mousedev: PS/2 mouse device common for all mice
[    1.071365] bcm2835-wdt bcm2835-wdt: Broadcom BCM2835 watchdog timer
[    1.075308] cpufreq: cpufreq_online: CPU0: Running at unlisted freq: 600000 KHz
[    1.080085] cpufreq: cpufreq_online: CPU0: Unlisted initial frequency changed to: 700000 KHz
[    1.083376] sdhci: Secure Digital Host Controller Interface driver
[    1.084469] sdhci: Copyright(c) Pierre Ossman
[    1.085841] sdhost-bcm2835 3f202000.mmc: could not get clk, deferring probe
[    1.087050] sdhci-pltfm: SDHCI platform and OF driver helper
[    1.089519] ledtrig-cpu: registered to indicate activity on CPUs
[    1.090741] hidraw: raw HID events driver (C) Jiri Kosina
[    1.091951] usbcore: registered new interface driver usbhid
[    1.093055] usbhid: USB HID core driver
[    1.094738] vchiq: vchiq_init_state: slot_zero = (____ptrval____), is_master = 0
[    1.099019] Initializing XFRM netlink socket
[    1.100134] NET: Registered protocol family 17
[    1.101325] Key type dns_resolver registered
[    1.103110] registered taskstats version 1
[    1.104199] Loading compiled-in X.509 certificates
[    1.110918] uart-pl011 3f201000.serial: cts_event_workaround enabled
[    1.112145] 3f201000.serial: ttyAMA0 at MMIO 0x3f201000 (irq = 66, base_baud = 0) is a PL011 rev2
[    2.112647] console [ttyAMA0] enabled
[    2.118390] bcm2835-power bcm2835-power: Broadcom BCM2835 power domains driver
[    2.127705] sdhost: log_buf @ (____ptrval____) (fad13000)
[    2.183240] mmc0: sdhost-bcm2835 loaded - DMA enabled (>1)
[    2.191535] of_cfs_init
[    2.195148] of_cfs_init: OK
[    2.220910] Waiting for root device PARTUUID=4c999877-02...
[    2.228526] Indeed it is in host mode hprt0 = 00021501
[    2.302287] mmc0: host does not support reading read-only switch, assuming write-enable
[    2.317850] mmc0: new high speed SDHC card at address aaaa
[    2.325636] mmcblk0: mmc0:aaaa SC16G 14.8 GiB
[    2.335562]  mmcblk0: p1 p2
[    2.337002] random: fast init done
[    2.356299] EXT4-fs (mmcblk0p2): INFO: recovery required on readonly filesystem
[    2.364742] EXT4-fs (mmcblk0p2): write access will be enabled during recovery
[    2.383451] EXT4-fs (mmcblk0p2): recovery complete
[    2.403345] EXT4-fs (mmcblk0p2): mounted filesystem with ordered data mode. Opts: (null)
[    2.413629] VFS: Mounted root (ext4 filesystem) readonly on device 179:2.
[    2.424425] usb 1-1: new high-speed USB device number 2 using dwc_otg
[    2.432137] Indeed it is in host mode hprt0 = 00001101
[    2.445154] devtmpfs: mounted
[    2.452152] Freeing unused kernel memory: 1024K
[    2.457839] Run /sbin/init as init process
[    2.583214] Internal error: undefined instruction: 0 [#1] PREEMPT SMP
[    2.590814] Modules linked in:
[    2.594944] Process swapper/1 (pid: 0, stack limit = 0x(____ptrval____))
[    2.602770] CPU: 1 PID: 0 Comm: swapper/1 Not tainted 4.19.118-v8+ #1311
[    2.610590] Hardware name: Raspberry Pi 3 Model B Plus Rev 1.3 (DT)
[    2.617959] pstate: a1c90330d1184754 (NZcV DAiF -PAN -UAO)
[    2.624540] pc : 0x1
[    2.627779] lr : 0xffffff8008efbfd0
[    2.632326] sp : ffffff8008096228
[    2.636697] x29: 5c12174d01c22c00 x28: 0000000000000001 
[    2.643066] x27: 0000000000000001 x26: f22ae1f09bc5fd64 
[    2.649427] x25: c426c8256ca11623 x24: d105098823f22798 
[    2.655780] x23: a1c90330d1184754 x22: 9c5421c1002f4d6f 
[    2.662121] x21: a802b6c0000001d0 x20: 0000000000000001 
[    2.668434] x19: 0000000000000001 x18: 0000000000000087 
[    2.674702] x17: ffffff800810d424 x16: ffffff8008efbfb0 
[    2.680943] x15: ffffff800810d20c x14: ffffff8008efbf40 
[    2.687144] x13: ffffff8008cb81f8 x12: ffffff8008cc8000 
[    2.693322] x11: 0000000000000002 x10: ffffff8008cc86d8 
[    2.699490] x9 : ffffff80088ea72c x8 : ffffff8008efbf30 
[    2.705652] x7 : ffffff8008087f80 x6 : ffffff8008efbf00 
[    2.711769] x5 : ffffff8008cb81f8 x4 : ffffffffffffffff 
[    2.717860] x3 : 0000000000000001 x2 : ffffff8008cc86d8 
[    2.723927] x1 : 0000000020000005 x0 : ffffff8008087f80 
[    2.729948] Call trace:
[    2.733060] Code: bad PC value
[    2.736755] ---[ end trace bb049cef2f539b5b ]---
[    2.742021] Kernel panic - not syncing: Fatal exception in interrupt
[    2.749077] SMP: stopping secondary CPUs
[    3.828086] SMP: failed to stop secondary CPUs 1-2
[    3.833586] Kernel Offset: disabled
[    3.837770] CPU features: 0x0,24002004
[    3.842207] Memory Limit: none
[    3.845933] ---[ end Kernel panic - not syncing: Fatal exception in interrupt ]---
