[    0.000000] Booting Linux on physical CPU 0x0000000000 [0x410fd034]
[    0.000000] Linux version 4.19.118-v8+ (dom@buildbot) (gcc version 5.4.0 20160609 (Ubuntu/Linaro 5.4.0-6ubuntu1~16.04.9)) #1311 SMP PREEMPT Mon Apr 27 14:32:38 BST 2020
[    0.000000] Machine model: Raspberry Pi 3 Model B Plus Rev 1.3
[    0.000000] efi: Getting EFI parameters from FDT:
[    0.000000] efi: UEFI not found.
[    0.000000] cma: Reserved 8 MiB at 0x000000003ac00000
[    0.000000] random: get_random_bytes called from start_kernel+0xb8/0x47c with crng_init=0
[    0.000000] percpu: Embedded 24 pages/cpu s58840 r8192 d31272 u98304
[    0.000000] Detected VIPT I-cache on CPU0
[    0.000000] CPU features: enabling workaround for ARM erratum 843419
[    0.000000] CPU features: enabling workaround for ARM erratum 845719
[    0.000000] Built 1 zonelists, mobility grouping on.  Total pages: 238896
[    0.000000] Kernel command line: coherent_pool=1M 8250.nr_uarts=1 snd_bcm2835.enable_compat_alsa=0 snd_bcm2835.enable_hdmi=1 snd_bcm2835.enable_headphones=1 bcm2708_fb.fbwidth=6
56 bcm2708_fb.fbheight=416 bcm2708_fb.fbswap=1 vc_mem.mem_base=0x3ec00000 vc_mem.mem_size=0x40000000  dwc_otg.lpm_enable=0 console=ttyAMA0,115200 console=tty1 root=PARTUUID=4c99987
7-02 rootfstype=ext4 elevator=deadline fsck.repair=yes rootwait
[    0.000000] Dentry cache hash table entries: 131072 (order: 8, 1048576 bytes)
[    0.000000] Inode-cache hash table entries: 65536 (order: 7, 524288 bytes)
[    0.000000] Memory: 929092K/970752K available (8700K kernel code, 1074K rwdata, 2760K rodata, 1024K init, 1126K bss, 33468K reserved, 8192K cma-reserved)
[    0.000000] SLUB: HWalign=64, Order=0-3, MinObjects=0, CPUs=4, Nodes=1
[    0.000000] ftrace: allocating 30496 entries in 120 pages
[    0.000000] rcu: Preemptible hierarchical RCU implementation.
[    0.000000] rcu:     RCU restricting CPUs from NR_CPUS=64 to nr_cpu_ids=4.
[    0.000000]  Tasks RCU enabled.
[    0.000000] rcu: Adjusting geometry for rcu_fanout_leaf=16, nr_cpu_ids=4
[    0.000000] NR_IRQS: 64, nr_irqs: 64, preallocated irqs: 0
[    0.000000] arch_timer: cp15 timer(s) running at 19.20MHz (phys).
[    0.000000] clocksource: arch_sys_counter: mask: 0xffffffffffffff max_cycles: 0x46d987e47, max_idle_ns: 440795202767 ns
[    0.000007] sched_clock: 56 bits at 19MHz, resolution 52ns, wraps every 4398046511078ns
[    0.000270] Console: colour dummy device 80x25
[    0.000936] console [tty1] enabled
[    0.001006] Calibrating delay loop (skipped), value calculated using timer frequency.. 38.40 BogoMIPS (lpj=76800)
[    0.001059] pid_max: default: 32768 minimum: 301
[    0.001489] Mount-cache hash table entries: 2048 (order: 2, 16384 bytes)
[    0.001545] Mountpoint-cache hash table entries: 2048 (order: 2, 16384 bytes)
[    0.024105] ASID allocator initialised with 32768 entries
[    0.032101] rcu: Hierarchical SRCU implementation.
[    0.040739] EFI services will not be available.
[    0.048178] smp: Bringing up secondary CPUs ...
[    0.080446] Detected VIPT I-cache on CPU1
[    0.080514] CPU1: Booted secondary processor 0x0000000001 [0x410fd034]
[    0.112570] Detected VIPT I-cache on CPU2
[    0.112619] CPU2: Booted secondary processor 0x0000000002 [0x410fd034]
[    0.144734] Detected VIPT I-cache on CPU3
[    0.144779] CPU3: Booted secondary processor 0x0000000003 [0x410fd034]
[    0.144964] smp: Brought up 1 node, 4 CPUs
[    0.145116] SMP: Total of 4 processors activated.
[    0.145151] CPU features: detected: 32-bit EL0 Support
[    0.146122] CPU: All CPU(s) started at EL2
[    0.146196] alternatives: patching kernel code
[    0.147815] devtmpfs: initialized
[    0.164100] Enabled cp15_barrier support
[    0.164165] Enabled setend support
[    0.164743] clocksource: jiffies: mask: 0xffffffff max_cycles: 0xffffffff, max_idle_ns: 7645041785100000 ns
[    0.164805] futex hash table entries: 1024 (order: 4, 65536 bytes)
[    0.165522] pinctrl core: initialized pinctrl subsystem
[    0.166413] DMI not present or invalid.
[    0.166982] NET: Registered protocol family 16
[    0.173441] cpuidle: using governor menu
[    0.174067] hw-breakpoint: found 6 breakpoint and 4 watchpoint registers.
[    0.178692] DMA: preallocated 1024 KiB pool for atomic allocations
[    0.178873] Serial: AMBA PL011 UART driver
[    0.183473] bcm2835-mbox 3f00b880.mailbox: mailbox enabled
[    0.192929] raspberrypi-firmware soc:firmware: Attached to firmware from 2020-04-15 11:43, variant start
[    0.196946] raspberrypi-firmware soc:firmware: Firmware hash is 82f9bb929ce2186eb1824178c1ae82902ad6275c
[    0.245790] bcm2835-dma 3f007000.dma: DMA legacy API manager at (____ptrval____), dmachans=0x1
[    0.249092] vgaarb: loaded
[    0.249679] SCSI subsystem initialized
[    0.249978] usbcore: registered new interface driver usbfs
[    0.250072] usbcore: registered new interface driver hub
[    0.250254] usbcore: registered new device driver usb
[    0.250411] pps_core: LinuxPPS API ver. 1 registered
[    0.250445] pps_core: Software ver. 5.3.6 - Copyright 2005-2007 Rodolfo Giometti <giometti@linux.it>
[    0.250514] PTP clock support registered
[    0.252331] clocksource: Switched to clocksource arch_sys_counter
[    0.377454] VFS: Disk quotas dquot_6.6.0
[    0.377596] VFS: Dquot-cache hash table entries: 512 (order 0, 4096 bytes)
[    0.377877] FS-Cache: Loaded
[    0.378137] CacheFiles: Loaded
[    0.390273] NET: Registered protocol family 2
[    0.391239] tcp_listen_portaddr_hash hash table entries: 512 (order: 1, 8192 bytes)
[    0.391316] TCP established hash table entries: 8192 (order: 4, 65536 bytes)
[    0.391459] TCP bind hash table entries: 8192 (order: 5, 131072 bytes)
[    0.391677] TCP: Hash tables configured (established 8192 bind 8192)
[    0.391955] UDP hash table entries: 512 (order: 2, 16384 bytes)
[    0.392032] UDP-Lite hash table entries: 512 (order: 2, 16384 bytes)
[    0.392460] NET: Registered protocol family 1
[    0.393465] RPC: Registered named UNIX socket transport module.
[    0.393502] RPC: Registered udp transport module.
[    0.393532] RPC: Registered tcp transport module.
[    0.393562] RPC: Registered tcp NFSv4.1 backchannel transport module.
[    0.396159] hw perfevents: enabled with armv8_cortex_a53 PMU driver, 7 counters available
[    0.396429] kvm [1]: 8-bit VMID
[    0.397274] kvm [1]: Hyp mode initialized successfully
[    0.402184] Initialise system trusted keyrings
[    0.402532] workingset: timestamp_bits=46 max_order=18 bucket_order=0
[    0.414731] FS-Cache: Netfs 'nfs' registered for caching
[    0.415790] NFS: Registering the id_resolver key type
[    0.415850] Key type id_resolver registered
[    0.415880] Key type id_legacy registered
[    0.415922] nfs4filelayout_init: NFSv4 File Layout Driver Registering...
[    0.423700] Key type asymmetric registered
[    0.423750] Asymmetric key parser 'x509' registered
[    0.423847] Block layer SCSI generic (bsg) driver version 0.4 loaded (major 248)
[    0.424140] io scheduler noop registered
[    0.424174] io scheduler deadline registered (default)
[    0.424491] io scheduler cfq registered
[    0.424526] io scheduler mq-deadline registered (default)
[    0.424559] io scheduler kyber registered
[    0.427964] bcm2708_fb soc:fb: FB found 1 display(s)
[    0.439138] Console: switching to colour frame buffer device 82x26
[    0.444036] bcm2708_fb soc:fb: Registered framebuffer for display 0, size 656x416
[    0.451371] Serial: 8250/16550 driver, 1 ports, IRQ sharing enabled
[    0.455847] bcm2835-rng 3f104000.rng: hwrng registered
[    0.458814] vc-mem: phys_addr:0x00000000 mem_base=0x3ec00000 mem_size:0x40000000(1024 MiB)
[    0.464617] gpiomem-bcm2835 3f200000.gpiomem: Initialised: Registers at 0x3f200000
[    0.470130] cacheinfo: Unable to detect cache hierarchy for CPU 0
[    0.488573] brd: module loaded
[    0.506545] loop: module loaded
[    0.510266] Loading iSCSI transport class v2.0-870.
[    0.515625] libphy: Fixed MDIO Bus: probed
[    0.518609] usbcore: registered new interface driver r8152
[    0.521271] usbcore: registered new interface driver lan78xx
[    0.523866] usbcore: registered new interface driver smsc95xx
[    0.526744] dwc_otg: version 3.00a 10-AUG-2012 (platform bus)
[    0.557291] dwc_otg 3f980000.usb: base=(____ptrval____)
[    0.773027] Core Release: 2.80a
[    0.775514] Setting default values for core params
[    0.778059] Finished setting default values for core params
[    0.993567] Using Buffer DMA mode
[    0.995946] Periodic Transfer Interrupt Enhancement - disabled
[    0.998390] Multiprocessor Interrupt Enhancement - disabled
[    1.000817] OTG VER PARAM: 0, OTG VER FLAG: 0
[    1.003158] Dedicated Tx FIFOs mode
[    1.006382] WARN::dwc_otg_hcd_init:1074: FIQ DMA bounce buffers: virt = ffffff80090c1000 dma = 0x00000000fad14000 len=9024
[    1.010919] FIQ FSM acceleration enabled for :
[    1.010919] Non-periodic Split Transactions
[    1.010919] Periodic Split Transactions
[    1.010919] High-Speed Isochronous Endpoints
[    1.010919] Interrupt/Control Split Transaction hack enabled
[    1.021724] WARN::hcd_init_fiq:497: MPHI regs_base at ffffff800805d000
[    1.024008] dwc_otg 3f980000.usb: DWC OTG Controller
[    1.026350] dwc_otg 3f980000.usb: new USB bus registered, assigned bus number 1
[    1.028835] dwc_otg 3f980000.usb: irq 9, io mem 0x00000000
[    1.031239] Init: Port Power? op_state=1
[    1.033593] Init: Power Port (0)
[    1.036262] usb usb1: New USB device found, idVendor=1d6b, idProduct=0002, bcdDevice= 4.19
[    1.041014] usb usb1: New USB device strings: Mfr=3, Product=2, SerialNumber=1
[    1.043549] usb usb1: Product: DWC OTG Controller
[    1.046056] usb usb1: Manufacturer: Linux 4.19.118-v8+ dwc_otg_hcd
[    1.048592] usb usb1: SerialNumber: 3f980000.usb
[    1.051860] hub 1-0:1.0: USB hub found
[    1.054402] hub 1-0:1.0: 1 port detected
[    1.058004] usbcore: registered new interface driver uas
[    1.060453] usbcore: registered new interface driver usb-storage
[    1.062995] mousedev: PS/2 mouse device common for all mice
[    1.066850] bcm2835-wdt bcm2835-wdt: Broadcom BCM2835 watchdog timer
[    1.070805] cpufreq: cpufreq_online: CPU0: Running at unlisted freq: 600000 KHz
[    1.075588] cpufreq: cpufreq_online: CPU0: Unlisted initial frequency changed to: 700000 KHz
[    1.078868] sdhci: Secure Digital Host Controller Interface driver
[    1.079940] sdhci: Copyright(c) Pierre Ossman
[    1.081327] sdhost-bcm2835 3f202000.mmc: could not get clk, deferring probe
[    1.082538] sdhci-pltfm: SDHCI platform and OF driver helper
[    1.085013] ledtrig-cpu: registered to indicate activity on CPUs
[    1.086237] hidraw: raw HID events driver (C) Jiri Kosina
[    1.087459] usbcore: registered new interface driver usbhid
[    1.088565] usbhid: USB HID core driver
[    1.090265] vchiq: vchiq_init_state: slot_zero = (____ptrval____), is_master = 0
[    1.094533] Initializing XFRM netlink socket
[    1.095638] NET: Registered protocol family 17
[    1.096836] Key type dns_resolver registered
[    1.098613] registered taskstats version 1
[    1.099710] Loading compiled-in X.509 certificates
[    1.106483] uart-pl011 3f201000.serial: cts_event_workaround enabled
[    1.107709] 3f201000.serial: ttyAMA0 at MMIO 0x3f201000 (irq = 66, base_baud = 0) is a PL011 rev2
[    2.108174] console [ttyAMA0] enabled
[    2.113922] bcm2835-power bcm2835-power: Broadcom BCM2835 power domains driver
[    2.123246] sdhost: log_buf @ (____ptrval____) (fad13000)
[    2.178867] mmc0: sdhost-bcm2835 loaded - DMA enabled (>1)
[    2.187166] of_cfs_init
[    2.190779] of_cfs_init: OK
[    2.216562] Waiting for root device PARTUUID=4c999877-02...
[    2.224485] Indeed it is in host mode hprt0 = 00021501
[    2.298212] mmc0: host does not support reading read-only switch, assuming write-enable
[    2.313979] mmc0: new high speed SDHC card at address aaaa
[    2.321767] mmcblk0: mmc0:aaaa SC16G 14.8 GiB
[    2.331737]  mmcblk0: p1 p2
[    2.332819] random: fast init done
[    2.365236] EXT4-fs (mmcblk0p2): mounted filesystem with ordered data mode. Opts: (null)
[    2.375583] VFS: Mounted root (ext4 filesystem) readonly on device 179:2.
[    2.393488] devtmpfs: mounted
[    2.400615] Freeing unused kernel memory: 1024K
[    2.406371] Run /sbin/init as init process
[    2.420362] usb 1-1: new high-speed USB device number 2 using dwc_otg
[    2.428077] Indeed it is in host mode hprt0 = 00001101
[    2.648638] usb 1-1: New USB device found, idVendor=0424, idProduct=2514, bcdDevice= b.b3
[    2.659073] usb 1-1: New USB device strings: Mfr=0, Product=0, SerialNumber=0
[    2.667963] hub 1-1:1.0: USB hub found
[    2.673094] hub 1-1:1.0: 4 ports detected
[    2.964360] usb 1-1.1: new high-speed USB device number 3 using dwc_otg
[    3.035987] systemd[1]: System time before build time, advancing clock.
[    3.072624] usb 1-1.1: New USB device found, idVendor=0424, idProduct=2514, bcdDevice= b.b3
[    3.083394] usb 1-1.1: New USB device strings: Mfr=0, Product=0, SerialNumber=0
[    3.092449] hub 1-1.1:1.0: USB hub found
[    3.097745] hub 1-1.1:1.0: 3 ports detected
[    3.187591] NET: Registered protocol family 10
[    3.194152] Segment Routing with IPv6
[    3.243502] systemd[1]: systemd 241 running in system mode. (+PAM +AUDIT +SELINUX +IMA +APPARMOR +SMACK +SYSVINIT +UTMP +LIBCRYPTSETUP +GCRYPT +GNUTLS +ACL +XZ +LZ4 +SECCOMP +BL
KID +ELFUTILS +KMOD -IDN2 +IDN -PCRE2 default-hierarchy=hybrid)
[    3.269037] systemd[1]: Detected architecture arm64.
[    3.286357] systemd[1]: Set hostname to <raspberrypi>.
[    3.398625] uart-pl011 3f201000.serial: no DMA platform data
[    3.420339] Kernel panic - not syncing: stack-protector: Kernel stack is corrupted in: return_address+0x94/0x98
[    3.432835] CPU: 1 PID: 0 Comm: swapper/1 Not tainted 4.19.118-v8+ #1311
[    3.440755] Hardware name: Raspberry Pi 3 Model B Plus Rev 1.3 (DT)
[    3.448238] Call trace:
[    3.451844]  dump_backtrace+0x0/0x178
[    3.456636]  show_stack+0x24/0x30
[    3.461035]  dump_stack+0xa4/0xdc
[    3.465383]  panic+0x140/0x294
[    3.469477]  print_tainted+0x0/0xc8
[    3.473998]  return_address+0x94/0x98
[    3.478687]  trace_hardirqs_off+0xd8/0x1c8
[    3.483775]  _raw_spin_lock_irq+0x20/0x68
[    3.488736]  run_timer_softirq+0x6c/0x1a8
[    3.493651]  __do_softirq+0x17c/0x3cc
[    3.498174]  irq_exit+0xe8/0xf8
[    3.502155]  __handle_domain_irq+0x90/0x100
[    3.507180]  bcm2836_arm_irqchip_handle_irq+0x68/0xd8
[    3.513085]  el1_irq+0xb4/0x130
[    3.517052]  arch_cpu_idle+0x30/0x1f0
[    3.521525]  default_idle_call+0x24/0x40
[    3.526228]  do_idle+0x224/0x240
[    3.530184]  cpu_startup_entry+0x2c/0x30
[    3.534803]  secondary_start_kernel+0x188/0x1d8
[    3.540018] SMP: stopping secondary CPUs
[    3.544605] Kernel Offset: disabled
[    3.548750] CPU features: 0x0,24002004
[    3.553161] Memory Limit: none
[    3.556894] ---[ end Kernel panic - not syncing: stack-protector: Kernel stack is corrupted in: return_address+0x94/0x98 ]---
