[    0.000000] Booting Linux on physical CPU 0x0000000000 [0x410fd034]
[    0.000000] Linux version 4.19.118-v8+ (dom@buildbot) (gcc version 5.4.0 20160609 (Ubuntu/Linaro 5.4.0-6ubuntu1~16.04.9)) #1311 SMP PREEMPT Mon Apr 27 14:32:38 BST 2020
[    0.000000] Machine model: Raspberry Pi 3 Model B Plus Rev 1.3
[    0.000000] efi: Getting EFI parameters from FDT:
[    0.000000] efi: UEFI not found.
[    0.000000] cma: Reserved 8 MiB at 0x000000003ac00000
[    0.000000] random: get_random_bytes called from start_kernel+0xb8/0x47c with crng_init=0
[    0.000000] percpu: Embedded 24 pages/cpu s58840 r8192 d31272 u98304
[    0.000000] Detected VIPT I-cache on CPU0
[    0.000000] CPU features: enabling workaround for ARM erratum 843419
[    0.000000] CPU features: enabling workaround for ARM erratum 845719
[    0.000000] Built 1 zonelists, mobility grouping on.  Total pages: 238896
[    0.000000] Kernel command line: coherent_pool=1M 8250.nr_uarts=1 snd_bcm2835.enable_compat_alsa=0 snd_bcm2835.enable_hdmi=1 snd_bcm2835.enable_headphones=1 bcm2708_fb.fbwidth=6
56 bcm2708_fb.fbheight=416 bcm2708_fb.fbswap=1 vc_mem.mem_base=0x3ec00000 vc_mem.mem_size=0x40000000  dwc_otg.lpm_enable=0 console=ttyAMA0,115200 console=tty1 root=PARTUUID=4c99987
7-02 rootfstype=ext4 elevator=deadline fsck.repair=yes rootwait
[    0.000000] Dentry cache hash table entries: 131072 (order: 8, 1048576 bytes)
[    0.000000] Inode-cache hash table entries: 65536 (order: 7, 524288 bytes)
[    0.000000] Memory: 929092K/970752K available (8700K kernel code, 1074K rwdata, 2760K rodata, 1024K init, 1126K bss, 33468K reserved, 8192K cma-reserved)
[    0.000000] SLUB: HWalign=64, Order=0-3, MinObjects=0, CPUs=4, Nodes=1
[    0.000000] ftrace: allocating 30496 entries in 120 pages
[    0.000000] rcu: Preemptible hierarchical RCU implementation.
[    0.000000] rcu:     RCU restricting CPUs from NR_CPUS=64 to nr_cpu_ids=4.
[    0.000000]  Tasks RCU enabled.
[    0.000000] rcu: Adjusting geometry for rcu_fanout_leaf=16, nr_cpu_ids=4
[    0.000000] NR_IRQS: 64, nr_irqs: 64, preallocated irqs: 0
[    0.000000] arch_timer: cp15 timer(s) running at 19.20MHz (phys).
[    0.000000] clocksource: arch_sys_counter: mask: 0xffffffffffffff max_cycles: 0x46d987e47, max_idle_ns: 440795202767 ns
[    0.000008] sched_clock: 56 bits at 19MHz, resolution 52ns, wraps every 4398046511078ns
[    0.000272] Console: colour dummy device 80x25
[    0.000938] console [tty1] enabled
[    0.001008] Calibrating delay loop (skipped), value calculated using timer frequency.. 38.40 BogoMIPS (lpj=76800)
[    0.001060] pid_max: default: 32768 minimum: 301
[    0.001487] Mount-cache hash table entries: 2048 (order: 2, 16384 bytes)
[    0.001544] Mountpoint-cache hash table entries: 2048 (order: 2, 16384 bytes)
[    0.024102] ASID allocator initialised with 32768 entries
[    0.032098] rcu: Hierarchical SRCU implementation.
[    0.040742] EFI services will not be available.
[    0.048177] smp: Bringing up secondary CPUs ...
[    0.080442] Detected VIPT I-cache on CPU1
[    0.080511] CPU1: Booted secondary processor 0x0000000001 [0x410fd034]
[    0.112568] Detected VIPT I-cache on CPU2
[    0.112616] CPU2: Booted secondary processor 0x0000000002 [0x410fd034]
[    0.144733] Detected VIPT I-cache on CPU3
[    0.144780] CPU3: Booted secondary processor 0x0000000003 [0x410fd034]
[    0.144964] smp: Brought up 1 node, 4 CPUs
[    0.145117] SMP: Total of 4 processors activated.
[    0.145152] CPU features: detected: 32-bit EL0 Support
[    0.146127] CPU: All CPU(s) started at EL2
[    0.146201] alternatives: patching kernel code
[    0.147820] devtmpfs: initialized
[    0.164131] Enabled cp15_barrier support
[    0.164198] Enabled setend support
[    0.164770] clocksource: jiffies: mask: 0xffffffff max_cycles: 0xffffffff, max_idle_ns: 7645041785100000 ns
[    0.164833] futex hash table entries: 1024 (order: 4, 65536 bytes)
[    0.165552] pinctrl core: initialized pinctrl subsystem
[    0.166443] DMI not present or invalid.
[    0.167012] NET: Registered protocol family 16
[    0.173475] cpuidle: using governor menu
[    0.174099] hw-breakpoint: found 6 breakpoint and 4 watchpoint registers.
[    0.178770] DMA: preallocated 1024 KiB pool for atomic allocations
[    0.178949] Serial: AMBA PL011 UART driver
[    0.183555] bcm2835-mbox 3f00b880.mailbox: mailbox enabled
[    0.192925] raspberrypi-firmware soc:firmware: Attached to firmware from 2020-04-15 11:43, variant start
[    0.196943] raspberrypi-firmware soc:firmware: Firmware hash is 82f9bb929ce2186eb1824178c1ae82902ad6275c
[    0.239123] bcm2835-dma 3f007000.dma: DMA legacy API manager at (____ptrval____), dmachans=0x1
[    0.242657] vgaarb: loaded
[    0.243164] SCSI subsystem initialized
[    0.243462] usbcore: registered new interface driver usbfs
[    0.243557] usbcore: registered new interface driver hub
[    0.243738] usbcore: registered new device driver usb
[    0.243896] pps_core: LinuxPPS API ver. 1 registered
[    0.243930] pps_core: Software ver. 5.3.6 - Copyright 2005-2007 Rodolfo Giometti <giometti@linux.it>
[    0.243989] PTP clock support registered
[    0.245867] clocksource: Switched to clocksource arch_sys_counter
[    0.371043] VFS: Disk quotas dquot_6.6.0
[    0.371183] VFS: Dquot-cache hash table entries: 512 (order 0, 4096 bytes)
[    0.371465] FS-Cache: Loaded
[    0.371729] CacheFiles: Loaded
[    0.383823] NET: Registered protocol family 2
[    0.384790] tcp_listen_portaddr_hash hash table entries: 512 (order: 1, 8192 bytes)
[    0.384866] TCP established hash table entries: 8192 (order: 4, 65536 bytes)
[    0.385010] TCP bind hash table entries: 8192 (order: 5, 131072 bytes)
[    0.385238] TCP: Hash tables configured (established 8192 bind 8192)
[    0.385523] UDP hash table entries: 512 (order: 2, 16384 bytes)
[    0.385601] UDP-Lite hash table entries: 512 (order: 2, 16384 bytes)
[    0.386031] NET: Registered protocol family 1
[    0.387017] RPC: Registered named UNIX socket transport module.
[    0.387054] RPC: Registered udp transport module.
[    0.387085] RPC: Registered tcp transport module.
[    0.387115] RPC: Registered tcp NFSv4.1 backchannel transport module.
[    0.389699] hw perfevents: enabled with armv8_cortex_a53 PMU driver, 7 counters available
[    0.389972] kvm [1]: 8-bit VMID
[    0.390814] kvm [1]: Hyp mode initialized successfully
[    0.395737] Initialise system trusted keyrings
[    0.396079] workingset: timestamp_bits=46 max_order=18 bucket_order=0
[    0.408442] FS-Cache: Netfs 'nfs' registered for caching
[    0.409511] NFS: Registering the id_resolver key type
[    0.409577] Key type id_resolver registered
[    0.409607] Key type id_legacy registered
[    0.409650] nfs4filelayout_init: NFSv4 File Layout Driver Registering...
[    0.417417] Key type asymmetric registered
[    0.417465] Asymmetric key parser 'x509' registered
[    0.417565] Block layer SCSI generic (bsg) driver version 0.4 loaded (major 248)
[    0.417911] io scheduler noop registered
[    0.417947] io scheduler deadline registered (default)
[    0.418250] io scheduler cfq registered
[    0.418283] io scheduler mq-deadline registered (default)
[    0.418316] io scheduler kyber registered
[    0.421923] bcm2708_fb soc:fb: FB found 1 display(s)
[    0.432880] Console: switching to colour frame buffer device 82x26
[    0.437761] bcm2708_fb soc:fb: Registered framebuffer for display 0, size 656x416
[    0.445115] Serial: 8250/16550 driver, 1 ports, IRQ sharing enabled
[    0.449655] bcm2835-rng 3f104000.rng: hwrng registered
[    0.452628] vc-mem: phys_addr:0x00000000 mem_base=0x3ec00000 mem_size:0x40000000(1024 MiB)
[    0.458485] gpiomem-bcm2835 3f200000.gpiomem: Initialised: Registers at 0x3f200000
[    0.463999] cacheinfo: Unable to detect cache hierarchy for CPU 0
[    0.482269] brd: module loaded
[    0.500475] loop: module loaded
[    0.504227] Loading iSCSI transport class v2.0-870.
[    0.509445] libphy: Fixed MDIO Bus: probed
[    0.512404] usbcore: registered new interface driver r8152
[    0.515055] usbcore: registered new interface driver lan78xx
[    0.517638] usbcore: registered new interface driver smsc95xx
[    0.520523] dwc_otg: version 3.00a 10-AUG-2012 (platform bus)
[    0.551057] dwc_otg 3f980000.usb: base=(____ptrval____)
[    0.767176] Core Release: 2.80a
[    0.769664] Setting default values for core params
[    0.772210] Finished setting default values for core params
[    0.987913] Using Buffer DMA mode
[    0.990330] Periodic Transfer Interrupt Enhancement - disabled
[    0.992751] Multiprocessor Interrupt Enhancement - disabled
[    0.995183] OTG VER PARAM: 0, OTG VER FLAG: 0
[    0.997520] Dedicated Tx FIFOs mode
[    1.000658] WARN::dwc_otg_hcd_init:1074: FIQ DMA bounce buffers: virt = ffffff80090c1000 dma = 0x00000000fad14000 len=9024
[    1.005198] FIQ FSM acceleration enabled for :
[    1.005198] Non-periodic Split Transactions
[    1.005198] Periodic Split Transactions
[    1.005198] High-Speed Isochronous Endpoints
[    1.005198] Interrupt/Control Split Transaction hack enabled
[    1.016000] WARN::hcd_init_fiq:497: MPHI regs_base at ffffff800805d000
[    1.018336] dwc_otg 3f980000.usb: DWC OTG Controller
[    1.020652] dwc_otg 3f980000.usb: new USB bus registered, assigned bus number 1
[    1.023145] dwc_otg 3f980000.usb: irq 9, io mem 0x00000000
[    1.025551] Init: Port Power? op_state=1
[    1.027911] Init: Power Port (0)
[    1.030585] usb usb1: New USB device found, idVendor=1d6b, idProduct=0002, bcdDevice= 4.19
[    1.035343] usb usb1: New USB device strings: Mfr=3, Product=2, SerialNumber=1
[    1.037963] usb usb1: Product: DWC OTG Controller
[    1.040445] usb usb1: Manufacturer: Linux 4.19.118-v8+ dwc_otg_hcd
[    1.042982] usb usb1: SerialNumber: 3f980000.usb
[    1.046327] hub 1-0:1.0: USB hub found
[    1.048833] hub 1-0:1.0: 1 port detected
[    1.052453] usbcore: registered new interface driver uas
[    1.054921] usbcore: registered new interface driver usb-storage
[    1.057459] mousedev: PS/2 mouse device common for all mice
[    1.061319] bcm2835-wdt bcm2835-wdt: Broadcom BCM2835 watchdog timer
[    1.065240] cpufreq: cpufreq_online: CPU0: Running at unlisted freq: 600000 KHz
[    1.070002] cpufreq: cpufreq_online: CPU0: Unlisted initial frequency changed to: 700000 KHz
[    1.073285] sdhci: Secure Digital Host Controller Interface driver
[    1.074371] sdhci: Copyright(c) Pierre Ossman
[    1.075729] sdhost-bcm2835 3f202000.mmc: could not get clk, deferring probe
[    1.076929] sdhci-pltfm: SDHCI platform and OF driver helper
[    1.079414] ledtrig-cpu: registered to indicate activity on CPUs
[    1.080648] hidraw: raw HID events driver (C) Jiri Kosina
[    1.081881] usbcore: registered new interface driver usbhid
[    1.082962] usbhid: USB HID core driver
[    1.084624] vchiq: vchiq_init_state: slot_zero = (____ptrval____), is_master = 0
[    1.088913] Initializing XFRM netlink socket
[    1.090053] NET: Registered protocol family 17
[    1.091201] Key type dns_resolver registered
[    1.092950] registered taskstats version 1
[    1.094056] Loading compiled-in X.509 certificates
[    1.100784] uart-pl011 3f201000.serial: cts_event_workaround enabled
[    1.102042] 3f201000.serial: ttyAMA0 at MMIO 0x3f201000 (irq = 66, base_baud = 0) is a PL011 rev2
[    2.102528] console [ttyAMA0] enabled
[    2.108296] bcm2835-power bcm2835-power: Broadcom BCM2835 power domains driver
[    2.117529] sdhost: log_buf @ (____ptrval____) (fad13000)
[    2.173188] mmc0: sdhost-bcm2835 loaded - DMA enabled (>1)
[    2.181492] of_cfs_init
[    2.185109] of_cfs_init: OK
[    2.210861] Waiting for root device PARTUUID=4c999877-02...
[    2.217958] Indeed it is in host mode hprt0 = 00021501
[    2.291726] mmc0: host does not support reading read-only switch, assuming write-enable
[    2.304760] random: fast init done
[    2.310150] mmc0: new high speed SDHC card at address aaaa
[    2.317827] mmcblk0: mmc0:aaaa SC16G 14.8 GiB
[    2.327886]  mmcblk0: p1 p2
[    2.358761] EXT4-fs (mmcblk0p2): mounted filesystem with ordered data mode. Opts: (null)
[    2.369084] VFS: Mounted root (ext4 filesystem) readonly on device 179:2.
[    2.386934] devtmpfs: mounted
[    2.394067] Freeing unused kernel memory: 1024K
[    2.399808] Run /sbin/init as init process
[    2.413884] usb 1-1: new high-speed USB device number 2 using dwc_otg
[    2.421614] Indeed it is in host mode hprt0 = 00001101
[    2.638151] usb 1-1: New USB device found, idVendor=0424, idProduct=2514, bcdDevice= b.b3
[    2.648645] usb 1-1: New USB device strings: Mfr=0, Product=0, SerialNumber=0
[    2.657474] hub 1-1:1.0: USB hub found
[    2.662525] hub 1-1:1.0: 4 ports detected
[    2.953892] usb 1-1.1: new high-speed USB device number 3 using dwc_otg
[    3.042013] systemd[1]: System time before build time, advancing clock.
[    3.062164] usb 1-1.1: New USB device found, idVendor=0424, idProduct=2514, bcdDevice= b.b3
[    3.072892] usb 1-1.1: New USB device strings: Mfr=0, Product=0, SerialNumber=0
[    3.081964] hub 1-1.1:1.0: USB hub found
[    3.087247] hub 1-1.1:1.0: 3 ports detected
[    3.207462] NET: Registered protocol family 10
[    3.214045] Segment Routing with IPv6
[    3.263383] systemd[1]: systemd 241 running in system mode. (+PAM +AUDIT +SELINUX +IMA +APPARMOR +SMACK +SYSVINIT +UTMP +LIBCRYPTSETUP +GCRYPT +GNUTLS +ACL +XZ +LZ4 +SECCOMP +BL
KID +ELFUTILS +KMOD -IDN2 +IDN -PCRE2 default-hierarchy=hybrid)
[    3.288978] systemd[1]: Detected architecture arm64.
[    3.306331] systemd[1]: Set hostname to <raspberrypi>.
[    3.394283] uart-pl011 3f201000.serial: no DMA platform data
[    3.613970] random: crng init done
[    3.677905] usb 1-1.1.1: new high-speed USB device number 4 using dwc_otg
[    3.786333] usb 1-1.1.1: New USB device found, idVendor=0424, idProduct=7800, bcdDevice= 3.00
[    3.797242] usb 1-1.1.1: New USB device strings: Mfr=0, Product=0, SerialNumber=0
[    3.939978] systemd[1]: Listening on Journal Socket (/dev/log).
[    3.950198] systemd[1]: Started Forward Password Requests to Wall Directory Watch.
[    3.984207] systemd[1]: Condition check resulted in Journal Audit Socket being skipped.
[    3.998066] systemd[1]: Created slice system-systemd\x2dfsck.slice.
[    4.008286] systemd[1]: Set up automount Arbitrary Executable File Formats File System Automount Point.
[    4.023374] systemd[1]: Created slice system-serial\x2dgetty.slice.
[    4.033499] systemd[1]: Listening on Syslog Socket.
[    4.078478] lan78xx 1-1.1.1:1.0 (unnamed net_device) (uninitialized): No External EEPROM. Setting MAC Speed
[    4.091521] libphy: lan78xx-mdiobus: probed
[    4.112796] lan78xx 1-1.1.1:1.0 (unnamed net_device) (uninitialized): int urb period 64
[    4.573873] Kernel panic - not syncing: stack-protector: Kernel stack is corrupted in: run_timer_softirq+0x1a8/0x1a8
[    4.586483] CPU: 1 PID: 0 Comm: swapper/1 Not tainted 4.19.118-v8+ #1311
[    4.594261] Hardware name: Raspberry Pi 3 Model B Plus Rev 1.3 (DT)
[    4.601606] Call trace:
[    4.605092]  dump_backtrace+0x0/0x178
[    4.609769]  show_stack+0x24/0x30
[    4.614070]  dump_stack+0xa4/0xdc
[    4.618341]  panic+0x140/0x294
[    4.622333]  print_tainted+0x0/0xc8
[    4.626756]  init_timer_key+0x0/0x108
[    4.631330] SMP: stopping secondary CPUs
[    4.636159] Kernel Offset: disabled
[    4.640538] CPU features: 0x0,24002004
[    4.645183] Memory Limit: none
[    4.649134] ---[ end Kernel panic - not syncing: stack-protector: Kernel stack is corrupted in: run_timer_softirq+0x1a8/0x1a8 ]---
