[    0.000000] Booting Linux on physical CPU 0x0000000000 [0x410fd034]
[    0.000000] Linux version 4.19.118-v8+ (dom@buildbot) (gcc version 5.4.0 20160609 (Ubuntu/Linaro 5.4.0-6ubuntu1~16.04.9)) #1311 SMP PREEMPT Mon Apr 27 14:32:38 BST 2020
[    0.000000] Machine model: Raspberry Pi 3 Model B Plus Rev 1.3
[    0.000000] efi: Getting EFI parameters from FDT:
[    0.000000] efi: UEFI not found.
[    0.000000] cma: Reserved 8 MiB at 0x000000003ac00000
[    0.000000] random: get_random_bytes called from start_kernel+0xb8/0x47c with crng_init=0
[    0.000000] percpu: Embedded 24 pages/cpu s58840 r8192 d31272 u98304
[    0.000000] Detected VIPT I-cache on CPU0
[    0.000000] CPU features: enabling workaround for ARM erratum 843419
[    0.000000] CPU features: enabling workaround for ARM erratum 845719
[    0.000000] Built 1 zonelists, mobility grouping on.  Total pages: 238896
[    0.000000] Kernel command line: coherent_pool=1M 8250.nr_uarts=1 snd_bcm2835.enable_compat_alsa=0 snd_bcm2835.enable_hdmi=1 snd_bcm2835.enable_headphones=1 bcm2708_fb.fbwidth=6
56 bcm2708_fb.fbheight=416 bcm2708_fb.fbswap=1 vc_mem.mem_base=0x3ec00000 vc_mem.mem_size=0x40000000  dwc_otg.lpm_enable=0 console=ttyAMA0,115200 console=tty1 root=PARTUUID=4c99987
7-02 rootfstype=ext4 elevator=deadline fsck.repair=yes rootwait
[    0.000000] Dentry cache hash table entries: 131072 (order: 8, 1048576 bytes)
[    0.000000] Inode-cache hash table entries: 65536 (order: 7, 524288 bytes)
[    0.000000] Memory: 929092K/970752K available (8700K kernel code, 1074K rwdata, 2760K rodata, 1024K init, 1126K bss, 33468K reserved, 8192K cma-reserved)
[    0.000000] SLUB: HWalign=64, Order=0-3, MinObjects=0, CPUs=4, Nodes=1
[    0.000000] ftrace: allocating 30496 entries in 120 pages
[    0.000000] rcu: Preemptible hierarchical RCU implementation.
[    0.000000] rcu:     RCU restricting CPUs from NR_CPUS=64 to nr_cpu_ids=4.
[    0.000000]  Tasks RCU enabled.
[    0.000000] rcu: Adjusting geometry for rcu_fanout_leaf=16, nr_cpu_ids=4
[    0.000000] NR_IRQS: 64, nr_irqs: 64, preallocated irqs: 0
[    0.000000] arch_timer: cp15 timer(s) running at 19.20MHz (phys).
[    0.000000] clocksource: arch_sys_counter: mask: 0xffffffffffffff max_cycles: 0x46d987e47, max_idle_ns: 440795202767 ns
[    0.000007] sched_clock: 56 bits at 19MHz, resolution 52ns, wraps every 4398046511078ns
[    0.000272] Console: colour dummy device 80x25
[    0.000938] console [tty1] enabled
[    0.001008] Calibrating delay loop (skipped), value calculated using timer frequency.. 38.40 BogoMIPS (lpj=76800)
[    0.001061] pid_max: default: 32768 minimum: 301
[    0.001492] Mount-cache hash table entries: 2048 (order: 2, 16384 bytes)
[    0.001548] Mountpoint-cache hash table entries: 2048 (order: 2, 16384 bytes)
[    0.024103] ASID allocator initialised with 32768 entries
[    0.032101] rcu: Hierarchical SRCU implementation.
[    0.040727] EFI services will not be available.
[    0.048180] smp: Bringing up secondary CPUs ...
[    0.080445] Detected VIPT I-cache on CPU1
[    0.080513] CPU1: Booted secondary processor 0x0000000001 [0x410fd034]
[    0.112570] Detected VIPT I-cache on CPU2
[    0.112619] CPU2: Booted secondary processor 0x0000000002 [0x410fd034]
[    0.144735] Detected VIPT I-cache on CPU3
[    0.144782] CPU3: Booted secondary processor 0x0000000003 [0x410fd034]
[    0.144967] smp: Brought up 1 node, 4 CPUs
[    0.145120] SMP: Total of 4 processors activated.
[    0.145154] CPU features: detected: 32-bit EL0 Support
[    0.146124] CPU: All CPU(s) started at EL2
[    0.146199] alternatives: patching kernel code
[    0.147823] devtmpfs: initialized
[    0.164134] Enabled cp15_barrier support
[    0.164200] Enabled setend support
[    0.164773] clocksource: jiffies: mask: 0xffffffff max_cycles: 0xffffffff, max_idle_ns: 7645041785100000 ns
[    0.164835] futex hash table entries: 1024 (order: 4, 65536 bytes)
[    0.165554] pinctrl core: initialized pinctrl subsystem
[    0.166443] DMI not present or invalid.
[    0.167010] NET: Registered protocol family 16
[    0.173477] cpuidle: using governor menu
[    0.174100] hw-breakpoint: found 6 breakpoint and 4 watchpoint registers.
[    0.178718] DMA: preallocated 1024 KiB pool for atomic allocations
[    0.178897] Serial: AMBA PL011 UART driver
[    0.183498] bcm2835-mbox 3f00b880.mailbox: mailbox enabled
[    0.192941] raspberrypi-firmware soc:firmware: Attached to firmware from 2020-04-15 11:43, variant start
[    0.196959] raspberrypi-firmware soc:firmware: Firmware hash is 82f9bb929ce2186eb1824178c1ae82902ad6275c
[    0.245815] bcm2835-dma 3f007000.dma: DMA legacy API manager at (____ptrval____), dmachans=0x1
[    0.249111] vgaarb: loaded
[    0.249699] SCSI subsystem initialized
[    0.249997] usbcore: registered new interface driver usbfs
[    0.250093] usbcore: registered new interface driver hub
[    0.250276] usbcore: registered new device driver usb
[    0.250433] pps_core: LinuxPPS API ver. 1 registered
[    0.250466] pps_core: Software ver. 5.3.6 - Copyright 2005-2007 Rodolfo Giometti <giometti@linux.it>
[    0.250534] PTP clock support registered
[    0.252356] clocksource: Switched to clocksource arch_sys_counter
[    0.377552] VFS: Disk quotas dquot_6.6.0
[    0.377691] VFS: Dquot-cache hash table entries: 512 (order 0, 4096 bytes)
[    0.377973] FS-Cache: Loaded
[    0.378235] CacheFiles: Loaded
[    0.390341] NET: Registered protocol family 2
[    0.391307] tcp_listen_portaddr_hash hash table entries: 512 (order: 1, 8192 bytes)
[    0.391382] TCP established hash table entries: 8192 (order: 4, 65536 bytes)
[    0.391526] TCP bind hash table entries: 8192 (order: 5, 131072 bytes)
[    0.391744] TCP: Hash tables configured (established 8192 bind 8192)
[    0.392021] UDP hash table entries: 512 (order: 2, 16384 bytes)
[    0.392098] UDP-Lite hash table entries: 512 (order: 2, 16384 bytes)
[    0.392531] NET: Registered protocol family 1
[    0.393534] RPC: Registered named UNIX socket transport module.
[    0.393571] RPC: Registered udp transport module.
[    0.393601] RPC: Registered tcp transport module.
[    0.393631] RPC: Registered tcp NFSv4.1 backchannel transport module.
[    0.396227] hw perfevents: enabled with armv8_cortex_a53 PMU driver, 7 counters available
[    0.396498] kvm [1]: 8-bit VMID
[    0.397343] kvm [1]: Hyp mode initialized successfully
[    0.402263] Initialise system trusted keyrings
[    0.402600] workingset: timestamp_bits=46 max_order=18 bucket_order=0
[    0.414915] FS-Cache: Netfs 'nfs' registered for caching
[    0.415978] NFS: Registering the id_resolver key type
[    0.416044] Key type id_resolver registered
[    0.416075] Key type id_legacy registered
[    0.416117] nfs4filelayout_init: NFSv4 File Layout Driver Registering...
[    0.423885] Key type asymmetric registered
[    0.423934] Asymmetric key parser 'x509' registered
[    0.424031] Block layer SCSI generic (bsg) driver version 0.4 loaded (major 248)
[    0.424329] io scheduler noop registered
[    0.424413] io scheduler deadline registered (default)
[    0.424702] io scheduler cfq registered
[    0.424735] io scheduler mq-deadline registered (default)
[    0.424769] io scheduler kyber registered
[    0.428315] bcm2708_fb soc:fb: FB found 1 display(s)
[    0.439678] Console: switching to colour frame buffer device 82x26
[    0.444624] bcm2708_fb soc:fb: Registered framebuffer for display 0, size 656x416
[    0.452041] Serial: 8250/16550 driver, 1 ports, IRQ sharing enabled
[    0.456620] bcm2835-rng 3f104000.rng: hwrng registered
[    0.459546] vc-mem: phys_addr:0x00000000 mem_base=0x3ec00000 mem_size:0x40000000(1024 MiB)
[    0.465399] gpiomem-bcm2835 3f200000.gpiomem: Initialised: Registers at 0x3f200000
[    0.470938] cacheinfo: Unable to detect cache hierarchy for CPU 0
[    0.489304] brd: module loaded
[    0.507417] loop: module loaded
[    0.511154] Loading iSCSI transport class v2.0-870.
[    0.516565] libphy: Fixed MDIO Bus: probed
[    0.519488] usbcore: registered new interface driver r8152
[    0.522153] usbcore: registered new interface driver lan78xx
[    0.524779] usbcore: registered new interface driver smsc95xx
[    0.527631] dwc_otg: version 3.00a 10-AUG-2012 (platform bus)
[    0.558174] dwc_otg 3f980000.usb: base=(____ptrval____)
[    0.774273] Core Release: 2.80a
[    0.776798] Setting default values for core params
[    0.779314] Finished setting default values for core params
[    0.995013] Using Buffer DMA mode
[    0.997418] Periodic Transfer Interrupt Enhancement - disabled
[    0.999835] Multiprocessor Interrupt Enhancement - disabled
[    1.002262] OTG VER PARAM: 0, OTG VER FLAG: 0
[    1.004630] Dedicated Tx FIFOs mode
[    1.007742] WARN::dwc_otg_hcd_init:1074: FIQ DMA bounce buffers: virt = ffffff80090c1000 dma = 0x00000000fad14000 len=9024
[    1.012284] FIQ FSM acceleration enabled for :
[    1.012284] Non-periodic Split Transactions
[    1.012284] Periodic Split Transactions
[    1.012284] High-Speed Isochronous Endpoints
[    1.012284] Interrupt/Control Split Transaction hack enabled
[    1.023077] WARN::hcd_init_fiq:497: MPHI regs_base at ffffff800805d000
[    1.025386] dwc_otg 3f980000.usb: DWC OTG Controller
[    1.027698] dwc_otg 3f980000.usb: new USB bus registered, assigned bus number 1
[    1.030183] dwc_otg 3f980000.usb: irq 9, io mem 0x00000000
[    1.032612] Init: Port Power? op_state=1
[    1.034938] Init: Power Port (0)
[    1.037642] usb usb1: New USB device found, idVendor=1d6b, idProduct=0002, bcdDevice= 4.19
[    1.042393] usb usb1: New USB device strings: Mfr=3, Product=2, SerialNumber=1
[    1.045009] usb usb1: Product: DWC OTG Controller
[    1.047492] usb usb1: Manufacturer: Linux 4.19.118-v8+ dwc_otg_hcd
[    1.050029] usb usb1: SerialNumber: 3f980000.usb
[    1.053304] hub 1-0:1.0: USB hub found
[    1.055805] hub 1-0:1.0: 1 port detected
[    1.059477] usbcore: registered new interface driver uas
[    1.061943] usbcore: registered new interface driver usb-storage
[    1.064527] mousedev: PS/2 mouse device common for all mice
[    1.068384] bcm2835-wdt bcm2835-wdt: Broadcom BCM2835 watchdog timer
[    1.072251] cpufreq: cpufreq_online: CPU0: Running at unlisted freq: 600000 KHz
[    1.077042] cpufreq: cpufreq_online: CPU0: Unlisted initial frequency changed to: 700000 KHz
[    1.080313] sdhci: Secure Digital Host Controller Interface driver
[    1.081407] sdhci: Copyright(c) Pierre Ossman
[    1.082776] sdhost-bcm2835 3f202000.mmc: could not get clk, deferring probe
[    1.083986] sdhci-pltfm: SDHCI platform and OF driver helper
[    1.086480] ledtrig-cpu: registered to indicate activity on CPUs
[    1.087703] hidraw: raw HID events driver (C) Jiri Kosina
[    1.088939] usbcore: registered new interface driver usbhid
[    1.090016] usbhid: USB HID core driver
[    1.091670] vchiq: vchiq_init_state: slot_zero = (____ptrval____), is_master = 0
[    1.095947] Initializing XFRM netlink socket
[    1.097098] NET: Registered protocol family 17
[    1.098251] Key type dns_resolver registered
[    1.100025] registered taskstats version 1
[    1.101141] Loading compiled-in X.509 certificates
[    1.107870] uart-pl011 3f201000.serial: cts_event_workaround enabled
[    1.109138] 3f201000.serial: ttyAMA0 at MMIO 0x3f201000 (irq = 66, base_baud = 0) is a PL011 rev2
[    2.109587] console [ttyAMA0] enabled
[    2.115343] bcm2835-power bcm2835-power: Broadcom BCM2835 power domains driver
[    2.124593] sdhost: log_buf @ (____ptrval____) (fad13000)
[    2.180286] mmc0: sdhost-bcm2835 loaded - DMA enabled (>1)
[    2.188639] of_cfs_init
[    2.192249] of_cfs_init: OK
[    2.196612] Waiting for root device PARTUUID=4c999877-02...
[    2.228450] Indeed it is in host mode hprt0 = 00021501
[    2.270241] mmc0: host does not support reading read-only switch, assuming write-enable
[    2.297750] mmc0: new high speed SDHC card at address aaaa
[    2.313174] mmcblk0: mmc0:aaaa SC16G 14.8 GiB
[    2.329000]  mmcblk0: p1 p2
[    2.345546] random: fast init done
[    2.361820] EXT4-fs (mmcblk0p2): mounted filesystem with ordered data mode. Opts: (null)
[    2.372172] VFS: Mounted root (ext4 filesystem) readonly on device 179:2.
[    2.389990] devtmpfs: mounted
[    2.397142] Freeing unused kernel memory: 1024K
[    2.402890] Run /sbin/init as init process
[    2.448384] usb 1-1: new high-speed USB device number 2 using dwc_otg
[    2.456185] Indeed it is in host mode hprt0 = 00001101
[    2.672644] usb 1-1: New USB device found, idVendor=0424, idProduct=2514, bcdDevice= b.b3
[    2.683141] usb 1-1: New USB device strings: Mfr=0, Product=0, SerialNumber=0
[    2.691990] hub 1-1:1.0: USB hub found
[    2.697028] hub 1-1:1.0: 4 ports detected
[    2.988379] usb 1-1.1: new high-speed USB device number 3 using dwc_otg
[    3.036050] systemd[1]: System time before build time, advancing clock.
[    3.096640] usb 1-1.1: New USB device found, idVendor=0424, idProduct=2514, bcdDevice= b.b3
[    3.107450] usb 1-1.1: New USB device strings: Mfr=0, Product=0, SerialNumber=0
[    3.116574] hub 1-1.1:1.0: USB hub found
[    3.121835] hub 1-1.1:1.0: 3 ports detected
[    3.196910] NET: Registered protocol family 10
[    3.203429] Segment Routing with IPv6
[    3.253028] systemd[1]: systemd 241 running in system mode. (+PAM +AUDIT +SELINUX +IMA +APPARMOR +SMACK +SYSVINIT +UTMP +LIBCRYPTSETUP +GCRYPT +GNUTLS +ACL +XZ +LZ4 +SECCOMP +BL
KID +ELFUTILS +KMOD -IDN2 +IDN -PCRE2 default-hierarchy=hybrid)
[    3.278714] systemd[1]: Detected architecture arm64.
[    3.295921] systemd[1]: Set hostname to <raspberrypi>.
[    3.394314] uart-pl011 3f201000.serial: no DMA platform data
[    3.411239] Unable to handle kernel paging request at virtual address ffffdfbf00bbb308
[    3.421781] Mem abort info:
[    3.425916]   ESR = 0x96000004
[    3.430376]   Exception class = DABT (current EL), IL = 32 bits
[    3.437482]   SET = 0, FnV = 0
[    3.441914]   EA = 0, S1PTW = 0
[    3.446164] Data abort info:
[    3.450315]   ISV = 0, ISS = 0x00000004
[    3.455211]   CM = 0, WnR = 0
[    3.459203] [ffffdfbf00bbb308] address between user and kernel address ranges
[    3.467534] Internal error: Oops: 96000004 [#1] PREEMPT SMP
[    3.474143] Modules linked in: ip_tables x_tables ipv6
[    3.480288] Process systemd-cryptse (pid: 94, stack limit = 0x(____ptrval____))
[    3.488614] CPU: 2 PID: 94 Comm: systemd-cryptse Not tainted 4.19.118-v8+ #1311
[    3.496930] Hardware name: Raspberry Pi 3 Model B Plus Rev 1.3 (DT)
[    3.504214] pstate: 80000005 (Nzcv daif -PAN -UAO)
[    3.510029] pc : release_pages+0x74/0x388
[    3.515041] lr : release_pages+0x90/0x388
[    3.520018] sp : ffffff800913baf0
[    3.524274] x29: ffffff800913baf0 x28: 0000000000000020 
[    3.530511] x27: ffffffbf00031c88 x26: 0000000000000000 
[    3.536699] x25: ffffff800891f388 x24: 0000000000000000 
[    3.542876] x23: ffffff8008d95680 x22: ffffff800913bb78 
[    3.549053] x21: ffffffc0379c6ff8 x20: ffffffc0379c6570 
[    3.555216] x19: ffffdfbf00bbb300 x18: 0000000000000000 
[    3.561366] x17: 000000000000000a x16: 0000000000000000 
[    3.567513] x15: 0000000000000000 x14: 0000000000000000 
[    3.573650] x13: 00000000000ffe00 x12: 00000000ffe01000 
[    3.579772] x11: 0000000000000000 x10: 0000000000000000 
[    3.585883] x9 : 0000004031ef5000 x8 : 0000000000000000 
[    3.591952] x7 : ffffff8008cc8688 x6 : ffffff8008cc8000 
[    3.597987] x5 : ffffff8008cc8e00 x4 : ffffff800822f49c 
[    3.603994] x3 : ffffffbf00bbb287 x2 : 0000000000000000 
[    3.609970] x1 : ffffffbf00bbb2f4 x0 : 000000000000000a 
[    3.615889] Call trace:
[    3.618894]  release_pages+0x74/0x388
[    3.623102]  free_pages_and_swap_cache+0xd4/0x100
[    3.628361]  tlb_flush_mmu_free+0x60/0x80
[    3.632944]  tlb_flush_mmu+0x44/0x168
[    3.637165]  arch_tlb_finish_mmu+0x54/0x88
[    3.641830]  tlb_finish_mmu+0x44/0x68
[    3.646065]  exit_mmap+0xf8/0x178
[    3.649964]  mmput+0x5c/0xe8
[    3.653419]  do_exit+0x2ec/0xa88
[    3.657222]  do_group_exit+0x3c/0xa0
[    3.661362]  __arm64_sys_exit_group+0x24/0x28
[    3.666306]  el0_svc_common+0xf4/0x1c0
[    3.670662]  el0_svc_compat_handler+0x30/0x40
[    3.675640]  el0_svc_compat+0x8/0x18
[    3.679832] Code: f9400273 910e2339 911a02f7 d2800002 (f9400661) 
[    3.686608] ---[ end trace 16a287a30f12c29d ]---
[    3.691972] Fixing recursive fault but reboot is needed!
[    3.920372] usb 1-1.1.1: new high-speed USB device number 4 using dwc_otg
[    3.963961] random: crng init done
[    4.024729] usb 1-1.1.1: New USB device found, idVendor=0424, idProduct=7800, bcdDevice= 3.00
[    4.034940] usb 1-1.1.1: New USB device strings: Mfr=0, Product=0, SerialNumber=0
[    4.308676] lan78xx 1-1.1.1:1.0 (unnamed net_device) (uninitialized): No External EEPROM. Setting MAC Speed
[    4.321252] libphy: lan78xx-mdiobus: probed
[    4.349177] lan78xx 1-1.1.1:1.0 (unnamed net_device) (uninitialized): int urb period 64
