[    0.000000] Booting Linux on physical CPU 0x0000000000 [0x410fd034]
[    0.000000] Linux version 4.19.118-v8+ (dom@buildbot) (gcc version 5.4.0 20160609 (Ubuntu/Linaro 5.4.0-6ubuntu1~16.04.9)) #1311 SMP PREEMPT Mon Apr 27 14:32:38 BST 2020
[    0.000000] Machine model: Raspberry Pi 3 Model B Plus Rev 1.3
[    0.000000] efi: Getting EFI parameters from FDT:
[    0.000000] efi: UEFI not found.
[    0.000000] cma: Reserved 8 MiB at 0x000000003ac00000
[    0.000000] random: get_random_bytes called from start_kernel+0xb8/0x47c with crng_init=0
[    0.000000] percpu: Embedded 24 pages/cpu s58840 r8192 d31272 u98304
[    0.000000] Detected VIPT I-cache on CPU0
[    0.000000] CPU features: enabling workaround for ARM erratum 843419
[    0.000000] CPU features: enabling workaround for ARM erratum 845719
[    0.000000] Built 1 zonelists, mobility grouping on.  Total pages: 238896
[    0.000000] Kernel command line: coherent_pool=1M 8250.nr_uarts=1 snd_bcm2835.enable_compat_alsa=0 snd_bcm2835.enable_hdmi=1 snd_bcm2835.enable_headphones=1 bcm2708_fb.fbwidth=6
56 bcm2708_fb.fbheight=416 bcm2708_fb.fbswap=1 vc_mem.mem_base=0x3ec00000 vc_mem.mem_size=0x40000000  dwc_otg.lpm_enable=0 console=ttyAMA0,115200 console=tty1 root=PARTUUID=4c99987
7-02 rootfstype=ext4 elevator=deadline fsck.repair=yes rootwait
[    0.000000] Dentry cache hash table entries: 131072 (order: 8, 1048576 bytes)
[    0.000000] Inode-cache hash table entries: 65536 (order: 7, 524288 bytes)
[    0.000000] Memory: 929092K/970752K available (8700K kernel code, 1074K rwdata, 2760K rodata, 1024K init, 1126K bss, 33468K reserved, 8192K cma-reserved)
[    0.000000] SLUB: HWalign=64, Order=0-3, MinObjects=0, CPUs=4, Nodes=1
[    0.000000] ftrace: allocating 30496 entries in 120 pages
[    0.000000] rcu: Preemptible hierarchical RCU implementation.
[    0.000000] rcu:     RCU restricting CPUs from NR_CPUS=64 to nr_cpu_ids=4.
[    0.000000]  Tasks RCU enabled.
[    0.000000] rcu: Adjusting geometry for rcu_fanout_leaf=16, nr_cpu_ids=4
[    0.000000] NR_IRQS: 64, nr_irqs: 64, preallocated irqs: 0
[    0.000000] arch_timer: cp15 timer(s) running at 19.20MHz (phys).
[    0.000000] clocksource: arch_sys_counter: mask: 0xffffffffffffff max_cycles: 0x46d987e47, max_idle_ns: 440795202767 ns
[    0.000008] sched_clock: 56 bits at 19MHz, resolution 52ns, wraps every 4398046511078ns
[    0.000273] Console: colour dummy device 80x25
[    0.000939] console [tty1] enabled
[    0.001010] Calibrating delay loop (skipped), value calculated using timer frequency.. 38.40 BogoMIPS (lpj=76800)
[    0.001063] pid_max: default: 32768 minimum: 301
[    0.001497] Mount-cache hash table entries: 2048 (order: 2, 16384 bytes)
[    0.001554] Mountpoint-cache hash table entries: 2048 (order: 2, 16384 bytes)
[    0.024100] ASID allocator initialised with 32768 entries
[    0.032097] rcu: Hierarchical SRCU implementation.
[    0.040748] EFI services will not be available.
[    0.048174] smp: Bringing up secondary CPUs ...
[    0.080441] Detected VIPT I-cache on CPU1
[    0.080509] CPU1: Booted secondary processor 0x0000000001 [0x410fd034]
[    0.112566] Detected VIPT I-cache on CPU2
[    0.112616] CPU2: Booted secondary processor 0x0000000002 [0x410fd034]
[    0.144728] Detected VIPT I-cache on CPU3
[    0.144774] CPU3: Booted secondary processor 0x0000000003 [0x410fd034]
[    0.144958] smp: Brought up 1 node, 4 CPUs
[    0.145113] SMP: Total of 4 processors activated.
[    0.145147] CPU features: detected: 32-bit EL0 Support
[    0.146121] CPU: All CPU(s) started at EL2
[    0.146195] alternatives: patching kernel code
[    0.147815] devtmpfs: initialized
[    0.164110] Enabled cp15_barrier support
[    0.164177] Enabled setend support
[    0.164759] clocksource: jiffies: mask: 0xffffffff max_cycles: 0xffffffff, max_idle_ns: 7645041785100000 ns
[    0.164820] futex hash table entries: 1024 (order: 4, 65536 bytes)
[    0.165537] pinctrl core: initialized pinctrl subsystem
[    0.166428] DMI not present or invalid.
[    0.166997] NET: Registered protocol family 16
[    0.173465] cpuidle: using governor menu
[    0.174092] hw-breakpoint: found 6 breakpoint and 4 watchpoint registers.
[    0.178780] DMA: preallocated 1024 KiB pool for atomic allocations
[    0.178958] Serial: AMBA PL011 UART driver
[    0.183563] bcm2835-mbox 3f00b880.mailbox: mailbox enabled
[    0.192928] raspberrypi-firmware soc:firmware: Attached to firmware from 2020-04-15 11:43, variant start
[    0.196947] raspberrypi-firmware soc:firmware: Firmware hash is 82f9bb929ce2186eb1824178c1ae82902ad6275c
[    0.245797] bcm2835-dma 3f007000.dma: DMA legacy API manager at (____ptrval____), dmachans=0x1
[    0.249091] vgaarb: loaded
[    0.249676] SCSI subsystem initialized
[    0.249975] usbcore: registered new interface driver usbfs
[    0.250069] usbcore: registered new interface driver hub
[    0.250250] usbcore: registered new device driver usb
[    0.250407] pps_core: LinuxPPS API ver. 1 registered
[    0.250441] pps_core: Software ver. 5.3.6 - Copyright 2005-2007 Rodolfo Giometti <giometti@linux.it>
[    0.250510] PTP clock support registered
[    0.252303] clocksource: Switched to clocksource arch_sys_counter
[    0.377528] VFS: Disk quotas dquot_6.6.0
[    0.377668] VFS: Dquot-cache hash table entries: 512 (order 0, 4096 bytes)
[    0.377902] FS-Cache: Loaded
[    0.378166] CacheFiles: Loaded
[    0.390236] NET: Registered protocol family 2
[    0.391201] tcp_listen_portaddr_hash hash table entries: 512 (order: 1, 8192 bytes)
[    0.391277] TCP established hash table entries: 8192 (order: 4, 65536 bytes)
[    0.391421] TCP bind hash table entries: 8192 (order: 5, 131072 bytes)
[    0.391649] TCP: Hash tables configured (established 8192 bind 8192)
[    0.391933] UDP hash table entries: 512 (order: 2, 16384 bytes)
[    0.392010] UDP-Lite hash table entries: 512 (order: 2, 16384 bytes)
[    0.392444] NET: Registered protocol family 1
[    0.393406] RPC: Registered named UNIX socket transport module.
[    0.393443] RPC: Registered udp transport module.
[    0.393474] RPC: Registered tcp transport module.
[    0.393504] RPC: Registered tcp NFSv4.1 backchannel transport module.
[    0.396177] hw perfevents: enabled with armv8_cortex_a53 PMU driver, 7 counters available
[    0.396441] kvm [1]: 8-bit VMID
[    0.397281] kvm [1]: Hyp mode initialized successfully
[    0.402212] Initialise system trusted keyrings
[    0.402561] workingset: timestamp_bits=46 max_order=18 bucket_order=0
[    0.414847] FS-Cache: Netfs 'nfs' registered for caching
[    0.415913] NFS: Registering the id_resolver key type
[    0.415984] Key type id_resolver registered
[    0.416014] Key type id_legacy registered
[    0.416056] nfs4filelayout_init: NFSv4 File Layout Driver Registering...
[    0.423774] Key type asymmetric registered
[    0.423822] Asymmetric key parser 'x509' registered
[    0.423920] Block layer SCSI generic (bsg) driver version 0.4 loaded (major 248)
[    0.424249] io scheduler noop registered
[    0.424335] io scheduler deadline registered (default)
[    0.424629] io scheduler cfq registered
[    0.424662] io scheduler mq-deadline registered (default)
[    0.424696] io scheduler kyber registered
[    0.428239] bcm2708_fb soc:fb: FB found 1 display(s)
[    0.439535] Console: switching to colour frame buffer device 82x26
[    0.444450] bcm2708_fb soc:fb: Registered framebuffer for display 0, size 656x416
[    0.451840] Serial: 8250/16550 driver, 1 ports, IRQ sharing enabled
[    0.456421] bcm2835-rng 3f104000.rng: hwrng registered
[    0.459344] vc-mem: phys_addr:0x00000000 mem_base=0x3ec00000 mem_size:0x40000000(1024 MiB)
[    0.465214] gpiomem-bcm2835 3f200000.gpiomem: Initialised: Registers at 0x3f200000
[    0.470733] cacheinfo: Unable to detect cache hierarchy for CPU 0
[    0.489175] brd: module loaded
[    0.507417] loop: module loaded
[    0.511152] Loading iSCSI transport class v2.0-870.
[    0.516516] libphy: Fixed MDIO Bus: probed
[    0.519441] usbcore: registered new interface driver r8152
[    0.522093] usbcore: registered new interface driver lan78xx
[    0.524707] usbcore: registered new interface driver smsc95xx
[    0.527562] dwc_otg: version 3.00a 10-AUG-2012 (platform bus)
[    0.558099] dwc_otg 3f980000.usb: base=(____ptrval____)
[    0.773823] Core Release: 2.80a
[    0.776351] Setting default values for core params
[    0.778870] Finished setting default values for core params
[    0.994998] Using Buffer DMA mode
[    0.997407] Periodic Transfer Interrupt Enhancement - disabled
[    0.999825] Multiprocessor Interrupt Enhancement - disabled
[    1.002254] OTG VER PARAM: 0, OTG VER FLAG: 0
[    1.004624] Dedicated Tx FIFOs mode
[    1.007743] WARN::dwc_otg_hcd_init:1074: FIQ DMA bounce buffers: virt = ffffff80090c1000 dma = 0x00000000fad14000 len=9024
[    1.012281] FIQ FSM acceleration enabled for :
[    1.012281] Non-periodic Split Transactions
[    1.012281] Periodic Split Transactions
[    1.012281] High-Speed Isochronous Endpoints
[    1.012281] Interrupt/Control Split Transaction hack enabled
[    1.023098] WARN::hcd_init_fiq:497: MPHI regs_base at ffffff800805d000
[    1.025430] dwc_otg 3f980000.usb: DWC OTG Controller
[    1.027740] dwc_otg 3f980000.usb: new USB bus registered, assigned bus number 1
[    1.030220] dwc_otg 3f980000.usb: irq 9, io mem 0x00000000
[    1.032650] Init: Port Power? op_state=1
[    1.034972] Init: Power Port (0)
[    1.037636] usb usb1: New USB device found, idVendor=1d6b, idProduct=0002, bcdDevice= 4.19
[    1.042380] usb usb1: New USB device strings: Mfr=3, Product=2, SerialNumber=1
[    1.044990] usb usb1: Product: DWC OTG Controller
[    1.047467] usb usb1: Manufacturer: Linux 4.19.118-v8+ dwc_otg_hcd
[    1.049995] usb usb1: SerialNumber: 3f980000.usb
[    1.053265] hub 1-0:1.0: USB hub found
[    1.055757] hub 1-0:1.0: 1 port detected
[    1.059355] usbcore: registered new interface driver uas
[    1.061806] usbcore: registered new interface driver usb-storage
[    1.064332] mousedev: PS/2 mouse device common for all mice
[    1.068165] bcm2835-wdt bcm2835-wdt: Broadcom BCM2835 watchdog timer
[    1.072072] cpufreq: cpufreq_online: CPU0: Running at unlisted freq: 600000 KHz
[    1.076862] cpufreq: cpufreq_online: CPU0: Unlisted initial frequency changed to: 700000 KHz
[    1.080113] sdhci: Secure Digital Host Controller Interface driver
[    1.081199] sdhci: Copyright(c) Pierre Ossman
[    1.082559] sdhost-bcm2835 3f202000.mmc: could not get clk, deferring probe
[    1.083765] sdhci-pltfm: SDHCI platform and OF driver helper
[    1.086247] ledtrig-cpu: registered to indicate activity on CPUs
[    1.087474] hidraw: raw HID events driver (C) Jiri Kosina
[    1.088707] usbcore: registered new interface driver usbhid
[    1.089785] usbhid: USB HID core driver
[    1.091442] vchiq: vchiq_init_state: slot_zero = (____ptrval____), is_master = 0
[    1.095701] Initializing XFRM netlink socket
[    1.096833] NET: Registered protocol family 17
[    1.097997] Key type dns_resolver registered
[    1.099755] registered taskstats version 1
[    1.100864] Loading compiled-in X.509 certificates
[    1.107587] uart-pl011 3f201000.serial: cts_event_workaround enabled
[    1.108850] 3f201000.serial: ttyAMA0 at MMIO 0x3f201000 (irq = 66, base_baud = 0) is a PL011 rev2
[    2.109360] console [ttyAMA0] enabled
[    2.115124] bcm2835-power bcm2835-power: Broadcom BCM2835 power domains driver
[    2.124388] sdhost: log_buf @ (____ptrval____) (fad13000)
[    2.179649] mmc0: sdhost-bcm2835 loaded - DMA enabled (>1)
[    2.187987] of_cfs_init
[    2.191637] of_cfs_init: OK
[    2.195997] Waiting for root device PARTUUID=4c999877-02...
[    2.224461] Indeed it is in host mode hprt0 = 00021501
[    2.282162] mmc0: host does not support reading read-only switch, assuming write-enable
[    2.309431] mmc0: new high speed SDHC card at address aaaa
[    2.317221] mmcblk0: mmc0:aaaa SC16G 14.8 GiB
[    2.327153]  mmcblk0: p1 p2
[    2.331524] random: fast init done
[    2.365303] EXT4-fs (mmcblk0p2): mounted filesystem with ordered data mode. Opts: (null)
[    2.375642] VFS: Mounted root (ext4 filesystem) readonly on device 179:2.
[    2.393502] devtmpfs: mounted
[    2.400639] Freeing unused kernel memory: 1024K
[    2.406379] Run /sbin/init as init process
[    2.428325] usb 1-1: new high-speed USB device number 2 using dwc_otg
[    2.436053] Indeed it is in host mode hprt0 = 00001101
[    2.652595] usb 1-1: New USB device found, idVendor=0424, idProduct=2514, bcdDevice= b.b3
[    2.663071] usb 1-1: New USB device strings: Mfr=0, Product=0, SerialNumber=0
[    2.671873] hub 1-1:1.0: USB hub found
[    2.676955] hub 1-1:1.0: 4 ports detected
[    2.968331] usb 1-1.1: new high-speed USB device number 3 using dwc_otg
[    3.039932] systemd[1]: System time before build time, advancing clock.
[    3.076599] usb 1-1.1: New USB device found, idVendor=0424, idProduct=2514, bcdDevice= b.b3
[    3.087372] usb 1-1.1: New USB device strings: Mfr=0, Product=0, SerialNumber=0
[    3.096427] hub 1-1.1:1.0: USB hub found
[    3.101722] hub 1-1.1:1.0: 3 ports detected
[    3.191578] NET: Registered protocol family 10
[    3.198107] Segment Routing with IPv6
[    3.247494] systemd[1]: systemd 241 running in system mode. (+PAM +AUDIT +SELINUX +IMA +APPARMOR +SMACK +SYSVINIT +UTMP +LIBCRYPTSETUP +GCRYPT +GNUTLS +ACL +XZ +LZ4 +SECCOMP +BL
KID +ELFUTILS +KMOD -IDN2 +IDN -PCRE2 default-hierarchy=hybrid)
[    3.273078] systemd[1]: Detected architecture arm64.
[    3.290395] systemd[1]: Set hostname to <raspberrypi>.
[    3.356893] uart-pl011 3f201000.serial: no DMA platform data
[    3.632297] random: crng init done
[    3.688334] usb 1-1.1.1: new high-speed USB device number 4 using dwc_otg
[    3.796755] usb 1-1.1.1: New USB device found, idVendor=0424, idProduct=7800, bcdDevice= 3.00
[    3.807711] usb 1-1.1.1: New USB device strings: Mfr=0, Product=0, SerialNumber=0
[    3.896883] systemd[1]: Set up automount Arbitrary Executable File Formats File System Automount Point.
[    3.910633] systemd[1]: Reached target Swap.
[    3.918211] systemd[1]: Listening on udev Kernel Socket.
[    3.926880] systemd[1]: Listening on udev Control Socket.
[    3.938166] systemd[1]: Created slice system-serial\x2dgetty.slice.
[    3.948728] systemd[1]: Created slice system-getty.slice.
[    3.959279] systemd[1]: Created slice system-systemd\x2dfsck.slice.
[    4.090620] lan78xx 1-1.1.1:1.0 (unnamed net_device) (uninitialized): No External EEPROM. Setting MAC Speed
[    4.103370] libphy: lan78xx-mdiobus: probed
[    4.137922] lan78xx 1-1.1.1:1.0 (unnamed net_device) (uninitialized): int urb period 64
[    6.232910] Kernel panic - not syncing: stack-protector: Kernel stack is corrupted in: return_address+0x94/0x98
[    6.244928] CPU: 1 PID: 0 Comm: swapper/1 Tainted: G         C        4.19.118-v8+ #1311
[    6.255014] Hardware name: Raspberry Pi 3 Model B Plus Rev 1.3 (DT)
[    6.262315] Call trace:
[    6.265784]  dump_backtrace+0x0/0x178
[    6.270468]  show_stack+0x24/0x30
[    6.274800]  dump_stack+0xa4/0xdc
[    6.279100]  panic+0x140/0x294
[    6.283097]  print_tainted+0x0/0xc8
[    6.287525]  return_address+0x94/0x98
[    6.292101]  trace_hardirqs_on+0xd0/0x1b0
[    6.296995]  _raw_spin_unlock_irqrestore+0x54/0x88
[    6.302695]  dma_pool_free+0xcc/0xf8
[    6.307194]  bcm2835_dma_free_cb_chain+0x44/0x68
[    6.312733]  bcm2835_dma_desc_free+0x20/0x30
[    6.317904]  vchan_complete+0x1a8/0x1d8
[    6.322618]  tasklet_action_common.isra.6+0x90/0x128
[    6.328480]  tasklet_action+0x3c/0x48
[    6.332998]  __do_softirq+0x17c/0x3cc
[    6.337463]  irq_exit+0xe8/0xf8
[    6.341362]  __handle_domain_irq+0x90/0x100
[    6.346288]  bcm2836_arm_irqchip_handle_irq+0x68/0xd8
[    6.352076]  el1_irq+0xb4/0x130
[    6.355916]  arch_cpu_idle+0x30/0x1f0
[    6.360258]  default_idle_call+0x24/0x40
[    6.364867]  do_idle+0x224/0x240
[    6.368774]  cpu_startup_entry+0x28/0x30
[    6.373400]  secondary_start_kernel+0x188/0x1d8
[    6.378657] SMP: stopping secondary CPUs
[    6.383311] Kernel Offset: disabled
[    6.387522] CPU features: 0x0,24002004
[    6.391997] Memory Limit: none
[    6.395769] ---[ end Kernel panic - not syncing: stack-protector: Kernel stack is corrupted in: return_address+0x94/0x98 ]---
