[    0.000000] Booting Linux on physical CPU 0x0000000000 [0x410fd034]
[    0.000000] Linux version 4.19.118-v8+ (dom@buildbot) (gcc version 5.4.0 20160609 (Ubuntu/Linaro 5.4.0-6ubuntu1~16.04.9)) #1311 SMP PREEMPT Mon Apr 27 14:32:38 BST 2020
[    0.000000] Machine model: Raspberry Pi 3 Model B Plus Rev 1.3
[    0.000000] efi: Getting EFI parameters from FDT:
[    0.000000] efi: UEFI not found.
[    0.000000] cma: Reserved 8 MiB at 0x000000003ac00000
[    0.000000] random: get_random_bytes called from start_kernel+0xb8/0x47c with crng_init=0
[    0.000000] percpu: Embedded 24 pages/cpu s58840 r8192 d31272 u98304
[    0.000000] Detected VIPT I-cache on CPU0
[    0.000000] CPU features: enabling workaround for ARM erratum 843419
[    0.000000] CPU features: enabling workaround for ARM erratum 845719
[    0.000000] Built 1 zonelists, mobility grouping on.  Total pages: 238896
[    0.000000] Kernel command line: coherent_pool=1M 8250.nr_uarts=1 snd_bcm2835.enable_compat_alsa=0 snd_bcm2835.enable_hdmi=1 snd_bcm2835.enable_headphones=1 bcm2708_fb.fbwidth=6
56 bcm2708_fb.fbheight=416 bcm2708_fb.fbswap=1 vc_mem.mem_base=0x3ec00000 vc_mem.mem_size=0x40000000  dwc_otg.lpm_enable=0 console=ttyAMA0,115200 console=tty1 root=PARTUUID=4c99987
7-02 rootfstype=ext4 elevator=deadline fsck.repair=yes rootwait
[    0.000000] Dentry cache hash table entries: 131072 (order: 8, 1048576 bytes)
[    0.000000] Inode-cache hash table entries: 65536 (order: 7, 524288 bytes)
[    0.000000] Memory: 929092K/970752K available (8700K kernel code, 1074K rwdata, 2760K rodata, 1024K init, 1126K bss, 33468K reserved, 8192K cma-reserved)
[    0.000000] SLUB: HWalign=64, Order=0-3, MinObjects=0, CPUs=4, Nodes=1
[    0.000000] ftrace: allocating 30496 entries in 120 pages
[    0.000000] rcu: Preemptible hierarchical RCU implementation.
[    0.000000] rcu:     RCU restricting CPUs from NR_CPUS=64 to nr_cpu_ids=4.
[    0.000000]  Tasks RCU enabled.
[    0.000000] rcu: Adjusting geometry for rcu_fanout_leaf=16, nr_cpu_ids=4
[    0.000000] NR_IRQS: 64, nr_irqs: 64, preallocated irqs: 0
[    0.000000] arch_timer: cp15 timer(s) running at 19.20MHz (phys).
[    0.000000] clocksource: arch_sys_counter: mask: 0xffffffffffffff max_cycles: 0x46d987e47, max_idle_ns: 440795202767 ns
[    0.000007] sched_clock: 56 bits at 19MHz, resolution 52ns, wraps every 4398046511078ns
[    0.000271] Console: colour dummy device 80x25
[    0.000938] console [tty1] enabled
[    0.001007] Calibrating delay loop (skipped), value calculated using timer frequency.. 38.40 BogoMIPS (lpj=76800)
[    0.001060] pid_max: default: 32768 minimum: 301
[    0.001494] Mount-cache hash table entries: 2048 (order: 2, 16384 bytes)
[    0.001549] Mountpoint-cache hash table entries: 2048 (order: 2, 16384 bytes)
[    0.024101] ASID allocator initialised with 32768 entries
[    0.032099] rcu: Hierarchical SRCU implementation.
[    0.040734] EFI services will not be available.
[    0.048177] smp: Bringing up secondary CPUs ...
[    0.080444] Detected VIPT I-cache on CPU1
[    0.080513] CPU1: Booted secondary processor 0x0000000001 [0x410fd034]
[    0.112569] Detected VIPT I-cache on CPU2
[    0.112617] CPU2: Booted secondary processor 0x0000000002 [0x410fd034]
[    0.144733] Detected VIPT I-cache on CPU3
[    0.144780] CPU3: Booted secondary processor 0x0000000003 [0x410fd034]
[    0.144964] smp: Brought up 1 node, 4 CPUs
[    0.145118] SMP: Total of 4 processors activated.
[    0.145153] CPU features: detected: 32-bit EL0 Support
[    0.146123] CPU: All CPU(s) started at EL2
[    0.146196] alternatives: patching kernel code
[    0.147820] devtmpfs: initialized
[    0.164117] Enabled cp15_barrier support
[    0.164183] Enabled setend support
[    0.164765] clocksource: jiffies: mask: 0xffffffff max_cycles: 0xffffffff, max_idle_ns: 7645041785100000 ns
[    0.164827] futex hash table entries: 1024 (order: 4, 65536 bytes)
[    0.165540] pinctrl core: initialized pinctrl subsystem
[    0.166430] DMI not present or invalid.
[    0.167000] NET: Registered protocol family 16
[    0.173452] cpuidle: using governor menu
[    0.174076] hw-breakpoint: found 6 breakpoint and 4 watchpoint registers.
[    0.178704] DMA: preallocated 1024 KiB pool for atomic allocations
[    0.178884] Serial: AMBA PL011 UART driver
[    0.183481] bcm2835-mbox 3f00b880.mailbox: mailbox enabled
[    0.192930] raspberrypi-firmware soc:firmware: Attached to firmware from 2020-04-15 11:43, variant start
[    0.196948] raspberrypi-firmware soc:firmware: Firmware hash is 82f9bb929ce2186eb1824178c1ae82902ad6275c
[    0.245800] bcm2835-dma 3f007000.dma: DMA legacy API manager at (____ptrval____), dmachans=0x1
[    0.249098] vgaarb: loaded
[    0.249684] SCSI subsystem initialized
[    0.249984] usbcore: registered new interface driver usbfs
[    0.250079] usbcore: registered new interface driver hub
[    0.250260] usbcore: registered new device driver usb
[    0.250418] pps_core: LinuxPPS API ver. 1 registered
[    0.250451] pps_core: Software ver. 5.3.6 - Copyright 2005-2007 Rodolfo Giometti <giometti@linux.it>
[    0.250519] PTP clock support registered
[    0.252311] clocksource: Switched to clocksource arch_sys_counter
[    0.377389] VFS: Disk quotas dquot_6.6.0
[    0.377530] VFS: Dquot-cache hash table entries: 512 (order 0, 4096 bytes)
[    0.377764] FS-Cache: Loaded
[    0.378027] CacheFiles: Loaded
[    0.390106] NET: Registered protocol family 2
[    0.391069] tcp_listen_portaddr_hash hash table entries: 512 (order: 1, 8192 bytes)
[    0.391144] TCP established hash table entries: 8192 (order: 4, 65536 bytes)
[    0.391288] TCP bind hash table entries: 8192 (order: 5, 131072 bytes)
[    0.391516] TCP: Hash tables configured (established 8192 bind 8192)
[    0.391796] UDP hash table entries: 512 (order: 2, 16384 bytes)
[    0.391874] UDP-Lite hash table entries: 512 (order: 2, 16384 bytes)
[    0.392223] NET: Registered protocol family 1
[    0.393260] RPC: Registered named UNIX socket transport module.
[    0.393297] RPC: Registered udp transport module.
[    0.393327] RPC: Registered tcp transport module.
[    0.393357] RPC: Registered tcp NFSv4.1 backchannel transport module.
[    0.396030] hw perfevents: enabled with armv8_cortex_a53 PMU driver, 7 counters available
[    0.396230] kvm [1]: 8-bit VMID
[    0.397132] kvm [1]: Hyp mode initialized successfully
[    0.402071] Initialise system trusted keyrings
[    0.402408] workingset: timestamp_bits=46 max_order=18 bucket_order=0
[    0.414731] FS-Cache: Netfs 'nfs' registered for caching
[    0.415799] NFS: Registering the id_resolver key type
[    0.415858] Key type id_resolver registered
[    0.415889] Key type id_legacy registered
[    0.415931] nfs4filelayout_init: NFSv4 File Layout Driver Registering...
[    0.423653] Key type asymmetric registered
[    0.423701] Asymmetric key parser 'x509' registered
[    0.423798] Block layer SCSI generic (bsg) driver version 0.4 loaded (major 248)
[    0.424121] io scheduler noop registered
[    0.424156] io scheduler deadline registered (default)
[    0.424471] io scheduler cfq registered
[    0.424505] io scheduler mq-deadline registered (default)
[    0.424538] io scheduler kyber registered
[    0.427966] bcm2708_fb soc:fb: FB found 1 display(s)
[    0.439129] Console: switching to colour frame buffer device 82x26
[    0.444019] bcm2708_fb soc:fb: Registered framebuffer for display 0, size 656x416
[    0.451389] Serial: 8250/16550 driver, 1 ports, IRQ sharing enabled
[    0.455877] bcm2835-rng 3f104000.rng: hwrng registered
[    0.458854] vc-mem: phys_addr:0x00000000 mem_base=0x3ec00000 mem_size:0x40000000(1024 MiB)
[    0.464666] gpiomem-bcm2835 3f200000.gpiomem: Initialised: Registers at 0x3f200000
[    0.470180] cacheinfo: Unable to detect cache hierarchy for CPU 0
[    0.488552] brd: module loaded
[    0.506538] loop: module loaded
[    0.510286] Loading iSCSI transport class v2.0-870.
[    0.515649] libphy: Fixed MDIO Bus: probed
[    0.518632] usbcore: registered new interface driver r8152
[    0.521293] usbcore: registered new interface driver lan78xx
[    0.523888] usbcore: registered new interface driver smsc95xx
[    0.526767] dwc_otg: version 3.00a 10-AUG-2012 (platform bus)
[    0.557310] dwc_otg 3f980000.usb: base=(____ptrval____)
[    0.773348] Core Release: 2.80a
[    0.775833] Setting default values for core params
[    0.778377] Finished setting default values for core params
[    0.993862] Using Buffer DMA mode
[    0.996239] Periodic Transfer Interrupt Enhancement - disabled
[    0.998680] Multiprocessor Interrupt Enhancement - disabled
[    1.001106] OTG VER PARAM: 0, OTG VER FLAG: 0
[    1.003448] Dedicated Tx FIFOs mode
[    1.006664] WARN::dwc_otg_hcd_init:1074: FIQ DMA bounce buffers: virt = ffffff80090c1000 dma = 0x00000000fad14000 len=9024
[    1.011201] FIQ FSM acceleration enabled for :
[    1.011201] Non-periodic Split Transactions
[    1.011201] Periodic Split Transactions
[    1.011201] High-Speed Isochronous Endpoints
[    1.011201] Interrupt/Control Split Transaction hack enabled
[    1.022000] WARN::hcd_init_fiq:497: MPHI regs_base at ffffff800805d000
[    1.024281] dwc_otg 3f980000.usb: DWC OTG Controller
[    1.026626] dwc_otg 3f980000.usb: new USB bus registered, assigned bus number 1
[    1.029106] dwc_otg 3f980000.usb: irq 9, io mem 0x00000000
[    1.031503] Init: Port Power? op_state=1
[    1.033853] Init: Power Port (0)
[    1.036553] usb usb1: New USB device found, idVendor=1d6b, idProduct=0002, bcdDevice= 4.19
[    1.041285] usb usb1: New USB device strings: Mfr=3, Product=2, SerialNumber=1
[    1.043811] usb usb1: Product: DWC OTG Controller
[    1.046309] usb usb1: Manufacturer: Linux 4.19.118-v8+ dwc_otg_hcd
[    1.048835] usb usb1: SerialNumber: 3f980000.usb
[    1.052093] hub 1-0:1.0: USB hub found
[    1.054625] hub 1-0:1.0: 1 port detected
[    1.058241] usbcore: registered new interface driver uas
[    1.060707] usbcore: registered new interface driver usb-storage
[    1.063230] mousedev: PS/2 mouse device common for all mice
[    1.067067] bcm2835-wdt bcm2835-wdt: Broadcom BCM2835 watchdog timer
[    1.071007] cpufreq: cpufreq_online: CPU0: Running at unlisted freq: 600000 KHz
[    1.075753] cpufreq: cpufreq_online: CPU0: Unlisted initial frequency changed to: 700000 KHz
[    1.079034] sdhci: Secure Digital Host Controller Interface driver
[    1.080101] sdhci: Copyright(c) Pierre Ossman
[    1.081483] sdhost-bcm2835 3f202000.mmc: could not get clk, deferring probe
[    1.082686] sdhci-pltfm: SDHCI platform and OF driver helper
[    1.085143] ledtrig-cpu: registered to indicate activity on CPUs
[    1.086364] hidraw: raw HID events driver (C) Jiri Kosina
[    1.087579] usbcore: registered new interface driver usbhid
[    1.088685] usbhid: USB HID core driver
[    1.090375] vchiq: vchiq_init_state: slot_zero = (____ptrval____), is_master = 0
[    1.094675] Initializing XFRM netlink socket
[    1.095798] NET: Registered protocol family 17
[    1.096973] Key type dns_resolver registered
[    1.098739] registered taskstats version 1
[    1.099823] Loading compiled-in X.509 certificates
[    1.106583] uart-pl011 3f201000.serial: cts_event_workaround enabled
[    1.107815] 3f201000.serial: ttyAMA0 at MMIO 0x3f201000 (irq = 66, base_baud = 0) is a PL011 rev2
[    2.108319] console [ttyAMA0] enabled
[    2.114069] bcm2835-power bcm2835-power: Broadcom BCM2835 power domains driver
[    2.123387] sdhost: log_buf @ (____ptrval____) (fad13000)
[    2.179183] mmc0: sdhost-bcm2835 loaded - DMA enabled (>1)
[    2.187488] of_cfs_init
[    2.191100] of_cfs_init: OK
[    2.216852] Waiting for root device PARTUUID=4c999877-02...
[    2.224465] Indeed it is in host mode hprt0 = 00021501
[    2.298207] mmc0: host does not support reading read-only switch, assuming write-enable
[    2.313767] mmc0: new high speed SDHC card at address aaaa
[    2.321559] mmcblk0: mmc0:aaaa SC16G 14.8 GiB
[    2.329568] random: fast init done
[    2.335674]  mmcblk0: p1 p2
[    2.368628] EXT4-fs (mmcblk0p2): mounted filesystem with ordered data mode. Opts: (null)
[    2.378984] VFS: Mounted root (ext4 filesystem) readonly on device 179:2.
[    2.396834] devtmpfs: mounted
[    2.403969] Freeing unused kernel memory: 1024K
[    2.409710] Run /sbin/init as init process
[    2.420341] usb 1-1: new high-speed USB device number 2 using dwc_otg
[    2.428055] Indeed it is in host mode hprt0 = 00001101
[    2.644668] usb 1-1: New USB device found, idVendor=0424, idProduct=2514, bcdDevice= b.b3
[    2.655163] usb 1-1: New USB device strings: Mfr=0, Product=0, SerialNumber=0
[    2.663996] hub 1-1:1.0: USB hub found
[    2.669114] hub 1-1:1.0: 4 ports detected
[    2.960337] usb 1-1.1: new high-speed USB device number 3 using dwc_otg
[    3.045353] systemd[1]: System time before build time, advancing clock.
[    3.072608] usb 1-1.1: New USB device found, idVendor=0424, idProduct=2514, bcdDevice= b.b3
[    3.083360] usb 1-1.1: New USB device strings: Mfr=0, Product=0, SerialNumber=0
[    3.092408] hub 1-1.1:1.0: USB hub found
[    3.097655] hub 1-1.1:1.0: 3 ports detected
[    3.205437] NET: Registered protocol family 10
[    3.211969] Segment Routing with IPv6
[    3.261324] systemd[1]: systemd 241 running in system mode. (+PAM +AUDIT +SELINUX +IMA +APPARMOR +SMACK +SYSVINIT +UTMP +LIBCRYPTSETUP +GCRYPT +GNUTLS +ACL +XZ +LZ4 +SECCOMP +BL
KID +ELFUTILS +KMOD -IDN2 +IDN -PCRE2 default-hierarchy=hybrid)
[    3.286874] systemd[1]: Detected architecture arm64.
[    3.304349] systemd[1]: Set hostname to <raspberrypi>.
[    3.406065] uart-pl011 3f201000.serial: no DMA platform data
[    3.683336] random: crng init done
[    3.692331] usb 1-1.1.1: new high-speed USB device number 4 using dwc_otg
[    3.800782] usb 1-1.1.1: New USB device found, idVendor=0424, idProduct=7800, bcdDevice= 3.00
[    3.811734] usb 1-1.1.1: New USB device strings: Mfr=0, Product=0, SerialNumber=0
[    3.933042] systemd[1]: Created slice system-serial\x2dgetty.slice.
[    3.942960] systemd[1]: Listening on Syslog Socket.
[    3.951200] systemd[1]: Listening on Journal Socket.
[    3.959353] systemd[1]: Condition check resulted in Kernel Module supporting RPCSEC_GSS being skipped.
[    3.994040] systemd[1]: Condition check resulted in Journal Audit Socket being skipped.
[    4.005767] systemd[1]: Created slice system-systemd\x2dfsck.slice.
[    4.015469] systemd[1]: Listening on udev Kernel Socket.
[    4.103925] lan78xx 1-1.1.1:1.0 (unnamed net_device) (uninitialized): No External EEPROM. Setting MAC Speed
[    4.125842] libphy: lan78xx-mdiobus: probed
[    4.155076] lan78xx 1-1.1.1:1.0 (unnamed net_device) (uninitialized): int urb period 64
[    4.620491] Unable to handle kernel paging request at virtual address ffffff803ab95c40
[    4.630404] Mem abort info:
[    4.634172]   ESR = 0x96000046
[    4.638145]   Exception class = DABT (current EL), IL = 32 bits
[    4.645013]   SET = 0, FnV = 0
[    4.648987]   EA = 0, S1PTW = 0
[    4.653019] Data abort info:
[    4.656770]   ISV = 0, ISS = 0x00000046
[    4.661481]   CM = 0, WnR = 1
[    4.665310] swapper pgtable: 4k pages, 39-bit VAs, pgdp = 00000000a9d4e7a4
[    4.673116] [ffffff803ab95c40] pgd=000000003abfe003, pud=000000003abfe003, pmd=0000000000000000
[    4.683680] Internal error: Oops: 96000046 [#1] PREEMPT SMP
[    4.690201] Modules linked in: ip_tables x_tables ipv6
[    4.696287] Process ksoftirqd/1 (pid: 17, stack limit = 0x00000000be3c3cc7)
[    4.704232] CPU: 1 PID: 17 Comm: ksoftirqd/1 Not tainted 4.19.118-v8+ #1311
[    4.712202] Hardware name: Raspberry Pi 3 Model B Plus Rev 1.3 (DT)
[    4.719485] pstate: 80000085 (Nzcv daIf -PAN -UAO)
[    4.725309] pc : _raw_spin_unlock+0x1c/0x58
[    4.730524] lr : __queue_work+0x130/0x550
[    4.735517] sp : ffffff8008f2bc00
[    4.739763] x29: ffffff8008f2bc00 x28: 0000000000000000 
[    4.746036] x27: ffffffc0365c90b0 x26: 0000000000000001 
[    4.752306] x25: ffffff8008cac018 x24: ffffff8008cc93f8 
[    4.758555] x23: ffffff8008cac018 x22: ffffffc039766400 
[    4.764778] x21: 0000000000000002 x20: 000000000000003e 
[    4.771016] x19: ffffff803ab95c40 x18: 0000000000000000 
[    4.777259] x17: 0000000000000000 x16: 0000000000000000 
[    4.783495] x15: 0000000000000000 x14: 0000000000000000 
[    4.789707] x13: 0000000000000000 x12: 0000000000000000 
[    4.795870] x11: 0000000000000000 x10: 0000000000001930 
[    4.801987] x9 : ffffff8008f2bd30 x8 : 0000000000000000 
[    4.808054] x7 : ffffff8008cc8688 x6 : 0000000000000003 
[    4.814086] x5 : 0000000000000000 x4 : ffffff8008147cc8 
[    4.820105] x3 : ffffffc03ab9b207 x2 : 5c12174d01c22c00 
[    4.826098] x1 : 0000000000000000 x0 : 0000000000000000 
[    4.832066] Call trace:
[    4.835121]  _raw_spin_unlock+0x1c/0x58
[    4.839555]  __queue_work+0x130/0x550
[    4.843805]  rcu_work_rcufn+0x30/0x48
[    4.848051]  rcu_process_callbacks+0x300/0x590
[    4.853090]  __do_softirq+0x17c/0x3cc
[    4.857342]  run_ksoftirqd+0x4c/0x60
[    4.861513]  smpboot_thread_fn+0x1f8/0x298
[    4.866208]  kthread+0x104/0x130
[    4.870040]  ret_from_fork+0x10/0x18
[    4.874210] Code: aa0003f3 aa1e03e0 d503201f 52800000 (089ffe60) 
[    4.880955] ---[ end trace d3af2ffdceee48d3 ]---
[    4.886235] Kernel panic - not syncing: Fatal exception in interrupt
[    4.893314] SMP: stopping secondary CPUs
[    4.897988] Kernel Offset: disabled
[    4.902239] CPU features: 0x0,24002004
[    4.906750] Memory Limit: none
[    4.910579] ---[ end Kernel panic - not syncing: Fatal exception in interrupt ]---
