[    0.000000] Booting Linux on physical CPU 0x0000000000 [0x410fd034]
[    0.000000] Linux version 4.19.118-v8+ (dom@buildbot) (gcc version 5.4.0 20160609 (Ubuntu/Linaro 5.4.0-6ubuntu1~16.04.9)) #1311 SMP PREEMPT Mon Apr 27 14:32:38 BST 2020
[    0.000000] Machine model: Raspberry Pi 3 Model B Plus Rev 1.3
[    0.000000] efi: Getting EFI parameters from FDT:
[    0.000000] efi: UEFI not found.
[    0.000000] cma: Reserved 8 MiB at 0x000000003ac00000
[    0.000000] random: get_random_bytes called from start_kernel+0xb8/0x47c with crng_init=0
[    0.000000] percpu: Embedded 24 pages/cpu s58840 r8192 d31272 u98304
[    0.000000] Detected VIPT I-cache on CPU0
[    0.000000] CPU features: enabling workaround for ARM erratum 843419
[    0.000000] CPU features: enabling workaround for ARM erratum 845719
[    0.000000] Built 1 zonelists, mobility grouping on.  Total pages: 238896
[    0.000000] Kernel command line: coherent_pool=1M 8250.nr_uarts=1 snd_bcm2835.enable_compat_alsa=0 snd_bcm2835.enable_hdmi=1 snd_bcm2835.enable_headphones=1 bcm2708_fb.fbwidth=6
56 bcm2708_fb.fbheight=416 bcm2708_fb.fbswap=1 vc_mem.mem_base=0x3ec00000 vc_mem.mem_size=0x40000000  dwc_otg.lpm_enable=0 console=ttyAMA0,115200 console=tty1 root=PARTUUID=4c99987
7-02 rootfstype=ext4 elevator=deadline fsck.repair=yes rootwait
[    0.000000] Dentry cache hash table entries: 131072 (order: 8, 1048576 bytes)
[    0.000000] Inode-cache hash table entries: 65536 (order: 7, 524288 bytes)
[    0.000000] Memory: 929092K/970752K available (8700K kernel code, 1074K rwdata, 2760K rodata, 1024K init, 1126K bss, 33468K reserved, 8192K cma-reserved)
[    0.000000] SLUB: HWalign=64, Order=0-3, MinObjects=0, CPUs=4, Nodes=1
[    0.000000] ftrace: allocating 30496 entries in 120 pages
[    0.000000] rcu: Preemptible hierarchical RCU implementation.
[    0.000000] rcu:     RCU restricting CPUs from NR_CPUS=64 to nr_cpu_ids=4.
[    0.000000]  Tasks RCU enabled.
[    0.000000] rcu: Adjusting geometry for rcu_fanout_leaf=16, nr_cpu_ids=4
[    0.000000] NR_IRQS: 64, nr_irqs: 64, preallocated irqs: 0
[    0.000000] arch_timer: cp15 timer(s) running at 19.20MHz (phys).
[    0.000000] clocksource: arch_sys_counter: mask: 0xffffffffffffff max_cycles: 0x46d987e47, max_idle_ns: 440795202767 ns
[    0.000007] sched_clock: 56 bits at 19MHz, resolution 52ns, wraps every 4398046511078ns
[    0.000272] Console: colour dummy device 80x25
[    0.000938] console [tty1] enabled
[    0.001009] Calibrating delay loop (skipped), value calculated using timer frequency.. 38.40 BogoMIPS (lpj=76800)
[    0.001061] pid_max: default: 32768 minimum: 301
[    0.001497] Mount-cache hash table entries: 2048 (order: 2, 16384 bytes)
[    0.001554] Mountpoint-cache hash table entries: 2048 (order: 2, 16384 bytes)
[    0.024103] ASID allocator initialised with 32768 entries
[    0.032099] rcu: Hierarchical SRCU implementation.
[    0.040736] EFI services will not be available.
[    0.048177] smp: Bringing up secondary CPUs ...
[    0.080442] Detected VIPT I-cache on CPU1
[    0.080511] CPU1: Booted secondary processor 0x0000000001 [0x410fd034]
[    0.112567] Detected VIPT I-cache on CPU2
[    0.112616] CPU2: Booted secondary processor 0x0000000002 [0x410fd034]
[    0.144731] Detected VIPT I-cache on CPU3
[    0.144777] CPU3: Booted secondary processor 0x0000000003 [0x410fd034]
[    0.144962] smp: Brought up 1 node, 4 CPUs
[    0.145116] SMP: Total of 4 processors activated.
[    0.145151] CPU features: detected: 32-bit EL0 Support
[    0.146123] CPU: All CPU(s) started at EL2
[    0.146197] alternatives: patching kernel code
[    0.147817] devtmpfs: initialized
[    0.164124] Enabled cp15_barrier support
[    0.164190] Enabled setend support
[    0.164771] clocksource: jiffies: mask: 0xffffffff max_cycles: 0xffffffff, max_idle_ns: 7645041785100000 ns
[    0.164833] futex hash table entries: 1024 (order: 4, 65536 bytes)
[    0.165553] pinctrl core: initialized pinctrl subsystem
[    0.166449] DMI not present or invalid.
[    0.167019] NET: Registered protocol family 16
[    0.173486] cpuidle: using governor menu
[    0.174110] hw-breakpoint: found 6 breakpoint and 4 watchpoint registers.
[    0.178802] DMA: preallocated 1024 KiB pool for atomic allocations
[    0.178982] Serial: AMBA PL011 UART driver
[    0.183585] bcm2835-mbox 3f00b880.mailbox: mailbox enabled
[    0.192923] raspberrypi-firmware soc:firmware: Attached to firmware from 2020-04-15 11:43, variant start
[    0.196941] raspberrypi-firmware soc:firmware: Firmware hash is 82f9bb929ce2186eb1824178c1ae82902ad6275c
[    0.245793] bcm2835-dma 3f007000.dma: DMA legacy API manager at (____ptrval____), dmachans=0x1
[    0.249096] vgaarb: loaded
[    0.249684] SCSI subsystem initialized
[    0.249984] usbcore: registered new interface driver usbfs
[    0.250079] usbcore: registered new interface driver hub
[    0.250259] usbcore: registered new device driver usb
[    0.250417] pps_core: LinuxPPS API ver. 1 registered
[    0.250451] pps_core: Software ver. 5.3.6 - Copyright 2005-2007 Rodolfo Giometti <giometti@linux.it>
[    0.250519] PTP clock support registered
[    0.252343] clocksource: Switched to clocksource arch_sys_counter
[    0.377442] VFS: Disk quotas dquot_6.6.0
[    0.377583] VFS: Dquot-cache hash table entries: 512 (order 0, 4096 bytes)
[    0.377864] FS-Cache: Loaded
[    0.378125] CacheFiles: Loaded
[    0.390215] NET: Registered protocol family 2
[    0.391182] tcp_listen_portaddr_hash hash table entries: 512 (order: 1, 8192 bytes)
[    0.391258] TCP established hash table entries: 8192 (order: 4, 65536 bytes)
[    0.391401] TCP bind hash table entries: 8192 (order: 5, 131072 bytes)
[    0.391619] TCP: Hash tables configured (established 8192 bind 8192)
[    0.391906] UDP hash table entries: 512 (order: 2, 16384 bytes)
[    0.391984] UDP-Lite hash table entries: 512 (order: 2, 16384 bytes)
[    0.392412] NET: Registered protocol family 1
[    0.393421] RPC: Registered named UNIX socket transport module.
[    0.393458] RPC: Registered udp transport module.
[    0.393488] RPC: Registered tcp transport module.
[    0.393518] RPC: Registered tcp NFSv4.1 backchannel transport module.
[    0.396123] hw perfevents: enabled with armv8_cortex_a53 PMU driver, 7 counters available
[    0.396383] kvm [1]: 8-bit VMID
[    0.397229] kvm [1]: Hyp mode initialized successfully
[    0.402149] Initialise system trusted keyrings
[    0.402484] workingset: timestamp_bits=46 max_order=18 bucket_order=0
[    0.414824] FS-Cache: Netfs 'nfs' registered for caching
[    0.415890] NFS: Registering the id_resolver key type
[    0.415949] Key type id_resolver registered
[    0.415980] Key type id_legacy registered
[    0.416022] nfs4filelayout_init: NFSv4 File Layout Driver Registering...
[    0.423768] Key type asymmetric registered
[    0.423816] Asymmetric key parser 'x509' registered
[    0.423916] Block layer SCSI generic (bsg) driver version 0.4 loaded (major 248)
[    0.424208] io scheduler noop registered
[    0.424242] io scheduler deadline registered (default)
[    0.424559] io scheduler cfq registered
[    0.424593] io scheduler mq-deadline registered (default)
[    0.424627] io scheduler kyber registered
[    0.428081] bcm2708_fb soc:fb: FB found 1 display(s)
[    0.439233] Console: switching to colour frame buffer device 82x26
[    0.444128] bcm2708_fb soc:fb: Registered framebuffer for display 0, size 656x416
[    0.451511] Serial: 8250/16550 driver, 1 ports, IRQ sharing enabled
[    0.456012] bcm2835-rng 3f104000.rng: hwrng registered
[    0.458977] vc-mem: phys_addr:0x00000000 mem_base=0x3ec00000 mem_size:0x40000000(1024 MiB)
[    0.464783] gpiomem-bcm2835 3f200000.gpiomem: Initialised: Registers at 0x3f200000
[    0.470300] cacheinfo: Unable to detect cache hierarchy for CPU 0
[    0.488676] brd: module loaded
[    0.506817] loop: module loaded
[    0.510534] Loading iSCSI transport class v2.0-870.
[    0.515887] libphy: Fixed MDIO Bus: probed
[    0.518869] usbcore: registered new interface driver r8152
[    0.521532] usbcore: registered new interface driver lan78xx
[    0.524127] usbcore: registered new interface driver smsc95xx
[    0.527005] dwc_otg: version 3.00a 10-AUG-2012 (platform bus)
[    0.557549] dwc_otg 3f980000.usb: base=(____ptrval____)
[    0.773360] Core Release: 2.80a
[    0.775849] Setting default values for core params
[    0.778397] Finished setting default values for core params
[    0.993899] Using Buffer DMA mode
[    0.996277] Periodic Transfer Interrupt Enhancement - disabled
[    0.998719] Multiprocessor Interrupt Enhancement - disabled
[    1.001148] OTG VER PARAM: 0, OTG VER FLAG: 0
[    1.003490] Dedicated Tx FIFOs mode
[    1.006699] WARN::dwc_otg_hcd_init:1074: FIQ DMA bounce buffers: virt = ffffff80090c1000 dma = 0x00000000fad14000 len=9024
[    1.011232] FIQ FSM acceleration enabled for :
[    1.011232] Non-periodic Split Transactions
[    1.011232] Periodic Split Transactions
[    1.011232] High-Speed Isochronous Endpoints
[    1.011232] Interrupt/Control Split Transaction hack enabled
[    1.022012] WARN::hcd_init_fiq:497: MPHI regs_base at ffffff800805d000
[    1.024290] dwc_otg 3f980000.usb: DWC OTG Controller
[    1.026625] dwc_otg 3f980000.usb: new USB bus registered, assigned bus number 1
[    1.029104] dwc_otg 3f980000.usb: irq 9, io mem 0x00000000
[    1.031503] Init: Port Power? op_state=1
[    1.033854] Init: Power Port (0)
[    1.036557] usb usb1: New USB device found, idVendor=1d6b, idProduct=0002, bcdDevice= 4.19
[    1.041305] usb usb1: New USB device strings: Mfr=3, Product=2, SerialNumber=1
[    1.043839] usb usb1: Product: DWC OTG Controller
[    1.046343] usb usb1: Manufacturer: Linux 4.19.118-v8+ dwc_otg_hcd
[    1.048875] usb usb1: SerialNumber: 3f980000.usb
[    1.052140] hub 1-0:1.0: USB hub found
[    1.054680] hub 1-0:1.0: 1 port detected
[    1.058275] usbcore: registered new interface driver uas
[    1.060730] usbcore: registered new interface driver usb-storage
[    1.063262] mousedev: PS/2 mouse device common for all mice
[    1.067107] bcm2835-wdt bcm2835-wdt: Broadcom BCM2835 watchdog timer
[    1.071043] cpufreq: cpufreq_online: CPU0: Running at unlisted freq: 600000 KHz
[    1.075801] cpufreq: cpufreq_online: CPU0: Unlisted initial frequency changed to: 700000 KHz
[    1.079085] sdhci: Secure Digital Host Controller Interface driver
[    1.080154] sdhci: Copyright(c) Pierre Ossman
[    1.081546] sdhost-bcm2835 3f202000.mmc: could not get clk, deferring probe
[    1.082757] sdhci-pltfm: SDHCI platform and OF driver helper
[    1.085228] ledtrig-cpu: registered to indicate activity on CPUs
[    1.086453] hidraw: raw HID events driver (C) Jiri Kosina
[    1.087671] usbcore: registered new interface driver usbhid
[    1.088777] usbhid: USB HID core driver
[    1.090481] vchiq: vchiq_init_state: slot_zero = (____ptrval____), is_master = 0
[    1.094751] Initializing XFRM netlink socket
[    1.095859] NET: Registered protocol family 17
[    1.097045] Key type dns_resolver registered
[    1.098826] registered taskstats version 1
[    1.099923] Loading compiled-in X.509 certificates
[    1.106690] uart-pl011 3f201000.serial: cts_event_workaround enabled
[    1.107917] 3f201000.serial: ttyAMA0 at MMIO 0x3f201000 (irq = 66, base_baud = 0) is a PL011 rev2
[    2.108416] console [ttyAMA0] enabled
[    2.114164] bcm2835-power bcm2835-power: Broadcom BCM2835 power domains driver
[    2.123488] sdhost: log_buf @ (____ptrval____) (fad13000)
[    2.179210] mmc0: sdhost-bcm2835 loaded - DMA enabled (>1)
[    2.187512] of_cfs_init
[    2.191128] of_cfs_init: OK
[    2.216853] Waiting for root device PARTUUID=4c999877-02...
[    2.224494] Indeed it is in host mode hprt0 = 00021501
[    2.298227] mmc0: host does not support reading read-only switch, assuming write-enable
[    2.310358] random: fast init done
[    2.315735] mmc0: new high speed SDHC card at address aaaa
[    2.323488] mmcblk0: mmc0:aaaa SC16G 14.8 GiB
[    2.333533]  mmcblk0: p1 p2
[    2.356236] EXT4-fs (mmcblk0p2): INFO: recovery required on readonly filesystem
[    2.364706] EXT4-fs (mmcblk0p2): write access will be enabled during recovery
[    2.387605] EXT4-fs (mmcblk0p2): recovery complete
[    2.406960] EXT4-fs (mmcblk0p2): mounted filesystem with ordered data mode. Opts: (null)
[    2.417262] VFS: Mounted root (ext4 filesystem) readonly on device 179:2.
[    2.420357] usb 1-1: new high-speed USB device number 2 using dwc_otg
[    2.432875] Indeed it is in host mode hprt0 = 00001101
[    2.445076] devtmpfs: mounted
[    2.452076] Freeing unused kernel memory: 1024K
[    2.457766] Run /sbin/init as init process
[    2.648640] usb 1-1: New USB device found, idVendor=0424, idProduct=2514, bcdDevice= b.b3
[    2.659151] usb 1-1: New USB device strings: Mfr=0, Product=0, SerialNumber=0
[    2.668010] hub 1-1:1.0: USB hub found
[    2.673069] hub 1-1:1.0: 4 ports detected
[    2.964369] usb 1-1.1: new high-speed USB device number 3 using dwc_otg
[    3.072632] usb 1-1.1: New USB device found, idVendor=0424, idProduct=2514, bcdDevice= b.b3
[    3.083358] usb 1-1.1: New USB device strings: Mfr=0, Product=0, SerialNumber=0
[    3.092427] hub 1-1.1:1.0: USB hub found
[    3.097720] hub 1-1.1:1.0: 3 ports detected
[    3.097906] systemd[1]: System time before build time, advancing clock.
[    3.242279] NET: Registered protocol family 10
[    3.248836] Segment Routing with IPv6
[    3.298079] systemd[1]: systemd 241 running in system mode. (+PAM +AUDIT +SELINUX +IMA +APPARMOR +SMACK +SYSVINIT +UTMP +LIBCRYPTSETUP +GCRYPT +GNUTLS +ACL +XZ +LZ4 +SECCOMP +BL
KID +ELFUTILS +KMOD -IDN2 +IDN -PCRE2 default-hierarchy=hybrid)
[    3.323595] systemd[1]: Detected architecture arm64.
[    3.341004] systemd[1]: Set hostname to <raspberrypi>.
[    3.459969] uart-pl011 3f201000.serial: no DMA platform data
[    3.492336] Unable to handle kernel paging request at virtual address ffffff803a316c30
[    3.502622] Mem abort info:
[    3.506557]   ESR = 0x96000006
[    3.510726]   Exception class = DABT (current EL), IL = 32 bits
[    3.517764]   SET = 0, FnV = 0
[    3.521881]   EA = 0, S1PTW = 0
[    3.526051] Data abort info:
[    3.529958]   ISV = 0, ISS = 0x00000006
[    3.534802]   CM = 0, WnR = 0
[    3.538747] swapper pgtable: 4k pages, 39-bit VAs, pgdp = (____ptrval____)
[    3.546662] [ffffff803a316c30] pgd=000000003abfe003, pud=000000003abfe003, pmd=0000000000000000
[    3.557393] Internal error: Oops: 96000006 [#1] PREEMPT SMP
[    3.563978] Modules linked in: ip_tables x_tables ipv6
[    3.570100] Process swapper/1 (pid: 0, stack limit = 0x(____ptrval____))
[    3.577819] CPU: 1 PID: 0 Comm: swapper/1 Not tainted 4.19.118-v8+ #1311
[    3.585548] Hardware name: Raspberry Pi 3 Model B Plus Rev 1.3 (DT)
[    3.592865] pstate: 60000085 (nZCv daIf -PAN -UAO)
[    3.598701] pc : account_idle_time+0x4c/0x98
[    3.603992] lr : account_idle_time+0x44/0x98
[    3.609231] sp : ffffff800800bd50
[    3.613465] x29: ffffff800800bd50 x28: 0000000000000003 
[    3.619718] x27: ffffff8008cac018 x26: 0000000000000080 
[    3.625968] x25: ffffff8008cac018 x24: ffffff8008cc86d8 
[    3.632194] x23: ffffff80081685d0 x22: 00000000003d0900 
[    3.638401] x21: ffffff8008cc93f8 x20: ffffffc03ab8af28 
[    3.644617] x19: ffffff803a3162c0 x18: 0000000000000000 
[    3.650839] x17: 0000000000000000 x16: 0000000000000000 
[    3.657057] x15: ffffff8008b63000 x14: 0000000000000008 
[    3.663267] x13: 0000000000000000 x12: 003d090000000000 
[    3.669438] x11: 00003d08ffff9c00 x10: 0000000000006400 
[    3.675572] x9 : 00003d08ffff9c00 x8 : 0000000000012c00 
[    3.681645] x7 : 0000000000000003 x6 : ffffff8008df9a10 
[    3.687694] x5 : 0000000000000000 x4 : 0000004031edd000 
[    3.693717] x3 : 0000000000010001 x2 : ffffff8008cac018 
[    3.699710] x1 : ffffff8008ae02b8 x0 : 000000003165d000 
[    3.705677] Call trace:
[    3.708732]  account_idle_time+0x4c/0x98
[    3.713253]  account_process_tick+0x90/0xb8
[    3.718027]  update_process_times+0x28/0x60
[    3.722819]  tick_sched_handle.isra.5+0x44/0x68
[    3.727964]  tick_sched_timer+0x5c/0xb0
[    3.732404]  __hrtimer_run_queues+0x118/0x380
[    3.737391]  hrtimer_interrupt+0xf8/0x258
[    3.742041]  arch_timer_handler_phys+0x3c/0x50
[    3.747137]  handle_percpu_devid_irq+0xa4/0x2a0
[    3.752317]  generic_handle_irq+0x34/0x50
[    3.756976]  __handle_domain_irq+0x8c/0x100
[    3.761824]  bcm2836_arm_irqchip_handle_irq+0x68/0xd8
[    3.767564]  el1_irq+0xb4/0x130
[    3.771396]  arch_cpu_idle+0x30/0x1f0
[    3.775760]  default_idle_call+0x24/0x40
[    3.780400]  do_idle+0x224/0x240
[    3.784328]  cpu_startup_entry+0x2c/0x30
[    3.788973]  secondary_start_kernel+0x188/0x1d8
[    3.794239] Code: 8b000294 94100f6e f8605aa0 8b000273 (b9497260) 
[    3.801106] ---[ end trace b35df789de791f1f ]---
[    3.806488] Kernel panic - not syncing: Fatal exception in interrupt
[    3.813651] SMP: stopping secondary CPUs
[    3.818382] Kernel Offset: disabled
[    3.822676] CPU features: 0x0,24002004
[    3.827227] Memory Limit: none
[    3.831081] ---[ end Kernel panic - not syncing: Fatal exception in interrupt ]---
