[    0.000000] Booting Linux on physical CPU 0x0000000000 [0x410fd034]
[    0.000000] Linux version 4.19.118-v8+ (dom@buildbot) (gcc version 5.4.0 20160609 (Ubuntu/Linaro 5.4.0-6ubuntu1~16.04.9)) #1311 SMP PREEMPT Mon Apr 27 14:32:38 BST 2020
[    0.000000] Machine model: Raspberry Pi 3 Model B Plus Rev 1.3
[    0.000000] efi: Getting EFI parameters from FDT:
[    0.000000] efi: UEFI not found.
[    0.000000] cma: Reserved 8 MiB at 0x000000003ac00000
[    0.000000] random: get_random_bytes called from start_kernel+0xb8/0x47c with crng_init=0
[    0.000000] percpu: Embedded 24 pages/cpu s58840 r8192 d31272 u98304
[    0.000000] Detected VIPT I-cache on CPU0
[    0.000000] CPU features: enabling workaround for ARM erratum 843419
[    0.000000] CPU features: enabling workaround for ARM erratum 845719
[    0.000000] Built 1 zonelists, mobility grouping on.  Total pages: 238896
[    0.000000] Kernel command line: coherent_pool=1M 8250.nr_uarts=1 snd_bcm2835.enable_compat_alsa=0 snd_bcm2835.enable_hdmi=1 snd_bcm2835.enable_headphones=1 bcm2708_fb.fbwidth=
656 bcm2708_fb.fbheight=416 bcm2708_fb.fbswap=1 vc_mem.mem_base=0x3ec00000 vc_mem.mem_size=0x40000000  dwc_otg.lpm_enable=0 console=ttyAMA0,115200 console=tty1 root=PARTUUID=4c999
877-02 rootfstype=ext4 elevator=deadline fsck.repair=yes rootwait
[    0.000000] Dentry cache hash table entries: 131072 (order: 8, 1048576 bytes)
[    0.000000] Inode-cache hash table entries: 65536 (order: 7, 524288 bytes)
[    0.000000] Memory: 929092K/970752K available (8700K kernel code, 1074K rwdata, 2760K rodata, 1024K init, 1126K bss, 33468K reserved, 8192K cma-reserved)
[    0.000000] SLUB: HWalign=64, Order=0-3, MinObjects=0, CPUs=4, Nodes=1
[    0.000000] ftrace: allocating 30496 entries in 120 pages
[    0.000000] rcu: Preemptible hierarchical RCU implementation.
[    0.000000] rcu:     RCU restricting CPUs from NR_CPUS=64 to nr_cpu_ids=4.
[    0.000000]  Tasks RCU enabled.
[    0.000000] rcu: Adjusting geometry for rcu_fanout_leaf=16, nr_cpu_ids=4
[    0.000000] NR_IRQS: 64, nr_irqs: 64, preallocated irqs: 0
[    0.000000] arch_timer: cp15 timer(s) running at 19.20MHz (phys).
[    0.000000] clocksource: arch_sys_counter: mask: 0xffffffffffffff max_cycles: 0x46d987e47, max_idle_ns: 440795202767 ns
[    0.000007] sched_clock: 56 bits at 19MHz, resolution 52ns, wraps every 4398046511078ns
[    0.000272] Console: colour dummy device 80x25
[    0.000938] console [tty1] enabled
[    0.001008] Calibrating delay loop (skipped), value calculated using timer frequency.. 38.40 BogoMIPS (lpj=76800)
[    0.001061] pid_max: default: 32768 minimum: 301
[    0.001493] Mount-cache hash table entries: 2048 (order: 2, 16384 bytes)
[    0.001549] Mountpoint-cache hash table entries: 2048 (order: 2, 16384 bytes)
[    0.024101] ASID allocator initialised with 32768 entries
[    0.032098] rcu: Hierarchical SRCU implementation.
[    0.040740] EFI services will not be available.
[    0.048175] smp: Bringing up secondary CPUs ...
[    0.080439] Detected VIPT I-cache on CPU1
[    0.080508] CPU1: Booted secondary processor 0x0000000001 [0x410fd034]
[    0.112567] Detected VIPT I-cache on CPU2
[    0.112616] CPU2: Booted secondary processor 0x0000000002 [0x410fd034]
[    0.144730] Detected VIPT I-cache on CPU3
[    0.144776] CPU3: Booted secondary processor 0x0000000003 [0x410fd034]
[    0.144960] smp: Brought up 1 node, 4 CPUs
[    0.145114] SMP: Total of 4 processors activated.
[    0.145148] CPU features: detected: 32-bit EL0 Support
[    0.146122] CPU: All CPU(s) started at EL2
[    0.146196] alternatives: patching kernel code
[    0.147821] devtmpfs: initialized
[    0.164107] Enabled cp15_barrier support
[    0.164174] Enabled setend support
[    0.164747] clocksource: jiffies: mask: 0xffffffff max_cycles: 0xffffffff, max_idle_ns: 7645041785100000 ns
[    0.164809] futex hash table entries: 1024 (order: 4, 65536 bytes)
[    0.165531] pinctrl core: initialized pinctrl subsystem
[    0.166417] DMI not present or invalid.
[    0.166985] NET: Registered protocol family 16
[    0.173442] cpuidle: using governor menu
[    0.174070] hw-breakpoint: found 6 breakpoint and 4 watchpoint registers.
[    0.178691] DMA: preallocated 1024 KiB pool for atomic allocations
[    0.178871] Serial: AMBA PL011 UART driver
[    0.183453] bcm2835-mbox 3f00b880.mailbox: mailbox enabled
[    0.192927] raspberrypi-firmware soc:firmware: Attached to firmware from 2020-04-15 11:43, variant start
[    0.196945] raspberrypi-firmware soc:firmware: Firmware hash is 82f9bb929ce2186eb1824178c1ae82902ad6275c
[    0.245795] bcm2835-dma 3f007000.dma: DMA legacy API manager at (____ptrval____), dmachans=0x1
[    0.249091] vgaarb: loaded
[    0.249681] SCSI subsystem initialized
[    0.249979] usbcore: registered new interface driver usbfs
[    0.250074] usbcore: registered new interface driver hub
[    0.250256] usbcore: registered new device driver usb
[    0.250414] pps_core: LinuxPPS API ver. 1 registered
[    0.250447] pps_core: Software ver. 5.3.6 - Copyright 2005-2007 Rodolfo Giometti <giometti@linux.it>
[    0.250515] PTP clock support registered
[    0.252336] clocksource: Switched to clocksource arch_sys_counter
[    0.377433] VFS: Disk quotas dquot_6.6.0
[    0.377573] VFS: Dquot-cache hash table entries: 512 (order 0, 4096 bytes)
[    0.377856] FS-Cache: Loaded
[    0.378120] CacheFiles: Loaded
[    0.390182] NET: Registered protocol family 2
[    0.391148] tcp_listen_portaddr_hash hash table entries: 512 (order: 1, 8192 bytes)
[    0.391225] TCP established hash table entries: 8192 (order: 4, 65536 bytes)
[    0.391368] TCP bind hash table entries: 8192 (order: 5, 131072 bytes)
[    0.391585] TCP: Hash tables configured (established 8192 bind 8192)
[    0.391861] UDP hash table entries: 512 (order: 2, 16384 bytes)
[    0.391939] UDP-Lite hash table entries: 512 (order: 2, 16384 bytes)
[    0.392287] NET: Registered protocol family 1
[    0.393532] RPC: Registered named UNIX socket transport module.
[    0.393570] RPC: Registered udp transport module.
[    0.393601] RPC: Registered tcp transport module.
[    0.393631] RPC: Registered tcp NFSv4.1 backchannel transport module.
[    0.396285] hw perfevents: enabled with armv8_cortex_a53 PMU driver, 7 counters available
[    0.396547] kvm [1]: 8-bit VMID
[    0.397370] kvm [1]: Hyp mode initialized successfully
[    0.402226] Initialise system trusted keyrings
[    0.402596] workingset: timestamp_bits=46 max_order=18 bucket_order=0
[    0.414937] FS-Cache: Netfs 'nfs' registered for caching
[    0.416005] NFS: Registering the id_resolver key type
[    0.416065] Key type id_resolver registered
[    0.416096] Key type id_legacy registered
[    0.416138] nfs4filelayout_init: NFSv4 File Layout Driver Registering...
[    0.424116] Key type asymmetric registered
[    0.424165] Asymmetric key parser 'x509' registered
[    0.424268] Block layer SCSI generic (bsg) driver version 0.4 loaded (major 248)
[    0.424611] io scheduler noop registered
[    0.424646] io scheduler deadline registered (default)
[    0.424909] io scheduler cfq registered
[    0.424942] io scheduler mq-deadline registered (default)
[    0.424976] io scheduler kyber registered
[    0.428471] bcm2708_fb soc:fb: FB found 1 display(s)
[    0.439457] Console: switching to colour frame buffer device 82x26
[    0.444368] bcm2708_fb soc:fb: Registered framebuffer for display 0, size 656x416
[    0.451721] Serial: 8250/16550 driver, 1 ports, IRQ sharing enabled
[    0.456247] bcm2835-rng 3f104000.rng: hwrng registered
[    0.459226] vc-mem: phys_addr:0x00000000 mem_base=0x3ec00000 mem_size:0x40000000(1024 MiB)
[    0.465123] gpiomem-bcm2835 3f200000.gpiomem: Initialised: Registers at 0x3f200000
[    0.470638] cacheinfo: Unable to detect cache hierarchy for CPU 0
[    0.489010] brd: module loaded
[    0.507037] loop: module loaded
[    0.510762] Loading iSCSI transport class v2.0-870.
[    0.515989] libphy: Fixed MDIO Bus: probed
[    0.518968] usbcore: registered new interface driver r8152
[    0.521626] usbcore: registered new interface driver lan78xx
[    0.524217] usbcore: registered new interface driver smsc95xx
[    0.527100] dwc_otg: version 3.00a 10-AUG-2012 (platform bus)
[    0.557636] dwc_otg 3f980000.usb: base=(____ptrval____)
[    0.773573] Core Release: 2.80a
[    0.776058] Setting default values for core params
[    0.778607] Finished setting default values for core params
[    0.994753] Using Buffer DMA mode
[    0.997158] Periodic Transfer Interrupt Enhancement - disabled
[    0.999571] Multiprocessor Interrupt Enhancement - disabled
[    1.001996] OTG VER PARAM: 0, OTG VER FLAG: 0
[    1.004359] Dedicated Tx FIFOs mode
[    1.007439] WARN::dwc_otg_hcd_init:1074: FIQ DMA bounce buffers: virt = ffffff80090c1000 dma = 0x00000000fad14000 len=9024
[    1.011975] FIQ FSM acceleration enabled for :
[    1.011975] Non-periodic Split Transactions
[    1.011975] Periodic Split Transactions
[    1.011975] High-Speed Isochronous Endpoints
[    1.011975] Interrupt/Control Split Transaction hack enabled
[    1.022758] WARN::hcd_init_fiq:497: MPHI regs_base at ffffff800805d000
[    1.025068] dwc_otg 3f980000.usb: DWC OTG Controller
[    1.027375] dwc_otg 3f980000.usb: new USB bus registered, assigned bus number 1
[    1.029855] dwc_otg 3f980000.usb: irq 9, io mem 0x00000000
[    1.032251] Init: Port Power? op_state=1
[    1.034600] Init: Power Port (0)
[    1.037265] usb usb1: New USB device found, idVendor=1d6b, idProduct=0002, bcdDevice= 4.19
[    1.042001] usb usb1: New USB device strings: Mfr=3, Product=2, SerialNumber=1
[    1.044610] usb usb1: Product: DWC OTG Controller
[    1.047087] usb usb1: Manufacturer: Linux 4.19.118-v8+ dwc_otg_hcd
[    1.049616] usb usb1: SerialNumber: 3f980000.usb
[    1.052995] hub 1-0:1.0: USB hub found
[    1.055487] hub 1-0:1.0: 1 port detected
[    1.059068] usbcore: registered new interface driver uas
[    1.061529] usbcore: registered new interface driver usb-storage
[    1.064096] mousedev: PS/2 mouse device common for all mice
[    1.067929] bcm2835-wdt bcm2835-wdt: Broadcom BCM2835 watchdog timer
[    1.071848] cpufreq: cpufreq_online: CPU0: Running at unlisted freq: 600000 KHz
[    1.076609] cpufreq: cpufreq_online: CPU0: Unlisted initial frequency changed to: 700000 KHz
[    1.079887] sdhci: Secure Digital Host Controller Interface driver
[    1.080983] sdhci: Copyright(c) Pierre Ossman
[    1.082358] sdhost-bcm2835 3f202000.mmc: could not get clk, deferring probe
[    1.083570] sdhci-pltfm: SDHCI platform and OF driver helper
[    1.086063] ledtrig-cpu: registered to indicate activity on CPUs
[    1.087282] hidraw: raw HID events driver (C) Jiri Kosina
[    1.088517] usbcore: registered new interface driver usbhid
[    1.089594] usbhid: USB HID core driver
[    1.091268] vchiq: vchiq_init_state: slot_zero = (____ptrval____), is_master = 0
[    1.095558] Initializing XFRM netlink socket
[    1.096701] NET: Registered protocol family 17
[    1.097864] Key type dns_resolver registered
[    1.099645] registered taskstats version 1
[    1.100762] Loading compiled-in X.509 certificates
[    1.107488] uart-pl011 3f201000.serial: cts_event_workaround enabled
[    1.108764] 3f201000.serial: ttyAMA0 at MMIO 0x3f201000 (irq = 66, base_baud = 0) is a PL011 rev2
[    2.109254] console [ttyAMA0] enabled
[    2.115082] bcm2835-power bcm2835-power: Broadcom BCM2835 power domains driver
[    2.124460] sdhost: log_buf @ (____ptrval____) (fad13000)
[    2.180049] mmc0: sdhost-bcm2835 loaded - DMA enabled (>1)
[    2.188456] of_cfs_init
[    2.192072] of_cfs_init: OK
[    2.196391] Waiting for root device PARTUUID=4c999877-02...
[    2.228426] Indeed it is in host mode hprt0 = 00021501
[    2.270208] mmc0: host does not support reading read-only switch, assuming write-enable
[    2.297716] mmc0: new high speed SDHC card at address aaaa
[    2.313161] mmcblk0: mmc0:aaaa SC16G 14.8 GiB
[    2.323754]  mmcblk0: p1 p2
[    2.341677] random: fast init done
[    2.360206] EXT4-fs (mmcblk0p2): mounted filesystem with ordered data mode. Opts: (null)
[    2.370566] VFS: Mounted root (ext4 filesystem) readonly on device 179:2.
[    2.388434] devtmpfs: mounted
[    2.395655] Freeing unused kernel memory: 1024K
[    2.401413] Run /sbin/init as init process
[    2.444355] usb 1-1: new high-speed USB device number 2 using dwc_otg
[    2.452113] Indeed it is in host mode hprt0 = 00001101
[    2.668641] usb 1-1: New USB device found, idVendor=0424, idProduct=2514, bcdDevice= b.b3
[    2.679146] usb 1-1: New USB device strings: Mfr=0, Product=0, SerialNumber=0
[    2.687980] hub 1-1:1.0: USB hub found
[    2.693026] hub 1-1:1.0: 4 ports detected
[    2.984365] usb 1-1.1: new high-speed USB device number 3 using dwc_otg
[    3.027818] systemd[1]: System time before build time, advancing clock.
[    3.092608] usb 1-1.1: New USB device found, idVendor=0424, idProduct=2514, bcdDevice= b.b3
[    3.103371] usb 1-1.1: New USB device strings: Mfr=0, Product=0, SerialNumber=0
[    3.112414] hub 1-1.1:1.0: USB hub found
[    3.117655] hub 1-1.1:1.0: 3 ports detected
[    3.197302] NET: Registered protocol family 10
[    3.203851] Segment Routing with IPv6
[    3.253268] systemd[1]: systemd 241 running in system mode. (+PAM +AUDIT +SELINUX +IMA +APPARMOR +SMACK +SYSVINIT +UTMP +LIBCRYPTSETUP +GCRYPT +GNUTLS +ACL +XZ +LZ4 +SECCOMP +B
LKID +ELFUTILS +KMOD -IDN2 +IDN -PCRE2 default-hierarchy=hybrid)
[    3.278804] systemd[1]: Detected architecture arm64.
[    3.296100] systemd[1]: Set hostname to <raspberrypi>.
[    3.412465] uart-pl011 3f201000.serial: no DMA platform data
[    3.671743] random: crng init done
[    3.708369] usb 1-1.1.1: new high-speed USB device number 4 using dwc_otg
[    3.816808] usb 1-1.1.1: New USB device found, idVendor=0424, idProduct=7800, bcdDevice= 3.00
[    3.827780] usb 1-1.1.1: New USB device strings: Mfr=0, Product=0, SerialNumber=0
[    3.913844] systemd[1]: Listening on udev Kernel Socket.
[    3.944040] systemd[1]: Condition check resulted in Journal Audit Socket being skipped.
[    3.955315] systemd[1]: Listening on Journal Socket.
[    3.968630] systemd[1]: Mounting RPC Pipe File System...
[    3.982513] systemd[1]: Mounting Kernel Debug File System...
[    3.999341] systemd[1]: Starting Restore / save the current clock...
[    4.024016] systemd[1]: Starting Load Kernel Modules...
[    4.109590] lan78xx 1-1.1.1:1.0 (unnamed net_device) (uninitialized): No External EEPROM. Setting MAC Speed
[    4.110838] libphy: lan78xx-mdiobus: probed
[    4.143979] lan78xx 1-1.1.1:1.0 (unnamed net_device) (uninitialized): int urb period 64

Raspbian GNU/Linux 10 raspberrypi ttyAMA0

raspberrypi login: pi
Password: 
Last login: Fri Jul 10 08:44:37 CEST 2020 on ttyAMA0
Linux raspberrypi 4.19.118-v8+ #1311 SMP PREEMPT Mon Apr 27 14:32:38 BST 2020 aarch64

The programs included with the Debian GNU/Linux system are free software;
the exact distribution terms for each program are described in the
individual files in /usr/share/doc/*/copyright.

Debian GNU/Linux comes with ABSOLUTELY NO WARRANTY, to the extent
permitted by applicable law.

SSH is enabled and the default password for the 'pi' user has not been changed.
This is a security risk - please login as the 'pi' user and type 'passwd' to set a new password.

pi@raspberrypi:~$  sudo reboot
[  169.260065] Unable to handle kernel paging request at virtual address 0003205f49edcfbb
[  169.269665] Mem abort info:
[  169.273272]   ESR = 0x96000004
[  169.277127]   Exception class = DABT (current EL), IL = 32 bits
[  169.283894]   SET = 0, FnV = 0
[  169.287769]   EA = 0, S1PTW = 0
[  169.291726] Data abort info:
[  169.295410]   ISV = 0, ISS = 0x00000004
[  169.300039]   CM = 0, WnR = 0
[  169.303766] [0003205f49edcfbb] address between user and kernel address ranges
[  169.311729] Internal error: Oops: 96000004 [#1] PREEMPT SMP
[  169.318140] Modules linked in: cfg80211 rfkill 8021q garp stp llc binfmt_misc bcm2835_codec(C) v4l2_mem2mem bcm2835_v4l2(C) bcm2835_mmal_vchiq(C) v4l2_common videobuf2_dma_cont
ig videobuf2_vmalloc videobuf2_memops videobuf2_v4l2 videobuf2_common raspberrypi_hwmon hwmon videodev media vc_sm_cma(C) uio_pdrv_genirq uio ip_tables x_tables ipv6
[  169.353077] Process swapper/1 (pid: 0, stack limit = 0x000000006c070b43)
[  169.360889] CPU: 1 PID: 0 Comm: swapper/1 Tainted: G         C        4.19.118-v8+ #1311
[  169.371240] Hardware name: Raspberry Pi 3 Model B Plus Rev 1.3 (DT)
[  169.378645] pstate: 20000085 (nzCv daIf -PAN -UAO)
[  169.384557] pc : rcu_check_callbacks+0x54/0xa58
[  169.390208] lr : update_process_times+0x34/0x60
[  169.395865] sp : ffffff800800bd00
[  169.400287] x29: ffffff800800bd00 x28: 0000000000000001 
[  169.406712] x27: ffffff8008cac018 x26: 0000000000000080 
[  169.413124] x25: ffffff8008cac018 x24: ffffff8008cc86d8 
[  169.419545] x23: ffffff80081685d0 x22: ffffffc03ab91780 
[  169.425959] x21: ffffff8008efbdc0 x20: ffffff8008ce2000 
[  169.432365] x19: 0000000000000000 x18: ffffff8008cc8688 
[  169.438737] x17: 0000000000000000 x16: 0000000000000000 
[  169.445063] x15: ffffff800a803df8 x14: 0000000000000000 
[  169.451350] x13: ffffffc038b6cdd8 x12: 0000000000000000 
[  169.457579] x11: ffffffc038368a90 x10: 0000000000001930 
[  169.463749] x9 : ffffff8008efbe70 x8 : 0000000000000040 
[  169.469869] x7 : 0000000000000000 x6 : 000bd31b5b9017d2 
[  169.475949] x5 : 0000000000000018 x4 : ffffff8008ce3040 
[  169.481990] x3 : 0000004031edd000 x2 : 0000004031edd000 
[  169.487995] x1 : ffffff8008460c40 x0 : d503201f17ffffbb 
[  169.493973] Call trace:
[  169.497040]  rcu_check_callbacks+0x54/0xa58
[  169.501844]  update_process_times+0x34/0x60
[  169.506641]  tick_sched_handle.isra.5+0x44/0x68
[  169.511787]  tick_sched_timer+0x5c/0xb0
[  169.516225]  __hrtimer_run_queues+0x118/0x380
[  169.521195]  hrtimer_interrupt+0xf8/0x258
[  169.525833]  arch_timer_handler_phys+0x3c/0x50
[  169.530923]  handle_percpu_devid_irq+0xa4/0x2a0
[  169.536106]  generic_handle_irq+0x34/0x50
[  169.540777]  __handle_domain_irq+0x8c/0x100
[  169.545625]  bcm2836_arm_irqchip_handle_irq+0x68/0xd8
[  169.551372]  el1_irq+0xb4/0x130
[  169.555209]  arch_cpu_idle+0x30/0x1f0
[  169.559581]  default_idle_call+0x24/0x40
[  169.564230]  do_idle+0x224/0x240
[  169.568185]  cpu_startup_entry+0x28/0x30
[  169.572843]  secondary_start_kernel+0x188/0x1d8
[  169.578120] Code: 54000160 f9450c20 d538d083 9100c000 (f8636802) 
[  169.585004] ---[ end trace 65eab0b8dc0fc618 ]---
[  169.590411] Kernel panic - not syncing: Fatal exception in interrupt
[  169.597582] SMP: stopping secondary CPUs
[  169.602322] Kernel Offset: disabled
[  169.606618] CPU features: 0x0,24002004
[  169.611165] Memory Limit: none
[  169.615022] ---[ end Kernel panic - not syncing: Fatal exception in interrupt ]---
