[    0.000000] Booting Linux on physical CPU 0x0000000000 [0x410fd034]
[    0.000000] Linux version 4.19.118-v8+ (dom@buildbot) (gcc version 5.4.0 20160609 (Ubuntu/Linaro 5.4.0-6ubuntu1~16.04.9)) #1311 SMP PREEMPT Mon Apr 27 14:32:38 BST 2020
[    0.000000] Machine model: Raspberry Pi 3 Model B Plus Rev 1.3
[    0.000000] efi: Getting EFI parameters from FDT:
[    0.000000] efi: UEFI not found.
[    0.000000] cma: Reserved 8 MiB at 0x000000003ac00000
[    0.000000] random: get_random_bytes called from start_kernel+0xb8/0x47c with crng_init=0
[    0.000000] percpu: Embedded 24 pages/cpu s58840 r8192 d31272 u98304
[    0.000000] Detected VIPT I-cache on CPU0
[    0.000000] CPU features: enabling workaround for ARM erratum 843419
[    0.000000] CPU features: enabling workaround for ARM erratum 845719
[    0.000000] Built 1 zonelists, mobility grouping on.  Total pages: 238896
[    0.000000] Kernel command line: coherent_pool=1M 8250.nr_uarts=1 snd_bcm2835.enable_compat_alsa=0 snd_bcm2835.enable_hdmi=1 snd_bcm2835.enable_headphones=1 bcm2708_fb.fbwidth=
656 bcm2708_fb.fbheight=416 bcm2708_fb.fbswap=1 vc_mem.mem_base=0x3ec00000 vc_mem.mem_size=0x40000000  dwc_otg.lpm_enable=0 console=ttyAMA0,115200 console=tty1 root=PARTUUID=4c999
877-02 rootfstype=ext4 elevator=deadline fsck.repair=yes rootwait
[    0.000000] Dentry cache hash table entries: 131072 (order: 8, 1048576 bytes)
[    0.000000] Inode-cache hash table entries: 65536 (order: 7, 524288 bytes)
[    0.000000] Memory: 929092K/970752K available (8700K kernel code, 1074K rwdata, 2760K rodata, 1024K init, 1126K bss, 33468K reserved, 8192K cma-reserved)
[    0.000000] SLUB: HWalign=64, Order=0-3, MinObjects=0, CPUs=4, Nodes=1
[    0.000000] ftrace: allocating 30496 entries in 120 pages
[    0.000000] rcu: Preemptible hierarchical RCU implementation.
[    0.000000] rcu:     RCU restricting CPUs from NR_CPUS=64 to nr_cpu_ids=4.
[    0.000000]  Tasks RCU enabled.
[    0.000000] rcu: Adjusting geometry for rcu_fanout_leaf=16, nr_cpu_ids=4
[    0.000000] NR_IRQS: 64, nr_irqs: 64, preallocated irqs: 0
[    0.000000] arch_timer: cp15 timer(s) running at 19.20MHz (phys).
[    0.000000] clocksource: arch_sys_counter: mask: 0xffffffffffffff max_cycles: 0x46d987e47, max_idle_ns: 440795202767 ns
[    0.000007] sched_clock: 56 bits at 19MHz, resolution 52ns, wraps every 4398046511078ns
[    0.000272] Console: colour dummy device 80x25
[    0.000937] console [tty1] enabled
[    0.001007] Calibrating delay loop (skipped), value calculated using timer frequency.. 38.40 BogoMIPS (lpj=76800)
[    0.001060] pid_max: default: 32768 minimum: 301
[    0.001493] Mount-cache hash table entries: 2048 (order: 2, 16384 bytes)
[    0.001549] Mountpoint-cache hash table entries: 2048 (order: 2, 16384 bytes)
[    0.024103] ASID allocator initialised with 32768 entries
[    0.032099] rcu: Hierarchical SRCU implementation.
[    0.040740] EFI services will not be available.
[    0.048176] smp: Bringing up secondary CPUs ...
[    0.080444] Detected VIPT I-cache on CPU1
[    0.080512] CPU1: Booted secondary processor 0x0000000001 [0x410fd034]
[    0.112569] Detected VIPT I-cache on CPU2
[    0.112619] CPU2: Booted secondary processor 0x0000000002 [0x410fd034]
[    0.144734] Detected VIPT I-cache on CPU3
[    0.144780] CPU3: Booted secondary processor 0x0000000003 [0x410fd034]
[    0.144964] smp: Brought up 1 node, 4 CPUs
[    0.145118] SMP: Total of 4 processors activated.
[    0.145153] CPU features: detected: 32-bit EL0 Support
[    0.146126] CPU: All CPU(s) started at EL2
[    0.146200] alternatives: patching kernel code
[    0.147820] devtmpfs: initialized
[    0.164116] Enabled cp15_barrier support
[    0.164183] Enabled setend support
[    0.164764] clocksource: jiffies: mask: 0xffffffff max_cycles: 0xffffffff, max_idle_ns: 7645041785100000 ns
[    0.164825] futex hash table entries: 1024 (order: 4, 65536 bytes)
[    0.165547] pinctrl core: initialized pinctrl subsystem
[    0.166433] DMI not present or invalid.
[    0.167000] NET: Registered protocol family 16
[    0.173456] cpuidle: using governor menu
[    0.174079] hw-breakpoint: found 6 breakpoint and 4 watchpoint registers.
[    0.178762] DMA: preallocated 1024 KiB pool for atomic allocations
[    0.178943] Serial: AMBA PL011 UART driver
[    0.183546] bcm2835-mbox 3f00b880.mailbox: mailbox enabled
[    0.192929] raspberrypi-firmware soc:firmware: Attached to firmware from 2020-04-15 11:43, variant start
[    0.196946] raspberrypi-firmware soc:firmware: Firmware hash is 82f9bb929ce2186eb1824178c1ae82902ad6275c
[    0.239128] bcm2835-dma 3f007000.dma: DMA legacy API manager at (____ptrval____), dmachans=0x1
[    0.242670] vgaarb: loaded
[    0.243176] SCSI subsystem initialized
[    0.243474] usbcore: registered new interface driver usbfs
[    0.243568] usbcore: registered new interface driver hub
[    0.243751] usbcore: registered new device driver usb
[    0.243909] pps_core: LinuxPPS API ver. 1 registered
[    0.243942] pps_core: Software ver. 5.3.6 - Copyright 2005-2007 Rodolfo Giometti <giometti@linux.it>
[    0.244001] PTP clock support registered
[    0.245877] clocksource: Switched to clocksource arch_sys_counter
[    0.371116] VFS: Disk quotas dquot_6.6.0
[    0.371256] VFS: Dquot-cache hash table entries: 512 (order 0, 4096 bytes)
[    0.371538] FS-Cache: Loaded
[    0.371801] CacheFiles: Loaded
[    0.383945] NET: Registered protocol family 2
[    0.384912] tcp_listen_portaddr_hash hash table entries: 512 (order: 1, 8192 bytes)
[    0.384987] TCP established hash table entries: 8192 (order: 4, 65536 bytes)
[    0.385131] TCP bind hash table entries: 8192 (order: 5, 131072 bytes)
[    0.385349] TCP: Hash tables configured (established 8192 bind 8192)
[    0.385626] UDP hash table entries: 512 (order: 2, 16384 bytes)
[    0.385702] UDP-Lite hash table entries: 512 (order: 2, 16384 bytes)
[    0.386134] NET: Registered protocol family 1
[    0.387110] RPC: Registered named UNIX socket transport module.
[    0.387147] RPC: Registered udp transport module.
[    0.387177] RPC: Registered tcp transport module.
[    0.387207] RPC: Registered tcp NFSv4.1 backchannel transport module.
[    0.389798] hw perfevents: enabled with armv8_cortex_a53 PMU driver, 7 counters available
[    0.390069] kvm [1]: 8-bit VMID
[    0.390914] kvm [1]: Hyp mode initialized successfully
[    0.395840] Initialise system trusted keyrings
[    0.396181] workingset: timestamp_bits=46 max_order=18 bucket_order=0
[    0.408541] FS-Cache: Netfs 'nfs' registered for caching
[    0.409606] NFS: Registering the id_resolver key type
[    0.409693] Key type id_resolver registered
[    0.409723] Key type id_legacy registered
[    0.409765] nfs4filelayout_init: NFSv4 File Layout Driver Registering...
[    0.417532] Key type asymmetric registered
[    0.417581] Asymmetric key parser 'x509' registered
[    0.417681] Block layer SCSI generic (bsg) driver version 0.4 loaded (major 248)
[    0.418034] io scheduler noop registered
[    0.418069] io scheduler deadline registered (default)
[    0.418332] io scheduler cfq registered
[    0.418365] io scheduler mq-deadline registered (default)
[    0.418399] io scheduler kyber registered
[    0.421822] bcm2708_fb soc:fb: FB found 1 display(s)
[    0.432719] Console: switching to colour frame buffer device 82x26
[    0.437623] bcm2708_fb soc:fb: Registered framebuffer for display 0, size 656x416
[    0.444944] Serial: 8250/16550 driver, 1 ports, IRQ sharing enabled
[    0.449436] bcm2835-rng 3f104000.rng: hwrng registered
[    0.452408] vc-mem: phys_addr:0x00000000 mem_base=0x3ec00000 mem_size:0x40000000(1024 MiB)
[    0.458209] gpiomem-bcm2835 3f200000.gpiomem: Initialised: Registers at 0x3f200000
[    0.463719] cacheinfo: Unable to detect cache hierarchy for CPU 0
[    0.482180] brd: module loaded
[    0.500173] loop: module loaded
[    0.503903] Loading iSCSI transport class v2.0-870.
[    0.509227] libphy: Fixed MDIO Bus: probed
[    0.512202] usbcore: registered new interface driver r8152
[    0.514863] usbcore: registered new interface driver lan78xx
[    0.517454] usbcore: registered new interface driver smsc95xx
[    0.520332] dwc_otg: version 3.00a 10-AUG-2012 (platform bus)
[    0.550882] dwc_otg 3f980000.usb: base=(____ptrval____)
[    0.766964] Core Release: 2.80a
[    0.769445] Setting default values for core params
[    0.771989] Finished setting default values for core params
[    0.987932] Using Buffer DMA mode
[    0.990337] Periodic Transfer Interrupt Enhancement - disabled
[    0.992752] Multiprocessor Interrupt Enhancement - disabled
[    0.995179] OTG VER PARAM: 0, OTG VER FLAG: 0
[    0.997511] Dedicated Tx FIFOs mode
[    1.000714] WARN::dwc_otg_hcd_init:1074: FIQ DMA bounce buffers: virt = ffffff80090c1000 dma = 0x00000000fad14000 len=9024
[    1.005249] FIQ FSM acceleration enabled for :
[    1.005249] Non-periodic Split Transactions
[    1.005249] Periodic Split Transactions
[    1.005249] High-Speed Isochronous Endpoints
[    1.005249] Interrupt/Control Split Transaction hack enabled
[    1.016031] WARN::hcd_init_fiq:497: MPHI regs_base at ffffff800805d000
[    1.018340] dwc_otg 3f980000.usb: DWC OTG Controller
[    1.020654] dwc_otg 3f980000.usb: new USB bus registered, assigned bus number 1
[    1.023139] dwc_otg 3f980000.usb: irq 9, io mem 0x00000000
[    1.025538] Init: Port Power? op_state=1
[    1.027891] Init: Power Port (0)
[    1.030587] usb usb1: New USB device found, idVendor=1d6b, idProduct=0002, bcdDevice= 4.19
[    1.035341] usb usb1: New USB device strings: Mfr=3, Product=2, SerialNumber=1
[    1.037905] usb usb1: Product: DWC OTG Controller
[    1.040385] usb usb1: Manufacturer: Linux 4.19.118-v8+ dwc_otg_hcd
[    1.042918] usb usb1: SerialNumber: 3f980000.usb
[    1.046232] hub 1-0:1.0: USB hub found
[    1.048736] hub 1-0:1.0: 1 port detected
[    1.052334] usbcore: registered new interface driver uas
[    1.054806] usbcore: registered new interface driver usb-storage
[    1.057347] mousedev: PS/2 mouse device common for all mice
[    1.061194] bcm2835-wdt bcm2835-wdt: Broadcom BCM2835 watchdog timer
[    1.065158] cpufreq: cpufreq_online: CPU0: Running at unlisted freq: 600000 KHz
[    1.069918] cpufreq: cpufreq_online: CPU0: Unlisted initial frequency changed to: 700000 KHz
[    1.073186] sdhci: Secure Digital Host Controller Interface driver
[    1.074280] sdhci: Copyright(c) Pierre Ossman
[    1.075638] sdhost-bcm2835 3f202000.mmc: could not get clk, deferring probe
[    1.076840] sdhci-pltfm: SDHCI platform and OF driver helper
[    1.079316] ledtrig-cpu: registered to indicate activity on CPUs
[    1.080537] hidraw: raw HID events driver (C) Jiri Kosina
[    1.081757] usbcore: registered new interface driver usbhid
[    1.082862] usbhid: USB HID core driver
[    1.084560] vchiq: vchiq_init_state: slot_zero = (____ptrval____), is_master = 0
[    1.088847] Initializing XFRM netlink socket
[    1.089991] NET: Registered protocol family 17
[    1.091145] Key type dns_resolver registered
[    1.092906] registered taskstats version 1
[    1.094010] Loading compiled-in X.509 certificates
[    1.100734] uart-pl011 3f201000.serial: cts_event_workaround enabled
[    1.101994] 3f201000.serial: ttyAMA0 at MMIO 0x3f201000 (irq = 66, base_baud = 0) is a PL011 rev2
[    2.102469] console [ttyAMA0] enabled
[    2.108225] bcm2835-power bcm2835-power: Broadcom BCM2835 power domains driver
[    2.117549] sdhost: log_buf @ (____ptrval____) (fad13000)
[    2.173246] mmc0: sdhost-bcm2835 loaded - DMA enabled (>1)
[    2.181554] of_cfs_init
[    2.185167] of_cfs_init: OK
[    2.210879] Waiting for root device PARTUUID=4c999877-02...
[    2.217970] Indeed it is in host mode hprt0 = 00021501
[    2.291775] mmc0: host does not support reading read-only switch, assuming write-enable
[    2.307357] mmc0: new high speed SDHC card at address aaaa
[    2.315155] mmcblk0: mmc0:aaaa SC16G 14.8 GiB
[    2.324778] random: fast init done
[    2.329415]  mmcblk0: p1 p2
[    2.358732] EXT4-fs (mmcblk0p2): mounted filesystem with ordered data mode. Opts: (null)
[    2.369078] VFS: Mounted root (ext4 filesystem) readonly on device 179:2.
[    2.387040] devtmpfs: mounted
[    2.394249] Freeing unused kernel memory: 1024K
[    2.400002] Run /sbin/init as init process
[    2.413893] usb 1-1: new high-speed USB device number 2 using dwc_otg
[    2.421624] Indeed it is in host mode hprt0 = 00001101
[    2.638150] usb 1-1: New USB device found, idVendor=0424, idProduct=2514, bcdDevice= b.b3
[    2.648579] usb 1-1: New USB device strings: Mfr=0, Product=0, SerialNumber=0
[    2.657400] hub 1-1:1.0: USB hub found
[    2.662479] hub 1-1:1.0: 4 ports detected
[    2.953904] usb 1-1.1: new high-speed USB device number 3 using dwc_otg
[    3.032840] systemd[1]: System time before build time, advancing clock.
[    3.062187] usb 1-1.1: New USB device found, idVendor=0424, idProduct=2514, bcdDevice= b.b3
[    3.072912] usb 1-1.1: New USB device strings: Mfr=0, Product=0, SerialNumber=0
[    3.081952] hub 1-1.1:1.0: USB hub found
[    3.087235] hub 1-1.1:1.0: 3 ports detected
[    3.200556] NET: Registered protocol family 10
[    3.207102] Segment Routing with IPv6
[    3.256458] systemd[1]: systemd 241 running in system mode. (+PAM +AUDIT +SELINUX +IMA +APPARMOR +SMACK +SYSVINIT +UTMP +LIBCRYPTSETUP +GCRYPT +GNUTLS +ACL +XZ +LZ4 +SECCOMP +B
LKID +ELFUTILS +KMOD -IDN2 +IDN -PCRE2 default-hierarchy=hybrid)
[    3.282090] systemd[1]: Detected architecture arm64.
[    3.299304] systemd[1]: Set hostname to <raspberrypi>.
[    3.419552] uart-pl011 3f201000.serial: no DMA platform data
[    3.673916] usb 1-1.1.1: new high-speed USB device number 4 using dwc_otg
[    3.691350] random: crng init done
[    3.794361] usb 1-1.1.1: New USB device found, idVendor=0424, idProduct=7800, bcdDevice= 3.00
[    3.805398] usb 1-1.1.1: New USB device strings: Mfr=0, Product=0, SerialNumber=0
[    3.926039] systemd[1]: Set up automount Arbitrary Executable File Formats File System Automount Point.
[    3.942925] systemd[1]: Created slice system-systemd\x2dfsck.slice.
[    3.953437] systemd[1]: Started Dispatch Password Requests to Console Directory Watch.
[    3.967216] systemd[1]: Listening on udev Control Socket.
[    3.976870] systemd[1]: Listening on Syslog Socket.
[    4.007229] systemd[1]: Condition check resulted in Journal Audit Socket being skipped.
[    4.018462] systemd[1]: Started Forward Password Requests to Wall Directory Watch.
[    4.087913] lan78xx 1-1.1.1:1.0 (unnamed net_device) (uninitialized): No External EEPROM. Setting MAC Speed
[    4.100957] libphy: lan78xx-mdiobus: probed
[    4.126541] lan78xx 1-1.1.1:1.0 (unnamed net_device) (uninitialized): int urb period 64
[   17.914950] Unable to handle kernel paging request at virtual address 000000000001046c
[   17.924533] Mem abort info:
[   17.928099]   ESR = 0x86000005
[   17.931980]   Exception class = IABT (current EL), IL = 32 bits
[   17.938695]   SET = 0, FnV = 0
[   17.942538]   EA = 0, S1PTW = 0
[   17.946465] user pgtable: 4k pages, 39-bit VAs, pgdp = 000000000f02f268
[   17.953928] [000000000001046c] pgd=0000000000000000, pud=0000000000000000
[   17.961601] Internal error: Oops: 86000005 [#1] PREEMPT SMP
[   17.968041] Modules linked in: cfg80211 rfkill 8021q garp stp llc binfmt_misc bcm2835_v4l2(C) bcm2835_codec(C) v4l2_common v4l2_mem2mem videobuf2_vmalloc bcm2835_mmal_vchiq(C) 
videobuf2_dma_contig videobuf2_memops videobuf2_v4l2 videobuf2_common videodev raspberrypi_hwmon media hwmon vc_sm_cma(C) uio_pdrv_genirq uio ip_tables x_tables ipv6
[   18.003038] Process uvbench.sh (pid: 643, stack limit = 0x00000000243f4be2)
[   18.011118] CPU: 1 PID: 643 Comm: uvbench.sh Tainted: G         C        4.19.118-v8+ #1311
[   18.021752] Hardware name: Raspberry Pi 3 Model B Plus Rev 1.3 (DT)
[   18.029228] pstate: 40000005 (nZcv daif -PAN -UAO)
[   18.035229] pc : 0x1046c
[   18.038912] lr : 0x1046c
[   18.042531] sp : ffffff800a543b60
[   18.046931] x29: ffffff800a543b70 x28: ffffffc032ceba00 
[   18.053365] x27: 0000000000000000 x26: 0000000000000000 
[   18.059783] x25: ffffffc033e44760 x24: ffffffc0324f3010 
[   18.066184] x23: 00000000000000ab x22: ffffff8008cc8000 
[   18.072600] x21: 00000000000000ab x20: 000000000000004a 
[   18.078981] x19: ffffffbf00bb3540 x18: 0000000000000000 
[   18.085332] x17: 0000000000000000 x16: 000000000001046c 
[   18.091651] x15: 0000000000000000 x14: 0000000000000000 
[   18.097916] x13: 00000000000ffe00 x12: 00000000ffe01000 
[   18.104128] x11: 0000000000000000 x10: 0000000000000000 
[   18.110289] x9 : 0000004031edd000 x8 : 0000000000000000 
[   18.116389] x7 : ffffff8008cc8688 x6 : ffffff8008cc8000 
[   18.122453] x5 : ffffff8008cc8e00 x4 : 0000004031edd000 
[   18.128474] x3 : 0000000000000001 x2 : ffffffbf00bb3540 
[   18.134463] x1 : ffffffbf00bb3540 x0 : 0000000000000001 
[   18.140431] Call trace:
[   18.143484]  0x1046c
[   18.146242]  free_pages_and_swap_cache+0xc0/0x100
[   18.151545]  tlb_flush_mmu_free+0x60/0x80
[   18.156174]  tlb_flush_mmu+0x44/0x168
[   18.160448]  arch_tlb_finish_mmu+0x54/0x88
[   18.165161]  tlb_finish_mmu+0x44/0x68
[   18.169434]  exit_mmap+0xf8/0x178
[   18.173349]  mmput+0x5c/0xe8
[   18.176821]  do_exit+0x2ec/0xa88
[   18.180639]  do_group_exit+0x3c/0xa0
[   18.184809]  __arm64_sys_exit_group+0x24/0x28
[   18.189778]  el0_svc_common+0xf4/0x1c0
[   18.194155]  el0_svc_compat_handler+0x30/0x40
[   18.199150]  el0_svc_compat+0x8/0x18
[   18.203367] Code: bad PC value
[   18.207066] ---[ end trace eac9e2b99d85ba76 ]---
[   18.212636] Fixing recursive fault but reboot is needed!

Raspbian GNU/Linux 10 raspberrypi ttyAMA0

raspberrypi login: pi
Password: 
Last login: Fri Jul 10 09:09:27 CEST 2020 on ttyAMA0
Linux raspberrypi 4.19.118-v8+ #1311 SMP PREEMPT Mon Apr 27 14:32:38 BST 2020 aarch64

The programs included with the Debian GNU/Linux system are free software;
the exact distribution terms for each program are described in the
individual files in /usr/share/doc/*/copyright.

Debian GNU/Linux comes with ABSOLUTELY NO WARRANTY, to the extent
permitted by applicable law.

SSH is enabled and the default password for the 'pi' user has not been changed.
This is a security risk - please login as the 'pi' user and type 'passwd' to set a new password.

pi@raspberrypi:~$  systemctl status uvbench.service
��● uvbench.service - Under-volting benchmark
   Loaded: loaded (/etc/systemd/system/uvbench.service; enabled; vendor preset: 
   Active: activating (start) since Fri 2020-07-10 09:12:21 CEST; 17s ago
 Main PID: 450 (uvbench.sh)
    Tasks: 5 (limit: 1088)
   Memory: 4.5M
   CGroup: /system.slice/uvbench.service
           ��├��─450 /bin/sh /home/pi/uvbench.sh run -t 25
           ��├��─638 /bin/sh /home/pi/uvbench.sh run -t 25
           ��├��─639 /bin/sh /home/pi/uvbench.sh run -t 25
           ��├��─640 sed -e s/^[^=]\+=\([[:digit:]]\+\)$/\1/
           ��└��─643 [uvbench.sh]

Jul 10 09:12:23 raspberrypi uvbench.sh[450]: run: Fri Jul 10 09:12:23 CEST 2020
Jul 10 09:12:23 raspberrypi sudo[505]:       pi : TTY=unknown ; PWD=/home/pi ; U
Jul 10 09:12:23 raspberrypi sudo[505]: pam_unix(sudo:session): session opened fo
Jul 10 09:12:23 raspberrypi uvbench.sh[450]: Setting cpu: 0
Jul 10 09:12:23 raspberrypi uvbench.sh[450]: Setting cpu: 1
Jul 10 09:12:23 raspberrypi uvbench.sh[450]: Setting cpu: 2
Jul 10 09:12:23 raspberrypi uvbench.sh[450]: Setting cpu: 3
Jul 10 09:12:23 raspberrypi sudo[505]: pam_unix(sudo:session): session closed fo
Jul 10 09:12:23 raspberrypi uvbench.sh[450]: run: cpufreq governor set to 'perfo
Jul 10 09:12:23 raspberrypi uvbench.sh[450]: /home/pi/uvbench.sh: 102: printf: o
pi@raspberrypi:~$ 
