[    0.000000] Booting Linux on physical CPU 0x0000000000 [0x410fd034]
[    0.000000] Linux version 4.19.118-v8+ (dom@buildbot) (gcc version 5.4.0 20160609 (Ubuntu/Linaro 5.4.0-6ubuntu1~16.04.9)) #1311 SMP PREEMPT Mon Apr 27 14:32:38 BST 2020
[    0.000000] Machine model: Raspberry Pi 3 Model B Plus Rev 1.3
[    0.000000] efi: Getting EFI parameters from FDT:
[    0.000000] efi: UEFI not found.
[    0.000000] cma: Reserved 8 MiB at 0x000000003ac00000
[    0.000000] random: get_random_bytes called from start_kernel+0xb8/0x47c with crng_init=0
[    0.000000] percpu: Embedded 24 pages/cpu s58840 r8192 d31272 u98304
[    0.000000] Detected VIPT I-cache on CPU0
[    0.000000] CPU features: enabling workaround for ARM erratum 843419
[    0.000000] CPU features: enabling workaround for ARM erratum 845719
[    0.000000] Built 1 zonelists, mobility grouping on.  Total pages: 238896
[    0.000000] Kernel command line: coherent_pool=1M 8250.nr_uarts=1 snd_bcm2835.enable_compat_alsa=0 snd_bcm2835.enable_hdmi=1 snd_bcm2835.enable_headphones=1 bcm2708_fb.fbwidth=
656 bcm2708_fb.fbheight=416 bcm2708_fb.fbswap=1 vc_mem.mem_base=0x3ec00000 vc_mem.mem_size=0x40000000  dwc_otg.lpm_enable=0 console=ttyAMA0,115200 console=tty1 root=PARTUUID=4c999
877-02 rootfstype=ext4 elevator=deadline fsck.repair=yes rootwait
[    0.000000] Dentry cache hash table entries: 131072 (order: 8, 1048576 bytes)
[    0.000000] Inode-cache hash table entries: 65536 (order: 7, 524288 bytes)
[    0.000000] Memory: 929092K/970752K available (8700K kernel code, 1074K rwdata, 2760K rodata, 1024K init, 1126K bss, 33468K reserved, 8192K cma-reserved)
[    0.000000] SLUB: HWalign=64, Order=0-3, MinObjects=0, CPUs=4, Nodes=1
[    0.000000] ftrace: allocating 30496 entries in 120 pages
[    0.000000] rcu: Preemptible hierarchical RCU implementation.
[    0.000000] rcu:     RCU restricting CPUs from NR_CPUS=64 to nr_cpu_ids=4.
[    0.000000]  Tasks RCU enabled.
[    0.000000] rcu: Adjusting geometry for rcu_fanout_leaf=16, nr_cpu_ids=4
[    0.000000] NR_IRQS: 64, nr_irqs: 64, preallocated irqs: 0
[    0.000000] arch_timer: cp15 timer(s) running at 19.20MHz (phys).
[    0.000000] clocksource: arch_sys_counter: mask: 0xffffffffffffff max_cycles: 0x46d987e47, max_idle_ns: 440795202767 ns
[    0.000007] sched_clock: 56 bits at 19MHz, resolution 52ns, wraps every 4398046511078ns
[    0.000271] Console: colour dummy device 80x25
[    0.000936] console [tty1] enabled
[    0.001007] Calibrating delay loop (skipped), value calculated using timer frequency.. 38.40 BogoMIPS (lpj=76800)
[    0.001060] pid_max: default: 32768 minimum: 301
[    0.001490] Mount-cache hash table entries: 2048 (order: 2, 16384 bytes)
[    0.001546] Mountpoint-cache hash table entries: 2048 (order: 2, 16384 bytes)
[    0.024099] ASID allocator initialised with 32768 entries
[    0.032097] rcu: Hierarchical SRCU implementation.
[    0.040746] EFI services will not be available.
[    0.048175] smp: Bringing up secondary CPUs ...
[    0.080442] Detected VIPT I-cache on CPU1
[    0.080510] CPU1: Booted secondary processor 0x0000000001 [0x410fd034]
[    0.112568] Detected VIPT I-cache on CPU2
[    0.112617] CPU2: Booted secondary processor 0x0000000002 [0x410fd034]
[    0.144732] Detected VIPT I-cache on CPU3
[    0.144778] CPU3: Booted secondary processor 0x0000000003 [0x410fd034]
[    0.144963] smp: Brought up 1 node, 4 CPUs
[    0.145117] SMP: Total of 4 processors activated.
[    0.145151] CPU features: detected: 32-bit EL0 Support
[    0.146122] CPU: All CPU(s) started at EL2
[    0.146196] alternatives: patching kernel code
[    0.147823] devtmpfs: initialized
[    0.164125] Enabled cp15_barrier support
[    0.164193] Enabled setend support
[    0.164771] clocksource: jiffies: mask: 0xffffffff max_cycles: 0xffffffff, max_idle_ns: 7645041785100000 ns
[    0.164833] futex hash table entries: 1024 (order: 4, 65536 bytes)
[    0.165551] pinctrl core: initialized pinctrl subsystem
[    0.166439] DMI not present or invalid.
[    0.167009] NET: Registered protocol family 16
[    0.173469] cpuidle: using governor menu
[    0.174094] hw-breakpoint: found 6 breakpoint and 4 watchpoint registers.
[    0.178742] DMA: preallocated 1024 KiB pool for atomic allocations
[    0.178924] Serial: AMBA PL011 UART driver
[    0.183522] bcm2835-mbox 3f00b880.mailbox: mailbox enabled
[    0.192941] raspberrypi-firmware soc:firmware: Attached to firmware from 2020-04-15 11:43, variant start
[    0.196959] raspberrypi-firmware soc:firmware: Firmware hash is 82f9bb929ce2186eb1824178c1ae82902ad6275c
[    0.245815] bcm2835-dma 3f007000.dma: DMA legacy API manager at (____ptrval____), dmachans=0x1
[    0.249119] vgaarb: loaded
[    0.249706] SCSI subsystem initialized
[    0.250006] usbcore: registered new interface driver usbfs
[    0.250100] usbcore: registered new interface driver hub
[    0.250281] usbcore: registered new device driver usb
[    0.250439] pps_core: LinuxPPS API ver. 1 registered
[    0.250472] pps_core: Software ver. 5.3.6 - Copyright 2005-2007 Rodolfo Giometti <giometti@linux.it>
[    0.250541] PTP clock support registered
[    0.252366] clocksource: Switched to clocksource arch_sys_counter
[    0.377526] VFS: Disk quotas dquot_6.6.0
[    0.377667] VFS: Dquot-cache hash table entries: 512 (order 0, 4096 bytes)
[    0.377948] FS-Cache: Loaded
[    0.378210] CacheFiles: Loaded
[    0.390335] NET: Registered protocol family 2
[    0.391301] tcp_listen_portaddr_hash hash table entries: 512 (order: 1, 8192 bytes)
[    0.391377] TCP established hash table entries: 8192 (order: 4, 65536 bytes)
[    0.391520] TCP bind hash table entries: 8192 (order: 5, 131072 bytes)
[    0.391746] TCP: Hash tables configured (established 8192 bind 8192)
[    0.392027] UDP hash table entries: 512 (order: 2, 16384 bytes)
[    0.392103] UDP-Lite hash table entries: 512 (order: 2, 16384 bytes)
[    0.392533] NET: Registered protocol family 1
[    0.393537] RPC: Registered named UNIX socket transport module.
[    0.393574] RPC: Registered udp transport module.
[    0.393604] RPC: Registered tcp transport module.
[    0.393634] RPC: Registered tcp NFSv4.1 backchannel transport module.
[    0.396226] hw perfevents: enabled with armv8_cortex_a53 PMU driver, 7 counters available
[    0.396497] kvm [1]: 8-bit VMID
[    0.397341] kvm [1]: Hyp mode initialized successfully
[    0.402256] Initialise system trusted keyrings
[    0.402592] workingset: timestamp_bits=46 max_order=18 bucket_order=0
[    0.414935] FS-Cache: Netfs 'nfs' registered for caching
[    0.416001] NFS: Registering the id_resolver key type
[    0.416065] Key type id_resolver registered
[    0.416096] Key type id_legacy registered
[    0.416138] nfs4filelayout_init: NFSv4 File Layout Driver Registering...
[    0.423926] Key type asymmetric registered
[    0.423975] Asymmetric key parser 'x509' registered
[    0.424098] Block layer SCSI generic (bsg) driver version 0.4 loaded (major 248)
[    0.424438] io scheduler noop registered
[    0.424473] io scheduler deadline registered (default)
[    0.424763] io scheduler cfq registered
[    0.424797] io scheduler mq-deadline registered (default)
[    0.424830] io scheduler kyber registered
[    0.428426] bcm2708_fb soc:fb: FB found 1 display(s)
[    0.443286] Console: switching to colour frame buffer device 82x26
[    0.448147] bcm2708_fb soc:fb: Registered framebuffer for display 0, size 656x416
[    0.455538] Serial: 8250/16550 driver, 1 ports, IRQ sharing enabled
[    0.460054] bcm2835-rng 3f104000.rng: hwrng registered
[    0.463031] vc-mem: phys_addr:0x00000000 mem_base=0x3ec00000 mem_size:0x40000000(1024 MiB)
[    0.468931] gpiomem-bcm2835 3f200000.gpiomem: Initialised: Registers at 0x3f200000
[    0.474455] cacheinfo: Unable to detect cache hierarchy for CPU 0
[    0.492906] brd: module loaded
[    0.510967] loop: module loaded
[    0.514726] Loading iSCSI transport class v2.0-870.
[    0.519999] libphy: Fixed MDIO Bus: probed
[    0.522969] usbcore: registered new interface driver r8152
[    0.525614] usbcore: registered new interface driver lan78xx
[    0.528191] usbcore: registered new interface driver smsc95xx
[    0.531072] dwc_otg: version 3.00a 10-AUG-2012 (platform bus)
[    0.561633] dwc_otg 3f980000.usb: base=(____ptrval____)
[    0.777644] Core Release: 2.80a
[    0.780126] Setting default values for core params
[    0.782672] Finished setting default values for core params
[    0.997965] Using Buffer DMA mode
[    1.000369] Periodic Transfer Interrupt Enhancement - disabled
[    1.002792] Multiprocessor Interrupt Enhancement - disabled
[    1.005233] OTG VER PARAM: 0, OTG VER FLAG: 0
[    1.007569] Dedicated Tx FIFOs mode
[    1.010714] WARN::dwc_otg_hcd_init:1074: FIQ DMA bounce buffers: virt = ffffff80090c1000 dma = 0x00000000fad14000 len=9024
[    1.015251] FIQ FSM acceleration enabled for :
[    1.015251] Non-periodic Split Transactions
[    1.015251] Periodic Split Transactions
[    1.015251] High-Speed Isochronous Endpoints
[    1.015251] Interrupt/Control Split Transaction hack enabled
[    1.026063] WARN::hcd_init_fiq:497: MPHI regs_base at ffffff800805d000
[    1.028403] dwc_otg 3f980000.usb: DWC OTG Controller
[    1.030724] dwc_otg 3f980000.usb: new USB bus registered, assigned bus number 1
[    1.033217] dwc_otg 3f980000.usb: irq 9, io mem 0x00000000
[    1.035626] Init: Port Power? op_state=1
[    1.037984] Init: Power Port (0)
[    1.040676] usb usb1: New USB device found, idVendor=1d6b, idProduct=0002, bcdDevice= 4.19
[    1.045440] usb usb1: New USB device strings: Mfr=3, Product=2, SerialNumber=1
[    1.047984] usb usb1: Product: DWC OTG Controller
[    1.050544] usb usb1: Manufacturer: Linux 4.19.118-v8+ dwc_otg_hcd
[    1.053081] usb usb1: SerialNumber: 3f980000.usb
[    1.056323] hub 1-0:1.0: USB hub found
[    1.058915] hub 1-0:1.0: 1 port detected
[    1.062516] usbcore: registered new interface driver uas
[    1.064976] usbcore: registered new interface driver usb-storage
[    1.067513] mousedev: PS/2 mouse device common for all mice
[    1.071388] bcm2835-wdt bcm2835-wdt: Broadcom BCM2835 watchdog timer
[    1.075292] cpufreq: cpufreq_online: CPU0: Running at unlisted freq: 600000 KHz
[    1.080049] cpufreq: cpufreq_online: CPU0: Unlisted initial frequency changed to: 700000 KHz
[    1.083347] sdhci: Secure Digital Host Controller Interface driver
[    1.084442] sdhci: Copyright(c) Pierre Ossman
[    1.085816] sdhost-bcm2835 3f202000.mmc: could not get clk, deferring probe
[    1.087029] sdhci-pltfm: SDHCI platform and OF driver helper
[    1.089509] ledtrig-cpu: registered to indicate activity on CPUs
[    1.090725] hidraw: raw HID events driver (C) Jiri Kosina
[    1.091928] usbcore: registered new interface driver usbhid
[    1.093027] usbhid: USB HID core driver
[    1.094702] vchiq: vchiq_init_state: slot_zero = (____ptrval____), is_master = 0
[    1.098959] Initializing XFRM netlink socket
[    1.100074] NET: Registered protocol family 17
[    1.101267] Key type dns_resolver registered
[    1.103024] registered taskstats version 1
[    1.104119] Loading compiled-in X.509 certificates
[    1.110858] uart-pl011 3f201000.serial: cts_event_workaround enabled
[    1.112085] 3f201000.serial: ttyAMA0 at MMIO 0x3f201000 (irq = 66, base_baud = 0) is a PL011 rev2
[    2.112591] console [ttyAMA0] enabled
[    2.118347] bcm2835-power bcm2835-power: Broadcom BCM2835 power domains driver
[    2.127671] sdhost: log_buf @ (____ptrval____) (fad13000)
[    2.183234] mmc0: sdhost-bcm2835 loaded - DMA enabled (>1)
[    2.191527] of_cfs_init
[    2.195138] of_cfs_init: OK
[    2.220914] Waiting for root device PARTUUID=4c999877-02...
[    2.228509] Indeed it is in host mode hprt0 = 00021501
[    2.302229] mmc0: host does not support reading read-only switch, assuming write-enable
[    2.317789] mmc0: new high speed SDHC card at address aaaa
[    2.325553] mmcblk0: mmc0:aaaa SC16G 14.8 GiB
[    2.335522]  mmcblk0: p1 p2
[    2.337463] random: fast init done
[    2.360422] EXT4-fs (mmcblk0p2): INFO: recovery required on readonly filesystem
[    2.368879] EXT4-fs (mmcblk0p2): write access will be enabled during recovery
[    2.424395] usb 1-1: new high-speed USB device number 2 using dwc_otg
[    2.432130] Indeed it is in host mode hprt0 = 00001101
[    2.479103] EXT4-fs (mmcblk0p2): recovery complete
[    2.486946] EXT4-fs (mmcblk0p2): mounted filesystem with ordered data mode. Opts: (null)
[    2.497220] VFS: Mounted root (ext4 filesystem) readonly on device 179:2.
[    2.516035] devtmpfs: mounted
[    2.523195] Freeing unused kernel memory: 1024K
[    2.528919] Run /sbin/init as init process
[    2.648670] usb 1-1: New USB device found, idVendor=0424, idProduct=2514, bcdDevice= b.b3
[    2.659193] usb 1-1: New USB device strings: Mfr=0, Product=0, SerialNumber=0
[    2.668108] hub 1-1:1.0: USB hub found
[    2.673182] hub 1-1:1.0: 4 ports detected
[    2.964396] usb 1-1.1: new high-speed USB device number 3 using dwc_otg
[    3.072634] usb 1-1.1: New USB device found, idVendor=0424, idProduct=2514, bcdDevice= b.b3
[    3.083377] usb 1-1.1: New USB device strings: Mfr=0, Product=0, SerialNumber=0
[    3.092444] hub 1-1.1:1.0: USB hub found
[    3.097664] hub 1-1.1:1.0: 3 ports detected
[    3.148732] systemd[1]: System time before build time, advancing clock.
[    3.292526] NET: Registered protocol family 10
[    3.299040] Segment Routing with IPv6
[    3.348565] systemd[1]: systemd 241 running in system mode. (+PAM +AUDIT +SELINUX +IMA +APPARMOR +SMACK +SYSVINIT +UTMP +LIBCRYPTSETUP +GCRYPT +GNUTLS +ACL +XZ +LZ4 +SECCOMP +B
LKID +ELFUTILS +KMOD -IDN2 +IDN -PCRE2 default-hierarchy=hybrid)
[    3.374246] systemd[1]: Detected architecture arm64.
[    3.391467] systemd[1]: Set hostname to <raspberrypi>.
[    3.507214] uart-pl011 3f201000.serial: no DMA platform data
[    3.677507] random: crng init done
[    3.688401] usb 1-1.1.1: new high-speed USB device number 4 using dwc_otg
[    3.796808] usb 1-1.1.1: New USB device found, idVendor=0424, idProduct=7800, bcdDevice= 3.00
[    3.807751] usb 1-1.1.1: New USB device strings: Mfr=0, Product=0, SerialNumber=0
[    4.003870] systemd[1]: Listening on initctl Compatibility Named Pipe.
[    4.035478] systemd[1]: Condition check resulted in Journal Audit Socket being skipped.
[    4.046713] systemd[1]: Listening on udev Control Socket.
[    4.058214] systemd[1]: Created slice system-getty.slice.
[    4.067638] systemd[1]: Created slice system-systemd\x2dfsck.slice.
[    4.077994] systemd[1]: Created slice system-serial\x2dgetty.slice.
[    4.086228] lan78xx 1-1.1.1:1.0 (unnamed net_device) (uninitialized): No External EEPROM. Setting MAC Speed
[    4.087108] libphy: lan78xx-mdiobus: probed
[    4.107269] systemd[1]: Set up automount Arbitrary Executable File Formats File System Automount Point.
[    4.121894] lan78xx 1-1.1.1:1.0 (unnamed net_device) (uninitialized): int urb period 64
[    6.968359] Unable to handle kernel paging request at virtual address ffffff8038362418
[    6.978077] Mem abort info:
[    6.981732]   ESR = 0x96000006
[    6.985642]   Exception class = DABT (current EL), IL = 32 bits
[    6.992479]   SET = 0, FnV = 0
[    6.996404]   EA = 0, S1PTW = 0
[    7.000392] Data abort info:
[    7.004104]   ISV = 0, ISS = 0x00000006
[    7.008766]   CM = 0, WnR = 0
[    7.012561] swapper pgtable: 4k pages, 39-bit VAs, pgdp = 00000000ab2bf296
[    7.020335] [ffffff8038362418] pgd=000000003abfe003, pud=000000003abfe003, pmd=0000000000000000
[    7.030887] Internal error: Oops: 96000006 [#1] PREEMPT SMP
[    7.037400] Modules linked in: 8021q garp stp llc binfmt_misc bcm2835_codec(C) bcm2835_v4l2(C) v4l2_mem2mem bcm2835_mmal_vchiq(C) v4l2_common videobuf2_dma_contig videobuf2_vma
lloc raspberrypi_hwmon videobuf2_memops videobuf2_v4l2 hwmon videobuf2_common videodev media vc_sm_cma(C) uio_pdrv_genirq uio ip_tables x_tables ipv6
[    7.070304] Process swapper/1 (pid: 0, stack limit = 0x00000000f8e4b3d3)
[    7.078126] CPU: 1 PID: 0 Comm: swapper/1 Tainted: G         C        4.19.118-v8+ #1311
[    7.088455] Hardware name: Raspberry Pi 3 Model B Plus Rev 1.3 (DT)
[    7.095852] pstate: 80000085 (Nzcv daIf -PAN -UAO)
[    7.101783] pc : timerqueue_add+0x74/0xa8
[    7.106941] lr : timerqueue_add+0x6c/0xa8
[    7.112064] sp : ffffff800800bdd0
[    7.116458] x29: ffffff800800bdd0 x28: 0000000000000001 
[    7.122886] x27: ffffff8008cac018 x26: 0000000000000080 
[    7.129306] x25: ffffff8008cac018 x24: ffffff8008cc86d8 
[    7.135710] x23: 0000000000000001 x22: 0000000000000000 
[    7.142130] x21: ffffffc03ab917c0 x20: ffffffc03ab917e0 
[    7.148526] x19: ffffffc03ab91c78 x18: 0000000000000001 
[    7.154887] x17: 0000000000000000 x16: 0000000000000000 
[    7.161202] x15: ffffff8008b63000 x14: 0000004100000000 
[    7.167483] x13: 0000000000000000 x12: 00000000fffffffb 
[    7.173731] x11: 0000000000000000 x10: 0000000000000000 
[    7.179920] x9 : ffffff8008911b08 x8 : ffffff8008cba140 
[    7.186066] x7 : 0000000000000020 x6 : ffffff8008911b0c 
[    7.192172] x5 : ffffffc038362400 x4 : 000000019f533e00 
[    7.198242] x3 : ffffffc038362400 x2 : ffffff80080238f1 
[    7.204265] x1 : ffffffc03ab917e0 x0 : ffffff8038362400 
[    7.210259] Call trace:
[    7.213339]  timerqueue_add+0x74/0xa8
[    7.217620]  enqueue_hrtimer+0x54/0x100
[    7.222066]  __hrtimer_run_queues+0x368/0x380
[    7.227063]  hrtimer_interrupt+0xf8/0x258
[    7.231714]  arch_timer_handler_phys+0x3c/0x50
[    7.236809]  handle_percpu_devid_irq+0xa4/0x2a0
[    7.242006]  generic_handle_irq+0x34/0x50
[    7.246687]  __handle_domain_irq+0x8c/0x100
[    7.251541]  bcm2836_arm_irqchip_handle_irq+0x68/0xd8
[    7.257283]  el1_irq+0xb4/0x130
[    7.261109]  arch_cpu_idle+0x30/0x1f0
[    7.265462]  default_idle_call+0x24/0x40
[    7.270084]  do_idle+0x224/0x240
[    7.274006]  cpu_startup_entry+0x2c/0x30
[    7.278646]  secondary_start_kernel+0x188/0x1d8
[    7.283893] Code: f9000053 97ffef5c f9400680 b40000c0 (f9400c01) 
[    7.290749] ---[ end trace 2f61bac5182ff113 ]---
[    7.296126] Kernel panic - not syncing: Fatal exception in interrupt
[    7.303288] SMP: stopping secondary CPUs
[    7.308032] Kernel Offset: disabled
[    7.312322] CPU features: 0x0,24002004
[    7.316869] Memory Limit: none
[    7.320724] ---[ end Kernel panic - not syncing: Fatal exception in interrupt ]---
