[    0.000000] Booting Linux on physical CPU 0x0000000000 [0x410fd034]
[    0.000000] Linux version 4.19.118-v8+ (dom@buildbot) (gcc version 5.4.0 20160609 (Ubuntu/Linaro 5.4.0-6ubuntu1~16.04.9)) #1311 SMP PREEMPT Mon Apr 27 14:32:38 BST 2020
[    0.000000] Machine model: Raspberry Pi 3 Model B Rev 1.2
[    0.000000] efi: Getting EFI parameters from FDT:
[    0.000000] efi: UEFI not found.
[    0.000000] cma: Reserved 8 MiB at 0x000000003ac00000
[    0.000000] random: get_random_bytes called from start_kernel+0xb8/0x47c with crng_init=0
[    0.000000] percpu: Embedded 24 pages/cpu s58840 r8192 d31272 u98304
[    0.000000] Detected VIPT I-cache on CPU0
[    0.000000] CPU features: enabling workaround for ARM erratum 843419
[    0.000000] CPU features: enabling workaround for ARM erratum 845719
[    0.000000] Built 1 zonelists, mobility grouping on.  Total pages: 238896
[    0.000000] Kernel command line: coherent_pool=1M 8250.nr_uarts=1 snd_bcm2835.enable_compat_alsa=0 snd_bcm2835.enable_hdmi=1 snd_bcm2835.enable_headphones=1 bcm2708_fb.fbwidtt
[    0.000000] Dentry cache hash table entries: 131072 (order: 8, 1048576 bytes)
[    0.000000] Inode-cache hash table entries: 65536 (order: 7, 524288 bytes)
[    0.000000] Memory: 929096K/970752K available (8700K kernel code, 1074K rwdata, 2760K rodata, 1024K init, 1126K bss, 33464K reserved, 8192K cma-reserved)
[    0.000000] SLUB: HWalign=64, Order=0-3, MinObjects=0, CPUs=4, Nodes=1
[    0.000000] ftrace: allocating 30496 entries in 120 pages
[    0.000000] rcu: Preemptible hierarchical RCU implementation.
[    0.000000] rcu:     RCU restricting CPUs from NR_CPUS=64 to nr_cpu_ids=4.
[    0.000000]  Tasks RCU enabled.
[    0.000000] rcu: Adjusting geometry for rcu_fanout_leaf=16, nr_cpu_ids=4
[    0.000000] NR_IRQS: 64, nr_irqs: 64, preallocated irqs: 0
[    0.000000] arch_timer: cp15 timer(s) running at 19.20MHz (phys).
[    0.000000] clocksource: arch_sys_counter: mask: 0xffffffffffffff max_cycles: 0x46d987e47, max_idle_ns: 440795202767 ns
[    0.000007] sched_clock: 56 bits at 19MHz, resolution 52ns, wraps every 4398046511078ns
[    0.000269] Console: colour dummy device 80x25
[    0.000932] console [tty1] enabled
[    0.001002] Calibrating delay loop (skipped), value calculated using timer frequency.. 38.40 BogoMIPS (lpj=76800)
[    0.001055] pid_max: default: 32768 minimum: 301
[    0.001491] Mount-cache hash table entries: 2048 (order: 2, 16384 bytes)
[    0.001546] Mountpoint-cache hash table entries: 2048 (order: 2, 16384 bytes)
[    0.024102] ASID allocator initialised with 32768 entries
[    0.032099] rcu: Hierarchical SRCU implementation.
[    0.040737] EFI services will not be available.
[    0.048178] smp: Bringing up secondary CPUs ...
[    0.080446] Detected VIPT I-cache on CPU1
[    0.080516] CPU1: Booted secondary processor 0x0000000001 [0x410fd034]
[    0.112571] Detected VIPT I-cache on CPU2
[    0.112619] CPU2: Booted secondary processor 0x0000000002 [0x410fd034]
[    0.144736] Detected VIPT I-cache on CPU3
[    0.144782] CPU3: Booted secondary processor 0x0000000003 [0x410fd034]
[    0.144966] smp: Brought up 1 node, 4 CPUs
[    0.145121] SMP: Total of 4 processors activated.
[    0.145155] CPU features: detected: 32-bit EL0 Support
[    0.146127] CPU: All CPU(s) started at EL2
[    0.146201] alternatives: patching kernel code
[    0.147821] devtmpfs: initialized
[    0.164011] Enabled cp15_barrier support
[    0.164078] Enabled setend support
[    0.164620] clocksource: jiffies: mask: 0xffffffff max_cycles: 0xffffffff, max_idle_ns: 7645041785100000 ns
[    0.164681] futex hash table entries: 1024 (order: 4, 65536 bytes)
[    0.165431] pinctrl core: initialized pinctrl subsystem
[    0.166325] DMI not present or invalid.
[    0.166894] NET: Registered protocol family 16
[    0.173361] cpuidle: using governor menu
[    0.173970] hw-breakpoint: found 6 breakpoint and 4 watchpoint registers.
[    0.178523] DMA: preallocated 1024 KiB pool for atomic allocations
[    0.178702] Serial: AMBA PL011 UART driver
[    0.183296] bcm2835-mbox 3f00b880.mailbox: mailbox enabled
[    0.192945] raspberrypi-firmware soc:firmware: Attached to firmware from 2020-04-15 11:43, variant start
[    0.196964] raspberrypi-firmware soc:firmware: Firmware hash is 82f9bb929ce2186eb1824178c1ae82902ad6275c
[    0.245818] bcm2835-dma 3f007000.dma: DMA legacy API manager at (____ptrval____), dmachans=0x1
[    0.249134] vgaarb: loaded
[    0.249728] SCSI subsystem initialized
[    0.250025] usbcore: registered new interface driver usbfs
[    0.250130] usbcore: registered new interface driver hub
[    0.250293] usbcore: registered new device driver usb
[    0.250471] pps_core: LinuxPPS API ver. 1 registered
[    0.250504] pps_core: Software ver. 5.3.6 - Copyright 2005-2007 Rodolfo Giometti <giometti@linux.it>
[    0.250564] PTP clock support registered
[    0.252357] clocksource: Switched to clocksource arch_sys_counter
[    0.377487] VFS: Disk quotas dquot_6.6.0
[    0.377628] VFS: Dquot-cache hash table entries: 512 (order 0, 4096 bytes)
[    0.377861] FS-Cache: Loaded
[    0.378145] CacheFiles: Loaded
[    0.390270] NET: Registered protocol family 2
[    0.391235] tcp_listen_portaddr_hash hash table entries: 512 (order: 1, 8192 bytes)
[    0.391311] TCP established hash table entries: 8192 (order: 4, 65536 bytes)
[    0.391455] TCP bind hash table entries: 8192 (order: 5, 131072 bytes)
[    0.391683] TCP: Hash tables configured (established 8192 bind 8192)
[    0.391962] UDP hash table entries: 512 (order: 2, 16384 bytes)
[    0.392039] UDP-Lite hash table entries: 512 (order: 2, 16384 bytes)
[    0.392469] NET: Registered protocol family 1
[    0.393452] RPC: Registered named UNIX socket transport module.
[    0.393488] RPC: Registered udp transport module.
[    0.393519] RPC: Registered tcp transport module.
[    0.393548] RPC: Registered tcp NFSv4.1 backchannel transport module.
[    0.396179] hw perfevents: enabled with armv8_cortex_a53 PMU driver, 7 counters available
[    0.396443] kvm [1]: 8-bit VMID
[    0.397283] kvm [1]: Hyp mode initialized successfully
[    0.402177] Initialise system trusted keyrings
[    0.402507] workingset: timestamp_bits=46 max_order=18 bucket_order=0
[    0.414696] FS-Cache: Netfs 'nfs' registered for caching
[    0.415758] NFS: Registering the id_resolver key type
[    0.415817] Key type id_resolver registered
[    0.415848] Key type id_legacy registered
[    0.415890] nfs4filelayout_init: NFSv4 File Layout Driver Registering...
[    0.423631] Key type asymmetric registered
[    0.423680] Asymmetric key parser 'x509' registered
[    0.423776] Block layer SCSI generic (bsg) driver version 0.4 loaded (major 248)
[    0.424083] io scheduler noop registered
[    0.424117] io scheduler deadline registered (default)
[    0.424437] io scheduler cfq registered
[    0.424471] io scheduler mq-deadline registered (default)
[    0.424504] io scheduler kyber registered
[    0.430129] bcm2708_fb soc:fb: FB found 1 display(s)
[    0.440255] Console: switching to colour frame buffer device 82x26
[    0.445194] bcm2708_fb soc:fb: Registered framebuffer for display 0, size 656x416
[    0.452613] Serial: 8250/16550 driver, 1 ports, IRQ sharing enabled
[    0.457100] bcm2835-rng 3f104000.rng: hwrng registered
[    0.460043] vc-mem: phys_addr:0x00000000 mem_base=0x3ec00000 mem_size:0x40000000(1024 MiB)
[    0.465809] gpiomem-bcm2835 3f200000.gpiomem: Initialised: Registers at 0x3f200000
[    0.471342] cacheinfo: Unable to detect cache hierarchy for CPU 0
[    0.489638] brd: module loaded
[    0.507637] loop: module loaded
[    0.511382] Loading iSCSI transport class v2.0-870.
[    0.516786] libphy: Fixed MDIO Bus: probed
[    0.519715] usbcore: registered new interface driver r8152
[    0.522378] usbcore: registered new interface driver lan78xx
[    0.525000] usbcore: registered new interface driver smsc95xx
[    0.527860] dwc_otg: version 3.00a 10-AUG-2012 (platform bus)
[    0.558399] dwc_otg 3f980000.usb: base=(____ptrval____)
[    0.774412] Core Release: 2.80a
[    0.776929] Setting default values for core params
[    0.779438] Finished setting default values for core params
[    0.995600] Using Buffer DMA mode
[    0.998002] Periodic Transfer Interrupt Enhancement - disabled
[    1.000442] Multiprocessor Interrupt Enhancement - disabled
[    1.002845] OTG VER PARAM: 0, OTG VER FLAG: 0
[    1.005202] Dedicated Tx FIFOs mode
[    1.008337] WARN::dwc_otg_hcd_init:1074: FIQ DMA bounce buffers: virt = ffffff80090c1000 dma = 0x00000000fad04000 len=9024
[    1.012892] FIQ FSM acceleration enabled for :
[    1.012892] Non-periodic Split Transactions
[    1.012892] Periodic Split Transactions
[    1.012892] High-Speed Isochronous Endpoints
[    1.012892] Interrupt/Control Split Transaction hack enabled
[    1.023651] WARN::hcd_init_fiq:497: MPHI regs_base at ffffff8008065000
[    1.025960] dwc_otg 3f980000.usb: DWC OTG Controller
[    1.028267] dwc_otg 3f980000.usb: new USB bus registered, assigned bus number 1
[    1.030743] dwc_otg 3f980000.usb: irq 9, io mem 0x00000000
[    1.033170] Init: Port Power? op_state=1
[    1.035494] Init: Power Port (0)
[    1.038187] usb usb1: New USB device found, idVendor=1d6b, idProduct=0002, bcdDevice= 4.19
[    1.042933] usb usb1: New USB device strings: Mfr=3, Product=2, SerialNumber=1
[    1.045492] usb usb1: Product: DWC OTG Controller
[    1.047969] usb usb1: Manufacturer: Linux 4.19.118-v8+ dwc_otg_hcd
[    1.050495] usb usb1: SerialNumber: 3f980000.usb
[    1.053792] hub 1-0:1.0: USB hub found
[    1.056288] hub 1-0:1.0: 1 port detected
[    1.059888] usbcore: registered new interface driver uas
[    1.062348] usbcore: registered new interface driver usb-storage
[    1.064917] mousedev: PS/2 mouse device common for all mice
[    1.068798] bcm2835-wdt bcm2835-wdt: Broadcom BCM2835 watchdog timer
[    1.073384] sdhci: Secure Digital Host Controller Interface driver
[    1.075823] sdhci: Copyright(c) Pierre Ossman
[    1.078926] sdhost-bcm2835 3f202000.mmc: could not get clk, deferring probe
[    1.081675] sdhci-pltfm: SDHCI platform and OF driver helper
[    1.086329] ledtrig-cpu: registered to indicate activity on CPUs
[    1.089065] hidraw: raw HID events driver (C) Jiri Kosina
[    1.091725] usbcore: registered new interface driver usbhid
[    1.094222] usbhid: USB HID core driver
[    1.098010] vchiq: vchiq_init_state: slot_zero = (____ptrval____), is_master = 0
[    1.106779] Initializing XFRM netlink socket
[    1.109272] NET: Registered protocol family 17
[    1.111767] Key type dns_resolver registered
[    1.115576] registered taskstats version 1
[    1.117920] Loading compiled-in X.509 certificates
[    1.132223] uart-pl011 3f201000.serial: cts_event_workaround enabled
[    1.134869] 3f201000.serial: ttyAMA0 at MMIO 0x3f201000 (irq = 66, base_baud = 0) is a PL011 rev2
[    2.125473] console [ttyAMA0] enabled
[    2.133681] bcm2835-power bcm2835-power: Broadcom BCM2835 power domains driver
[    2.145592] sdhost: log_buf @ (____ptrval____) (fad07000)
[    2.202863] mmc0: sdhost-bcm2835 loaded - DMA enabled (>1)
[    2.214771] of_cfs_init
[    2.219918] of_cfs_init: OK
[    2.226173] Waiting for root device PARTUUID=4c999877-02...
[    2.248550] Indeed it is in host mode hprt0 = 00021501
[    2.310613] mmc0: host does not support reading read-only switch, assuming write-enable
[    2.341920] mmc0: new high speed SDHC card at address aaaa
[    2.352121] mmcblk0: mmc0:aaaa SC16G 14.8 GiB
[    2.353608] random: fast init done
[    2.374640]  mmcblk0: p1 p2
[    2.409756] EXT4-fs (mmcblk0p2): INFO: recovery required on readonly filesystem
[    2.419737] EXT4-fs (mmcblk0p2): write access will be enabled during recovery
[    2.464447] usb 1-1: new high-speed USB device number 2 using dwc_otg
[    2.473849] Indeed it is in host mode hprt0 = 00001101
[    2.525633] EXT4-fs (mmcblk0p2): recovery complete
[    2.537179] EXT4-fs (mmcblk0p2): mounted filesystem with ordered data mode. Opts: (null)
[    2.550373] VFS: Mounted root (ext4 filesystem) readonly on device 179:2.
[    2.571743] devtmpfs: mounted
[    2.584315] Freeing unused kernel memory: 1024K
[    2.591601] Run /sbin/init as init process
[    2.692921] usb 1-1: New USB device found, idVendor=0424, idProduct=9514, bcdDevice= 2.00
[    2.706501] usb 1-1: New USB device strings: Mfr=0, Product=0, SerialNumber=0
[    2.717418] hub 1-1:1.0: USB hub found
[    2.724160] hub 1-1:1.0: 5 ports detected
[    3.020445] usb 1-1.1: new high-speed USB device number 3 using dwc_otg
[    3.128968] usb 1-1.1: New USB device found, idVendor=0424, idProduct=ec00, bcdDevice= 2.00
[    3.142782] usb 1-1.1: New USB device strings: Mfr=0, Product=0, SerialNumber=0
[    3.156162] smsc95xx v1.0.6
[    3.231054] smsc95xx 1-1.1:1.0 eth0: register 'smsc95xx' at usb-3f980000.usb-1.1, smsc95xx USB 2.0 Ethernet, b8:27:eb:6d:27:bc
[    3.339001] systemd[1]: System time before build time, advancing clock.
[    3.527713] NET: Registered protocol family 10
[    3.536992] Segment Routing with IPv6
[    3.606645] systemd[1]: systemd 241 running in system mode. (+PAM +AUDIT +SELINUX +IMA +APPARMOR +SMACK +SYSVINIT +UTMP +LIBCRYPTSETUP +GCRYPT +GNUTLS +ACL +XZ +LZ4 +SECCOMP )
[    3.638238] systemd[1]: Detected architecture arm64.
[    3.668263] systemd[1]: Set hostname to <raspberrypi>.
[    3.761479] random: crng init done
[    3.850901] uart-pl011 3f201000.serial: no DMA platform data
[    4.704215] systemd[1]: Listening on Journal Socket (/dev/log).
[    4.718344] systemd[1]: Listening on fsck to fsckd communication Socket.
[    4.765025] systemd[1]: Condition check resulted in Journal Audit Socket being skipped.
[    4.779826] systemd[1]: Listening on udev Kernel Socket.
[    4.792617] systemd[1]: Listening on Syslog Socket.
[    4.804487] systemd[1]: Started Forward Password Requests to Wall Directory Watch.
[    4.826091] systemd[1]: Created slice User and Session Slice.

Raspbian GNU/Linux 10 raspberrypi ttyAMA0

raspberrypi login: pi
Password: 
Last login: Mon Jul 20 16:49:00 CEST 2020 on ttyAMA0
Linux raspberrypi 4.19.118-v8+ #1311 SMP PREEMPT Mon Apr 27 14:32:38 BST 2020 aarch64

The programs included with the Debian GNU/Linux system are free software;
the exact distribution terms for each program are described in the
individual files in /usr/share/doc/*/copyright.

Debian GNU/Linux comes with ABSOLUTELY NO WARRANTY, to the extent
permitted by applicable law.
[   40.842672] Unable to handle kernel paging request at virtual address 00000015c4dc1dfd
[   40.852530] Mem abort info:
[   40.852534]   ESR = 0x96000005
[   40.852539]   Exception class = DABT (current EL), IL = 32 bits
[   40.852542]   SET = 0, FnV = 0
[   40.852545]   EA = 0, S1PTW = 0
[   40.852551] Data abort info:
[   40.878861]   ISV = 0, ISS = 0x00000005
[   40.883566]   CM = 0, WnR = 0
[   40.887378] [00000015c4dc1dfd] address between user and kernel address ranges
[   40.895450] Internal error: Oops: 96000005 [#1] PREEMPT SMP
[   40.901987] Modules linked in: cfg80211 rfkill 8021q garp stp llc binfmt_misc bcm2835_v4l2(C) bcm2835_codec(C) v4l2_mem2mem bcm2835_mmal_vchiq(C) v4l2_common videobuf2_dma_co6
[   40.937730] Process in:imuxsock (pid: 333, stack limit = 0x00000000cc1bd6d5)
[   40.946056] CPU: 0 PID: 333 Comm: in:imuxsock Tainted: G         C        4.19.118-v8+ #1311
[   40.957079] Hardware name: Raspberry Pi 3 Model B Rev 1.2 (DT)
[   40.964224] pstate: a0000085 (NzCv daIf -PAN -UAO)
[   40.970297] pc : enqueue_task_fair+0x3c/0x1188
[   40.976019] lr : enqueue_task_fair+0x4b8/0x1188
[   40.981827] sp : ffffff8008003d80
[   40.986393] x29: ffffff8008003d80 x28: 0000000000000001 
[   40.992963] x27: 00000000ff785e86 x26: 0000000000000000 
[   40.999542] x25: ffffffc03673d000 x24: ffffff8008cde000 
[   41.006135] x23: 0000000000000001 x22: 00000015c4dc1c45 
[   41.012737] x21: ffffffc03673d600 x20: 00000015c4dc1b85 
[   41.019336] x19: 00000015c4dc1c45 x18: 0000000000000000 
[   41.025903] x17: 0000000000000000 x16: 0000000000000000 
[   41.032418] x15: 0000000000000000 x14: 0000000000000000 
[   41.038867] x13: 0000000000000000 x12: 0000000000000000 
[   41.045235] x11: 0000000000000000 x10: 0000000000000000 
[   41.051532] x9 : 0000000000000000 x8 : 0000000000000000 
[   41.057756] x7 : ffffff8008cc8688 x6 : 00000000003334c1 
[   41.063928] x5 : ffffffc03663f230 x4 : 0000000000000000 
[   41.070046] x3 : 000000000087a17a x2 : ffffffffff785e86 
[   41.076131] x1 : 00000015c4dc1b85 x0 : ffffff80081137e0 
[   41.082183] Call trace:
[   41.085318]  enqueue_task_fair+0x3c/0x1188
[   41.090104]  enqueue_task_fair+0x4b8/0x1188
[   41.094951]  activate_task+0x84/0xd8
[   41.099200]  ttwu_do_activate+0x58/0x98
[   41.103707]  sched_ttwu_pending+0xb4/0x108
[   41.108480]  scheduler_ipi+0x54/0x138
[   41.112820]  handle_IPI+0x324/0x348
[   41.116976]  bcm2836_arm_irqchip_handle_irq+0xc8/0xd8
[   41.122718]  el1_irq+0xb4/0x130
[   41.126546]  __arch_copy_from_user+0xe0/0x240
[   41.131609]  __arm64_sys_poll+0x100/0x130
[   41.136333]  el0_svc_common+0xf4/0x1c0
[   41.140815]  el0_svc_compat_handler+0x30/0x40
[   41.145932]  el0_svc_compat+0x8/0x18
[   41.150277] Code: 2a0203fb aa1603f3 d503201f d503201f (f9413e82) 
[   41.157221] ---[ end trace c1947c13ac67a327 ]---
[   41.162695] Kernel panic - not syncing: Fatal exception in interrupt
[   41.169970] SMP: stopping secondary CPUs
[   42.268544] SMP: failed to stop secondary CPUs 0,2
[   42.274261] Kernel Offset: disabled
[   42.278650] CPU features: 0x0,24002004
[   42.283299] Memory Limit: none
[   42.287269] ---[ end Kernel panic - not syncing: Fatal exception in interrupt ]---
