[    0.000000] Booting Linux on physical CPU 0x0000000000 [0x410fd034]
[    0.000000] Linux version 4.19.118-v8+ (dom@buildbot) (gcc version 5.4.0 20160609 (Ubuntu/Linaro 5.4.0-6ubuntu1~16.04.9)) #1311 SMP PREEMPT Mon Apr 27 14:32:38 BST 2020
[    0.000000] Machine model: Raspberry Pi 3 Model B Rev 1.2
[    0.000000] efi: Getting EFI parameters from FDT:
[    0.000000] efi: UEFI not found.
[    0.000000] cma: Reserved 8 MiB at 0x000000003ac00000
[    0.000000] random: get_random_bytes called from start_kernel+0xb8/0x47c with crng_init=0
[    0.000000] percpu: Embedded 24 pages/cpu s58840 r8192 d31272 u98304
[    0.000000] Detected VIPT I-cache on CPU0
[    0.000000] CPU features: enabling workaround for ARM erratum 843419
[    0.000000] CPU features: enabling workaround for ARM erratum 845719
[    0.000000] Built 1 zonelists, mobility grouping on.  Total pages: 238896
[    0.000000] Kernel command line: coherent_pool=1M 8250.nr_uarts=1 snd_bcm2835.enable_compat_alsa=0 snd_bcm2835.enable_hdmi=1 snd_bcm2835.enable_headphones=1 bcm2708_fb.fbwidth
=656 bcm2708_fb.fbheight=416 bcm2708_fb.fbswap=1 vc_mem.mem_base=0x3ec00000 vc_mem.mem_size=0x40000000  dwc_otg.lpm_enable=0 console=ttyAMA0,115200 console=tty1 root=PARTUUID=4c9
99877-02 rootfstype=ext4 elevator=deadline fsck.repair=yes rootwait
[    0.000000] Dentry cache hash table entries: 131072 (order: 8, 1048576 bytes)
[    0.000000] Inode-cache hash table entries: 65536 (order: 7, 524288 bytes)
[    0.000000] Memory: 929096K/970752K available (8700K kernel code, 1074K rwdata, 2760K rodata, 1024K init, 1126K bss, 33464K reserved, 8192K cma-reserved)
[    0.000000] SLUB: HWalign=64, Order=0-3, MinObjects=0, CPUs=4, Nodes=1
[    0.000000] ftrace: allocating 30496 entries in 120 pages
[    0.000000] rcu: Preemptible hierarchical RCU implementation.
[    0.000000] rcu:     RCU restricting CPUs from NR_CPUS=64 to nr_cpu_ids=4.
[    0.000000]  Tasks RCU enabled.
[    0.000000] rcu: Adjusting geometry for rcu_fanout_leaf=16, nr_cpu_ids=4
[    0.000000] NR_IRQS: 64, nr_irqs: 64, preallocated irqs: 0
[    0.000000] arch_timer: cp15 timer(s) running at 19.20MHz (phys).
[    0.000000] clocksource: arch_sys_counter: mask: 0xffffffffffffff max_cycles: 0x46d987e47, max_idle_ns: 440795202767 ns
[    0.000008] sched_clock: 56 bits at 19MHz, resolution 52ns, wraps every 4398046511078ns
[    0.000272] Console: colour dummy device 80x25
[    0.000938] console [tty1] enabled
[    0.001008] Calibrating delay loop (skipped), value calculated using timer frequency.. 38.40 BogoMIPS (lpj=76800)
[    0.001060] pid_max: default: 32768 minimum: 301
[    0.001493] Mount-cache hash table entries: 2048 (order: 2, 16384 bytes)
[    0.001550] Mountpoint-cache hash table entries: 2048 (order: 2, 16384 bytes)
[    0.024103] ASID allocator initialised with 32768 entries
[    0.032101] rcu: Hierarchical SRCU implementation.
[    0.040734] EFI services will not be available.
[    0.048178] smp: Bringing up secondary CPUs ...
[    0.080447] Detected VIPT I-cache on CPU1
[    0.080517] CPU1: Booted secondary processor 0x0000000001 [0x410fd034]
[    0.112573] Detected VIPT I-cache on CPU2
[    0.112621] CPU2: Booted secondary processor 0x0000000002 [0x410fd034]
[    0.144740] Detected VIPT I-cache on CPU3
[    0.144785] CPU3: Booted secondary processor 0x0000000003 [0x410fd034]
[    0.144971] smp: Brought up 1 node, 4 CPUs
[    0.145125] SMP: Total of 4 processors activated.
[    0.145160] CPU features: detected: 32-bit EL0 Support
[    0.146132] CPU: All CPU(s) started at EL2
[    0.146207] alternatives: patching kernel code
[    0.147826] devtmpfs: initialized
[    0.164018] Enabled cp15_barrier support
[    0.164084] Enabled setend support
[    0.164628] clocksource: jiffies: mask: 0xffffffff max_cycles: 0xffffffff, max_idle_ns: 7645041785100000 ns
[    0.164689] futex hash table entries: 1024 (order: 4, 65536 bytes)
[    0.165445] pinctrl core: initialized pinctrl subsystem
[    0.166337] DMI not present or invalid.
[    0.166905] NET: Registered protocol family 16
[    0.173362] cpuidle: using governor menu
[    0.173972] hw-breakpoint: found 6 breakpoint and 4 watchpoint registers.
[    0.178528] DMA: preallocated 1024 KiB pool for atomic allocations
[    0.178706] Serial: AMBA PL011 UART driver
[    0.183297] bcm2835-mbox 3f00b880.mailbox: mailbox enabled
[    0.192954] raspberrypi-firmware soc:firmware: Attached to firmware from 2020-04-15 11:43, variant start
[    0.196972] raspberrypi-firmware soc:firmware: Firmware hash is 82f9bb929ce2186eb1824178c1ae82902ad6275c
[    0.245823] bcm2835-dma 3f007000.dma: DMA legacy API manager at (____ptrval____), dmachans=0x1
[    0.249132] vgaarb: loaded
[    0.249776] SCSI subsystem initialized
[    0.250074] usbcore: registered new interface driver usbfs
[    0.250181] usbcore: registered new interface driver hub
[    0.250345] usbcore: registered new device driver usb
[    0.250523] pps_core: LinuxPPS API ver. 1 registered
[    0.250556] pps_core: Software ver. 5.3.6 - Copyright 2005-2007 Rodolfo Giometti <giometti@linux.it>
[    0.250616] PTP clock support registered
[    0.252435] clocksource: Switched to clocksource arch_sys_counter
[    0.377677] VFS: Disk quotas dquot_6.6.0
[    0.377818] VFS: Dquot-cache hash table entries: 512 (order 0, 4096 bytes)
[    0.378100] FS-Cache: Loaded
[    0.378383] CacheFiles: Loaded
[    0.390481] NET: Registered protocol family 2
[    0.391450] tcp_listen_portaddr_hash hash table entries: 512 (order: 1, 8192 bytes)
[    0.391525] TCP established hash table entries: 8192 (order: 4, 65536 bytes)
[    0.391669] TCP bind hash table entries: 8192 (order: 5, 131072 bytes)
[    0.391896] TCP: Hash tables configured (established 8192 bind 8192)
[    0.392175] UDP hash table entries: 512 (order: 2, 16384 bytes)
[    0.392252] UDP-Lite hash table entries: 512 (order: 2, 16384 bytes)
[    0.392681] NET: Registered protocol family 1
[    0.393685] RPC: Registered named UNIX socket transport module.
[    0.393721] RPC: Registered udp transport module.
[    0.393752] RPC: Registered tcp transport module.
[    0.393782] RPC: Registered tcp NFSv4.1 backchannel transport module.
[    0.396394] hw perfevents: enabled with armv8_cortex_a53 PMU driver, 7 counters available
[    0.396664] kvm [1]: 8-bit VMID
[    0.397505] kvm [1]: Hyp mode initialized successfully
[    0.402401] Initialise system trusted keyrings
[    0.402744] workingset: timestamp_bits=46 max_order=18 bucket_order=0
[    0.414977] FS-Cache: Netfs 'nfs' registered for caching
[    0.416032] NFS: Registering the id_resolver key type
[    0.416092] Key type id_resolver registered
[    0.416123] Key type id_legacy registered
[    0.416165] nfs4filelayout_init: NFSv4 File Layout Driver Registering...
[    0.423913] Key type asymmetric registered
[    0.423963] Asymmetric key parser 'x509' registered
[    0.424059] Block layer SCSI generic (bsg) driver version 0.4 loaded (major 248)
[    0.424354] io scheduler noop registered
[    0.424390] io scheduler deadline registered (default)
[    0.424805] io scheduler cfq registered
[    0.424839] io scheduler mq-deadline registered (default)
[    0.424873] io scheduler kyber registered
[    0.431028] bcm2708_fb soc:fb: FB found 1 display(s)
[    0.440620] Console: switching to colour frame buffer device 82x26
[    0.445499] bcm2708_fb soc:fb: Registered framebuffer for display 0, size 656x416
[    0.452930] Serial: 8250/16550 driver, 1 ports, IRQ sharing enabled
[    0.457542] bcm2835-rng 3f104000.rng: hwrng registered
[    0.460551] vc-mem: phys_addr:0x00000000 mem_base=0x3ec00000 mem_size:0x40000000(1024 MiB)
[    0.466439] gpiomem-bcm2835 3f200000.gpiomem: Initialised: Registers at 0x3f200000
[    0.471963] cacheinfo: Unable to detect cache hierarchy for CPU 0
[    0.490432] brd: module loaded
[    0.508781] loop: module loaded
[    0.512497] Loading iSCSI transport class v2.0-870.
[    0.521837] libphy: Fixed MDIO Bus: probed
[    0.524801] usbcore: registered new interface driver r8152
[    0.527421] usbcore: registered new interface driver lan78xx
[    0.530031] usbcore: registered new interface driver smsc95xx
[    0.532924] dwc_otg: version 3.00a 10-AUG-2012 (platform bus)
[    0.563416] dwc_otg 3f980000.usb: base=(____ptrval____)
[    0.779596] Core Release: 2.80a
[    0.782113] Setting default values for core params
[    0.784653] Finished setting default values for core params
[    1.000117] Using Buffer DMA mode
[    1.002520] Periodic Transfer Interrupt Enhancement - disabled
[    1.004964] Multiprocessor Interrupt Enhancement - disabled
[    1.007365] OTG VER PARAM: 0, OTG VER FLAG: 0
[    1.009720] Dedicated Tx FIFOs mode
[    1.012824] WARN::dwc_otg_hcd_init:1074: FIQ DMA bounce buffers: virt = ffffff80090c1000 dma = 0x00000000fad04000 len=9024
[    1.017337] FIQ FSM acceleration enabled for :
[    1.017337] Non-periodic Split Transactions
[    1.017337] Periodic Split Transactions
[    1.017337] High-Speed Isochronous Endpoints
[    1.017337] Interrupt/Control Split Transaction hack enabled
[    1.028213] WARN::hcd_init_fiq:497: MPHI regs_base at ffffff8008065000
[    1.030521] dwc_otg 3f980000.usb: DWC OTG Controller
[    1.032862] dwc_otg 3f980000.usb: new USB bus registered, assigned bus number 1
[    1.035319] dwc_otg 3f980000.usb: irq 9, io mem 0x00000000
[    1.037751] Init: Port Power? op_state=1
[    1.040075] Init: Power Port (0)
[    1.042742] usb usb1: New USB device found, idVendor=1d6b, idProduct=0002, bcdDevice= 4.19
[    1.047547] usb usb1: New USB device strings: Mfr=3, Product=2, SerialNumber=1
[    1.050114] usb usb1: Product: DWC OTG Controller
[    1.052626] usb usb1: Manufacturer: Linux 4.19.118-v8+ dwc_otg_hcd
[    1.055133] usb usb1: SerialNumber: 3f980000.usb
[    1.058425] hub 1-0:1.0: USB hub found
[    1.060972] hub 1-0:1.0: 1 port detected
[    1.064653] usbcore: registered new interface driver uas
[    1.067074] usbcore: registered new interface driver usb-storage
[    1.069664] mousedev: PS/2 mouse device common for all mice
[    1.073553] bcm2835-wdt bcm2835-wdt: Broadcom BCM2835 watchdog timer
[    1.078132] sdhci: Secure Digital Host Controller Interface driver
[    1.080614] sdhci: Copyright(c) Pierre Ossman
[    1.083713] sdhost-bcm2835 3f202000.mmc: could not get clk, deferring probe
[    1.086476] sdhci-pltfm: SDHCI platform and OF driver helper
[    1.091124] ledtrig-cpu: registered to indicate activity on CPUs
[    1.093888] hidraw: raw HID events driver (C) Jiri Kosina
[    1.096610] usbcore: registered new interface driver usbhid
[    1.099076] usbhid: USB HID core driver
[    1.102791] vchiq: vchiq_init_state: slot_zero = (____ptrval____), is_master = 0
[    1.111570] Initializing XFRM netlink socket
[    1.114063] NET: Registered protocol family 17
[    1.116629] Key type dns_resolver registered
[    1.120346] registered taskstats version 1
[    1.122707] Loading compiled-in X.509 certificates
[    1.137059] uart-pl011 3f201000.serial: cts_event_workaround enabled
[    1.139661] 3f201000.serial: ttyAMA0 at MMIO 0x3f201000 (irq = 66, base_baud = 0) is a PL011 rev2
[    2.130367] console [ttyAMA0] enabled
[    2.138586] bcm2835-power bcm2835-power: Broadcom BCM2835 power domains driver
[    2.150316] sdhost: log_buf @ (____ptrval____) (fad07000)
[    2.207751] mmc0: sdhost-bcm2835 loaded - DMA enabled (>1)
[    2.219668] of_cfs_init
[    2.224819] of_cfs_init: OK
[    2.231055] Waiting for root device PARTUUID=4c999877-02...
[    2.252643] Indeed it is in host mode hprt0 = 00021501
[    2.314771] mmc0: host does not support reading read-only switch, assuming write-enable
[    2.346017] mmc0: new high speed SDHC card at address aaaa
[    2.356327] mmcblk0: mmc0:aaaa SC16G 14.8 GiB
[    2.373124]  mmcblk0: p1 p2
[    2.373231] random: fast init done
[    2.389487] EXT4-fs (mmcblk0p2): INFO: recovery required on readonly filesystem
[    2.399438] EXT4-fs (mmcblk0p2): write access will be enabled during recovery
[    2.472509] usb 1-1: new high-speed USB device number 2 using dwc_otg
[    2.481900] Indeed it is in host mode hprt0 = 00001101
[    2.536873] EXT4-fs (mmcblk0p2): recovery complete
[    2.548744] EXT4-fs (mmcblk0p2): mounted filesystem with ordered data mode. Opts: (null)
[    2.561884] VFS: Mounted root (ext4 filesystem) readonly on device 179:2.
[    2.583012] devtmpfs: mounted
[    2.595723] Freeing unused kernel memory: 1024K
[    2.603001] Run /sbin/init as init process
[    2.701046] usb 1-1: New USB device found, idVendor=0424, idProduct=9514, bcdDevice= 2.00
[    2.714660] usb 1-1: New USB device strings: Mfr=0, Product=0, SerialNumber=0
[    2.725584] hub 1-1:1.0: USB hub found
[    2.732355] hub 1-1:1.0: 5 ports detected
[    3.028513] usb 1-1.1: new high-speed USB device number 3 using dwc_otg
[    3.137120] usb 1-1.1: New USB device found, idVendor=0424, idProduct=ec00, bcdDevice= 2.00
[    3.150944] usb 1-1.1: New USB device strings: Mfr=0, Product=0, SerialNumber=0
[    3.164370] smsc95xx v1.0.6
[    3.238991] smsc95xx 1-1.1:1.0 eth0: register 'smsc95xx' at usb-3f980000.usb-1.1, smsc95xx USB 2.0 Ethernet, b8:27:eb:6d:27:bc
[    3.346793] systemd[1]: System time before build time, advancing clock.
[    3.535377] NET: Registered protocol family 10
[    3.544626] Segment Routing with IPv6
[    3.614543] systemd[1]: systemd 241 running in system mode. (+PAM +AUDIT +SELINUX +IMA +APPARMOR +SMACK +SYSVINIT +UTMP +LIBCRYPTSETUP +GCRYPT +GNUTLS +ACL +XZ +LZ4 +SECCOMP +
BLKID +ELFUTILS +KMOD -IDN2 +IDN -PCRE2 default-hierarchy=hybrid)
[    3.646100] systemd[1]: Detected architecture arm64.
[    3.675779] systemd[1]: Set hostname to <raspberrypi>.
[    3.742583] random: crng init done
[    3.892683] uart-pl011 3f201000.serial: no DMA platform data
[    4.701694] systemd[1]: Listening on fsck to fsckd communication Socket.
[    4.716603] systemd[1]: Listening on initctl Compatibility Named Pipe.
[    4.730764] systemd[1]: Listening on Syslog Socket.
[   43.028417] ------------[ cut here ]------------
[   43.033945] DEBUG_LOCKS_WARN_ON((val < PREEMPT_MASK) && !(preempt_count() & PREEMPT_MASK))
[   43.033970] WARNING: CPU: 0 PID: 496 at kernel/sched/core.c:3266 preempt_count_sub+0xc4/0xd0
[   43.054504] Modules linked in: cfg80211 rfkill 8021q garp stp llc binfmt_misc bcm2835_codec(C) bcm2835_v4l2(C) v4l2_mem2mem raspberrypi_hwmon bcm2835_mmal_vchiq(C) v4l2_common
 hwmon videobuf2_dma_contig videobuf2_vmalloc videobuf2_memops videobuf2_v4l2 videobuf2_common videodev vc_sm_cma(C) media uio_pdrv_genirq uio ip_tables x_tables ipv6
[   43.090463] CPU: 0 PID: 496 Comm: test Tainted: G         C        4.19.118-v8+ #1311
[   43.100852] Hardware name: Raspberry Pi 3 Model B Rev 1.2 (DT)
[   43.108042] pstate: 60000085 (nZCv daIf -PAN -UAO)
[   43.114207] pc : preempt_count_sub+0xc4/0xd0
[   43.119862] lr : preempt_count_sub+0xc4/0xd0
[   43.125490] sp : ffffff8008003cf0
[   43.130146] x29: ffffff8008003cf0 x28: 0000000000000001 
[   43.136824] x27: ffffff8008cac018 x26: 0000000000000080 
[   43.143481] x25: ffffff8008cac018 x24: 0000000000000000 
[   43.150109] x23: 00000000003d0900 x22: ffffff8008cc9000 
[   43.156722] x21: ffffff8008cdf258 x20: 00000000003d0900 
[   43.163301] x19: 0000000000000001 x18: ffffff8009909dd8 
[   43.169838] x17: 0000000000000000 x16: 0000000000000000 
[   43.176316] x15: 0000000000000a40 x14: 5f54504d45455250 
[   43.182742] x13: 2026202928746e75 x12: 6f635f74706d6565 
[   43.189130] x11: 7270282120262620 x10: 294b53414d5f5450 
[   43.195474] x9 : 4d45455250203c20 x8 : 6c617628284e4f5f 
[   43.201773] x7 : 4e5241575f534b43 x6 : ffffff8008dd6176 
[   43.208027] x5 : 0000000000000015 x4 : 0000000000000000 
[   43.214240] x3 : 0000000000000000 x2 : 0000004031ec6000 
[   43.220406] x1 : 5c12174d01c22c00 x0 : 0000000000000000 
[   43.226538] Call trace:
[   43.229754]  preempt_count_sub+0xc4/0xd0
[   43.234449]  _raw_spin_unlock_irqrestore+0x38/0x88
[   43.240015]  account_user_time+0xa4/0xe0
[   43.244741]  account_process_tick+0xa8/0xb8
[   43.249724]  update_process_times+0x28/0x60
[   43.254703]  tick_sched_handle.isra.5+0x44/0x68
[   43.260057]  tick_sched_timer+0x5c/0xb0
[   43.264727]  __hrtimer_run_queues+0x118/0x380
[   43.269925]  hrtimer_interrupt+0xf8/0x258
[   43.274771]  arch_timer_handler_phys+0x3c/0x50
[   43.280057]  handle_percpu_devid_irq+0xa4/0x2a0
[   43.285439]  generic_handle_irq+0x34/0x50
[   43.290302]  __handle_domain_irq+0x8c/0x100
[   43.295341]  bcm2836_arm_irqchip_handle_irq+0x68/0xd8
[   43.301262]  el0_irq_naked+0x50/0x5c
[   43.305693] ---[ end trace 69612c490481c9ad ]---
[   43.311186] Unable to handle kernel read from unreadable memory at virtual address ffffffc03ab7a780
[   43.322105] Mem abort info:
[   43.325840]   ESR = 0x8600000e
[   43.329815]   Exception class = IABT (current EL), IL = 32 bits
[   43.336709]   SET = 0, FnV = 0
[   43.340708]   EA = 0, S1PTW = 0
[   43.344780] swapper pgtable: 4k pages, 39-bit VAs, pgdp = 00000000a44e4474
[   43.352668] [ffffffc03ab7a780] pgd=000000003abf8003, pud=000000003abf8003, pmd=006800003aa00711
[   43.363457] Internal error: Oops: 8600000e [#1] PREEMPT SMP
[   43.370144] Modules linked in: cfg80211 rfkill 8021q garp stp llc binfmt_misc bcm2835_codec(C) bcm2835_v4l2(C) v4l2_mem2mem raspberrypi_hwmon bcm2835_mmal_vchiq(C) v4l2_common
 hwmon videobuf2_dma_contig videobuf2_vmalloc videobuf2_memops videobuf2_v4l2 videobuf2_common videodev vc_sm_cma(C) media uio_pdrv_genirq uio ip_tables x_tables ipv6
[   43.406493] Process test (pid: 496, stack limit = 0x00000000a490ad7a)
[   43.414316] CPU: 0 PID: 496 Comm: test Tainted: G        WC        4.19.118-v8+ #1311
[   43.424925] Hardware name: Raspberry Pi 3 Model B Rev 1.2 (DT)
[   43.432230] pstate: 60000085 (nZCv daIf -PAN -UAO)
[   43.438446] pc : 0xffffffc03ab7a780
[   43.443293] lr : 0xffffffc03ab7a780
[   43.448114] sp : ffffff8008003d60
[   43.452758] x29: 0000000000000000 x28: 0000000000000001 
[   43.459417] x27: ffffff8008cac018 x26: 0000000000000080 
[   43.466053] x25: ffffff8008cac018 x24: 0000000000000000 
[   43.472675] x23: 00000000003d0900 x22: ffffff8008cc9000 
[   43.479268] x21: ffffff8008003d80 x20: ffffff8008cc86d8 
[   43.485821] x19: ffffff80081685d0 x18: ffffff8009909dd8 
[   43.492308] x17: 0000000000000000 x16: 0000000000000000 
[   43.498775] x15: 0000000000000a40 x14: 5f54504d45455250 
[   43.505195] x13: 2026202928746e75 x12: 6f635f74706d6565 
[   43.511569] x11: 7270282120262620 x10: 294b53414d5f5450 
[   43.517902] x9 : 4d45455250203c20 x8 : 6c617628284e4f5f 
[   43.524188] x7 : 4e5241575f534b43 x6 : 00000000777a2cd8 
[   43.530433] x5 : 000000024d3af130 x4 : 0000000000000049 
[   43.536643] x3 : ffffffc034dfd180 x2 : 0000000000000057 
[   43.542802] x1 : 00000000000001ad x0 : 000000024d548335 
[   43.548932] Call trace:
[   43.552146]  0xffffffc03ab7a780
[   43.556030] Code: 00000000 00000000 00000000 00000000 (00000000) 
[   43.562924] ---[ end trace 69612c490481c9ae ]---
[   43.568370] Kernel panic - not syncing: Fatal exception in interrupt
[   43.575613] SMP: stopping secondary CPUs
[   43.580419] Kernel Offset: disabled
[   43.584786] CPU features: 0x0,24002004
[   43.589434] Memory Limit: none
[   43.593381] ---[ end Kernel panic - not syncing: Fatal exception in interrupt ]---
