[    0.000000] Booting Linux on physical CPU 0x0000000000 [0x410fd034]
[    0.000000] Linux version 4.19.118-v8+ (dom@buildbot) (gcc version 5.4.0 20160609 (Ubuntu/Linaro 5.4.0-6ubuntu1~16.04.9)) #1311 SMP PREEMPT Mon Apr 27 14:32:38 BST 2020
[    0.000000] Machine model: Raspberry Pi 3 Model B Rev 1.2
[    0.000000] efi: Getting EFI parameters from FDT:
[    0.000000] efi: UEFI not found.
[    0.000000] cma: Reserved 8 MiB at 0x000000003ac00000
[    0.000000] random: get_random_bytes called from start_kernel+0xb8/0x47c with crng_init=0
[    0.000000] percpu: Embedded 24 pages/cpu s58840 r8192 d31272 u98304
[    0.000000] Detected VIPT I-cache on CPU0
[    0.000000] CPU features: enabling workaround for ARM erratum 843419
[    0.000000] CPU features: enabling workaround for ARM erratum 845719
[    0.000000] Built 1 zonelists, mobility grouping on.  Total pages: 238896
[    0.000000] Kernel command line: coherent_pool=1M 8250.nr_uarts=1 snd_bcm2835.enable_compat_alsa=0 snd_bcm2835.enable_hdmi=1 snd_bcm2835.enable_headphones=1 bcm2708_fb.fbwidtt
[    0.000000] Dentry cache hash table entries: 131072 (order: 8, 1048576 bytes)
[    0.000000] Inode-cache hash table entries: 65536 (order: 7, 524288 bytes)
[    0.000000] Memory: 929096K/970752K available (8700K kernel code, 1074K rwdata, 2760K rodata, 1024K init, 1126K bss, 33464K reserved, 8192K cma-reserved)
[    0.000000] SLUB: HWalign=64, Order=0-3, MinObjects=0, CPUs=4, Nodes=1
[    0.000000] ftrace: allocating 30496 entries in 120 pages
[    0.000000] rcu: Preemptible hierarchical RCU implementation.
[    0.000000] rcu:     RCU restricting CPUs from NR_CPUS=64 to nr_cpu_ids=4.
[    0.000000]  Tasks RCU enabled.
[    0.000000] rcu: Adjusting geometry for rcu_fanout_leaf=16, nr_cpu_ids=4
[    0.000000] NR_IRQS: 64, nr_irqs: 64, preallocated irqs: 0
[    0.000000] arch_timer: cp15 timer(s) running at 19.20MHz (phys).
[    0.000000] clocksource: arch_sys_counter: mask: 0xffffffffffffff max_cycles: 0x46d987e47, max_idle_ns: 440795202767 ns
[    0.000007] sched_clock: 56 bits at 19MHz, resolution 52ns, wraps every 4398046511078ns
[    0.000270] Console: colour dummy device 80x25
[    0.000937] console [tty1] enabled
[    0.001007] Calibrating delay loop (skipped), value calculated using timer frequency.. 38.40 BogoMIPS (lpj=76800)
[    0.001059] pid_max: default: 32768 minimum: 301
[    0.001491] Mount-cache hash table entries: 2048 (order: 2, 16384 bytes)
[    0.001547] Mountpoint-cache hash table entries: 2048 (order: 2, 16384 bytes)
[    0.024103] ASID allocator initialised with 32768 entries
[    0.032101] rcu: Hierarchical SRCU implementation.
[    0.040736] EFI services will not be available.
[    0.048179] smp: Bringing up secondary CPUs ...
[    0.080448] Detected VIPT I-cache on CPU1
[    0.080515] CPU1: Booted secondary processor 0x0000000001 [0x410fd034]
[    0.112572] Detected VIPT I-cache on CPU2
[    0.112622] CPU2: Booted secondary processor 0x0000000002 [0x410fd034]
[    0.144739] Detected VIPT I-cache on CPU3
[    0.144785] CPU3: Booted secondary processor 0x0000000003 [0x410fd034]
[    0.144970] smp: Brought up 1 node, 4 CPUs
[    0.145124] SMP: Total of 4 processors activated.
[    0.145159] CPU features: detected: 32-bit EL0 Support
[    0.146129] CPU: All CPU(s) started at EL2
[    0.146204] alternatives: patching kernel code
[    0.147823] devtmpfs: initialized
[    0.164011] Enabled cp15_barrier support
[    0.164078] Enabled setend support
[    0.164617] clocksource: jiffies: mask: 0xffffffff max_cycles: 0xffffffff, max_idle_ns: 7645041785100000 ns
[    0.164678] futex hash table entries: 1024 (order: 4, 65536 bytes)
[    0.165426] pinctrl core: initialized pinctrl subsystem
[    0.166317] DMI not present or invalid.
[    0.166885] NET: Registered protocol family 16
[    0.173339] cpuidle: using governor menu
[    0.173951] hw-breakpoint: found 6 breakpoint and 4 watchpoint registers.
[    0.178499] DMA: preallocated 1024 KiB pool for atomic allocations
[    0.178678] Serial: AMBA PL011 UART driver
[    0.183273] bcm2835-mbox 3f00b880.mailbox: mailbox enabled
[    0.192944] raspberrypi-firmware soc:firmware: Attached to firmware from 2020-04-15 11:43, variant start
[    0.196962] raspberrypi-firmware soc:firmware: Firmware hash is 82f9bb929ce2186eb1824178c1ae82902ad6275c
[    0.242973] bcm2835-dma 3f007000.dma: DMA legacy API manager at (____ptrval____), dmachans=0x1
[    0.246330] vgaarb: loaded
[    0.246832] SCSI subsystem initialized
[    0.247127] usbcore: registered new interface driver usbfs
[    0.247232] usbcore: registered new interface driver hub
[    0.247396] usbcore: registered new device driver usb
[    0.247573] pps_core: LinuxPPS API ver. 1 registered
[    0.247607] pps_core: Software ver. 5.3.6 - Copyright 2005-2007 Rodolfo Giometti <giometti@linux.it>
[    0.247666] PTP clock support registered
[    0.249601] clocksource: Switched to clocksource arch_sys_counter
[    0.374714] VFS: Disk quotas dquot_6.6.0
[    0.374855] VFS: Dquot-cache hash table entries: 512 (order 0, 4096 bytes)
[    0.375137] FS-Cache: Loaded
[    0.375415] CacheFiles: Loaded
[    0.387550] NET: Registered protocol family 2
[    0.388513] tcp_listen_portaddr_hash hash table entries: 512 (order: 1, 8192 bytes)
[    0.388590] TCP established hash table entries: 8192 (order: 4, 65536 bytes)
[    0.388735] TCP bind hash table entries: 8192 (order: 5, 131072 bytes)
[    0.388953] TCP: Hash tables configured (established 8192 bind 8192)
[    0.389232] UDP hash table entries: 512 (order: 2, 16384 bytes)
[    0.389309] UDP-Lite hash table entries: 512 (order: 2, 16384 bytes)
[    0.389740] NET: Registered protocol family 1
[    0.390719] RPC: Registered named UNIX socket transport module.
[    0.390756] RPC: Registered udp transport module.
[    0.390787] RPC: Registered tcp transport module.
[    0.390817] RPC: Registered tcp NFSv4.1 backchannel transport module.
[    0.393419] hw perfevents: enabled with armv8_cortex_a53 PMU driver, 7 counters available
[    0.393694] kvm [1]: 8-bit VMID
[    0.394537] kvm [1]: Hyp mode initialized successfully
[    0.399450] Initialise system trusted keyrings
[    0.399787] workingset: timestamp_bits=46 max_order=18 bucket_order=0
[    0.412129] FS-Cache: Netfs 'nfs' registered for caching
[    0.413190] NFS: Registering the id_resolver key type
[    0.413271] Key type id_resolver registered
[    0.413302] Key type id_legacy registered
[    0.413344] nfs4filelayout_init: NFSv4 File Layout Driver Registering...
[    0.421090] Key type asymmetric registered
[    0.421139] Asymmetric key parser 'x509' registered
[    0.421237] Block layer SCSI generic (bsg) driver version 0.4 loaded (major 248)
[    0.421534] io scheduler noop registered
[    0.421570] io scheduler deadline registered (default)
[    0.421929] io scheduler cfq registered
[    0.421964] io scheduler mq-deadline registered (default)
[    0.421997] io scheduler kyber registered
[    0.427863] bcm2708_fb soc:fb: FB found 1 display(s)
[    0.437524] Console: switching to colour frame buffer device 82x26
[    0.442400] bcm2708_fb soc:fb: Registered framebuffer for display 0, size 656x416
[    0.449813] Serial: 8250/16550 driver, 1 ports, IRQ sharing enabled
[    0.454356] bcm2835-rng 3f104000.rng: hwrng registered
[    0.457300] vc-mem: phys_addr:0x00000000 mem_base=0x3ec00000 mem_size:0x40000000(1024 MiB)
[    0.463156] gpiomem-bcm2835 3f200000.gpiomem: Initialised: Registers at 0x3f200000
[    0.468686] cacheinfo: Unable to detect cache hierarchy for CPU 0
[    0.487046] brd: module loaded
[    0.505137] loop: module loaded
[    0.508900] Loading iSCSI transport class v2.0-870.
[    0.514266] libphy: Fixed MDIO Bus: probed
[    0.517199] usbcore: registered new interface driver r8152
[    0.519849] usbcore: registered new interface driver lan78xx
[    0.522458] usbcore: registered new interface driver smsc95xx
[    0.525322] dwc_otg: version 3.00a 10-AUG-2012 (platform bus)
[    0.555844] dwc_otg 3f980000.usb: base=(____ptrval____)
[    0.771942] Core Release: 2.80a
[    0.774461] Setting default values for core params
[    0.776975] Finished setting default values for core params
[    0.993103] Using Buffer DMA mode
[    0.995505] Periodic Transfer Interrupt Enhancement - disabled
[    0.997946] Multiprocessor Interrupt Enhancement - disabled
[    1.000340] OTG VER PARAM: 0, OTG VER FLAG: 0
[    1.002701] Dedicated Tx FIFOs mode
[    1.005940] WARN::dwc_otg_hcd_init:1074: FIQ DMA bounce buffers: virt = ffffff80090c1000 dma = 0x00000000fad04000 len=9024
[    1.010456] FIQ FSM acceleration enabled for :
[    1.010456] Non-periodic Split Transactions
[    1.010456] Periodic Split Transactions
[    1.010456] High-Speed Isochronous Endpoints
[    1.010456] Interrupt/Control Split Transaction hack enabled
[    1.021220] WARN::hcd_init_fiq:497: MPHI regs_base at ffffff8008065000
[    1.023524] dwc_otg 3f980000.usb: DWC OTG Controller
[    1.025885] dwc_otg 3f980000.usb: new USB bus registered, assigned bus number 1
[    1.028340] dwc_otg 3f980000.usb: irq 9, io mem 0x00000000
[    1.030769] Init: Port Power? op_state=1
[    1.033092] Init: Power Port (0)
[    1.035761] usb usb1: New USB device found, idVendor=1d6b, idProduct=0002, bcdDevice= 4.19
[    1.040511] usb usb1: New USB device strings: Mfr=3, Product=2, SerialNumber=1
[    1.043126] usb usb1: Product: DWC OTG Controller
[    1.045639] usb usb1: Manufacturer: Linux 4.19.118-v8+ dwc_otg_hcd
[    1.048148] usb usb1: SerialNumber: 3f980000.usb
[    1.051408] hub 1-0:1.0: USB hub found
[    1.053949] hub 1-0:1.0: 1 port detected
[    1.057562] usbcore: registered new interface driver uas
[    1.060024] usbcore: registered new interface driver usb-storage
[    1.062606] mousedev: PS/2 mouse device common for all mice
[    1.066485] bcm2835-wdt bcm2835-wdt: Broadcom BCM2835 watchdog timer
[    1.071058] sdhci: Secure Digital Host Controller Interface driver
[    1.073496] sdhci: Copyright(c) Pierre Ossman
[    1.076624] sdhost-bcm2835 3f202000.mmc: could not get clk, deferring probe
[    1.079384] sdhci-pltfm: SDHCI platform and OF driver helper
[    1.084062] ledtrig-cpu: registered to indicate activity on CPUs
[    1.086825] hidraw: raw HID events driver (C) Jiri Kosina
[    1.089494] usbcore: registered new interface driver usbhid
[    1.091996] usbhid: USB HID core driver
[    1.095721] vchiq: vchiq_init_state: slot_zero = (____ptrval____), is_master = 0
[    1.104514] Initializing XFRM netlink socket
[    1.107007] NET: Registered protocol family 17
[    1.109514] Key type dns_resolver registered
[    1.113278] registered taskstats version 1
[    1.115635] Loading compiled-in X.509 certificates
[    1.129961] uart-pl011 3f201000.serial: cts_event_workaround enabled
[    1.132570] 3f201000.serial: ttyAMA0 at MMIO 0x3f201000 (irq = 66, base_baud = 0) is a PL011 rev2
[    2.123215] console [ttyAMA0] enabled
[    2.131450] bcm2835-power bcm2835-power: Broadcom BCM2835 power domains driver
[    2.143204] sdhost: log_buf @ (____ptrval____) (fad07000)
[    2.200335] mmc0: sdhost-bcm2835 loaded - DMA enabled (>1)
[    2.212240] of_cfs_init
[    2.217387] of_cfs_init: OK
[    2.223634] Waiting for root device PARTUUID=4c999877-02...
[    2.245897] Indeed it is in host mode hprt0 = 00021501
[    2.307949] mmc0: host does not support reading read-only switch, assuming write-enable
[    2.339166] mmc0: new high speed SDHC card at address aaaa
[    2.349523] mmcblk0: mmc0:aaaa SC16G 14.8 GiB
[    2.361897]  mmcblk0: p1 p2
[    2.366492] random: fast init done
[    2.382854] EXT4-fs (mmcblk0p2): INFO: recovery required on readonly filesystem
[    2.392794] EXT4-fs (mmcblk0p2): write access will be enabled during recovery
[    2.420348] EXT4-fs (mmcblk0p2): recovery complete
[    2.450833] EXT4-fs (mmcblk0p2): mounted filesystem with ordered data mode. Opts: (null)
[    2.461677] usb 1-1: new high-speed USB device number 2 using dwc_otg
[    2.464026] VFS: Mounted root (ext4 filesystem) readonly on device 179:2.
[    2.473120] Indeed it is in host mode hprt0 = 00001101
[    2.496805] devtmpfs: mounted
[    2.508836] Freeing unused kernel memory: 1024K
[    2.516045] Run /sbin/init as init process
[    2.702198] usb 1-1: New USB device found, idVendor=0424, idProduct=9514, bcdDevice= 2.00
[    2.715775] usb 1-1: New USB device strings: Mfr=0, Product=0, SerialNumber=0
[    2.726742] hub 1-1:1.0: USB hub found
[    2.733519] hub 1-1:1.0: 5 ports detected
[    3.029673] usb 1-1.1: new high-speed USB device number 3 using dwc_otg
[    3.138174] usb 1-1.1: New USB device found, idVendor=0424, idProduct=ec00, bcdDevice= 2.00
[    3.151890] usb 1-1.1: New USB device strings: Mfr=0, Product=0, SerialNumber=0
[    3.165235] smsc95xx v1.0.6
[    3.240115] smsc95xx 1-1.1:1.0 eth0: register 'smsc95xx' at usb-3f980000.usb-1.1, smsc95xx USB 2.0 Ethernet, b8:27:eb:6d:27:bc
[    3.280853] systemd[1]: System time before build time, advancing clock.
[    3.468242] NET: Registered protocol family 10
[    3.477432] Segment Routing with IPv6
[    3.547266] systemd[1]: systemd 241 running in system mode. (+PAM +AUDIT +SELINUX +IMA +APPARMOR +SMACK +SYSVINIT +UTMP +LIBCRYPTSETUP +GCRYPT +GNUTLS +ACL +XZ +LZ4 +SECCOMP )
[    3.578974] systemd[1]: Detected architecture arm64.
[    3.608718] systemd[1]: Set hostname to <raspberrypi>.
[    3.736584] random: crng init done
[    3.822432] uart-pl011 3f201000.serial: no DMA platform data
[    4.627439] systemd[1]: Listening on udev Control Socket.
[    4.641685] systemd[1]: Set up automount Arbitrary Executable File Formats File System Automount Point.
[    4.661806] systemd[1]: Listening on Journal Socket (/dev/log).
[    4.707577] systemd[1]: Condition check resulted in Journal Audit Socket being skipped.
[    4.722125] systemd[1]: Started Dispatch Password Requests to Console Directory Watch.
[    4.740650] systemd[1]: Listening on fsck to fsckd communication Socket.
[    4.760726] systemd[1]: Created slice system-systemd\x2dfsck.slice.
[   22.901577] ------------[ cut here ]------------
[   22.907096] DEBUG_LOCKS_WARN_ON((val < PREEMPT_MASK) && !(preempt_count() & PREEMPT_MASK))
[   22.907121] WARNING: CPU: 0 PID: 494 at kernel/sched/core.c:3266 preempt_count_sub+0xc4/0xd0
[   22.927460] Modules linked in: cfg80211 rfkill 8021q garp stp llc binfmt_misc bcm2835_codec(C) raspberrypi_hwmon bcm2835_v4l2(C) hwmon v4l2_mem2mem bcm2835_mmal_vchiq(C) v4l26
[   22.963328] CPU: 0 PID: 494 Comm: test Tainted: G         C        4.19.118-v8+ #1311
[   22.973713] Hardware name: Raspberry Pi 3 Model B Rev 1.2 (DT)
[   22.980867] pstate: 60000085 (nZCv daIf -PAN -UAO)
[   22.987000] pc : preempt_count_sub+0xc4/0xd0
[   22.992624] lr : preempt_count_sub+0xc4/0xd0
[   22.998231] sp : ffffff8008003da0
[   23.002883] x29: ffffff8008003da0 x28: 0000000000000005 
[   23.009567] x27: ffffff8008cac018 x26: 0000000000000080 
[   23.016231] x25: ffffff8008cac018 x24: ffffff8008cc86d8 
[   23.022876] x23: ffffff80081685d0 x22: 0000000000002bbe 
[   23.029498] x21: 00000005505cb254 x20: ffffff8008df98c0 
[   23.036092] x19: 0000000000000001 x18: ffffff8009909dd8 
[   23.042631] x17: 0000000000000000 x16: 0000000000000000 
[   23.049113] x15: 0000000000000a40 x14: 5f54504d45455250 
[   23.055540] x13: 2026202928746e75 x12: 6f635f74706d6565 
[   23.061925] x11: 7270282120262620 x10: 294b53414d5f5450 
[   23.068271] x9 : 4d45455250203c20 x8 : 6c617628284e4f5f 
[   23.074573] x7 : 4e5241575f534b43 x6 : ffffff8008dd6176 
[   23.080828] x5 : 0000000000000015 x4 : 0000000000000000 
[   23.087043] x3 : 0000000000000000 x2 : 0000004031ec6000 
[   23.093214] x1 : 5c12174d01c22c00 x0 : 0000000000000000 
[   23.099346] Call trace:
[   23.102563]  preempt_count_sub+0xc4/0xd0
[   23.107258]  _raw_spin_unlock_irqrestore+0x38/0x88
[   23.112825]  tick_sched_timer+0x3c/0xb0
[   23.117464]  __hrtimer_run_queues+0x118/0x380
[   23.122632]  hrtimer_interrupt+0xf8/0x258
[   23.127451]  arch_timer_handler_phys+0x3c/0x50
[   23.132732]  handle_percpu_devid_irq+0xa4/0x2a0
[   23.138115]  generic_handle_irq+0x34/0x50
[   23.142972]  __handle_domain_irq+0x8c/0x100
[   23.148004]  bcm2836_arm_irqchip_handle_irq+0x68/0xd8
[   23.153933]  el0_irq_naked+0x50/0x5c
[   23.158388] ---[ end trace 0999d2dd8cd8ca37 ]---
[   23.163919] Unable to handle kernel paging request at virtual address 00000005505cb35c
[   23.173742] Mem abort info:
[   23.177477]   ESR = 0x96000005
[   23.181463]   Exception class = DABT (current EL), IL = 32 bits
[   23.188362]   SET = 0, FnV = 0
[   23.192390]   EA = 0, S1PTW = 0
[   23.196501] Data abort info:
[   23.200324]   ISV = 0, ISS = 0x00000005
[   23.205114]   CM = 0, WnR = 0
[   23.209010] [00000005505cb35c] address between user and kernel address ranges
[   23.217158] Internal error: Oops: 96000005 [#1] PREEMPT SMP
[   23.223756] Modules linked in: cfg80211 rfkill 8021q garp stp llc binfmt_misc bcm2835_codec(C) raspberrypi_hwmon bcm2835_v4l2(C) hwmon v4l2_mem2mem bcm2835_mmal_vchiq(C) v4l26
[   23.259656] Process test (pid: 494, stack limit = 0x000000002acb1f50)
[   23.267380] CPU: 0 PID: 494 Comm: test Tainted: G        WC        4.19.118-v8+ #1311
[   23.277790] Hardware name: Raspberry Pi 3 Model B Rev 1.2 (DT)
[   23.284938] pstate: 80000085 (Nzcv daIf -PAN -UAO)
[   23.291009] pc : tick_sched_handle.isra.5+0x34/0x68
[   23.297179] lr : tick_sched_timer+0x5c/0xb0
[   23.302653] sp : ffffff8008003dc0
[   23.307233] x29: ffffff8008003dc0 x28: 0000000000000005 
[   23.313811] x27: ffffff8008cac018 x26: 0000000000000080 
[   23.320387] x25: ffffff8008cac018 x24: ffffff8008cc86d8 
[   23.326965] x23: ffffff80081685d0 x22: 0000000000002bbe 
[   23.333538] x21: 00000005505cb254 x20: 00000005505cb35c 
[   23.340116] x19: ffffffc03ab7ac78 x18: ffffff8009909dd8 
[   23.346667] x17: 0000000000000000 x16: 0000000000000000 
[   23.353189] x15: 0000000000000a40 x14: 5f54504d45455250 
[   23.359664] x13: 2026202928746e75 x12: 6f635f74706d6565 
[   23.366097] x11: 7270282120262620 x10: 294b53414d5f5450 
[   23.372486] x9 : 4d45455250203c20 x8 : 6c617628284e4f5f 
[   23.378834] x7 : 4e5241575f534b43 x6 : ffffff8008dd6176 
[   23.378840] x5 : 0000000000000015 x4 : 0000004031ec6000 
[   23.378845] x3 : 0000000000010000 x2 : ffffff8008cc8000 
[   23.378852] x1 : 00000005505cb35c x0 : 0000000000000010 
[   23.403835] Call trace:
[   23.403845]  tick_sched_handle.isra.5+0x34/0x68
[   23.403851]  tick_sched_timer+0x5c/0xb0
[   23.417099]  __hrtimer_run_queues+0x118/0x380
[   23.417104]  hrtimer_interrupt+0xf8/0x258
[   23.417112]  arch_timer_handler_phys+0x3c/0x50
[   23.432363]  handle_percpu_devid_irq+0xa4/0x2a0
[   23.432368]  generic_handle_irq+0x34/0x50
[   23.432374]  __handle_domain_irq+0x8c/0x100
[   23.447650]  bcm2836_arm_irqchip_handle_irq+0x68/0xd8
[   23.453582]  el0_irq_naked+0x50/0x5c
[   23.458018] Code: d5384100 b9402c00 37080160 f9002e7f (f9400280) 
[   23.465022] ---[ end trace 0999d2dd8cd8ca38 ]---
[   23.470561] Kernel panic - not syncing: Fatal exception in interrupt
[   23.477883] SMP: stopping secondary CPUs
[   23.482764] Kernel Offset: disabled
[   23.487195] CPU features: 0x0,24002004
[   23.491881] Memory Limit: none
[   23.495862] ---[ end Kernel panic - not syncing: Fatal exception in interrupt ]---
