[    0.000000] Booting Linux on physical CPU 0x0000000000 [0x410fd034]
[    0.000000] Linux version 4.19.118-v8+ (dom@buildbot) (gcc version 5.4.0 20160609 (Ubuntu/Linaro 5.4.0-6ubuntu1~16.04.9)) #1311 SMP PREEMPT Mon Apr 27 14:32:38 BST 2020
[    0.000000] Machine model: Raspberry Pi 3 Model B Rev 1.2
[    0.000000] efi: Getting EFI parameters from FDT:
[    0.000000] efi: UEFI not found.
[    0.000000] cma: Reserved 8 MiB at 0x000000003ac00000
[    0.000000] random: get_random_bytes called from start_kernel+0xb8/0x47c with crng_init=0
[    0.000000] percpu: Embedded 24 pages/cpu s58840 r8192 d31272 u98304
[    0.000000] Detected VIPT I-cache on CPU0
[    0.000000] CPU features: enabling workaround for ARM erratum 843419
[    0.000000] CPU features: enabling workaround for ARM erratum 845719
[    0.000000] Built 1 zonelists, mobility grouping on.  Total pages: 238896
[    0.000000] Kernel command line: coherent_pool=1M 8250.nr_uarts=1 snd_bcm2835.enable_compat_alsa=0 snd_bcm2835.enable_hdmi=1 snd_bcm2835.enable_headphones=1 bcm2708_fb.fbwidth
=656 bcm2708_fb.fbheight=416 bcm2708_fb.fbswap=1 vc_mem.mem_base=0x3ec00000 vc_mem.mem_size=0x40000000  dwc_otg.lpm_enable=0 console=ttyAMA0,115200 console=tty1 root=PARTUUID=4c9
99877-02 rootfstype=ext4 elevator=deadline fsck.repair=yes rootwait
[    0.000000] Dentry cache hash table entries: 131072 (order: 8, 1048576 bytes)
[    0.000000] Inode-cache hash table entries: 65536 (order: 7, 524288 bytes)
[    0.000000] Memory: 929096K/970752K available (8700K kernel code, 1074K rwdata, 2760K rodata, 1024K init, 1126K bss, 33464K reserved, 8192K cma-reserved)
[    0.000000] SLUB: HWalign=64, Order=0-3, MinObjects=0, CPUs=4, Nodes=1
[    0.000000] ftrace: allocating 30496 entries in 120 pages
[    0.000000] rcu: Preemptible hierarchical RCU implementation.
[    0.000000] rcu:     RCU restricting CPUs from NR_CPUS=64 to nr_cpu_ids=4.
[    0.000000]  Tasks RCU enabled.
[    0.000000] rcu: Adjusting geometry for rcu_fanout_leaf=16, nr_cpu_ids=4
[    0.000000] NR_IRQS: 64, nr_irqs: 64, preallocated irqs: 0
[    0.000000] arch_timer: cp15 timer(s) running at 19.20MHz (phys).
[    0.000000] clocksource: arch_sys_counter: mask: 0xffffffffffffff max_cycles: 0x46d987e47, max_idle_ns: 440795202767 ns
[    0.000007] sched_clock: 56 bits at 19MHz, resolution 52ns, wraps every 4398046511078ns
[    0.000269] Console: colour dummy device 80x25
[    0.000935] console [tty1] enabled
[    0.001005] Calibrating delay loop (skipped), value calculated using timer frequency.. 38.40 BogoMIPS (lpj=76800)
[    0.001057] pid_max: default: 32768 minimum: 301
[    0.001490] Mount-cache hash table entries: 2048 (order: 2, 16384 bytes)
[    0.001545] Mountpoint-cache hash table entries: 2048 (order: 2, 16384 bytes)
[    0.024101] ASID allocator initialised with 32768 entries
[    0.032100] rcu: Hierarchical SRCU implementation.
[    0.040725] EFI services will not be available.
[    0.048179] smp: Bringing up secondary CPUs ...
[    0.080445] Detected VIPT I-cache on CPU1
[    0.080513] CPU1: Booted secondary processor 0x0000000001 [0x410fd034]
[    0.112571] Detected VIPT I-cache on CPU2
[    0.112619] CPU2: Booted secondary processor 0x0000000002 [0x410fd034]
[    0.144736] Detected VIPT I-cache on CPU3
[    0.144781] CPU3: Booted secondary processor 0x0000000003 [0x410fd034]
[    0.144966] smp: Brought up 1 node, 4 CPUs
[    0.145121] SMP: Total of 4 processors activated.
[    0.145155] CPU features: detected: 32-bit EL0 Support
[    0.146127] CPU: All CPU(s) started at EL2
[    0.146202] alternatives: patching kernel code
[    0.147819] devtmpfs: initialized
[    0.164003] Enabled cp15_barrier support
[    0.164070] Enabled setend support
[    0.164614] clocksource: jiffies: mask: 0xffffffff max_cycles: 0xffffffff, max_idle_ns: 7645041785100000 ns
[    0.164675] futex hash table entries: 1024 (order: 4, 65536 bytes)
[    0.165430] pinctrl core: initialized pinctrl subsystem
[    0.166319] DMI not present or invalid.
[    0.166884] NET: Registered protocol family 16
[    0.173334] cpuidle: using governor menu
[    0.173942] hw-breakpoint: found 6 breakpoint and 4 watchpoint registers.
[    0.178536] DMA: preallocated 1024 KiB pool for atomic allocations
[    0.178714] Serial: AMBA PL011 UART driver
[    0.183316] bcm2835-mbox 3f00b880.mailbox: mailbox enabled
[    0.192938] raspberrypi-firmware soc:firmware: Attached to firmware from 2020-04-15 11:43, variant start
[    0.196956] raspberrypi-firmware soc:firmware: Firmware hash is 82f9bb929ce2186eb1824178c1ae82902ad6275c
[    0.242969] bcm2835-dma 3f007000.dma: DMA legacy API manager at (____ptrval____), dmachans=0x1
[    0.246327] vgaarb: loaded
[    0.246832] SCSI subsystem initialized
[    0.247127] usbcore: registered new interface driver usbfs
[    0.247231] usbcore: registered new interface driver hub
[    0.247393] usbcore: registered new device driver usb
[    0.247568] pps_core: LinuxPPS API ver. 1 registered
[    0.247602] pps_core: Software ver. 5.3.6 - Copyright 2005-2007 Rodolfo Giometti <giometti@linux.it>
[    0.247662] PTP clock support registered
[    0.249595] clocksource: Switched to clocksource arch_sys_counter
[    0.374716] VFS: Disk quotas dquot_6.6.0
[    0.374857] VFS: Dquot-cache hash table entries: 512 (order 0, 4096 bytes)
[    0.375138] FS-Cache: Loaded
[    0.375416] CacheFiles: Loaded
[    0.387541] NET: Registered protocol family 2
[    0.388507] tcp_listen_portaddr_hash hash table entries: 512 (order: 1, 8192 bytes)
[    0.388584] TCP established hash table entries: 8192 (order: 4, 65536 bytes)
[    0.388727] TCP bind hash table entries: 8192 (order: 5, 131072 bytes)
[    0.388954] TCP: Hash tables configured (established 8192 bind 8192)
[    0.389232] UDP hash table entries: 512 (order: 2, 16384 bytes)
[    0.389310] UDP-Lite hash table entries: 512 (order: 2, 16384 bytes)
[    0.389740] NET: Registered protocol family 1
[    0.390719] RPC: Registered named UNIX socket transport module.
[    0.390756] RPC: Registered udp transport module.
[    0.390786] RPC: Registered tcp transport module.
[    0.390816] RPC: Registered tcp NFSv4.1 backchannel transport module.
[    0.393427] hw perfevents: enabled with armv8_cortex_a53 PMU driver, 7 counters available
[    0.393702] kvm [1]: 8-bit VMID
[    0.394545] kvm [1]: Hyp mode initialized successfully
[    0.399466] Initialise system trusted keyrings
[    0.399813] workingset: timestamp_bits=46 max_order=18 bucket_order=0
[    0.412162] FS-Cache: Netfs 'nfs' registered for caching
[    0.413225] NFS: Registering the id_resolver key type
[    0.413285] Key type id_resolver registered
[    0.413315] Key type id_legacy registered
[    0.413358] nfs4filelayout_init: NFSv4 File Layout Driver Registering...
[    0.421082] Key type asymmetric registered
[    0.421132] Asymmetric key parser 'x509' registered
[    0.421231] Block layer SCSI generic (bsg) driver version 0.4 loaded (major 248)
[    0.421531] io scheduler noop registered
[    0.421567] io scheduler deadline registered (default)
[    0.421931] io scheduler cfq registered
[    0.421965] io scheduler mq-deadline registered (default)
[    0.421999] io scheduler kyber registered
[    0.427860] bcm2708_fb soc:fb: FB found 1 display(s)
[    0.437545] Console: switching to colour frame buffer device 82x26
[    0.442450] bcm2708_fb soc:fb: Registered framebuffer for display 0, size 656x416
[    0.449854] Serial: 8250/16550 driver, 1 ports, IRQ sharing enabled
[    0.454338] bcm2835-rng 3f104000.rng: hwrng registered
[    0.457271] vc-mem: phys_addr:0x00000000 mem_base=0x3ec00000 mem_size:0x40000000(1024 MiB)
[    0.463105] gpiomem-bcm2835 3f200000.gpiomem: Initialised: Registers at 0x3f200000
[    0.468632] cacheinfo: Unable to detect cache hierarchy for CPU 0
[    0.486899] brd: module loaded
[    0.504951] loop: module loaded
[    0.508710] Loading iSCSI transport class v2.0-870.
[    0.514094] libphy: Fixed MDIO Bus: probed
[    0.517043] usbcore: registered new interface driver r8152
[    0.519716] usbcore: registered new interface driver lan78xx
[    0.522342] usbcore: registered new interface driver smsc95xx
[    0.525210] dwc_otg: version 3.00a 10-AUG-2012 (platform bus)
[    0.555736] dwc_otg 3f980000.usb: base=(____ptrval____)
[    0.771964] Core Release: 2.80a
[    0.774489] Setting default values for core params
[    0.777007] Finished setting default values for core params
[    0.992700] Using Buffer DMA mode
[    0.995109] Periodic Transfer Interrupt Enhancement - disabled
[    0.997526] Multiprocessor Interrupt Enhancement - disabled
[    0.999962] OTG VER PARAM: 0, OTG VER FLAG: 0
[    1.002323] Dedicated Tx FIFOs mode
[    1.005532] WARN::dwc_otg_hcd_init:1074: FIQ DMA bounce buffers: virt = ffffff80090c1000 dma = 0x00000000fad04000 len=9024
[    1.010067] FIQ FSM acceleration enabled for :
[    1.010067] Non-periodic Split Transactions
[    1.010067] Periodic Split Transactions
[    1.010067] High-Speed Isochronous Endpoints
[    1.010067] Interrupt/Control Split Transaction hack enabled
[    1.020841] WARN::hcd_init_fiq:497: MPHI regs_base at ffffff8008065000
[    1.023146] dwc_otg 3f980000.usb: DWC OTG Controller
[    1.025476] dwc_otg 3f980000.usb: new USB bus registered, assigned bus number 1
[    1.027954] dwc_otg 3f980000.usb: irq 9, io mem 0x00000000
[    1.030376] Init: Port Power? op_state=1
[    1.032699] Init: Power Port (0)
[    1.035363] usb usb1: New USB device found, idVendor=1d6b, idProduct=0002, bcdDevice= 4.19
[    1.040106] usb usb1: New USB device strings: Mfr=3, Product=2, SerialNumber=1
[    1.042716] usb usb1: Product: DWC OTG Controller
[    1.045194] usb usb1: Manufacturer: Linux 4.19.118-v8+ dwc_otg_hcd
[    1.047726] usb usb1: SerialNumber: 3f980000.usb
[    1.051001] hub 1-0:1.0: USB hub found
[    1.053497] hub 1-0:1.0: 1 port detected
[    1.057179] usbcore: registered new interface driver uas
[    1.059638] usbcore: registered new interface driver usb-storage
[    1.062216] mousedev: PS/2 mouse device common for all mice
[    1.066101] bcm2835-wdt bcm2835-wdt: Broadcom BCM2835 watchdog timer
[    1.070669] sdhci: Secure Digital Host Controller Interface driver
[    1.073105] sdhci: Copyright(c) Pierre Ossman
[    1.076228] sdhost-bcm2835 3f202000.mmc: could not get clk, deferring probe
[    1.078981] sdhci-pltfm: SDHCI platform and OF driver helper
[    1.083656] ledtrig-cpu: registered to indicate activity on CPUs
[    1.086419] hidraw: raw HID events driver (C) Jiri Kosina
[    1.089088] usbcore: registered new interface driver usbhid
[    1.091592] usbhid: USB HID core driver
[    1.095307] vchiq: vchiq_init_state: slot_zero = (____ptrval____), is_master = 0
[    1.104093] Initializing XFRM netlink socket
[    1.106597] NET: Registered protocol family 17
[    1.109106] Key type dns_resolver registered
[    1.112874] registered taskstats version 1
[    1.115238] Loading compiled-in X.509 certificates
[    1.129535] uart-pl011 3f201000.serial: cts_event_workaround enabled
[    1.132199] 3f201000.serial: ttyAMA0 at MMIO 0x3f201000 (irq = 66, base_baud = 0) is a PL011 rev2
[    2.122862] console [ttyAMA0] enabled
[    2.131112] bcm2835-power bcm2835-power: Broadcom BCM2835 power domains driver
[    2.142849] sdhost: log_buf @ (____ptrval____) (fad07000)
[    2.200399] mmc0: sdhost-bcm2835 loaded - DMA enabled (>1)
[    2.212309] of_cfs_init
[    2.217452] of_cfs_init: OK
[    2.223691] Waiting for root device PARTUUID=4c999877-02...
[    2.245894] Indeed it is in host mode hprt0 = 00021501
[    2.307940] mmc0: host does not support reading read-only switch, assuming write-enable
[    2.339157] mmc0: new high speed SDHC card at address aaaa
[    2.349461] mmcblk0: mmc0:aaaa SC16G 14.8 GiB
[    2.361952]  mmcblk0: p1 p2
[    2.366728] random: fast init done
[    2.378729] EXT4-fs (mmcblk0p2): INFO: recovery required on readonly filesystem
[    2.388662] EXT4-fs (mmcblk0p2): write access will be enabled during recovery
[    2.461683] usb 1-1: new high-speed USB device number 2 using dwc_otg
[    2.471076] Indeed it is in host mode hprt0 = 00001101
[    2.502146] EXT4-fs (mmcblk0p2): recovery complete
[    2.513915] EXT4-fs (mmcblk0p2): mounted filesystem with ordered data mode. Opts: (null)
[    2.527045] VFS: Mounted root (ext4 filesystem) readonly on device 179:2.
[    2.549025] devtmpfs: mounted
[    2.561178] Freeing unused kernel memory: 1024K
[    2.568488] Run /sbin/init as init process
[    2.690219] usb 1-1: New USB device found, idVendor=0424, idProduct=9514, bcdDevice= 2.00
[    2.703742] usb 1-1: New USB device strings: Mfr=0, Product=0, SerialNumber=0
[    2.714666] hub 1-1:1.0: USB hub found
[    2.721319] hub 1-1:1.0: 5 ports detected
[    3.017671] usb 1-1.1: new high-speed USB device number 3 using dwc_otg
[    3.126212] usb 1-1.1: New USB device found, idVendor=0424, idProduct=ec00, bcdDevice= 2.00
[    3.139967] usb 1-1.1: New USB device strings: Mfr=0, Product=0, SerialNumber=0
[    3.153368] smsc95xx v1.0.6
[    3.228040] smsc95xx 1-1.1:1.0 eth0: register 'smsc95xx' at usb-3f980000.usb-1.1, smsc95xx USB 2.0 Ethernet, b8:27:eb:6d:27:bc
[    3.326198] systemd[1]: System time before build time, advancing clock.
[    3.515188] NET: Registered protocol family 10
[    3.524371] Segment Routing with IPv6
[    3.594510] systemd[1]: systemd 241 running in system mode. (+PAM +AUDIT +SELINUX +IMA +APPARMOR +SMACK +SYSVINIT +UTMP +LIBCRYPTSETUP +GCRYPT +GNUTLS +ACL +XZ +LZ4 +SECCOMP +
BLKID +ELFUTILS +KMOD -IDN2 +IDN -PCRE2 default-hierarchy=hybrid)
[    3.626173] systemd[1]: Detected architecture arm64.
[    3.655927] systemd[1]: Set hostname to <raspberrypi>.
[    3.696301] random: crng init done
[    3.820336] uart-pl011 3f201000.serial: no DMA platform data
[    4.673311] systemd[1]: Set up automount Arbitrary Executable File Formats File System Automount Point.
[    4.693518] systemd[1]: Started Forward Password Requests to Wall Directory Watch.
[    4.715361] systemd[1]: Created slice User and Session Slice.
[   57.913574] ------------[ cut here ]------------
[   57.919099] DEBUG_LOCKS_WARN_ON((val < PREEMPT_MASK) && !(preempt_count() & PREEMPT_MASK))
[   57.919124] WARNING: CPU: 0 PID: 498 at kernel/sched/core.c:3266 preempt_count_sub+0xc4/0xd0
[   57.939664] Modules linked in: cfg80211 rfkill 8021q garp stp llc binfmt_misc bcm2835_codec(C) bcm2835_v4l2(C) v4l2_mem2mem raspberrypi_hwmon bcm2835_mmal_vchiq(C) hwmon v4l2_
common videobuf2_vmalloc videobuf2_dma_contig videobuf2_memops videobuf2_v4l2 videobuf2_common videodev media vc_sm_cma(C) uio_pdrv_genirq uio ip_tables x_tables ipv6
[   57.975624] CPU: 0 PID: 498 Comm: test Tainted: G         C        4.19.118-v8+ #1311
[   57.986013] Hardware name: Raspberry Pi 3 Model B Rev 1.2 (DT)
[   57.993210] pstate: 60000085 (nZCv daIf -PAN -UAO)
[   57.999382] pc : preempt_count_sub+0xc4/0xd0
[   58.005035] lr : preempt_count_sub+0xc4/0xd0
[   58.010669] sp : ffffff8008003da0
[   58.015328] x29: ffffff8008003da0 x28: 0000000000000007 
[   58.022003] x27: ffffff8008cac018 x26: 0000000000000080 
[   58.028662] x25: ffffff8008cac018 x24: ffffff8008cc86d8 
[   58.035308] x23: ffffff80081685d0 x22: 0000000000007018 
[   58.041933] x21: 0000000d575f4e80 x20: ffffff8008df98c0 
[   58.048528] x19: 0000000000000001 x18: ffffff8009909dd8 
[   58.055063] x17: 0000000000000000 x16: 0000000000000000 
[   58.061546] x15: 0000000000000a40 x14: 5f54504d45455250 
[   58.067976] x13: 2026202928746e75 x12: 6f635f74706d6565 
[   58.074360] x11: 7270282120262620 x10: 294b53414d5f5450 
[   58.080703] x9 : 4d45455250203c20 x8 : 6c617628284e4f5f 
[   58.087000] x7 : 4e5241575f534b43 x6 : ffffff8008dd6176 
[   58.093256] x5 : 0000000000000015 x4 : 0000000000000000 
[   58.099469] x3 : 0000000000000000 x2 : 0000004031ec6000 
[   58.105633] x1 : 5c12174d01c22c00 x0 : 0000000000000000 
[   58.111766] Call trace:
[   58.114982]  preempt_count_sub+0xc4/0xd0
[   58.119671]  _raw_spin_unlock_irqrestore+0x38/0x88
[   58.125238]  tick_sched_timer+0x3c/0xb0
[   58.129871]  __hrtimer_run_queues+0x118/0x380
[   58.135031]  hrtimer_interrupt+0xf8/0x258
[   58.139850]  arch_timer_handler_phys+0x3c/0x50
[   58.145128]  handle_percpu_devid_irq+0xa4/0x2a0
[   58.150504]  generic_handle_irq+0x34/0x50
[   58.155360]  __handle_domain_irq+0x8c/0x100
[   58.160392]  bcm2836_arm_irqchip_handle_irq+0x68/0xd8
[   58.166319]  el0_irq_naked+0x50/0x5c
[   58.170770] ---[ end trace 7125fe6d17cb51f7 ]---
[   58.176300] Unable to handle kernel paging request at virtual address 0000000d575f4f88
[   58.186119] Mem abort info:
[   58.189853]   ESR = 0x96000005
[   58.193838]   Exception class = DABT (current EL), IL = 32 bits
[   58.200733]   SET = 0, FnV = 0
[   58.204764]   EA = 0, S1PTW = 0
[   58.208871] Data abort info:
[   58.212694]   ISV = 0, ISS = 0x00000005
[   58.217506]   CM = 0, WnR = 0
[   58.221408] [0000000d575f4f88] address between user and kernel address ranges
[   58.229557] Internal error: Oops: 96000005 [#1] PREEMPT SMP
[   58.236156] Modules linked in: cfg80211 rfkill 8021q garp stp llc binfmt_misc bcm2835_codec(C) bcm2835_v4l2(C) v4l2_mem2mem raspberrypi_hwmon bcm2835_mmal_vchiq(C) hwmon v4l2_
common videobuf2_vmalloc videobuf2_dma_contig videobuf2_memops videobuf2_v4l2 videobuf2_common videodev media vc_sm_cma(C) uio_pdrv_genirq uio ip_tables x_tables ipv6
[   58.272069] Process test (pid: 498, stack limit = 0x00000000e167fa7f)
[   58.279795] CPU: 0 PID: 498 Comm: test Tainted: G        WC        4.19.118-v8+ #1311
[   58.290195] Hardware name: Raspberry Pi 3 Model B Rev 1.2 (DT)
[   58.297347] pstate: 80000085 (Nzcv daIf -PAN -UAO)
[   58.303417] pc : tick_sched_handle.isra.5+0x34/0x68
[   58.309591] lr : tick_sched_timer+0x5c/0xb0
[   58.315067] sp : ffffff8008003dc0
[   58.319642] x29: ffffff8008003dc0 x28: 0000000000000007 
[   58.326222] x27: ffffff8008cac018 x26: 0000000000000080 
[   58.332798] x25: ffffff8008cac018 x24: ffffff8008cc86d8 
[   58.339369] x23: ffffff80081685d0 x22: 0000000000007018 
[   58.345939] x21: 0000000d575f4e80 x20: 0000000d575f4f88 
[   58.352512] x19: ffffffc03ab7ac78 x18: ffffff8009909dd8 
[   58.359060] x17: 0000000000000000 x16: 0000000000000000 
[   58.365576] x15: 0000000000000a40 x14: 5f54504d45455250 
[   58.372042] x13: 2026202928746e75 x12: 6f635f74706d6565 
[   58.378468] x11: 7270282120262620 x10: 294b53414d5f5450 
[   58.384853] x9 : 4d45455250203c20 x8 : 6c617628284e4f5f 
[   58.391191] x7 : 4e5241575f534b43 x6 : ffffff8008dd6176 
[   58.397489] x5 : 0000000000000015 x4 : 0000004031ec6000 
[   58.403754] x3 : 0000000000010000 x2 : ffffff8008cc8000 
[   58.409974] x1 : 0000000d575f4f88 x0 : 0000000000000010 
[   58.416160] Call trace:
[   58.419428]  tick_sched_handle.isra.5+0x34/0x68
[   58.424794]  tick_sched_timer+0x5c/0xb0
[   58.429441]  __hrtimer_run_queues+0x118/0x380
[   58.434624]  hrtimer_interrupt+0xf8/0x258
[   58.439457]  arch_timer_handler_phys+0x3c/0x50
[   58.444742]  handle_percpu_devid_irq+0xa4/0x2a0
[   58.450127]  generic_handle_irq+0x34/0x50
[   58.454999]  __handle_domain_irq+0x8c/0x100
[   58.460057]  bcm2836_arm_irqchip_handle_irq+0x68/0xd8
[   58.466008]  el0_irq_naked+0x50/0x5c
[   58.470464] Code: d5384100 b9402c00 37080160 f9002e7f (f9400280) 
[   58.477493] ---[ end trace 7125fe6d17cb51f8 ]---
[   58.483057] Kernel panic - not syncing: Fatal exception in interrupt
[   58.490399] SMP: stopping secondary CPUs
[   58.495303] Kernel Offset: disabled
[   58.499758] CPU features: 0x0,24002004
[   58.504462] Memory Limit: none
[   58.508464] ---[ end Kernel panic - not syncing: Fatal exception in interrupt ]---
