[    0.000000] Booting Linux on physical CPU 0x0000000000 [0x410fd034]
[    0.000000] Linux version 4.19.118-v8+ (dom@buildbot) (gcc version 5.4.0 20160609 (Ubuntu/Linaro 5.4.0-6ubuntu1~16.04.9)) #1311 SMP PREEMPT Mon Apr 27 14:32:38 BST 2020
[    0.000000] Machine model: Raspberry Pi 3 Model B Rev 1.2
[    0.000000] efi: Getting EFI parameters from FDT:
[    0.000000] efi: UEFI not found.
[    0.000000] cma: Reserved 8 MiB at 0x000000003ac00000
[    0.000000] random: get_random_bytes called from start_kernel+0xb8/0x47c with crng_init=0
[    0.000000] percpu: Embedded 24 pages/cpu s58840 r8192 d31272 u98304
[    0.000000] Detected VIPT I-cache on CPU0
[    0.000000] CPU features: enabling workaround for ARM erratum 843419
[    0.000000] CPU features: enabling workaround for ARM erratum 845719
[    0.000000] Built 1 zonelists, mobility grouping on.  Total pages: 238896
[    0.000000] Kernel command line: coherent_pool=1M 8250.nr_uarts=1 snd_bcm2835.enable_compat_alsa=0 snd_bcm2835.enable_hdmi=1 snd_bcm2835.enable_headphones=1 bcm2708_fb.fbwidth
=656 bcm2708_fb.fbheight=416 bcm2708_fb.fbswap=1 vc_mem.mem_base=0x3ec00000 vc_mem.mem_size=0x40000000  dwc_otg.lpm_enable=0 console=ttyAMA0,115200 console=tty1 root=PARTUUID=4c9
99877-02 rootfstype=ext4 elevator=deadline fsck.repair=yes rootwait
[    0.000000] Dentry cache hash table entries: 131072 (order: 8, 1048576 bytes)
[    0.000000] Inode-cache hash table entries: 65536 (order: 7, 524288 bytes)
[    0.000000] Memory: 929096K/970752K available (8700K kernel code, 1074K rwdata, 2760K rodata, 1024K init, 1126K bss, 33464K reserved, 8192K cma-reserved)
[    0.000000] SLUB: HWalign=64, Order=0-3, MinObjects=0, CPUs=4, Nodes=1
[    0.000000] ftrace: allocating 30496 entries in 120 pages
[    0.000000] rcu: Preemptible hierarchical RCU implementation.
[    0.000000] rcu:     RCU restricting CPUs from NR_CPUS=64 to nr_cpu_ids=4.
[    0.000000]  Tasks RCU enabled.
[    0.000000] rcu: Adjusting geometry for rcu_fanout_leaf=16, nr_cpu_ids=4
[    0.000000] NR_IRQS: 64, nr_irqs: 64, preallocated irqs: 0
[    0.000000] arch_timer: cp15 timer(s) running at 19.20MHz (phys).
[    0.000000] clocksource: arch_sys_counter: mask: 0xffffffffffffff max_cycles: 0x46d987e47, max_idle_ns: 440795202767 ns
[    0.000007] sched_clock: 56 bits at 19MHz, resolution 52ns, wraps every 4398046511078ns
[    0.000271] Console: colour dummy device 80x25
[    0.000936] console [tty1] enabled
[    0.001007] Calibrating delay loop (skipped), value calculated using timer frequency.. 38.40 BogoMIPS (lpj=76800)
[    0.001059] pid_max: default: 32768 minimum: 301
[    0.001492] Mount-cache hash table entries: 2048 (order: 2, 16384 bytes)
[    0.001548] Mountpoint-cache hash table entries: 2048 (order: 2, 16384 bytes)
[    0.024105] ASID allocator initialised with 32768 entries
[    0.032101] rcu: Hierarchical SRCU implementation.
[    0.040737] EFI services will not be available.
[    0.048178] smp: Bringing up secondary CPUs ...
[    0.080445] Detected VIPT I-cache on CPU1
[    0.080514] CPU1: Booted secondary processor 0x0000000001 [0x410fd034]
[    0.112571] Detected VIPT I-cache on CPU2
[    0.112619] CPU2: Booted secondary processor 0x0000000002 [0x410fd034]
[    0.144736] Detected VIPT I-cache on CPU3
[    0.144781] CPU3: Booted secondary processor 0x0000000003 [0x410fd034]
[    0.144966] smp: Brought up 1 node, 4 CPUs
[    0.145120] SMP: Total of 4 processors activated.
[    0.145154] CPU features: detected: 32-bit EL0 Support
[    0.146128] CPU: All CPU(s) started at EL2
[    0.146203] alternatives: patching kernel code
[    0.147817] devtmpfs: initialized
[    0.164014] Enabled cp15_barrier support
[    0.164081] Enabled setend support
[    0.164625] clocksource: jiffies: mask: 0xffffffff max_cycles: 0xffffffff, max_idle_ns: 7645041785100000 ns
[    0.164686] futex hash table entries: 1024 (order: 4, 65536 bytes)
[    0.165440] pinctrl core: initialized pinctrl subsystem
[    0.166333] DMI not present or invalid.
[    0.166902] NET: Registered protocol family 16
[    0.173367] cpuidle: using governor menu
[    0.173981] hw-breakpoint: found 6 breakpoint and 4 watchpoint registers.
[    0.178600] DMA: preallocated 1024 KiB pool for atomic allocations
[    0.178782] Serial: AMBA PL011 UART driver
[    0.183377] bcm2835-mbox 3f00b880.mailbox: mailbox enabled
[    0.192950] raspberrypi-firmware soc:firmware: Attached to firmware from 2020-04-15 11:43, variant start
[    0.196968] raspberrypi-firmware soc:firmware: Firmware hash is 82f9bb929ce2186eb1824178c1ae82902ad6275c
[    0.245821] bcm2835-dma 3f007000.dma: DMA legacy API manager at (____ptrval____), dmachans=0x1
[    0.249130] vgaarb: loaded
[    0.249724] SCSI subsystem initialized
[    0.250020] usbcore: registered new interface driver usbfs
[    0.250125] usbcore: registered new interface driver hub
[    0.250288] usbcore: registered new device driver usb
[    0.250466] pps_core: LinuxPPS API ver. 1 registered
[    0.250500] pps_core: Software ver. 5.3.6 - Copyright 2005-2007 Rodolfo Giometti <giometti@linux.it>
[    0.250559] PTP clock support registered
[    0.252373] clocksource: Switched to clocksource arch_sys_counter
[    0.377482] VFS: Disk quotas dquot_6.6.0
[    0.377623] VFS: Dquot-cache hash table entries: 512 (order 0, 4096 bytes)
[    0.377904] FS-Cache: Loaded
[    0.378189] CacheFiles: Loaded
[    0.390326] NET: Registered protocol family 2
[    0.391292] tcp_listen_portaddr_hash hash table entries: 512 (order: 1, 8192 bytes)
[    0.391368] TCP established hash table entries: 8192 (order: 4, 65536 bytes)
[    0.391511] TCP bind hash table entries: 8192 (order: 5, 131072 bytes)
[    0.391738] TCP: Hash tables configured (established 8192 bind 8192)
[    0.392023] UDP hash table entries: 512 (order: 2, 16384 bytes)
[    0.392100] UDP-Lite hash table entries: 512 (order: 2, 16384 bytes)
[    0.392532] NET: Registered protocol family 1
[    0.393543] RPC: Registered named UNIX socket transport module.
[    0.393580] RPC: Registered udp transport module.
[    0.393610] RPC: Registered tcp transport module.
[    0.393640] RPC: Registered tcp NFSv4.1 backchannel transport module.
[    0.396238] hw perfevents: enabled with armv8_cortex_a53 PMU driver, 7 counters available
[    0.396514] kvm [1]: 8-bit VMID
[    0.397359] kvm [1]: Hyp mode initialized successfully
[    0.402286] Initialise system trusted keyrings
[    0.402631] workingset: timestamp_bits=46 max_order=18 bucket_order=0
[    0.414985] FS-Cache: Netfs 'nfs' registered for caching
[    0.416049] NFS: Registering the id_resolver key type
[    0.416119] Key type id_resolver registered
[    0.416150] Key type id_legacy registered
[    0.416192] nfs4filelayout_init: NFSv4 File Layout Driver Registering...
[    0.423992] Key type asymmetric registered
[    0.424041] Asymmetric key parser 'x509' registered
[    0.424136] Block layer SCSI generic (bsg) driver version 0.4 loaded (major 248)
[    0.424472] io scheduler noop registered
[    0.424506] io scheduler deadline registered (default)
[    0.424764] io scheduler cfq registered
[    0.424798] io scheduler mq-deadline registered (default)
[    0.424831] io scheduler kyber registered
[    0.431277] bcm2708_fb soc:fb: FB found 1 display(s)
[    0.440817] Console: switching to colour frame buffer device 82x26
[    0.445684] bcm2708_fb soc:fb: Registered framebuffer for display 0, size 656x416
[    0.453130] Serial: 8250/16550 driver, 1 ports, IRQ sharing enabled
[    0.457651] bcm2835-rng 3f104000.rng: hwrng registered
[    0.460644] vc-mem: phys_addr:0x00000000 mem_base=0x3ec00000 mem_size:0x40000000(1024 MiB)
[    0.466497] gpiomem-bcm2835 3f200000.gpiomem: Initialised: Registers at 0x3f200000
[    0.472027] cacheinfo: Unable to detect cache hierarchy for CPU 0
[    0.491037] brd: module loaded
[    0.509088] loop: module loaded
[    0.512826] Loading iSCSI transport class v2.0-870.
[    0.518148] libphy: Fixed MDIO Bus: probed
[    0.521108] usbcore: registered new interface driver r8152
[    0.523728] usbcore: registered new interface driver lan78xx
[    0.526357] usbcore: registered new interface driver smsc95xx
[    0.529236] dwc_otg: version 3.00a 10-AUG-2012 (platform bus)
[    0.559749] dwc_otg 3f980000.usb: base=(____ptrval____)
[    0.775783] Core Release: 2.80a
[    0.778302] Setting default values for core params
[    0.780836] Finished setting default values for core params
[    0.996109] Using Buffer DMA mode
[    0.998513] Periodic Transfer Interrupt Enhancement - disabled
[    1.000953] Multiprocessor Interrupt Enhancement - disabled
[    1.003353] OTG VER PARAM: 0, OTG VER FLAG: 0
[    1.005706] Dedicated Tx FIFOs mode
[    1.008884] WARN::dwc_otg_hcd_init:1074: FIQ DMA bounce buffers: virt = ffffff80090c1000 dma = 0x00000000fad04000 len=9024
[    1.013384] FIQ FSM acceleration enabled for :
[    1.013384] Non-periodic Split Transactions
[    1.013384] Periodic Split Transactions
[    1.013384] High-Speed Isochronous Endpoints
[    1.013384] Interrupt/Control Split Transaction hack enabled
[    1.024115] WARN::hcd_init_fiq:497: MPHI regs_base at ffffff8008065000
[    1.026418] dwc_otg 3f980000.usb: DWC OTG Controller
[    1.028775] dwc_otg 3f980000.usb: new USB bus registered, assigned bus number 1
[    1.031226] dwc_otg 3f980000.usb: irq 9, io mem 0x00000000
[    1.033660] Init: Port Power? op_state=1
[    1.035981] Init: Power Port (0)
[    1.038650] usb usb1: New USB device found, idVendor=1d6b, idProduct=0002, bcdDevice= 4.19
[    1.043396] usb usb1: New USB device strings: Mfr=3, Product=2, SerialNumber=1
[    1.045955] usb usb1: Product: DWC OTG Controller
[    1.048462] usb usb1: Manufacturer: Linux 4.19.118-v8+ dwc_otg_hcd
[    1.050960] usb usb1: SerialNumber: 3f980000.usb
[    1.054253] hub 1-0:1.0: USB hub found
[    1.056793] hub 1-0:1.0: 1 port detected
[    1.060349] usbcore: registered new interface driver uas
[    1.062810] usbcore: registered new interface driver usb-storage
[    1.065371] mousedev: PS/2 mouse device common for all mice
[    1.069279] bcm2835-wdt bcm2835-wdt: Broadcom BCM2835 watchdog timer
[    1.073869] sdhci: Secure Digital Host Controller Interface driver
[    1.076306] sdhci: Copyright(c) Pierre Ossman
[    1.079419] sdhost-bcm2835 3f202000.mmc: could not get clk, deferring probe
[    1.082177] sdhci-pltfm: SDHCI platform and OF driver helper
[    1.086814] ledtrig-cpu: registered to indicate activity on CPUs
[    1.089572] hidraw: raw HID events driver (C) Jiri Kosina
[    1.092238] usbcore: registered new interface driver usbhid
[    1.094743] usbhid: USB HID core driver
[    1.098472] vchiq: vchiq_init_state: slot_zero = (____ptrval____), is_master = 0
[    1.107348] Initializing XFRM netlink socket
[    1.109838] NET: Registered protocol family 17
[    1.112333] Key type dns_resolver registered
[    1.116096] registered taskstats version 1
[    1.118446] Loading compiled-in X.509 certificates
[    1.132754] uart-pl011 3f201000.serial: cts_event_workaround enabled
[    1.135346] 3f201000.serial: ttyAMA0 at MMIO 0x3f201000 (irq = 66, base_baud = 0) is a PL011 rev2
[    2.126070] console [ttyAMA0] enabled
[    2.134395] bcm2835-power bcm2835-power: Broadcom BCM2835 power domains driver
[    2.146341] sdhost: log_buf @ (____ptrval____) (fad07000)
[    2.203519] mmc0: sdhost-bcm2835 loaded - DMA enabled (>1)
[    2.215594] of_cfs_init
[    2.220738] of_cfs_init: OK
[    2.226828] Waiting for root device PARTUUID=4c999877-02...
[    2.248573] Indeed it is in host mode hprt0 = 00021501
[    2.310726] mmc0: host does not support reading read-only switch, assuming write-enable
[    2.341960] mmc0: new high speed SDHC card at address aaaa
[    2.352129] mmcblk0: mmc0:aaaa SC16G 14.8 GiB
[    2.354603] random: fast init done
[    2.370533]  mmcblk0: p1 p2
[    2.397307] EXT4-fs (mmcblk0p2): INFO: recovery required on readonly filesystem
[    2.407250] EXT4-fs (mmcblk0p2): write access will be enabled during recovery
[    2.464478] usb 1-1: new high-speed USB device number 2 using dwc_otg
[    2.473858] Indeed it is in host mode hprt0 = 00001101
[    2.530485] EXT4-fs (mmcblk0p2): recovery complete
[    2.542080] EXT4-fs (mmcblk0p2): mounted filesystem with ordered data mode. Opts: (null)
[    2.555277] VFS: Mounted root (ext4 filesystem) readonly on device 179:2.
[    2.577500] devtmpfs: mounted
[    2.589711] Freeing unused kernel memory: 1024K
[    2.596970] Run /sbin/init as init process
[    2.692983] usb 1-1: New USB device found, idVendor=0424, idProduct=9514, bcdDevice= 2.00
[    2.706581] usb 1-1: New USB device strings: Mfr=0, Product=0, SerialNumber=0
[    2.717545] hub 1-1:1.0: USB hub found
[    2.724262] hub 1-1:1.0: 5 ports detected
[    3.020449] usb 1-1.1: new high-speed USB device number 3 using dwc_otg
[    3.128948] usb 1-1.1: New USB device found, idVendor=0424, idProduct=ec00, bcdDevice= 2.00
[    3.142727] usb 1-1.1: New USB device strings: Mfr=0, Product=0, SerialNumber=0
[    3.156017] smsc95xx v1.0.6
[    3.231039] smsc95xx 1-1.1:1.0 eth0: register 'smsc95xx' at usb-3f980000.usb-1.1, smsc95xx USB 2.0 Ethernet, b8:27:eb:6d:27:bc
[    3.361108] systemd[1]: System time before build time, advancing clock.
[    3.547908] NET: Registered protocol family 10
[    3.557195] Segment Routing with IPv6
[    3.626899] systemd[1]: systemd 241 running in system mode. (+PAM +AUDIT +SELINUX +IMA +APPARMOR +SMACK +SYSVINIT +UTMP +LIBCRYPTSETUP +GCRYPT +GNUTLS +ACL +XZ +LZ4 +SECCOMP +
BLKID +ELFUTILS +KMOD -IDN2 +IDN -PCRE2 default-hierarchy=hybrid)
[    3.658449] systemd[1]: Detected architecture arm64.
[    3.674236] random: crng init done
[    3.694467] systemd[1]: Set hostname to <raspberrypi>.
[    3.915640] uart-pl011 3f201000.serial: no DMA platform data
[    4.719007] systemd[1]: Created slice User and Session Slice.
[    4.732725] systemd[1]: Listening on Journal Socket (/dev/log).
[    4.745848] systemd[1]: Started Forward Password Requests to Wall Directory Watch.
[   64.000370] Unable to handle kernel paging request at virtual address 0000000000007bfa
[   64.010064] Mem abort info:
[   64.013724]   ESR = 0x96000021
[   64.017655]   Exception class = DABT (current EL), IL = 32 bits
[   64.024499]   SET = 0, FnV = 0
[   64.028462]   EA = 0, S1PTW = 0
[   64.032501] Data abort info:
[   64.036260]   ISV = 0, ISS = 0x00000021
[   64.040971]   CM = 0, WnR = 0
[   64.044791] user pgtable: 4k pages, 39-bit VAs, pgdp = 0000000047a59552
[   64.052334] [0000000000007bfa] pgd=0000000034731003, pud=0000000034731003, pmd=000000003351c003, pte=0000000000000000
[   64.064932] Internal error: Oops: 96000021 [#1] PREEMPT SMP
[   64.071564] Modules linked in: cfg80211 rfkill 8021q garp stp llc binfmt_misc bcm2835_codec(C) bcm2835_v4l2(C) v4l2_mem2mem raspberrypi_hwmon v4l2_common bcm2835_mmal_vchiq(C)
 hwmon videobuf2_vmalloc videobuf2_dma_contig videobuf2_memops videobuf2_v4l2 videobuf2_common videodev vc_sm_cma(C) media uio_pdrv_genirq uio ip_tables x_tables ipv6
[   64.107693] Process test (pid: 495, stack limit = 0x000000006c958083)
[   64.115467] CPU: 1 PID: 495 Comm: test Tainted: G         C        4.19.118-v8+ #1311
[   64.125870] Hardware name: Raspberry Pi 3 Model B Rev 1.2 (DT)
[   64.133040] pstate: 80000085 (Nzcv daIf -PAN -UAO)
[   64.139195] pc : __ll_sc___cmpxchg_case_acq_4+0x4/0x20
[   64.145692] lr : _raw_spin_lock_irq+0x38/0x68
[   64.151381] sp : ffffff800800bda0
[   64.156032] x29: ffffff800800bda0 x28: 0000000000000001 
[   64.162715] x27: ffffff8008cac018 x26: 0000000000000080 
[   64.169379] x25: ffffff8008cac018 x24: ffffff8008cc86d8 
[   64.176038] x23: 0000000000000001 x22: 0000000000007bfa 
[   64.182674] x21: 0000000ec603c943 x20: ffffff8008df98c0 
[   64.189273] x19: 0000000000007bfa x18: 0000000000000000 
[   64.195827] x17: 0000000000000000 x16: 0000000000000000 
[   64.202330] x15: 0000000000000000 x14: 0000000000000008 
[   64.208773] x13: 00000000000001ff x12: 003d090000000000 
[   64.215147] x11: 0000000000000000 x10: 00000000000001ff 
[   64.221456] x9 : ffffff8008911b08 x8 : ffffff8008cb9ec0 
[   64.227725] x7 : 0000000000000020 x6 : ffffff8008911b0c 
[   64.233943] x5 : 7fffffffffffffff x4 : 0000000ee6757700 
[   64.240131] x3 : 0000000000000000 x2 : 0000000000000001 
[   64.246281] x1 : 0000000000000000 x0 : 0000000000007bfa 
[   64.252376] Call trace:
[   64.255556]  __ll_sc___cmpxchg_case_acq_4+0x4/0x20
[   64.261102]  __hrtimer_run_queues+0x128/0x380
[   64.266200]  tick_sched_timer+0x3c/0xb0
[   64.270763]  __hrtimer_run_queues+0x118/0x380
[   64.275856]  hrtimer_interrupt+0xf8/0x258
[   64.280607]  arch_timer_handler_phys+0x3c/0x50
[   64.285817]  handle_percpu_devid_irq+0xa4/0x2a0
[   64.291127]  generic_handle_irq+0x34/0x50
[   64.295905]  __handle_domain_irq+0x8c/0x100
[   64.300862]  bcm2836_arm_irqchip_handle_irq+0x68/0xd8
[   64.306714]  el0_irq_naked+0x50/0x5c
[   64.311104] Code: 35ffff91 aa1003e0 d65f03c0 f9800011 (885ffc10) 
[   64.318094] ---[ end trace a7a4dd77f4f8c25e ]---
[   64.323625] Kernel panic - not syncing: Fatal exception in interrupt
[   64.330959] SMP: stopping secondary CPUs
[   64.335849] Kernel Offset: disabled
[   64.340301] CPU features: 0x0,24002004
[   64.345005] Memory Limit: none
[   64.349009] ---[ end Kernel panic - not syncing: Fatal exception in interrupt ]---
