[    0.000000] Booting Linux on physical CPU 0x0000000000 [0x410fd034]
[    0.000000] Linux version 4.19.118-v8+ (dom@buildbot) (gcc version 5.4.0 20160609 (Ubuntu/Linaro 5.4.0-6ubuntu1~16.04.9)) #1311 SMP PREEMPT Mon Apr 27 14:32:38 BST 2020
[    0.000000] Machine model: Raspberry Pi 3 Model B Rev 1.2
[    0.000000] efi: Getting EFI parameters from FDT:
[    0.000000] efi: UEFI not found.
[    0.000000] cma: Reserved 8 MiB at 0x000000003ac00000
[    0.000000] random: get_random_bytes called from start_kernel+0xb8/0x47c with crng_init=0
[    0.000000] percpu: Embedded 24 pages/cpu s58840 r8192 d31272 u98304
[    0.000000] Detected VIPT I-cache on CPU0
[    0.000000] CPU features: enabling workaround for ARM erratum 843419
[    0.000000] CPU features: enabling workaround for ARM erratum 845719
[    0.000000] Built 1 zonelists, mobility grouping on.  Total pages: 238896
[    0.000000] Kernel command line: coherent_pool=1M 8250.nr_uarts=1 snd_bcm2835.enable_compat_alsa=0 snd_bcm2835.enable_hdmi=1 snd_bcm2835.enable_headphones=1 bcm2708_fb.fbwidth
=656 bcm2708_fb.fbheight=416 bcm2708_fb.fbswap=1 vc_mem.mem_base=0x3ec00000 vc_mem.mem_size=0x40000000  dwc_otg.lpm_enable=0 console=ttyAMA0,115200 console=tty1 root=PARTUUID=4c9
99877-02 rootfstype=ext4 elevator=deadline fsck.repair=yes rootwait
[    0.000000] Dentry cache hash table entries: 131072 (order: 8, 1048576 bytes)
[    0.000000] Inode-cache hash table entries: 65536 (order: 7, 524288 bytes)
[    0.000000] Memory: 929096K/970752K available (8700K kernel code, 1074K rwdata, 2760K rodata, 1024K init, 1126K bss, 33464K reserved, 8192K cma-reserved)
[    0.000000] SLUB: HWalign=64, Order=0-3, MinObjects=0, CPUs=4, Nodes=1
[    0.000000] ftrace: allocating 30496 entries in 120 pages
[    0.000000] rcu: Preemptible hierarchical RCU implementation.
[    0.000000] rcu:     RCU restricting CPUs from NR_CPUS=64 to nr_cpu_ids=4.
[    0.000000]  Tasks RCU enabled.
[    0.000000] rcu: Adjusting geometry for rcu_fanout_leaf=16, nr_cpu_ids=4
[    0.000000] NR_IRQS: 64, nr_irqs: 64, preallocated irqs: 0
[    0.000000] arch_timer: cp15 timer(s) running at 19.20MHz (phys).
[    0.000000] clocksource: arch_sys_counter: mask: 0xffffffffffffff max_cycles: 0x46d987e47, max_idle_ns: 440795202767 ns
[    0.000008] sched_clock: 56 bits at 19MHz, resolution 52ns, wraps every 4398046511078ns
[    0.000271] Console: colour dummy device 80x25
[    0.000936] console [tty1] enabled
[    0.001006] Calibrating delay loop (skipped), value calculated using timer frequency.. 38.40 BogoMIPS (lpj=76800)
[    0.001058] pid_max: default: 32768 minimum: 301
[    0.001489] Mount-cache hash table entries: 2048 (order: 2, 16384 bytes)
[    0.001544] Mountpoint-cache hash table entries: 2048 (order: 2, 16384 bytes)
[    0.024105] ASID allocator initialised with 32768 entries
[    0.032102] rcu: Hierarchical SRCU implementation.
[    0.040739] EFI services will not be available.
[    0.048179] smp: Bringing up secondary CPUs ...
[    0.080447] Detected VIPT I-cache on CPU1
[    0.080515] CPU1: Booted secondary processor 0x0000000001 [0x410fd034]
[    0.112575] Detected VIPT I-cache on CPU2
[    0.112623] CPU2: Booted secondary processor 0x0000000002 [0x410fd034]
[    0.144738] Detected VIPT I-cache on CPU3
[    0.144784] CPU3: Booted secondary processor 0x0000000003 [0x410fd034]
[    0.144968] smp: Brought up 1 node, 4 CPUs
[    0.145121] SMP: Total of 4 processors activated.
[    0.145156] CPU features: detected: 32-bit EL0 Support
[    0.146131] CPU: All CPU(s) started at EL2
[    0.146205] alternatives: patching kernel code
[    0.147826] devtmpfs: initialized
[    0.164020] Enabled cp15_barrier support
[    0.164088] Enabled setend support
[    0.164626] clocksource: jiffies: mask: 0xffffffff max_cycles: 0xffffffff, max_idle_ns: 7645041785100000 ns
[    0.164687] futex hash table entries: 1024 (order: 4, 65536 bytes)
[    0.165433] pinctrl core: initialized pinctrl subsystem
[    0.166326] DMI not present or invalid.
[    0.166892] NET: Registered protocol family 16
[    0.173347] cpuidle: using governor menu
[    0.173957] hw-breakpoint: found 6 breakpoint and 4 watchpoint registers.
[    0.178534] DMA: preallocated 1024 KiB pool for atomic allocations
[    0.178712] Serial: AMBA PL011 UART driver
[    0.183300] bcm2835-mbox 3f00b880.mailbox: mailbox enabled
[    0.192949] raspberrypi-firmware soc:firmware: Attached to firmware from 2020-04-15 11:43, variant start
[    0.196968] raspberrypi-firmware soc:firmware: Firmware hash is 82f9bb929ce2186eb1824178c1ae82902ad6275c
[    0.249908] bcm2835-dma 3f007000.dma: DMA legacy API manager at (____ptrval____), dmachans=0x1
[    0.253258] vgaarb: loaded
[    0.253760] SCSI subsystem initialized
[    0.254058] usbcore: registered new interface driver usbfs
[    0.254163] usbcore: registered new interface driver hub
[    0.254326] usbcore: registered new device driver usb
[    0.254502] pps_core: LinuxPPS API ver. 1 registered
[    0.254535] pps_core: Software ver. 5.3.6 - Copyright 2005-2007 Rodolfo Giometti <giometti@linux.it>
[    0.254595] PTP clock support registered
[    0.256438] clocksource: Switched to clocksource arch_sys_counter
[    0.381720] VFS: Disk quotas dquot_6.6.0
[    0.381861] VFS: Dquot-cache hash table entries: 512 (order 0, 4096 bytes)
[    0.382142] FS-Cache: Loaded
[    0.382418] CacheFiles: Loaded
[    0.394475] NET: Registered protocol family 2
[    0.395439] tcp_listen_portaddr_hash hash table entries: 512 (order: 1, 8192 bytes)
[    0.395515] TCP established hash table entries: 8192 (order: 4, 65536 bytes)
[    0.395659] TCP bind hash table entries: 8192 (order: 5, 131072 bytes)
[    0.395887] TCP: Hash tables configured (established 8192 bind 8192)
[    0.396171] UDP hash table entries: 512 (order: 2, 16384 bytes)
[    0.396248] UDP-Lite hash table entries: 512 (order: 2, 16384 bytes)
[    0.396679] NET: Registered protocol family 1
[    0.397658] RPC: Registered named UNIX socket transport module.
[    0.397695] RPC: Registered udp transport module.
[    0.397725] RPC: Registered tcp transport module.
[    0.397755] RPC: Registered tcp NFSv4.1 backchannel transport module.
[    0.400369] hw perfevents: enabled with armv8_cortex_a53 PMU driver, 7 counters available
[    0.400643] kvm [1]: 8-bit VMID
[    0.401488] kvm [1]: Hyp mode initialized successfully
[    0.406391] Initialise system trusted keyrings
[    0.406741] workingset: timestamp_bits=46 max_order=18 bucket_order=0
[    0.418943] FS-Cache: Netfs 'nfs' registered for caching
[    0.419998] NFS: Registering the id_resolver key type
[    0.420058] Key type id_resolver registered
[    0.420088] Key type id_legacy registered
[    0.420130] nfs4filelayout_init: NFSv4 File Layout Driver Registering...
[    0.427879] Key type asymmetric registered
[    0.427928] Asymmetric key parser 'x509' registered
[    0.428026] Block layer SCSI generic (bsg) driver version 0.4 loaded (major 248)
[    0.428320] io scheduler noop registered
[    0.428355] io scheduler deadline registered (default)
[    0.428672] io scheduler cfq registered
[    0.428706] io scheduler mq-deadline registered (default)
[    0.428739] io scheduler kyber registered
[    0.434373] bcm2708_fb soc:fb: FB found 1 display(s)
[    0.443861] Console: switching to colour frame buffer device 82x26
[    0.448801] bcm2708_fb soc:fb: Registered framebuffer for display 0, size 656x416
[    0.456167] Serial: 8250/16550 driver, 1 ports, IRQ sharing enabled
[    0.460709] bcm2835-rng 3f104000.rng: hwrng registered
[    0.463653] vc-mem: phys_addr:0x00000000 mem_base=0x3ec00000 mem_size:0x40000000(1024 MiB)
[    0.469419] gpiomem-bcm2835 3f200000.gpiomem: Initialised: Registers at 0x3f200000
[    0.474944] cacheinfo: Unable to detect cache hierarchy for CPU 0
[    0.493270] brd: module loaded
[    0.511292] loop: module loaded
[    0.515033] Loading iSCSI transport class v2.0-870.
[    0.520311] libphy: Fixed MDIO Bus: probed
[    0.523293] usbcore: registered new interface driver r8152
[    0.525956] usbcore: registered new interface driver lan78xx
[    0.528578] usbcore: registered new interface driver smsc95xx
[    0.531431] dwc_otg: version 3.00a 10-AUG-2012 (platform bus)
[    0.561983] dwc_otg 3f980000.usb: base=(____ptrval____)
[    0.777703] Core Release: 2.80a
[    0.780189] Setting default values for core params
[    0.782738] Finished setting default values for core params
[    0.998882] Using Buffer DMA mode
[    1.001292] Periodic Transfer Interrupt Enhancement - disabled
[    1.003716] Multiprocessor Interrupt Enhancement - disabled
[    1.006152] OTG VER PARAM: 0, OTG VER FLAG: 0
[    1.008519] Dedicated Tx FIFOs mode
[    1.011651] WARN::dwc_otg_hcd_init:1074: FIQ DMA bounce buffers: virt = ffffff80090c1000 dma = 0x00000000fad04000 len=9024
[    1.016192] FIQ FSM acceleration enabled for :
[    1.016192] Non-periodic Split Transactions
[    1.016192] Periodic Split Transactions
[    1.016192] High-Speed Isochronous Endpoints
[    1.016192] Interrupt/Control Split Transaction hack enabled
[    1.026993] WARN::hcd_init_fiq:497: MPHI regs_base at ffffff8008065000
[    1.029303] dwc_otg 3f980000.usb: DWC OTG Controller
[    1.031616] dwc_otg 3f980000.usb: new USB bus registered, assigned bus number 1
[    1.034099] dwc_otg 3f980000.usb: irq 9, io mem 0x00000000
[    1.036527] Init: Port Power? op_state=1
[    1.038852] Init: Power Port (0)
[    1.041551] usb usb1: New USB device found, idVendor=1d6b, idProduct=0002, bcdDevice= 4.19
[    1.046305] usb usb1: New USB device strings: Mfr=3, Product=2, SerialNumber=1
[    1.048865] usb usb1: Product: DWC OTG Controller
[    1.051340] usb usb1: Manufacturer: Linux 4.19.118-v8+ dwc_otg_hcd
[    1.053870] usb usb1: SerialNumber: 3f980000.usb
[    1.057167] hub 1-0:1.0: USB hub found
[    1.059666] hub 1-0:1.0: 1 port detected
[    1.063274] usbcore: registered new interface driver uas
[    1.065734] usbcore: registered new interface driver usb-storage
[    1.068255] mousedev: PS/2 mouse device common for all mice
[    1.072118] bcm2835-wdt bcm2835-wdt: Broadcom BCM2835 watchdog timer
[    1.076743] sdhci: Secure Digital Host Controller Interface driver
[    1.079172] sdhci: Copyright(c) Pierre Ossman
[    1.082272] sdhost-bcm2835 3f202000.mmc: could not get clk, deferring probe
[    1.085018] sdhci-pltfm: SDHCI platform and OF driver helper
[    1.089643] ledtrig-cpu: registered to indicate activity on CPUs
[    1.092326] hidraw: raw HID events driver (C) Jiri Kosina
[    1.095037] usbcore: registered new interface driver usbhid
[    1.097523] usbhid: USB HID core driver
[    1.101286] vchiq: vchiq_init_state: slot_zero = (____ptrval____), is_master = 0
[    1.110112] Initializing XFRM netlink socket
[    1.112607] NET: Registered protocol family 17
[    1.115103] Key type dns_resolver registered
[    1.118950] registered taskstats version 1
[    1.121318] Loading compiled-in X.509 certificates
[    1.135721] uart-pl011 3f201000.serial: cts_event_workaround enabled
[    1.138393] 3f201000.serial: ttyAMA0 at MMIO 0x3f201000 (irq = 66, base_baud = 0) is a PL011 rev2
[    1.268614] Indeed it is in host mode hprt0 = 00021501
[    1.272576] console [ttyAMA0] enabled
[    1.365894] random: fast init done
[    2.146794] bcm2835-power bcm2835-power: Broadcom BCM2835 power domains driver
[    2.158398] sdhost: log_buf @ (____ptrval____) (fad07000)
[    2.204498] usb 1-1: new high-speed USB device number 2 using dwc_otg
[    2.213787] Indeed it is in host mode hprt0 = 00001101
[    2.214545] mmc0: sdhost-bcm2835 loaded - DMA enabled (>1)
[    2.233360] of_cfs_init
[    2.238482] of_cfs_init: OK
[    2.244779] Waiting for root device PARTUUID=4c999877-02...
[    2.319908] mmc0: host does not support reading read-only switch, assuming write-enable
[    2.338330] mmc0: new high speed SDHC card at address aaaa
[    2.348772] mmcblk0: mmc0:aaaa SC16G 14.8 GiB
[    2.361765]  mmcblk0: p1 p2
[    2.385493] EXT4-fs (mmcblk0p2): INFO: recovery required on readonly filesystem
[    2.395640] EXT4-fs (mmcblk0p2): write access will be enabled during recovery
[    2.433015] usb 1-1: New USB device found, idVendor=0424, idProduct=9514, bcdDevice= 2.00
[    2.446463] usb 1-1: New USB device strings: Mfr=0, Product=0, SerialNumber=0
[    2.457335] hub 1-1:1.0: USB hub found
[    2.464086] hub 1-1:1.0: 5 ports detected
[    2.578085] EXT4-fs (mmcblk0p2): recovery complete
[    2.592090] EXT4-fs (mmcblk0p2): mounted filesystem with ordered data mode. Opts: (null)
[    2.605345] VFS: Mounted root (ext4 filesystem) readonly on device 179:2.
[    2.627027] devtmpfs: mounted
[    2.639289] Freeing unused kernel memory: 1024K
[    2.646660] Run /sbin/init as init process
[    2.760523] usb 1-1.1: new high-speed USB device number 3 using dwc_otg
[    2.869078] usb 1-1.1: New USB device found, idVendor=0424, idProduct=ec00, bcdDevice= 2.00
[    2.882913] usb 1-1.1: New USB device strings: Mfr=0, Product=0, SerialNumber=0
[    2.896093] smsc95xx v1.0.6
[    2.971239] smsc95xx 1-1.1:1.0 eth0: register 'smsc95xx' at usb-3f980000.usb-1.1, smsc95xx USB 2.0 Ethernet, b8:27:eb:6d:27:bc
[    3.383287] systemd[1]: System time before build time, advancing clock.
[    3.505861] random: crng init done
[    3.572025] NET: Registered protocol family 10
[    3.581209] Segment Routing with IPv6
[    3.651271] systemd[1]: systemd 241 running in system mode. (+PAM +AUDIT +SELINUX +IMA +APPARMOR +SMACK +SYSVINIT +UTMP +LIBCRYPTSETUP +GCRYPT +GNUTLS +ACL +XZ +LZ4 +SECCOMP +
BLKID +ELFUTILS +KMOD -IDN2 +IDN -PCRE2 default-hierarchy=hybrid)
[    3.682535] systemd[1]: Detected architecture arm64.
[    3.711842] systemd[1]: Set hostname to <raspberrypi>.
[    3.925870] uart-pl011 3f201000.serial: no DMA platform data
[    4.733227] systemd[1]: Started Dispatch Password Requests to Console Directory Watch.
[    4.751885] systemd[1]: Listening on udev Kernel Socket.
[    4.768356] systemd[1]: Created slice User and Session Slice.
[   50.360419] ------------[ cut here ]------------
[   50.365886] DEBUG_LOCKS_WARN_ON((val < PREEMPT_MASK) && !(preempt_count() & PREEMPT_MASK))
[   50.365912] WARNING: CPU: 0 PID: 487 at kernel/sched/core.c:3266 preempt_count_sub+0xc4/0xd0
[   50.386302] Modules linked in: cfg80211 rfkill 8021q garp stp llc binfmt_misc bcm2835_codec(C) v4l2_mem2mem bcm2835_v4l2(C) bcm2835_mmal_vchiq(C) videobuf2_dma_contig v4l2_com
mon videobuf2_vmalloc videobuf2_memops raspberrypi_hwmon videobuf2_v4l2 hwmon videobuf2_common videodev media vc_sm_cma(C) uio_pdrv_genirq uio ip_tables x_tables ipv6
[   50.422247] CPU: 0 PID: 487 Comm: test Tainted: G         C        4.19.118-v8+ #1311
[   50.432631] Hardware name: Raspberry Pi 3 Model B Rev 1.2 (DT)
[   50.439826] pstate: 60000085 (nZCv daIf -PAN -UAO)
[   50.446006] pc : preempt_count_sub+0xc4/0xd0
[   50.451667] lr : preempt_count_sub+0xc4/0xd0
[   50.457293] sp : ffffff8008003d50
[   50.461950] x29: ffffff8008003d50 x28: 0000000000000007 
[   50.468626] x27: ffffff8008cac018 x26: 0000000000000080 
[   50.475281] x25: ffffff8008cac018 x24: ffffff8008cc86d8 
[   50.481929] x23: ffffff80081685d0 x22: ffffffc03ab7a780 
[   50.488560] x21: ffffff800a3d3ec0 x20: 0000000000000001 
[   50.495148] x19: 0000000000000001 x18: ffffff8009909dd8 
[   50.501692] x17: 0000000000000000 x16: 0000000000000000 
[   50.508186] x15: 0000000000000a40 x14: 5f54504d45455250 
[   50.514625] x13: 2026202928746e75 x12: 6f635f74706d6565               28
[   50.521013] x11: 7270282120262620 x10: 294b53414d5f5450 
[   501.27357] x9 : 4d45455250203c20 x8 : 6c617628284e4f5f 
[   50.533662] x7 : 4e5241575f534b43 x6 : ffffff8008dd6176 
[   50.539923] x5 : 0000000000000015 x4 : 0000000000000000 
[   50.546138] x3 : 0000000000000000 x2 : 0000004031ec6000 
[   50.552304] x1 : 5c12174d01c22c00 x0 : 0000000000000000 
[   50.558434] Call trace:
[   50.561655]  preempt_count_sub+0xc4/0xd0
[   50.566348]  _raw_spin_unlock_irqrestore+0x38/0x88
[   50.571915]  run_local_timers+0x50/0x78
[   50.576551]  update_process_times+0x2c/0x60
[   50.581539]  tick_sched_handle.isra.5+0x44/0x68
[   50.586885]  tick_sched_timer+0x5c/0xb0
[   50.591540]  __hrtimer_run_queues+0x118/0x380
[   50.596739]  hrtimer_interrupt+0xf8/0x258
[   50.601599]  arch_timer_handler_phys+0x3c/0x50
[   50.606905]  handle_percpu_devid_irq+0xa4/0x2a0
[   50.612290]  generic_handle_irq+0x34/0x50
[   50.617162]  __handle_domain_irq+0x8c/0x100
[   50.622217]  bcm2836_arm_irqchip_handle_irq+0x68/0xd8
[   50.628161]  el0_irq_naked+0x50/0x5c
[   50.632613] ---[ end trace 4c0ac7ef4ee22b0f ]---
