[    0.000000] Booting Linux on physical CPU 0x0
[    0.000000] Linux version 4.19.118-v7+ (dom@buildbot) (gcc version 4.9.3 (crosstool-NG crosstool-ng-1.22.0-88-g8460611)) #1311 SMP Mon Apr 27 14:21:24 BST 2020
[    0.000000] CPU: ARMv7 Processor [410fd034] revision 4 (ARMv7), cr=10c5383d
[    0.000000] CPU: div instructions available: patching division code
[    0.000000] CPU: PIPT / VIPT nonaliasing data cache, VIPT aliasing instruction cache
[    0.000000] OF: fdt: Machine model: Raspberry Pi 3 Model B Plus Rev 1.3
[    0.000000] Memory policy: Data cache writealloc
[    0.000000] cma: Reserved 8 MiB at 0x3ac00000
[    0.000000] random: get_random_bytes called from start_kernel+0xac/0x4b4 with crng_init=0
[    0.000000] percpu: Embedded 16 pages/cpu s36864 r8192 d20480 u65536
[    0.000000] Built 1 zonelists, mobility grouping on.  Total pages: 240555
[    0.000000] Kernel command line: coherent_pool=1M 8250.nr_uarts=1 snd_bcm2835.enable_compat_alsa=0 snd_bcm2835.enable_hdmi=1 snd_bcm2835.enable_headphones=1 bcm2708_fb.fbwidth=
656 bcm2708_fb.fbheight=416 bcm2708_fb.fbswap=1 vc_mem.mem_base=0x3ec00000 vc_mem.mem_size=0x40000000  dwc_otg.lpm_enable=0 console=ttyAMA0,115200 console=tty1 root=PARTUUID=4c999
877-02 rootfstype=ext4 elevator=deadline fsck.repair=yes rootwait
[    0.000000] Dentry cache hash table entries: 131072 (order: 7, 524288 bytes)
[    0.000000] Inode-cache hash table entries: 65536 (order: 6, 262144 bytes)
[    0.000000] Memory: 939064K/970752K available (8192K kernel code, 656K rwdata, 2232K rodata, 1024K init, 831K bss, 23496K reserved, 8192K cma-reserved)
[    0.000000] Virtual kernel memory layout:
[    0.000000]     vector  : 0xffff0000 - 0xffff1000   (   4 kB)
[    0.000000]     fixmap  : 0xffc00000 - 0xfff00000   (3072 kB)
[    0.000000]     vmalloc : 0xbb800000 - 0xff800000   (1088 MB)
[    0.000000]     lowmem  : 0x80000000 - 0xbb400000   ( 948 MB)
[    0.000000]     modules : 0x7f000000 - 0x80000000   (  16 MB)
[    0.000000]       .text : 0x(ptrval) - 0x(ptrval)   (9184 kB)
[    0.000000]       .init : 0x(ptrval) - 0x(ptrval)   (1024 kB)
[    0.000000]       .data : 0x(ptrval) - 0x(ptrval)   ( 657 kB)
[    0.000000]        .bss : 0x(ptrval) - 0x(ptrval)   ( 832 kB)
[    0.000000] SLUB: HWalign=64, Order=0-3, MinObjects=0, CPUs=4, Nodes=1
[    0.000000] ftrace: allocating 27093 entries in 80 pages
[    0.000000] rcu: Hierarchical RCU implementation.
[    0.000000] NR_IRQS: 16, nr_irqs: 16, preallocated irqs: 16
[    0.000000] arch_timer: cp15 timer(s) running at 19.20MHz (phys).
[    0.000000] clocksource: arch_sys_counter: mask: 0xffffffffffffff max_cycles: 0x46d987e47, max_idle_ns: 440795202767 ns
[    0.000007] sched_clock: 56 bits at 19MHz, resolution 52ns, wraps every 4398046511078ns
[    0.000023] Switching to timer-based delay loop, resolution 52ns
[    0.000276] Console: colour dummy device 80x30
[    0.000912] console [tty1] enabled
[    0.000971] Calibrating delay loop (skipped), value calculated using timer frequency.. 38.40 BogoMIPS (lpj=192000)
[    0.001014] pid_max: default: 32768 minimum: 301
[    0.001381] Mount-cache hash table entries: 2048 (order: 1, 8192 bytes)
[    0.001417] Mountpoint-cache hash table entries: 2048 (order: 1, 8192 bytes)
[    0.002376] CPU: Testing write buffer coherency: ok
[    0.002863] CPU0: thread -1, cpu 0, socket 0, mpidr 80000000
[    0.003547] Setting up static identity map for 0x100000 - 0x10003c
[    0.003717] rcu: Hierarchical SRCU implementation.
[    0.004546] smp: Bringing up secondary CPUs ...
[    0.005461] CPU1: thread -1, cpu 1, socket 0, mpidr 80000001
[    0.006436] CPU2: thread -1, cpu 2, socket 0, mpidr 80000002
[    0.007355] CPU3: thread -1, cpu 3, socket 0, mpidr 80000003
[    0.007469] smp: Brought up 1 node, 4 CPUs
[    0.007550] SMP: Total of 4 processors activated (153.60 BogoMIPS).
[    0.007574] CPU: All CPU(s) started in HYP mode.
[    0.007594] CPU: Virtualization extensions available.
[    0.008588] devtmpfs: initialized
[    0.022038] VFP support v0.3: implementor 41 architecture 3 part 40 variant 3 rev 4
[    0.022312] clocksource: jiffies: mask: 0xffffffff max_cycles: 0xffffffff, max_idle_ns: 19112604462750000 ns
[    0.022361] futex hash table entries: 1024 (order: 4, 65536 bytes)
[    0.022971] pinctrl core: initialized pinctrl subsystem
[    0.023836] NET: Registered protocol family 16
[    0.027037] DMA: preallocated 1024 KiB pool for atomic coherent allocations
[    0.032945] hw-breakpoint: found 5 (+1 reserved) breakpoint and 4 watchpoint registers.
[    0.032981] hw-breakpoint: maximum watchpoint size is 8 bytes.
[    0.033200] Serial: AMBA PL011 UART driver
[    0.035554] bcm2835-mbox 3f00b880.mailbox: mailbox enabled
[    0.050029] raspberrypi-firmware soc:firmware: Attached to firmware from 2020-04-15 11:43, variant start
[    0.060042] raspberrypi-firmware soc:firmware: Firmware hash is 82f9bb929ce2186eb1824178c1ae82902ad6275c
[    0.103085] bcm2835-dma 3f007000.dma: DMA legacy API manager at (ptrval), dmachans=0x1
[    0.104738] SCSI subsystem initialized
[    0.104984] usbcore: registered new interface driver usbfs
[    0.105065] usbcore: registered new interface driver hub
[    0.105178] usbcore: registered new device driver usb
[    0.106900] clocksource: Switched to clocksource arch_sys_counter
[    0.197522] VFS: Disk quotas dquot_6.6.0
[    0.197632] VFS: Dquot-cache hash table entries: 1024 (order 0, 4096 bytes)
[    0.197802] FS-Cache: Loaded
[    0.198031] CacheFiles: Loaded
[    0.208047] NET: Registered protocol family 2
[    0.208912] tcp_listen_portaddr_hash hash table entries: 512 (order: 0, 6144 bytes)
[    0.208976] TCP established hash table entries: 8192 (order: 3, 32768 bytes)
[    0.209106] TCP bind hash table entries: 8192 (order: 4, 65536 bytes)
[    0.209311] TCP: Hash tables configured (established 8192 bind 8192)
[    0.209472] UDP hash table entries: 512 (order: 2, 16384 bytes)
[    0.209542] UDP-Lite hash table entries: 512 (order: 2, 16384 bytes)
[    0.209802] NET: Registered protocol family 1
[    0.210392] RPC: Registered named UNIX socket transport module.
[    0.210420] RPC: Registered udp transport module.
[    0.210442] RPC: Registered tcp transport module.
[    0.210463] RPC: Registered tcp NFSv4.1 backchannel transport module.
[    0.212312] hw perfevents: enabled with armv7_cortex_a7 PMU driver, 7 counters available
[    0.215419] Initialise system trusted keyrings
[    0.215625] workingset: timestamp_bits=14 max_order=18 bucket_order=4
[    0.225593] FS-Cache: Netfs 'nfs' registered for caching
[    0.226172] NFS: Registering the id_resolver key type
[    0.226225] Key type id_resolver registered
[    0.226247] Key type id_legacy registered
[    0.226279] nfs4filelayout_init: NFSv4 File Layout Driver Registering...
[    0.231727] Key type asymmetric registered
[    0.231763] Asymmetric key parser 'x509' registered
[    0.231838] Block layer SCSI generic (bsg) driver version 0.4 loaded (major 250)
[    0.232032] io scheduler noop registered
[    0.232056] io scheduler deadline registered (default)
[    0.232272] io scheduler cfq registered
[    0.232296] io scheduler mq-deadline registered (default)
[    0.232321] io scheduler kyber registered
[    0.234526] bcm2708_fb soc:fb: FB found 1 display(s)
[    0.243885] Console: switching to colour frame buffer device 82x26
[    0.250739] bcm2708_fb soc:fb: Registered framebuffer for display 0, size 656x416
[    0.256378] Serial: 8250/16550 driver, 1 ports, IRQ sharing enabled
[    0.260223] bcm2835-rng 3f104000.rng: hwrng registered
[    0.262907] vc-mem: phys_addr:0x00000000 mem_base=0x3ec00000 mem_size:0x40000000(1024 MiB)
[    0.268310] vc-sm: Videocore shared memory driver
[    0.271117] gpiomem-bcm2835 3f200000.gpiomem: Initialised: Registers at 0x3f200000
[    0.287052] brd: module loaded
[    0.299792] loop: module loaded
[    0.302891] Loading iSCSI transport class v2.0-870.
[    0.306064] libphy: Fixed MDIO Bus: probed
[    0.308623] usbcore: registered new interface driver lan78xx
[    0.311142] usbcore: registered new interface driver smsc95xx
[    0.313577] dwc_otg: version 3.00a 10-AUG-2012 (platform bus)
[    0.343885] dwc_otg 3f980000.usb: base=(ptrval)
[    0.546594] Core Release: 2.80a
[    0.549076] Setting default values for core params
[    0.551577] Finished setting default values for core params
[    0.754356] Using Buffer DMA mode
[    0.756759] Periodic Transfer Interrupt Enhancement - disabled
[    0.759188] Multiprocessor Interrupt Enhancement - disabled
[    0.761575] OTG VER PARAM: 0, OTG VER FLAG: 0
[    0.763920] Dedicated Tx FIFOs mode
[    0.766613] WARN::dwc_otg_hcd_init:1074: FIQ DMA bounce buffers: virt = bad14000 dma = 0xfad14000 len=9024
[    0.771220] FIQ FSM acceleration enabled for :
[    0.771220] Non-periodic Split Transactions
[    0.771220] Periodic Split Transactions
[    0.771220] High-Speed Isochronous Endpoints
[    0.771220] Interrupt/Control Split Transaction hack enabled
[    0.782195] WARN::hcd_init_fiq:457: FIQ on core 1
[    0.784426] WARN::hcd_init_fiq:458: FIQ ASM at 8068fda0 length 36
[    0.786641] WARN::hcd_init_fiq:497: MPHI regs_base at bb810000
[    0.788900] dwc_otg 3f980000.usb: DWC OTG Controller
[    0.791161] dwc_otg 3f980000.usb: new USB bus registered, assigned bus number 1
[    0.793485] dwc_otg 3f980000.usb: irq 56, io mem 0x00000000
[    0.795791] Init: Port Power? op_state=1
[    0.798050] Init: Power Port (0)
[    0.800467] usb usb1: New USB device found, idVendor=1d6b, idProduct=0002, bcdDevice= 4.19
[    0.804982] usb usb1: New USB device strings: Mfr=3, Product=2, SerialNumber=1
[    0.807419] usb usb1: Product: DWC OTG Controller
[    0.809790] usb usb1: Manufacturer: Linux 4.19.118-v7+ dwc_otg_hcd
[    0.812218] usb usb1: SerialNumber: 3f980000.usb
[    0.815170] hub 1-0:1.0: USB hub found
[    0.817481] hub 1-0:1.0: 1 port detected
[    0.820529] usbcore: registered new interface driver usb-storage
[    0.822997] mousedev: PS/2 mouse device common for all mice
[    0.826145] bcm2835-wdt bcm2835-wdt: Broadcom BCM2835 watchdog timer
[    0.828808] bcm2835-cpufreq: min=600000 max=1400000
[    0.831630] sdhci: Secure Digital Host Controller Interface driver
[    0.834053] sdhci: Copyright(c) Pierre Ossman
[    0.836869] sdhost-bcm2835 3f202000.mmc: could not get clk, deferring probe
[    0.839564] sdhci-pltfm: SDHCI platform and OF driver helper
[    0.843628] ledtrig-cpu: registered to indicate activity on CPUs
[    0.846326] hidraw: raw HID events driver (C) Jiri Kosina
[    0.849097] usbcore: registered new interface driver usbhid
[    0.851647] usbhid: USB HID core driver
[    0.854962] vchiq: vchiq_init_state: slot_zero = (ptrval), is_master = 0
[    0.859119] [vc_sm_connected_init]: start
[    0.867787] [vc_sm_connected_init]: end - returning 0
[    0.871314] Initializing XFRM netlink socket
[    0.873703] NET: Registered protocol family 17
[    0.876161] Key type dns_resolver registered
[    0.879169] Registering SWP/SWPB emulation handler
[    0.882180] registered taskstats version 1
[    0.884559] Loading compiled-in X.509 certificates
[    0.893589] uart-pl011 3f201000.serial: cts_event_workaround enabled
[    0.896090] 3f201000.serial: ttyAMA0 at MMIO 0x3f201000 (irq = 81, base_baud = 0) is a PL011 rev2
[    1.899810] console [ttyAMA0] enabled
[    1.907888] sdhost: log_buf @ (ptrval) (fad13000)
[    1.963327] mmc0: sdhost-bcm2835 loaded - DMA enabled (>1)
[    1.972508] of_cfs_init
[    1.977350] of_cfs_init: OK
[    1.982909] Waiting for root device PARTUUID=4c999877-02...
[    2.017017] Indeed it is in host mode hprt0 = 00021501
[    2.112065] random: fast init done
[    2.122709] mmc0: host does not support reading read-only switch, assuming write-enable
[    2.141914] mmc0: new high speed SDHC card at address aaaa
[    2.150923] mmcblk0: mmc0:aaaa SL16G 14.8 GiB
[    2.164131]  mmcblk0: p1 p2
[    2.210953] EXT4-fs (mmcblk0p2): mounted filesystem with ordered data mode. Opts: (null)
[    2.224047] VFS: Mounted root (ext4 filesystem) readonly on device 179:2.
[    2.226943] usb 1-1: new high-speed USB device number 2 using dwc_otg
[    2.242738] Indeed it is in host mode hprt0 = 00001101
[    2.244868] devtmpfs: mounted
[    2.312342] Freeing unused kernel memory: 1024K
[    2.319807] Run /sbin/init as init process
[    2.487240] usb 1-1: New USB device found, idVendor=0424, idProduct=2514, bcdDevice= b.b3
[    2.500616] usb 1-1: New USB device strings: Mfr=0, Product=0, SerialNumber=0
[    2.511162] hub 1-1:1.0: USB hub found
[    2.517824] hub 1-1:1.0: 4 ports detected
[    2.836955] usb 1-1.1: new high-speed USB device number 3 using dwc_otg
[    2.962995] systemd[1]: System time before build time, advancing clock.
[    2.967258] usb 1-1.1: New USB device found, idVendor=0424, idProduct=2514, bcdDevice= b.b3
[    2.986302] usb 1-1.1: New USB device strings: Mfr=0, Product=0, SerialNumber=0
[    2.997043] hub 1-1.1:1.0: USB hub found
[    3.003881] hub 1-1.1:1.0: 3 ports detected
[    3.059604] systemd[1]: systemd 241 running in system mode. (+PAM +AUDIT +SELINUX +IMA +APPARMOR +SMACK +SYSVINIT +UTMP +LIBCRYPTSETUP +GCRYPT +GNUTLS +ACL +XZ +LZ4 +SECCOMP +B
LKID +ELFUTILS +KMOD -IDN2 +IDN -PCRE2 default-hierarchy=hybrid)
[    3.090695] systemd[1]: Detected architecture arm.
[    3.119501] systemd[1]: Set hostname to <raspberrypi>.
[    3.313538] uart-pl011 3f201000.serial: no DMA platform data
[    3.666955] usb 1-1.1.1: new high-speed USB device number 4 using dwc_otg
[    3.797394] usb 1-1.1.1: New USB device found, idVendor=0424, idProduct=7800, bcdDevice= 3.00
[    3.811476] usb 1-1.1.1: New USB device strings: Mfr=0, Product=0, SerialNumber=0
[    4.089736] lan78xx 1-1.1.1:1.0 (unnamed net_device) (uninitialized): No External EEPROM. Setting MAC Speed
[    4.106478] libphy: lan78xx-mdiobus: probed
[    4.115005] random: systemd: uninitialized urandom read (16 bytes read)
[    4.138036] random: systemd: uninitialized urandom read (16 bytes read)
[    4.140656] lan78xx 1-1.1.1:1.0 (unnamed net_device) (uninitialized): int urb period 64
[    4.148479] systemd[1]: Set up automount Arbitrary Executable File Formats File System Automount Point.
[    4.180433] random: systemd: uninitialized urandom read (16 bytes read)
[    4.190347] systemd[1]: Started Forward Password Requests to Wall Directory Watch.
[    4.212795] systemd[1]: Created slice system-getty.slice.
[    4.225739] systemd[1]: Listening on fsck to fsckd communication Socket.
[    4.241152] systemd[1]: Created slice system-systemd\x2dfsck.slice.
[    4.254364] systemd[1]: Reached target Swap.
[    4.266166] systemd[1]: Listening on Syslog Socket.

[   74.077271] Internal error: Oops - undefined instruction: 0 [#1] SMP ARM
[   74.084840] Modules linked in:
[   74.088674] CPU: 1 PID: 862 Comm: watch Not tainted 4.19.118-v7+ #1311
[   74.096032] Hardware name: BCM2835
[   74.100259] PC is at copy_page+0x30/0x80
[   74.105007] LR is at 0x3170255b
[   74.108945] pc : [<808534d0>]    lr : [<3170255b>]    psr: 20000113
[   74.116051] sp : b44c1d78  ip : 1b00451b  fp : b44c1d8c
[   74.122128] r10: b44ae400  r9 : b71ef800  r8 : b5ef0de0
[   74.128196] r7 : 80d04d48  r6 : baaf609c  r5 : baaf58e0  r4 : 00346670
[   74.135583] r3 : 00336670  r2 : 00000013  r1 : b4278630  r0 : b42af630
[   74.142980] Flags: nzCv  IRQs on  FIQs on  Mode SVC_32  ISA ARM  Segment user
[   74.151034] Control: 10c5383d  Table: 3453c06a  DAC: 00000055
[   74.157726] Process watch (pid: 862, stack limit = 0x5d63aa25)
[   74.164528] Stack: (0xb44c1d78 to 0xb44c2000)
[   74.169863] 1d60:                                                       b44c1e34 8011b16c
[   74.180005] 1d80: b44c1de4 b44c1d90 802969e4 8011b0b8 00000000 802a3aec b44c1dd8 80d04d48
[   74.190254] 1da0: b44c1e14 01c22cd2 00000001 00000001 b44c1de4 01c22cd2 802a3aec b44c1e34
[   74.200619] 1dc0: 80d04d48 b5ef0de0 00000055 00000040 b71ef800 00000800 b44c1e1c b44c1de8
[   74.211039] 1de0: 8029979c 80296950 b71ef800 00000800 00000002 01c22cd2 b5ef0de0 000002e0
[   74.221543] 1e00: 80d04d48 00000055 00000040 b71ef800 b44c1e9c b44c1e20 8029af40 802996e0
[   74.232187] 1e20: 085c5ec3 802ee1d4 5fce330a 00000000 085c5ec3 b5ef0de0 00000055 006000c0
[   74.242944] 1e40: 000002e0 002e0000 b453c008 b453c008 342787df 00000000 00000000 baaf58e0
[   74.253830] 1e60: b4556380 baafc02c 00000000 01c22cd2 b44c1e9c b44c1fb0 b4464b00 002e0312
[   74.264760] 1e80: b44ae400 0000080f b44ae43c 00000800 b44c1ef4 b44c1ea0 80874a7c 8029aa18
[   74.275778] 1ea0: b44c1f2c b44c1eb0 802d09e8 802da31c 00001000 056175cb 0030c478 00000000
[   74.286926] 1ec0: 00000008 00000055 00000ff4 80d0a6c4 80d04d48 0000080f 80874738 002e0312
[   74.298108] 1ee0: b44c1fb0 000250ec b44c1fac b44c1ef8 801167fc 80874744 00000000 01c22cd2
[   74.309304] 1f00: 000007ff 0000000c b5d00480 00000000 b5b68000 00000001 b5d00488 00000003
[   74.320499] 1f20: b44c1f5c b44c1f30 802d0b9c 8031bde4 00000000 00000000 b5d00480 80d04d48
[   74.331681] 1f40: b5d00480 00001000 0030c478 b44c0000 b44c1f94 b44c1f60 802d112c 802d0a54
[   74.342879] 1f60: 00000000 80101c9c 20000010 ffffffff 10c5383d 10c5387d 00025008 000250ec
[   74.354076] 1f80: b44c1fac 01c22cd2 76ed351c 20000010 ffffffff 10c5383d 10c5387d 00025008
[   74.365255] 1fa0: 00000000 b44c1fb0 80101ca4 801167b0 002e0310 00000002 00000000 0000002e
[   74.376454] 1fc0: ffffffff 00000000 00000000 00025100 00000000 00025008 000250ec 7ed4cb94
[   74.387650] 1fe0: 00024ed8 7ed4ca68 00011c20 76ed351c 20000010 ffffffff 00000000 00000000
[   74.398832] Code: e8b15018 e8a05018 e8b15018 e8a05018 (e8b15018)
[   74.406440] ---[ end trace ed169773d9e76d19 ]---

Message from syslogd@raspberrypi at Dec  7 14:50:02 ...
 kernel:[   74.077271] Internal error: Oops - undefined instruction: 0 [#1] SMP ARM

Message from syslogd@raspberrypi at Dec  7 14:50:02 ...
 kernel:[   74.157726] Process watch (pid: 862, stack limit = 0x5d63aa25)

Message from syslogd@raspberrypi at Dec  7 14:50:02 ...
 kernel:[   74.164528] Stack: (0xb44c1d78 to 0xb44c2000)

Message from syslogd@raspberrypi at Dec  7 14:50:02 ...
 kernel:[   74.169863] 1d60:                                                       b44c1e34 8011b16c

Message from syslogd@raspberrypi at Dec  7 14:50:02 ...
 kernel:[   74.180005] 1d80: b44c1de4 b44c1d90 802969e4 8011b0b8 00000000 802a3aec b44c1dd8 80d04d48

Message from syslogd@raspberrypi at Dec  7 14:50:02 ...
 kernel:[   74.190254] 1da0: b44c1e14 01c22cd2 00000001 00000001 b44c1de4 01c22cd2 802a3aec b44c1e34

Message from syslogd@raspberrypi at Dec  7 14:50:02 ...
 kernel:[   74.200619] 1dc0: 80d04d48 b5ef0de0 00000055 00000040 b71ef800 00000800 b44c1e1c b44c1de8

Message from syslogd@raspberrypi at Dec  7 14:50:02 ...
 kernel:[   74.211039] 1de0: 8029979c 80296950 b71ef800 00000800 00000002 01c22cd2 b5ef0de0 000002e0

Message from syslogd@raspberrypi at Dec  7 14:50:02 ...
 kernel:[   74.221543] 1e00: 80d04d48 00000055 00000040 b71ef800 b44c1e9c b44c1e20 8029af40 802996e0

Message from syslogd@raspberrypi at Dec  7 14:50:02 ...
 kernel:[   74.232187] 1e20: 085c5ec3 802ee1d4 5fce330a 00000000 085c5ec3 b5ef0de0 00000055 006000c0

Message from syslogd@raspberrypi at Dec  7 14:50:02 ...
 kernel:[   74.242944] 1e40: 000002e0 002e0000 b453c008 b453c008 342787df 00000000 00000000 baaf58e0

Message from syslogd@raspberrypi at Dec  7 14:50:02 ...
 kernel:[   74.253830] 1e60: b4556380 baafc02c 00000000 01c22cd2 b44c1e9c b44c1fb0 b4464b00 002e0312

Message from syslogd@raspberrypi at Dec  7 14:50:02 ...
 kernel:[   74.264760] 1e80: b44ae400 0000080f b44ae43c 00000800 b44c1ef4 b44c1ea0 80874a7c 8029aa18

Message from syslogd@raspberrypi at Dec  7 14:50:02 ...
 kernel:[   74.275778] 1ea0: b44c1f2c b44c1eb0 802d09e8 802da31c 00001000 056175cb 0030c478 00000000

Message from syslogd@raspberrypi at Dec  7 14:50:02 ...
 kernel:[   74.286926] 1ec0: 00000008 00000055 00000ff4 80d0a6c4 80d04d48 0000080f 80874738 002e0312

Message from syslogd@raspberrypi at Dec  7 14:50:02 ...
 kernel:[   74.298108] 1ee0: b44c1fb0 000250ec b44c1fac b44c1ef8 801167fc 80874744 00000000 01c22cd2

Message from syslogd@raspberrypi at Dec  7 14:50:02 ...
 kernel:[   74.309304] 1f00: 000007ff 0000000c b5d00480 00000000 b5b68000 00000001 b5d00488 00000003

Message from syslogd@raspberrypi at Dec  7 14:50:02 ...
 kernel:[   74.320499] 1f20: b44c1f5c b44c1f30 802d0b9c 8031bde4 00000000 00000000 b5d00480 80d04d48

[  103.585961] Unable to handle kernel paging request at virtual address 040c0050
[  103.594768] pgd = 731f52a2
[  103.598935] [040c0050] *pgd=00000000
[  103.603942] Internal error: Oops: 5 [#2] SMP ARM
[  103.609950] Modules linked in:
[  103.614340] CPU: 2 PID: 435 Comm: uvbench.sh Tainted: G      D           4.19.118-v7+ #1311
[  103.625330] Hardware name: BCM2835
[  103.630004] PC is at memcg_kmem_get_cache+0x8c/0x2f8
[  103.636225] LR is at root_mem_cgroup+0x0/0x4
[  103.641700] pc : [<802c74bc>]    lr : [<80d055f4>]    psr: 20000013
[  103.649178] sp : b67bbe60  ip : b67bbe40  fp : b67bbe7c
[  103.655579] r10: b9c01340  r9 : 802da710  r8 : 007080c0
[  103.661946] r7 : b7cebaa0  r6 : 00000180  r5 : b66a2000  r4 : b9c01340
[  103.669600] r3 : 00000014  r2 : 040c0000  r1 : b66a2000  r0 : b66a2000
[  103.677209] Flags: nzCv  IRQs on  FIQs on  Mode SVC_32  ISA ARM  Segment user
[  103.685427] Control: 10c5383d  Table: 3663806a  DAC: 00000055
[  103.692230] Process uvbench.sh (pid: 435, stack limit = 0xcc9f6dd6)
[  103.699545] Stack: (0xb67bbe60 to 0xb67bc000)
[  103.704923] be60: 00000000 007080c0 b7ceba80 00000180 b67bbec4 b67bbe80 802ba5f4 802c743c
[  103.715177] be80: b67bbebc b67bbe90 802ecdf8 000002a6 b5db7400 a0000013 b9e95c00 b5db7180
[  103.725493] bea0: b7ceba80 00000010 b7cebaa0 00000010 80d241b0 0000002a b67bbeec b67bbec8
[  103.735955] bec0: 802da710 802ba414 b5a587d0 00000000 00000000 b67bbf64 801011c4 80d05688
[  103.746503] bee0: b67bbf34 b67bbef0 802dad50 802da648 801167fc 80874744 b8f48f00 8012352c
[  103.757179] bf00: 00000100 00000200 00000000 00000000 00000000 b67bbf64 b67bbf6c 801011c4
[  103.767975] bf20: b67ba000 0000002a b67bbf5c b67bbf38 802daed0 802dad14 01c22cd2 80d04d48
[  103.778852] bf40: 00035d90 7efa526c 0000002a 801011c4 b67bbf94 b67bbf60 802daf80 802daea0
[  103.789878] bf60: 80101f24 80101c9c 60000010 ffffffff 10c5383d 01c22cd2 76ec6258 7efa52b4
[  103.800970] bf80: 00035d90 00db4cf4 b67bbfa4 b67bbf98 802db0d4 802daf50 00000000 b67bbfa8
[  103.812112] bfa0: 80101000 802db0c4 7efa52b4 00035d90 7efa526c 462a8500 ffffffff 00000000
[  103.823293] bfc0: 7efa52b4 00035d90 00db4cf4 0000002a 00db56a8 00db4cf4 000361c4 00000000
[  103.834474] bfe0: 00035fac 7efa5264 00014950 76e427bc 20000010 7efa526c 00000000 00000000
[  103.845651] [<802c74bc>] (memcg_kmem_get_cache) from [<802ba5f4>] (__kmalloc+0x1ec/0x288)
[  103.856840] [<802ba5f4>] (__kmalloc) from [<802da710>] (alloc_pipe_info+0xd4/0x1b0)
[  103.867507] [<802da710>] (alloc_pipe_info) from [<802dad50>] (create_pipe_files+0x48/0x18c)
[  103.878867] [<802dad50>] (create_pipe_files) from [<802daed0>] (__do_pipe_flags+0x3c/0xb0)
[  103.890163] [<802daed0>] (__do_pipe_flags) from [<802daf80>] (do_pipe2+0x3c/0xe0)
[  103.900669] [<802daf80>] (do_pipe2) from [<802db0d4>] (sys_pipe+0x1c/0x20)
[  103.909080] [<802db0d4>] (sys_pipe) from [<80101000>] (ret_fast_syscall+0x0/0x28)
[  103.919526] Exception stack(0xb67bbfa8 to 0xb67bbff0)
[  103.926045] bfa0:                   7efa52b4 00035d90 7efa526c 462a8500 ffffffff 00000000
[  103.937129] bfc0: 7efa52b4 00035d90 00db4cf4 0000002a 00db56a8 00db4cf4 000361c4 00000000
[  103.948192] bfe0: 00035fac 7efa5264 00014950 76e427bc
[  103.954678] Code: e3530000 ba00003c e5942084 e2833002 (e7920103)
[  103.962221] ---[ end trace ed169773d9e76d1a ]---

Message from syslogd@raspberrypi at Dec  7 14:50:32 ...
 kernel:[  103.603942] Internal error: Oops: 5 [#2] SMP ARM

Message from syslogd@raspberrypi at Dec  7 14:50:32 ...
 kernel:[  103.692230] Process uvbench.sh (pid: 435, stack limit = 0xcc9f6dd6)

Message from syslogd@raspberrypi at Dec  7 14:50:32 ...
 kernel:[  103.699545] Stack: (0xb67bbe60 to 0xb67bc000)

Message from syslogd@raspberrypi at Dec  7 14:50:32 ...
 kernel:[  103.704923] be60: 00000000 007080c0 b7ceba80 00000180 b67bbec4 b67bbe80 802ba5f4 802c743c

Message from syslogd@raspberrypi at Dec  7 14:50:32 ...
 kernel:[  103.715177] be80: b67bbebc b67bbe90 802ecdf8 000002a6 b5db7400 a0000013 b9e95c00 b5db7180

Message from syslogd@raspberrypi at Dec  7 14:50:32 ...
 kernel:[  103.725493] bea0: b7ceba80 00000010 b7cebaa0 00000010 80d241b0 0000002a b67bbeec b67bbec8

Message from syslogd@raspberrypi at Dec  7 14:50:32 ...
 kernel:[  103.735955] bec0: 802da710 802ba414 b5a587d0 00000000 00000000 b67bbf64 801011c4 80d05688

Message from syslogd@raspberrypi at Dec  7 14:50:32 ...
 kernel:[  103.746503] bee0: b67bbf34 b67bbef0 802dad50 802da648 801167fc 80874744 b8f48f00 8012352c

Message from syslogd@raspberrypi at Dec  7 14:50:32 ...
 kernel:[  103.757179] bf00: 00000100 00000200 00000000 00000000 00000000 b67bbf64 b67bbf6c 801011c4

Message from syslogd@raspberrypi at Dec  7 14:50:32 ...
pi@raspberrypi:~$  systemctl status uvbench.service
�● uvbench.service - Under-volting benchmark
   Loaded: loaded (/etc/systemd/system/uvbench.service; enabled; vendor preset:
   Active: failed (Result: signal) since Mon 2020-12-07 14:50:32 CET; 18s ago
  Process: 435 ExecStart=/home/pi/uvbench.sh run -t 71 (code=killed, signal=SEGV
 Main PID: 435 (code=killed, signal=SEGV)

Dec 07 14:48:56 raspberrypi sudo[453]:       pi : TTY=unknown ; PWD=/home/pi ; U
Dec 07 14:48:56 raspberrypi sudo[453]: pam_unix(sudo:session): session opened fo
Dec 07 14:48:56 raspberrypi uvbench.sh[435]: Setting cpu: 0
Dec 07 14:48:56 raspberrypi uvbench.sh[435]: Setting cpu: 1
Dec 07 14:48:56 raspberrypi uvbench.sh[435]: Setting cpu: 2
Dec 07 14:48:56 raspberrypi uvbench.sh[435]: Setting cpu: 3
Dec 07 14:48:56 raspberrypi sudo[453]: pam_unix(sudo:session): session closed fo
Dec 07 14:50:32 raspberrypi systemd[1]: uvbench.service: Main process exited, co
Dec 07 14:50:32 raspberrypi systemd[1]: uvbench.service: Failed with result 'sig
Dec 07 14:50:32 raspberrypi systemd[1]: Failed to start Under-volting benchmark.
