[    0.000000] Booting Linux on physical CPU 0x0
[    0.000000] Linux version 4.19.118-v7+ (dom@buildbot) (gcc version 4.9.3 (crosstool-NG crosstool-ng-1.22.0-88-g8460611)) #1311 SMP Mon Apr 27 14:21:24 BST 2020
[    0.000000] CPU: ARMv7 Processor [410fd034] revision 4 (ARMv7), cr=10c5383d
[    0.000000] CPU: div instructions available: patching division code
[    0.000000] CPU: PIPT / VIPT nonaliasing data cache, VIPT aliasing instruction cache
[    0.000000] OF: fdt: Machine model: Raspberry Pi 3 Model B Plus Rev 1.3
[    0.000000] Memory policy: Data cache writealloc
[    0.000000] cma: Reserved 8 MiB at 0x3ac00000
[    0.000000] random: get_random_bytes called from start_kernel+0xac/0x4b4 with crng_init=0
[    0.000000] percpu: Embedded 16 pages/cpu s36864 r8192 d20480 u65536
[    0.000000] Built 1 zonelists, mobility grouping on.  Total pages: 240555
[    0.000000] Kernel command line: coherent_pool=1M 8250.nr_uarts=1 snd_bcm2835.enable_compat_alsa=0 snd_bcm2835.enable_hdmi=1 snd_bcm2835.enable_headphones=1 bcm2708_fb.fbwidth=
656 bcm2708_fb.fbheight=416 bcm2708_fb.fbswap=1 vc_mem.mem_base=0x3ec00000 vc_mem.mem_size=0x40000000  dwc_otg.lpm_enable=0 console=ttyAMA0,115200 console=tty1 root=PARTUUID=4c999
877-02 rootfstype=ext4 elevator=deadline fsck.repair=yes rootwait
[    0.000000] Dentry cache hash table entries: 131072 (order: 7, 524288 bytes)
[    0.000000] Inode-cache hash table entries: 65536 (order: 6, 262144 bytes)
[    0.000000] Memory: 939064K/970752K available (8192K kernel code, 656K rwdata, 2232K rodata, 1024K init, 831K bss, 23496K reserved, 8192K cma-reserved)
[    0.000000] Virtual kernel memory layout:
[    0.000000]     vector  : 0xffff0000 - 0xffff1000   (   4 kB)
[    0.000000]     fixmap  : 0xffc00000 - 0xfff00000   (3072 kB)
[    0.000000]     vmalloc : 0xbb800000 - 0xff800000   (1088 MB)
[    0.000000]     lowmem  : 0x80000000 - 0xbb400000   ( 948 MB)
[    0.000000]     modules : 0x7f000000 - 0x80000000   (  16 MB)
[    0.000000]       .text : 0x(ptrval) - 0x(ptrval)   (9184 kB)
[    0.000000]       .init : 0x(ptrval) - 0x(ptrval)   (1024 kB)
[    0.000000]       .data : 0x(ptrval) - 0x(ptrval)   ( 657 kB)
[    0.000000]        .bss : 0x(ptrval) - 0x(ptrval)   ( 832 kB)
[    0.000000] SLUB: HWalign=64, Order=0-3, MinObjects=0, CPUs=4, Nodes=1
[    0.000000] ftrace: allocating 27093 entries in 80 pages
[    0.000000] rcu: Hierarchical RCU implementation.
[    0.000000] NR_IRQS: 16, nr_irqs: 16, preallocated irqs: 16
[    0.000000] arch_timer: cp15 timer(s) running at 19.20MHz (phys).
[    0.000000] clocksource: arch_sys_counter: mask: 0xffffffffffffff max_cycles: 0x46d987e47, max_idle_ns: 440795202767 ns
[    0.000007] sched_clock: 56 bits at 19MHz, resolution 52ns, wraps every 4398046511078ns
[    0.000023] Switching to timer-based delay loop, resolution 52ns
[    0.000277] Console: colour dummy device 80x30
[    0.000912] console [tty1] enabled
[    0.000971] Calibrating delay loop (skipped), value calculated using timer frequency.. 38.40 BogoMIPS (lpj=192000)
[    0.001014] pid_max: default: 32768 minimum: 301
[    0.001383] Mount-cache hash table entries: 2048 (order: 1, 8192 bytes)
[    0.001420] Mountpoint-cache hash table entries: 2048 (order: 1, 8192 bytes)
[    0.002377] CPU: Testing write buffer coherency: ok
[    0.002859] CPU0: thread -1, cpu 0, socket 0, mpidr 80000000
[    0.003539] Setting up static identity map for 0x100000 - 0x10003c
[    0.003708] rcu: Hierarchical SRCU implementation.
[    0.004538] smp: Bringing up secondary CPUs ...
[    0.005451] CPU1: thread -1, cpu 1, socket 0, mpidr 80000001
[    0.006428] CPU2: thread -1, cpu 2, socket 0, mpidr 80000002
[    0.007341] CPU3: thread -1, cpu 3, socket 0, mpidr 80000003
[    0.007455] smp: Brought up 1 node, 4 CPUs
[    0.007536] SMP: Total of 4 processors activated (153.60 BogoMIPS).
[    0.007560] CPU: All CPU(s) started in HYP mode.
[    0.007580] CPU: Virtualization extensions available.
[    0.008570] devtmpfs: initialized
[    0.022026] VFP support v0.3: implementor 41 architecture 3 part 40 variant 3 rev 4
[    0.022300] clocksource: jiffies: mask: 0xffffffff max_cycles: 0xffffffff, max_idle_ns: 19112604462750000 ns
[    0.022350] futex hash table entries: 1024 (order: 4, 65536 bytes)
[    0.022958] pinctrl core: initialized pinctrl subsystem
[    0.023826] NET: Registered protocol family 16
[    0.027030] DMA: preallocated 1024 KiB pool for atomic coherent allocations
[    0.032943] hw-breakpoint: found 5 (+1 reserved) breakpoint and 4 watchpoint registers.
[    0.032979] hw-breakpoint: maximum watchpoint size is 8 bytes.
[    0.033199] Serial: AMBA PL011 UART driver
[    0.035542] bcm2835-mbox 3f00b880.mailbox: mailbox enabled
[    0.050030] raspberrypi-firmware soc:firmware: Attached to firmware from 2020-04-15 11:43, variant start
[    0.060043] raspberrypi-firmware soc:firmware: Firmware hash is 82f9bb929ce2186eb1824178c1ae82902ad6275c
[    0.103089] bcm2835-dma 3f007000.dma: DMA legacy API manager at (ptrval), dmachans=0x1
[    0.104745] SCSI subsystem initialized
[    0.104990] usbcore: registered new interface driver usbfs
[    0.105071] usbcore: registered new interface driver hub
[    0.105185] usbcore: registered new device driver usb
[    0.106912] clocksource: Switched to clocksource arch_sys_counter
[    0.197436] VFS: Disk quotas dquot_6.6.0
[    0.197546] VFS: Dquot-cache hash table entries: 1024 (order 0, 4096 bytes)
[    0.197716] FS-Cache: Loaded
[    0.197942] CacheFiles: Loaded
[    0.207941] NET: Registered protocol family 2
[    0.208810] tcp_listen_portaddr_hash hash table entries: 512 (order: 0, 6144 bytes)
[    0.208874] TCP established hash table entries: 8192 (order: 3, 32768 bytes)
[    0.209004] TCP bind hash table entries: 8192 (order: 4, 65536 bytes)
[    0.209208] TCP: Hash tables configured (established 8192 bind 8192)
[    0.209370] UDP hash table entries: 512 (order: 2, 16384 bytes)
[    0.209440] UDP-Lite hash table entries: 512 (order: 2, 16384 bytes)
[    0.209698] NET: Registered protocol family 1
[    0.210266] RPC: Registered named UNIX socket transport module.
[    0.210294] RPC: Registered udp transport module.
[    0.210315] RPC: Registered tcp transport module.
[    0.210337] RPC: Registered tcp NFSv4.1 backchannel transport module.
[    0.212262] hw perfevents: enabled with armv7_cortex_a7 PMU driver, 7 counters available
[    0.215368] Initialise system trusted keyrings
[    0.215576] workingset: timestamp_bits=14 max_order=18 bucket_order=4
[    0.225543] FS-Cache: Netfs 'nfs' registered for caching
[    0.226125] NFS: Registering the id_resolver key type
[    0.226171] Key type id_resolver registered
[    0.226194] Key type id_legacy registered
[    0.226225] nfs4filelayout_init: NFSv4 File Layout Driver Registering...
[    0.231667] Key type asymmetric registered
[    0.231703] Asymmetric key parser 'x509' registered
[    0.231776] Block layer SCSI generic (bsg) driver version 0.4 loaded (major 250)
[    0.231970] io scheduler noop registered
[    0.231994] io scheduler deadline registered (default)
[    0.232211] io scheduler cfq registered
[    0.232235] io scheduler mq-deadline registered (default)
[    0.232259] io scheduler kyber registered
[    0.234463] bcm2708_fb soc:fb: FB found 1 display(s)
[    0.243861] Console: switching to colour frame buffer device 82x26
[    0.250717] bcm2708_fb soc:fb: Registered framebuffer for display 0, size 656x416
[    0.256350] Serial: 8250/16550 driver, 1 ports, IRQ sharing enabled
[    0.260209] bcm2835-rng 3f104000.rng: hwrng registered
[    0.262890] vc-mem: phys_addr:0x00000000 mem_base=0x3ec00000 mem_size:0x40000000(1024 MiB)
[    0.268295] vc-sm: Videocore shared memory driver
[    0.271109] gpiomem-bcm2835 3f200000.gpiomem: Initialised: Registers at 0x3f200000
[    0.287023] brd: module loaded
[    0.299708] loop: module loaded
[    0.302813] Loading iSCSI transport class v2.0-870.
[    0.305995] libphy: Fixed MDIO Bus: probed
[    0.308534] usbcore: registered new interface driver lan78xx
[    0.311054] usbcore: registered new interface driver smsc95xx
[    0.313490] dwc_otg: version 3.00a 10-AUG-2012 (platform bus)
[    0.343801] dwc_otg 3f980000.usb: base=(ptrval)
[    0.546501] Core Release: 2.80a
[    0.548985] Setting default values for core params
[    0.551487] Finished setting default values for core params
[    0.754269] Using Buffer DMA mode
[    0.756670] Periodic Transfer Interrupt Enhancement - disabled
[    0.759100] Multiprocessor Interrupt Enhancement - disabled
[    0.761484] OTG VER PARAM: 0, OTG VER FLAG: 0
[    0.763825] Dedicated Tx FIFOs mode
[    0.766539] WARN::dwc_otg_hcd_init:1074: FIQ DMA bounce buffers: virt = bad14000 dma = 0xfad14000 len=9024
[    0.771141] FIQ FSM acceleration enabled for :
[    0.771141] Non-periodic Split Transactions
[    0.771141] Periodic Split Transactions
[    0.771141] High-Speed Isochronous Endpoints
[    0.771141] Interrupt/Control Split Transaction hack enabled
[    0.782081] WARN::hcd_init_fiq:457: FIQ on core 1
[    0.784302] WARN::hcd_init_fiq:458: FIQ ASM at 8068fda0 length 36
[    0.786505] WARN::hcd_init_fiq:497: MPHI regs_base at bb810000
[    0.788756] dwc_otg 3f980000.usb: DWC OTG Controller
[    0.791011] dwc_otg 3f980000.usb: new USB bus registered, assigned bus number 1
[    0.793327] dwc_otg 3f980000.usb: irq 56, io mem 0x00000000
[    0.795627] Init: Port Power? op_state=1
[    0.797879] Init: Power Port (0)
[    0.800279] usb usb1: New USB device found, idVendor=1d6b, idProduct=0002, bcdDevice= 4.19
[    0.804768] usb usb1: New USB device strings: Mfr=3, Product=2, SerialNumber=1
[    0.807196] usb usb1: Product: DWC OTG Controller
[    0.809555] usb usb1: Manufacturer: Linux 4.19.118-v7+ dwc_otg_hcd
[    0.811971] usb usb1: SerialNumber: 3f980000.usb
[    0.814927] hub 1-0:1.0: USB hub found
[    0.817230] hub 1-0:1.0: 1 port detected
[    0.820263] usbcore: registered new interface driver usb-storage
[    0.822722] mousedev: PS/2 mouse device common for all mice
[    0.825855] bcm2835-wdt bcm2835-wdt: Broadcom BCM2835 watchdog timer
[    0.828510] bcm2835-cpufreq: min=600000 max=1400000
[    0.831320] sdhci: Secure Digital Host Controller Interface driver
[    0.833731] sdhci: Copyright(c) Pierre Ossman
[    0.836533] sdhost-bcm2835 3f202000.mmc: could not get clk, deferring probe
[    0.839215] sdhci-pltfm: SDHCI platform and OF driver helper
[    0.843274] ledtrig-cpu: registered to indicate activity on CPUs
[    0.845958] hidraw: raw HID events driver (C) Jiri Kosina
[    0.848696] usbcore: registered new interface driver usbhid
[    0.851239] usbhid: USB HID core driver
[    0.854540] vchiq: vchiq_init_state: slot_zero = (ptrval), is_master = 0
[    0.858686] [vc_sm_connected_init]: start
[    0.867379] [vc_sm_connected_init]: end - returning 0
[    0.870908] Initializing XFRM netlink socket
[    0.873299] NET: Registered protocol family 17
[    0.875759] Key type dns_resolver registered
[    0.878764] Registering SWP/SWPB emulation handler
[    0.881771] registered taskstats version 1
[    0.884150] Loading compiled-in X.509 certificates
[    0.893184] uart-pl011 3f201000.serial: cts_event_workaround enabled
[    0.895684] 3f201000.serial: ttyAMA0 at MMIO 0x3f201000 (irq = 81, base_baud = 0) is a PL011 rev2
[    1.899391] console [ttyAMA0] enabled
[    1.907479] sdhost: log_buf @ (ptrval) (fad13000)
[    1.962914] mmc0: sdhost-bcm2835 loaded - DMA enabled (>1)
[    1.972103] of_cfs_init
[    1.976950] of_cfs_init: OK
[    1.982501] Waiting for root device PARTUUID=4c999877-02...
[    2.017032] Indeed it is in host mode hprt0 = 00021501
[    2.112083] random: fast init done
[    2.122725] mmc0: host does not support reading read-only switch, assuming write-enable
[    2.141877] mmc0: new high speed SDHC card at address aaaa
[    2.150897] mmcblk0: mmc0:aaaa SL16G 14.8 GiB
[    2.164060]  mmcblk0: p1 p2
[    2.210884] EXT4-fs (mmcblk0p2): mounted filesystem with ordered data mode. Opts: (null)
[    2.223965] VFS: Mounted root (ext4 filesystem) readonly on device 179:2.
[    2.226951] usb 1-1: new high-speed USB device number 2 using dwc_otg
[    2.242620] Indeed it is in host mode hprt0 = 00001101
[    2.244740] devtmpfs: mounted
[    2.312222] Freeing unused kernel memory: 1024K
[    2.319691] Run /sbin/init as init process
[    2.487256] usb 1-1: New USB device found, idVendor=0424, idProduct=2514, bcdDevice= b.b3
[    2.500616] usb 1-1: New USB device strings: Mfr=0, Product=0, SerialNumber=0
[    2.511162] hub 1-1:1.0: USB hub found
[    2.517806] hub 1-1:1.0: 4 ports detected
[    2.836966] usb 1-1.1: new high-speed USB device number 3 using dwc_otg
[    2.962724] systemd[1]: System time before build time, advancing clock.
[    2.967276] usb 1-1.1: New USB device found, idVendor=0424, idProduct=2514, bcdDevice= b.b3
[    2.986035] usb 1-1.1: New USB device strings: Mfr=0, Product=0, SerialNumber=0
[    2.996739] hub 1-1.1:1.0: USB hub found
[    3.003607] hub 1-1.1:1.0: 3 ports detected
[    3.059456] systemd[1]: systemd 241 running in system mode. (+PAM +AUDIT +SELINUX +IMA +APPARMOR +SMACK +SYSVINIT +UTMP +LIBCRYPTSETUP +GCRYPT +GNUTLS +ACL +XZ +LZ4 +SECCOMP +B
LKID +ELFUTILS +KMOD -IDN2 +IDN -PCRE2 default-hierarchy=hybrid)
[    3.090366] systemd[1]: Detected architecture arm.
[    3.119253] systemd[1]: Set hostname to <raspberrypi>.
[    3.230655] uart-pl011 3f201000.serial: no DMA platform data
[    3.686969] usb 1-1.1.1: new high-speed USB device number 4 using dwc_otg
[    3.817486] usb 1-1.1.1: New USB device found, idVendor=0424, idProduct=7800, bcdDevice= 3.00
[    3.831551] usb 1-1.1.1: New USB device strings: Mfr=0, Product=0, SerialNumber=0
[    4.064753] random: systemd: uninitialized urandom read (16 bytes read)
[    4.085771] random: systemd: uninitialized urandom read (16 bytes read)
[    4.096032] systemd[1]: Started Dispatch Password Requests to Console Directory Watch.
[    4.109758] lan78xx 1-1.1.1:1.0 (unnamed net_device) (uninitialized): No External EEPROM. Setting MAC Speed
[    4.126256] libphy: lan78xx-mdiobus: probed
[    4.136423] random: systemd: uninitialized urandom read (16 bytes read)
[    4.146752] systemd[1]: Listening on initctl Compatibility Named Pipe.
[    4.160939] lan78xx 1-1.1.1:1.0 (unnamed net_device) (uninitialized): int urb period 64
[    4.161117] systemd[1]: Listening on udev Control Socket.

[  132.677619] Internal error: Oops - undefined instruction: 0 [#1] SMP ARM
[  132.685095] Modules linked in:
[  132.688882] CPU: 1 PID: 2378 Comm: uvbench.sh Not tainted 4.19.118-v7+ #1311
[  132.696729] Hardware name: BCM2835
[  132.700995] PC is at copy_page+0x60/0x80
[  132.705721] LR is at   (null)
[  132.709497] pc : [<80853500>]    lr : [<00000000>]    psr: 20000113
[  132.716662] sp : b4531d78  ip : 00000019  fp : b4531d8c
[  132.722768] r10: b64da000  r9 : b7c5d000  r8 : b44a3ea0
[  132.728858] r7 : 80d04d48  r6 : bab95474  r5 : baaf6588  r4 : 00000000
[  132.736268] r3 : 00000000  r2 : 0000000d  r1 : b42d2910  r0 : b8975900
[  132.743682] Flags: nzCv  IRQs on  FIQs on  Mode SVC_32  ISA ARM  Segment user
[  132.751745] Control: 10c5383d  Table: 345e406a  DAC: 00000055
[  132.758455] Process uvbench.sh (pid: 2378, stack limit = 0x5a930686)
[  132.765808] Stack: (0xb4531d78 to 0xb4532000)
[  132.771168] 1d60:                                                       b4531e34 8011b16c
[  132.781360] 1d80: b4531de4 b4531d90 802969e4 8011b0b8 b4531dc8 00000001 b4531ebc 000000c3
[  132.791654] 1da0: b4531dc4 b4531db0 802e1438 802bb514 b4531e08 01c22cd2 b4531e7c b4531e34
[  132.802065] 1dc0: 80d04d48 b44a3ea0 00000055 00000040 b7c5d000 00000800 b4531e1c b4531de8
[  132.812525] 1de0: 8029979c 80296950 b7c5d000 00000800 00000002 01c22cd2 b44a3ea0 000006d2
[  132.823043] 1e00: 80d04d48 00000055 00000040 b7c5d000 b4531e9c b4531e20 8029af40 802996e0
[  132.833724] 1e20: 80d04d48 7ec9d198 5c1e4904 186c1dda 5f116407 b44a3ea0 00000055 006000c0
[  132.844503] 1e40: 000006d2 006d2000 b45e4018 b45e4018 342d27df 00000000 00000000 baaf6588
[  132.855397] 1e60: b7dcf348 bab7b130 00000000 01c22cd2 b4531e9c b4531fb0 b67d5a00 006d204c
[  132.866365] 1e80: b64da000 0000080f b64da03c 00000800 b4531ef4 b4531ea0 80874a7c 8029aa18
[  132.877392] 1ea0: 5f116407 186c1dda 5c1e4904 00000000 5d252f67 03724ee8 00000311 00000000
[  132.888526] 1ec0: b93585d8 00000055 b66d0544 80d0a6c4 80d04d48 0000080f 80874738 006d204c
[  132.899723] 1ee0: b4531fb0 000364d8 b4531fac b4531ef8 801167fc 80874744 000007ff 40000013
[  132.910917] 1f00: 00000fff 000081ed 00000001 00001000 00000000 00000000 00000874 00000000
[  132.922098] 1f20: 00000311 00000000 0b300002 00000000 00000000 00000000 00016884 00000000
[  132.933296] 1f40: 5f116407 00000000 186c1dda 00000000 5c1e4904 00000000 00000000 00000000
[  132.944498] 1f60: 5d252f67 80101c9c 80000010 ffffffff 10c5383d 10c5387d 00000005 000364d8
[  132.955694] 1f80: b4531fac 01c22cd2 76e43238 80000010 ffffffff 10c5383d 10c5387d 00000005
[  132.966888] 1fa0: 00000000 b4531fb0 80101ca4 801167b0 76f62170 00000000 00000000 006d2008
[  132.978084] 1fc0: 0000000f 76f62198 76f1a000 0000000f 006d200c 00000005 000364d8 006d54b4
[  132.989263] 1fe0: 006d3230 7ec9d148 76e43128 76e43238 80000010 ffffffff 00000000 00000000
[  133.000464] Code: e8b15018 e2522001 e8a05018 c8b15018 (caffffeb)
[  133.008069] ---[ end trace 1ac4dd58a32f2ba5 ]---

Message from syslogd@raspberrypi at Dec  7 12:37:08 ...
 kernel:[  132.677619] Internal error: Oops - undefined instruction: 0 [#1] SMP ARM

Message from syslogd@raspberrypi at Dec  7 12:37:08 ...
 kernel:[  132.758455] Process uvbench.sh (pid: 2378, stack limit = 0x5a930686)

Message from syslogd@raspberrypi at Dec  7 12:37:08 ...
 kernel:[  132.765808] Stack: (0xb4531d78 to 0xb4532000)

Message from syslogd@raspberrypi at Dec  7 12:37:08 ...
 kernel:[  132.771168] 1d60:                                                       b4531e34 8011b16c

Message from syslogd@raspberrypi at Dec  7 12:37:08 ...
 kernel:[  132.781360] 1d80: b4531de4 b4531d90 802969e4 8011b0b8 b4531dc8 00000001 b4531ebc 000000c3

Message from syslogd@raspberrypi at Dec  7 12:37:08 ...
 kernel:[  132.791654] 1da0: b4531dc4 b4531db0 802e1438 802bb514 b4531e08 01c22cd2 b4531e7c b4531e34

Message from syslogd@raspberrypi at Dec  7 12:37:08 ...
 kernel:[  132.802065] 1dc0: 80d04d48 b44a3ea0 00000055 00000040 b7c5d000 00000800 b4531e1c b4531de8

Message from syslogd@raspberrypi at Dec  7 12:37:08 ...
 kernel:[  132.812525] 1de0: 8029979c 80296950 b7c5d000 00000800 00000002 01c22cd2 b44a3ea0 000006d2

Message from syslogd@raspberrypi at Dec  7 12:37:08 ...
 kernel:[  132.823043] 1e00: 80d04d48 00000055 00000040 b7c5d000 b4531e9c b4531e20 8029af40 802996e0

Message from syslogd@raspberrypi at Dec  7 12:37:08 ...
 kernel:[  132.833724] 1e20: 80d04d48 7ec9d198 5c1e4904 186c1dda 5f116407 b44a3ea0 00000055 006000c0

Message from syslogd@raspberrypi at Dec  7 12:37:08 ...
 kernel:[  132.844503] 1e40: 000006d2 006d2000 b45e4018 b45e4018 342d27df 00000000 00000000 baaf6588

Message from syslogd@raspberrypi at Dec  7 12:37:08 ...
 kernel:[  132.855397] 1e60: b7dcf348 bab7b130 00000000 01c22cd2 b4531e9c b4531fb0 b67d5a00 006d204c

Message from syslogd@raspberrypi at Dec  7 12:37:08 ...
 kernel:[  132.866365] 1e80: b64da000 0000080f b64da03c 00000800 b4531ef4 b4531ea0 80874a7c 8029aa18

Message from syslogd@raspberrypi at Dec  7 12:37:08 ...
 kernel:[  132.877392] 1ea0: 5f116407 186c1dda 5c1e4904 00000000 5d252f67 03724ee8 00000311 00000000

Message from syslogd@raspberrypi at Dec  7 12:37:08 ...
 kernel:[  132.888526] 1ec0: b93585d8 00000055 b66d0544 80d0a6c4 80d04d48 0000080f 80874738 006d204c

Message from syslogd@raspberrypi at Dec  7 12:37:08 ...
 kernel:[  132.899723] 1ee0: b4531fb0 000364d8 b4531fac b4531ef8 801167fc 80874744 000007ff 40000013

Message from syslogd@raspberrypi at Dec  7 12:37:08 ...
 kernel:[  132.910917] 1f00: 00000fff 000081ed 00000001 00001000 00000000 00000000 00000874 00000000

Message from syslogd@raspberrypi at Dec  7 12:37:08 ...
 kernel:[  132.922098] 1f20: 00000311 00000000 0b300002 00000000 00000000 00000000 00016884 00000000

Message from syslogd@raspberrypi at Dec  7 12:37:08 ...
 kernel:[  132.933296] 1f40: 5f116407 00000000 186c1dda 00000000 5c1e4904 00000000 00000000 00000000

Message from syslogd@raspberrypi at Dec  7 12:37:08 ...
 kernel:[  132.944498] 1f60: 5d252f67 80101c9c 80000010 ffffffff 10c5383d 10c5387d 00000005 000364d8

Message from syslogd@raspberrypi at Dec  7 12:37:08 ...
 kernel:[  132.955694] 1f80: b4531fac 01c22cd2 76e43238 80000010 ffffffff 10c5383d 10c5387d 00000005

Message from syslogd@raspberrypi at Dec  7 12:37:08 ...
 kernel:[  132.966888] 1fa0: 00000000 b4531fb0 80101ca4 801167b0 76f62170 00000000 00000000 006d2008

Message from syslogd@raspberrypi at Dec  7 12:37:08 ...
 kernel:[  132.978084] 1fc0: 0000000f 76f62198 76f1a000 0000000f 006d200c 00000005 000364d8 006d54b4

Message from syslogd@raspberrypi at Dec  7 12:37:08 ...
 kernel:[  132.989263] 1fe0: 006d3230 7ec9d148 76e43128 76e43238 80000010 ffffffff 00000000 00000000

Message from syslogd@raspberrypi at Dec  7 12:37:08 ...
 kernel:[  133.000464] Code: e8b15018 e2522001 e8a05018 c8b15018 (caffffeb)
[  134.187559] Internal error: Oops - undefined instruction: 0 [#2] SMP ARM
[  134.195793] Modules linked in:
[  134.200292] CPU: 1 PID: 2404 Comm: uvbench.sh Tainted: G      D           4.19.118-v7+ #1311
[  134.211582] Hardware name: BCM2835
[  134.216352] PC is at copy_page+0x20/0x80
[  134.221607] LR is at 0xa292867
[  134.225937] pc : [<808534c0>]    lr : [<0a292867>]    psr: 20000113
[  134.233488] sp : b4681d78  ip : 69666e6f  fp : b4681d8c
[  134.239969] r10: b5def600  r9 : b7c5d000  r8 : b4559e40
[  134.246414] r7 : 80d04d48  r6 : bab76d30  r5 : baaf0798  r4 : 635f6b63
[  134.254141] r3 : 6568630a  r2 : 00000010  r1 : b4036790  r0 : b7bec790
[  134.261841] Flags: nzCv  IRQs on  FIQs on  Mode SVC_32  ISA ARM  Segment user
[  134.270140] Control: 10c5383d  Table: 3454406a  DAC: 00000055
[  134.277035] Process uvbench.sh (pid: 2404, stack limit = 0x127cb988)
[  134.284525] Stack: (0xb4681d78 to 0xb4682000)
[  134.289979] 1d60:                                                       b4681e34 8011b16c
[  134.300248] 1d80: b4681de4 b4681d90 802969e4 8011b0b8 00000000 ba385a00 e6d3b509 80d07b44
[  134.310519] 1da0: 80e1c4a0 000000d3 80e1c4a0 80d07b44 b7c5d000 01c22cd2 b4681e0c b4681e34
[  134.320843] 1dc0: 80d04d48 b4559e40 00000055 00000040 b7c5d000 00000800 b4681e1c b4681de8
[  134.331239] 1de0: 8029979c 80296950 b7c5d000 00000800 00000002 01c22cd2 b4559e40 00000016
[  134.341761] 1e00: 80d04d48 00000055 00000040 b7c5d000 b4681e9c b4681e20 8029af40 802996e0
[  134.352444] 1e20: 00000000 b4681e30 801555ec 80155280 ba385480 b4559e40 00000055 006200ca
[  134.363227] 1e40: 00000016 00036000 b4544000 b4544000 340367df 00000000 00000000 baaf0798
[  134.374122] 1e60: b46030d8 baafd880 00000000 01c22cd2 b4681e9c b4681fb0 b5cc5a00 00036500
[  134.385095] 1e80: b5def600 0000080f b5def63c 00000800 b4681ef4 b4681ea0 80874a7c 8029aa18
[  134.396123] 1ea0: 80d04d48 802cc84c b9eacb00 00000000 b4681edc b4681ec0 80203680 00000000
[  134.407261] 1ec0: 00000000 00000055 b66d5f44 80d0a6c4 80d04d48 0000080f 80874738 00036500
[  134.418460] 1ee0: b4681fb0 00035d90 b4681fac b4681ef8 801167fc 80874744 00000000 40000013
[  134.429656] 1f00: 00000004 01c22cd2 00000000 00000965 b66d5a00 8011fb3c 01c22cd2 00000000
[  134.440838] 1f20: b4681f8c 01c22cd2 8011fb3c 00000000 b44cd6c0 b5c33900 00000006 802cc854
[  134.452034] 1f40: 01c22cd2 00000000 b4681f74 b4681f58 802cc854 802d229c 00000007 b5c33900
[  134.463226] 1f60: 00000004 80101c9c 60000010 ffffffff 10c5383d 10c5387d 0003606c 00035d90
[  134.474406] 1f80: b4681fac 01c22cd2 00014d48 60000010 ffffffff 10c5383d 10c5387d 0003606c
[  134.485596] 1fa0: 00000000 b4681fb0 80101ca4 801167b0 00000000 006d3df5 00000073 00036500
[  134.496790] 1fc0: 00000000 006d3df4 00000000 006d26b8 000364d8 0003606c 00035d90 006d3b34
[  134.507972] 1fe0: 00035eac 7ec9cce0 00014d38 00014d48 60000010 ffffffff 00000000 00000000
[  134.519166] Code: e8b15018 f5d1f080 f5d1f0c0 e8a05018 (e8b15018)
[  134.526777] ---[ end trace 1ac4dd58a32f2ba6 ]---

Message from syslogd@raspberrypi at Dec  7 12:37:10 ...
 kernel:[  134.187559] Internal error: Oops - undefined instruction: 0 [#2] SMP ARM

Message from syslogd@raspberrypi at Dec  7 12:37:10 ...
 kernel:[  134.277035] Process uvbench.sh (pid: 2404, stack limit = 0x127cb988)

Message from syslogd@raspberrypi at Dec  7 12:37:10 ...
 kernel:[  134.284525] Stack: (0xb4681d78 to 0xb4682000)

Message from syslogd@raspberrypi at Dec  7 12:37:10 ...
 kernel:[  134.289979] 1d60:                                                       b4681e34 8011b16c

Message from syslogd@raspberrypi at Dec  7 12:37:10 ...
 kernel:[  134.300248] 1d80: b4681de4 b4681d90 802969e4 8011b0b8 00000000 ba385a00 e6d3b509 80d07b44

Message from syslogd@raspberrypi at Dec  7 12:37:10 ...
 kernel:[  134.310519] 1da0: 80e1c4a0 000000d3 80e1c4a0 80d07b44 b7c5d000 01c22cd2 b4681e0c b4681e34

Message from syslogd@raspberrypi at Dec  7 12:37:10 ...
 kernel:[  134.320843] 1dc0: 80d04d48 b4559e40 00000055 00000040 b7c5d000 00000800 b4681e1c b4681de8

Message from syslogd@raspberrypi at Dec  7 12:37:10 ...
 kernel:[  134.331239] 1de0: 8029979c 80296950 b7c5d000 00000800 00000002 01c22cd2 b4559e40 00000016

Message from syslogd@raspberrypi at Dec  7 12:37:10 ...
 kernel:[  134.341761] 1e00: 80d04d48 00000055 00000040 b7c5d000 b4681e9c b4681e20 8029af40 802996e0

Message from syslogd@raspberrypi at Dec  7 12:37:10 ...
 kernel:[  134.352444] 1e20: 00000000 b4681e30 801555ec 80155280 ba385480 b4559e40 00000055 006200ca

Message from syslogd@raspberrypi at Dec  7 12:37:10 ...
 kernel:[  134.363227] 1e40: 00000016 00036000 b4544000 b4544000 340367df 00000000 00000000 baaf0798

Message from syslogd@raspberrypi at Dec  7 12:37:10 ...
 kernel:[  134.374122] 1e60: b46030d8 baafd880 00000000 01c22cd2 b4681e9c b4681fb0 b5cc5a00 00036500

Message from syslogd@raspberrypi at Dec  7 12:37:10 ...
 kernel:[  134.385095] 1e80: b5def600 0000080f b5def63c 00000800 b4681ef4 b4681ea0 80874a7c 8029aa18

Message from syslogd@raspberrypi at Dec  7 12:37:10 ...
 kernel:[  134.396123] 1ea0: 80d04d48 802cc84c b9eacb00 00000000 b4681edc b4681ec0 80203680 00000000

Message from syslogd@raspberrypi at Dec  7 12:37:10 ...
 kernel:[  134.407261] 1ec0: 00000000 00000055 b66d5f44 80d0a6c4 80d04d48 0000080f 80874738 00036500

Message from syslogd@raspberrypi at Dec  7 12:37:10 ...
 kernel:[  134.418460] 1ee0: b4681fb0 00035d90 b4681fac b4681ef8 801167fc 80874744 00000000 40000013

Message from syslogd@raspberrypi at Dec  7 12:37:10 ...
 kernel:[  134.429656] 1f00: 00000004 01c22cd2 00000000 00000965 b66d5a00 8011fb3c 01c22cd2 00000000

Message from syslogd@raspberrypi at Dec  7 12:37:10 ...                  12

[  200.847756] rcu: INFO: rcu_sched detected stalls on CPUs/tasks:
[  200.855178] rcu:     1-...0: (1 GPs behind) idle=c46/1/0x40000002 softirq=7851/7853 fqs=1041
[  200.866332] rcu:     (detected by 0, t=2103 jiffies, g=8065, q=8924)
[  200.873884] Sending NMI from CPU 0 to CPUs 1:
[  210.879752] rcu: rcu_sched kthread starved for 1000 jiffies! g8065 f0x0 RCU_GP_DOING_FQS(6) ->state=0x0 ->cpu=3
[  210.892685] rcu: RCU grace-period kthread stack dump:
[  210.899131] rcu_sched       R  running task        0    10      2 0x00000000
[  210.907597] [<8086e56c>] (__schedule) from [<8086ef3c>] (preempt_schedule_common+0x20/0x30)
[  210.918680] [<8086ef3c>] (preempt_schedule_common) from [<8086ef94>] (_cond_resched+0x48/0x50)
[  210.930036] [<8086ef94>] (_cond_resched) from [<8018ed04>] (rcu_gp_kthread+0x58c/0xa30)
[  210.940788] [<8018ed04>] (rcu_gp_kthread) from [<80142b10>] (kthread+0x138/0x168)
[  210.951009] [<80142b10>] (kthread) from [<801010ac>] (ret_from_fork+0x14/0x28)
[  210.959640] Exception stack(0xb9d3ffb0 to 0xb9d3fff8)
[  210.966081] ffa0:                                     00000000 00000000 00000000 00000000
[  210.977029] ffc0: 00000000 00000000 00000000 00000000 00000000 00000000 00000000 00000000
[  210.987983] ffe0: 00000000 00000000 00000000 00000000 00000013 00000000
[  263.897942] rcu: INFO: rcu_sched detected stalls on CPUs/tasks:
[  263.905320] rcu:     1-...0: (1 GPs behind) idle=c46/1/0x40000002 softirq=7851/7853 fqs=3574
[  263.916377] rcu:     (detected by 0, t=8408 jiffies, g=8065, q=30419)
[  263.923992] Sending NMI from CPU 0 to CPUs 1:
[  273.929982] rcu: rcu_sched kthread starved for 1081 jiffies! g8065 f0x0 RCU_GP_WAIT_FQS(5) ->state=0x0 ->cpu=3
[  273.943272] rcu: RCU grace-period kthread stack dump:
[  273.949940] rcu_sched       R  running task        0    10      2 0x00000000
[  273.958626] [<8086e56c>] (__schedule) from [<8086ebdc>] (schedule+0x50/0xa8)
[  273.967288] [<8086ebdc>] (schedule) from [<80872b94>] (schedule_timeout+0x1d0/0x428)
[  273.978127] [<80872b94>] (schedule_timeout) from [<8018ec24>] (rcu_gp_kthread+0x4ac/0xa30)
[  273.989501] [<8018ec24>] (rcu_gp_kthread) from [<80142b10>] (kthread+0x138/0x168)
[  274.000120] [<80142b10>] (kthread) from [<801010ac>] (ret_from_fork+0x14/0x28)
[  274.008986] Exception stack(0xb9d3ffb0 to 0xb9d3fff8)
[  274.015648] ffa0:                                     00000000 00000000 00000000 00000000
[  274.026983] ffc0: 00000000 00000000 00000000 00000000 00000000 00000000 00000000 00000000
[  274.038326] ffe0: 00000000 00000000 00000000 00000000 00000013 00000000
[  326.948076] rcu: INFO: rcu_sched detected stalls on CPUs/tasks:
[  326.955609] rcu:     1-...0: (1 GPs behind) idle=c46/1/0x40000002 softirq=7851/7853 fqs=3574
[  326.967052] rcu:     (detected by 0, t=14713 jiffies, g=8065, q=30421)
[  326.974938] Sending NMI from CPU 0 to CPUs 1:
[  336.981179] rcu: rcu_sched kthread starved for 7386 jiffies! g8065 f0x2 RCU_GP_WAIT_FQS(5) ->state=0x0 ->cpu=3
[  336.994416] rcu: RCU grace-period kthread stack dump:
[  337.001087] rcu_sched       R  running task        0    10      2 0x00000000
[  337.009772] [<8086e56c>] (__schedule) from [<8086ebdc>] (schedule+0x50/0xa8)
[  337.018437] [<8086ebdc>] (schedule) from [<80872b94>] (schedule_timeout+0x1d0/0x428)
[  337.029295] [<80872b94>] (schedule_timeout) from [<8018ec24>] (rcu_gp_kthread+0x4ac/0xa30)
[  337.040678] [<8018ec24>] (rcu_gp_kthread) from [<80142b10>] (kthread+0x138/0x168)
[  337.051310] [<80142b10>] (kthread) from [<801010ac>] (ret_from_fork+0x14/0x28)
[  337.060187] Exception stack(0xb9d3ffb0 to 0xb9d3fff8)
[  337.066859] ffa0:                                     00000000 00000000 00000000 00000000
[  337.078207] ffc0: 00000000 00000000 00000000 00000000 00000000 00000000 00000000 00000000
[  337.089563] ffe0: 00000000 00000000 00000000 00000000 00000013 00000000
[  389.998206] rcu: INFO: rcu_sched detected stalls on CPUs/tasks:
[  390.005518] rcu:     1-...0: (1 GPs behind) idle=c46/1/0x40000002 softirq=7851/7853 fqs=3574
[  390.016542] rcu:     (detected by 3, t=21018 jiffies, g=8065, q=30423)
[  390.024199] Sending NMI from CPU 3 to CPUs 1:
[  400.030262] rcu: rcu_sched kthread starved for 13691 jiffies! g8065 f0x2 RCU_GP_WAIT_FQS(5) ->state=0x0 ->cpu=3
[  400.043602] rcu: RCU grace-period kthread stack dump:
[  400.050044] rcu_sched       R  running task        0    10      2 0x00000000
[  400.058499] [<8086e56c>] (__schedule) from [<8086ebdc>] (schedule+0x50/0xa8)
[  400.066939] [<8086ebdc>] (schedule) from [<80872b94>] (schedule_timeout+0x1d0/0x428)
[  400.077364] [<80872b94>] (schedule_timeout) from [<8018ec24>] (rcu_gp_kthread+0x4ac/0xa30)
[  400.088300] [<8018ec24>] (rcu_gp_kthread) from [<80142b10>] (kthread+0x138/0x168)
[  400.098488] [<80142b10>] (kthread) from [<801010ac>] (ret_from_fork+0x14/0x28)
[  400.107133] Exception stack(0xb9d3ffb0 to 0xb9d3fff8)
[  400.113578] ffa0:                                     00000000 00000000 00000000 00000000
[  400.124485] ffc0: 00000000 00000000 00000000 00000000 00000000 00000000 00000000 00000000
[  400.135394] ffe0: 00000000 00000000 00000000 00000000 00000013 00000000
[  453.048336] rcu: INFO: rcu_sched detected stalls on CPUs/tasks:
[  453.055858] rcu:     1-...0: (1 GPs behind) idle=c46/1/0x40000002 softirq=7851/7853 fqs=3574
[  453.067307] rcu:     (detected by 3, t=27323 jiffies, g=8065, q=30425)
[  453.075184] Sending NMI from CPU 3 to CPUs 1:
[  463.081465] rcu: rcu_sched kthread starved for 19996 jiffies! g8065 f0x2 RCU_GP_WAIT_FQS(5) ->state=0x0 ->cpu=3
[  463.094790] rcu: RCU grace-period kthread stack dump:
[  463.101460] rcu_sched       R  running task        0    10      2 0x00000000
[  463.110140] [<8086e56c>] (__schedule) from [<8086ebdc>] (schedule+0x50/0xa8)
[  463.118797] [<8086ebdc>] (schedule) from [<80872b94>] (schedule_timeout+0x1d0/0x428)
[  463.129641] [<80872b94>] (schedule_timeout) from [<8018ec24>] (rcu_gp_kthread+0x4ac/0xa30)
[  463.141016] [<8018ec24>] (rcu_gp_kthread) from [<80142b10>] (kthread+0x138/0x168)
[  463.151619] [<80142b10>] (kthread) from [<801010ac>] (ret_from_fork+0x14/0x28)
[  463.160486] Exception stack(0xb9d3ffb0 to 0xb9d3fff8)
[  463.167150] ffa0:                                     00000000 00000000 00000000 00000000
[  463.178495] ffc0: 00000000 00000000 00000000 00000000 00000000 00000000 00000000 00000000
[  463.189846] ffe0: 00000000 00000000 00000000 00000000 00000013 00000000
