[    0.000000] Booting Linux on physical CPU 0x0
[    0.000000] Linux version 4.19.118-v7+ (dom@buildbot) (gcc version 4.9.3 (crosstool-NG crosstool-ng-1.22.0-88-g8460611)) #1311 SMP Mon Apr 27 14:21:24 BST 2020
[    0.000000] CPU: ARMv7 Processor [410fd034] revision 4 (ARMv7), cr=10c5383d
[    0.000000] CPU: div instructions available: patching division code
[    0.000000] CPU: PIPT / VIPT nonaliasing data cache, VIPT aliasing instruction cache
[    0.000000] OF: fdt: Machine model: Raspberry Pi 3 Model B Plus Rev 1.3
[    0.000000] Memory policy: Data cache writealloc
[    0.000000] cma: Reserved 8 MiB at 0x3ac00000
[    0.000000] random: get_random_bytes called from start_kernel+0xac/0x4b4 with crng_init=0
[    0.000000] percpu: Embedded 16 pages/cpu s36864 r8192 d20480 u65536
[    0.000000] Built 1 zonelists, mobility grouping on.  Total pages: 240555
[    0.000000] Kernel command line: coherent_pool=1M 8250.nr_uarts=1 snd_bcm2835.enable_compat_alsa=0 snd_bcm2835.enable_hdmi=1 snd_bcm2835.enable_headphones=1 bcm2708_fb.fbwidth=
656 bcm2708_fb.fbheight=416 bcm2708_fb.fbswap=1 vc_mem.mem_base=0x3ec00000 vc_mem.mem_size=0x40000000  dwc_otg.lpm_enable=0 console=ttyAMA0,115200 console=tty1 root=PARTUUID=4c999
877-02 rootfstype=ext4 elevator=deadline fsck.repair=yes rootwait
[    0.000000] Dentry cache hash table entries: 131072 (order: 7, 524288 bytes)
[    0.000000] Inode-cache hash table entries: 65536 (order: 6, 262144 bytes)
[    0.000000] Memory: 939064K/970752K available (8192K kernel code, 656K rwdata, 2232K rodata, 1024K init, 831K bss, 23496K reserved, 8192K cma-reserved)
[    0.000000] Virtual kernel memory layout:
[    0.000000]     vector  : 0xffff0000 - 0xffff1000   (   4 kB)
[    0.000000]     fixmap  : 0xffc00000 - 0xfff00000   (3072 kB)
[    0.000000]     vmalloc : 0xbb800000 - 0xff800000   (1088 MB)
[    0.000000]     lowmem  : 0x80000000 - 0xbb400000   ( 948 MB)
[    0.000000]     modules : 0x7f000000 - 0x80000000   (  16 MB)
[    0.000000]       .text : 0x(ptrval) - 0x(ptrval)   (9184 kB)
[    0.000000]       .init : 0x(ptrval) - 0x(ptrval)   (1024 kB)
[    0.000000]       .data : 0x(ptrval) - 0x(ptrval)   ( 657 kB)
[    0.000000]        .bss : 0x(ptrval) - 0x(ptrval)   ( 832 kB)
[    0.000000] SLUB: HWalign=64, Order=0-3, MinObjects=0, CPUs=4, Nodes=1
[    0.000000] ftrace: allocating 27093 entries in 80 pages
[    0.000000] rcu: Hierarchical RCU implementation.
[    0.000000] NR_IRQS: 16, nr_irqs: 16, preallocated irqs: 16
[    0.000000] arch_timer: cp15 timer(s) running at 19.20MHz (phys).
[    0.000000] clocksource: arch_sys_counter: mask: 0xffffffffffffff max_cycles: 0x46d987e47, max_idle_ns: 440795202767 ns
[    0.000007] sched_clock: 56 bits at 19MHz, resolution 52ns, wraps every 4398046511078ns
[    0.000023] Switching to timer-based delay loop, resolution 52ns
[    0.000277] Console: colour dummy device 80x30
[    0.000913] console [tty1] enabled
[    0.000972] Calibrating delay loop (skipped), value calculated using timer frequency.. 38.40 BogoMIPS (lpj=192000)
[    0.001015] pid_max: default: 32768 minimum: 301
[    0.001383] Mount-cache hash table entries: 2048 (order: 1, 8192 bytes)
[    0.001419] Mountpoint-cache hash table entries: 2048 (order: 1, 8192 bytes)
[    0.002372] CPU: Testing write buffer coherency: ok
[    0.002851] CPU0: thread -1, cpu 0, socket 0, mpidr 80000000
[    0.003533] Setting up static identity map for 0x100000 - 0x10003c
[    0.003700] rcu: Hierarchical SRCU implementation.
[    0.004526] smp: Bringing up secondary CPUs ...
[    0.005440] CPU1: thread -1, cpu 1, socket 0, mpidr 80000001
[    0.006417] CPU2: thread -1, cpu 2, socket 0, mpidr 80000002
[    0.007337] CPU3: thread -1, cpu 3, socket 0, mpidr 80000003
[    0.007451] smp: Brought up 1 node, 4 CPUs
[    0.007532] SMP: Total of 4 processors activated (153.60 BogoMIPS).
[    0.007556] CPU: All CPU(s) started in HYP mode.
[    0.007576] CPU: Virtualization extensions available.
[    0.008572] devtmpfs: initialized
[    0.022030] VFP support v0.3: implementor 41 architecture 3 part 40 variant 3 rev 4
[    0.022303] clocksource: jiffies: mask: 0xffffffff max_cycles: 0xffffffff, max_idle_ns: 19112604462750000 ns
[    0.022353] futex hash table entries: 1024 (order: 4, 65536 bytes)
[    0.022962] pinctrl core: initialized pinctrl subsystem
[    0.023832] NET: Registered protocol family 16
[    0.027041] DMA: preallocated 1024 KiB pool for atomic coherent allocations
[    0.032956] hw-breakpoint: found 5 (+1 reserved) breakpoint and 4 watchpoint registers.
[    0.032991] hw-breakpoint: maximum watchpoint size is 8 bytes.
[    0.033210] Serial: AMBA PL011 UART driver
[    0.035564] bcm2835-mbox 3f00b880.mailbox: mailbox enabled
[    0.050032] raspberrypi-firmware soc:firmware: Attached to firmware from 2020-04-15 11:43, variant start
[    0.060045] raspberrypi-firmware soc:firmware: Firmware hash is 82f9bb929ce2186eb1824178c1ae82902ad6275c
[    0.103088] bcm2835-dma 3f007000.dma: DMA legacy API manager at (ptrval), dmachans=0x1
[    0.104740] SCSI subsystem initialized
[    0.104987] usbcore: registered new interface driver usbfs
[    0.105068] usbcore: registered new interface driver hub
[    0.105182] usbcore: registered new device driver usb
[    0.106908] clocksource: Switched to clocksource arch_sys_counter
[    0.197481] VFS: Disk quotas dquot_6.6.0
[    0.197591] VFS: Dquot-cache hash table entries: 1024 (order 0, 4096 bytes)
[    0.197762] FS-Cache: Loaded
[    0.197988] CacheFiles: Loaded
[    0.207968] NET: Registered protocol family 2
[    0.208837] tcp_listen_portaddr_hash hash table entries: 512 (order: 0, 6144 bytes)
[    0.208901] TCP established hash table entries: 8192 (order: 3, 32768 bytes)
[    0.209031] TCP bind hash table entries: 8192 (order: 4, 65536 bytes)
[    0.209235] TCP: Hash tables configured (established 8192 bind 8192)
[    0.209397] UDP hash table entries: 512 (order: 2, 16384 bytes)
[    0.209468] UDP-Lite hash table entries: 512 (order: 2, 16384 bytes)
[    0.209726] NET: Registered protocol family 1
[    0.210316] RPC: Registered named UNIX socket transport module.
[    0.210343] RPC: Registered udp transport module.
[    0.210365] RPC: Registered tcp transport module.
[    0.210387] RPC: Registered tcp NFSv4.1 backchannel transport module.
[    0.212233] hw perfevents: enabled with armv7_cortex_a7 PMU driver, 7 counters available
[    0.215337] Initialise system trusted keyrings
[    0.215550] workingset: timestamp_bits=14 max_order=18 bucket_order=4
[    0.225517] FS-Cache: Netfs 'nfs' registered for caching
[    0.226095] NFS: Registering the id_resolver key type
[    0.226143] Key type id_resolver registered
[    0.226166] Key type id_legacy registered
[    0.226197] nfs4filelayout_init: NFSv4 File Layout Driver Registering...
[    0.231653] Key type asymmetric registered
[    0.231689] Asymmetric key parser 'x509' registered
[    0.231762] Block layer SCSI generic (bsg) driver version 0.4 loaded (major 250)
[    0.231956] io scheduler noop registered
[    0.231981] io scheduler deadline registered (default)
[    0.232197] io scheduler cfq registered
[    0.232221] io scheduler mq-deadline registered (default)
[    0.232245] io scheduler kyber registered
[    0.234466] bcm2708_fb soc:fb: FB found 1 display(s)
[    0.243843] Console: switching to colour frame buffer device 82x26
[    0.250699] bcm2708_fb soc:fb: Registered framebuffer for display 0, size 656x416
[    0.256344] Serial: 8250/16550 driver, 1 ports, IRQ sharing enabled
[    0.260182] bcm2835-rng 3f104000.rng: hwrng registered
[    0.262869] vc-mem: phys_addr:0x00000000 mem_base=0x3ec00000 mem_size:0x40000000(1024 MiB)
[    0.268273] vc-sm: Videocore shared memory driver
[    0.271087] gpiomem-bcm2835 3f200000.gpiomem: Initialised: Registers at 0x3f200000
[    0.287034] brd: module loaded
[    0.299738] loop: module loaded
[    0.302836] Loading iSCSI transport class v2.0-870.
[    0.306013] libphy: Fixed MDIO Bus: probed
[    0.308567] usbcore: registered new interface driver lan78xx
[    0.311088] usbcore: registered new interface driver smsc95xx
[    0.313528] dwc_otg: version 3.00a 10-AUG-2012 (platform bus)
[    0.343837] dwc_otg 3f980000.usb: base=(ptrval)
[    0.546540] Core Release: 2.80a
[    0.549023] Setting default values for core params
[    0.551526] Finished setting default values for core params
[    0.754309] Using Buffer DMA mode
[    0.756713] Periodic Transfer Interrupt Enhancement - disabled
[    0.759145] Multiprocessor Interrupt Enhancement - disabled
[    0.761533] OTG VER PARAM: 0, OTG VER FLAG: 0
[    0.763879] Dedicated Tx FIFOs mode
[    0.766598] WARN::dwc_otg_hcd_init:1074: FIQ DMA bounce buffers: virt = bad14000 dma = 0xfad14000 len=9024
[    0.771208] FIQ FSM acceleration enabled for :
[    0.771208] Non-periodic Split Transactions
[    0.771208] Periodic Split Transactions
[    0.771208] High-Speed Isochronous Endpoints
[    0.771208] Interrupt/Control Split Transaction hack enabled
[    0.782185] WARN::hcd_init_fiq:457: FIQ on core 1
[    0.784413] WARN::hcd_init_fiq:458: FIQ ASM at 8068fda0 length 36
[    0.786625] WARN::hcd_init_fiq:497: MPHI regs_base at bb810000
[    0.788883] dwc_otg 3f980000.usb: DWC OTG Controller
[    0.791147] dwc_otg 3f980000.usb: new USB bus registered, assigned bus number 1
[    0.793473] dwc_otg 3f980000.usb: irq 56, io mem 0x00000000
[    0.795779] Init: Port Power? op_state=1
[    0.798039] Init: Power Port (0)
[    0.800457] usb usb1: New USB device found, idVendor=1d6b, idProduct=0002, bcdDevice= 4.19
[    0.804967] usb usb1: New USB device strings: Mfr=3, Product=2, SerialNumber=1
[    0.807402] usb usb1: Product: DWC OTG Controller
[    0.809768] usb usb1: Manufacturer: Linux 4.19.118-v7+ dwc_otg_hcd
[    0.812193] usb usb1: SerialNumber: 3f980000.usb
[    0.815152] hub 1-0:1.0: USB hub found
[    0.817459] hub 1-0:1.0: 1 port detected
[    0.820501] usbcore: registered new interface driver usb-storage
[    0.822967] mousedev: PS/2 mouse device common for all mice
[    0.826111] bcm2835-wdt bcm2835-wdt: Broadcom BCM2835 watchdog timer
[    0.828772] bcm2835-cpufreq: min=600000 max=1400000
[    0.831592] sdhci: Secure Digital Host Controller Interface driver
[    0.834007] sdhci: Copyright(c) Pierre Ossman
[    0.836811] sdhost-bcm2835 3f202000.mmc: could not get clk, deferring probe
[    0.839500] sdhci-pltfm: SDHCI platform and OF driver helper
[    0.843552] ledtrig-cpu: registered to indicate activity on CPUs
[    0.846245] hidraw: raw HID events driver (C) Jiri Kosina
[    0.849012] usbcore: registered new interface driver usbhid
[    0.851556] usbhid: USB HID core driver
[    0.854871] vchiq: vchiq_init_state: slot_zero = (ptrval), is_master = 0
[    0.859024] [vc_sm_connected_init]: start
[    0.867745] [vc_sm_connected_init]: end - returning 0
[    0.871270] Initializing XFRM netlink socket
[    0.873658] NET: Registered protocol family 17
[    0.876119] Key type dns_resolver registered
[    0.879128] Registering SWP/SWPB emulation handler
[    0.882142] registered taskstats version 1
[    0.884524] Loading compiled-in X.509 certificates
[    0.893562] uart-pl011 3f201000.serial: cts_event_workaround enabled
[    0.896066] 3f201000.serial: ttyAMA0 at MMIO 0x3f201000 (irq = 81, base_baud = 0) is a PL011 rev2
[    1.899795] console [ttyAMA0] enabled
[    1.907877] sdhost: log_buf @ (ptrval) (fad13000)
[    1.963311] mmc0: sdhost-bcm2835 loaded - DMA enabled (>1)
[    1.972500] of_cfs_init
[    1.977350] of_cfs_init: OK
[    1.982925] Waiting for root device PARTUUID=4c999877-02...
[    2.017032] Indeed it is in host mode hprt0 = 00021501
[    2.112083] random: fast init done
[    2.122724] mmc0: host does not support reading read-only switch, assuming write-enable
[    2.142055] mmc0: new high speed SDHC card at address aaaa
[    2.151087] mmcblk0: mmc0:aaaa SL16G 14.8 GiB
[    2.164263]  mmcblk0: p1 p2
[    2.210946] EXT4-fs (mmcblk0p2): mounted filesystem with ordered data mode. Opts: (null)
[    2.224046] VFS: Mounted root (ext4 filesystem) readonly on device 179:2.
[    2.226947] usb 1-1: new high-speed USB device number 2 using dwc_otg
[    2.242707] Indeed it is in host mode hprt0 = 00001101
[    2.244846] devtmpfs: mounted
[    2.312309] Freeing unused kernel memory: 1024K
[    2.319771] Run /sbin/init as init process
[    2.487240] usb 1-1: New USB device found, idVendor=0424, idProduct=2514, bcdDevice= b.b3
[    2.500615] usb 1-1: New USB device strings: Mfr=0, Product=0, SerialNumber=0
[    2.511155] hub 1-1:1.0: USB hub found
[    2.517797] hub 1-1:1.0: 4 ports detected
[    2.836962] usb 1-1.1: new high-speed USB device number 3 using dwc_otg
[    2.962972] systemd[1]: System time before build time, advancing clock.
[    2.967273] usb 1-1.1: New USB device found, idVendor=0424, idProduct=2514, bcdDevice= b.b3
[    2.986264] usb 1-1.1: New USB device strings: Mfr=0, Product=0, SerialNumber=0
[    2.997011] hub 1-1.1:1.0: USB hub found
[    3.003839] hub 1-1.1:1.0: 3 ports detected
[    3.059526] systemd[1]: systemd 241 running in system mode. (+PAM +AUDIT +SELINUX +IMA +APPARMOR +SMACK +SYSVINIT +UTMP +LIBCRYPTSETUP +GCRYPT +GNUTLS +ACL +XZ +LZ4 +SECCOMP +B
LKID +ELFUTILS +KMOD -IDN2 +IDN -PCRE2 default-hierarchy=hybrid)
[    3.090611] systemd[1]: Detected architecture arm.
[    3.119302] systemd[1]: Set hostname to <raspberrypi>.
[    3.276190] uart-pl011 3f201000.serial: no DMA platform data
[    3.666961] usb 1-1.1.1: new high-speed USB device number 4 using dwc_otg
[    3.797400] usb 1-1.1.1: New USB device found, idVendor=0424, idProduct=7800, bcdDevice= 3.00
[    3.811478] usb 1-1.1.1: New USB device strings: Mfr=0, Product=0, SerialNumber=0
[    4.089562] lan78xx 1-1.1.1:1.0 (unnamed net_device) (uninitialized): No External EEPROM. Setting MAC Speed
[    4.094909] random: systemd: uninitialized urandom read (16 bytes read)
[    4.106310] libphy: lan78xx-mdiobus: probed
[    4.126637] random: systemd: uninitialized urandom read (16 bytes read)
[    4.137425] systemd[1]: Listening on Journal Socket.
[    4.149407] lan78xx 1-1.1.1:1.0 (unnamed net_device) (uninitialized): int urb period 64
[    4.177203] systemd[1]: Condition check resulted in Journal Audit Socket being skipped.
[    4.191369] random: systemd: uninitialized urandom read (16 bytes read)
[    4.205029] systemd[1]: Created slice User and Session Slice.
[  212.227907] Unable to handle kernel NULL pointer dereference at virtual address 00000000
[  212.237605] pgd = 7fbdbea8
[  212.241095] [00000000] *pgd=35c92835, *pte=00000000, *ppte=00000000
[  212.248206] Internal error: Oops: 817 [#1] SMP ARM
[  212.253843] Modules linked in:
[  212.257724] CPU: 3 PID: 473 Comm: test Not tainted 4.19.118-v7+ #1311
[  212.265039] Hardware name: BCM2835
[  212.269316] PC is at load_balance+0x2f4/0x9cc
[  212.274543] LR is at cpumask_next_and+0x20/0x24
[  212.279940] pc : [<8015d374>]    lr : [<80856950>]    psr: 60000193
[  212.287109] sp : b5e09db0  ip : b5e09d70  fp : b5e09e64
[  212.293256] r10: b5e09e2c  r9 : ba375400  r8 : 00000000
[  212.299416] r7 : ba375400  r6 : ba375a40  r5 : ba3719a8  r4 : ba371a40
[  212.306901] r3 : 00000000  r2 : ba375a40  r1 : 00000004  r0 : 00000000
[  212.314393] Flags: nZCv  IRQs off  FIQs on  Mode SVC_32  ISA ARM  Segment user
[  212.322624] Control: 10c5383d  Table: 35dac06a  DAC: 00000055
[  212.329389] Process test (pid: 473, stack limit = 0xb9dddf54)
[  212.336164] Stack: (0xb5e09db0 to 0xb5e0a000)
[  212.341559] 9da0:                                     80da6240 ba37d338 80c95400 b5e09ea8
[  212.351826] 9dc0: 00000003 80d04d48 80d04e68 00000000 00000001 b9c09000 80c95400 80d054c4
[  212.362107] 9de0: 80c95400 00000000 80874424 80000113 b9c09000 ba375400 00000002 00000003
[  212.372473] 9e00: ba385400 b9ce4694 00000000 00000001 00000095 ba37d338 00000009 00000001
[  212.382949] 9e20: 00000020 00000002 00000002 b5e09e2c b5e09e2c 01c22cd2 b5e09edc b9c09000
[  212.393510] 9e40: 80d03d00 fffff527 00000001 00006b56 00000000 00000000 b5e09edc b5e09e68
[  212.404195] 9e60: 8015dc14 8015d08c b5e09ea8 80d04d48 40000113 00000000 80d04dbc 80da6240
[  212.414986] 9e80: 00000003 80d04d48 ba385400 00000000 69c4640f 00000031 ba385400 0000000c
[  212.425923] 9ea0: 00006b56 00000000 00000001 01c22cd2 80102374 00000001 ba385400 b5e08038
[  212.436916] 9ec0: 00000100 b9c33000 0000001c 000000a0 b5e09ef4 b5e09ee0 8015e0f8 8015da58
[  212.447991] 9ee0: 80d0309c 00000007 b5e09f5c b5e09ef8 80102410 8015e064 b655bc00 b9c02dc0
[  212.459141] 9f00: 00000001 00400000 80d03d00 ffffddb8 0000000a 80c94fc0 80d90098 80d04d70
[  212.470316] 9f20: 80c8d308 80d03080 b5e09ef8 00000006 80185b8c 80c94fa8 00000000 00000000
[  212.481495] 9f40: 00000001 b9c33000 00000000 76fc4000 b5e09f6c b5e09f60 80126e18 8010228c
[  212.492672] 9f60: b5e09f94 b5e09f70 801803c0 80126d28 b5e09fb0 00000003 60000010 ffffffff
[  212.503844] 9f80: 10c5383d 10c5387d b5e09fac b5e09f98 801021b4 8018035c 79242c3a 00010b68
[  212.515024] 9fa0: 00000000 b5e09fb0 80101d0c 80102160 79242c3a 00022090 69379412 19582fde
[  212.526208] 9fc0: 00000000 00011068 00010638 00000000 00000000 00000000 76fc4000 7e997cac
[  212.537379] 9fe0: 00000000 7e997ca8 00000000 00010b68 60000010 ffffffff 00000000 00000000
[  212.548559] [<8015d374>] (load_balance) from [<8015dc14>] (rebalance_domains+0x1c8/0x364)
[  212.559744] [<8015dc14>] (rebalance_domains) from [<8015e0f8>] (run_rebalance_domains+0xa0/0xd8)
[  212.571546] [<8015e0f8>] (run_rebalance_domains) from [<80102410>] (__do_softirq+0x190/0x3f0)
[  212.583095] [<80102410>] (__do_softirq) from [<80126e18>] (irq_exit+0xfc/0x120)
[  212.591954] [<80126e18>] (irq_exit) from [<801803c0>] (__handle_domain_irq+0x70/0xc4)
[  212.602783] [<801803c0>] (__handle_domain_irq) from [<801021b4>] (bcm2836_arm_irqchip_handle_irq+0x60/0xa4)
[  212.615555] [<801021b4>] (bcm2836_arm_irqchip_handle_irq) from [<80101d0c>] (__irq_usr+0x4c/0x60)
[  212.627455] Exception stack(0xb5e09fb0 to 0xb5e09ff8)
[  212.633999] 9fa0:                                     79242c3a 00022090 69379412 19582fde
[  212.645113] 9fc0: 00000000 00011068 00010638 00000000 00000000 00000000 76fc4000 7e997cac
[  212.656179] 9fe0: 00000000 7e997ca8 00000000 00010b68 60000010 ffffffff
[  212.664264] Code: ca000007 ea0000b2 e894000c e5823004 (e5832000)
[  212.671798] ---[ end trace 43bd9d67bfe1987e ]---
[  212.677822] Kernel panic - not syncing: Fatal exception in interrupt
[  212.685582] CPU0: stopping
[  212.689646] CPU: 0 PID: 475 Comm: test Tainted: G      D           4.19.118-v7+ #1311
[  212.700139] Hardware name: BCM2835
[  212.704824] [<801120c8>] (unwind_backtrace) from [<8010d5fc>] (show_stack+0x20/0x24)
[  212.715139] [<8010d5fc>] (show_stack) from [<80856da8>] (dump_stack+0xe0/0x124)
[  212.723778] [<80856da8>] (dump_stack) from [<801104e0>] (handle_IPI+0x388/0x3a8)
[  212.733692] [<801104e0>] (handle_IPI) from [<801021f4>] (bcm2836_arm_irqchip_handle_irq+0xa0/0xa4)
[  212.745178] [<801021f4>] (bcm2836_arm_irqchip_handle_irq) from [<80101d0c>] (__irq_usr+0x4c/0x60)
[  212.756613] Exception stack(0xb5c99fb0 to 0xb5c99ff8)
[  212.762969] 9fa0:                                     79242c3a 00000000 69379412 00022090
[  212.773691] 9fc0: 00000000 00011068 00010638 00000000 00000000 00000000 76fe5000 7ecd8cac
[  212.784424] 9fe0: 00000000 7ecd8ca8 00000000 00010b44 60000010 ffffffff
[  212.792362] CPU1: stopping
[  212.796368] CPU: 1 PID: 471 Comm: test Tainted: G      D           4.19.118-v7+ #1311
[  212.806792] Hardware name: BCM2835
[  212.811476] [<801120c8>] (unwind_backtrace) from [<8010d5fc>] (show_stack+0x20/0x24)
[  212.821847] [<8010d5fc>] (show_stack) from [<80856da8>] (dump_stack+0xe0/0x124)
[  212.830518] [<80856da8>] (dump_stack) from [<801104e0>] (handle_IPI+0x388/0x3a8)
[  212.840522] [<801104e0>] (handle_IPI) from [<801021f4>] (bcm2836_arm_irqchip_handle_irq+0xa0/0xa4)
[  212.852145] [<801021f4>] (bcm2836_arm_irqchip_handle_irq) from [<80101d0c>] (__irq_usr+0x4c/0x60)
[  212.863676] Exception stack(0xb6627fb0 to 0xb6627ff8)
[  212.870032] 7fa0:                                     79242c3a 00000000 358f0fdd 00000000
[  212.880823] 7fc0: 00000000 00011068 00010638 00000000 00000000 00000000 76f68000 7ec31cac
[  212.891644] 7fe0: 00000000 7ec31ca8 00000000 00010b4c 60000010 ffffffff
[  213.748582] SMP: failed to stop secondary CPUs
[  213.754336] ---[ end Kernel panic - not syncing: Fatal exception in interrupt ]---
