[    0.000000] Booting Linux on physical CPU 0x0
[    0.000000] Linux version 4.19.118-v7+ (dom@buildbot) (gcc version 4.9.3 (crosstool-NG crosstool-ng-1.22.0-88-g8460611)) #1311 SMP Mon Apr 27 14:21:24 BST 2020
[    0.000000] CPU: ARMv7 Processor [410fd034] revision 4 (ARMv7), cr=10c5383d
[    0.000000] CPU: div instructions available: patching division code
[    0.000000] CPU: PIPT / VIPT nonaliasing data cache, VIPT aliasing instruction cache
[    0.000000] OF: fdt: Machine model: Raspberry Pi 3 Model B Plus Rev 1.3
[    0.000000] Memory policy: Data cache writealloc
[    0.000000] cma: Reserved 8 MiB at 0x3ac00000
[    0.000000] random: get_random_bytes called from start_kernel+0xac/0x4b4 with crng_init=0
[    0.000000] percpu: Embedded 16 pages/cpu s36864 r8192 d20480 u65536
[    0.000000] Built 1 zonelists, mobility grouping on.  Total pages: 240555
[    0.000000] Kernel command line: coherent_pool=1M 8250.nr_uarts=1 snd_bcm2835.enable_compat_alsa=0 snd_bcm2835.enable_hdmi=1 snd_bcm2835.enable_headphones=1 bcm2708_fb.fbwidth=
656 bcm2708_fb.fbheight=416 bcm2708_fb.fbswap=1 vc_mem.mem_base=0x3ec00000 vc_mem.mem_size=0x40000000  dwc_otg.lpm_enable=0 console=ttyAMA0,115200 console=tty1 root=PARTUUID=4c999
877-02 rootfstype=ext4 elevator=deadline fsck.repair=yes rootwait
[    0.000000] Dentry cache hash table entries: 131072 (order: 7, 524288 bytes)
[    0.000000] Inode-cache hash table entries: 65536 (order: 6, 262144 bytes)
[    0.000000] Memory: 939064K/970752K available (8192K kernel code, 656K rwdata, 2232K rodata, 1024K init, 831K bss, 23496K reserved, 8192K cma-reserved)
[    0.000000] Virtual kernel memory layout:
[    0.000000]     vector  : 0xffff0000 - 0xffff1000   (   4 kB)
[    0.000000]     fixmap  : 0xffc00000 - 0xfff00000   (3072 kB)
[    0.000000]     vmalloc : 0xbb800000 - 0xff800000   (1088 MB)
[    0.000000]     lowmem  : 0x80000000 - 0xbb400000   ( 948 MB)
[    0.000000]     modules : 0x7f000000 - 0x80000000   (  16 MB)
[    0.000000]       .text : 0x(ptrval) - 0x(ptrval)   (9184 kB)
[    0.000000]       .init : 0x(ptrval) - 0x(ptrval)   (1024 kB)
[    0.000000]       .data : 0x(ptrval) - 0x(ptrval)   ( 657 kB)
[    0.000000]        .bss : 0x(ptrval) - 0x(ptrval)   ( 832 kB)
[    0.000000] SLUB: HWalign=64, Order=0-3, MinObjects=0, CPUs=4, Nodes=1
[    0.000000] ftrace: allocating 27093 entries in 80 pages
[    0.000000] rcu: Hierarchical RCU implementation.
[    0.000000] NR_IRQS: 16, nr_irqs: 16, preallocated irqs: 16
[    0.000000] arch_timer: cp15 timer(s) running at 19.20MHz (phys).
[    0.000000] clocksource: arch_sys_counter: mask: 0xffffffffffffff max_cycles: 0x46d987e47, max_idle_ns: 440795202767 ns
[    0.000007] sched_clock: 56 bits at 19MHz, resolution 52ns, wraps every 4398046511078ns
[    0.000023] Switching to timer-based delay loop, resolution 52ns
[    0.000274] Console: colour dummy device 80x30
[    0.000911] console [tty1] enabled
[    0.000970] Calibrating delay loop (skipped), value calculated using timer frequency.. 38.40 BogoMIPS (lpj=192000)
[    0.001013] pid_max: default: 32768 minimum: 301
[    0.001380] Mount-cache hash table entries: 2048 (order: 1, 8192 bytes)
[    0.001415] Mountpoint-cache hash table entries: 2048 (order: 1, 8192 bytes)
[    0.002369] CPU: Testing write buffer coherency: ok
[    0.002851] CPU0: thread -1, cpu 0, socket 0, mpidr 80000000
[    0.003531] Setting up static identity map for 0x100000 - 0x10003c
[    0.003698] rcu: Hierarchical SRCU implementation.
[    0.004527] smp: Bringing up secondary CPUs ...
[    0.005440] CPU1: thread -1, cpu 1, socket 0, mpidr 80000001
[    0.006414] CPU2: thread -1, cpu 2, socket 0, mpidr 80000002
[    0.007332] CPU3: thread -1, cpu 3, socket 0, mpidr 80000003
[    0.007445] smp: Brought up 1 node, 4 CPUs
[    0.007527] SMP: Total of 4 processors activated (153.60 BogoMIPS).
[    0.007551] CPU: All CPU(s) started in HYP mode.
[    0.007571] CPU: Virtualization extensions available.
[    0.008564] devtmpfs: initialized
[    0.022026] VFP support v0.3: implementor 41 architecture 3 part 40 variant 3 rev 4
[    0.022300] clocksource: jiffies: mask: 0xffffffff max_cycles: 0xffffffff, max_idle_ns: 19112604462750000 ns
[    0.022350] futex hash table entries: 1024 (order: 4, 65536 bytes)
[    0.022960] pinctrl core: initialized pinctrl subsystem
[    0.023827] NET: Registered protocol family 16
[    0.027039] DMA: preallocated 1024 KiB pool for atomic coherent allocations
[    0.032958] hw-breakpoint: found 5 (+1 reserved) breakpoint and 4 watchpoint registers.
[    0.032993] hw-breakpoint: maximum watchpoint size is 8 bytes.
[    0.033213] Serial: AMBA PL011 UART driver
[    0.035564] bcm2835-mbox 3f00b880.mailbox: mailbox enabled
[    0.050027] raspberrypi-firmware soc:firmware: Attached to firmware from 2020-04-15 11:43, variant start
[    0.060041] raspberrypi-firmware soc:firmware: Firmware hash is 82f9bb929ce2186eb1824178c1ae82902ad6275c
[    0.103096] bcm2835-dma 3f007000.dma: DMA legacy API manager at (ptrval), dmachans=0x1
[    0.104746] SCSI subsystem initialized
[    0.104992] usbcore: registered new interface driver usbfs
[    0.105072] usbcore: registered new interface driver hub
[    0.105185] usbcore: registered new device driver usb
[    0.106910] clocksource: Switched to clocksource arch_sys_counter
[    0.197439] VFS: Disk quotas dquot_6.6.0
[    0.197550] VFS: Dquot-cache hash table entries: 1024 (order 0, 4096 bytes)
[    0.197720] FS-Cache: Loaded
[    0.197948] CacheFiles: Loaded
[    0.207951] NET: Registered protocol family 2
[    0.208818] tcp_listen_portaddr_hash hash table entries: 512 (order: 0, 6144 bytes)
[    0.208883] TCP established hash table entries: 8192 (order: 3, 32768 bytes)
[    0.209013] TCP bind hash table entries: 8192 (order: 4, 65536 bytes)
[    0.209218] TCP: Hash tables configured (established 8192 bind 8192)
[    0.209378] UDP hash table entries: 512 (order: 2, 16384 bytes)
[    0.209448] UDP-Lite hash table entries: 512 (order: 2, 16384 bytes)
[    0.209708] NET: Registered protocol family 1
[    0.210293] RPC: Registered named UNIX socket transport module.
[    0.210320] RPC: Registered udp transport module.
[    0.210342] RPC: Registered tcp transport module.
[    0.210364] RPC: Registered tcp NFSv4.1 backchannel transport module.
[    0.212210] hw perfevents: enabled with armv7_cortex_a7 PMU driver, 7 counters available
[    0.215318] Initialise system trusted keyrings
[    0.215536] workingset: timestamp_bits=14 max_order=18 bucket_order=4
[    0.225497] FS-Cache: Netfs 'nfs' registered for caching
[    0.226076] NFS: Registering the id_resolver key type
[    0.226125] Key type id_resolver registered
[    0.226148] Key type id_legacy registered
[    0.226179] nfs4filelayout_init: NFSv4 File Layout Driver Registering...
[    0.231631] Key type asymmetric registered
[    0.231668] Asymmetric key parser 'x509' registered
[    0.231741] Block layer SCSI generic (bsg) driver version 0.4 loaded (major 250)
[    0.231935] io scheduler noop registered
[    0.231959] io scheduler deadline registered (default)
[    0.232176] io scheduler cfq registered
[    0.232200] io scheduler mq-deadline registered (default)
[    0.232224] io scheduler kyber registered
[    0.234446] bcm2708_fb soc:fb: FB found 1 display(s)
[    0.243801] Console: switching to colour frame buffer device 82x26
[    0.250660] bcm2708_fb soc:fb: Registered framebuffer for display 0, size 656x416
[    0.256288] Serial: 8250/16550 driver, 1 ports, IRQ sharing enabled
[    0.260133] bcm2835-rng 3f104000.rng: hwrng registered
[    0.262819] vc-mem: phys_addr:0x00000000 mem_base=0x3ec00000 mem_size:0x40000000(1024 MiB)
[    0.268223] vc-sm: Videocore shared memory driver
[    0.271032] gpiomem-bcm2835 3f200000.gpiomem: Initialised: Registers at 0x3f200000
[    0.286966] brd: module loaded
[    0.299756] loop: module loaded
[    0.302866] Loading iSCSI transport class v2.0-870.
[    0.306031] libphy: Fixed MDIO Bus: probed
[    0.308589] usbcore: registered new interface driver lan78xx
[    0.311109] usbcore: registered new interface driver smsc95xx
[    0.313545] dwc_otg: version 3.00a 10-AUG-2012 (platform bus)
[    0.343852] dwc_otg 3f980000.usb: base=(ptrval)
[    0.546552] Core Release: 2.80a
[    0.549031] Setting default values for core params
[    0.551527] Finished setting default values for core params
[    0.754287] Using Buffer DMA mode
[    0.756681] Periodic Transfer Interrupt Enhancement - disabled
[    0.759103] Multiprocessor Interrupt Enhancement - disabled
[    0.761480] OTG VER PARAM: 0, OTG VER FLAG: 0
[    0.763819] Dedicated Tx FIFOs mode
[    0.766506] WARN::dwc_otg_hcd_init:1074: FIQ DMA bounce buffers: virt = bad14000 dma = 0xfad14000 len=9024
[    0.771098] FIQ FSM acceleration enabled for :
[    0.771098] Non-periodic Split Transactions
[    0.771098] Periodic Split Transactions
[    0.771098] High-Speed Isochronous Endpoints
[    0.771098] Interrupt/Control Split Transaction hack enabled
[    0.782029] WARN::hcd_init_fiq:457: FIQ on core 1
[    0.784251] WARN::hcd_init_fiq:458: FIQ ASM at 8068fda0 length 36
[    0.786460] WARN::hcd_init_fiq:497: MPHI regs_base at bb810000
[    0.788712] dwc_otg 3f980000.usb: DWC OTG Controller
[    0.790983] dwc_otg 3f980000.usb: new USB bus registered, assigned bus number 1
[    0.793300] dwc_otg 3f980000.usb: irq 56, io mem 0x00000000
[    0.795603] Init: Port Power? op_state=1
[    0.797861] Init: Power Port (0)
[    0.800283] usb usb1: New USB device found, idVendor=1d6b, idProduct=0002, bcdDevice= 4.19
[    0.804793] usb usb1: New USB device strings: Mfr=3, Product=2, SerialNumber=1
[    0.807232] usb usb1: Product: DWC OTG Controller
[    0.809600] usb usb1: Manufacturer: Linux 4.19.118-v7+ dwc_otg_hcd
[    0.812026] usb usb1: SerialNumber: 3f980000.usb
[    0.814986] hub 1-0:1.0: USB hub found
[    0.817294] hub 1-0:1.0: 1 port detected
[    0.820338] usbcore: registered new interface driver usb-storage
[    0.822801] mousedev: PS/2 mouse device common for all mice
[    0.825942] bcm2835-wdt bcm2835-wdt: Broadcom BCM2835 watchdog timer
[    0.828605] bcm2835-cpufreq: min=600000 max=1400000
[    0.831428] sdhci: Secure Digital Host Controller Interface driver
[    0.833850] sdhci: Copyright(c) Pierre Ossman
[    0.836663] sdhost-bcm2835 3f202000.mmc: could not get clk, deferring probe
[    0.839357] sdhci-pltfm: SDHCI platform and OF driver helper
[    0.843434] ledtrig-cpu: registered to indicate activity on CPUs
[    0.846132] hidraw: raw HID events driver (C) Jiri Kosina
[    0.848907] usbcore: registered new interface driver usbhid
[    0.851457] usbhid: USB HID core driver
[    0.854761] vchiq: vchiq_init_state: slot_zero = (ptrval), is_master = 0
[    0.858915] [vc_sm_connected_init]: start
[    0.867641] [vc_sm_connected_init]: end - returning 0
[    0.871154] Initializing XFRM netlink socket
[    0.873541] NET: Registered protocol family 17
[    0.875995] Key type dns_resolver registered
[    0.879003] Registering SWP/SWPB emulation handler
[    0.882016] registered taskstats version 1
[    0.884398] Loading compiled-in X.509 certificates
[    0.893417] uart-pl011 3f201000.serial: cts_event_workaround enabled
[    0.895926] 3f201000.serial: ttyAMA0 at MMIO 0x3f201000 (irq = 81, base_baud = 0) is a PL011 rev2
[    1.899652] console [ttyAMA0] enabled
[    1.907726] sdhost: log_buf @ (ptrval) (fad13000)
[    1.963169] mmc0: sdhost-bcm2835 loaded - DMA enabled (>1)
[    1.972352] of_cfs_init
[    1.977198] of_cfs_init: OK
[    1.982771] Waiting for root device PARTUUID=4c999877-02...
[    2.017031] Indeed it is in host mode hprt0 = 00021501
[    2.112086] random: fast init done
[    2.122729] mmc0: host does not support reading read-only switch, assuming write-enable
[    2.142051] mmc0: new high speed SDHC card at address aaaa
[    2.151094] mmcblk0: mmc0:aaaa SL16G 14.8 GiB
[    2.164267]  mmcblk0: p1 p2
[    2.210933] EXT4-fs (mmcblk0p2): mounted filesystem with ordered data mode. Opts: (null)
[    2.224034] VFS: Mounted root (ext4 filesystem) readonly on device 179:2.
[    2.226948] usb 1-1: new high-speed USB device number 2 using dwc_otg
[    2.242718] Indeed it is in host mode hprt0 = 00001101
[    2.244856] devtmpfs: mounted
[    2.312324] Freeing unused kernel memory: 1024K
[    2.319786] Run /sbin/init as init process
[    2.487263] usb 1-1: New USB device found, idVendor=0424, idProduct=2514, bcdDevice= b.b3
[    2.500635] usb 1-1: New USB device strings: Mfr=0, Product=0, SerialNumber=0
[    2.511175] hub 1-1:1.0: USB hub found
[    2.517823] hub 1-1:1.0: 4 ports detected
[    2.836963] usb 1-1.1: new high-speed USB device number 3 using dwc_otg
[    2.962908] systemd[1]: System time before build time, advancing clock.
[    2.967274] usb 1-1.1: New USB device found, idVendor=0424, idProduct=2514, bcdDevice= b.b3
[    2.986207] usb 1-1.1: New USB device strings: Mfr=0, Product=0, SerialNumber=0
[    2.996971] hub 1-1.1:1.0: USB hub found
[    3.003803] hub 1-1.1:1.0: 3 ports detected
[    3.059584] systemd[1]: systemd 241 running in system mode. (+PAM +AUDIT +SELINUX +IMA +APPARMOR +SMACK +SYSVINIT +UTMP +LIBCRYPTSETUP +GCRYPT +GNUTLS +ACL +XZ +LZ4 +SECCOMP +B
LKID +ELFUTILS +KMOD -IDN2 +IDN -PCRE2 default-hierarchy=hybrid)
[    3.090496] systemd[1]: Detected architecture arm.
[    3.119365] systemd[1]: Set hostname to <raspberrypi>.
[    3.308912] uart-pl011 3f201000.serial: no DMA platform data
[    3.666970] usb 1-1.1.1: new high-speed USB device number 4 using dwc_otg
[    3.797414] usb 1-1.1.1: New USB device found, idVendor=0424, idProduct=7800, bcdDevice= 3.00
[    3.811509] usb 1-1.1.1: New USB device strings: Mfr=0, Product=0, SerialNumber=0
[    4.058023] random: systemd: uninitialized urandom read (16 bytes read)
[    4.079606] random: systemd: uninitialized urandom read (16 bytes read)
[    4.089772] lan78xx 1-1.1.1:1.0 (unnamed net_device) (uninitialized): No External EEPROM. Setting MAC Speed
[    4.107071] libphy: lan78xx-mdiobus: probed
[    4.107295] systemd[1]: Created slice User and Session Slice.
[    4.126754] random: systemd: uninitialized urandom read (16 bytes read)
[    4.137354] systemd[1]: Listening on fsck to fsckd communication Socket.
[    4.141015] lan78xx 1-1.1.1:1.0 (unnamed net_device) (uninitialized): int urb period 64
[    4.164833] systemd[1]: Listening on Journal Socket (/dev/log).

[   47.715334] Kernel panic - not syncing: stack-protector: Kernel stack is corrupted in: __schedule
+0x9ac/0x9ac
[   47.726899] CPU: 1 PID: 963 Comm: uvbench.sh Tainted: G        W         4.19.118-v7+ #1311
[   47.737008] Hardware name: BCM2835
[   47.741392] [<801120c8>] (unwind_backtrace) from [<8010d5fc>] (show_stack+0x20/0x24)
[   47.750943] [<8010d5fc>] (show_stack) from [<80856da8>] (dump_stack+0xe0/0x124)
[   47.759266] [<80856da8>] (dump_stack) from [<80120ee8>] (panic+0x104/0x288)
[   47.767246] [<80120ee8>] (panic) from [<801209e8>] (print_tainted+0x0/0xa8)
[   47.775233] CPU0: stopping
[   47.778936] CPU: 0 PID: 472 Comm: test Tainted: G        W         4.19.118-v7+ #1311
[   47.788844] Hardware name: BCM2835
[   47.793315] [<801120c8>] (unwind_backtrace) from [<8010d5fc>] (show_stack+0x20/0x24)
[   47.803317] [<8010d5fc>] (show_stack) from [<80856da8>] (dump_stack+0xe0/0x124)
[   47.811845] [<80856da8>] (dump_stack) from [<801104e0>] (handle_IPI+0x388/0x3a8)
[   47.821665] [<801104e0>] (handle_IPI) from [<801021f4>] (bcm2836_arm_irqchip_handle_irq+0xa0/0xa4)
[   47.833174] [<801021f4>] (bcm2836_arm_irqchip_handle_irq) from [<80101d0c>] (__irq_usr+0x4c/0x60)
[   47.844600] Exception stack(0xb55bdfb0 to 0xb55bdff8)
[   47.850936] dfa0:                                     18571428 00000000 582d6a78 00022090
[   47.861694] dfc0: 00000000 00011068 00010638 00000000 00000000 00000000 76f11000 7ef9bcac
[   47.872435] dfe0: 00000000 7ef9bca8 00000000 00010b48 60000010 ffffffff
[   47.880378] CPU2: stopping
[   47.884386] CPU: 2 PID: 476 Comm: test Tainted: G        W         4.19.118-v7+ #1311
[   47.894800] Hardware name: BCM2835
[   47.899479] [<801120c8>] (unwind_backtrace) from [<8010d5fc>] (show_stack+0x20/0x24)
[   47.909844] [<8010d5fc>] (show_stack) from [<80856da8>] (dump_stack+0xe0/0x124)
[   47.918511] [<80856da8>] (dump_stack) from [<801104e0>] (handle_IPI+0x388/0x3a8)
[   47.928496] [<801104e0>] (handle_IPI) from [<801021f4>] (bcm2836_arm_irqchip_handle_irq+0xa0/0xa4)
[   47.940106] [<801021f4>] (bcm2836_arm_irqchip_handle_irq) from [<80101d0c>] (__irq_usr+0x4c/0x60)
[   47.951626] Exception stack(0xb55b5fb0 to 0xb55b5ff8)
[   47.957977] 5fa0:                                     582d6a78 07910f7d 582d6a78 00022090
[   47.968757] 5fc0: 00000000 00011068 00010638 00000000 00000000 00000000 76f64000 7ee19cac
[   47.979561] 5fe0: 00000000 7ee19ca8 00000000 00010b40 60000010 ffffffff
[   47.987510] CPU3: stopping
[   47.991510] CPU: 3 PID: 474 Comm: test Tainted: G        W         4.19.118-v7+ #1311
[   48.001927] Hardware name: BCM2835
[   48.006594] [<801120c8>] (unwind_backtrace) from [<8010d5fc>] (show_stack+0x20/0x24)
[   48.016963] [<8010d5fc>] (show_stack) from [<80856da8>] (dump_stack+0xe0/0x124)
[   48.025618] [<80856da8>] (dump_stack) from [<801104e0>] (handle_IPI+0x388/0x3a8)
[   48.035614] [<801104e0>] (handle_IPI) from [<801021f4>] (bcm2836_arm_irqchip_handle_irq+0xa0/0xa4)
[   48.047211] [<801021f4>] (bcm2836_arm_irqchip_handle_irq) from [<80101d0c>] (__irq_usr+0x4c/0x60)
[   48.058728] Exception stack(0xb6505fb0 to 0xb6505ff8)
[   48.065083] 5fa0:                                     18571428 00000000 4f953ac3 00000000
[   48.075856] 5fc0: 00000000 00011068 00010638 00000000 00000000 00000000 76f16000 7ece4cac
[   48.086669] 5fe0: 00000000 7ece4ca8 00000000 00010b4c 60000010 ffffffff
[   48.094620] ---[ end Kernel panic - not syncing: stack-protector: Kernel stack is corrupted in: __schedule+0x9ac/0x9ac ]---
