[    0.000000] Booting Linux on physical CPU 0x0
[    0.000000] Linux version 4.19.118-v7+ (dom@buildbot) (gcc version 4.9.3 (crosstool-NG crosstool-ng-1.22.0-88-g8460611)) #1311 SMP Mon Apr 27 14:21:24 BST 2020
[    0.000000] CPU: ARMv7 Processor [410fd034] revision 4 (ARMv7), cr=10c5383d
[    0.000000] CPU: div instructions available: patching division code
[    0.000000] CPU: PIPT / VIPT nonaliasing data cache, VIPT aliasing instruction cache
[    0.000000] OF: fdt: Machine model: Raspberry Pi 3 Model B Rev 1.2
[    0.000000] Memory policy: Data cache writealloc
[    0.000000] cma: Reserved 8 MiB at 0x3ac00000
[    0.000000] random: get_random_bytes called from start_kernel+0xac/0x4b4 with crng_init=0
[    0.000000] percpu: Embedded 16 pages/cpu s36864 r8192 d20480 u65536
[    0.000000] Built 1 zonelists, mobility grouping on.  Total pages: 240555
[    0.000000] Kernel command line: coherent_pool=1M 8250.nr_uarts=1 snd_bcm2835.enable_compat_alsa=0 snd_bcm2835.enable_hdmi=1 snd_bcm2835.enable_headphones=1 bcm2708_fb.fbwidth=
656 bcm2708_fb.fbheight=416 bcm2708_fb.fbswap=1 vc_mem.mem_base=0x3ec00000 vc_mem.mem_size=0x40000000  dwc_otg.lpm_enable=0 console=ttyAMA0,115200 console=tty1 root=PARTUUID=4c999
877-02 rootfstype=ext4 elevator=deadline fsck.repair=yes rootwait
[    0.000000] Dentry cache hash table entries: 131072 (order: 7, 524288 bytes)
[    0.000000] Inode-cache hash table entries: 65536 (order: 6, 262144 bytes)
[    0.000000] Memory: 939064K/970752K available (8192K kernel code, 656K rwdata, 2232K rodata, 1024K init, 831K bss, 23496K reserved, 8192K cma-reserved)
[    0.000000] Virtual kernel memory layout:
[    0.000000]     vector  : 0xffff0000 - 0xffff1000   (   4 kB)
[    0.000000]     fixmap  : 0xffc00000 - 0xfff00000   (3072 kB)
[    0.000000]     vmalloc : 0xbb800000 - 0xff800000   (1088 MB)
[    0.000000]     lowmem  : 0x80000000 - 0xbb400000   ( 948 MB)
[    0.000000]     modules : 0x7f000000 - 0x80000000   (  16 MB)
[    0.000000]       .text : 0x(ptrval) - 0x(ptrval)   (9184 kB)
[    0.000000]       .init : 0x(ptrval) - 0x(ptrval)   (1024 kB)
[    0.000000]       .data : 0x(ptrval) - 0x(ptrval)   ( 657 kB)
[    0.000000]        .bss : 0x(ptrval) - 0x(ptrval)   ( 832 kB)
[    0.000000] SLUB: HWalign=64, Order=0-3, MinObjects=0, CPUs=4, Nodes=1
[    0.000000] ftrace: allocating 27093 entries in 80 pages
[    0.000000] rcu: Hierarchical RCU implementation.
[    0.000000] NR_IRQS: 16, nr_irqs: 16, preallocated irqs: 16
[    0.000000] arch_timer: cp15 timer(s) running at 19.20MHz (phys).
[    0.000000] clocksource: arch_sys_counter: mask: 0xffffffffffffff max_cycles: 0x46d987e47, max_idle_ns: 440795202767 ns
[    0.000007] sched_clock: 56 bits at 19MHz, resolution 52ns, wraps every 4398046511078ns
[    0.000023] Switching to timer-based delay loop, resolution 52ns
[    0.000274] Console: colour dummy device 80x30
[    0.000908] console [tty1] enabled
[    0.000966] Calibrating delay loop (skipped), value calculated using timer frequency.. 38.40 BogoMIPS (lpj=192000)
[    0.001009] pid_max: default: 32768 minimum: 301
[    0.001377] Mount-cache hash table entries: 2048 (order: 1, 8192 bytes)
[    0.001413] Mountpoint-cache hash table entries: 2048 (order: 1, 8192 bytes)
[    0.002369] CPU: Testing write buffer coherency: ok
[    0.002848] CPU0: thread -1, cpu 0, socket 0, mpidr 80000000
[    0.003531] Setting up static identity map for 0x100000 - 0x10003c
[    0.003702] rcu: Hierarchical SRCU implementation.
[    0.004523] smp: Bringing up secondary CPUs ...
[    0.005434] CPU1: thread -1, cpu 1, socket 0, mpidr 80000001
[    0.006415] CPU2: thread -1, cpu 2, socket 0, mpidr 80000002
[    0.007330] CPU3: thread -1, cpu 3, socket 0, mpidr 80000003
[    0.007444] smp: Brought up 1 node, 4 CPUs
[    0.007525] SMP: Total of 4 processors activated (153.60 BogoMIPS).
[    0.007549] CPU: All CPU(s) started in HYP mode.
[    0.007569] CPU: Virtualization extensions available.
[    0.008564] devtmpfs: initialized
[    0.021907] VFP support v0.3: implementor 41 architecture 3 part 40 variant 3 rev 4
[    0.022182] clocksource: jiffies: mask: 0xffffffff max_cycles: 0xffffffff, max_idle_ns: 19112604462750000 ns
[    0.022232] futex hash table entries: 1024 (order: 4, 65536 bytes)
[    0.022842] pinctrl core: initialized pinctrl subsystem
[    0.023719] NET: Registered protocol family 16
[    0.026961] DMA: preallocated 1024 KiB pool for atomic coherent allocations
[    0.032889] hw-breakpoint: found 5 (+1 reserved) breakpoint and 4 watchpoint registers.
[    0.032925] hw-breakpoint: maximum watchpoint size is 8 bytes.
[    0.033146] Serial: AMBA PL011 UART driver
[    0.035481] bcm2835-mbox 3f00b880.mailbox: mailbox enabled
[    0.050029] raspberrypi-firmware soc:firmware: Attached to firmware from 2020-04-15 11:43, variant start
[    0.060042] raspberrypi-firmware soc:firmware: Firmware hash is 82f9bb929ce2186eb1824178c1ae82902ad6275c
[    0.103139] bcm2835-dma 3f007000.dma: DMA legacy API manager at (ptrval), dmachans=0x1
[    0.104788] SCSI subsystem initialized
[    0.105025] usbcore: registered new interface driver usbfs
[    0.105105] usbcore: registered new interface driver hub
[    0.105220] usbcore: registered new device driver usb
[    0.106967] clocksource: Switched to clocksource arch_sys_counter
[    0.197520] VFS: Disk quotas dquot_6.6.0
[    0.197631] VFS: Dquot-cache hash table entries: 1024 (order 0, 4096 bytes)
[    0.197834] FS-Cache: Loaded
[    0.198061] CacheFiles: Loaded
[    0.208096] NET: Registered protocol family 2
[    0.208968] tcp_listen_portaddr_hash hash table entries: 512 (order: 0, 6144 bytes)
[    0.209034] TCP established hash table entries: 8192 (order: 3, 32768 bytes)
[    0.209164] TCP bind hash table entries: 8192 (order: 4, 65536 bytes)
[    0.209368] TCP: Hash tables configured (established 8192 bind 8192)
[    0.209528] UDP hash table entries: 512 (order: 2, 16384 bytes)
[    0.209598] UDP-Lite hash table entries: 512 (order: 2, 16384 bytes)
[    0.209857] NET: Registered protocol family 1
[    0.210460] RPC: Registered named UNIX socket transport module.
[    0.210487] RPC: Registered udp transport module.
[    0.210509] RPC: Registered tcp transport module.
[    0.210530] RPC: Registered tcp NFSv4.1 backchannel transport module.
[    0.212364] hw perfevents: enabled with armv7_cortex_a7 PMU driver, 7 counters available
[    0.215463] Initialise system trusted keyrings
[    0.215680] workingset: timestamp_bits=14 max_order=18 bucket_order=4
[    0.225630] FS-Cache: Netfs 'nfs' registered for caching
[    0.226207] NFS: Registering the id_resolver key type
[    0.226253] Key type id_resolver registered
[    0.226275] Key type id_legacy registered
[    0.226306] nfs4filelayout_init: NFSv4 File Layout Driver Registering...
[    0.231853] Key type asymmetric registered
[    0.231888] Asymmetric key parser 'x509' registered
[    0.231962] Block layer SCSI generic (bsg) driver version 0.4 loaded (major 250)
[    0.232159] io scheduler noop registered
[    0.232184] io scheduler deadline registered (default)
[    0.232423] io scheduler cfq registered
[    0.232448] io scheduler mq-deadline registered (default)
[    0.232472] io scheduler kyber registered
[    0.235519] bcm2708_fb soc:fb: FB found 1 display(s)
[    0.244465] Console: switching to colour frame buffer device 82x26
[    0.251348] bcm2708_fb soc:fb: Registered framebuffer for display 0, size 656x416
[    0.257024] Serial: 8250/16550 driver, 1 ports, IRQ sharing enabled
[    0.260861] bcm2835-rng 3f104000.rng: hwrng registered
[    0.263547] vc-mem: phys_addr:0x00000000 mem_base=0x3ec00000 mem_size:0x40000000(1024 MiB)
[    0.268962] vc-sm: Videocore shared memory driver
[    0.271768] gpiomem-bcm2835 3f200000.gpiomem: Initialised: Registers at 0x3f200000
[    0.287724] brd: module loaded
[    0.300435] loop: module loaded
[    0.303528] Loading iSCSI transport class v2.0-870.
[    0.306717] libphy: Fixed MDIO Bus: probed
[    0.309278] usbcore: registered new interface driver lan78xx
[    0.311798] usbcore: registered new interface driver smsc95xx
[    0.314237] dwc_otg: version 3.00a 10-AUG-2012 (platform bus)
[    0.344550] dwc_otg 3f980000.usb: base=(ptrval)
[    0.547281] Core Release: 2.80a
[    0.549733] Setting default values for core params
[    0.552232] Finished setting default values for core params
[    0.755021] Using Buffer DMA mode
[    0.757443] Periodic Transfer Interrupt Enhancement - disabled
[    0.759858] Multiprocessor Interrupt Enhancement - disabled
[    0.762242] OTG VER PARAM: 0, OTG VER FLAG: 0
[    0.764588] Dedicated Tx FIFOs mode
[    0.767314] WARN::dwc_otg_hcd_init:1074: FIQ DMA bounce buffers: virt = bad04000 dma = 0xfad04000 len=9024
[    0.771891] FIQ FSM acceleration enabled for :
[    0.771891] Non-periodic Split Transactions
[    0.771891] Periodic Split Transactions
[    0.771891] High-Speed Isochronous Endpoints
[    0.771891] Interrupt/Control Split Transaction hack enabled
[    0.782855] WARN::hcd_init_fiq:457: FIQ on core 1
[    0.785082] WARN::hcd_init_fiq:458: FIQ ASM at 8068fda0 length 36
[    0.787295] WARN::hcd_init_fiq:497: MPHI regs_base at bb810000
[    0.789551] dwc_otg 3f980000.usb: DWC OTG Controller
[    0.791826] dwc_otg 3f980000.usb: new USB bus registered, assigned bus number 1
[    0.794148] dwc_otg 3f980000.usb: irq 56, io mem 0x00000000
[    0.796455] Init: Port Power? op_state=1
[    0.798714] Init: Power Port (0)
[    0.801139] usb usb1: New USB device found, idVendor=1d6b, idProduct=0002, bcdDevice= 4.19
[    0.805657] usb usb1: New USB device strings: Mfr=3, Product=2, SerialNumber=1
[    0.808095] usb usb1: Product: DWC OTG Controller
[    0.810467] usb usb1: Manufacturer: Linux 4.19.118-v7+ dwc_otg_hcd
[    0.812899] usb usb1: SerialNumber: 3f980000.usb
[    0.815835] hub 1-0:1.0: USB hub found
[    0.818144] hub 1-0:1.0: 1 port detected
[    0.821202] usbcore: registered new interface driver usb-storage
[    0.823669] mousedev: PS/2 mouse device common for all mice
[    0.826826] bcm2835-wdt bcm2835-wdt: Broadcom BCM2835 watchdog timer
[    0.829491] bcm2835-cpufreq: min=600000 max=1200000
[    0.832314] sdhci: Secure Digital Host Controller Interface driver
[    0.834733] sdhci: Copyright(c) Pierre Ossman
[    0.837578] sdhost-bcm2835 3f202000.mmc: could not get clk, deferring probe
[    0.840248] sdhci-pltfm: SDHCI platform and OF driver helper
[    0.844301] ledtrig-cpu: registered to indicate activity on CPUs
[    0.847062] hidraw: raw HID events driver (C) Jiri Kosina
[    0.849803] usbcore: registered new interface driver usbhid
[    0.852353] usbhid: USB HID core driver
[    0.855652] vchiq: vchiq_init_state: slot_zero = (ptrval), is_master = 0
[    0.859806] [vc_sm_connected_init]: start
[    0.869267] [vc_sm_connected_init]: end - returning 0
[    0.872804] Initializing XFRM netlink socket
[    0.875191] NET: Registered protocol family 17
[    0.877685] Key type dns_resolver registered
[    0.880660] Registering SWP/SWPB emulation handler
[    0.883665] registered taskstats version 1
[    0.886041] Loading compiled-in X.509 certificates
[    0.895062] uart-pl011 3f201000.serial: cts_event_workaround enabled
[    0.897627] 3f201000.serial: ttyAMA0 at MMIO 0x3f201000 (irq = 81, base_baud = 0) is a PL011 rev2
[    1.900850] console [ttyAMA0] enabled
[    1.908931] sdhost: log_buf @ (ptrval) (fad07000)
[    1.963888] mmc0: sdhost-bcm2835 loaded - DMA enabled (>1)
[    1.973066] of_cfs_init
[    1.977915] of_cfs_init: OK
[    1.983471] Waiting for root device PARTUUID=4c999877-02...
[    2.017085] Indeed it is in host mode hprt0 = 00021501
[    2.111867] random: fast init done
[    2.122561] mmc0: host does not support reading read-only switch, assuming write-enable
[    2.142103] mmc0: new high speed SDHC card at address aaaa
[    2.151074] mmcblk0: mmc0:aaaa SL16G 14.8 GiB
[    2.164384]  mmcblk0: p1 p2
[    2.211460] EXT4-fs (mmcblk0p2): mounted filesystem with ordered data mode. Opts: (null)
[    2.224551] VFS: Mounted root (ext4 filesystem) readonly on device 179:2.
[    2.227010] usb 1-1: new high-speed USB device number 2 using dwc_otg
[    2.243204] Indeed it is in host mode hprt0 = 00001101
[    2.245280] devtmpfs: mounted
[    2.312803] Freeing unused kernel memory: 1024K
[    2.320265] Run /sbin/init as init process
[    2.487310] usb 1-1: New USB device found, idVendor=0424, idProduct=9514, bcdDevice= 2.00
[    2.500692] usb 1-1: New USB device strings: Mfr=0, Product=0, SerialNumber=0
[    2.511258] hub 1-1:1.0: USB hub found
[    2.517900] hub 1-1:1.0: 5 ports detected
[    2.837021] usb 1-1.1: new high-speed USB device number 3 using dwc_otg
[    2.960703] systemd[1]: System time before build time, advancing clock.
[    2.967327] usb 1-1.1: New USB device found, idVendor=0424, idProduct=ec00, bcdDevice= 2.00
[    2.984020] usb 1-1.1: New USB device strings: Mfr=0, Product=0, SerialNumber=0
[    2.996762] smsc95xx v1.0.6
[    3.057470] systemd[1]: systemd 241 running in system mode. (+PAM +AUDIT +SELINUX +IMA +APPARMOR +SMACK +SYSVINIT +UTMP +LIBCRYPTSETUP +GCRYPT +GNUTLS +ACL +XZ +LZ4 +SECCOMP +B
LKID +ELFUTILS +KMOD -IDN2 +IDN -PCRE2 default-hierarchy=hybrid)
[    3.089140] systemd[1]: Detected architecture arm.
[    3.090613] smsc95xx 1-1.1:1.0 eth0: register 'smsc95xx' at usb-3f980000.usb-1.1, smsc95xx USB 2.0 Ethernet, b8:27:eb:6d:27:bc
[    3.133825] systemd[1]: Set hostname to <raspberrypi>.
[    3.321431] uart-pl011 3f201000.serial: no DMA platform data
[    4.018671] random: systemd: uninitialized urandom read (16 bytes read)
[    4.039698] random: systemd: uninitialized urandom read (16 bytes read)
[    4.050029] systemd[1]: Listening on Journal Socket.
[    4.062345] random: systemd: uninitialized urandom read (16 bytes read)
[    4.080687] systemd[1]: Mounting Kernel Debug File System...
[    4.102509] systemd[1]: Starting Load Kernel Modules...
[    4.120494] systemd[1]: Mounting RPC Pipe File System...
[    4.157451] systemd[1]: Condition check resulted in Journal Audit Socket being skipped.
[    4.171944] systemd[1]: Condition check resulted in Kernel Module supporting RPCSEC_GSS being skipped.
[    4.187222] systemd[1]: Started Forward Password Requests to Wall Directory Watch.

Raspbian GNU/Linux 10 raspberrypi ttyAMA0

raspberrypi login: [ 5439.863257] Unhandled fault: alignment exception (0x801) at 0xffffffff
[ 5439.872186] pgd = 10a8ad4b
[ 5439.877286] [ffffffff] *pgd=3abfa861, *pte=00000000, *ppte=00000000
[ 5439.899327] Unhandled fault: alignment exception (0x801) at 0xffffffff
[ 5439.908873] pgd = 10a8ad4b
[ 5439.914722] [ffffffff] *pgd=3abfa861, *pte=00000000, *ppte=00000000
[ 5440.054066] Unhandled fault: alignment exception (0x001) at 0xffffffdb
[ 5440.064049] pgd = 00af2648
[ 5440.070069] [ffffffdb] *pgd=3abfa861, *pte=00000000, *ppte=00000000
[ 5440.086891] Unhandled fault: alignment exception (0x801) at 0xffffffff
[ 5440.097163] pgd = 28495753
[ 5440.103406] [ffffffff] *pgd=3abfa861, *pte=00000000, *ppte=00000000
[ 5440.120711] Unhandled fault: alignment exception (0x801) at 0xffffffff
[ 5440.131086] pgd = 28495753
[ 5440.137580] [ffffffff] *pgd=3abfa861, *pte=00000000, *ppte=00000000
[ 5440.462662] Unhandled fault: alignment exception (0x001) at 0xffffffff
[ 5440.473252] pgd = 00af2648
[ 5440.479995] [ffffffff] *pgd=3abfa861, *pte=00000000, *ppte=00000000
[ 5440.505419] Unhandled fault: alignment exception (0x001) at 0xffffffff
[ 5440.516342] pgd = 00af2648
[ 5440.523416] [ffffffff] *pgd=3abfa861, *pte=00000000, *ppte=00000000
[ 5440.541858] Unhandled fault: alignment exception (0x001) at 0xffffffff
[ 5440.553101] pgd = 8c8aa2b8
[ 5440.560252] [ffffffff] *pgd=3abfa861, *pte=00000000, *ppte=00000000
[ 5444.515017] Unhandled fault: alignment exception (0x801) at 0xffffffdf
[ 5444.526486] pgd = b8fd5136
[ 5444.533714] [ffffffdf] *pgd=3abfa861, *pte=00000000, *ppte=00000000
[ 5444.776903] Unhandled fault: alignment exception (0x801) at 0xc13fffdb
[ 5444.788180] pgd = b8fd5136
[ 5444.795343] [c13fffdb] *pgd=34160811, *pte=00000000, *ppte=00000000
[ 5444.819263] Unhandled fault: alignment exception (0x801) at 0xc13fffdb
[ 5444.830465] pgd = b8fd5136
[ 5444.837781] [c13fffdb] *pgd=34160811, *pte=00000000, *ppte=00000000
[ 5446.132014] Unhandled fault: alignment exception (0x001) at 0x00075a66
[ 5446.143132] pgd = 8f2441ad
[ 5446.150328] [00075a66] *pgd=34241835, *pte=17df159f, *ppte=17df1e7e
[ 5446.511625] Unhandled prefetch abort: unknown 1 (0x001) at 0xffe250c6
[ 5446.719738] Unhandled fault: alignment exception (0x001) at 0xffffffdf
[ 5446.730683] pgd = 28495753
[ 5446.737516] [ffffffdf] *pgd=3abfa861, *pte=00000000, *ppte=00000000
[ 5446.760433] Unhandled fault: alignment exception (0x001) at 0xffffffdf
[ 5446.771636] pgd = 28495753
[ 5446.778660] [ffffffdf] *pgd=3abfa861, *pte=00000000, *ppte=00000000
[ 5447.798765] Unhandled fault: alignment exception (0x801) at 0xffffffcf
[ 5447.809676] pgd = b8fd5136
[ 5447.816831] [ffffffcf] *pgd=3abfa861, *pte=00000000, *ppte=00000000
[ 5448.447365] Unhandled prefetch abort: unknown 1 (0x001) at 0x0000000a
[ 5450.244775] Unhandled fault: alignment exception (0x801) at 0x7e99bbfe
[ 5450.255716] pgd = 10a8ad4b
[ 5450.262752] [7e99bbfe] *pgd=3709e835, *pte=3761975f, *ppte=37619c7f
[ 5450.279771] Unhandled fault: alignment exception (0x801) at 0x7e99bbfe
[ 5450.290956] pgd = 28495753
[ 5450.298013] [7e99bbfe] *pgd=38e07835, *pte=3550575f, *ppte=35505c7f
[ 5450.444114] Unhandled fault: alignment exception (0x001) at 0x00000003
[ 5450.454660] pgd = 28495753
[ 5450.461516] [00000003] *pgd=14822835, *pte=00000000, *ppte=00000000
[ 5451.720761] Unhandled fault: alignment exception (0x801) at 0x00000003
[ 5451.731576] pgd = 8c8aa2b8
[ 5451.738569] [00000003] *pgd=36687835, *pte=00000000, *ppte=00000000
[ 5451.757369] Unhandled fault: alignment exception (0x801) at 0x00000003
[ 5451.768328] pgd = 8c8aa2b8
[ 5451.775295] [00000003] *pgd=38e1b835, *pte=00000000, *ppte=00000000
[ 5451.798594] Unhandled fault: alignment exception (0x801) at 0x00000003
[ 5451.809491] pgd = 8c8aa2b8
[ 5451.816448] [00000003] *pgd=011c1835, *pte=00000000, *ppte=00000000
[ 5451.834425] Unhandled fault: alignment exception (0x801) at 0x00000003
[ 5451.845354] pgd = 8c8aa2b8
[ 5451.852168] [00000003] *pgd=34300835, *pte=00000000, *ppte=00000000
[ 5451.852651] Unhandled prefetch abort: unknown 1 (0x001) at 0x0f8d8eb2
[ 5454.296727] Unhandled fault: alignment exception (0x001) at 0xffffffff
[ 5454.307489] pgd = 8c8aa2b8
[ 5454.314486] [ffffffff] *pgd=3abfa861, *pte=00000000, *ppte=00000000
[ 5454.336592] Unhandled fault: alignment exception (0x001) at 0xffffffff
[ 5454.347422] pgd = 8c8aa2b8
[ 5454.354260] [ffffffff] *pgd=3abfa861, *pte=00000000, *ppte=00000000
[ 5454.856027] Unhandled prefetch abort: unknown 1 (0x001) at 0x72657466
[ 5454.874266] Unhandled prefetch abort: unknown 1 (0x001) at 0x72657466
[ 5454.898508] Unhandled prefetch abort: unknown 1 (0x001) at 0x72657466
[ 5455.540912] Unhandled fault: alignment exception (0x801) at 0xffffffdf
[ 5455.551442] pgd = 28495753
[ 5455.558063] [ffffffdf] *pgd=3abfa861, *pte=00000000, *ppte=00000000
[ 5455.930374] Unhandled prefetch abort: breakpoint debug exception (0x002) at 0x76bce004
[ 5455.962789] Unhandled prefetch abort: breakpoint debug exception (0x002) at 0x76bce000
[ 5456.428680] Unhandled fault: alignment exception (0x801) at 0x000d71ec
[ 5456.439679] pgd = 10a8ad4b
[ 5456.446589] [000d71ec] *pgd=334c7835, *pte=24bbb59f, *ppte=24bbbe7e
[ 5456.473795] Unhandled fault: alignment exception (0x801) at 0x000d71ec
[ 5456.484637] pgd = 28495753
[ 5456.491507] [000d71ec] *pgd=35fa6835, *pte=24bbb59f, *ppte=24bbbe7e
[ 5456.523386] Unhandled fault: alignment exception (0x801) at 0x000d71ec
[ 5456.534352] pgd = b8fd5136
[ 5456.541343] [000d71ec] *pgd=37387835, *pte=24bbb59f, *ppte=24bbbe7e
[ 5456.569738] Unhandled fault: alignment exception (0x801) at 0x000d71ec
[ 5456.580641] pgd = b8fd5136
[ 5456.587527] [000d71ec] *pgd=34086835, *pte=24bbb59f, *ppte=24bbbe7e
[ 5456.622003] Unhandled fault: alignment exception (0x801) at 0x000d71ec
[ 5456.632610] pgd = 8f2441ad
[ 5456.639229] [000d71ec] *pgd=0a3f6835, *pte=24bbb59f, *ppte=24bbbe7e
[ 5456.667590] Unhandled fault: alignment exception (0x801) at 0x000d71ec
[ 5456.678690] pgd = 8f2441ad
[ 5456.685823] [000d71ec] *pgd=0a3f6835, *pte=24bbb59f, *ppte=24bbbe7e
[ 5456.705844] Unhandled fault: alignment exception (0x801) at 0x000d71ec
[ 5456.717094] pgd = 8f2441ad
[ 5456.724348] [000d71ec] *pgd=366b6835, *pte=24bbb59f, *ppte=24bbbe7e
[ 5456.752616] Unhandled fault: alignment exception (0x801) at 0x000d71ec
[ 5456.763781] pgd = 8f2441ad
[ 5456.770864] [000d71ec] *pgd=366b6835, *pte=24bbb59f, *ppte=24bbbe7e
[ 5457.944493] Unhandled fault: alignment exception (0x801) at 0xffffffe7
[ 5457.955406] pgd = 28495753
[ 5457.962305] [ffffffe7] *pgd=3abfa861, *pte=00000000, *ppte=00000000
[ 5459.365474] Unhandled prefetch abort: unknown 1 (0x001) at 0x8000003e
[ 5459.994759] Unhandled prefetch abort: unknown 1 (0x001) at 0x10107c5a
[ 5460.012311] Unhandled prefetch abort: unknown 1 (0x001) at 0x10107c5a
[ 5460.839843] Unhandled prefetch abort: breakpoint debug exception (0x002) at 0x76bce000
[ 5460.974941] Unhandled fault: alignment exception (0x001) at 0xffffffeb
[ 5460.985744] pgd = 8c8aa2b8
[ 5460.992700] [ffffffeb] *pgd=3abfa861, *pte=00000000, *ppte=00000000
[ 5461.079902] Unhandled fault: alignment exception (0x001) at 0x76bce00e
[ 5461.090766] pgd = 8f2441ad
[ 5461.097606] [76bce00e] *pgd=0a281835, *pte=2bba45df, *ppte=2bba4e7e
[ 5462.363698] Unhandled fault: alignment exception (0x001) at 0xffffffdf
[ 5462.374696] pgd = b8fd5136
[ 5462.381650] [ffffffdf] *pgd=3abfa861, *pte=00000000, *ppte=00000000
[ 5462.409672] Unhandled fault: alignment exception (0x001) at 0xffffffdf
[ 5462.420313] pgd = b8fd5136
[ 5462.426998] [ffffffdf] *pgd=3abfa861, *pte=00000000, *ppte=00000000
[ 5462.478944] Unhandled fault: alignment exception (0x001) at 0xffffffdf
[ 5462.489988] pgd = 10a8ad4b
[ 5462.497011] [ffffffdf] *pgd=3abfa861, *pte=00000000, *ppte=00000000
[ 5462.531925] Unhandled prefetch abort: breakpoint debug exception (0x002) at 0x76bce004
[ 5462.564376] Unhandled prefetch abort: breakpoint debug exception (0x002) at 0x76bce000
[ 5462.642508] Unhandled prefetch abort: breakpoint debug exception (0x002) at 0x76bce000
[ 5462.979535] Unhandled fault: alignment exception (0x001) at 0xffffffeb
[ 5462.991156] pgd = 8f2441ad
[ 5462.998705] [ffffffeb] *pgd=3abfa861, *pte=00000000, *ppte=00000000
[ 5463.665973] Unhandled fault: alignment exception (0x801) at 0xffffffff
[ 5463.677734] pgd = 8c8aa2b8
[ 5463.685356] [ffffffff] *pgd=3abfa861, *pte=00000000, *ppte=00000000
[ 5463.986803] Unhandled fault: alignment exception (0x801) at 0xffffffdb
[ 5463.998326] pgd = 00af2648
[ 5464.005754] [ffffffdb] *pgd=3abfa861, *pte=00000000, *ppte=00000000
[ 5464.039756] Unhandled fault: alignment exception (0x801) at 0xffffffff
[ 5464.051558] pgd = 28495753
[ 5464.059524] [ffffffff] *pgd=3abfa861, *pte=00000000, *ppte=00000000
[ 5464.382575] Unhandled fault: alignment exception (0x801) at 0x00000003
[ 5464.394127] pgd = 82e17433
[ 5464.401835] [00000003] *pgd=0ea29835, *pte=00000000, *ppte=00000000
[ 5464.431440] Unhandled fault: alignment exception (0x801) at 0x00000003
[ 5464.443176] pgd = 10a8ad4b
[ 5464.450882] [00000003] *pgd=35e62835, *pte=00000000, *ppte=00000000
[ 5465.212353] Unhandled prefetch abort: unknown 1 (0x001) at 0x4e053412
[ 5465.249405] Unhandled fault: alignment exception (0x801) at 0xffffffff
[ 5465.261095] pgd = 10a8ad4b
[ 5465.268690] [ffffffff] *pgd=3abfa861, *pte=00000000, *ppte=00000000
[ 5465.937296] Unhandled prefetch abort: breakpoint debug exception (0x002) at 0x76bce000
[ 5466.088270] Unhandled fault: alignment exception (0x801) at 0x030b6489
[ 5466.099476] pgd = 8f2441ad
[ 5466.107095] [030b6489] *pgd=00000000
[ 5466.125399] Unhandled fault: alignment exception (0x801) at 0xb95e822a
[ 5466.136471] pgd = 8f2441ad
[ 5466.143450] [b95e822a] *pgd=3941141e(bad)
[ 5466.179955] Unhandled fault: alignment exception (0x801) at 0xffffffff
[ 5466.190681] pgd = 8f2441ad
[ 5466.197327] [ffffffff] *pgd=3abfa861, *pte=00000000, *ppte=00000000
[ 5466.367869] Unhandled fault: alignment exception (0x801) at 0xffffffff
[ 5466.379235] pgd = 10a8ad4b
[ 5466.386493] [ffffffff] *pgd=3abfa861, *pte=00000000, *ppte=00000000
[ 5466.461222] Unhandled fault: alignment exception (0x801) at 0x00000003
[ 5466.472382] pgd = 10a8ad4b
[ 5466.479658] [00000003] *pgd=012db835, *pte=00000000, *ppte=00000000
[ 5466.581394] Unhandled fault: alignment exception (0x801) at 0xffffffdb
[ 5466.592645] pgd = 8c8aa2b8
[ 5466.600196] [ffffffdb] *pgd=3abfa861, *pte=00000000, *ppte=00000000
[ 5466.738363] Unhandled fault: alignment exception (0x801) at 0x00000003
[ 5466.749476] pgd = b8fd5136
[ 5466.756569] [00000003] *pgd=012db835, *pte=00000000, *ppte=00000000
[ 5466.756660] Unhandled prefetch abort: unknown 1 (0x001) at 0xc031958e
[ 5467.038645] Unhandled fault: alignment exception (0x801) at 0x00107c5c
[ 5467.049774] pgd = 8f2441ad
[ 5467.057098] [00107c5c] *pgd=33519835, *pte=02a6279f, *ppte=02a62e7f
[ 5467.140936] Unhandled fault: alignment exception (0x801) at 0xffffffff
[ 5467.151743] pgd = 8c8aa2b8
[ 5467.158856] [ffffffff] *pgd=3abfa861, *pte=00000000, *ppte=00000000
[ 5467.182616] Unhandled fault: alignment exception (0x801) at 0xffffffff
[ 5467.193576] pgd = 8f2441ad
[ 5467.200647] [ffffffff] *pgd=3abfa861, *pte=00000000, *ppte=00000000
[ 5467.229637] Unhandled fault: alignment exception (0x801) at 0xffffffff
[ 5467.240603] pgd = 10a8ad4b
[ 5467.247704] [ffffffff] *pgd=3abfa861, *pte=00000000, *ppte=00000000
[ 5467.275624] Unhandled fault: alignment exception (0x801) at 0xffffffff
[ 5467.286643] pgd = 10a8ad4b
[ 5467.293819] [ffffffff] *pgd=3abfa861, *pte=00000000, *ppte=00000000
[ 5467.534858] Unhandled fault: alignment exception (0x001) at 0x76bce35f
[ 5467.545971] pgd = 82e17433
[ 5467.553147] [76bce35f] *pgd=012b9835, *pte=3623a5df, *ppte=3623ae7e
[ 5468.174193] Unhandled fault: alignment exception (0x801) at 0xffffffff
[ 5468.185024] pgd = 82e17433
[ 5468.191995] [ffffffff] *pgd=3abfa861, *pte=00000000, *ppte=00000000
[ 5468.532876] Unhandled fault: alignment exception (0x801) at 0xffffffff
[ 5468.543797] pgd = b8fd5136
[ 5468.550650] [ffffffff] *pgd=3abfa861, *pte=00000000, *ppte=00000000
[ 5470.429912] Unhandled fault: alignment exception (0x001) at 0xffffffff
[ 5470.441080] pgd = 10a8ad4b
[ 5470.448244] [ffffffff] *pgd=3abfa861, *pte=00000000, *ppte=00000000
[ 5470.794411] Unhandled fault: alignment exception (0x001) at 0x76bdc0ca
[ 5470.805390] pgd = 00af2648
[ 5470.812614] [76bdc0ca] *pgd=149a0835, *pte=06c7fedf, *ppte=00000000
[ 5470.842982] Unhandled fault: alignment exception (0x801) at 0xffffffeb
[ 5470.854066] pgd = 82e17433
[ 5470.861413] [ffffffeb] *pgd=3abfa861, *pte=00000000, *ppte=00000000
[ 5472.883015] Unhandled fault: alignment exception (0x001) at 0xffffffff
[ 5472.894093] pgd = 28495753
[ 5472.901132] [ffffffff] *pgd=3abfa861, *pte=00000000
[ 5472.901142] Unhandled fault: alignment exception (0x801) at 0x00107bf5
[ 5472.910083] pgd = 10a8ad4b
[ 5472.928361] [00107bf5] *pgd=33481835, *pte=02a6279f, *ppte=02a62e7f
[ 5472.944200] Unhandled fault: alignment exception (0x001) at 0xffffffff
[ 5472.955228] pgd = b8fd5136
[ 5472.962249] [ffffffff] *pgd=3abfa861, *pte=00000000, *ppte=00000000
[ 5472.989503] Unhandled fault: alignment exception (0x001) at 0xffffffff
[ 5473.000722] pgd = 00af2648
[ 5473.007828] [ffffffff] *pgd=3abfa861, *pte=00000000, *ppte=00000000
[ 5473.033487] Unhandled fault: alignment exception (0x001) at 0xffffffff
[ 5473.044445] pgd = 28495753
[ 5473.051451] [ffffffff] *pgd=3abfa861, *pte=00000000, *ppte=00000000
[ 5473.084769] Unhandled fault: alignment exception (0x001) at 0xffffffff
[ 5473.095814] pgd = 28495753
[ 5473.102974] [ffffffff] *pgd=3abfa861, *pte=00000000, *ppte=00000000
[ 5474.390513] Unhandled fault: alignment exception (0x001) at 0x00109b85
[ 5474.401510] pgd = 82e17433
[ 5474.408552] [00109b85] *pgd=37309835, *pte=3840b75f, *ppte=3840bc7f
[ 5474.676847] Unhandled prefetch abort: unknown 1 (0x001) at 0xf139229a
[ 5475.657176] Unhandled fault: alignment exception (0x001) at 0x00000007
[ 5475.668136] pgd = 00af2648
[ 5475.675042] [00000007] *pgd=38c24835, *pte=00000000, *ppte=00000000
[ 5476.218604] Unhandled fault: alignment exception (0x801) at 0xffffffe7
[ 5476.229515] pgd = 8f2441ad
[ 5476.236766] [ffffffe7] *pgd=3abfa861, *pte=00000000, *ppte=00000000
[ 5476.258554] Unhandled fault: alignment exception (0x801) at 0xffffffe7
[ 5476.269916] pgd = 8f2441ad
[ 5476.277171] [ffffffe7] *pgd=3abfa861, *pte=00000000, *ppte=00000000
[ 5476.711380] Unhandled fault: alignment exception (0x801) at 0xffffffdf
[ 5476.722703] pgd = 8c8aa2b8
[ 5476.730096] Unhandled fault: alignment exception (0x801) at 0x66626f6e
[ 5476.730238] [ffffffdf] *pgd=3abfa861, *pte=00000000, *ppte=00000000
[ 5476.741053] pgd = b8fd5136
[ 5476.758757] Unhandled fault: alignment exception (0x801) at 0xffffffdf
[ 5476.758902] [66626f6e] *pgd=00000000
[ 5476.769530] pgd = 00af2648
[ 5476.769540] [ffffffdf] *pgd=3abfa861, *pte=00000000, *ppte=00000000
[ 5476.794950] Unhandled fault: alignment exception (0x801) at 0x66626f6e
[ 5476.805947] Unhandled fault: alignment exception (0x801) at 0xffffffdf
[ 5476.806081] pgd = b8fd5136
[ 5476.816444] pgd = 00af2648
[ 5476.816453] [ffffffdf] *pgd=3abfa861, *pte=00000000, *ppte=00000000
[ 5476.840919] [66626f6e] *pgd=00000000
[ 5477.196936] Unhandled fault: alignment exception (0x801) at 0x00000003
[ 5477.207853] pgd = b8fd5136
[ 5477.214842] [00000003] *pgd=337d0835, *pte=00000000, *ppte=00000000
[ 5477.237577] Unhandled fault: alignment exception (0x801) at 0x00000003
[ 5477.248433] pgd = b8fd5136
[ 5477.255050] [00000003] *pgd=337d0835, *pte=00000000, *ppte=00000000
[ 5477.300028] Unhandled fault: alignment exception (0x801) at 0x00000003
[ 5477.310869] pgd = b8fd5136
[ 5477.317743] [00000003] *pgd=37055835, *pte=00000000, *ppte=00000000
[ 5477.338001] Unhandled fault: alignment exception (0x801) at 0x00000003
[ 5477.348649] pgd = 82e17433
[ 5477.355420] [00000003] *pgd=36732835, *pte=00000000, *ppte=00000000
[ 5477.383034] Unhandled fault: alignment exception (0x801) at 0x00000003
[ 5477.393423] pgd = 82e17433
[ 5477.399922] [00000003] *pgd=372cf835, *pte=00000000, *ppte=00000000
[ 5479.098836] Unhandled fault: alignment exception (0x801) at 0x00000003
[ 5479.109535] pgd = 82e17433
[ 5479.116307] [00000003] *pgd=336d8835, *pte=00000000, *ppte=00000000
[ 5479.137190] Unhandled fault: alignment exception (0x801) at 0x00000003
[ 5479.147851] pgd = 28495753
[ 5479.154551] [00000003] *pgd=0eaa0835, *pte=00000000, *ppte=00000000
[ 5479.182693] Unhandled fault: alignment exception (0x801) at 0x00000003
[ 5479.193547] pgd = 8f2441ad
[ 5479.200427] [00000003] *pgd=335dc835, *pte=00000000, *ppte=00000000
[ 5479.224382] Unhandled fault: alignment exception (0x801) at 0x00000003
[ 5479.235295] pgd = 82e17433
[ 5479.242219] [00000003] *pgd=38c63835, *pte=00000000, *ppte=00000000
[ 5479.259420] Unhandled fault: alignment exception (0x801) at 0x00000003
[ 5479.270460] pgd = 82e17433
[ 5479.277223] [00000003] *pgd=38c63835, *pte=00000000, *ppte=00000000
[ 5479.299731] Unhandled fault: alignment exception (0x801) at 0x00000003
[ 5479.310544] pgd = 82e17433
[ 5479.317403] [00000003] *pgd=38c63835, *pte=00000000, *ppte=00000000
[ 5479.335872] Unhandled fault: alignment exception (0x801) at 0x00000003
[ 5479.346535] pgd = 10a8ad4b
[ 5479.353259] [00000003] *pgd=3424d835, *pte=00000000, *ppte=00000000
[ 5479.380000] Unhandled fault: alignment exception (0x801) at 0x00000003
[ 5479.391050] pgd = 82e17433
[ 5479.398077] [00000003] *pgd=34143835, *pte=00000000, *ppte=00000000
[ 5480.291767] Unhandled fault: alignment exception (0x001) at 0xffffffdf
[ 5480.302669] pgd = b8fd5136
[ 5480.309859] [ffffffdf] *pgd=3abfa861, *pte=00000000, *ppte=00000000
[ 5480.327360] Unhandled fault: alignment exception (0x001) at 0xffffffdf
[ 5480.338322] pgd = b8fd5136
[ 5480.345300] [ffffffdf] *pgd=3abfa861, *pte=00000000, *ppte=00000000
[ 5481.045758] Unhandled fault: alignment exception (0x001) at 0xffffffff
[ 5481.056720] pgd = 8c8aa2b8
[ 5481.063649] [ffffffff] *pgd=3abfa861, *pte=00000000, *ppte=00000000
[ 5481.086493] Unhandled fault: alignment exception (0x001) at 0xffffffff
[ 5481.097747] pgd = 8c8aa2b8
[ 5481.104869] [ffffffff] *pgd=3abfa861, *pte=00000000, *ppte=00000000
[ 5481.122310] Unhandled fault: alignment exception (0x001) at 0xffffffff
[ 5481.133262] pgd = 8c8aa2b8
[ 5481.140338] [ffffffff] *pgd=3abfa861, *pte=00000000, *ppte=00000000
[ 5481.157742] Unhandled fault: alignment exception (0x001) at 0xffffffff
[ 5481.168811] pgd = 8f2441ad
[ 5481.175944] [ffffffff] *pgd=3abfa861, *pte=00000000, *ppte=00000000
[ 5481.569270] Unhandled fault: alignment exception (0x001) at 0x76bdc063
[ 5481.580266] pgd = 00af2648
[ 5481.587499] [76bdc063] *pgd=372a1835, *pte=36849edf, *ppte=00000000
[ 5481.615946] Unhandled fault: alignment exception (0x001) at 0x76bdc063
[ 5481.627011] pgd = 00af2648
[ 5481.634156] [76bdc063] *pgd=38e84835, *pte=0c173edf, *ppte=00000000
[ 5481.656847] Unhandled fault: alignment exception (0x001) at 0x76bdc063
[ 5481.667791] pgd = 00af2648
[ 5481.675030] [76bdc063] *pgd=149aa835, *pte=3684aedf, *ppte=00000000
[ 5482.921799] Unhandled fault: alignment exception (0x001) at 0xffffffe7
[ 5482.933163] pgd = 10a8ad4b
[ 5482.940589] [ffffffe7] *pgd=3abfa861, *pte=00000000, *ppte=00000000
[ 5482.967590] Unhandled fault: alignment exception (0x001) at 0xffffffe7
[ 5482.978617] pgd = 10a8ad4b
[ 5482.985718] [ffffffe7] *pgd=3abfa861, *pte=00000000, *ppte=00000000
[ 5483.012362] Unhandled fault: alignment exception (0x001) at 0xffffffe7
[ 5483.023407] pgd = 10a8ad4b
[ 5483.030549] [ffffffe7] *pgd=3abfa861, *pte=00000000, *ppte=00000000
[ 5483.324608] Unhandled prefetch abort: unknown 1 (0x001) at 0x44cf2436
[ 5483.998169] Unhandled fault: alignment exception (0x801) at 0xffffffdf
[ 5484.009352] pgd = 28495753
[ 5484.016470] [ffffffdf] *pgd=3abfa861, *pte=00000000, *ppte=00000000
[ 5484.055891] Unhandled fault: alignment exception (0x801) at 0xffffffdf
[ 5484.066800] pgd = 10a8ad4b
[ 5484.073633] [ffffffdf] *pgd=3abfa861, *pte=00000000, *ppte=00000000
[ 5484.815690] Unhandled prefetch abort: unknown 1 (0x001) at 0x86f87c0e
[ 5484.861841] Unhandled prefetch abort: breakpoint debug exception (0x002) at 0x76bce008
[ 5484.885927] Unhandled prefetch abort: breakpoint debug exception (0x002) at 0x76bce004
[ 5484.909821] Unhandled prefetch abort: breakpoint debug exception (0x002) at 0x76bce000
[ 5484.942514] Unhandled fault: alignment exception (0x801) at 0xfffffff3
[ 5484.953973] pgd = 8c8aa2b8
[ 5484.961404] [fffffff3] *pgd=3abfa861, *pte=00000000, *ppte=00000000
[ 5486.195916] Unhandled fault: alignment exception (0x001) at 0x00075af0
[ 5486.207472] pgd = 28495753
[ 5486.215086] [00075af0] *pgd=38dc9835, *pte=17df159f, *ppte=17df1e7e
[ 5488.037008] Unhandled fault: alignment exception (0x801) at 0xffffffff
[ 5488.048259] pgd = 8c8aa2b8
[ 5488.055716] [ffffffff] *pgd=3abfa861, *pte=00000000, *ppte=00000000
[ 5488.080288] Unhandled fault: alignment exception (0x801) at 0xffffffff
[ 5488.092020] pgd = 8c8aa2b8
[ 5488.099812] [ffffffff] *pgd=3abfa861, *pte=00000000, *ppte=00000000
[ 5488.922151] Unhandled prefetch abort: breakpoint debug exception (0x002) at 0x76bce004
[ 5488.947790] Unhandled prefetch abort: breakpoint debug exception (0x002) at 0x76bce000
[ 5489.291816] Unhandled fault: alignment exception (0x801) at 0xffffffff
[ 5489.303655] pgd = 8c8aa2b8
[ 5489.311596] [ffffffff] *pgd=3abfa861, *pte=00000000, *ppte=00000000
[ 5489.342582] Unhandled fault: alignment exception (0x801) at 0xffffffff
[ 5489.354367] pgd = 8f2441ad
[ 5489.362229] [ffffffff] *pgd=3abfa861, *pte=00000000, *ppte=00000000
[ 5489.387224] Unhandled fault: alignment exception (0x801) at 0xffffffff
[ 5489.398920] pgd = 00af2648
[ 5489.406703] [ffffffff] *pgd=3abfa861, *pte=00000000, *ppte=00000000
[ 5489.434248] Unhandled fault: alignment exception (0x801) at 0xffffffff
[ 5489.445662] pgd = 00af2648
[ 5489.452726] [ffffffff] *pgd=3abfa861, *pte=00000000, *ppte=00000000
[ 5490.808593] Unhandled fault: alignment exception (0x001) at 0x00000003
[ 5490.820324] pgd = 82e17433
[ 5490.827976] [00000003] *pgd=334be835, *pte=00000000, *ppte=00000000
[ 5491.713865] Unhandled prefetch abort: unknown 1 (0x001) at 0x0000000a
[ 5491.747951] Unhandled prefetch abort: unknown 1 (0x001) at 0x0000000a
[ 5492.100473] Unhandled fault: alignment exception (0x001) at 0xffffffe3
[ 5492.111841] pgd = 28495753
[ 5492.119467] [ffffffe3] *pgd=3abfa861, *pte=00000000, *ppte=00000000
[ 5493.047883] Unhandled fault: alignment exception (0x801) at 0xffffffe3
[ 5493.059428] pgd = 8f2441ad
[ 5493.067165] [ffffffe3] *pgd=3abfa861, *pte=00000000, *ppte=00000000
[ 5493.754235] Unhandled prefetch abort: breakpoint debug exception (0x002) at 0x76bce000
[ 5494.202336] Unhandled fault: alignment exception (0x001) at 0x054ba275
[ 5494.213306] pgd = 8c8aa2b8
[ 5494.213321] [054ba275] *pgd=00000000
[ 5494.385681] Unhandled prefetch abort: unknown 1 (0x001) at 0xafeeab7a
[ 5494.712417] Unhandled fault: alignment exception (0x801) at 0x00000003
[ 5494.723378] pgd = 00af2648
[ 5494.730302] [00000003] *pgd=37c16835, *pte=00000000, *ppte=00000000
[ 5495.898448] Unhandled prefetch abort: breakpoint debug exception (0x002) at 0x76bce000
[ 5496.138081] Unhandled fault: alignment exception (0x801) at 0xffffffcf
[ 5496.149003] pgd = 00af2648
[ 5496.156324] [ffffffcf] *pgd=3abfa861, *pte=00000000, *ppte=00000000
[ 5496.174355] Unhandled fault: alignment exception (0x801) at 0xffffffcf
[ 5496.185540] pgd = 00af2648
[ 5496.192710] [ffffffcf] *pgd=3abfa861, *pte=00000000, *ppte=00000000
[ 5496.457812] Unhandled fault: alignment exception (0x801) at 0x00000003
[ 5496.468834] pgd = 8c8aa2b8
[ 5496.476288] [00000003] *pgd=342f6835, *pte=00000000, *ppte=00000000
[ 5497.736870] Unhandled prefetch abort: unknown 1 (0x001) at 0x0000000a
[ 5498.119230] Unhandled fault: alignment exception (0x001) at 0x002a626b
[ 5498.130643] pgd = 28495753
[ 5498.137976] [002a626b] *pgd=00000000
[ 5498.170767] Unhandled fault: alignment exception (0x001) at 0x002a626b
[ 5498.181829] pgd = 28495753
[ 5498.189035] [002a626b] *pgd=00000000
[ 5498.449381] Unhandled prefetch abort: unknown 1 (0x001) at 0x46a6bace
[ 5498.480874] Unhandled fault: alignment exception (0x001) at 0xffffffdf
[ 5498.492093] pgd = 00af2648
[ 5498.499412] [ffffffdf] *pgd=3abfa861, *pte=00000000, *ppte=00000000
[ 5498.528917] Unhandled fault: alignment exception (0x001) at 0xffffffdf
[ 5498.540087] pgd = 8c8aa2b8
[ 5498.547384] [ffffffdf] *pgd=3abfa861, *pte=00000000, *ppte=00000000
[ 5498.564892] Unhandled fault: alignment exception (0x001) at 0xffffffdf
[ 5498.576070] pgd = 10a8ad4b
[ 5498.583139] [ffffffdf] *pgd=3abfa861, *pte=00000000, *ppte=00000000
