[    0.000000] Booting Linux on physical CPU 0x0000000000 [0x410fd034]
[    0.000000] Linux version 4.19.118-v8+ (dom@buildbot) (gcc version 5.4.0 20160609 (Ubuntu/Linaro 5.4.0-6ubuntu1~16.04.9)) #1311 SMP PREEMPT Mon Apr 27 14:32:38 BST 2020
[    0.000000] Machine model: Raspberry Pi 3 Model B Rev 1.2
[    0.000000] efi: Getting EFI parameters from FDT:
[    0.000000] efi: UEFI not found.
[    0.000000] cma: Reserved 8 MiB at 0x000000003ac00000
[    0.000000] random: get_random_bytes called from start_kernel+0xb8/0x47c with crng_init=0
[    0.000000] percpu: Embedded 24 pages/cpu s58840 r8192 d31272 u98304
[    0.000000] Detected VIPT I-cache on CPU0
[    0.000000] CPU features: enabling workaround for ARM erratum 843419
[    0.000000] CPU features: enabling workaround for ARM erratum 845719
[    0.000000] Built 1 zonelists, mobility grouping on.  Total pages: 238896
[    0.000000] Kernel command line: coherent_pool=1M 8250.nr_uarts=1 snd_bcm2835.enable_compat_alsa=0 snd_bcm2835.enable_hdmi=1 snd_bcm2835.enable_headphones=1 bcm2708_fb.fbwidth=
656 bcm2708_fb.fbheight=416 bcm2708_fb.fbswap=1 vc_mem.mem_base=0x3ec00000 vc_mem.mem_size=0x40000000  dwc_otg.lpm_enable=0 console=ttyAMA0,115200 console=tty1 root=PARTUUID=4c999
877-02 rootfstype=ext4 elevator=deadline fsck.repair=yes rootwait
[    0.000000] Dentry cache hash table entries: 131072 (order: 8, 1048576 bytes)
[    0.000000] Inode-cache hash table entries: 65536 (order: 7, 524288 bytes)
[    0.000000] Memory: 929096K/970752K available (8700K kernel code, 1074K rwdata, 2760K rodata, 1024K init, 1126K bss, 33464K reserved, 8192K cma-reserved)
[    0.000000] SLUB: HWalign=64, Order=0-3, MinObjects=0, CPUs=4, Nodes=1
[    0.000000] ftrace: allocating 30496 entries in 120 pages
[    0.000000] rcu: Preemptible hierarchical RCU implementation.
[    0.000000] rcu:     RCU restricting CPUs from NR_CPUS=64 to nr_cpu_ids=4.
[    0.000000]  Tasks RCU enabled.
[    0.000000] rcu: Adjusting geometry for rcu_fanout_leaf=16, nr_cpu_ids=4
[    0.000000] NR_IRQS: 64, nr_irqs: 64, preallocated irqs: 0
[    0.000000] arch_timer: cp15 timer(s) running at 19.20MHz (phys).
[    0.000000] clocksource: arch_sys_counter: mask: 0xffffffffffffff max_cycles: 0x46d987e47, max_idle_ns: 440795202767 ns
[    0.000007] sched_clock: 56 bits at 19MHz, resolution 52ns, wraps every 4398046511078ns
[    0.000269] Console: colour dummy device 80x25
[    0.000935] console [tty1] enabled
[    0.001005] Calibrating delay loop (skipped), value calculated using timer frequency.. 38.40 BogoMIPS (lpj=76800)
[    0.001058] pid_max: default: 32768 minimum: 301
[    0.001491] Mount-cache hash table entries: 2048 (order: 2, 16384 bytes)
[    0.001547] Mountpoint-cache hash table entries: 2048 (order: 2, 16384 bytes)
[    0.024106] ASID allocator initialised with 32768 entries
[    0.032103] rcu: Hierarchical SRCU implementation.
[    0.040736] EFI services will not be available.
[    0.048181] smp: Bringing up secondary CPUs ...
[    0.080449] Detected VIPT I-cache on CPU1
[    0.080517] CPU1: Booted secondary processor 0x0000000001 [0x410fd034]
[    0.112574] Detected VIPT I-cache on CPU2
[    0.112622] CPU2: Booted secondary processor 0x0000000002 [0x410fd034]
[    0.144740] Detected VIPT I-cache on CPU3
[    0.144786] CPU3: Booted secondary processor 0x0000000003 [0x410fd034]
[    0.144971] smp: Brought up 1 node, 4 CPUs
[    0.145125] SMP: Total of 4 processors activated.
[    0.145159] CPU features: detected: 32-bit EL0 Support
[    0.146133] CPU: All CPU(s) started at EL2
[    0.146208] alternatives: patching kernel code
[    0.147835] devtmpfs: initialized
[    0.164032] Enabled cp15_barrier support
[    0.164098] Enabled setend support
[    0.164641] clocksource: jiffies: mask: 0xffffffff max_cycles: 0xffffffff, max_idle_ns: 7645041785100000 ns
[    0.164738] futex hash table entries: 1024 (order: 4, 65536 bytes)
[    0.165466] pinctrl core: initialized pinctrl subsystem
[    0.166355] DMI not present or invalid.
[    0.166925] NET: Registered protocol family 16
[    0.173386] cpuidle: using governor menu
[    0.173996] hw-breakpoint: found 6 breakpoint and 4 watchpoint registers.
[    0.178558] DMA: preallocated 1024 KiB pool for atomic allocations
[    0.178737] Serial: AMBA PL011 UART driver
[    0.183326] bcm2835-mbox 3f00b880.mailbox: mailbox enabled
[    0.192936] raspberrypi-firmware soc:firmware: Attached to firmware from 2020-04-15 11:43, variant start
[    0.196954] raspberrypi-firmware soc:firmware: Firmware hash is 82f9bb929ce2186eb1824178c1ae82902ad6275c
[    0.245805] bcm2835-dma 3f007000.dma: DMA legacy API manager at (____ptrval____), dmachans=0x1
[    0.249122] vgaarb: loaded
[    0.249717] SCSI subsystem initialized
[    0.250013] usbcore: registered new interface driver usbfs
[    0.250117] usbcore: registered new interface driver hub
[    0.250280] usbcore: registered new device driver usb
[    0.250457] pps_core: LinuxPPS API ver. 1 registered
[    0.250491] pps_core: Software ver. 5.3.6 - Copyright 2005-2007 Rodolfo Giometti <giometti@linux.it>
[    0.250551] PTP clock support registered
[    0.252370] clocksource: Switched to clocksource arch_sys_counter
[    0.377573] VFS: Disk quotas dquot_6.6.0
[    0.377714] VFS: Dquot-cache hash table entries: 512 (order 0, 4096 bytes)
[    0.377996] FS-Cache: Loaded
[    0.378281] CacheFiles: Loaded
[    0.390411] NET: Registered protocol family 2
[    0.391375] tcp_listen_portaddr_hash hash table entries: 512 (order: 1, 8192 bytes)
[    0.391452] TCP established hash table entries: 8192 (order: 4, 65536 bytes)
[    0.391595] TCP bind hash table entries: 8192 (order: 5, 131072 bytes)
[    0.391814] TCP: Hash tables configured (established 8192 bind 8192)
[    0.392091] UDP hash table entries: 512 (order: 2, 16384 bytes)
[    0.392169] UDP-Lite hash table entries: 512 (order: 2, 16384 bytes)
[    0.392599] NET: Registered protocol family 1
[    0.393597] RPC: Registered named UNIX socket transport module.
[    0.393634] RPC: Registered udp transport module.
[    0.393665] RPC: Registered tcp transport module.
[    0.393695] RPC: Registered tcp NFSv4.1 backchannel transport module.
[    0.396295] hw perfevents: enabled with armv8_cortex_a53 PMU driver, 7 counters available
[    0.396571] kvm [1]: 8-bit VMID
[    0.397414] kvm [1]: Hyp mode initialized successfully
[    0.402334] Initialise system trusted keyrings
[    0.402674] workingset: timestamp_bits=46 max_order=18 bucket_order=0
[    0.415026] FS-Cache: Netfs 'nfs' registered for caching
[    0.416088] NFS: Registering the id_resolver key type
[    0.416174] Key type id_resolver registered
[    0.416205] Key type id_legacy registered
[    0.416246] nfs4filelayout_init: NFSv4 File Layout Driver Registering...
[    0.424019] Key type asymmetric registered
[    0.424067] Asymmetric key parser 'x509' registered
[    0.424167] Block layer SCSI generic (bsg) driver version 0.4 loaded (major 248)
[    0.424517] io scheduler noop registered
[    0.424552] io scheduler deadline registered (default)
[    0.424814] io scheduler cfq registered
[    0.424848] io scheduler mq-deadline registered (default)
[    0.424881] io scheduler kyber registered
[    0.430875] bcm2708_fb soc:fb: FB found 1 display(s)
[    0.440405] Console: switching to colour frame buffer device 82x26
[    0.445303] bcm2708_fb soc:fb: Registered framebuffer for display 0, size 656x416
[    0.452692] Serial: 8250/16550 driver, 1 ports, IRQ sharing enabled
[    0.457159] bcm2835-rng 3f104000.rng: hwrng registered
[    0.460092] vc-mem: phys_addr:0x00000000 mem_base=0x3ec00000 mem_size:0x40000000(1024 MiB)
[    0.465853] gpiomem-bcm2835 3f200000.gpiomem: Initialised: Registers at 0x3f200000
[    0.471366] cacheinfo: Unable to detect cache hierarchy for CPU 0
[    0.489764] brd: module loaded
[    0.507811] loop: module loaded
[    0.511544] Loading iSCSI transport class v2.0-870.
[    0.516892] libphy: Fixed MDIO Bus: probed
[    0.519810] usbcore: registered new interface driver r8152
[    0.522469] usbcore: registered new interface driver lan78xx
[    0.525089] usbcore: registered new interface driver smsc95xx
[    0.527938] dwc_otg: version 3.00a 10-AUG-2012 (platform bus)
[    0.558484] dwc_otg 3f980000.usb: base=(____ptrval____)
[    0.774495] Core Release: 2.80a
[    0.777009] Setting default values for core params
[    0.779520] Finished setting default values for core params
[    0.995034] Using Buffer DMA mode
[    0.997440] Periodic Transfer Interrupt Enhancement - disabled
[    0.999854] Multiprocessor Interrupt Enhancement - disabled
[    1.002279] OTG VER PARAM: 0, OTG VER FLAG: 0
[    1.004642] Dedicated Tx FIFOs mode
[    1.007783] WARN::dwc_otg_hcd_init:1074: FIQ DMA bounce buffers: virt = ffffff80090c1000 dma = 0x00000000fad04000 len=9024
[    1.012320] FIQ FSM acceleration enabled for :
[    1.012320] Non-periodic Split Transactions
[    1.012320] Periodic Split Transactions
[    1.012320] High-Speed Isochronous Endpoints
[    1.012320] Interrupt/Control Split Transaction hack enabled
[    1.023104] WARN::hcd_init_fiq:497: MPHI regs_base at ffffff8008065000
[    1.025415] dwc_otg 3f980000.usb: DWC OTG Controller
[    1.027726] dwc_otg 3f980000.usb: new USB bus registered, assigned bus number 1
[    1.030211] dwc_otg 3f980000.usb: irq 9, io mem 0x00000000
[    1.032645] Init: Port Power? op_state=1
[    1.034973] Init: Power Port (0)
[    1.037671] usb usb1: New USB device found, idVendor=1d6b, idProduct=0002, bcdDevice= 4.19
[    1.042430] usb usb1: New USB device strings: Mfr=3, Product=2, SerialNumber=1
[    1.044994] usb usb1: Product: DWC OTG Controller
[    1.047477] usb usb1: Manufacturer: Linux 4.19.118-v8+ dwc_otg_hcd
[    1.050013] usb usb1: SerialNumber: 3f980000.usb
[    1.053304] hub 1-0:1.0: USB hub found
[    1.055802] hub 1-0:1.0: 1 port detected
[    1.059406] usbcore: registered new interface driver uas
[    1.061870] usbcore: registered new interface driver usb-storage
[    1.064457] mousedev: PS/2 mouse device common for all mice
[    1.068284] bcm2835-wdt bcm2835-wdt: Broadcom BCM2835 watchdog timer
[    1.072929] sdhci: Secure Digital Host Controller Interface driver
[    1.075371] sdhci: Copyright(c) Pierre Ossman
[    1.078480] sdhost-bcm2835 3f202000.mmc: could not get clk, deferring probe
[    1.081240] sdhci-pltfm: SDHCI platform and OF driver helper
[    1.085903] ledtrig-cpu: registered to indicate activity on CPUs
[    1.088626] hidraw: raw HID events driver (C) Jiri Kosina
[    1.091290] usbcore: registered new interface driver usbhid
[    1.093783] usbhid: USB HID core driver
[    1.097597] vchiq: vchiq_init_state: slot_zero = (____ptrval____), is_master = 0
[    1.106369] Initializing XFRM netlink socket
[    1.108867] NET: Registered protocol family 17
[    1.111368] Key type dns_resolver registered
[    1.115190] registered taskstats version 1
[    1.117542] Loading compiled-in X.509 certificates
[    1.131831] uart-pl011 3f201000.serial: cts_event_workaround enabled
[    1.134485] 3f201000.serial: ttyAMA0 at MMIO 0x3f201000 (irq = 66, base_baud = 0) is a PL011 rev2
[    2.124969] console [ttyAMA0] enabled
[    2.133198] bcm2835-power bcm2835-power: Broadcom BCM2835 power domains driver
[    2.145097] sdhost: log_buf @ (____ptrval____) (fad07000)
[    2.203189] mmc0: sdhost-bcm2835 loaded - DMA enabled (>1)
[    2.215108] of_cfs_init
[    2.220262] of_cfs_init: OK
[    2.226521] Waiting for root device PARTUUID=4c999877-02...
[    2.248783] Indeed it is in host mode hprt0 = 00021501
[    2.310716] mmc0: host does not support reading read-only switch, assuming write-enable
[    2.341947] mmc0: new high speed SDHC card at address aaaa
[    2.352202] mmcblk0: mmc0:aaaa SC16G 14.8 GiB
[    2.353650] random: fast init done
[    2.374576]  mmcblk0: p1 p2
[    2.405418] EXT4-fs (mmcblk0p2): INFO: recovery required on readonly filesystem
[    2.415404] EXT4-fs (mmcblk0p2): write access will be enabled during recovery
[    2.442452] EXT4-fs (mmcblk0p2): recovery complete
[    2.464445] usb 1-1: new high-speed USB device number 2 using dwc_otg
[    2.473760] Indeed it is in host mode hprt0 = 00001101
[    2.481701] EXT4-fs (mmcblk0p2): mounted filesystem with ordered data mode. Opts: (null)
[    2.494908] VFS: Mounted root (ext4 filesystem) readonly on device 179:2.
[    2.516580] devtmpfs: mounted
[    2.528668] Freeing unused kernel memory: 1024K
[    2.535945] Run /sbin/init as init process
[    2.692998] usb 1-1: New USB device found, idVendor=0424, idProduct=9514, bcdDevice= 2.00
[    2.706805] usb 1-1: New USB device strings: Mfr=0, Product=0, SerialNumber=0
[    2.717844] hub 1-1:1.0: USB hub found
[    2.724756] hub 1-1:1.0: 5 ports detected
[    3.020465] usb 1-1.1: new high-speed USB device number 3 using dwc_otg
[    3.128960] usb 1-1.1: New USB device found, idVendor=0424, idProduct=ec00, bcdDevice= 2.00
[    3.142838] usb 1-1.1: New USB device strings: Mfr=0, Product=0, SerialNumber=0
[    3.156076] smsc95xx v1.0.6
[    3.230927] smsc95xx 1-1.1:1.0 eth0: register 'smsc95xx' at usb-3f980000.usb-1.1, smsc95xx USB 2.0 Ethernet, b8:27:eb:6d:27:bc
[    3.286043] systemd[1]: System time before build time, advancing clock.
[    3.481297] NET: Registered protocol family 10
[    3.490537] Segment Routing with IPv6
[    3.560250] systemd[1]: systemd 241 running in system mode. (+PAM +AUDIT +SELINUX +IMA +APPARMOR +SMACK +SYSVINIT +UTMP +LIBCRYPTSETUP +GCRYPT +GNUTLS +ACL +XZ +LZ4 +SECCOMP +B
LKID +ELFUTILS +KMOD -IDN2 +IDN -PCRE2 default-hierarchy=hybrid)
[    3.591782] systemd[1]: Detected architecture arm64.
[    3.621635] systemd[1]: Set hostname to <raspberrypi>.
[    3.701136] random: crng init done
[    3.740289] uart-pl011 3f201000.serial: no DMA platform data
[    4.630384] systemd[1]: Reached target Swap.
[    4.642771] systemd[1]: Listening on fsck to fsckd communication Socket.
[    4.656870] systemd[1]: Listening on udev Control Socket.
[    4.669167] systemd[1]: Started Forward Password Requests to Wall Directory Watch.
[    4.687388] systemd[1]: Set up automount Arbitrary Executable File Formats File System Automount Point.
[    4.707382] systemd[1]: Listening on Journal Socket (/dev/log).
[    4.720918] systemd[1]: Listening on Journal Socket.
[   10.066227] Unable to handle kernel NULL pointer dereference at virtual address 0000000000000329
