[    0.000000] Booting Linux on physical CPU 0x0000000000 [0x410fd034]
[    0.000000] Linux version 4.19.118-v8+ (dom@buildbot) (gcc version 5.4.0 20160609 (Ubuntu/Linaro 5.4.0-6ubuntu1~16.04.9)) #1311 SMP PREEMPT Mon Apr 27 14:32:38 BST 2020
[    0.000000] Machine model: Raspberry Pi 3 Model B Rev 1.2
[    0.000000] efi: Getting EFI parameters from FDT:
[    0.000000] efi: UEFI not found.
[    0.000000] cma: Reserved 8 MiB at 0x000000003ac00000
[    0.000000] random: get_random_bytes called from start_kernel+0xb8/0x47c with crng_init=0
[    0.000000] percpu: Embedded 24 pages/cpu s58840 r8192 d31272 u98304
[    0.000000] Detected VIPT I-cache on CPU0
[    0.000000] CPU features: enabling workaround for ARM erratum 843419
[    0.000000] CPU features: enabling workaround for ARM erratum 845719
[    0.000000] Built 1 zonelists, mobility grouping on.  Total pages: 238896
[    0.000000] Kernel command line: coherent_pool=1M 8250.nr_uarts=1 snd_bcm2835.enable_compat_alsa=0 snd_bcm2835.enable_hdmi=1 snd_bcm2835.enable_headphones=1 bcm2708_fb.fbwidth=
656 bcm2708_fb.fbheight=416 bcm2708_fb.fbswap=1 vc_mem.mem_base=0x3ec00000 vc_mem.mem_size=0x40000000  dwc_otg.lpm_enable=0 console=ttyAMA0,115200 console=tty1 root=PARTUUID=4c999
877-02 rootfstype=ext4 elevator=deadline fsck.repair=yes rootwait
[    0.000000] Dentry cache hash table entries: 131072 (order: 8, 1048576 bytes)
[    0.000000] Inode-cache hash table entries: 65536 (order: 7, 524288 bytes)
[    0.000000] Memory: 929096K/970752K available (8700K kernel code, 1074K rwdata, 2760K rodata, 1024K init, 1126K bss, 33464K reserved, 8192K cma-reserved)
[    0.000000] SLUB: HWalign=64, Order=0-3, MinObjects=0, CPUs=4, Nodes=1
[    0.000000] ftrace: allocating 30496 entries in 120 pages
[    0.000000] rcu: Preemptible hierarchical RCU implementation.
[    0.000000] rcu:     RCU restricting CPUs from NR_CPUS=64 to nr_cpu_ids=4.
[    0.000000]  Tasks RCU enabled.
[    0.000000] rcu: Adjusting geometry for rcu_fanout_leaf=16, nr_cpu_ids=4
[    0.000000] NR_IRQS: 64, nr_irqs: 64, preallocated irqs: 0
[    0.000000] arch_timer: cp15 timer(s) running at 19.20MHz (phys).
[    0.000000] clocksource: arch_sys_counter: mask: 0xffffffffffffff max_cycles: 0x46d987e47, max_idle_ns: 440795202767 ns
[    0.000007] sched_clock: 56 bits at 19MHz, resolution 52ns, wraps every 4398046511078ns
[    0.000269] Console: colour dummy device 80x25
[    0.000933] console [tty1] enabled
[    0.001003] Calibrating delay loop (skipped), value calculated using timer frequency.. 38.40 BogoMIPS (lpj=76800)
[    0.001056] pid_max: default: 32768 minimum: 301
[    0.001483] Mount-cache hash table entries: 2048 (order: 2, 16384 bytes)
[    0.001540] Mountpoint-cache hash table entries: 2048 (order: 2, 16384 bytes)
[    0.024103] ASID allocator initialised with 32768 entries
[    0.032100] rcu: Hierarchical SRCU implementation.
[    0.040733] EFI services will not be available.
[    0.048178] smp: Bringing up secondary CPUs ...
[    0.080446] Detected VIPT I-cache on CPU1
[    0.080514] CPU1: Booted secondary processor 0x0000000001 [0x410fd034]
[    0.112569] Detected VIPT I-cache on CPU2
[    0.112617] CPU2: Booted secondary processor 0x0000000002 [0x410fd034]
[    0.144735] Detected VIPT I-cache on CPU3
[    0.144780] CPU3: Booted secondary processor 0x0000000003 [0x410fd034]
[    0.144966] smp: Brought up 1 node, 4 CPUs
[    0.145120] SMP: Total of 4 processors activated.
[    0.145155] CPU features: detected: 32-bit EL0 Support
[    0.146127] CPU: All CPU(s) started at EL2
[    0.146201] alternatives: patching kernel code
[    0.147820] devtmpfs: initialized
[    0.164021] Enabled cp15_barrier support
[    0.164088] Enabled setend support
[    0.164627] clocksource: jiffies: mask: 0xffffffff max_cycles: 0xffffffff, max_idle_ns: 7645041785100000 ns
[    0.164689] futex hash table entries: 1024 (order: 4, 65536 bytes)
[    0.165447] pinctrl core: initialized pinctrl subsystem
[    0.166339] DMI not present or invalid.
[    0.166908] NET: Registered protocol family 16
[    0.173361] cpuidle: using governor menu
[    0.173972] hw-breakpoint: found 6 breakpoint and 4 watchpoint registers.
[    0.178594] DMA: preallocated 1024 KiB pool for atomic allocations
[    0.178773] Serial: AMBA PL011 UART driver
[    0.183359] bcm2835-mbox 3f00b880.mailbox: mailbox enabled
[    0.192929] raspberrypi-firmware soc:firmware: Attached to firmware from 2020-04-15 11:43, variant start
[    0.196947] raspberrypi-firmware soc:firmware: Firmware hash is 82f9bb929ce2186eb1824178c1ae82902ad6275c
[    0.242960] bcm2835-dma 3f007000.dma: DMA legacy API manager at (____ptrval____), dmachans=0x1
[    0.246315] vgaarb: loaded
[    0.246819] SCSI subsystem initialized
[    0.247117] usbcore: registered new interface driver usbfs
[    0.247221] usbcore: registered new interface driver hub
[    0.247385] usbcore: registered new device driver usb
[    0.247562] pps_core: LinuxPPS API ver. 1 registered
[    0.247595] pps_core: Software ver. 5.3.6 - Copyright 2005-2007 Rodolfo Giometti <giometti@linux.it>
[    0.247655] PTP clock support registered
[    0.249589] clocksource: Switched to clocksource arch_sys_counter
[    0.374894] VFS: Disk quotas dquot_6.6.0
[    0.375035] VFS: Dquot-cache hash table entries: 512 (order 0, 4096 bytes)
[    0.375317] FS-Cache: Loaded
[    0.375597] CacheFiles: Loaded
[    0.387669] NET: Registered protocol family 2
[    0.388637] tcp_listen_portaddr_hash hash table entries: 512 (order: 1, 8192 bytes)
[    0.388713] TCP established hash table entries: 8192 (order: 4, 65536 bytes)
[    0.388857] TCP bind hash table entries: 8192 (order: 5, 131072 bytes)
[    0.389075] TCP: Hash tables configured (established 8192 bind 8192)
[    0.389362] UDP hash table entries: 512 (order: 2, 16384 bytes)
[    0.389439] UDP-Lite hash table entries: 512 (order: 2, 16384 bytes)
[    0.389867] NET: Registered protocol family 1
[    0.390850] RPC: Registered named UNIX socket transport module.
[    0.390887] RPC: Registered udp transport module.
[    0.390917] RPC: Registered tcp transport module.
[    0.390947] RPC: Registered tcp NFSv4.1 backchannel transport module.
[    0.393556] hw perfevents: enabled with armv8_cortex_a53 PMU driver, 7 counters available
[    0.393829] kvm [1]: 8-bit VMID
[    0.394673] kvm [1]: Hyp mode initialized successfully
[    0.399594] Initialise system trusted keyrings
[    0.399927] workingset: timestamp_bits=46 max_order=18 bucket_order=0
[    0.412268] FS-Cache: Netfs 'nfs' registered for caching
[    0.413337] NFS: Registering the id_resolver key type
[    0.413397] Key type id_resolver registered
[    0.413427] Key type id_legacy registered
[    0.413469] nfs4filelayout_init: NFSv4 File Layout Driver Registering...
[    0.421219] Key type asymmetric registered
[    0.421268] Asymmetric key parser 'x509' registered
[    0.421366] Block layer SCSI generic (bsg) driver version 0.4 loaded (major 248)
[    0.421717] io scheduler noop registered
[    0.421752] io scheduler deadline registered (default)
[    0.422014] io scheduler cfq registered
[    0.422048] io scheduler mq-deadline registered (default)
[    0.422081] io scheduler kyber registered
[    0.427711] bcm2708_fb soc:fb: FB found 1 display(s)
[    0.437360] Console: switching to colour frame buffer device 82x26
[    0.442260] bcm2708_fb soc:fb: Registered framebuffer for display 0, size 656x416
[    0.449661] Serial: 8250/16550 driver, 1 ports, IRQ sharing enabled
[    0.454139] bcm2835-rng 3f104000.rng: hwrng registered
[    0.457073] vc-mem: phys_addr:0x00000000 mem_base=0x3ec00000 mem_size:0x40000000(1024 MiB)
[    0.462827] gpiomem-bcm2835 3f200000.gpiomem: Initialised: Registers at 0x3f200000
[    0.468330] cacheinfo: Unable to detect cache hierarchy for CPU 0
[    0.487136] brd: module loaded
[    0.505453] loop: module loaded
[    0.509232] Loading iSCSI transport class v2.0-870.
[    0.514565] libphy: Fixed MDIO Bus: probed
[    0.517497] usbcore: registered new interface driver r8152
[    0.520183] usbcore: registered new interface driver lan78xx
[    0.522804] usbcore: registered new interface driver smsc95xx
[    0.525689] dwc_otg: version 3.00a 10-AUG-2012 (platform bus)
[    0.556181] dwc_otg 3f980000.usb: base=(____ptrval____)
[    0.772263] Core Release: 2.80a
[    0.774786] Setting default values for core params
[    0.777301] Finished setting default values for core params
[    0.993231] Using Buffer DMA mode
[    0.995641] Periodic Transfer Interrupt Enhancement - disabled
[    0.998086] Multiprocessor Interrupt Enhancement - disabled
[    1.000485] OTG VER PARAM: 0, OTG VER FLAG: 0
[    1.002861] Dedicated Tx FIFOs mode
[    1.005908] WARN::dwc_otg_hcd_init:1074: FIQ DMA bounce buffers: virt = ffffff80090c1000 dma = 0x00000000fad04000 len=9024
[    1.010432] FIQ FSM acceleration enabled for :
[    1.010432] Non-periodic Split Transactions
[    1.010432] Periodic Split Transactions
[    1.010432] High-Speed Isochronous Endpoints
[    1.010432] Interrupt/Control Split Transaction hack enabled
[    1.021196] WARN::hcd_init_fiq:497: MPHI regs_base at ffffff8008065000
[    1.023504] dwc_otg 3f980000.usb: DWC OTG Controller
[    1.025863] dwc_otg 3f980000.usb: new USB bus registered, assigned bus number 1
[    1.028315] dwc_otg 3f980000.usb: irq 9, io mem 0x00000000
[    1.030742] Init: Port Power? op_state=1
[    1.033066] Init: Power Port (0)
[    1.035736] usb usb1: New USB device found, idVendor=1d6b, idProduct=0002, bcdDevice= 4.19
[    1.040483] usb usb1: New USB device strings: Mfr=3, Product=2, SerialNumber=1
[    1.043044] usb usb1: Product: DWC OTG Controller
[    1.045528] usb usb1: Manufacturer: Linux 4.19.118-v8+ dwc_otg_hcd
[    1.048063] usb usb1: SerialNumber: 3f980000.usb
[    1.051350] hub 1-0:1.0: USB hub found
[    1.053894] hub 1-0:1.0: 1 port detected
[    1.057496] usbcore: registered new interface driver uas
[    1.059959] usbcore: registered new interface driver usb-storage
[    1.062524] mousedev: PS/2 mouse device common for all mice
[    1.066383] bcm2835-wdt bcm2835-wdt: Broadcom BCM2835 watchdog timer
[    1.070966] sdhci: Secure Digital Host Controller Interface driver
[    1.073404] sdhci: Copyright(c) Pierre Ossman
[    1.076511] sdhost-bcm2835 3f202000.mmc: could not get clk, deferring probe
[    1.079268] sdhci-pltfm: SDHCI platform and OF driver helper
[    1.083937] ledtrig-cpu: registered to indicate activity on CPUs
[    1.086704] hidraw: raw HID events driver (C) Jiri Kosina
[    1.089375] usbcore: registered new interface driver usbhid
[    1.091882] usbhid: USB HID core driver
[    1.095706] vchiq: vchiq_init_state: slot_zero = (____ptrval____), is_master = 0
[    1.104529] Initializing XFRM netlink socket
[    1.107028] NET: Registered protocol family 17
[    1.109549] Key type dns_resolver registered
[    1.113380] registered taskstats version 1
[    1.115740] Loading compiled-in X.509 certificates
[    1.130072] uart-pl011 3f201000.serial: cts_event_workaround enabled
[    1.132683] 3f201000.serial: ttyAMA0 at MMIO 0x3f201000 (irq = 66, base_baud = 0) is a PL011 rev2
[    2.123272] console [ttyAMA0] enabled
[    2.131487] bcm2835-power bcm2835-power: Broadcom BCM2835 power domains driver
[    2.143352] sdhost: log_buf @ (____ptrval____) (fad07000)
[    2.200917] mmc0: sdhost-bcm2835 loaded - DMA enabled (>1)
[    2.212831] of_cfs_init
[    2.217975] of_cfs_init: OK
[    2.224239] Waiting for root device PARTUUID=4c999877-02...
[    2.245786] Indeed it is in host mode hprt0 = 00021501
[    2.307935] mmc0: host does not support reading read-only switch, assuming write-enable
[    2.339188] mmc0: new high speed SDHC card at address aaaa
[    2.349657] mmcblk0: mmc0:aaaa SC16G 14.8 GiB
[    2.362087]  mmcblk0: p1 p2
[    2.366734] random: fast init done
[    2.382972] EXT4-fs (mmcblk0p2): INFO: recovery required on readonly filesystem
[    2.392913] EXT4-fs (mmcblk0p2): write access will be enabled during recovery
[    2.415884] EXT4-fs (mmcblk0p2): recovery complete
[    2.443788] EXT4-fs (mmcblk0p2): mounted filesystem with ordered data mode. Opts: (null)
[    2.456950] VFS: Mounted root (ext4 filesystem) readonly on device 179:2.
[    2.461667] usb 1-1: new high-speed USB device number 2 using dwc_otg
[    2.475740] Indeed it is in host mode hprt0 = 00001101
[    2.490055] devtmpfs: mounted
[    2.502095] Freeing unused kernel memory: 1024K
[    2.509312] Run /sbin/init as init process
[    2.694307] usb 1-1: New USB device found, idVendor=0424, idProduct=9514, bcdDevice= 2.00
[    2.707884] usb 1-1: New USB device strings: Mfr=0, Product=0, SerialNumber=0
[    2.718836] hub 1-1:1.0: USB hub found
[    2.725463] hub 1-1:1.0: 5 ports detected
[    3.021660] usb 1-1.1: new high-speed USB device number 3 using dwc_otg
[    3.130159] usb 1-1.1: New USB device found, idVendor=0424, idProduct=ec00, bcdDevice= 2.00
[    3.143881] usb 1-1.1: New USB device strings: Mfr=0, Product=0, SerialNumber=0
[    3.157149] smsc95xx v1.0.6
[    3.232281] smsc95xx 1-1.1:1.0 eth0: register 'smsc95xx' at usb-3f980000.usb-1.1, smsc95xx USB 2.0 Ethernet, b8:27:eb:6d:27:bc
[    3.254873] systemd[1]: System time before build time, advancing clock.
[    3.451999] NET: Registered protocol family 10
[    3.461252] Segment Routing with IPv6
[    3.531689] systemd[1]: systemd 241 running in system mode. (+PAM +AUDIT +SELINUX +IMA +APPARMOR +SMACK +SYSVINIT +UTMP +LIBCRYPTSETUP +GCRYPT +GNUTLS +ACL +XZ +LZ4 +SECCOMP +B
LKID +ELFUTILS +KMOD -IDN2 +IDN -PCRE2 default-hierarchy=hybrid)
[    3.563160] systemd[1]: Detected architecture arm64.
[    3.593130] systemd[1]: Set hostname to <raspberrypi>.
[    3.674605] random: crng init done
[    3.795171] uart-pl011 3f201000.serial: no DMA platform data
[    4.608567] systemd[1]: Started Forward Password Requests to Wall Directory Watch.
[    4.627035] systemd[1]: Listening on udev Kernel Socket.
[    4.645458] systemd[1]: Created slice system-systemd\x2dfsck.slice.
[    4.659983] systemd[1]: Set up automount Arbitrary Executable File Formats File System Automount Point.
[    4.680090] systemd[1]: Listening on Journal Socket (/dev/log).
[    4.694093] systemd[1]: Listening on Journal Socket.
[    4.711961] systemd[1]: Mounting RPC Pipe File System...
[    9.765593] Unable to handle kernel read from unreadable memory at virtual address ffffffc03ab7a780
[    9.776728] Mem abort info:
[    9.780496]   ESR = 0x8600000e
[    9.784527]   Exception class = IABT (current EL), IL = 32 bits
[    9.791481]   SET = 0, FnV = 0
[    9.795553]   EA = 0, S1PW = 0
[    9.799603] swapper pgtable: 4k pages, 39-bit VAs, pgdp = 000000002c2835f9
[    9.807535] [ffffffc03ab7a780] pgd=000000003abf8003, pud=000000003abf8003, pmd=006800003aa00711
[    9.818339] Internal error: Oops: 860000e [#1] PREEMPT SMP
[    9.824920] Modules linked in: 8021q garp stp llc binfmt_misc bcm2835_codec(C) bcm2835_v4l2(C) raspberrypi_hwmon v4l2_mem2mem hwmon videobuf2_dma_contig bcm2835_mmal_vchiq(C) v
4l2_common videobuf2_vmalloc videobuf2_memops videobuf2_v4l2 videoP܀���Bl�@c8����
