[    0.000000] Booting Linux on physical CPU 0x0000000000 [0x410fd034]
[    0.000000] Linux version 4.19.118-v8+ (dom@buildbot) (gcc version 5.4.0 20160609 (Ubuntu/Linaro 5.4.0-6ubuntu1~16.04.9)) #1311 SMP PREEMPT Mon Apr 27 14:32:38 BST 2020
[    0.000000] Machine model: Raspberry Pi 3 Model B Rev 1.2
[    0.000000] efi: Getting EFI parameters from FDT:
[    0.000000] efi: UEFI not found.
[    0.000000] cma: Reserved 8 MiB at 0x000000003ac00000
[    0.000000] random: get_random_bytes called from start_kernel+0xb8/0x47c with crng_init=0
[    0.000000] percpu: Embedded 24 pages/cpu s58840 r8192 d31272 u98304
[    0.000000] Detected VIPT I-cache on CPU0
[    0.000000] CPU features: enabling workaround for ARM erratum 843419
[    0.000000] CPU features: enabling workaround for ARM erratum 845719
[    0.000000] Built 1 zonelists, mobility grouping on.  Total pages: 238896
[    0.000000] Kernel command line: coherent_pool=1M 8250.nr_uarts=1 snd_bcm2835.enable_compat_alsa=0 snd_bcm2835.enable_hdmi=1 snd_bcm2835.enable_headphones=1 bcm2708_fb.fbwidth=
656 bcm2708_fb.fbheight=416 bcm2708_fb.fbswap=1 vc_mem.mem_base=0x3ec00000 vc_mem.mem_size=0x40000000  dwc_otg.lpm_enable=0 console=ttyAMA0,115200 console=tty1 root=PARTUUID=4c999
877-02 rootfstype=ext4 elevator=deadline fsck.repair=yes rootwait
[    0.000000] Dentry cache hash table entries: 131072 (order: 8, 1048576 bytes)
[    0.000000] Inode-cache hash table entries: 65536 (order: 7, 524288 bytes)
[    0.000000] Memory: 929096K/970752K available (8700K kernel code, 1074K rwdata, 2760K rodata, 1024K init, 1126K bss, 33464K reserved, 8192K cma-reserved)
[    0.000000] SLUB: HWalign=64, Order=0-3, MinObjects=0, CPUs=4, Nodes=1
[    0.000000] ftrace: allocating 30496 entries in 120 pages
[    0.000000] rcu: Preemptible hierarchical RCU implementation.
[    0.000000] rcu:     RCU restricting CPUs from NR_CPUS=64 to nr_cpu_ids=4.
[    0.000000]  Tasks RCU enabled.
[    0.000000] rcu: Adjusting geometry for rcu_fanout_leaf=16, nr_cpu_ids=4
[    0.000000] NR_IRQS: 64, nr_irqs: 64, preallocated irqs: 0
[    0.000000] arch_timer: cp15 timer(s) running at 19.20MHz (phys).
[    0.000000] clocksource: arch_sys_counter: mask: 0xffffffffffffff max_cycles: 0x46d987e47, max_idle_ns: 440795202767 ns
[    0.000008] sched_clock: 56 bits at 19MHz, resolution 52ns, wraps every 4398046511078ns
[    0.000270] Console: colour dummy device 80x25
[    0.000934] console [tty1] enabled
[    0.001004] Calibrating delay loop (skipped), value calculated using timer frequency.. 38.40 BogoMIPS (lpj=76800)
[    0.001057] pid_max: default: 32768 minimum: 301
[    0.001487] Mount-cache hash table entries: 2048 (order: 2, 16384 bytes)
[    0.001542] Mountpoint-cache hash table entries: 2048 (order: 2, 16384 bytes)
[    0.024104] ASID allocator initialised with 32768 entries
[    0.032101] rcu: Hierarchical SRCU implementation.
[    0.040747] EFI services will not be available.
[    0.048179] smp: Bringing up secondary CPUs ...
[    0.080447] Detected VIPT I-cache on CPU1
[    0.080516] CPU1: Booted secondary processor 0x0000000001 [0x410fd034]
[    0.112573] Detected VIPT I-cache on CPU2
[    0.112621] CPU2: Booted secondary processor 0x0000000002 [0x410fd034]
[    0.144737] Detected VIPT I-cache on CPU3
[    0.144783] CPU3: Booted secondary processor 0x0000000003 [0x410fd034]
[    0.144968] smp: Brought up 1 node, 4 CPUs
[    0.145122] SMP: Total of 4 processors activated.
[    0.145157] CPU features: detected: 32-bit EL0 Support
[    0.146129] CPU: All CPU(s) started at EL2
[    0.146204] alternatives: patching kernel code
[    0.147831] devtmpfs: initialized
[    0.164024] Enabled cp15_barrier support
[    0.164091] Enabled setend support
[    0.164638] clocksource: jiffies: mask: 0xffffffff max_cycles: 0xffffffff, max_idle_ns: 7645041785100000 ns
[    0.164699] futex hash table entries: 1024 (order: 4, 65536 bytes)
[    0.165450] pinctrl core: initialized pinctrl subsystem
[    0.166344] DMI not present or invalid.
[    0.166911] NET: Registered protocol family 16
[    0.173378] cpuidle: using governor menu
[    0.173989] hw-breakpoint: found 6 breakpoint and 4 watchpoint registers.
[    0.178612] DMA: preallocated 1024 KiB pool for atomic allocations
[    0.178792] Serial: AMBA PL011 UART driver
[    0.183384] bcm2835-mbox 3f00b880.mailbox: mailbox enabled
[    0.192943] raspberrypi-firmware soc:firmware: Attached to firmware from 2020-04-15 11:43, variant start
[    0.196961] raspberrypi-firmware soc:firmware: Firmware hash is 82f9bb929ce2186eb1824178c1ae82902ad6275c
[    0.245815] bcm2835-dma 3f007000.dma: DMA legacy API manager at (____ptrval____), dmachans=0x1
[    0.249127] vgaarb: loaded
[    0.249717] SCSI subsystem initialized
[    0.250015] usbcore: registered new interface driver usbfs
[    0.250120] usbcore: registered new interface driver hub
[    0.250282] usbcore: registered new device driver usb
[    0.250460] pps_core: LinuxPPS API ver. 1 registered
[    0.250494] pps_core: Software ver. 5.3.6 - Copyright 2005-2007 Rodolfo Giometti <giometti@linux.it>
[    0.250553] PTP clock support registered
[    0.252372] clocksource: Switched to clocksource arch_sys_counter
[    0.377587] VFS: Disk quotas dquot_6.6.0
[    0.377728] VFS: Dquot-cache hash table entries: 512 (order 0, 4096 bytes)
[    0.378010] FS-Cache: Loaded
[    0.378293] CacheFiles: Loaded
[    0.390442] NET: Registered protocol family 2
[    0.391408] tcp_listen_portaddr_hash hash table entries: 512 (order: 1, 8192 bytes)
[    0.391486] TCP established hash table entries: 8192 (order: 4, 65536 bytes)
[    0.391629] TCP bind hash table entries: 8192 (order: 5, 131072 bytes)
[    0.391847] TCP: Hash tables configured (established 8192 bind 8192)
[    0.392135] UDP hash table entries: 512 (order: 2, 16384 bytes)
[    0.392213] UDP-Lite hash table entries: 512 (order: 2, 16384 bytes)
[    0.392642] NET: Registered protocol family 1
[    0.393653] RPC: Registered named UNIX socket transport module.
[    0.393690] RPC: Registered udp transport module.
[    0.393720] RPC: Registered tcp transport module.
[    0.393750] RPC: Registered tcp NFSv4.1 backchannel transport module.
[    0.396423] hw perfevents: enabled with armv8_cortex_a53 PMU driver, 7 counters available
[    0.396628] kvm [1]: 8-bit VMID
[    0.397474] kvm [1]: Hyp mode initialized successfully
[    0.402402] Initialise system trusted keyrings
[    0.402747] workingset: timestamp_bits=46 max_order=18 bucket_order=0
[    0.415109] FS-Cache: Netfs 'nfs' registered for caching
[    0.416180] NFS: Registering the id_resolver key type
[    0.416239] Key type id_resolver registered
[    0.416270] Key type id_legacy registered
[    0.416312] nfs4filelayout_init: NFSv4 File Layout Driver Registering...
[    0.424068] Key type asymmetric registered
[    0.424117] Asymmetric key parser 'x509' registered
[    0.424216] Block layer SCSI generic (bsg) driver version 0.4 loaded (major 248)
[    0.424577] io scheduler noop registered
[    0.424612] io scheduler deadline registered (default)
[    0.424871] io scheduler cfq registered
[    0.424905] io scheduler mq-deadline registered (default)
[    0.424938] io scheduler kyber registered
[    0.431102] bcm2708_fb soc:fb: FB found 1 display(s)
[    0.440651] Console: switching to colour frame buffer device 82x26
[    0.445582] bcm2708_fb soc:fb: Registered framebuffer for display 0, size 656x416
[    0.453068] Serial: 8250/16550 driver, 1 ports, IRQ sharing enabled
[    0.457635] bcm2835-rng 3f104000.rng: hwrng registered
[    0.460628] vc-mem: phys_addr:0x00000000 mem_base=0x3ec00000 mem_size:0x40000000(1024 MiB)
[    0.466470] gpiomem-bcm2835 3f200000.gpiomem: Initialised: Registers at 0x3f200000
[    0.472008] cacheinfo: Unable to detect cache hierarchy for CPU 0
[    0.490247] brd: module loaded
[    0.508517] loop: module loaded
[    0.512213] Loading iSCSI transport class v2.0-870.
[    0.517606] libphy: Fixed MDIO Bus: probed
[    0.520593] usbcore: registered new interface driver r8152
[    0.523232] usbcore: registered new interface driver lan78xx
[    0.525849] usbcore: registered new interface driver smsc95xx
[    0.528734] dwc_otg: version 3.00a 10-AUG-2012 (platform bus)
[    0.559566] dwc_otg 3f980000.usb: base=(____ptrval____)
[    0.775781] Core Release: 2.80a
[    0.778305] Setting default values for core params
[    0.780851] Finished setting default values for core params
[    0.996542] Using Buffer DMA mode
[    0.998925] Periodic Transfer Interrupt Enhancement - disabled
[    1.001373] Multiprocessor Interrupt Enhancement - disabled
[    1.003786] OTG VER PARAM: 0, OTG VER FLAG: 0
[    1.006158] Dedicated Tx FIFOs mode
[    1.009395] WARN::dwc_otg_hcd_init:1074: FIQ DMA bounce buffers: virt = ffffff80090c1000 dma = 0x00000000fad04000 len=9024
[    1.013937] FIQ FSM acceleration enabled for :
[    1.013937] Non-periodic Split Transactions
[    1.013937] Periodic Split Transactions
[    1.013937] High-Speed Isochronous Endpoints
[    1.013937] Interrupt/Control Split Transaction hack enabled
[    1.024750] WARN::hcd_init_fiq:497: MPHI regs_base at ffffff8008065000
[    1.027031] dwc_otg 3f980000.usb: DWC OTG Controller
[    1.029394] dwc_otg 3f980000.usb: new USB bus registered, assigned bus number 1
[    1.031852] dwc_otg 3f980000.usb: irq 9, io mem 0x00000000
[    1.034288] Init: Port Power? op_state=1
[    1.036646] Init: Power Port (0)
[    1.039298] usb usb1: New USB device found, idVendor=1d6b, idProduct=0002, bcdDevice= 4.19
[    1.044053] usb usb1: New USB device strings: Mfr=3, Product=2, SerialNumber=1
[    1.046674] usb usb1: Product: DWC OTG Controller
[    1.049190] usb usb1: Manufacturer: Linux 4.19.118-v8+ dwc_otg_hcd
[    1.051696] usb usb1: SerialNumber: 3f980000.usb
[    1.054952] hub 1-0:1.0: USB hub found
[    1.057500] hub 1-0:1.0: 1 port detected
[    1.061157] usbcore: registered new interface driver uas
[    1.063576] usbcore: registered new interface driver usb-storage
[    1.066166] mousedev: PS/2 mouse device common for all mice
[    1.070070] bcm2835-wdt bcm2835-wdt: Broadcom BCM2835 watchdog timer
[    1.074633] sdhci: Secure Digital Host Controller Interface driver
[    1.077115] sdhci: Copyright(c) Pierre Ossman
[    1.080204] sdhost-bcm2835 3f202000.mmc: could not get clk, deferring probe
[    1.082952] sdhci-pltfm: SDHCI platform and OF driver helper
[    1.087626] ledtrig-cpu: registered to indicate activity on CPUs
[    1.090378] hidraw: raw HID events driver (C) Jiri Kosina
[    1.093085] usbcore: registered new interface driver usbhid
[    1.095547] usbhid: USB HID core driver
[    1.099360] vchiq: vchiq_init_state: slot_zero = (____ptrval____), is_master = 0
[    1.108204] Initializing XFRM netlink socket
[    1.110709] NET: Registered protocol family 17
[    1.113243] Key type dns_resolver registered
[    1.117023] registered taskstats version 1
[    1.119345] Loading compiled-in X.509 certificates
[    1.133644] uart-pl011 3f201000.serial: cts_event_workaround enabled
[    1.136252] 3f201000.serial: ttyAMA0 at MMIO 0x3f201000 (irq = 66, base_baud = 0) is a PL011 rev2
[    2.126921] console [ttyAMA0] enabled
[    2.135089] bcm2835-power bcm2835-power: Broadcom BCM2835 power domains driver
[    2.147000] sdhost: log_buf @ (____ptrval____) (fad07000)
[    2.204433] mmc0: sdhost-bcm2835 loaded - DMA enabled (>1)
[    2.216272] of_cfs_init
[    2.221451] of_cfs_init: OK
[    2.227688] Waiting for root device PARTUUID=4c999877-02...
[    2.248569] Indeed it is in host mode hprt0 = 00021501
[    2.310643] mmc0: host does not support reading read-only switch, assuming write-enable
[    2.341867] mmc0: new high speed SDHC card at address aaaa
[    2.352298] mmcblk0: mmc0:aaaa SC16G 14.8 GiB
[    2.364366] random: fast init done
[    2.374634]  mmcblk0: p1 p2
[    2.401463] EXT4-fs (mmcblk0p2): INFO: recovery required on readonly filesystem
[    2.411496] EXT4-fs (mmcblk0p2): write access will be enabled during recovery
[    2.434397] EXT4-fs (mmcblk0p2): recovery complete
[    2.459971] EXT4-fs (mmcblk0p2): mounted filesystem with ordered data mode. Opts: (null)
[    2.464451] usb 1-1: new high-speed USB device number 2 using dwc_otg
[    2.473158] VFS: Mounted root (ext4 filesystem) readonly on device 179:2.
[    2.491650] Indeed it is in host mode hprt0 = 00001101
[    2.506106] devtmpfs: mounted
[    2.518212] Freeing unused kernel memory: 1024K
[    2.525410] Run /sbin/init as init process
[    2.708970] usb 1-1: New USB device found, idVendor=0424, idProduct=9514, bcdDevice= 2.00
[    2.722547] usb 1-1: New USB device strings: Mfr=0, Product=0, SerialNumber=0
[    2.733487] hub 1-1:1.0: USB hub found
[    2.740146] hub 1-1:1.0: 5 ports detected
[    3.036435] usb 1-1.1: new high-speed USB device number 3 using dwc_otg
[    3.145013] usb 1-1.1: New USB device found, idVendor=0424, idProduct=ec00, bcdDevice= 2.00
[    3.158724] usb 1-1.1: New USB device strings: Mfr=0, Product=0, SerialNumber=0
[    3.172040] smsc95xx v1.0.6
[    3.247264] smsc95xx 1-1.1:1.0 eth0: register 'smsc95xx' at usb-3f980000.usb-1.1, smsc95xx USB 2.0 Ethernet, b8:27:eb:6d:27:bc
[    3.277729] systemd[1]: System time before build time, advancing clock.
[    3.475145] NET: Registered protocol family 10
[    3.484417] Segment Routing with IPv6
[    3.554271] systemd[1]: systemd 241 running in system mode. (+PAM +AUDIT +SELINUX +IMA +APPARMOR +SMACK +SYSVINIT +UTMP +LIBCRYPTSETUP +GCRYPT +GNUTLS +ACL +XZ +LZ4 +SECCOMP +B
LKID +ELFUTILS +KMOD -IDN2 +IDN -PCRE2 default-hierarchy=hybrid)
[    3.585721] systemd[1]: Detected architecture arm64.
[    3.615532] systemd[1]: Set hostname to <raspberrypi>.
[    3.721272] random: crng init done
[    3.837672] uart-pl011 3f201000.serial: no DMA platform data
[    4.609423] systemd[1]: Listening on udev Kernel Socket.
[    4.622601] systemd[1]: Started Forward Password Requests to Wall Directory Watch.
[    4.640619] systemd[1]: Listening on Syslog Socket.
[    4.653448] systemd[1]: Set up automount Arbitrary Executable File Formats File System Automount Point.
[    4.672877] systemd[1]: Listening on initctl Compatibility Named Pipe.
[    4.692616] systemd[1]: Created slice system-systemd\x2dfsck.slice.
[    4.706608] systemd[1]: Listening on udev Control Socket.
