[    0.000000] Booting Linux on physical CPU 0x0000000000 [0x410fd034]
[    0.000000] Linux version 4.19.118-v8+ (dom@buildbot) (gcc version 5.4.0 20160609 (Ubuntu/Linaro 5.4.0-6ubuntu1~16.04.9)) #1311 SMP PREEMPT Mon Apr 27 14:32:38 BST 2020
[    0.000000] Machine model: Raspberry Pi 3 Model B Plus Rev 1.3
[    0.000000] efi: Getting EFI parameters from FDT:
[    0.000000] efi: UEFI not found.
[    0.000000] cma: Reserved 8 MiB at 0x000000003ac00000
[    0.000000] random: get_random_bytes called from start_kernel+0xb8/0x47c with crng_init=0
[    0.000000] percpu: Embedded 24 pages/cpu s58840 r8192 d31272 u98304
[    0.000000] Detected VIPT I-cache on CPU0
[    0.000000] CPU features: enabling workaround for ARM erratum 843419
[    0.000000] CPU features: enabling workaround for ARM erratum 845719
[    0.000000] Built 1 zonelists, mobility grouping on.  Total pages: 238896
[    0.000000] Kernel command line: coherent_pool=1M 8250.nr_uarts=1 snd_bcm2835.enable_compat_alsa=0 snd_bcm2835.enable_hdmi=1 snd_bcm2835.enable_headphones=1 bcm2708_fb.fbwidth=
656 bcm2708_fb.fbheight=416 bcm2708_fb.fbswap=1 vc_mem.mem_base=0x3ec00000 vc_mem.mem_size=0x40000000  dwc_otg.lpm_enable=0 console=ttyAMA0,115200 console=tty1 root=PARTUUID=4c999
877-02 rootfstype=ext4 elevator=deadline fsck.repair=yes rootwait
[    0.000000] Dentry cache hash table entries: 131072 (order: 8, 1048576 bytes)
[    0.000000] Inode-cache hash table entries: 65536 (order: 7, 524288 bytes)
[    0.000000] Memory: 929092K/970752K available (8700K kernel code, 1074K rwdata, 2760K rodata, 1024K init, 1126K bss, 33468K reserved, 8192K cma-reserved)
[    0.000000] SLUB: HWalign=64, Order=0-3, MinObjects=0, CPUs=4, Nodes=1
[    0.000000] ftrace: allocating 30496 entries in 120 pages
[    0.000000] rcu: Preemptible hierarchical RCU implementation.
[    0.000000] rcu:     RCU restricting CPUs from NR_CPUS=64 to nr_cpu_ids=4.
[    0.000000]  Tasks RCU enabled.
[    0.000000] rcu: Adjusting geometry for rcu_fanout_leaf=16, nr_cpu_ids=4
[    0.000000] NR_IRQS: 64, nr_irqs: 64, preallocated irqs: 0
[    0.000000] arch_timer: cp15 timer(s) running at 19.20MHz (phys).
[    0.000000] clocksource: arch_sys_counter: mask: 0xffffffffffffff max_cycles: 0x46d987e47, max_idle_ns: 440795202767 ns
[    0.000007] sched_clock: 56 bits at 19MHz, resolution 52ns, wraps every 4398046511078ns
[    0.000272] Console: colour dummy device 80x25
[    0.000939] console [tty1] enabled
[    0.001007] Calibrating delay loop (skipped), value calculated using timer frequency.. 38.40 BogoMIPS (lpj=76800)
[    0.001060] pid_max: default: 32768 minimum: 301
[    0.001495] Mount-cache hash table entries: 2048 (order: 2, 16384 bytes)
[    0.001551] Mountpoint-cache hash table entries: 2048 (order: 2, 16384 bytes)
[    0.024103] ASID allocator initialised with 32768 entries
[    0.032100] rcu: Hierarchical SRCU implementation.
[    0.040743] EFI services will not be available.
[    0.048177] smp: Bringing up secondary CPUs ...
[    0.080444] Detected VIPT I-cache on CPU1
[    0.080513] CPU1: Booted secondary processor 0x0000000001 [0x410fd034]
[    0.112570] Detected VIPT I-cache on CPU2
[    0.112618] CPU2: Booted secondary processor 0x0000000002 [0x410fd034]
[    0.144735] Detected VIPT I-cache on CPU3
[    0.144781] CPU3: Booted secondary processor 0x0000000003 [0x410fd034]
[    0.144965] smp: Brought up 1 node, 4 CPUs
[    0.145119] SMP: Total of 4 processors activated.
[    0.145153] CPU features: detected: 32-bit EL0 Support
[    0.146125] CPU: All CPU(s) started at EL2
[    0.146200] alternatives: patching kernel code
[    0.147829] devtmpfs: initialized
[    0.164124] Enabled cp15_barrier support
[    0.164190] Enabled setend support
[    0.164770] clocksource: jiffies: mask: 0xffffffff max_cycles: 0xffffffff, max_idle_ns: 7645041785100000 ns
[    0.164832] futex hash table entries: 1024 (order: 4, 65536 bytes)
[    0.165546] pinctrl core: initialized pinctrl subsystem
[    0.166438] DMI not present or invalid.
[    0.167013] NET: Registered protocol family 16
[    0.173482] cpuidle: using governor menu
[    0.174108] hw-breakpoint: found 6 breakpoint and 4 watchpoint registers.
[    0.178801] DMA: preallocated 1024 KiB pool for atomic allocations
[    0.178981] Serial: AMBA PL011 UART driver
[    0.183597] bcm2835-mbox 3f00b880.mailbox: mailbox enabled
[    0.192937] raspberrypi-firmware soc:firmware: Attached to firmware from 2020-04-15 11:43, variant start
[    0.196955] raspberrypi-firmware soc:firmware: Firmware hash is 82f9bb929ce2186eb1824178c1ae82902ad6275c
[    0.242973] bcm2835-dma 3f007000.dma: DMA legacy API manager at (____ptrval____), dmachans=0x1
[    0.246321] vgaarb: loaded
[    0.246821] SCSI subsystem initialized
[    0.247123] usbcore: registered new interface driver usbfs
[    0.247218] usbcore: registered new interface driver hub
[    0.247400] usbcore: registered new device driver usb
[    0.247558] pps_core: LinuxPPS API ver. 1 registered
[    0.247592] pps_core: Software ver. 5.3.6 - Copyright 2005-2007 Rodolfo Giometti <giometti@linux.it>
[    0.247652] PTP clock support registered
[    0.249596] clocksource: Switched to clocksource arch_sys_counter
[    0.374763] VFS: Disk quotas dquot_6.6.0
[    0.374904] VFS: Dquot-cache hash table entries: 512 (order 0, 4096 bytes)
[    0.375186] FS-Cache: Loaded
[    0.375449] CacheFiles: Loaded
[    0.387602] NET: Registered protocol family 2
[    0.388571] tcp_listen_portaddr_hash hash table entries: 512 (order: 1, 8192 bytes)
[    0.388646] TCP established hash table entries: 8192 (order: 4, 65536 bytes)
[    0.388789] TCP bind hash table entries: 8192 (order: 5, 131072 bytes)
[    0.389008] TCP: Hash tables configured (established 8192 bind 8192)
[    0.389293] UDP hash table entries: 512 (order: 2, 16384 bytes)
[    0.389371] UDP-Lite hash table entries: 512 (order: 2, 16384 bytes)
[    0.389803] NET: Registered protocol family 1
[    0.390793] RPC: Registered named UNIX socket transport module.
[    0.390830] RPC: Registered udp transport module.
[    0.390861] RPC: Registered tcp transport module.
[    0.390891] RPC: Registered tcp NFSv4.1 backchannel transport module.
[    0.393488] hw perfevents: enabled with armv8_cortex_a53 PMU driver, 7 counters available
[    0.393762] kvm [1]: 8-bit VMID
[    0.394607] kvm [1]: Hyp mode initialized successfully
[    0.399532] Initialise system trusted keyrings
[    0.399875] workingset: timestamp_bits=46 max_order=18 bucket_order=0
[    0.412249] FS-Cache: Netfs 'nfs' registered for caching
[    0.413310] NFS: Registering the id_resolver key type
[    0.413387] Key type id_resolver registered
[    0.413417] Key type id_legacy registered
[    0.413459] nfs4filelayout_init: NFSv4 File Layout Driver Registering...
[    0.421223] Key type asymmetric registered
[    0.421272] Asymmetric key parser 'x509' registered
[    0.421370] Block layer SCSI generic (bsg) driver version 0.4 loaded (major 248)
[    0.421720] io scheduler noop registered
[    0.421755] io scheduler deadline registered (default)
[    0.422017] io scheduler cfq registered
[    0.422050] io scheduler mq-deadline registered (default)
[    0.422084] io scheduler kyber registered
[    0.425484] bcm2708_fb soc:fb: FB found 1 display(s)
[    0.436815] Console: switching to colour frame buffer device 82x26
[    0.441790] bcm2708_fb soc:fb: Registered framebuffer for display 0, size 656x416
[    0.449188] Serial: 8250/16550 driver, 1 ports, IRQ sharing enabled
[    0.453799] bcm2835-rng 3f104000.rng: hwrng registered
[    0.456717] vc-mem: phys_addr:0x00000000 mem_base=0x3ec00000 mem_size:0x40000000(1024 MiB)
[    0.462601] gpiomem-bcm2835 3f200000.gpiomem: Initialised: Registers at 0x3f200000
[    0.468118] cacheinfo: Unable to detect cache hierarchy for CPU 0
[    0.486509] brd: module loaded
[    0.504736] loop: module loaded
[    0.508495] Loading iSCSI transport class v2.0-870.
[    0.513889] libphy: Fixed MDIO Bus: probed
[    0.516816] usbcore: registered new interface driver r8152
[    0.519469] usbcore: registered new interface driver lan78xx
[    0.522092] usbcore: registered new interface driver smsc95xx
[    0.524934] dwc_otg: version 3.00a 10-AUG-2012 (platform bus)
[    0.555464] dwc_otg 3f980000.usb: base=(____ptrval____)
[    0.771522] Core Release: 2.80a
[    0.774049] Setting default values for core params
[    0.776566] Finished setting default values for core params
[    0.992253] Using Buffer DMA mode
[    0.994661] Periodic Transfer Interrupt Enhancement - disabled
[    0.997082] Multiprocessor Interrupt Enhancement - disabled
[    0.999510] OTG VER PARAM: 0, OTG VER FLAG: 0
[    1.001871] Dedicated Tx FIFOs mode
[    1.004991] WARN::dwc_otg_hcd_init:1074: FIQ DMA bounce buffers: virt = ffffff80090c1000 dma = 0x00000000fad14000 len=9024
[    1.009527] FIQ FSM acceleration enabled for :
[    1.009527] Non-periodic Split Transactions
[    1.009527] Periodic Split Transactions
[    1.009527] High-Speed Isochronous Endpoints
[    1.009527] Interrupt/Control Split Transaction hack enabled
[    1.020300] WARN::hcd_init_fiq:497: MPHI regs_base at ffffff800805d000
[    1.022604] dwc_otg 3f980000.usb: DWC OTG Controller
[    1.024913] dwc_otg 3f980000.usb: new USB bus registered, assigned bus number 1
[    1.027392] dwc_otg 3f980000.usb: irq 9, io mem 0x00000000
[    1.029819] Init: Port Power? op_state=1
[    1.032141] Init: Power Port (0)
[    1.034833] usb usb1: New USB device found, idVendor=1d6b, idProduct=0002, bcdDevice= 4.19
[    1.039583] usb usb1: New USB device strings: Mfr=3, Product=2, SerialNumber=1
[    1.042199] usb usb1: Product: DWC OTG Controller
[    1.044683] usb usb1: Manufacturer: Linux 4.19.118-v8+ dwc_otg_hcd
[    1.047220] usb usb1: SerialNumber: 3f980000.usb
[    1.050507] hub 1-0:1.0: USB hub found
[    1.053005] hub 1-0:1.0: 1 port detected
[    1.056621] usbcore: registered new interface driver uas
[    1.059085] usbcore: registered new interface driver usb-storage
[    1.061627] mousedev: PS/2 mouse device common for all mice
[    1.065467] bcm2835-wdt bcm2835-wdt: Broadcom BCM2835 watchdog timer
[    1.069350] cpufreq: cpufreq_online: CPU0: Running at unlisted freq: 600000 KHz
[    1.074146] cpufreq: cpufreq_online: CPU0: Unlisted initial frequency changed to: 700000 KHz
[    1.077409] sdhci: Secure Digital Host Controller Interface driver
[    1.078497] sdhci: Copyright(c) Pierre Ossman
[    1.079865] sdhost-bcm2835 3f202000.mmc: could not get clk, deferring probe
[    1.081072] sdhci-pltfm: SDHCI platform and OF driver helper
[    1.083565] ledtrig-cpu: registered to indicate activity on CPUs
[    1.084793] hidraw: raw HID events driver (C) Jiri Kosina
[    1.086035] usbcore: registered new interface driver usbhid
[    1.087120] usbhid: USB HID core driver
[    1.088841] vchiq: vchiq_init_state: slot_zero = (____ptrval____), is_master = 0
[    1.093108] Initializing XFRM netlink socket
[    1.094243] NET: Registered protocol family 17
[    1.095394] Key type dns_resolver registered
[    1.097171] registered taskstats version 1
[    1.098289] Loading compiled-in X.509 certificates
[    1.105020] uart-pl011 3f201000.serial: cts_event_workaround enabled
[    1.106293] 3f201000.serial: ttyAMA0 at MMIO 0x3f201000 (irq = 66, base_baud = 0) is a PL011 rev2
[    2.106748] console [ttyAMA0] enabled
[    2.112486] bcm2835-power bcm2835-power: Broadcom BCM2835 power domains driver
[    2.121744] sdhost: log_buf @ (____ptrval____) (fad13000)
[    2.176679] mmc0: sdhost-bcm2835 loaded - DMA enabled (>1)
[    2.185027] of_cfs_init
[    2.188678] of_cfs_init: OK
[    2.193041] Waiting for root device PARTUUID=4c999877-02...
[    2.225683] Indeed it is in host mode hprt0 = 00021501
[    2.267460] mmc0: host does not support reading read-only switch, assuming write-enable
[    2.294983] mmc0: new high speed SDHC card at address aaaa
[    2.310416] mmcblk0: mmc0:aaaa SC16G 14.8 GiB
[    2.321040]  mmcblk0: p1 p2
[    2.335555] random: fast init done
[    2.349673] EXT4-fs (mmcblk0p2): INFO: recovery required on readonly filesystem
[    2.358122] EXT4-fs (mmcblk0p2): write access will be enabled during recovery
[    2.441622] usb 1-1: new high-speed USB device number 2 using dwc_otg
[    2.449366] Indeed it is in host mode hprt0 = 00001101
[    2.467753] EXT4-fs (mmcblk0p2): recovery complete
[    2.475621] EXT4-fs (mmcblk0p2): mounted filesystem with ordered data mode. Opts: (null)
[    2.485902] VFS: Mounted root (ext4 filesystem) readonly on device 179:2.
[    2.504760] devtmpfs: mounted
[    2.511825] Freeing unused kernel memory: 1024K
[    2.517535] Run /sbin/init as init process
[    2.531679] Internal error: undefined instruction: 0 [#1] PREEMPT SMP
[    2.539256] Modules linked in:
[    2.543415] Process swapper/0 (pid: 1, stack limit = 0x(____ptrval____))
[    2.551261] CPU: 2 PID: 1 Comm: swapper/0 Not tainted 4.19.118-v8+ #1311
[    2.559105] Hardware name: Raspberry Pi 3 Model B Plus Rev 1.3 (DT)
[    2.566494] pstate: 00000005 (nzcv daif -PAN -UAO)
[    2.572395] pc :           (null)
[    2.576795] lr :           (null)
[    2.581161] sp : 0000000000000000
[    2.585531] x29: 0000000000000000 x28: 0000000000000000 
[    2.591885] x27: 0000000000000000 x26: 0000000000000000 
[    2.598198] x25: 0000000000000000 x24: 0000000000000000 
[    2.604460] x23: 0000000000000000 x22: 0000000000000000 
[    2.610677] x21: 0000000000000000 x20: 0000000000000000 
[    2.616855] x19: 0000000000000000 x18: 0000000000000000 
[    2.623000] x17: 0000000000000000 x16: 0000000000000000 
[    2.629084] x15: 0000000000000000 x14: 0000000000000000 
[    2.635108] x13: 0000000000000000 x12: 0000000000000000 
[    2.641083] x11: 0000000000000000 x10: 0000000000000000 
[    2.647029] x9 : 0000000000000000 x8 : 0000000000000000 
[    2.652952] x7 : 0000000000000000 x6 : 0000000000000000 
[    2.658827] x5 : 0000000000000000 x4 : 0000000000000000 
[    2.664655] x3 : 0000000000000000 x2 : 0000000000000000 
[    2.665854] usb 1-1: New USB device found, idVendor=0424, idProduct=2514, bcdDevice= b.b3
[    2.670435] x1 : 0000000000000000 x0 : 0000000000000000 
[    2.670440] Call trace:
[    2.670443]            (null)
[    2.670451] Code: bad PC value
[    2.670457] ---[ end trace 46bf7bcbd88a4312 ]---
[    2.670492] Kernel panic - not syncing: Attempted to kill init! exitcode=0x0000000b
[    2.670492] 
[    2.679606] usb 1-1: New USB device strings: Mfr=0, Product=0, SerialNumber=0
[    2.685372] SMP: stopping secondary CPUs
[    2.685378] Kernel Offset: disabled
[    2.685382] CPU features: 0x0,24002004
[    2.685384] Memory Limit: none
[    2.736149] ---[ end Kernel panic - not syncing: Attempted to kill init! exitcode=0x0000000b
[    2.736149]  ]--- 
