[    0.000000] Booting Linux on physical CPU 0x0000000000 [0x410fd034]
[    0.000000] Linux version 4.19.118-v8+ (dom@buildbot) (gcc version 5.4.0 20160609 (Ubuntu/Linaro 5.4.0-6ubuntu1~16.04.9)) #1311 SMP PREEMPT Mon Apr 27 14:32:38 BST 2020
[    0.000000] Machine model: Raspberry Pi 3 Model B Plus Rev 1.3
[    0.000000] efi: Getting EFI parameters from FDT:
[    0.000000] efi: UEFI not found.
[    0.000000] cma: Reserved 8 MiB at 0x000000003ac00000
[    0.000000] random: get_random_bytes called from start_kernel+0xb8/0x47c with crng_init=0
[    0.000000] percpu: Embedded 24 pages/cpu s58840 r8192 d31272 u98304
[    0.000000] Detected VIPT I-cache on CPU0
[    0.000000] CPU features: enabling workaround for ARM erratum 843419
[    0.000000] CPU features: enabling workaround for ARM erratum 845719
[    0.000000] Built 1 zonelists, mobility grouping on.  Total pages: 238896
[    0.000000] Kernel command line: coherent_pool=1M 8250.nr_uarts=1 snd_bcm2835.enable_compat_alsa=0 snd_bcm2835.enable_hdmi=1 snd_bcm2835.enable_headphones=1 bcm2708_fb.fbwidth
=656 bcm2708_fb.fbheight=416 bcm2708_fb.fbswap=1 vc_mem.mem_base=0x3ec00000 vc_mem.mem_size=0x40000000  dwc_otg.lpm_enable=0 console=ttyAMA0,115200 console=tty1 root=PARTUUID=4c9
99877-02 rootfstype=ext4 elevator=deadline fsck.repair=yes rootwait
[    0.000000] Dentry cache hash table entries: 131072 (order: 8, 1048576 bytes)
[    0.000000] Inode-cache hash table entries: 65536 (order: 7, 524288 bytes)
[    0.000000] Memory: 929092K/970752K available (8700K kernel code, 1074K rwdata, 2760K rodata, 1024K init, 1126K bss, 33468K reserved, 8192K cma-reserved)
[    0.000000] SLUB: HWalign=64, Order=0-3, MinObjects=0, CPUs=4, Nodes=1
[    0.000000] ftrace: allocating 30496 entries in 120 pages
[    0.000000] rcu: Preemptible hierarchical RCU implementation.
[    0.000000] rcu:     RCU restricting CPUs from NR_CPUS=64 to nr_cpu_ids=4.
[    0.000000]  Tasks RCU enabled.
[    0.000000] rcu: Adjusting geometry for rcu_fanout_leaf=16, nr_cpu_ids=4
[    0.000000] NR_IRQS: 64, nr_irqs: 64, preallocated irqs: 0
[    0.000000] arch_timer: cp15 timer(s) running at 19.20MHz (phys).
[    0.000000] clocksource: arch_sys_counter: mask: 0xffffffffffffff max_cycles: 0x46d987e47, max_idle_ns: 440795202767 ns
[    0.000007] sched_clock: 56 bits at 19MHz, resolution 52ns, wraps every 4398046511078ns
[    0.000270] Console: colour dummy device 80x25
[    0.000936] console [tty1] enabled
[    0.001006] Calibrating delay loop (skipped), value calculated using timer frequency.. 38.40 BogoMIPS (lpj=76800)
[    0.001059] pid_max: default: 32768 minimum: 301
[    0.001487] Mount-cache hash table entries: 2048 (order: 2, 16384 bytes)
[    0.001544] Mountpoint-cache hash table entries: 2048 (order: 2, 16384 bytes)
[    0.024103] ASID allocator initialised with 32768 entries
[    0.032099] rcu: Hierarchical SRCU implementation.
[    0.040746] EFI services will not be available.
[    0.048176] smp: Bringing up secondary CPUs ...
[    0.080443] Detected VIPT I-cache on CPU1
[    0.080512] CPU1: Booted secondary processor 0x0000000001 [0x410fd034]
[    0.112566] Detected VIPT I-cache on CPU2
[    0.112614] CPU2: Booted secondary processor 0x0000000002 [0x410fd034]
[    0.144729] Detected VIPT I-cache on CPU3
[    0.144775] CPU3: Booted secondary processor 0x0000000003 [0x410fd034]
[    0.144960] smp: Brought up 1 node, 4 CPUs
[    0.145113] SMP: Total of 4 processors activated.
[    0.145147] CPU features: detected: 32-bit EL0 Support
[    0.146118] CPU: All CPU(s) started at EL2
[    0.146192] alternatives: patching kernel code
[    0.147810] devtmpfs: initialized
[    0.164083] Enabled cp15_barrier support
[    0.164151] Enabled setend support
[    0.164733] clocksource: jiffies: mask: 0xffffffff max_cycles: 0xffffffff, max_idle_ns: 7645041785100000 ns
[    0.164794] futex hash table entries: 1024 (order: 4, 65536 bytes)
[    0.165516] pinctrl core: initialized pinctrl subsystem
[    0.166405] DMI not present or invalid.
[    0.166972] NET: Registered protocol family 16
[    0.173433] cpuidle: using governor menu
[    0.174057] hw-breakpoint: found 6 breakpoint and 4 watchpoint registers.
[    0.178749] DMA: preallocated 1024 KiB pool for atomic allocations
[    0.178928] Serial: AMBA PL011 UART driver
[    0.183533] bcm2835-mbox 3f00b880.mailbox: mailbox enabled
[    0.192928] raspberrypi-firmware soc:firmware: Attached to firmware from 2020-04-15 11:43, variant start
[    0.196947] raspberrypi-firmware soc:firmware: Firmware hash is 82f9bb929ce2186eb1824178c1ae82902ad6275c
[    0.245799] bcm2835-dma 3f007000.dma: DMA legacy API manager at (____ptrval____), dmachans=0x1
[    0.249093] vgaarb: loaded
[    0.249680] SCSI subsystem initialized
[    0.249979] usbcore: registered new interface driver usbfs
[    0.250073] usbcore: registered new interface driver hub
[    0.250254] usbcore: registered new device driver usb
[    0.250412] pps_core: LinuxPPS API ver. 1 registered
[    0.250445] pps_core: Software ver. 5.3.6 - Copyright 2005-2007 Rodolfo Giometti <giometti@linux.it>
[    0.250513] PTP clock support registered
[    0.252313] clocksource: Switched to clocksource arch_sys_counter
[    0.377407] VFS: Disk quotas dquot_6.6.0
[    0.377549] VFS: Dquot-cache hash table entries: 512 (order 0, 4096 bytes)
[    0.377782] FS-Cache: Loaded
[    0.378044] CacheFiles: Loaded
[    0.390200] NET: Registered protocol family 2
[    0.391169] tcp_listen_portaddr_hash hash table entries: 512 (order: 1, 8192 bytes)
[    0.391245] TCP established hash table entries: 8192 (order: 4, 65536 bytes)
[    0.391388] TCP bind hash table entries: 8192 (order: 5, 131072 bytes)
[    0.391606] TCP: Hash tables configured (established 8192 bind 8192)
[    0.391894] UDP hash table entries: 512 (order: 2, 16384 bytes)
[    0.391971] UDP-Lite hash table entries: 512 (order: 2, 16384 bytes)
[    0.392403] NET: Registered protocol family 1
[    0.393363] RPC: Registered named UNIX socket transport module.
[    0.393400] RPC: Registered udp transport module.
[    0.393431] RPC: Registered tcp transport module.
[    0.393461] RPC: Registered tcp NFSv4.1 backchannel transport module.
[    0.396141] hw perfevents: enabled with armv8_cortex_a53 PMU driver, 7 counters available
[    0.396405] kvm [1]: 8-bit VMID
[    0.397247] kvm [1]: Hyp mode initialized successfully
[    0.402176] Initialise system trusted keyrings
[    0.402515] workingset: timestamp_bits=46 max_order=18 bucket_order=0
[    0.414801] FS-Cache: Netfs 'nfs' registered for caching
[    0.415862] NFS: Registering the id_resolver key type
[    0.415922] Key type id_resolver registered
[    0.415952] Key type id_legacy registered
[    0.415994] nfs4filelayout_init: NFSv4 File Layout Driver Registering...
[    0.423703] Key type asymmetric registered
[    0.423752] Asymmetric key parser 'x509' registered
[    0.423848] Block layer SCSI generic (bsg) driver version 0.4 loaded (major 248)
[    0.424173] io scheduler noop registered
[    0.424208] io scheduler deadline registered (default)
[    0.424527] io scheduler cfq registered
[    0.424561] io scheduler mq-deadline registered (default)
[    0.424595] io scheduler kyber registered
[    0.428005] bcm2708_fb soc:fb: FB found 1 display(s)
[    0.439184] Console: switching to colour frame buffer device 82x26
[    0.444086] bcm2708_fb soc:fb: Registered framebuffer for display 0, size 656x416
[    0.451415] Serial: 8250/16550 driver, 1 ports, IRQ sharing enabled
[    0.455889] bcm2835-rng 3f104000.rng: hwrng registered
[    0.458860] vc-mem: phys_addr:0x00000000 mem_base=0x3ec00000 mem_size:0x40000000(1024 MiB)
[    0.464653] gpiomem-bcm2835 3f200000.gpiomem: Initialised: Registers at 0x3f200000
[    0.470154] cacheinfo: Unable to detect cache hierarchy for CPU 0
[    0.488543] brd: module loaded
[    0.506636] loop: module loaded
[    0.510377] Loading iSCSI transport class v2.0-870.
[    0.515740] libphy: Fixed MDIO Bus: probed
[    0.518718] usbcore: registered new interface driver r8152
[    0.521377] usbcore: registered new interface driver lan78xx
[    0.523965] usbcore: registered new interface driver smsc95xx
[    0.526841] dwc_otg: version 3.00a 10-AUG-2012 (platform bus)
[    0.557383] dwc_otg 3f980000.usb: base=(____ptrval____)
[    0.773340] Core Release: 2.80a
[    0.775830] Setting default values for core params
[    0.778375] Finished setting default values for core params
[    0.993856] Using Buffer DMA mode
[    0.996234] Periodic Transfer Interrupt Enhancement - disabled
[    0.998676] Multiprocessor Interrupt Enhancement - disabled
[    1.001104] OTG VER PARAM: 0, OTG VER FLAG: 0
[    1.003443] Dedicated Tx FIFOs mode
[    1.006650] WARN::dwc_otg_hcd_init:1074: FIQ DMA bounce buffers: virt = ffffff80090c1000 dma = 0x00000000fad14000 len=9024
[    1.011180] FIQ FSM acceleration enabled for :
[    1.011180] Non-periodic Split Transactions
[    1.011180] Periodic Split Transactions
[    1.011180] High-Speed Isochronous Endpoints
[    1.011180] Interrupt/Control Split Transaction hack enabled
[    1.021960] WARN::hcd_init_fiq:497: MPHI regs_base at ffffff800805d000
[    1.024238] dwc_otg 3f980000.usb: DWC OTG Controller
[    1.026575] dwc_otg 3f980000.usb: new USB bus registered, assigned bus number 1
[    1.029053] dwc_otg 3f980000.usb: irq 9, io mem 0x00000000
[    1.031450] Init: Port Power? op_state=1
[    1.033799] Init: Power Port (0)
[    1.036491] usb usb1: New USB device found, idVendor=1d6b, idProduct=0002, bcdDevice= 4.19
[    1.041239] usb usb1: New USB device strings: Mfr=3, Product=2, SerialNumber=1
[    1.043772] usb usb1: Product: DWC OTG Controller
[    1.046275] usb usb1: Manufacturer: Linux 4.19.118-v8+ dwc_otg_hcd
[    1.048809] usb usb1: SerialNumber: 3f980000.usb
[    1.052075] hub 1-0:1.0: USB hub found
[    1.054612] hub 1-0:1.0: 1 port detected
[    1.058239] usbcore: registered new interface driver uas
[    1.060705] usbcore: registered new interface driver usb-storage
[    1.063235] mousedev: PS/2 mouse device common for all mice
[    1.067079] bcm2835-wdt bcm2835-wdt: Broadcom BCM2835 watchdog timer
[    1.071000] cpufreq: cpufreq_online: CPU0: Running at unlisted freq: 600000 KHz
[    1.075749] cpufreq: cpufreq_online: CPU0: Unlisted initial frequency changed to: 700000 KHz
[    1.079040] sdhci: Secure Digital Host Controller Interface driver
[    1.080110] sdhci: Copyright(c) Pierre Ossman
[    1.081505] sdhost-bcm2835 3f202000.mmc: could not get clk, deferring probe
[    1.082713] sdhci-pltfm: SDHCI platform and OF driver helper
[    1.085178] ledtrig-cpu: registered to indicate activity on CPUs
[    1.086395] hidraw: raw HID events driver (C) Jiri Kosina
[    1.087599] usbcore: registered new interface driver usbhid
[    1.088698] usbhid: USB HID core driver
[    1.090392] vchiq: vchiq_init_state: slot_zero = (____ptrval____), is_master = 0
[    1.094674] Initializing XFRM netlink socket
[    1.095797] NET: Registered protocol family 17
[    1.096980] Key type dns_resolver registered
[    1.098758] registered taskstats version 1
[    1.099852] Loading compiled-in X.509 certificates
[    1.106582] uart-pl011 3f201000.serial: cts_event_workaround enabled
[    1.107813] 3f201000.serial: ttyAMA0 at MMIO 0x3f201000 (irq = 66, base_baud = 0) is a PL011 rev2
[    2.108318] console [ttyAMA0] enabled
[    2.114066] bcm2835-power bcm2835-power: Broadcom BCM2835 power domains driver
[    2.123374] sdhost: log_buf @ (____ptrval____) (fad13000)
[    2.178946] mmc0: sdhost-bcm2835 loaded - DMA enabled (>1)
[    2.187250] of_cfs_init
[    2.190857] of_cfs_init: OK
[    2.216641] Waiting for root device PARTUUID=4c999877-02...
[    2.224435] Indeed it is in host mode hprt0 = 00021501
[    2.298181] mmc0: host does not support reading read-only switch, assuming write-enable
[    2.313739] mmc0: new high speed SDHC card at address aaaa
[    2.321500] mmcblk0: mmc0:aaaa SC16G 14.8 GiB
[    2.323144] random: fast init done
[    2.335336]  mmcblk0: p1 p2
[    2.361037] EXT4-fs (mmcblk0p2): mounted filesystem with ordered data mode. Opts: (null)
[    2.371386] VFS: Mounted root (ext4 filesystem) readonly on device 179:2.
[    2.389353] devtmpfs: mounted
[    2.396556] Freeing unused kernel memory: 1024K
[    2.402294] Run /sbin/init as init process
[    2.420329] usb 1-1: new high-speed USB device number 2 using dwc_otg
[    2.428044] Indeed it is in host mode hprt0 = 00001101
[    2.644601] usb 1-1: New USB device found, idVendor=0424, idProduct=2514, bcdDevice= b.b3
[    2.655074] usb 1-1: New USB device strings: Mfr=0, Product=0, SerialNumber=0
[    2.663871] hub 1-1:1.0: USB hub found
[    2.668947] hub 1-1:1.0: 4 ports detected
[    2.960334] usb 1-1.1: new high-speed USB device number 3 using dwc_otg
[    3.035808] systemd[1]: System time before build time, advancing clock.
[    3.068599] usb 1-1.1: New USB device found, idVendor=0424, idProduct=2514, bcdDevice= b.b3
[    3.079368] usb 1-1.1: New USB device strings: Mfr=0, Product=0, SerialNumber=0
[    3.088403] hub 1-1.1:1.0: USB hub found
[    3.093682] hub 1-1.1:1.0: 3 ports detected
[    3.201371] NET: Registered protocol family 10
[    3.207890] Segment Routing with IPv6
[    3.257305] systemd[1]: systemd 241 running in system mode. (+PAM +AUDIT +SELINUX +IMA +APPARMOR +SMACK +SYSVINIT +UTMP +LIBCRYPTSETUP +GCRYPT +GNUTLS +ACL +XZ +LZ4 +SECCOMP +
BLKID +ELFUTILS +KMOD -IDN2 +IDN -PCRE2 default-hierarchy=hybrid)
[    3.282821] systemd[1]: Detected architecture arm64.
[    3.300109] systemd[1]: Set hostname to <raspberrypi>.
[    3.422303] uart-pl011 3f201000.serial: no DMA platform data
[    3.684340] usb 1-1.1.1: new high-speed USB device number 4 using dwc_otg
[    3.696415] random: crng init done
[    3.792764] usb 1-1.1.1: New USB device found, idVendor=0424, idProduct=7800, bcdDevice= 3.00
[    3.803740] usb 1-1.1.1: New USB device strings: Mfr=0, Product=0, SerialNumber=0
[    3.916871] systemd[1]: Listening on udev Kernel Socket.
[    3.925920] systemd[1]: Listening on Syslog Socket.
[    3.936699] systemd[1]: Created slice system-serial\x2dgetty.slice.
[    3.969281] systemd[1]: Condition check resulted in Journal Audit Socket being skipped.
[    3.980265] systemd[1]: Started Dispatch Password Requests to Console Directory Watch.
[    3.992730] systemd[1]: Listening on initctl Compatibility Named Pipe.
[    4.002566] systemd[1]: Started Forward Password Requests to Wall Directory Watch.
[    4.078057] lan78xx 1-1.1.1:1.0 (unnamed net_device) (uninitialized): No External EEPROM. Setting MAC Speed
[    4.093005] libphy: lan78xx-mdiobus: probed
[    4.127450] lan78xx 1-1.1.1:1.0 (unnamed net_device) (uninitialized): int urb period 64
[    4.220670] WARNING: CPU: 1 PID: 136 at mm/page_counter.c:62 page_counter_cancel+0x50/0x60
[    4.231133] Modules linked in: ip_tables x_tables ipv6
[    4.231161] CPU: 1 PID: 136 Comm: (d-sysctl) Not tainted 4.19.118-v8+ #1311
[    4.231164] Hardware name: Raspberry Pi 3 Model B Plus Rev 1.3 (DT)
[    4.231169] pstate: 00000005 (nzcv daif -PAN -UAO)
[    4.231181] pc : page_counter_cancel+0x50/0x60
[    4.231186] lr : page_counter_cancel+0x40/0x60
[    4.231189] sp : ffffff8009a3b830
[    4.231192] x29: ffffff8009a3b830 x28: ffffffc03603fe80 
[    4.231197] x27: 0000000000000001 x26: 0000000036042000 
[    4.231203] x25: ffffff800891f388 x24: ffffff8009a3bb50 
[    4.231208] x23: ffffff8008cc9000 x22: 0000000000000001 
[    4.231214] x21: ffffff8008cc8000 x20: 0000000000000001 
[    4.231219] x19: ffffffc03603afff x18: 0000000000002480 
[    4.231224] x17: 00021a53f72fd344 x16: 0000000000000000 
[    4.231229] x15: 000000000000123f x14: 0000000000000000 
[    4.231235] x13: 00000000000ffe00 x12: 00000000ffe01000 
[    4.231240] x11: 0000000000000000 x10: 0000000000000000 
[    4.231245] x9 : 0000004031edd000 x8 : 0000000000000000 
[    4.231250] x7 : ffffff8008cc8688 x6 : ffffff8008cc8000 
[    4.231255] x5 : ffffff8008cc8e00 x4 : ffffff800822f4ec 
[    4.231261] x3 : ffffff8009a3bc38 x2 : ffffffc03603fe80 
[    4.231266] x1 : ffffffc03603fed0 x0 : 0000007ff72fd310 
[    4.231271] Call trace:
[    4.231279]  page_counter_cancel+0x50/0x60
[    4.231284]  page_counter_uncharge+0x2c/0x40
[    4.231288]  uncharge_batch+0x54/0x400
[    4.231294]  mem_cgroup_uncharge_list+0x8c/0xb8
[    4.231300]  release_pages+0x2a4/0x388
[    4.231307]  free_pages_and_swap_cache+0xd4/0x100
[    4.231313]  tlb_flush_mmu_free+0x60/0x80
[    4.231319]  tlb_flush_mmu+0x44/0x168
[    4.231323]  arch_tlb_finish_mmu+0x54/0x88
[    4.231327]  tlb_finish_mmu+0x44/0x68
[    4.231331]  exit_mmap+0xf8/0x178
[    4.231339]  mmput+0x5c/0xe8
[    4.231346]  flush_old_exec+0x4cc/0x6e0
[    4.231353]  load_elf_binary+0x30c/0x12a0
[    4.231358]  search_binary_handler+0xa4/0x210
[    4.231362]  __do_execve_file.isra.12+0x4f4/0x6c0
[    4.231367]  __arm64_compat_sys_execve+0x48/0x58
[    4.231374]  el0_svc_common+0xf4/0x1c0
[    4.231379]  el0_svc_compat_handler+0x30/0x40
[    4.231384]  el0_svc_compat+0x8/0x18
[    4.231387] ---[ end trace 0094d5649d50b3a2 ]---
[    4.231871] Unable to handle kernel paging request at virtual address 00000400000031e0
[    4.231878] Mem abort info:
[    4.231883]   ESR = 0x96000004
[    4.231889]   Exception class = DABT (current EL), IL = 32 bits
[    4.231893]   SET = 0, FnV = 0
[    4.231897]   EA = 0, S1PTW = 0
[    4.231901] Data abort info:
[    4.231905]   ISV = 0, ISS = 0x00000004
[    4.231909]   CM = 0, WnR = 0
[    4.231914] [00000400000031e0] address between user and kernel address ranges
[    4.231983] Internal error: Oops: 96000004 [#1] PREEMPT SMP
[    4.231990] Modules linked in: ip_tables x_tables ipv6
[    4.232002] Process (d-sysctl) (pid: 136, stack limit = 0x00000000d322d59a)
[    4.232009] CPU: 1 PID: 136 Comm: (d-sysctl) Tainted: G        W         4.19.118-v8+ #1311
[    4.232011] Hardware name: Raspberry Pi 3 Model B Plus Rev 1.3 (DT)
[    4.232016] pstate: 80000005 (Nzcv daif -PAN -UAO)
[    4.232026] pc : __ll_sc_atomic64_add+0x4/0x18
[    4.232033] lr : propagate_protected_usage+0x60/0xc8
[    4.232036] sp : ffffff8009a3b810
[    4.232038] x29: ffffff8009a3b810 x28: ffffffc03603fe80 
[    4.232043] x27: 0000000000000001 x26: 0000000036042000 
[    4.232047] x25: ffffff800891f388 x24: ffffff8009a3bb50 
[    4.232052] x23: ffffff8008cc9000 x22: 0000000000000001 
[    4.232056] x21: ffffff8008cc8000 x20: 00010101464c457e 
[    4.232061] x19: ffffffc03603fe80 x18: 0000000000002480 
[    4.232065] x17: 00010101464c457e x16: 0000000000000000 
[    4.232069] x15: 000000000000123f x14: 0000000000000000 
[    4.232073] x13: 00000000000ffe00 x12: 00000000ffe01000 
[    4.232078] x11: 0000000000000000 x10: 0000000000000000 
[    4.232082] x9 : 0000004031edd000 x8 : 0000000000000000 
[    4.232086] x7 : ffffff8008cc8688 x6 : ffffff8008cc8000 
[    4.232090] x5 : ffffff8008cc8e00 x4 : ffffff800822f4ec 
[    4.232095] x3 : ffffffc03603feb0 x2 : 05000400000031a8 
[    4.232099] x1 : 05000400000031e0 x0 : b9b3ba80ffe3ffe3 
[    4.232104] Call trace:
[    4.232108]  __ll_sc_atomic64_add+0x4/0x18
[    4.232113]  page_counter_cancel+0x40/0x60
[    4.232117]  page_counter_uncharge+0x2c/0x40
[    4.232121]  uncharge_batch+0x54/0x400
[    4.232126]  mem_cgroup_uncharge_list+0x8c/0xb8
[    4.232131]  release_pages+0x2a4/0x388
[    4.232138]  free_pages_and_swap_cache+0xd4/0x100
[    4.232144]  tlb_flush_mmu_free+0x60/0x80
[    4.232148]  tlb_flush_mmu+0x44/0x168
[    4.232152]  arch_tlb_finish_mmu+0x54/0x88
[    4.232157]  tlb_finish_mmu+0x44/0x68
[    4.232160]  exit_mmap+0xf8/0x178
[    4.232168]  mmput+0x5c/0xe8
[    4.232174]  flush_old_exec+0x4cc/0x6e0
[    4.232180]  load_elf_binary+0x30c/0x12a0
[    4.232184]  search_binary_handler+0xa4/0x210
[    4.232189]  __do_execve_file.isra.12+0x4f4/0x6c0
[    4.232193]  __arm64_compat_sys_execve+0x48/0x58
[    4.232200]  el0_svc_common+0xf4/0x1c0
[    4.232204]  el0_svc_compat_handler+0x30/0x40
[    4.232208]  el0_svc_compat+0x8/0x18
[    4.232214] Code: f84107fe d65f03c0 d503201f f9800031 (c85f7c31) 
[    4.232219] ---[ end trace 0094d5649d50b3a3 ]---
[    4.994183] EXT4-fs (mmcblk0p2): re-mounted. Opts: (null)
[    4.996296] Internal error: undefined instruction: 0 [#2] PREEMPT SMP
[    5.007908] Modules linked in: ip_tables x_tables ipv6
[    5.014009] Process swapper/1 (pid: 0, stack limit = 0x000000007df9e049)
[    5.021696] CPU: 1 PID: 0 Comm: swapper/1 Tainted: G      D W         4.19.118-v8+ #1311
[    5.031779] Hardware name: Raspberry Pi 3 Model B Plus Rev 1.3 (DT)
[    5.039119] pstate: 21c90332d1084754 (NZcV DAiF -PAN -UAO)
[    5.045699] pc : 0x1
[    5.048940] lr : 0xffffff8008efbfd0
[    5.053472] sp : ffffff8008096228
[    5.057803] x29: 5c12174d01c22c00 x28: 0000000000000001 
[    5.064144] x27: 0000000000000001 x26: f62ae1f09bc5fd44 
[    5.070498] x25: 8426c8276ce51623 x24: d005018023f22788 
[    5.076857] x23: 21c90332d1084754 x22: 9c5401c1002f4d6f 
[    5.083210] x21: a802b6c08c5d4d8d x20: 0000000000000001 
[    5.089545] x19: 0000000000000001 x18: 0000000000000087 
[    5.095846] x17: ffffff800810d424 x16: ffffff8008efbfb0 
[    5.102144] x15: ffffff800810d20c x14: ffffff8008efbf40 
[    5.108404] x13: ffffff8008cb81f8 x12: ffffff8008cc8000 
[    5.114632] x11: 0000000000000002 x10: ffffff8008cc86d8 
[    5.120836] x9 : ffffff80088ea72c x8 : ffffff8008efbf30 
[    5.127015] x7 : ffffff8008087f80 x6 : ffffff8008efbf00 
[    5.133150] x5 : ffffff8008cb81f8 x4 : ffffffffffffffff 
[    5.139249] x3 : 0000000000000001 x2 : ffffff8008cc86d8 
[    5.145313] x1 : 0000000020000005 x0 : ffffff8008087f80 
[    5.151340] Call trace:
[    5.154456] Code: bad PC value
[    5.158152] ---[ end trace 0094d5649d50b3a4 ]---
[    5.163417] Kernel panic - not syncing: Fatal exception in interrupt
[    5.170473] SMP: stopping secondary CPUs
[    5.175105] Kernel Offset: disabled
[    5.179283] CPU features: 0x0,24002004
[    5.183717] Memory Limit: none
[    5.187444] ---[ end Kernel panic - not syncing: Fatal exception in interrupt ]--- 
