[    0.000000] Booting Linux on physical CPU 0x0000000000 [0x410fd034]
[    0.000000] Linux version 4.19.118-v8+ (dom@buildbot) (gcc version 5.4.0 20160609 (Ubuntu/Linaro 5.4.0-6ubuntu1~16.04.9)) #1311 SMP PREEMPT Mon Apr 27 14:32:38 BST 2020
[    0.000000] Machine model: Raspberry Pi 3 Model B Plus Rev 1.3
[    0.000000] efi: Getting EFI parameters from FDT:
[    0.000000] efi: UEFI not found.
[    0.000000] cma: Reserved 8 MiB at 0x000000003ac00000
[    0.000000] random: get_random_bytes called from start_kernel+0xb8/0x47c with crng_init=0
[    0.000000] percpu: Embedded 24 pages/cpu s58840 r8192 d31272 u98304
[    0.000000] Detected VIPT I-cache on CPU0
[    0.000000] CPU features: enabling workaround for ARM erratum 843419
[    0.000000] CPU features: enabling workaround for ARM erratum 845719
[    0.000000] Built 1 zonelists, mobility grouping on.  Total pages: 238896
[    0.000000] Kernel command line: coherent_pool=1M 8250.nr_uarts=1 snd_bcm2835.enable_compat_alsa=0 snd_bcm2835.enable_hdmi=1 snd_bcm2835.enable_headphones=1 bcm2708_fb.fbwidth
=656 bcm2708_fb.fbheight=416 bcm2708_fb.fbswap=1 vc_mem.mem_base=0x3ec00000 vc_mem.mem_size=0x40000000  dwc_otg.lpm_enable=0 console=ttyAMA0,115200 console=tty1 root=PARTUUID=4c9
99877-02 rootfstype=ext4 elevator=deadline fsck.repair=yes rootwait
[    0.000000] Dentry cache hash table entries: 131072 (order: 8, 1048576 bytes)
[    0.000000] Inode-cache hash table entries: 65536 (order: 7, 524288 bytes)
[    0.000000] Memory: 929092K/970752K available (8700K kernel code, 1074K rwdata, 2760K rodata, 1024K init, 1126K bss, 33468K reserved, 8192K cma-reserved)
[    0.000000] SLUB: HWalign=64, Order=0-3, MinObjects=0, CPUs=4, Nodes=1
[    0.000000] ftrace: allocating 30496 entries in 120 pages
[    0.000000] rcu: Preemptible hierarchical RCU implementation.
[    0.000000] rcu:     RCU restricting CPUs from NR_CPUS=64 to nr_cpu_ids=4.
[    0.000000]  Tasks RCU enabled.
[    0.000000] rcu: Adjusting geometry for rcu_fanout_leaf=16, nr_cpu_ids=4
[    0.000000] NR_IRQS: 64, nr_irqs: 64, preallocated irqs: 0
[    0.000000] arch_timer: cp15 timer(s) running at 19.20MHz (phys).
[    0.000000] clocksource: arch_sys_counter: mask: 0xffffffffffffff max_cycles: 0x46d987e47, max_idle_ns: 440795202767 ns
[    0.000008] sched_clock: 56 bits at 19MHz, resolution 52ns, wraps every 4398046511078ns
[    0.000272] Console: colour dummy device 80x25
[    0.000938] console [tty1] enabled
[    0.001007] Calibrating delay loop (skipped), value calculated using timer frequency.. 38.40 BogoMIPS (lpj=76800)
[    0.001060] pid_max: default: 32768 minimum: 301
[    0.001488] Mount-cache hash table entries: 2048 (order: 2, 16384 bytes)
[    0.001544] Mountpoint-cache hash table entries: 2048 (order: 2, 16384 bytes)
[    0.024102] ASID allocator initialised with 32768 entries
[    0.032099] rcu: Hierarchical SRCU implementation.
[    0.040740] EFI services will not be available.
[    0.048175] smp: Bringing up secondary CPUs ...
[    0.080440] Detected VIPT I-cache on CPU1
[    0.080509] CPU1: Booted secondary processor 0x0000000001 [0x410fd034]
[    0.112566] Detected VIPT I-cache on CPU2
[    0.112614] CPU2: Booted secondary processor 0x0000000002 [0x410fd034]
[    0.144729] Detected VIPT I-cache on CPU3
[    0.144775] CPU3: Booted secondary processor 0x0000000003 [0x410fd034]
[    0.144959] smp: Brought up 1 node, 4 CPUs
[    0.145114] SMP: Total of 4 processors activated.
[    0.145148] CPU features: detected: 32-bit EL0 Support
[    0.146120] CPU: All CPU(s) started at EL2
[    0.146194] alternatives: patching kernel code
[    0.147816] devtmpfs: initialized
[    0.164115] Enabled cp15_barrier support
[    0.164181] Enabled setend support
[    0.164763] clocksource: jiffies: mask: 0xffffffff max_cycles: 0xffffffff, max_idle_ns: 7645041785100000 ns
[    0.164824] futex hash table entries: 1024 (order: 4, 65536 bytes)
[    0.165540] pinctrl core: initialized pinctrl subsystem
[    0.166434] DMI not present or invalid.
[    0.167003] NET: Registered protocol family 16
[    0.173471] cpuidle: using governor menu
[    0.174098] hw-breakpoint: found 6 breakpoint and 4 watchpoint registers.
[    0.178787] DMA: preallocated 1024 KiB pool for atomic allocations
[    0.178968] Serial: AMBA PL011 UART driver
[    0.183554] bcm2835-mbox 3f00b880.mailbox: mailbox enabled
[    0.192929] raspberrypi-firmware soc:firmware: Attached to firmware from 2020-04-15 11:43, variant start
[    0.196948] raspberrypi-firmware soc:firmware: Firmware hash is 82f9bb929ce2186eb1824178c1ae82902ad6275c
[    0.249887] bcm2835-dma 3f007000.dma: DMA legacy API manager at (____ptrval____), dmachans=0x1
[    0.253212] vgaarb: loaded
[    0.253715] SCSI subsystem initialized
[    0.254013] usbcore: registered new interface driver usbfs
[    0.254107] usbcore: registered new interface driver hub
[    0.254291] usbcore: registered new device driver usb
[    0.254449] pps_core: LinuxPPS API ver. 1 registered
[    0.254482] pps_core: Software ver. 5.3.6 - Copyright 2005-2007 Rodolfo Giometti <giometti@linux.it>
[    0.254551] PTP clock support registered
[    0.256390] clocksource: Switched to clocksource arch_sys_counter
[    0.381571] VFS: Disk quotas dquot_6.6.0
[    0.381711] VFS: Dquot-cache hash table entries: 512 (order 0, 4096 bytes)
[    0.381993] FS-Cache: Loaded
[    0.382254] CacheFiles: Loaded
[    0.394327] NET: Registered protocol family 2
[    0.395295] tcp_listen_portaddr_hash hash table entries: 512 (order: 1, 8192 bytes)
[    0.395370] TCP established hash table entries: 8192 (order: 4, 65536 bytes)
[    0.395514] TCP bind hash table entries: 8192 (order: 5, 131072 bytes)
[    0.395732] TCP: Hash tables configured (established 8192 bind 8192)
[    0.396019] UDP hash table entries: 512 (order: 2, 16384 bytes)
[    0.396096] UDP-Lite hash table entries: 512 (order: 2, 16384 bytes)
[    0.396528] NET: Registered protocol family 1
[    0.397509] RPC: Registered named UNIX socket transport module.
[    0.397546] RPC: Registered udp transport module.
[    0.397576] RPC: Registered tcp transport module.
[    0.397606] RPC: Registered tcp NFSv4.1 backchannel transport module.
[    0.400205] hw perfevents: enabled with armv8_cortex_a53 PMU driver, 7 counters available
[    0.400483] kvm [1]: 8-bit VMID
[    0.401328] kvm [1]: Hyp mode initialized successfully
[    0.406235] Initialise system trusted keyrings
[    0.406575] workingset: timestamp_bits=46 max_order=18 bucket_order=0
[    0.418927] FS-Cache: Netfs 'nfs' registered for caching
[    0.419985] NFS: Registering the id_resolver key type
[    0.420045] Key type id_resolver registered
[    0.420076] Key type id_legacy registered
[    0.420118] nfs4filelayout_init: NFSv4 File Layout Driver Registering...
[    0.427890] Key type asymmetric registered
[    0.427939] Asymmetric key parser 'x509' registered
[    0.428039] Block layer SCSI generic (bsg) driver version 0.4 loaded (major 248)
[    0.428331] io scheduler noop registered
[    0.428419] io scheduler deadline registered (default)
[    0.428684] io scheduler cfq registered
[    0.428718] io scheduler mq-deadline registered (default)
[    0.428751] io scheduler kyber registered
[    0.432180] bcm2708_fb soc:fb: FB found 1 display(s)
[    0.443022] Console: switching to colour frame buffer device 82x26
[    0.447928] bcm2708_fb soc:fb: Registered framebuffer for display 0, size 656x416
[    0.455287] Serial: 8250/16550 driver, 1 ports, IRQ sharing enabled
[    0.459785] bcm2835-rng 3f104000.rng: hwrng registered
[    0.462759] vc-mem: phys_addr:0x00000000 mem_base=0x3ec00000 mem_size:0x40000000(1024 MiB)
[    0.468571] gpiomem-bcm2835 3f200000.gpiomem: Initialised: Registers at 0x3f200000
[    0.474087] cacheinfo: Unable to detect cache hierarchy for CPU 0
[    0.492454] brd: module loaded
[    0.510623] loop: module loaded
[    0.514350] Loading iSCSI transport class v2.0-870.
[    0.519681] libphy: Fixed MDIO Bus: probed
[    0.522643] usbcore: registered new interface driver r8152
[    0.525299] usbcore: registered new interface driver lan78xx
[    0.527892] usbcore: registered new interface driver smsc95xx
[    0.530766] dwc_otg: version 3.00a 10-AUG-2012 (platform bus)
[    0.561308] dwc_otg 3f980000.usb: base=(____ptrval____)
[    0.777407] Core Release: 2.80a
[    0.779895] Setting default values for core params
[    0.782440] Finished setting default values for core params
[    0.998168] Using Buffer DMA mode
[    1.000578] Periodic Transfer Interrupt Enhancement - disabled
[    1.003004] Multiprocessor Interrupt Enhancement - disabled
[    1.005441] OTG VER PARAM: 0, OTG VER FLAG: 0
[    1.007782] Dedicated Tx FIFOs mode
[    1.010986] WARN::dwc_otg_hcd_init:1074: FIQ DMA bounce buffers: virt = ffffff80090c1000 dma = 0x00000000fad14000 len=9024
[    1.015525] FIQ FSM acceleration enabled for :
[    1.015525] Non-periodic Split Transactions
[    1.015525] Periodic Split Transactions
[    1.015525] High-Speed Isochronous Endpoints
[    1.015525] Interrupt/Control Split Transaction hack enabled
[    1.026327] WARN::hcd_init_fiq:497: MPHI regs_base at ffffff800805d000
[    1.028636] dwc_otg 3f980000.usb: DWC OTG Controller
[    1.030953] dwc_otg 3f980000.usb: new USB bus registered, assigned bus number 1
[    1.033442] dwc_otg 3f980000.usb: irq 9, io mem 0x00000000
[    1.035849] Init: Port Power? op_state=1
[    1.038205] Init: Power Port (0)
[    1.040903] usb usb1: New USB device found, idVendor=1d6b, idProduct=0002, bcdDevice= 4.19
[    1.045663] usb usb1: New USB device strings: Mfr=3, Product=2, SerialNumber=1
[    1.048204] usb usb1: Product: DWC OTG Controller
[    1.050708] usb usb1: Manufacturer: Linux 4.19.118-v8+ dwc_otg_hcd
[    1.053243] usb usb1: SerialNumber: 3f980000.usb
[    1.056555] hub 1-0:1.0: USB hub found
[    1.059058] hub 1-0:1.0: 1 port detected
[    1.062659] usbcore: registered new interface driver uas
[    1.065129] usbcore: registered new interface driver usb-storage
[    1.067665] mousedev: PS/2 mouse device common for all mice
[    1.071513] bcm2835-wdt bcm2835-wdt: Broadcom BCM2835 watchdog timer
[    1.075447] cpufreq: cpufreq_online: CPU0: Running at unlisted freq: 600000 KHz
[    1.080213] cpufreq: cpufreq_online: CPU0: Unlisted initial frequency changed to: 700000 KHz
[    1.083502] sdhci: Secure Digital Host Controller Interface driver
[    1.084593] sdhci: Copyright(c) Pierre Ossman
[    1.085961] sdhost-bcm2835 3f202000.mmc: could not get clk, deferring probe
[    1.087171] sdhci-pltfm: SDHCI platform and OF driver helper
[    1.089655] ledtrig-cpu: registered to indicate activity on CPUs
[    1.090878] hidraw: raw HID events driver (C) Jiri Kosina
[    1.092089] usbcore: registered new interface driver usbhid
[    1.093194] usbhid: USB HID core driver
[    1.094886] vchiq: vchiq_init_state: slot_zero = (____ptrval____), is_master = 0
[    1.099155] Initializing XFRM netlink socket
[    1.100268] NET: Registered protocol family 17
[    1.101458] Key type dns_resolver registered
[    1.103239] registered taskstats version 1
[    1.104338] Loading compiled-in X.509 certificates
[    1.111086] uart-pl011 3f201000.serial: cts_event_workaround enabled
[    1.112304] 3f201000.serial: ttyAMA0 at MMIO 0x3f201000 (irq = 66, base_baud = 0) is a PL011 rev2
[    2.112768] console [ttyAMA0] enabled
[    2.118518] bcm2835-power bcm2835-power: Broadcom BCM2835 power domains driver
[    2.127838] sdhost: log_buf @ (____ptrval____) (fad13000)
[    2.183480] mmc0: sdhost-bcm2835 loaded - DMA enabled (>1)
[    2.191793] of_cfs_init
[    2.195405] of_cfs_init: OK
[    2.221117] Waiting for root device PARTUUID=4c999877-02...
[    2.228483] Indeed it is in host mode hprt0 = 00021501
[    2.302247] mmc0: host does not support reading read-only switch, assuming write-enable
[    2.317822] mmc0: new high speed SDHC card at address aaaa
[    2.325602] mmcblk0: mmc0:aaaa SC16G 14.8 GiB
[    2.333305] random: fast init done
[    2.339741]  mmcblk0: p1 p2
[    2.372776] EXT4-fs (mmcblk0p2): mounted filesystem with ordered data mode. Opts: (null)
[    2.383127] VFS: Mounted root (ext4 filesystem) readonly on device 179:2.
[    2.401055] devtmpfs: mounted
[    2.408279] Freeing unused kernel memory: 1024K
[    2.414028] Run /sbin/init as init process
[    2.424408] usb 1-1: new high-speed USB device number 2 using dwc_otg
[    2.432133] Indeed it is in host mode hprt0 = 00001101
[    2.648688] usb 1-1: New USB device found, idVendor=0424, idProduct=2514, bcdDevice= b.b3
[    2.659184] usb 1-1: New USB device strings: Mfr=0, Product=0, SerialNumber=0
[    2.668024] hub 1-1:1.0: USB hub found
[    2.673089] hub 1-1:1.0: 4 ports detected
[    2.964416] usb 1-1.1: new high-speed USB device number 3 using dwc_otg
[    3.043375] systemd[1]: System time before build time, advancing clock.
[    3.072687] usb 1-1.1: New USB device found, idVendor=0424, idProduct=2514, bcdDevice= b.b3
[    3.083418] usb 1-1.1: New USB device strings: Mfr=0, Product=0, SerialNumber=0
[    3.092460] hub 1-1.1:1.0: USB hub found
[    3.097746] hub 1-1.1:1.0: 3 ports detected
[    3.210858] NET: Registered protocol family 10
[    3.217408] Segment Routing with IPv6
[    3.266594] systemd[1]: systemd 241 running in system mode. (+PAM +AUDIT +SELINUX +IMA +APPARMOR +SMACK +SYSVINIT +UTMP +LIBCRYPTSETUP +GCRYPT +GNUTLS +ACL +XZ +LZ4 +SECCOMP +
BLKID +ELFUTILS +KMOD -IDN2 +IDN -PCRE2 default-hierarchy=hybrid)
[    3.292140] systemd[1]: Detected architecture arm64.
[    3.309396] systemd[1]: Set hostname to <raspberrypi>.
[    3.428002] uart-pl011 3f201000.serial: no DMA platform data
[    3.688418] usb 1-1.1.1: new high-speed USB device number 4 using dwc_otg
[    3.709677] random: crng init done
[    3.796867] usb 1-1.1.1: New USB device found, idVendor=0424, idProduct=7800, bcdDevice= 3.00
[    3.807824] usb 1-1.1.1: New USB device strings: Mfr=0, Product=0, SerialNumber=0
[    3.923728] systemd[1]: Created slice system-serial\x2dgetty.slice.
[    3.933713] systemd[1]: Listening on Journal Socket (/dev/log).
[    3.943079] systemd[1]: Listening on udev Control Socket.
[    3.952588] systemd[1]: Listening on fsck to fsckd communication Socket.
[    3.984919] systemd[1]: Condition check resulted in Journal Audit Socket being skipped.
[    3.996860] systemd[1]: Created slice system-getty.slice.
[    4.005396] systemd[1]: Reached target Swap.
[    4.084026] lan78xx 1-1.1.1:1.0 (unnamed net_device) (uninitialized): No External EEPROM. Setting MAC Speed
[    4.097244] libphy: lan78xx-mdiobus: probed
[    4.116048] lan78xx 1-1.1.1:1.0 (unnamed net_device) (uninitialized): int urb period 64
[    4.516389] Internal error: undefined instruction: 0 [#1] PREEMPT SMP
[    4.523836] Modules linked in: ip_tables x_tables ipv6
[    4.529942] Process swapper/1 (pid: 0, stack limit = 0x00000000a9068c90)
[    4.537635] CPU: 1 PID: 0 Comm: swapper/1 Not tainted 4.19.118-v8+ #1311
[    4.545363] Hardware name: Raspberry Pi 3 Model B Plus Rev 1.3 (DT)
[    4.552659] pstate: 21c90333d1184f54 (NZcV DAiF -PAN -UAO)
[    4.559171] pc : 0x1
[    4.562339] lr : 0xffffff8008efbfd0
[    4.566813] sp : ffffff8008096228
[    4.571083] x29: 5c12174d01c22c00 x28: 0000000000000001 
[    4.577388] x27: 0000000000000001 x26: f26ba1f09bc5fd44 
[    4.583681] x25: c424c8256ca11623 x24: d005098823f22f99 
[    4.589962] x23: 21c90333d1184f54 x22: 9c5421c1002fcd6f 
[    4.596263] x21: e842b6c000000104 x20: 0000000000000001 
[    4.602560] x19: 0000000000000001 x18: 0000000000000087 
[    4.608857] x17: ffffff800810d420 x16: ffffff8008efbfb0 
[    4.615139] x15: ffffff800810d20c x14: ffffff8008efbf40 
[    4.621382] x13: ffffff8008cb81f8 x12: ffffff8008cc8000 
[    4.627596] x11: 0000000000000002 x10: ffffff8008cc86d8 
[    4.633781] x9 : ffffff80088ea72c x8 : ffffff8008efbf30 
[    4.639951] x7 : ffffff8008087f80 x6 : ffffff8008efbf00 
[    4.646076] x5 : ffffff8008cb81f8 x4 : ffffffffffffffff 
[    4.652167] x3 : 0000000000000001 x2 : ffffff8008cc86d8 
[    4.658233] x1 : 0000000020000005 x0 : ffffff8008087f80 
[    4.664255] Call trace:
[    4.667363] Code: bad PC value
[    4.671053] ---[ end trace 80635a20557f5343 ]---
[    4.676316] Kernel panic - not syncing: Fatal exception in interrupt
[    4.683369] SMP: stopping secondary CPUs
[    4.687995] Kernel Offset: disabled
[    4.692172] CPU features: 0x0,24002004
[    4.696604] Memory Limit: none
[    4.700329] ---[ end Kernel panic - not syncing: Fatal exception in interrupt ]--- 
