[    0.000000] Booting Linux on physical CPU 0x0000000000 [0x410fd034]
[    0.000000] Linux version 4.19.118-v8+ (dom@buildbot) (gcc version 5.4.0 20160609 (Ubuntu/Linaro 5.4.0-6ubuntu1~16.04.9)) #1311 SMP PREEMPT Mon Apr 27 14:32:38 BST 2020
[    0.000000] Machine model: Raspberry Pi 3 Model B Plus Rev 1.3
[    0.000000] efi: Getting EFI parameters from FDT:
[    0.000000] efi: UEFI not found.
[    0.000000] cma: Reserved 8 MiB at 0x000000003ac00000
[    0.000000] random: get_random_bytes called from start_kernel+0xb8/0x47c with crng_init=0
[    0.000000] percpu: Embedded 24 pages/cpu s58840 r8192 d31272 u98304
[    0.000000] Detected VIPT I-cache on CPU0
[    0.000000] CPU features: enabling workaround for ARM erratum 843419
[    0.000000] CPU features: enabling workaround for ARM erratum 845719
[    0.000000] Built 1 zonelists, mobility grouping on.  Total pages: 238896
[    0.000000] Kernel command line: coherent_pool=1M 8250.nr_uarts=1 snd_bcm2835.enable_compat_alsa=0 snd_bcm2835.enable_hdmi=1 snd_bcm2835.enable_headphones=1 bcm2708_fb.fbwidth
=656 bcm2708_fb.fbheight=416 bcm2708_fb.fbswap=1 vc_mem.mem_base=0x3ec00000 vc_mem.mem_size=0x40000000  dwc_otg.lpm_enable=0 console=ttyAMA0,115200 console=tty1 root=PARTUUID=4c9
99877-02 rootfstype=ext4 elevator=deadline fsck.repair=yes rootwait
[    0.000000] Dentry cache hash table entries: 131072 (order: 8, 1048576 bytes)
[    0.000000] Inode-cache hash table entries: 65536 (order: 7, 524288 bytes)
[    0.000000] Memory: 929092K/970752K available (8700K kernel code, 1074K rwdata, 2760K rodata, 1024K init, 1126K bss, 33468K reserved, 8192K cma-reserved)
[    0.000000] SLUB: HWalign=64, Order=0-3, MinObjects=0, CPUs=4, Nodes=1
[    0.000000] ftrace: allocating 30496 entries in 120 pages
[    0.000000] rcu: Preemptible hierarchical RCU implementation.
[    0.000000] rcu:     RCU restricting CPUs from NR_CPUS=64 to nr_cpu_ids=4.
[    0.000000]  Tasks RCU enabled.
[    0.000000] rcu: Adjusting geometry for rcu_fanout_leaf=16, nr_cpu_ids=4
[    0.000000] NR_IRQS: 64, nr_irqs: 64, preallocated irqs: 0
[    0.000000] arch_timer: cp15 timer(s) running at 19.20MHz (phys).
[    0.000000] clocksource: arch_sys_counter: mask: 0xffffffffffffff max_cycles: 0x46d987e47, max_idle_ns: 440795202767 ns
[    0.000007] sched_clock: 56 bits at 19MHz, resolution 52ns, wraps every 4398046511078ns
[    0.000273] Console: colour dummy device 80x25
[    0.000938] console [tty1] enabled
[    0.001008] Calibrating delay loop (skipped), value calculated using timer frequency.. 38.40 BogoMIPS (lpj=76800)
[    0.001061] pid_max: default: 32768 minimum: 301
[    0.001498] Mount-cache hash table entries: 2048 (order: 2, 16384 bytes)
[    0.001554] Mountpoint-cache hash table entries: 2048 (order: 2, 16384 bytes)
[    0.024103] ASID allocator initialised with 32768 entries
[    0.032098] rcu: Hierarchical SRCU implementation.
[    0.040744] EFI services will not be available.
[    0.048176] smp: Bringing up secondary CPUs ...
[    0.080443] Detected VIPT I-cache on CPU1
[    0.080511] CPU1: Booted secondary processor 0x0000000001 [0x410fd034]
[    0.112568] Detected VIPT I-cache on CPU2
[    0.112618] CPU2: Booted secondary processor 0x0000000002 [0x410fd034]
[    0.144732] Detected VIPT I-cache on CPU3
[    0.144778] CPU3: Booted secondary processor 0x0000000003 [0x410fd034]
[    0.144962] smp: Brought up 1 node, 4 CPUs
[    0.145116] SMP: Total of 4 processors activated.
[    0.145150] CPU features: detected: 32-bit EL0 Support
[    0.146122] CPU: All CPU(s) started at EL2
[    0.146196] alternatives: patching kernel code
[    0.147815] devtmpfs: initialized
[    0.164112] Enabled cp15_barrier support
[    0.164179] Enabled setend support
[    0.164752] clocksource: jiffies: mask: 0xffffffff max_cycles: 0xffffffff, max_idle_ns: 7645041785100000 ns
[    0.164814] futex hash table entries: 1024 (order: 4, 65536 bytes)
[    0.165532] pinctrl core: initialized pinctrl subsystem
[    0.166420] DMI not present or invalid.
[    0.166988] NET: Registered protocol family 16
[    0.173439] cpuidle: using governor menu
[    0.174063] hw-breakpoint: found 6 breakpoint and 4 watchpoint registers.
[    0.178681] DMA: preallocated 1024 KiB pool for atomic allocations
[    0.178860] Serial: AMBA PL011 UART driver
[    0.183464] bcm2835-mbox 3f00b880.mailbox: mailbox enabled
[    0.192924] raspberrypi-firmware soc:firmware: Attached to firmware from 2020-04-15 11:43, variant start
[    0.196942] raspberrypi-firmware soc:firmware: Firmware hash is 82f9bb929ce2186eb1824178c1ae82902ad6275c
[    0.245800] bcm2835-dma 3f007000.dma: DMA legacy API manager at (____ptrval____), dmachans=0x1
[    0.249094] vgaarb: loaded
[    0.249680] SCSI subsystem initialized
[    0.249978] usbcore: registered new interface driver usbfs
[    0.250073] usbcore: registered new interface driver hub
[    0.250254] usbcore: registered new device driver usb
[    0.250412] pps_core: LinuxPPS API ver. 1 registered
[    0.250446] pps_core: Software ver. 5.3.6 - Copyright 2005-2007 Rodolfo Giometti <giometti@linux.it>
[    0.250515] PTP clock support registered
[    0.252312] clocksource: Switched to clocksource arch_sys_counter
[    0.377397] VFS: Disk quotas dquot_6.6.0
[    0.377538] VFS: Dquot-cache hash table entries: 512 (order 0, 4096 bytes)
[    0.377771] FS-Cache: Loaded
[    0.378035] CacheFiles: Loaded
[    0.390104] NET: Registered protocol family 2
[    0.391073] tcp_listen_portaddr_hash hash table entries: 512 (order: 1, 8192 bytes)
[    0.391151] TCP established hash table entries: 8192 (order: 4, 65536 bytes)
[    0.391295] TCP bind hash table entries: 8192 (order: 5, 131072 bytes)
[    0.391513] TCP: Hash tables configured (established 8192 bind 8192)
[    0.391792] UDP hash table entries: 512 (order: 2, 16384 bytes)
[    0.391870] UDP-Lite hash table entries: 512 (order: 2, 16384 bytes)
[    0.392219] NET: Registered protocol family 1
[    0.393258] RPC: Registered named UNIX socket transport module.
[    0.393295] RPC: Registered udp transport module.
[    0.393326] RPC: Registered tcp transport module.
[    0.393356] RPC: Registered tcp NFSv4.1 backchannel transport module.
[    0.396039] hw perfevents: enabled with armv8_cortex_a53 PMU driver, 7 counters available
[    0.396239] kvm [1]: 8-bit VMID
[    0.397138] kvm [1]: Hyp mode initialized successfully
[    0.402075] Initialise system trusted keyrings
[    0.402415] workingset: timestamp_bits=46 max_order=18 bucket_order=0
[    0.414738] FS-Cache: Netfs 'nfs' registered for caching
[    0.415802] NFS: Registering the id_resolver key type
[    0.415862] Key type id_resolver registered
[    0.415893] Key type id_legacy registered
[    0.415935] nfs4filelayout_init: NFSv4 File Layout Driver Registering...
[    0.423675] Key type asymmetric registered
[    0.423723] Asymmetric key parser 'x509' registered
[    0.423822] Block layer SCSI generic (bsg) driver version 0.4 loaded (major 248)
[    0.424149] io scheduler noop registered
[    0.424183] io scheduler deadline registered (default)
[    0.424502] io scheduler cfq registered
[    0.424535] io scheduler mq-deadline registered (default)
[    0.424569] io scheduler kyber registered
[    0.427971] bcm2708_fb soc:fb: FB found 1 display(s)
[    0.439164] Console: switching to colour frame buffer device 82x26
[    0.444063] bcm2708_fb soc:fb: Registered framebuffer for display 0, size 656x416
[    0.451408] Serial: 8250/16550 driver, 1 ports, IRQ sharing enabled
[    0.455880] bcm2835-rng 3f104000.rng: hwrng registered
[    0.458848] vc-mem: phys_addr:0x00000000 mem_base=0x3ec00000 mem_size:0x40000000(1024 MiB)
[    0.464630] gpiomem-bcm2835 3f200000.gpiomem: Initialised: Registers at 0x3f200000
[    0.470142] cacheinfo: Unable to detect cache hierarchy for CPU 0
[    0.488609] brd: module loaded
[    0.506655] loop: module loaded
[    0.510393] Loading iSCSI transport class v2.0-870.
[    0.515756] libphy: Fixed MDIO Bus: probed
[    0.518728] usbcore: registered new interface driver r8152
[    0.521390] usbcore: registered new interface driver lan78xx
[    0.523982] usbcore: registered new interface driver smsc95xx
[    0.526864] dwc_otg: version 3.00a 10-AUG-2012 (platform bus)
[    0.557409] dwc_otg 3f980000.usb: base=(____ptrval____)
[    0.773401] Core Release: 2.80a
[    0.775883] Setting default values for core params
[    0.778425] Finished setting default values for core params
[    0.993916] Using Buffer DMA mode
[    0.996320] Periodic Transfer Interrupt Enhancement - disabled
[    0.998731] Multiprocessor Interrupt Enhancement - disabled
[    1.001155] OTG VER PARAM: 0, OTG VER FLAG: 0
[    1.003493] Dedicated Tx FIFOs mode
[    1.006686] WARN::dwc_otg_hcd_init:1074: FIQ DMA bounce buffers: virt = ffffff80090c1000 dma = 0x00000000fad14000 len=9024
[    1.011221] FIQ FSM acceleration enabled for :
[    1.011221] Non-periodic Split Transactions
[    1.011221] Periodic Split Transactions
[    1.011221] High-Speed Isochronous Endpoints
[    1.011221] Interrupt/Control Split Transaction hack enabled
[    1.022008] WARN::hcd_init_fiq:497: MPHI regs_base at ffffff800805d000
[    1.024319] dwc_otg 3f980000.usb: DWC OTG Controller
[    1.026631] dwc_otg 3f980000.usb: new USB bus registered, assigned bus number 1
[    1.029111] dwc_otg 3f980000.usb: irq 9, io mem 0x00000000
[    1.031512] Init: Port Power? op_state=1
[    1.033861] Init: Power Port (0)
[    1.036564] usb usb1: New USB device found, idVendor=1d6b, idProduct=0002, bcdDevice= 4.19
[    1.041310] usb usb1: New USB device strings: Mfr=3, Product=2, SerialNumber=1
[    1.043842] usb usb1: Product: DWC OTG Controller
[    1.046345] usb usb1: Manufacturer: Linux 4.19.118-v8+ dwc_otg_hcd
[    1.048878] usb usb1: SerialNumber: 3f980000.usb
[    1.052137] hub 1-0:1.0: USB hub found
[    1.054675] hub 1-0:1.0: 1 port detected
[    1.058300] usbcore: registered new interface driver uas
[    1.060767] usbcore: registered new interface driver usb-storage
[    1.063293] mousedev: PS/2 mouse device common for all mice
[    1.067147] bcm2835-wdt bcm2835-wdt: Broadcom BCM2835 watchdog timer
[    1.071092] cpufreq: cpufreq_online: CPU0: Running at unlisted freq: 600000 KHz
[    1.075843] cpufreq: cpufreq_online: CPU0: Unlisted initial frequency changed to: 700000 KHz
[    1.079126] sdhci: Secure Digital Host Controller Interface driver
[    1.080197] sdhci: Copyright(c) Pierre Ossman
[    1.081591] sdhost-bcm2835 3f202000.mmc: could not get clk, deferring probe
[    1.082804] sdhci-pltfm: SDHCI platform and OF driver helper
[    1.085284] ledtrig-cpu: registered to indicate activity on CPUs
[    1.086505] hidraw: raw HID events driver (C) Jiri Kosina
[    1.087724] usbcore: registered new interface driver usbhid
[    1.088827] usbhid: USB HID core driver
[    1.090520] vchiq: vchiq_init_state: slot_zero = (____ptrval____), is_master = 0
[    1.094799] Initializing XFRM netlink socket
[    1.095923] NET: Registered protocol family 17
[    1.097105] Key type dns_resolver registered
[    1.098884] registered taskstats version 1
[    1.099977] Loading compiled-in X.509 certificates
[    1.106743] uart-pl011 3f201000.serial: cts_event_workaround enabled
[    1.107962] 3f201000.serial: ttyAMA0 at MMIO 0x3f201000 (irq = 66, base_baud = 0) is a PL011 rev2
[    2.108454] console [ttyAMA0] enabled
[    2.114199] bcm2835-power bcm2835-power: Broadcom BCM2835 power domains driver
[    2.123515] sdhost: log_buf @ (____ptrval____) (fad13000)
[    2.179202] mmc0: sdhost-bcm2835 loaded - DMA enabled (>1)
[    2.187516] of_cfs_init
[    2.191128] of_cfs_init: OK
[    2.216872] Waiting for root device PARTUUID=4c999877-02...
[    2.224466] Indeed it is in host mode hprt0 = 00021501
[    2.298167] mmc0: host does not support reading read-only switch, assuming write-enable
[    2.313741] mmc0: new high speed SDHC card at address aaaa
[    2.321554] mmcblk0: mmc0:aaaa SC16G 14.8 GiB
[    2.331509]  mmcblk0: p1 p2
[    2.333798] random: fast init done
[    2.356603] EXT4-fs (mmcblk0p2): INFO: recovery required on readonly filesystem
[    2.365061] EXT4-fs (mmcblk0p2): write access will be enabled during recovery
[    2.387850] EXT4-fs (mmcblk0p2): recovery complete
[    2.407266] EXT4-fs (mmcblk0p2): mounted filesystem with ordered data mode. Opts: (null)
[    2.417539] VFS: Mounted root (ext4 filesystem) readonly on device 179:2.
[    2.420336] usb 1-1: new high-speed USB device number 2 using dwc_otg
[    2.433196] Indeed it is in host mode hprt0 = 00001101
[    2.445868] devtmpfs: mounted
[    2.452908] Freeing unused kernel memory: 1024K
[    2.458591] Run /sbin/init as init process
[    2.648619] usb 1-1: New USB device found, idVendor=0424, idProduct=2514, bcdDevice= b.b3
[    2.659143] usb 1-1: New USB device strings: Mfr=0, Product=0, SerialNumber=0
[    2.667999] hub 1-1:1.0: USB hub found
[    2.673081] hub 1-1:1.0: 4 ports detected
[    2.964339] usb 1-1.1: new high-speed USB device number 3 using dwc_otg
[    3.072609] usb 1-1.1: New USB device found, idVendor=0424, idProduct=2514, bcdDevice= b.b3
[    3.083304] usb 1-1.1: New USB device strings: Mfr=0, Product=0, SerialNumber=0
[    3.092162] systemd[1]: System time before build time, advancing clock.
[    3.092386] hub 1-1.1:1.0: USB hub found
[    3.105316] hub 1-1.1:1.0: 3 ports detected
[    3.248413] NET: Registered protocol family 10
[    3.254919] Segment Routing with IPv6
[    3.304261] systemd[1]: systemd 241 running in system mode. (+PAM +AUDIT +SELINUX +IMA +APPARMOR +SMACK +SYSVINIT +UTMP +LIBCRYPTSETUP +GCRYPT +GNUTLS +ACL +XZ +LZ4 +SECCOMP +
BLKID +ELFUTILS +KMOD -IDN2 +IDN -PCRE2 default-hierarchy=hybrid)
[    3.329718] systemd[1]: Detected architecture arm64.
[    3.346921] systemd[1]: Set hostname to <raspberrypi>.
[    3.447508] uart-pl011 3f201000.serial: no DMA platform data
[    3.671136] random: crng init done
[    3.692379] usb 1-1.1.1: new high-speed USB device number 4 using dwc_otg
[    3.804843] usb 1-1.1.1: New USB device found, idVendor=0424, idProduct=7800, bcdDevice= 3.00
[    3.815785] usb 1-1.1.1: New USB device strings: Mfr=0, Product=0, SerialNumber=0
[    3.982944] systemd[1]: Condition check resulted in Journal Audit Socket being skipped.
[    3.994166] systemd[1]: Listening on Journal Socket.
[    4.007481] systemd[1]: Mounting RPC Pipe File System...
[    4.019926] systemd[1]: Starting Create list of required static device nodes for the current kernel...
[    4.034278] systemd[1]: Listening on Syslog Socket.
[    4.043383] systemd[1]: Created slice system-serial\x2dgetty.slice.
[    4.059639] systemd[1]: Starting Restore / save the current clock...
[    4.091529] lan78xx 1-1.1.1:1.0 (unnamed net_device) (uninitialized): No External EEPROM. Setting MAC Speed
[    4.105149] libphy: lan78xx-mdiobus: probed
[    4.113505] Unable to handle kernel paging request at virtual address ffffffaefe9ff58a
[    4.123854] Mem abort info:
[    4.127779]   ESR = 0x96000005
[    4.131925]   Exception class = DABT (current EL), IL = 32 bits
[    4.138971]   SET = 0, FnV = 0
[    4.143100]   EA = 0, S1PTW = 0
[    4.147269] Data abort info:
[    4.151142]   ISV = 0, ISS = 0x00000005
[    4.155947]   CM = 0, WnR = 0
[    4.159846] swapper pgtable: 4k pages, 39-bit VAs, pgdp = 000000000bfd59e1
[    4.167690] [ffffffaefe9ff58a] pgd=0000000000000000, pud=0000000000000000
[    4.175457] Internal error: Oops: 96000005 [#1] PREEMPT SMP
[    4.181992] Modules linked in: ip_tables x_tables ipv6
[    4.188121] Process kworker/1:1 (pid: 34, stack limit = 0x00000000039f8b90)
[    4.196114] CPU: 1 PID: 34 Comm: kworker/1:1 Not tainted 4.19.118-v8+ #1311
[    4.204127] Hardware name: Raspberry Pi 3 Model B Plus Rev 1.3 (DT)
[    4.211433] Workqueue: usb_hub_wq hub_event
[    4.216603] pstate: 80000085 (Nzcv daIf -PAN -UAO)
[    4.222391] pc : __pi_strcmp+0x88/0x154
[    4.227211] lr : __of_find_property+0x4c/0x90
[    4.232513] sp : ffffff8008fb3240
[    4.236729] x29: ffffff8008fb3240 x28: ffffff8008b2fc50 
[    4.242966] x27: ffffffbefe9fc8c0 x26: ffffffc03789c000 
[    4.249201] x25: ffffff8008cc8000 x24: ffffff8008b53d68 
[    4.255422] x23: 0000000000000000 x22: ffffff8008b53d68 
[    4.261614] x21: 0000000000000000 x20: ffffff8008b53d68 
[    4.267789] x19: ffffffc03abd8980 x18: 0000000000000000 
[    4.273983] x17: 0000000000000000 x16: 0000000000000000 
[    4.280169] x15: 0000000000000000 x14: 0000000000000000 
[    4.286337] x13: 00000000000ffe00 x12: 00000000ffe01000 
[    4.292461] x11: 0000000000000008 x10: 0101010101010101 
[    4.298554] x9 : fffffffffffffffe x8 : 0000000000000008 
[    4.304628] x7 : 0000000000000006 x6 : 0a01191513061c12 
[    4.310692] x5 : 121c06131519010a x4 : 0000000000000000 
[    4.316729] x3 : 0000000000000069 x2 : 0000000000000064 
[    4.322733] x1 : ffffff8008b53d68 x0 : ffffffaefe9ff58a 
[    4.328711] Call trace:
[    4.331777]  __pi_strcmp+0x88/0x154
[    4.335887]  of_find_property+0x50/0x78
[    4.340339]  of_find_property_value_of_size+0x40/0xd8
[    4.346017]  of_property_read_variable_u32_array+0x5c/0xd0
[    4.352142]  of_irq_find_parent+0xa0/0xf8
[    4.356788]  of_irq_parse_one+0x8c/0x170
[    4.361345]  of_irq_get+0x44/0x148
[    4.365370]  of_mdiobus_register_phy+0x94/0x1d0
[    4.370553]  of_mdiobus_register+0x120/0x340
[    4.375483]  lan78xx_probe+0xae8/0xe28
[    4.379879]  usb_probe_interface+0x118/0x2a0
[    4.384816]  really_probe+0x208/0x2d8
[    4.389161]  driver_probe_device+0x60/0x108
[    4.394045]  __device_attach_driver+0x98/0xe8
[    4.399110]  bus_for_each_drv+0x80/0xe0
[    4.403649]  __device_attach+0xe8/0x148
[    4.408182]  device_initial_probe+0x24/0x30
[    4.413060]  bus_probe_device+0xa0/0xa8
[    4.417597]  device_add+0x37c/0x5d8
[    4.421777]  usb_set_configuration+0x4c4/0x9f8
[    4.426913]  generic_probe+0x3c/0xb8
[    4.431173]  usb_probe_device+0x34/0x58
[    4.435701]  really_probe+0x208/0x2d8
[    4.440058]  driver_probe_device+0x60/0x108
[    4.444929]  __device_attach_driver+0x98/0xe8
[    4.449963]  bus_for_each_drv+0x80/0xe0
[    4.454483]  __device_attach+0xe8/0x148
[    4.459008]  device_initial_probe+0x24/0x30
[    4.463876]  bus_probe_device+0xa0/0xa8
[    4.468411]  device_add+0x37c/0x5d8
[    4.472590]  usb_new_device+0x254/0x498
[    4.477120]  hub_event+0x89c/0x10c8
[    4.481290]  process_one_work+0x158/0x458
[    4.485991]  worker_thread+0x50/0x460
[    4.490338]  kthread+0x104/0x130
[    4.494235]  ret_from_fork+0x10/0x18
[    4.498477] Code: cb0803e8 91002108 eb0800e9 9a8880eb (38401402) 
[    4.505286] ---[ end trace 9ccf1b096af67f8e ]---
[    4.510697] note: kworker/1:1[34] exited with preempt_count 1
[    4.603760] Unable to handle kernel paging request at virtual address efffffbf0033e4c8
[    4.603766] Mem abort info:
[    4.603771]   ESR = 0x96000004
[    4.603776]   Exception class = DABT (current EL), IL = 32 bits
[    4.603781]   SET = 0, FnV = 0
[    4.603785]   EA = 0, S1PTW = 0
[    4.603789] Data abort info:
[    4.603793]   ISV = 0, ISS = 0x00000004
[    4.603797]   CM = 0, WnR = 0
[    4.603802] [efffffbf0033e4c8] address between user and kernel address ranges
[    4.603809] Internal error: Oops: 96000004 [#2] PREEMPT SMP
[    4.603814] Modules linked in: ip_tables x_tables ipv6
[    4.603828] Process systemd-modules (pid: 118, stack limit = 0x00000000395f6404)
[    4.603836] CPU: 1 PID: 118 Comm: systemd-modules Tainted: G      D           4.19.118-v8+ #1311
[    4.603839] Hardware name: Raspberry Pi 3 Model B Plus Rev 1.3 (DT)
[    4.603843] pstate: 80000005 (Nzcv daif -PAN -UAO)
[    4.603863] pc : free_pages_and_swap_cache+0x54/0x100
[    4.603867] lr : free_pages_and_swap_cache+0x3c/0x100
[    4.603870] sp : ffffff800913bb90
[    4.603872] x29: ffffff800913bb90 x28: ffffffc037aad700 
[    4.603876] x27: 0000000000000000 x26: 0000000000000000 
[    4.603881] x25: ffffffc0378d58e0 x24: ffffffc036499010 
[    4.603885] x23: 00000000000001fe x22: ffffff8008cc8000 
[    4.603889] x21: 00000000000001fe x20: 00000000000001c7 
[    4.603893] x19: efffffbf0033e4c0 x18: 0000000000000000 
[    4.603898] x17: 00000000000005e3 x16: 0000000000000000 
[    4.603902] x15: 0000000000000000 x14: 0000000000000000 
[    4.603906] x13: 00000000000ffe00 x12: 00000000ffe01000 
[    4.603910] x11: 0000000000000000 x10: 0000000000000000 
[    4.603914] x9 : 0000004031edd000 x8 : 0000000000000000 
[    4.603918] x7 : ffffff8008cc8688 x6 : ffffff8008cc8000 
[    4.603922] x5 : ffffff8008cc8e00 x4 : 0000004031edd000 
[    4.603927] x3 : 0000000000000001 x2 : 0000000000000000 
[    4.603931] x1 : ffffffbf00bbe448 x0 : 000000000001046c 
[    4.603936] Call trace:
[    4.603941]  free_pages_and_swap_cache+0x54/0x100
[    4.603951]  tlb_flush_mmu_free+0x60/0x80
[    4.603957]  tlb_flush_mmu+0x44/0x168
[    4.603966]  arch_tlb_finish_mmu+0x54/0x88
[    4.832455]  tlb_finish_mmu+0x44/0x68
[    4.832460]  exit_mmap+0xf8/0x178
[    4.832466]  mmput+0x5c/0xe8
[    4.832473]  do_exit+0x2ec/0xa88
[    4.847734]  do_group_exit+0x3c/0xa0
[    4.847738]  __arm64_sys_exit_group+0x24/0x28
[    4.847743]  el0_svc_common+0xf4/0x1c0
[    4.847749]  el0_svc_compat_handler+0x30/0x40
[    4.866012]  el0_svc_compat+0x8/0x18
[    4.866018] Code: 510006f5 d2800014 910006b5 f8747b13 (f9400661) 
[    4.866024] ---[ end trace 9ccf1b096af67f8f ]---
[    4.883403] Fixing recursive fault but reboot is needed! 
