[    0.000000] Booting Linux on physical CPU 0x0000000000 [0x410fd034]
[    0.000000] Linux version 4.19.118-v8+ (dom@buildbot) (gcc version 5.4.0 20160609 (Ubuntu/Linaro 5.4.0-6ubuntu1~16.04.9)) #1311 SMP PREEMPT Mon Apr 27 14:32:38 BST 2020
[    0.000000] Machine model: Raspberry Pi 3 Model B Rev 1.2
[    0.000000] efi: Getting EFI parameters from FDT:
[    0.000000] efi: UEFI not found.
[    0.000000] cma: Reserved 8 MiB at 0x000000003ac00000
[    0.000000] random: get_random_bytes called from start_kernel+0xb8/0x47c with crng_init=0
[    0.000000] percpu: Embedded 24 pages/cpu s58840 r8192 d31272 u98304
[    0.000000] Detected VIPT I-cache on CPU0
[    0.000000] CPU features: enabling workaround for ARM erratum 843419
[    0.000000] CPU features: enabling workaround for ARM erratum 845719
[    0.000000] Built 1 zonelists, mobility grouping on.  Total pages: 238896
[    0.000000] Kernel command line: coherent_pool=1M 8250.nr_uarts=1 snd_bcm2835.enable_compat_alsa=0 snd_bcm2835.enable_hdmi=1 snd_bcm2835.enable_headphones=1 bcm2708_fb.fbwidth=
656 bcm2708_fb.fbheight=416 bcm2708_fb.fbswap=1 vc_mem.mem_base=0x3ec00000 vc_mem.mem_size=0x40000000  dwc_otg.lpm_enable=0 console=ttyAMA0,115200 console=tty1 root=PARTUUID=4c999
877-02 rootfstype=ext4 elevator=deadline fsck.repair=yes rootwait
[    0.000000] Dentry cache hash table entries: 131072 (order: 8, 1048576 bytes)
[    0.000000] Inode-cache hash table entries: 65536 (order: 7, 524288 bytes)
[    0.000000] Memory: 929096K/970752K available (8700K kernel code, 1074K rwdata, 2760K rodata, 1024K init, 1126K bss, 33464K reserved, 8192K cma-reserved)
[    0.000000] SLUB: HWalign=64, Order=0-3, MinObjects=0, CPUs=4, Nodes=1
[    0.000000] ftrace: allocating 30496 entries in 120 pages
[    0.000000] rcu: Preemptible hierarchical RCU implementation.
[    0.000000] rcu:     RCU restricting CPUs from NR_CPUS=64 to nr_cpu_ids=4.
[    0.000000]  Tasks RCU enabled.
[    0.000000] rcu: Adjusting geometry for rcu_fanout_leaf=16, nr_cpu_ids=4
[    0.000000] NR_IRQS: 64, nr_irqs: 64, preallocated irqs: 0
[    0.000000] arch_timer: cp15 timer(s) running at 19.20MHz (phys).
[    0.000000] clocksource: arch_sys_counter: mask: 0xffffffffffffff max_cycles: 0x46d987e47, max_idle_ns: 440795202767 ns
[    0.000007] sched_clock: 56 bits at 19MHz, resolution 52ns, wraps every 4398046511078ns
[    0.000271] Console: colour dummy device 80x25
[    0.000936] console [tty1] enabled
[    0.001006] Calibrating delay loop (skipped), value calculated using timer frequency.. 38.40 BogoMIPS (lpj=76800)
[    0.001058] pid_max: default: 32768 minimum: 301
[    0.001490] Mount-cache hash table entries: 2048 (order: 2, 16384 bytes)
[    0.001546] Mountpoint-cache hash table entries: 2048 (order: 2, 16384 bytes)
[    0.024105] ASID allocator initialised with 32768 entries
[    0.032102] rcu: Hierarchical SRCU implementation.
[    0.040739] EFI services will not be available.
[    0.048180] smp: Bringing up secondary CPUs ...
[    0.080448] Detected VIPT I-cache on CPU1
[    0.080517] CPU1: Booted secondary processor 0x0000000001 [0x410fd034]
[    0.112575] Detected VIPT I-cache on CPU2
[    0.112623] CPU2: Booted secondary processor 0x0000000002 [0x410fd034]
[    0.144742] Detected VIPT I-cache on CPU3
[    0.144788] CPU3: Booted secondary processor 0x0000000003 [0x410fd034]
[    0.144973] smp: Brought up 1 node, 4 CPUs
[    0.145128] SMP: Total of 4 processors activated.
[    0.145162] CPU features: detected: 32-bit EL0 Support
[    0.146136] CPU: All CPU(s) started at EL2
[    0.146211] alternatives: patching kernel code
[    0.147828] devtmpfs: initialized
[    0.164036] Enabled cp15_barrier support
[    0.164103] Enabled setend support
[    0.164645] clocksource: jiffies: mask: 0xffffffff max_cycles: 0xffffffff, max_idle_ns: 7645041785100000 ns
[    0.164743] futex hash table entries: 1024 (order: 4, 65536 bytes)
[    0.165463] pinctrl core: initialized pinctrl subsystem
[    0.166353] DMI not present or invalid.
[    0.166918] NET: Registered protocol family 16
[    0.173381] cpuidle: using governor menu
[    0.173991] hw-breakpoint: found 6 breakpoint and 4 watchpoint registers.
[    0.178589] DMA: preallocated 1024 KiB pool for atomic allocations
[    0.178770] Serial: AMBA PL011 UART driver
[    0.183360] bcm2835-mbox 3f00b880.mailbox: mailbox enabled
[    0.192938] raspberrypi-firmware soc:firmware: Attached to firmware from 2020-04-15 11:43, variant start
[    0.196956] raspberrypi-firmware soc:firmware: Firmware hash is 82f9bb929ce2186eb1824178c1ae82902ad6275c
[    0.239141] bcm2835-dma 3f007000.dma: DMA legacy API manager at (____ptrval____), dmachans=0x1
[    0.242682] vgaarb: loaded
[    0.243189] SCSI subsystem initialized
[    0.243485] usbcore: registered new interface driver usbfs
[    0.243590] usbcore: registered new interface driver hub
[    0.243753] usbcore: registered new device driver usb
[    0.243932] pps_core: LinuxPPS API ver. 1 registered
[    0.243966] pps_core: Software ver. 5.3.6 - Copyright 2005-2007 Rodolfo Giometti <giometti@linux.it>
[    0.244025] PTP clock support registered
[    0.245884] clocksource: Switched to clocksource arch_sys_counter
[    0.371039] VFS: Disk quotas dquot_6.6.0
[    0.371180] VFS: Dquot-cache hash table entries: 512 (order 0, 4096 bytes)
[    0.371463] FS-Cache: Loaded
[    0.371739] CacheFiles: Loaded
[    0.383869] NET: Registered protocol family 2
[    0.384835] tcp_listen_portaddr_hash hash table entries: 512 (order: 1, 8192 bytes)
[    0.384910] TCP established hash table entries: 8192 (order: 4, 65536 bytes)
[    0.385054] TCP bind hash table entries: 8192 (order: 5, 131072 bytes)
[    0.385272] TCP: Hash tables configured (established 8192 bind 8192)
[    0.385550] UDP hash table entries: 512 (order: 2, 16384 bytes)
[    0.385627] UDP-Lite hash table entries: 512 (order: 2, 16384 bytes)
[    0.386061] NET: Registered protocol family 1
[    0.387034] RPC: Registered named UNIX socket transport module.
[    0.387071] RPC: Registered udp transport module.
[    0.387101] RPC: Registered tcp transport module.
[    0.387131] RPC: Registered tcp NFSv4.1 backchannel transport module.
[    0.389740] hw perfevents: enabled with armv8_cortex_a53 PMU driver, 7 counters available
[    0.390016] kvm [1]: 8-bit VMID
[    0.390861] kvm [1]: Hyp mode initialized successfully
[    0.395772] Initialise system trusted keyrings
[    0.396111] workingset: timestamp_bits=46 max_order=18 bucket_order=0
[    0.408418] FS-Cache: Netfs 'nfs' registered for caching
[    0.409482] NFS: Registering the id_resolver key type
[    0.409543] Key type id_resolver registered
[    0.409573] Key type id_legacy registered
[    0.409615] nfs4filelayout_init: NFSv4 File Layout Driver Registering...
[    0.417368] Key type asymmetric registered
[    0.417418] Asymmetric key parser 'x509' registered
[    0.417539] Block layer SCSI generic (bsg) driver version 0.4 loaded (major 248)
[    0.417833] io scheduler noop registered
[    0.417919] io scheduler deadline registered (default)
[    0.418215] io scheduler cfq registered
[    0.418249] io scheduler mq-deadline registered (default)
[    0.418282] io scheduler kyber registered
[    0.428069] bcm2708_fb soc:fb: FB found 1 display(s)
[    0.437702] Console: switching to colour frame buffer device 82x26
[    0.442559] bcm2708_fb soc:fb: Registered framebuffer for display 0, size 656x416
[    0.450012] Serial: 8250/16550 driver, 1 ports, IRQ sharing enabled
[    0.454573] bcm2835-rng 3f104000.rng: hwrng registered
[    0.457521] vc-mem: phys_addr:0x00000000 mem_base=0x3ec00000 mem_size:0x40000000(1024 MiB)
[    0.463352] gpiomem-bcm2835 3f200000.gpiomem: Initialised: Registers at 0x3f200000
[    0.468889] cacheinfo: Unable to detect cache hierarchy for CPU 0
[    0.487142] brd: module loaded
[    0.505133] loop: module loaded
[    0.508878] Loading iSCSI transport class v2.0-870.
[    0.514242] libphy: Fixed MDIO Bus: probed
[    0.517177] usbcore: registered new interface driver r8152
[    0.519866] usbcore: registered new interface driver lan78xx
[    0.522480] usbcore: registered new interface driver smsc95xx
[    0.525345] dwc_otg: version 3.00a 10-AUG-2012 (platform bus)
[    0.555897] dwc_otg 3f980000.usb: base=(____ptrval____)
[    0.772027] Core Release: 2.80a
[    0.774550] Setting default values for core params
[    0.777063] Finished setting default values for core params
[    0.992773] Using Buffer DMA mode
[    0.995177] Periodic Transfer Interrupt Enhancement - disabled
[    0.997587] Multiprocessor Interrupt Enhancement - disabled
[    1.000009] OTG VER PARAM: 0, OTG VER FLAG: 0
[    1.002370] Dedicated Tx FIFOs mode
[    1.005441] WARN::dwc_otg_hcd_init:1074: FIQ DMA bounce buffers: virt = ffffff80090c1000 dma = 0x00000000fad04000 len=9024
[    1.009967] FIQ FSM acceleration enabled for :
[    1.009967] Non-periodic Split Transactions
[    1.009967] Periodic Split Transactions
[    1.009967] High-Speed Isochronous Endpoints
[    1.009967] Interrupt/Control Split Transaction hack enabled
[    1.020712] WARN::hcd_init_fiq:497: MPHI regs_base at ffffff8008065000
[    1.023014] dwc_otg 3f980000.usb: DWC OTG Controller
[    1.025317] dwc_otg 3f980000.usb: new USB bus registered, assigned bus number 1
[    1.027790] dwc_otg 3f980000.usb: irq 9, io mem 0x00000000
[    1.030211] Init: Port Power? op_state=1
[    1.032526] Init: Power Port (0)
[    1.035194] usb usb1: New USB device found, idVendor=1d6b, idProduct=0002, bcdDevice= 4.19
[    1.039930] usb usb1: New USB device strings: Mfr=3, Product=2, SerialNumber=1
[    1.042537] usb usb1: Product: DWC OTG Controller
[    1.045017] usb usb1: Manufacturer: Linux 4.19.118-v8+ dwc_otg_hcd
[    1.047549] usb usb1: SerialNumber: 3f980000.usb
[    1.050830] hub 1-0:1.0: USB hub found
[    1.053326] hub 1-0:1.0: 1 port detected
[    1.056996] usbcore: registered new interface driver uas
[    1.059453] usbcore: registered new interface driver usb-storage
[    1.062030] mousedev: PS/2 mouse device common for all mice
[    1.065917] bcm2835-wdt bcm2835-wdt: Broadcom BCM2835 watchdog timer
[    1.070490] sdhci: Secure Digital Host Controller Interface driver
[    1.072925] sdhci: Copyright(c) Pierre Ossman
[    1.076023] sdhost-bcm2835 3f202000.mmc: could not get clk, deferring probe
[    1.078777] sdhci-pltfm: SDHCI platform and OF driver helper
[    1.083441] ledtrig-cpu: registered to indicate activity on CPUs
[    1.086181] hidraw: raw HID events driver (C) Jiri Kosina
[    1.088843] usbcore: registered new interface driver usbhid
[    1.091330] usbhid: USB HID core driver
[    1.095056] vchiq: vchiq_init_state: slot_zero = (____ptrval____), is_master = 0
[    1.103814] Initializing XFRM netlink socket
[    1.106308] NET: Registered protocol family 17
[    1.108810] Key type dns_resolver registered
[    1.112589] registered taskstats version 1
[    1.114949] Loading compiled-in X.509 certificates
[    1.129226] uart-pl011 3f201000.serial: cts_event_workaround enabled
[    1.131877] 3f201000.serial: ttyAMA0 at MMIO 0x3f201000 (irq = 66, base_baud = 0) is a PL011 rev2
[    2.122464] console [ttyAMA0] enabled
[    2.130723] bcm2835-power bcm2835-power: Broadcom BCM2835 power domains driver
[    2.142599] sdhost: log_buf @ (____ptrval____) (fad07000)
[    2.199783] mmc0: sdhost-bcm2835 loaded - DMA enabled (>1)
[    2.211687] of_cfs_init
[    2.216844] of_cfs_init: OK
[    2.223067] Waiting for root device PARTUUID=4c999877-02...
[    2.246095] Indeed it is in host mode hprt0 = 00021501
[    2.308230] mmc0: host does not support reading read-only switch, assuming write-enable
[    2.339478] mmc0: new high speed SDHC card at address aaaa
[    2.349732] mmcblk0: mmc0:aaaa SC16G 14.8 GiB
[    2.360296] random: fast init done
[    2.370671]  mmcblk0: p1 p2
[    2.415013] EXT4-fs (mmcblk0p2): mounted filesystem with ordered data mode. Opts: (null)
[    2.428306] VFS: Mounted root (ext4 filesystem) readonly on device 179:2.
[    2.449172] devtmpfs: mounted
[    2.461985] usb 1-1: new high-speed USB device number 2 using dwc_otg
[    2.461990] Freeing unused kernel memory: 1024K
[    2.462202] Run /sbin/init as init process
[    2.471397] Indeed it is in host mode hprt0 = 00001101
[    2.702482] usb 1-1: New USB device found, idVendor=0424, idProduct=9514, bcdDevice= 2.00
[    2.715907] usb 1-1: New USB device strings: Mfr=0, Product=0, SerialNumber=0
[    2.726862] hub 1-1:1.0: USB hub found
[    2.733762] hub 1-1:1.0: 5 ports detected
[    3.029960] usb 1-1.1: new high-speed USB device number 3 using dwc_otg
[    3.138468] usb 1-1.1: New USB device found, idVendor=0424, idProduct=ec00, bcdDevice= 2.00
[    3.152340] usb 1-1.1: New USB device strings: Mfr=0, Product=0, SerialNumber=0
[    3.165600] smsc95xx v1.0.6
[    3.217120] systemd[1]: System time before build time, advancing clock.
[    3.240482] smsc95xx 1-1.1:1.0 eth0: register 'smsc95xx' at usb-3f980000.usb-1.1, smsc95xx USB 2.0 Ethernet, b8:27:eb:6d:27:bc
[    3.433584] NET: Registered protocol family 10
[    3.442843] Segment Routing with IPv6
[    3.512412] systemd[1]: systemd 241 running in system mode. (+PAM +AUDIT +SELINUX +IMA +APPARMOR +SMACK +SYSVINIT +UTMP +LIBCRYPTSETUP +GCRYPT +GNUTLS +ACL +XZ +LZ4 +SECCOMP +B
LKID +ELFUTILS +KMOD -IDN2 +IDN -PCRE2 default-hierarchy=hybrid)
[    3.543897] systemd[1]: Detected architecture arm64.
[    3.573567] systemd[1]: Set hostname to <raspberrypi>.
[    3.714502] random: crng init done
[    3.737308] uart-pl011 3f201000.serial: no DMA platform data
[    4.576888] systemd[1]: Listening on Syslog Socket.
[    4.595460] systemd[1]: Created slice system-systemd\x2dfsck.slice.
[    4.608451] systemd[1]: Reached target Swap.
[    4.621067] systemd[1]: Created slice User and Session Slice.
[    4.635348] systemd[1]: Created slice system-serial\x2dgetty.slice.
[    4.648869] systemd[1]: Listening on fsck to fsckd communication Socket.
[    4.695499] systemd[1]: Condition check resulted in Journal Audit Socket being skipped.
[    9.920315] Unable to handle kernel paging request at virtual address ffffff800878c308
[    9.930430] Mem abort info:
[    9.935207]   ESR = 0x86000004
[    9.940331]   Exception class = IABT (current EL), IL = 32 bits
[    9.948197]   SET = 0, FnV = 0
[    9.953071]   EA = 0, S1PTW = 0
[    9.958342] swapper pgtable: 4k pages, 39-bit VAs, pgdp = 000000006bda55f2
[    9.967096] [ffffff800878c308] pgd=000000003abfe003, pud=000000003abfe003, pmd=0040000000600791
[    9.967118] Internal error: Oops: 86000004 [#1] PREEMPT SMP
[    9.967122] Modules linked in: cfg80211 rfkill 8021q garp stp llc binfmt_misc bcm2835_codec(C) bcm2835_v4l2(C) v4l2_mem2mem bcm2835_mmal_vchiq(C) raspberrypi_hwmon v4l2_common 
videobuf2_dma_contig hwmon videobuf2_vmalloc videobuf2_memops videobuf2_v4l2 videobuf2_common videodev vc_sm_cma(C) media uio_pdrv_genirq uio ip_tables x_tables ipv6
[    9.967177] Process avahi-daemon (pid: 299, stack limit = 0x0000000003afb024)
[    9.967185] CPU: 1 PID: 299 Comm: avahi-daemon Tainted: G         C        4.19.118-v8+ #1311
[    9.967188] Hardware name: Raspberry Pi 3 Model B Rev 1.2 (DT)
[    9.967193] pstate: 80000005 (Nzcv daif -PAN -UAO)
[    9.967208] pc : __arm64_sys_socket+0x0/0x38
[    9.967215] lr : alloc_inode+0x2c/0xb8
[    9.967217] sp : ffffff8009f5bd20
[    9.967220] x29: ffffff8009f5bd20 x28: ffffffc038f50000 
[    9.967226] x27: 0000000000000000 x26: 0000000000000000 
[    9.967231] x25: 0000000000000000 x24: ffffff8009f5be20 
[    9.967236] x23: ffffff8008d82780 x22: 0000000000000002 
[    9.967241] x21: 0000000000000002 x20: ffffffc03948e800 
[    9.967246] x19: ffffffc03948e800 x18: 0000000000000000 
[    9.967251] x17: 0000000000000000 x16: 0000000000000000 
[    9.967256] x15: 0000000000000000 x14: 0000000000000000 
[    9.967261] x13: 0000000000000000 x12: 0000000000000000 
[    9.967266] x11: 0000000000000000 x10: 0000000000000000 
[    9.967270] x9 : 0000000000000000 x8 : 0000000000000000 
[    9.967275] x7 : 0000000000000000 x6 : 0000000000000000 
[    9.967280] x5 : 0000000000000000 x4 : ffffff8009f5be20 
[    9.967285] x3 : 0000000000000000 x2 : 0000000000000002 
[    9.967290] x1 : ffffff800878b360 x0 : ffffffc03948e800 
[    9.967296] Call trace:
[    9.967302]  __arm64_sys_socket+0x0/0x38
[    9.967308]  new_inode_pseudo+0x20/0x60
[    9.967313]  sock_alloc+0x24/0x80
[    9.967318]  __sock_create+0x5c/0x1b8
[    9.967322]  __sys_socket+0x6c/0x118
[    9.967327]  __arm64_sys_socket+0x28/0x38
[    9.967334]  el0_svc_common+0xf4/0x1c0
[    9.967340]  el0_svc_compat_handler+0x30/0x40
[    9.967345]  el0_svc_compat+0x8/0x18
[    9.967352] Code: 97ffef0a 2a1303e0 17ffffea 97e5296b (a9be7bfd) 
[    9.967358] ---[ end trace bdeca12db9157709 ]---
[   10.000143] Adding 102396k swap on /var/swap.  Priority:-2 extents:1 across:102396k SSFS
[   10.344215] smsc95xx 1-1.1:1.0 eth0: hardware isn't capable of remote wakeup
[   11.957135] smsc95xx 1-1.1:1.0 eth0: link up, 100Mbps, full-duplex, lpa 0xC1E1

Raspbian GNU/Linux 10 raspberrypi ttyAMA0

raspberrypi login: pi
Password: 
Last login: Fri Jul 10 10:51:48 CEST 2020 on ttyAMA0
Linux raspberrypi 4.19.118-v8+ #1311 SMP PREEMPT Mon Apr 27 14:32:38 BST 2020 aarch64

The programs included with the Debian GNU/Linux system are free software;
the exact distribution terms for each program are described in the
individual files in /usr/share/doc/*/copyright.

Debian GNU/Linux comes with ABSOLUTELY NO WARRANTY, to the extent
permitted by applicable law.

SSH is enabled and the default password for the 'pi' user has not been changed.
This is a security risk - please login as the 'pi' user and type 'passwd' to set a new password.

pi@raspberrypi:~$  systemctl status uvbench.service
��● uvbench.service - Under-volting benchmark
   Loaded: loaded (/etc/systemd/system/uvbench.service; enabled; vendor preset: 
   Active: inactive (dead) since Fri 2020-07-10 11:37:49 CEST; 50s ago
  Process: 471 ExecStart=/home/pi/uvbench.sh run -t 30 (code=exited, status=0/SU
 Main PID: 471 (code=exited, status=0/SUCCESS)

Jul 10 11:37:49 raspberrypi uvbench.sh[471]: start        = 1594373521.613224523
Jul 10 11:37:49 raspberrypi uvbench.sh[471]: stop         = 1594373869.741470781
Jul 10 11:37:49 raspberrypi uvbench.sh[471]: duration     = 348.128246258
Jul 10 11:37:49 raspberrypi sudo[784]:       pi : TTY=unknown ; PWD=/home/pi ; U
Jul 10 11:37:49 raspberrypi sudo[784]: pam_unix(sudo:session): session opened fo
Jul 10 11:37:49 raspberrypi sudo[784]: pam_unix(sudo:session): session closed fo
Jul 10 11:37:49 raspberrypi uvbench.sh[471]: set_over_voltage: over_voltage set 
Jul 10 11:37:49 raspberrypi uvbench.sh[471]: run: system is ready for reboot and
Jul 10 11:37:49 raspberrypi systemd[1]: uvbench.service: Succeeded.
Jul 10 11:37:49 raspberrypi systemd[1]: Started Under-volting benchmark.
pi@raspberrypi:~$ 
