[    0.000000] Booting Linux on physical CPU 0x0000000000 [0x410fd034]
[    0.000000] Linux version 4.19.118-v8+ (dom@buildbot) (gcc version 5.4.0 20160609 (Ubuntu/Linaro 5.4.0-6ubuntu1~16.04.9)) #1311 SMP PREEMPT Mon Apr 27 14:32:38 BST 2020
[    0.000000] Machine model: Raspberry Pi 3 Model B Rev 1.2
[    0.000000] efi: Getting EFI parameters from FDT:
[    0.000000] efi: UEFI not found.
[    0.000000] cma: Reserved 8 MiB at 0x000000003ac00000
[    0.000000] random: get_random_bytes called from start_kernel+0xb8/0x47c with crng_init=0
[    0.000000] percpu: Embedded 24 pages/cpu s58840 r8192 d31272 u98304
[    0.000000] Detected VIPT I-cache on CPU0
[    0.000000] CPU features: enabling workaround for ARM erratum 843419
[    0.000000] CPU features: enabling workaround for ARM erratum 845719
[    0.000000] Built 1 zonelists, mobility grouping on.  Total pages: 238896
[    0.000000] Kernel command line: coherent_pool=1M 8250.nr_uarts=1 snd_bcm2835.enable_compat_alsa=0 snd_bcm2835.enable_hdmi=1 snd_bcm2835.enable_headphones=1 bcm2708_fb.fbwidth=
656 bcm2708_fb.fbheight=416 bcm2708_fb.fbswap=1 vc_mem.mem_base=0x3ec00000 vc_mem.mem_size=0x40000000  dwc_otg.lpm_enable=0 console=ttyAMA0,115200 console=tty1 root=PARTUUID=4c999
877-02 rootfstype=ext4 elevator=deadline fsck.repair=yes rootwait
[    0.000000] Dentry cache hash table entries: 131072 (order: 8, 1048576 bytes)
[    0.000000] Inode-cache hash table entries: 65536 (order: 7, 524288 bytes)
[    0.000000] Memory: 929096K/970752K available (8700K kernel code, 1074K rwdata, 2760K rodata, 1024K init, 1126K bss, 33464K reserved, 8192K cma-reserved)
[    0.000000] SLUB: HWalign=64, Order=0-3, MinObjects=0, CPUs=4, Nodes=1
[    0.000000] ftrace: allocating 30496 entries in 120 pages
[    0.000000] rcu: Preemptible hierarchical RCU implementation.
[    0.000000] rcu:     RCU restricting CPUs from NR_CPUS=64 to nr_cpu_ids=4.
[    0.000000]  Tasks RCU enabled.
[    0.000000] rcu: Adjusting geometry for rcu_fanout_leaf=16, nr_cpu_ids=4
[    0.000000] NR_IRQS: 64, nr_irqs: 64, preallocated irqs: 0
[    0.000000] arch_timer: cp15 timer(s) running at 19.20MHz (phys).
[    0.000000] clocksource: arch_sys_counter: mask: 0xffffffffffffff max_cycles: 0x46d987e47, max_idle_ns: 440795202767 ns
[    0.000007] sched_clock: 56 bits at 19MHz, resolution 52ns, wraps every 4398046511078ns
[    0.000271] Console: colour dummy device 80x25
[    0.000937] console [tty1] enabled
[    0.001007] Calibrating delay loop (skipped), value calculated using timer frequency.. 38.40 BogoMIPS (lpj=76800)
[    0.001059] pid_max: default: 32768 minimum: 301
[    0.001485] Mount-cache hash table entries: 2048 (order: 2, 16384 bytes)
[    0.001541] Mountpoint-cache hash table entries: 2048 (order: 2, 16384 bytes)
[    0.024102] ASID allocator initialised with 32768 entries
[    0.032099] rcu: Hierarchical SRCU implementation.
[    0.040734] EFI services will not be available.
[    0.048178] smp: Bringing up secondary CPUs ...
[    0.080444] Detected VIPT I-cache on CPU1
[    0.080513] CPU1: Booted secondary processor 0x0000000001 [0x410fd034]
[    0.112569] Detected VIPT I-cache on CPU2
[    0.112617] CPU2: Booted secondary processor 0x0000000002 [0x410fd034]
[    0.144735] Detected VIPT I-cache on CPU3
[    0.144780] CPU3: Booted secondary processor 0x0000000003 [0x410fd034]
[    0.144965] smp: Brought up 1 node, 4 CPUs
[    0.145119] SMP: Total of 4 processors activated.
[    0.145154] CPU features: detected: 32-bit EL0 Support
[    0.146125] CPU: All CPU(s) started at EL2
[    0.146199] alternatives: patching kernel code
[    0.147822] devtmpfs: initialized
[    0.164005] Enabled cp15_barrier support
[    0.164072] Enabled setend support
[    0.164619] clocksource: jiffies: mask: 0xffffffff max_cycles: 0xffffffff, max_idle_ns: 7645041785100000 ns
[    0.164681] futex hash table entries: 1024 (order: 4, 65536 bytes)
[    0.165436] pinctrl core: initialized pinctrl subsystem
[    0.166331] DMI not present or invalid.
[    0.166897] NET: Registered protocol family 16
[    0.173350] cpuidle: using governor menu
[    0.173960] hw-breakpoint: found 6 breakpoint and 4 watchpoint registers.
[    0.178528] DMA: preallocated 1024 KiB pool for atomic allocations
[    0.178709] Serial: AMBA PL011 UART driver
[    0.183300] bcm2835-mbox 3f00b880.mailbox: mailbox enabled
[    0.192947] raspberrypi-firmware soc:firmware: Attached to firmware from 2020-04-15 11:43, variant start
[    0.196965] raspberrypi-firmware soc:firmware: Firmware hash is 82f9bb929ce2186eb1824178c1ae82902ad6275c
[    0.245825] bcm2835-dma 3f007000.dma: DMA legacy API manager at (____ptrval____), dmachans=0x1
[    0.249139] vgaarb: loaded
[    0.249732] SCSI subsystem initialized
[    0.250030] usbcore: registered new interface driver usbfs
[    0.250135] usbcore: registered new interface driver hub
[    0.250297] usbcore: registered new device driver usb
[    0.250474] pps_core: LinuxPPS API ver. 1 registered
[    0.250508] pps_core: Software ver. 5.3.6 - Copyright 2005-2007 Rodolfo Giometti <giometti@linux.it>
[    0.250568] PTP clock support registered
[    0.252385] clocksource: Switched to clocksource arch_sys_counter
[    0.377471] VFS: Disk quotas dquot_6.6.0
[    0.377612] VFS: Dquot-cache hash table entries: 512 (order 0, 4096 bytes)
[    0.377894] FS-Cache: Loaded
[    0.378179] CacheFiles: Loaded
[    0.390314] NET: Registered protocol family 2
[    0.391282] tcp_listen_portaddr_hash hash table entries: 512 (order: 1, 8192 bytes)
[    0.391357] TCP established hash table entries: 8192 (order: 4, 65536 bytes)
[    0.391500] TCP bind hash table entries: 8192 (order: 5, 131072 bytes)
[    0.391718] TCP: Hash tables configured (established 8192 bind 8192)
[    0.391999] UDP hash table entries: 512 (order: 2, 16384 bytes)
[    0.392076] UDP-Lite hash table entries: 512 (order: 2, 16384 bytes)
[    0.392506] NET: Registered protocol family 1
[    0.393508] RPC: Registered named UNIX socket transport module.
[    0.393545] RPC: Registered udp transport module.
[    0.393575] RPC: Registered tcp transport module.
[    0.393605] RPC: Registered tcp NFSv4.1 backchannel transport module.
[    0.396206] hw perfevents: enabled with armv8_cortex_a53 PMU driver, 7 counters available
[    0.396481] kvm [1]: 8-bit VMID
[    0.397324] kvm [1]: Hyp mode initialized successfully
[    0.402237] Initialise system trusted keyrings
[    0.402586] workingset: timestamp_bits=46 max_order=18 bucket_order=0
[    0.414862] FS-Cache: Netfs 'nfs' registered for caching
[    0.415918] NFS: Registering the id_resolver key type
[    0.415978] Key type id_resolver registered
[    0.416009] Key type id_legacy registered
[    0.416051] nfs4filelayout_init: NFSv4 File Layout Driver Registering...
[    0.423786] Key type asymmetric registered
[    0.423836] Asymmetric key parser 'x509' registered
[    0.423934] Block layer SCSI generic (bsg) driver version 0.4 loaded (major 248)
[    0.424228] io scheduler noop registered
[    0.424262] io scheduler deadline registered (default)
[    0.424581] io scheduler cfq registered
[    0.424615] io scheduler mq-deadline registered (default)
[    0.424648] io scheduler kyber registered
[    0.430285] bcm2708_fb soc:fb: FB found 1 display(s)
[    0.440208] Console: switching to colour frame buffer device 82x26
[    0.445108] bcm2708_fb soc:fb: Registered framebuffer for display 0, size 656x416
[    0.452522] Serial: 8250/16550 driver, 1 ports, IRQ sharing enabled
[    0.456999] bcm2835-rng 3f104000.rng: hwrng registered
[    0.459933] vc-mem: phys_addr:0x00000000 mem_base=0x3ec00000 mem_size:0x40000000(1024 MiB)
[    0.465677] gpiomem-bcm2835 3f200000.gpiomem: Initialised: Registers at 0x3f200000
[    0.471191] cacheinfo: Unable to detect cache hierarchy for CPU 0
[    0.489468] brd: module loaded
[    0.507526] loop: module loaded
[    0.511258] Loading iSCSI transport class v2.0-870.
[    0.516645] libphy: Fixed MDIO Bus: probed
[    0.519570] usbcore: registered new interface driver r8152
[    0.522226] usbcore: registered new interface driver lan78xx
[    0.524844] usbcore: registered new interface driver smsc95xx
[    0.527699] dwc_otg: version 3.00a 10-AUG-2012 (platform bus)
[    0.558232] dwc_otg 3f980000.usb: base=(____ptrval____)
[    0.774161] Core Release: 2.80a
[    0.776679] Setting default values for core params
[    0.779187] Finished setting default values for core params
[    0.994704] Using Buffer DMA mode
[    0.997110] Periodic Transfer Interrupt Enhancement - disabled
[    0.999528] Multiprocessor Interrupt Enhancement - disabled
[    1.001958] OTG VER PARAM: 0, OTG VER FLAG: 0
[    1.004298] Dedicated Tx FIFOs mode
[    1.007460] WARN::dwc_otg_hcd_init:1074: FIQ DMA bounce buffers: virt = ffffff80090c1000 dma = 0x00000000fad04000 len=9024
[    1.011994] FIQ FSM acceleration enabled for :
[    1.011994] Non-periodic Split Transactions
[    1.011994] Periodic Split Transactions
[    1.011994] High-Speed Isochronous Endpoints
[    1.011994] Interrupt/Control Split Transaction hack enabled
[    1.022769] WARN::hcd_init_fiq:497: MPHI regs_base at ffffff8008065000
[    1.025076] dwc_otg 3f980000.usb: DWC OTG Controller
[    1.027385] dwc_otg 3f980000.usb: new USB bus registered, assigned bus number 1
[    1.029864] dwc_otg 3f980000.usb: irq 9, io mem 0x00000000
[    1.032262] Init: Port Power? op_state=1
[    1.034614] Init: Power Port (0)
[    1.037309] usb usb1: New USB device found, idVendor=1d6b, idProduct=0002, bcdDevice= 4.19
[    1.042055] usb usb1: New USB device strings: Mfr=3, Product=2, SerialNumber=1
[    1.044616] usb usb1: Product: DWC OTG Controller
[    1.047094] usb usb1: Manufacturer: Linux 4.19.118-v8+ dwc_otg_hcd
[    1.049625] usb usb1: SerialNumber: 3f980000.usb
[    1.052920] hub 1-0:1.0: USB hub found
[    1.055415] hub 1-0:1.0: 1 port detected
[    1.059018] usbcore: registered new interface driver uas
[    1.061478] usbcore: registered new interface driver usb-storage
[    1.064005] mousedev: PS/2 mouse device common for all mice
[    1.067880] bcm2835-wdt bcm2835-wdt: Broadcom BCM2835 watchdog timer
[    1.072504] sdhci: Secure Digital Host Controller Interface driver
[    1.074938] sdhci: Copyright(c) Pierre Ossman
[    1.078041] sdhost-bcm2835 3f202000.mmc: could not get clk, deferring probe
[    1.080795] sdhci-pltfm: SDHCI platform and OF driver helper
[    1.085418] ledtrig-cpu: registered to indicate activity on CPUs
[    1.088109] hidraw: raw HID events driver (C) Jiri Kosina
[    1.090829] usbcore: registered new interface driver usbhid
[    1.093323] usbhid: USB HID core driver
[    1.097136] vchiq: vchiq_init_state: slot_zero = (____ptrval____), is_master = 0
[    1.105943] Initializing XFRM netlink socket
[    1.108427] NET: Registered protocol family 17
[    1.110923] Key type dns_resolver registered
[    1.114767] registered taskstats version 1
[    1.117133] Loading compiled-in X.509 certificates
[    1.131430] uart-pl011 3f201000.serial: cts_event_workaround enabled
[    1.134092] 3f201000.serial: ttyAMA0 at MMIO 0x3f201000 (irq = 66, base_baud = 0) is a PL011 rev2
[    1.264560] Indeed it is in host mode hprt0 = 00021501
[    1.268249] console [ttyAMA0] enabled
[    1.360722] random: fast init done
[    2.142465] bcm2835-power bcm2835-power: Broadcom BCM2835 power domains driver
[    2.154088] sdhost: log_buf @ (____ptrval____) (fad07000)
[    2.200446] usb 1-1: new high-speed USB device number 2 using dwc_otg
[    2.209709] Indeed it is in host mode hprt0 = 00001101
[    2.210322] mmc0: sdhost-bcm2835 loaded - DMA enabled (>1)
[    2.229311] of_cfs_init
[    2.234595] of_cfs_init: OK
[    2.240735] Waiting for root device PARTUUID=4c999877-02...
[    2.314654] mmc0: host does not support reading read-only switch, assuming write-enable
[    2.333062] mmc0: new high speed SDHC card at address aaaa
[    2.343319] mmcblk0: mmc0:aaaa SC16G 14.8 GiB
[    2.356045]  mmcblk0: p1 p2
[    2.401017] EXT4-fs (mmcblk0p2): mounted filesystem with ordered data mode. Opts: (null)
[    2.414618] VFS: Mounted root (ext4 filesystem) readonly on device 179:2.
[    2.432993] usb 1-1: New USB device found, idVendor=0424, idProduct=9514, bcdDevice= 2.00
[    2.446585] usb 1-1: New USB device strings: Mfr=0, Product=0, SerialNumber=0
[    2.449209] devtmpfs: mounted
[    2.457501] hub 1-1:1.0: USB hub found
[    2.469134] hub 1-1:1.0: 5 ports detected
[    2.469355] Freeing unused kernel memory: 1024K
[    2.483245] Run /sbin/init as init process
[    2.776512] usb 1-1.1: new high-speed USB device number 3 using dwc_otg
[    2.885000] usb 1-1.1: New USB device found, idVendor=0424, idProduct=ec00, bcdDevice= 2.00
[    2.898800] usb 1-1.1: New USB device strings: Mfr=0, Product=0, SerialNumber=0
[    2.911983] smsc95xx v1.0.6
[    2.987007] smsc95xx 1-1.1:1.0 eth0: register 'smsc95xx' at usb-3f980000.usb-1.1, smsc95xx USB 2.0 Ethernet, b8:27:eb:6d:27:bc
[    3.216112] systemd[1]: System time before build time, advancing clock.
[    3.411514] NET: Registered protocol family 10
[    3.420796] Segment Routing with IPv6
[    3.479232] random: crng init done
[    3.491359] systemd[1]: systemd 241 running in system mode. (+PAM +AUDIT +SELINUX +IMA +APPARMOR +SMACK +SYSVINIT +UTMP +LIBCRYPTSETUP +GCRYPT +GNUTLS +ACL +XZ +LZ4 +SECCOMP +B
LKID +ELFUTILS +KMOD -IDN2 +IDN -PCRE2 default-hierarchy=hybrid)
[    3.522439] systemd[1]: Detected architecture arm64.
[    3.551389] systemd[1]: Set hostname to <raspberrypi>.
[    3.789013] uart-pl011 3f201000.serial: no DMA platform data
[    4.556599] systemd[1]: Created slice system-getty.slice.
[    4.570171] systemd[1]: Listening on udev Control Socket.
[    4.583111] systemd[1]: Listening on Journal Socket.
[    4.600903] systemd[1]: Mounting RPC Pipe File System...
[    4.613471] systemd[1]: Started Forward Password Requests to Wall Directory Watch.
[    4.638131] systemd[1]: Mounting POSIX Message Queue File System...
[    4.654934] systemd[1]: Created slice system-serial\x2dgetty.slice.
[   12.749604] Unable to handle kernel paging request at virtual address ffffff8008cb9e90
[   12.759649] Mem abort info:
[   12.763452]   ESR = 0x96000047
[   12.767485]   Exception class = DABT (current EL), IL = 32 bits
[   12.774447]   SET = 0, FnV = 0
[   12.778502]   EA = 0, S1PTW = 0
[   12.782631] Data abort info:
[   12.786491]   ISV = 0, ISS = 0x00000047
[   12.791317]   CM = 0, WnR = 1
[   12.795270] swapper pgtable: 4k pages, 39-bit VAs, pgdp = 00000000b04c411e
[   12.803213] [ffffff8008cb9e90] pgd=000000003abfe003, pud=000000003abfe003, pmd=000000003abfa003, pte=0000000000000000
[   12.816029] Internal error: Oops: 96000047 [#1] PREEMPT SMP
[   12.822766] Modules linked in: cfg80211(+) rfkill 8021q garp stp llc binfmt_misc bcm2835_v4l2(C) bcm2835_codec(C) v4l2_common v4l2_mem2mem videobuf2_vmalloc bcm2835_mmal_vchiq(
C) videobuf2_dma_contig videobuf2_memops videobuf2_v4l2 raspberrypi_hwmon videobuf2_common hwmon videodev media vc_sm_cma(C) uio_pdrv_genirq uio ip_tables x_tables ipv6
[   12.859331] Process sed (pid: 368, stack limit = 0x000000003638098e)
[   12.867021] CPU: 0 PID: 368 Comm: sed Tainted: G         C        4.19.118-v8+ #1311
[   12.877341] Hardware name: Raspberry Pi 3 Model B Rev 1.2 (DT)
[   12.884509] pstate: 00000085 (nzcv daIf -PAN -UAO)
[   12.890662] pc : queued_spin_lock_slowpath+0x230/0x2c8
[   12.897153] lr : queued_spin_lock_slowpath+0xd0/0x2c8
[   12.903521] sp : ffffff800a1db8b0
[   12.908154] x29: ffffff800a1db8b0 x28: ffffffc038a11a38 
[   12.914813] x27: 0000000000020000 x26: ffffff800a1dba58 
[   12.921478] x25: ffffff800a1db9b0 x24: ffffff800a1dbb80 
[   12.928140] x23: ffffff8008cc93f8 x22: 0000000000000000 
[   12.934764] x21: ffffffc03ab7fe80 x20: ffffff8008cb9000 
[   12.941348] x19: ffffff800a1dbb88 x18: ffffff8009909dd8 
[   12.947877] x17: 000000000825d2a8 x16: 000000000825d2a8 
[   12.954382] x15: 0000000000000a40 x14: 0000000000000020 
[   12.960838] x13: 0000000000000008 x12: 0000000000000001 
[   12.967226] x11: 0000000000000000 x10: 0000000000001930 
[   12.973546] x9 : 0000004031ec6000 x8 : 0000000000000000 
[   12.979804] x7 : ffffff8008cc8688 x6 : 0000000000000000 
[   12.986003] x5 : ffffffc03ab7fe80 x4 : 0000000000040000 
[   12.992155] x3 : ffffff800a1dbb8a x2 : 0000000000000000 
[   12.998250] x1 : ffffff8008cb9e90 x0 : ffffffc03ab7fe88 
[   13.004316] Call trace:
[   13.007470]  queued_spin_lock_slowpath+0x230/0x2c8
[   13.012986]  _raw_spin_lock_irq+0x5c/0x68
[   13.017706]  __add_to_page_cache_locked+0xe4/0x260
[   13.023240]  add_to_page_cache_lru+0x78/0x130
[   13.028329]  filemap_fault+0x470/0x5a8
[   13.032809]  __lock_page_killable+0x104/0x180
[   13.037913]  __lock_page_or_retry+0x54/0xf8
[   13.042836]  filemap_fault+0xb4/0x5a8
[   13.047238]  ext4_filemap_fault+0x38/0x58
[   13.051995]  __do_fault+0x58/0x120
[   13.056142]  __handle_mm_fault+0x800/0xb28
[   13.060985]  0xffffff800004d2a8
[   13.064875]  do_page_fault+0x1c0/0x498
[   13.069397]  do_translation_fault+0xa8/0xb8
[   13.074375]  do_mem_abort+0x68/0x128
[   13.078747]  do_el0_ia_bp_hardening+0x64/0xb0
[   13.083925]  el0_ia+0x1c/0x20
[   13.087715] Code: 913a0281 8b021021 f860dae2 910020a0 (f8226825) 
[   13.094710] ---[ end trace 767b85976f0508e0 ]---
[   13.100310] note: sed[368] exited with preempt_count 2
[   13.892010] cfg80211: Loaded X.509 cert 'sforshee: 00b28ddf47aef9cea7'
[   14.021264] smsc95xx 1-1.1:1.0 eth0: hardware isn't capable of remote wakeup
[   15.610334] smsc95xx 1-1.1:1.0 eth0: link up, 100Mbps, full-duplex, lpa 0xC1E1

Raspbian GNU/Linux 10 raspberrypi ttyAMA0

raspberrypi login: pi
Password: 
Last login: Fri Jul 10 11:55:46 CEST 2020 on ttyAMA0
Linux raspberrypi 4.19.118-v8+ #1311 SMP PREEMPT Mon Apr 27 14:32:38 BST 2020 aarch64

The programs included with the Debian GNU/Linux system are free software;
the exact distribution terms for each program are described in the
individual files in /usr/share/doc/*/copyright.

Debian GNU/Linux comes with ABSOLUTELY NO WARRANTY, to the extent
permitted by applicable law.

SSH is enabled and the default password for the 'pi' user has not been changed.
This is a security risk - please login as the 'pi' user and type 'passwd' to set a new password.

pi@raspberrypi:~$ 
