[    0.000000] Booting Linux on physical CPU 0x0000000000 [0x410fd034]
[    0.000000] Linux version 4.19.118-v8+ (dom@buildbot) (gcc version 5.4.0 20160609 (Ubuntu/Linaro 5.4.0-6ubuntu1~16.04.9)) #1311 SMP PREEMPT Mon Apr 27 14:32:38 BST 2020
[    0.000000] Machine model: Raspberry Pi 3 Model B Rev 1.2
[    0.000000] efi: Getting EFI parameters from FDT:
[    0.000000] efi: UEFI not found.
[    0.000000] cma: Reserved 8 MiB at 0x000000003ac00000
[    0.000000] random: get_random_bytes called from start_kernel+0xb8/0x47c with crng_init=0
[    0.000000] percpu: Embedded 24 pages/cpu s58840 r8192 d31272 u98304
[    0.000000] Detected VIPT I-cache on CPU0
[    0.000000] CPU features: enabling workaround for ARM erratum 843419
[    0.000000] CPU features: enabling workaround for ARM erratum 845719
[    0.000000] Built 1 zonelists, mobility grouping on.  Total pages: 238896
[    0.000000] Kernel command line: coherent_pool=1M 8250.nr_uarts=1 snd_bcm2835.enable_compat_alsa=0 snd_bcm2835.enable_hdmi=1 snd_bcm2835.enable_headphones=1 bcm2708_fb.fbwidth=
656 bcm2708_fb.fbheight=416 bcm2708_fb.fbswap=1 vc_mem.mem_base=0x3ec00000 vc_mem.mem_size=0x40000000  dwc_otg.lpm_enable=0 console=ttyAMA0,115200 console=tty1 root=PARTUUID=4c999
877-02 rootfstype=ext4 elevator=deadline fsck.repair=yes rootwait
[    0.000000] Dentry cache hash table entries: 131072 (order: 8, 1048576 bytes)
[    0.000000] Inode-cache hash table entries: 65536 (order: 7, 524288 bytes)
[    0.000000] Memory: 929096K/970752K available (8700K kernel code, 1074K rwdata, 2760K rodata, 1024K init, 1126K bss, 33464K reserved, 8192K cma-reserved)
[    0.000000] SLUB: HWalign=64, Order=0-3, MinObjects=0, CPUs=4, Nodes=1
[    0.000000] ftrace: allocating 30496 entries in 120 pages
[    0.000000] rcu: Preemptible hierarchical RCU implementation.
[    0.000000] rcu:     RCU restricting CPUs from NR_CPUS=64 to nr_cpu_ids=4.
[    0.000000]  Tasks RCU enabled.
[    0.000000] rcu: Adjusting geometry for rcu_fanout_leaf=16, nr_cpu_ids=4
[    0.000000] NR_IRQS: 64, nr_irqs: 64, preallocated irqs: 0
[    0.000000] arch_timer: cp15 timer(s) running at 19.20MHz (phys).
[    0.000000] clocksource: arch_sys_counter: mask: 0xffffffffffffff max_cycles: 0x46d987e47, max_idle_ns: 440795202767 ns
[    0.000007] sched_clock: 56 bits at 19MHz, resolution 52ns, wraps every 4398046511078ns
[    0.000269] Console: colour dummy device 80x25
[    0.000934] console [tty1] enabled
[    0.001005] Calibrating delay loop (skipped), value calculated using timer frequency.. 38.40 BogoMIPS (lpj=76800)
[    0.001057] pid_max: default: 32768 minimum: 301
[    0.001492] Mount-cache hash table entries: 2048 (order: 2, 16384 bytes)
[    0.001548] Mountpoint-cache hash table entries: 2048 (order: 2, 16384 bytes)
[    0.024103] ASID allocator initialised with 32768 entries
[    0.032100] rcu: Hierarchical SRCU implementation.
[    0.040724] EFI services will not be available.
[    0.048179] smp: Bringing up secondary CPUs ...
[    0.080447] Detected VIPT I-cache on CPU1
[    0.080516] CPU1: Booted secondary processor 0x0000000001 [0x410fd034]
[    0.112572] Detected VIPT I-cache on CPU2
[    0.112621] CPU2: Booted secondary processor 0x0000000002 [0x410fd034]
[    0.144737] Detected VIPT I-cache on CPU3
[    0.144783] CPU3: Booted secondary processor 0x0000000003 [0x410fd034]
[    0.144967] smp: Brought up 1 node, 4 CPUs
[    0.145122] SMP: Total of 4 processors activated.
[    0.145157] CPU features: detected: 32-bit EL0 Support
[    0.146128] CPU: All CPU(s) started at EL2
[    0.146202] alternatives: patching kernel code
[    0.147821] devtmpfs: initialized
[    0.164016] Enabled cp15_barrier support
[    0.164083] Enabled setend support
[    0.164624] clocksource: jiffies: mask: 0xffffffff max_cycles: 0xffffffff, max_idle_ns: 7645041785100000 ns
[    0.164685] futex hash table entries: 1024 (order: 4, 65536 bytes)
[    0.165438] pinctrl core: initialized pinctrl subsystem
[    0.166331] DMI not present or invalid.
[    0.166900] NET: Registered protocol family 16
[    0.173362] cpuidle: using governor menu
[    0.173972] hw-breakpoint: found 6 breakpoint and 4 watchpoint registers.
[    0.178592] DMA: preallocated 1024 KiB pool for atomic allocations
[    0.178772] Serial: AMBA PL011 UART driver
[    0.183361] bcm2835-mbox 3f00b880.mailbox: mailbox enabled
[    0.192947] raspberrypi-firmware soc:firmware: Attached to firmware from 2020-04-15 11:43, variant start
[    0.196965] raspberrypi-firmware soc:firmware: Firmware hash is 82f9bb929ce2186eb1824178c1ae82902ad6275c
[    0.245821] bcm2835-dma 3f007000.dma: DMA legacy API manager at (____ptrval____), dmachans=0x1
[    0.249132] vgaarb: loaded
[    0.249722] SCSI subsystem initialized
[    0.250019] usbcore: registered new interface driver usbfs
[    0.250123] usbcore: registered new interface driver hub
[    0.250286] usbcore: registered new device driver usb
[    0.250462] pps_core: LinuxPPS API ver. 1 registered
[    0.250496] pps_core: Software ver. 5.3.6 - Copyright 2005-2007 Rodolfo Giometti <giometti@linux.it>
[    0.250556] PTP clock support registered
[    0.252369] clocksource: Switched to clocksource arch_sys_counter
[    0.377554] VFS: Disk quotas dquot_6.6.0
[    0.377696] VFS: Dquot-cache hash table entries: 512 (order 0, 4096 bytes)
[    0.377977] FS-Cache: Loaded
[    0.378262] CacheFiles: Loaded
[    0.390378] NET: Registered protocol family 2
[    0.391342] tcp_listen_portaddr_hash hash table entries: 512 (order: 1, 8192 bytes)
[    0.391419] TCP established hash table entries: 8192 (order: 4, 65536 bytes)
[    0.391562] TCP bind hash table entries: 8192 (order: 5, 131072 bytes)
[    0.391780] TCP: Hash tables configured (established 8192 bind 8192)
[    0.392065] UDP hash table entries: 512 (order: 2, 16384 bytes)
[    0.392143] UDP-Lite hash table entries: 512 (order: 2, 16384 bytes)
[    0.392574] NET: Registered protocol family 1
[    0.393585] RPC: Registered named UNIX socket transport module.
[    0.393622] RPC: Registered udp transport module.
[    0.393653] RPC: Registered tcp transport module.
[    0.393682] RPC: Registered tcp NFSv4.1 backchannel transport module.
[    0.396287] hw perfevents: enabled with armv8_cortex_a53 PMU driver, 7 counters available
[    0.396561] kvm [1]: 8-bit VMID
[    0.397403] kvm [1]: Hyp mode initialized successfully
[    0.402316] Initialise system trusted keyrings
[    0.402655] workingset: timestamp_bits=46 max_order=18 bucket_order=0
[    0.414988] FS-Cache: Netfs 'nfs' registered for caching
[    0.416045] NFS: Registering the id_resolver key type
[    0.416121] Key type id_resolver registered
[    0.416152] Key type id_legacy registered
[    0.416195] nfs4filelayout_init: NFSv4 File Layout Driver Registering...
[    0.423975] Key type asymmetric registered
[    0.424024] Asymmetric key parser 'x509' registered
[    0.424122] Block layer SCSI generic (bsg) driver version 0.4 loaded (major 248)
[    0.424458] io scheduler noop registered
[    0.424493] io scheduler deadline registered (default)
[    0.424753] io scheduler cfq registered
[    0.424785] io scheduler mq-deadline registered (default)
[    0.424819] io scheduler kyber registered
[    0.431311] bcm2708_fb soc:fb: FB found 1 display(s)
[    0.440832] Console: switching to colour frame buffer device 82x26
[    0.445691] bcm2708_fb soc:fb: Registered framebuffer for display 0, size 656x416
[    0.453131] Serial: 8250/16550 driver, 1 ports, IRQ sharing enabled
[    0.457654] bcm2835-rng 3f104000.rng: hwrng registered
[    0.460644] vc-mem: phys_addr:0x00000000 mem_base=0x3ec00000 mem_size:0x40000000(1024 MiB)
[    0.466497] gpiomem-bcm2835 3f200000.gpiomem: Initialised: Registers at 0x3f200000
[    0.472022] cacheinfo: Unable to detect cache hierarchy for CPU 0
[    0.490362] brd: module loaded
[    0.508510] loop: module loaded
[    0.512178] Loading iSCSI transport class v2.0-870.
[    0.517518] libphy: Fixed MDIO Bus: probed
[    0.520472] usbcore: registered new interface driver r8152
[    0.523088] usbcore: registered new interface driver lan78xx
[    0.525705] usbcore: registered new interface driver smsc95xx
[    0.528592] dwc_otg: version 3.00a 10-AUG-2012 (platform bus)
[    0.559779] dwc_otg 3f980000.usb: base=(____ptrval____)
[    0.775800] Core Release: 2.80a
[    0.778320] Setting default values for core params
[    0.780858] Finished setting default values for core params
[    0.996552] Using Buffer DMA mode
[    0.998926] Periodic Transfer Interrupt Enhancement - disabled
[    1.001370] Multiprocessor Interrupt Enhancement - disabled
[    1.003776] OTG VER PARAM: 0, OTG VER FLAG: 0
[    1.006137] Dedicated Tx FIFOs mode
[    1.009358] WARN::dwc_otg_hcd_init:1074: FIQ DMA bounce buffers: virt = ffffff80090c1000 dma = 0x00000000fad04000 len=9024
[    1.013885] FIQ FSM acceleration enabled for :
[    1.013885] Non-periodic Split Transactions
[    1.013885] Periodic Split Transactions
[    1.013885] High-Speed Isochronous Endpoints
[    1.013885] Interrupt/Control Split Transaction hack enabled
[    1.024664] WARN::hcd_init_fiq:497: MPHI regs_base at ffffff8008065000
[    1.026945] dwc_otg 3f980000.usb: DWC OTG Controller
[    1.029285] dwc_otg 3f980000.usb: new USB bus registered, assigned bus number 1
[    1.031735] dwc_otg 3f980000.usb: irq 9, io mem 0x00000000
[    1.034161] Init: Port Power? op_state=1
[    1.036512] Init: Power Port (0)
[    1.039155] usb usb1: New USB device found, idVendor=1d6b, idProduct=0002, bcdDevice= 4.19
[    1.043904] usb usb1: New USB device strings: Mfr=3, Product=2, SerialNumber=1
[    1.046464] usb usb1: Product: DWC OTG Controller
[    1.048969] usb usb1: Manufacturer: Linux 4.19.118-v8+ dwc_otg_hcd
[    1.051463] usb usb1: SerialNumber: 3f980000.usb
[    1.054766] hub 1-0:1.0: USB hub found
[    1.057301] hub 1-0:1.0: 1 port detected
[    1.060949] usbcore: registered new interface driver uas
[    1.063357] usbcore: registered new interface driver usb-storage
[    1.065916] mousedev: PS/2 mouse device common for all mice
[    1.069835] bcm2835-wdt bcm2835-wdt: Broadcom BCM2835 watchdog timer
[    1.074410] sdhci: Secure Digital Host Controller Interface driver
[    1.076883] sdhci: Copyright(c) Pierre Ossman
[    1.079938] sdhost-bcm2835 3f202000.mmc: could not get clk, deferring probe
[    1.082687] sdhci-pltfm: SDHCI platform and OF driver helper
[    1.087349] ledtrig-cpu: registered to indicate activity on CPUs
[    1.090111] hidraw: raw HID events driver (C) Jiri Kosina
[    1.092828] usbcore: registered new interface driver usbhid
[    1.095289] usbhid: USB HID core driver
[    1.099096] vchiq: vchiq_init_state: slot_zero = (____ptrval____), is_master = 0
[    1.107940] Initializing XFRM netlink socket
[    1.110444] NET: Registered protocol family 17
[    1.112968] Key type dns_resolver registered
[    1.116764] registered taskstats version 1
[    1.119085] Loading compiled-in X.509 certificates
[    1.133415] uart-pl011 3f201000.serial: cts_event_workaround enabled
[    1.136015] 3f201000.serial: ttyAMA0 at MMIO 0x3f201000 (irq = 66, base_baud = 0) is a PL011 rev2
[    2.126607] console [ttyAMA0] enabled
[    2.134753] bcm2835-power bcm2835-power: Broadcom BCM2835 power domains driver
[    2.146610] sdhost: log_buf @ (____ptrval____) (fad07000)
[    2.204017] mmc0: sdhost-bcm2835 loaded - DMA enabled (>1)
[    2.216079] of_cfs_init
[    2.221211] of_cfs_init: OK
[    2.227290] Waiting for root device PARTUUID=4c999877-02...
[    2.248561] Indeed it is in host mode hprt0 = 00021501
[    2.310747] mmc0: host does not support reading read-only switch, assuming write-enable
[    2.341995] mmc0: new high speed SDHC card at address aaaa
[    2.352453] mmcblk0: mmc0:aaaa SC16G 14.8 GiB
[    2.369171]  mmcblk0: p1 p2
[    2.369383] random: fast init done
[    2.416846] EXT4-fs (mmcblk0p2): mounted filesystem with ordered data mode. Opts: (null)
[    2.430088] VFS: Mounted root (ext4 filesystem) readonly on device 179:2.
[    2.450712] devtmpfs: mounted
[    2.463540] Freeing unused kernel memory: 1024K
[    2.464481] usb 1-1: new high-speed USB device number 2 using dwc_otg
[    2.470859] Run /sbin/init as init process
[    2.480057] Indeed it is in host mode hprt0 = 00001101
[    2.704962] usb 1-1: New USB device found, idVendor=0424, idProduct=9514, bcdDevice= 2.00
[    2.718407] usb 1-1: New USB device strings: Mfr=0, Product=0, SerialNumber=0
[    2.729408] hub 1-1:1.0: USB hub found
[    2.736247] hub 1-1:1.0: 5 ports detected
[    3.032456] usb 1-1.1: new high-speed USB device number 3 using dwc_otg
[    3.140900] usb 1-1.1: New USB device found, idVendor=0424, idProduct=ec00, bcdDevice= 2.00
[    3.154786] usb 1-1.1: New USB device strings: Mfr=0, Product=0, SerialNumber=0
[    3.168010] smsc95xx v1.0.6
[    3.214687] systemd[1]: System time before build time, advancing clock.
[    3.250952] smsc95xx 1-1.1:1.0 eth0: register 'smsc95xx' at usb-3f980000.usb-1.1, smsc95xx USB 2.0 Ethernet, b8:27:eb:6d:27:bc
[    3.430210] NET: Registered protocol family 10
[    3.439399] Segment Routing with IPv6
[    3.508954] systemd[1]: systemd 241 running in system mode. (+PAM +AUDIT +SELINUX +IMA +APPARMOR +SMACK +SYSVINIT +UTMP +LIBCRYPTSETUP +GCRYPT +GNUTLS +ACL +XZ +LZ4 +SECCOMP +B
LKID +ELFUTILS +KMOD -IDN2 +IDN -PCRE2 default-hierarchy=hybrid)
[    3.540810] systemd[1]: Detected architecture arm64.
[    3.570460] systemd[1]: Set hostname to <raspberrypi>.
[    3.735205] uart-pl011 3f201000.serial: no DMA platform data
[    3.748514] random: crng init done
[    4.579146] systemd[1]: Listening on Syslog Socket.
[    4.595846] systemd[1]: Created slice User and Session Slice.
[    4.611922] systemd[1]: Created slice system-systemd\x2dfsck.slice.
[    4.625029] systemd[1]: Reached target Swap.
[    4.636174] systemd[1]: Listening on udev Kernel Socket.
[    4.648534] systemd[1]: Listening on udev Control Socket.
[    4.660508] systemd[1]: Listening on initctl Compatibility Named Pipe.

Raspbian GNU/Linux 10 raspberrypi ttyAMA0

raspberrypi login: pi
Password: 
Last login: Fri Jul 10 12:08:22 CEST 2020 on ttyAMA0
Linux raspberrypi 4.19.118-v8+ #1311 SMP PREEMPT Mon Apr 27 14:32:38 BST 2020 aarch64

[   80.788532] Unable to handle kernel read from unreadable memory at virtual address ffffff8008ce20
00
[   80.799469] Mem abort info:
[   80.803179]   ESR = 0x8600000f
[   80.807135]   Exception class = IABT (current EL), IL = 32 bits
[   80.813998]   SET = 0, FnV = 0
[   80.817967]   EA = 0, S1PTW = 0
[   80.822017] swapper pgtable: 4k pages, 39-bit VAs, pgdp = 0000000085bbc8b5
[   80.829886] [ffffff8008ce2000] pgd=000000003abfe003, pud=000000003abfe003, pmd=000000003abfa003, pte=0078000000ce2713
[   80.842536] Internal error: Oops: 8600000f [#1] PREEMPT SMP
[   80.849158] Modules linked in: cfg80211 rfkill 8021q garp stp llc binfmt_misc bcm2835_codec(C) v4l2_mem2mem bcm2835_v4l2(C) bcm2835_mmal_vchiq(C) v4l2_common videobuf2_vmalloc 
videobuf2_dma_contig raspberrypi_hwmon videobuf2_memops hwmon videobuf2_v4l2 videobuf2_common videodev media vc_sm_cma(C) uio_pdrv_genirq uio ip_tables x_tables ipv6
[   80.885369] Process swapper/0 (pid: 0, stack limit = 0x0000000004a0874b)
[   80.893438] CPU: 0 PID: 0 Comm: swapper/0 Tainted: G         C        4.19.118-v8+ #1311
[   80.904291] Hardware name: Raspberry Pi 3 Model B Rev 1.2 (DT)
[   80.911569] pstate: a0000085 (NzCv daIf -PAN -UAO)
[   80.917776] pc : rcu_sched_state+0x7c0/0xc00
[   80.923413] lr : rcu_sched_state+0x7c0/0xc00
[   80.929026] sp : ffffff8008003d10
[   80.933682] x29: 0000000000000000 x28: 0000000000000001 
[   80.940355] x27: ffffff8008cac018 x26: 0000000000000080 
[   80.947001] x25: ffffff8008cac018 x24: ffffff8008cc86d8 
[   80.953649] x23: ffffff80081685d0 x22: ffffffc03ab7a780 
[   80.960255] x21: ffffff8008cc3d60 x20: ffffff800815689c 
[   80.966816] x19: ffffff8008003db0 x18: 0000000000000000 
[   80.973330] x17: 0000000000000000 x16: 0000000000000000 
[   80.979801] x15: 0000000000000000 x14: 0000000000000000 
[   80.986209] x13: 0000000000000000 x12: 0000000000000000 
[   80.992539] x11: 0000000000000000 x10: 0000000000001930 
[   80.998793] x9 : ffffff8008cc3e10 x8 : 0000000000000040 
[   81.004994] x7 : 0000000000000000 x6 : 0011d2ee58746c4c 
[   81.011152] x5 : 0000000000000018 x4 : 0000004031ec6000 
[   81.017262] x3 : 0000000000010001 x2 : ffffff8008cac018 
[   81.023326] x1 : ffffff800814af40 x0 : 0000000000000001 
[   81.029365] Call trace:
[   81.032487]  rcu_sched_state+0x7c0/0xc00
[   81.037083] Code: 00000000 00000000 00000000 00000000 (00000000) 
[   81.043890] ---[ end trace 41ab516da75d2bcf ]---
[   81.049249] Kernel panic - not syncing: Fatal exception in interrupt
[   81.056398] SMP: stopping secondary CPUs
[   81.061102] Kernel Offset: disabled
[   81.065370] CPU features: 0x0,24002004
[   81.069910] Memory Limit: none
[   81.073759] ---[ end Kernel panic - not syncing: Fatal exception in interrupt ]---
