[    0.000000] Booting Linux on physical CPU 0x0000000000 [0x410fd034]
[    0.000000] Linux version 4.19.118-v8+ (dom@buildbot) (gcc version 5.4.0 20160609 (Ubuntu/Linaro 5.4.0-6ubuntu1~16.04.9)) #1311 SMP PREEMPT Mon Apr 27 14:32:38 BST 2020
[    0.000000] Machine model: Raspberry Pi 3 Model B Rev 1.2
[    0.000000] efi: Getting EFI parameters from FDT:
[    0.000000] efi: UEFI not found.
[    0.000000] cma: Reserved 8 MiB at 0x000000003ac00000
[    0.000000] random: get_random_bytes called from start_kernel+0xb8/0x47c with crng_init=0
[    0.000000] percpu: Embedded 24 pages/cpu s58840 r8192 d31272 u98304
[    0.000000] Detected VIPT I-cache on CPU0
[    0.000000] CPU features: enabling workaround for ARM erratum 843419
[    0.000000] CPU features: enabling workaround for ARM erratum 845719
[    0.000000] Built 1 zonelists, mobility grouping on.  Total pages: 238896
[    0.000000] Kernel command line: coherent_pool=1M 8250.nr_uarts=1 snd_bcm2835.enable_compat_alsa=0 snd_bcm2835.enable_hdmi=1 snd_bcm2835.enable_headphones=1 bcm2708_fb.fbwidth=6
56 bcm2708_fb.fbheight=416 bcm2708_fb.fbswap=1 vc_mem.mem_base=0x3ec00000 vc_mem.mem_size=0x40000000  dwc_otg.lpm_enable=0 console=ttyAMA0,115200 console=tty1 root=PARTUUID=4c99987
7-02 rootfstype=ext4 elevator=deadline fsck.repair=yes rootwait
[    0.000000] Dentry cache hash table entries: 131072 (order: 8, 1048576 bytes)
[    0.000000] Inode-cache hash table entries: 65536 (order: 7, 524288 bytes)
[    0.000000] Memory: 929096K/970752K available (8700K kernel code, 1074K rwdata, 2760K rodata, 1024K init, 1126K bss, 33464K reserved, 8192K cma-reserved)
[    0.000000] SLUB: HWalign=64, Order=0-3, MinObjects=0, CPUs=4, Nodes=1
[    0.000000] ftrace: allocating 30496 entries in 120 pages
[    0.000000] rcu: Preemptible hierarchical RCU implementation.
[    0.000000] rcu:     RCU restricting CPUs from NR_CPUS=64 to nr_cpu_ids=4.
[    0.000000]  Tasks RCU enabled.
[    0.000000] rcu: Adjusting geometry for rcu_fanout_leaf=16, nr_cpu_ids=4
[    0.000000] NR_IRQS: 64, nr_irqs: 64, preallocated irqs: 0
[    0.000000] arch_timer: cp15 timer(s) running at 19.20MHz (phys).
[    0.000000] clocksource: arch_sys_counter: mask: 0xffffffffffffff max_cycles: 0x46d987e47, max_idle_ns: 440795202767 ns
[    0.000007] sched_clock: 56 bits at 19MHz, resolution 52ns, wraps every 4398046511078ns
[    0.000271] Console: colour dummy device 80x25
[    0.000935] console [tty1] enabled
[    0.001005] Calibrating delay loop (skipped), value calculated using timer frequency.. 38.40 BogoMIPS (lpj=76800)
[    0.001058] pid_max: default: 32768 minimum: 301
[    0.001490] Mount-cache hash table entries: 2048 (order: 2, 16384 bytes)
[    0.001546] Mountpoint-cache hash table entries: 2048 (order: 2, 16384 bytes)
[    0.024106] ASID allocator initialised with 32768 entries
[    0.032103] rcu: Hierarchical SRCU implementation.
[    0.040737] EFI services will not be available.
[    0.048181] smp: Bringing up secondary CPUs ...
[    0.080448] Detected VIPT I-cache on CPU1
[    0.080517] CPU1: Booted secondary processor 0x0000000001 [0x410fd034]
[    0.112575] Detected VIPT I-cache on CPU2
[    0.112623] CPU2: Booted secondary processor 0x0000000002 [0x410fd034]
[    0.144741] Detected VIPT I-cache on CPU3
[    0.144786] CPU3: Booted secondary processor 0x0000000003 [0x410fd034]
[    0.144971] smp: Brought up 1 node, 4 CPUs
[    0.145125] SMP: Total of 4 processors activated.
[    0.145160] CPU features: detected: 32-bit EL0 Support
[    0.146133] CPU: All CPU(s) started at EL2
[    0.146208] alternatives: patching kernel code
[    0.147832] devtmpfs: initialized
[    0.164016] Enabled cp15_barrier support
[    0.164083] Enabled setend support
[    0.164624] clocksource: jiffies: mask: 0xffffffff max_cycles: 0xffffffff, max_idle_ns: 7645041785100000 ns
[    0.164686] futex hash table entries: 1024 (order: 4, 65536 bytes)
[    0.165434] pinctrl core: initialized pinctrl subsystem
[    0.166330] DMI not present or invalid.
[    0.166896] NET: Registered protocol family 16
[    0.173351] cpuidle: using governor menu
[    0.173961] hw-breakpoint: found 6 breakpoint and 4 watchpoint registers.
[    0.178514] DMA: preallocated 1024 KiB pool for atomic allocations
[    0.178694] Serial: AMBA PL011 UART driver
[    0.183290] bcm2835-mbox 3f00b880.mailbox: mailbox enabled
[    0.192951] raspberrypi-firmware soc:firmware: Attached to firmware from 2020-04-15 11:43, variant start
[    0.196969] raspberrypi-firmware soc:firmware: Firmware hash is 82f9bb929ce2186eb1824178c1ae82902ad6275c
[    0.245818] bcm2835-dma 3f007000.dma: DMA legacy API manager at (____ptrval____), dmachans=0x1
[    0.249129] vgaarb: loaded
[    0.249724] SCSI subsystem initialized
[    0.250021] usbcore: registered new interface driver usbfs
[    0.250126] usbcore: registered new interface driver hub
[    0.250289] usbcore: registered new device driver usb
[    0.250467] pps_core: LinuxPPS API ver. 1 registered
[    0.250500] pps_core: Software ver. 5.3.6 - Copyright 2005-2007 Rodolfo Giometti <giometti@linux.it>
[    0.250560] PTP clock support registered
[    0.252358] clocksource: Switched to clocksource arch_sys_counter
[    0.377538] VFS: Disk quotas dquot_6.6.0
[    0.377680] VFS: Dquot-cache hash table entries: 512 (order 0, 4096 bytes)
[    0.377915] FS-Cache: Loaded
[    0.378199] CacheFiles: Loaded
[    0.390267] NET: Registered protocol family 2
[    0.391230] tcp_listen_portaddr_hash hash table entries: 512 (order: 1, 8192 bytes)
[    0.391306] TCP established hash table entries: 8192 (order: 4, 65536 bytes)
[    0.391450] TCP bind hash table entries: 8192 (order: 5, 131072 bytes)
[    0.391668] TCP: Hash tables configured (established 8192 bind 8192)
[    0.391947] UDP hash table entries: 512 (order: 2, 16384 bytes)
[    0.392024] UDP-Lite hash table entries: 512 (order: 2, 16384 bytes)
[    0.392453] NET: Registered protocol family 1
[    0.393431] RPC: Registered named UNIX socket transport module.
[    0.393468] RPC: Registered udp transport module.
[    0.393499] RPC: Registered tcp transport module.
[    0.393529] RPC: Registered tcp NFSv4.1 backchannel transport module.
[    0.396175] hw perfevents: enabled with armv8_cortex_a53 PMU driver, 7 counters available
[    0.396437] kvm [1]: 8-bit VMID
[    0.397275] kvm [1]: Hyp mode initialized successfully
[    0.402200] Initialise system trusted keyrings
[    0.402572] workingset: timestamp_bits=46 max_order=18 bucket_order=0
[    0.414888] FS-Cache: Netfs 'nfs' registered for caching
[    0.419987] NFS: Registering the id_resolver key type
[    0.420053] Key type id_resolver registered
[    0.420083] Key type id_legacy registered
[    0.420125] nfs4filelayout_init: NFSv4 File Layout Driver Registering...
[    0.427858] Key type asymmetric registered
[    0.427906] Asymmetric key parser 'x509' registered
[    0.428007] Block layer SCSI generic (bsg) driver version 0.4 loaded (major 248)
[    0.428321] io scheduler noop registered
[    0.428407] io scheduler deadline registered (default)
[    0.428671] io scheduler cfq registered
[    0.428705] io scheduler mq-deadline registered (default)
[    0.428738] io scheduler kyber registered
[    0.434320] bcm2708_fb soc:fb: FB found 1 display(s)
[    0.443804] Console: switching to colour frame buffer device 82x26
[    0.448779] bcm2708_fb soc:fb: Registered framebuffer for display 0, size 656x416
[    0.456159] Serial: 8250/16550 driver, 1 ports, IRQ sharing enabled
[    0.460736] bcm2835-rng 3f104000.rng: hwrng registered
[    0.463691] vc-mem: phys_addr:0x00000000 mem_base=0x3ec00000 mem_size:0x40000000(1024 MiB)
[    0.469462] gpiomem-bcm2835 3f200000.gpiomem: Initialised: Registers at 0x3f200000
[    0.474995] cacheinfo: Unable to detect cache hierarchy for CPU 0
[    0.493698] brd: module loaded
[    0.511828] loop: module loaded
[    0.515589] Loading iSCSI transport class v2.0-870.
[    0.520927] libphy: Fixed MDIO Bus: probed
[    0.523872] usbcore: registered new interface driver r8152
[    0.526566] usbcore: registered new interface driver lan78xx
[    0.529194] usbcore: registered new interface driver smsc95xx
[    0.532053] dwc_otg: version 3.00a 10-AUG-2012 (platform bus)
[    0.562584] dwc_otg 3f980000.usb: base=(____ptrval____)
[    0.778797] Core Release: 2.80a
[    0.781319] Setting default values for core params
[    0.783834] Finished setting default values for core params
[    0.999744] Using Buffer DMA mode
[    1.002151] Periodic Transfer Interrupt Enhancement - disabled
[    1.004604] Multiprocessor Interrupt Enhancement - disabled
[    1.007012] OTG VER PARAM: 0, OTG VER FLAG: 0
[    1.009379] Dedicated Tx FIFOs mode
[    1.012442] WARN::dwc_otg_hcd_init:1074: FIQ DMA bounce buffers: virt = ffffff80090c1000 dma = 0x00000000fad04000 len=9024
[    1.016977] FIQ FSM acceleration enabled for :
[    1.016977] Non-periodic Split Transactions
[    1.016977] Periodic Split Transactions
[    1.016977] High-Speed Isochronous Endpoints
[    1.016977] Interrupt/Control Split Transaction hack enabled
[    1.027820] WARN::hcd_init_fiq:497: MPHI regs_base at ffffff8008065000
[    1.030136] dwc_otg 3f980000.usb: DWC OTG Controller
[    1.032484] dwc_otg 3f980000.usb: new USB bus registered, assigned bus number 1
[    1.034946] dwc_otg 3f980000.usb: irq 9, io mem 0x00000000
[    1.037383] Init: Port Power? op_state=1
[    1.039714] Init: Power Port (0)
[    1.042393] usb usb1: New USB device found, idVendor=1d6b, idProduct=0002, bcdDevice= 4.19
[    1.047156] usb usb1: New USB device strings: Mfr=3, Product=2, SerialNumber=1
[    1.049726] usb usb1: Product: DWC OTG Controller
[    1.052207] usb usb1: Manufacturer: Linux 4.19.118-v8+ dwc_otg_hcd
[    1.054742] usb usb1: SerialNumber: 3f980000.usb
[    1.058043] hub 1-0:1.0: USB hub found
[    1.060591] hub 1-0:1.0: 1 port detected
[    1.064200] usbcore: registered new interface driver uas
[    1.066666] usbcore: registered new interface driver usb-storage
[    1.069230] mousedev: PS/2 mouse device common for all mice
[    1.073108] bcm2835-wdt bcm2835-wdt: Broadcom BCM2835 watchdog timer
[    1.077691] sdhci: Secure Digital Host Controller Interface driver
[    1.080131] sdhci: Copyright(c) Pierre Ossman
[    1.083233] sdhost-bcm2835 3f202000.mmc: could not get clk, deferring probe
[    1.085989] sdhci-pltfm: SDHCI platform and OF driver helper
[    1.090643] ledtrig-cpu: registered to indicate activity on CPUs
[    1.093400] hidraw: raw HID events driver (C) Jiri Kosina
[    1.096065] usbcore: registered new interface driver usbhid
[    1.098570] usbhid: USB HID core driver
[    1.102372] vchiq: vchiq_init_state: slot_zero = (____ptrval____), is_master = 0
[    1.111186] Initializing XFRM netlink socket
[    1.113686] NET: Registered protocol family 17
[    1.116187] Key type dns_resolver registered
[    1.120029] registered taskstats version 1
[    1.122387] Loading compiled-in X.509 certificates
[    1.136733] uart-pl011 3f201000.serial: cts_event_workaround enabled
[    1.139338] 3f201000.serial: ttyAMA0 at MMIO 0x3f201000 (irq = 66, base_baud = 0) is a PL011 rev2
[    2.129942] console [ttyAMA0] enabled
[    2.138144] bcm2835-power bcm2835-power: Broadcom BCM2835 power domains driver
[    2.150010] sdhost: log_buf @ (____ptrval____) (fad07000)
[    2.207459] mmc0: sdhost-bcm2835 loaded - DMA enabled (>1)
[    2.219353] of_cfs_init
[    2.224511] of_cfs_init: OK
[    2.230768] Waiting for root device PARTUUID=4c999877-02...
[    2.252794] Indeed it is in host mode hprt0 = 00021501
[    2.314700] mmc0: host does not support reading read-only switch, assuming write-enable
[    2.345943] mmc0: new high speed SDHC card at address aaaa
[    2.356164] mmcblk0: mmc0:aaaa SC16G 14.8 GiB
[    2.358372] random: fast init done
[    2.374737]  mmcblk0: p1 p2
[    2.389418] EXT4-fs (mmcblk0p2): INFO: recovery required on readonly filesystem
[    2.399392] EXT4-fs (mmcblk0p2): write access will be enabled during recovery
[    2.468466] usb 1-1: new high-speed USB device number 2 using dwc_otg
[    2.477891] Indeed it is in host mode hprt0 = 00001101
[    2.514333] EXT4-fs (mmcblk0p2): recovery complete
[    2.527149] EXT4-fs (mmcblk0p2): mounted filesystem with ordered data mode. Opts: (null)
[    2.540312] VFS: Mounted root (ext4 filesystem) readonly on device 179:2.
[    2.562051] devtmpfs: mounted
[    2.574546] Freeing unused kernel memory: 1024K
[    2.581856] Run /sbin/init as init process
[    2.697009] usb 1-1: New USB device found, idVendor=0424, idProduct=9514, bcdDevice= 2.00
[    2.710653] usb 1-1: New USB device strings: Mfr=0, Product=0, SerialNumber=0
[    2.721615] hub 1-1:1.0: USB hub found
[    2.728303] hub 1-1:1.0: 5 ports detected
[    3.024438] usb 1-1.1: new high-speed USB device number 3 using dwc_otg
[    3.132945] usb 1-1.1: New USB device found, idVendor=0424, idProduct=ec00, bcdDevice= 2.00
[    3.146766] usb 1-1.1: New USB device strings: Mfr=0, Product=0, SerialNumber=0
[    3.160042] smsc95xx v1.0.6
[    3.234978] smsc95xx 1-1.1:1.0 eth0: register 'smsc95xx' at usb-3f980000.usb-1.1, smsc95xx USB 2.0 Ethernet, b8:27:eb:6d:27:bc
[    3.325126] systemd[1]: System time before build time, advancing clock.
[    3.511904] NET: Registered protocol family 10
[    3.521207] Segment Routing with IPv6
[    3.590960] systemd[1]: systemd 241 running in system mode. (+PAM +AUDIT +SELINUX +IMA +APPARMOR +SMACK +SYSVINIT +UTMP +LIBCRYPTSETUP +GCRYPT +GNUTLS +ACL +XZ +LZ4 +SECCOMP +BL
KID +ELFUTILS +KMOD -IDN2 +IDN -PCRE2 default-hierarchy=hybrid)
[    3.622461] systemd[1]: Detected architecture arm64.
[    3.652541] systemd[1]: Set hostname to <raspberrypi>.
[    3.725971] random: crng init done
[    3.863649] uart-pl011 3f201000.serial: no DMA platform data
[    4.698313] systemd[1]: Created slice system-getty.slice.
[    4.711252] systemd[1]: Listening on initctl Compatibility Named Pipe.
[    4.724610] systemd[1]: Reached target Swap.
[   88.628363] ------------[ cut here ]------------
[   88.633816] DEBUG_LOCKS_WARN_ON((val < PREEMPT_MASK) && !(preempt_count() & PREEMPT_MASK))
[   88.633840] WARNING: CPU: 0 PID: 496 at kernel/sched/core.c:3266 preempt_count_sub+0xc4/0xd0
[   88.654177] Modules linked in: cfg80211 rfkill 8021q garp stp llc binfmt_misc bcm2835_codec(C) bcm2835_v4l2(C) v4l2_mem2mem bcm2835_mmal_vchiq(C) v4l2_common videobuf2_dma_conti
g videobuf2_vmalloc videobuf2_memops videobuf2_v4l2 videobuf2_common raspberrypi_hwmon hwmon videodev media vc_sm_cma(C) uio_pdrv_genirq uio ip_tables x_tables ipv6
[   88.690116] CPU: 0 PID: 496 Comm: test Tainted: G         C        4.19.118-v8+ #1311
[   88.700498] Hardware name: Raspberry Pi 3 Model B Rev 1.2 (DT)
[   88.707695] pstate: 60000085 (nZCv daIf -PAN -UAO)
[   88.713870] pc : preempt_count_sub+0xc4/0xd0
[   88.719530] lr : preempt_count_sub+0xc4/0xd0
[   88.725155] sp : ffffff8008003d50
[   88.729810] x29: ffffff8008003d50 x28: 0000000000000007 
[   88.736485] x27: ffffff8008cac018 x26: 0000000000000080 
[   88.743134] x25: ffffff8008cac018 x24: ffffff8008cc86d8 
[   88.749775] x23: ffffff80081685d0 x22: ffffffc03ab7a780 
[   88.756392] x21: ffffff800a433ec0 x20: 0000000000000001 
[   88.762966] x19: 0000000000000001 x18: ffffff8009909dd8 
[   88.769499] x17: 0000000000000000 x16: 0000000000000000 
[   88.775971] x15: 0000000000000a40 x14: 5f54504d45455250 
[   88.782393] x13: 2026202928746e75 x12: 6f635f74706d6565               24
[   88.788776] x11: 7270282120262620 x10: 294b53414d5f5450 
[   889.85113] x9 : 4d45455250203c20 x8 : 6c617628284e4f5f 
[   88.801408] x7 : 4e5241575f534b43 x6 : ffffff8008dd6176 
[   88.807660] x5 : 0000000000000015 x4 : 0000000000000000 
[   88.813871] x3 : 0000000000000000 x2 : 0000004031ec6000 
[   88.820035] x1 : 5c12174d01c22c00 x0 : 0000000000000000 
[   88.826164] Call trace:
[   88.829376]  preempt_count_sub+0xc4/0xd0
[   88.834066]  _raw_spin_unlock_irqrestore+0x38/0x88
[   88.839633]  run_local_timers+0x50/0x78
[   88.844268]  update_process_times+0x2c/0x60
[   88.849255]  tick_sched_handle.isra.5+0x44/0x68
[   88.854601]  tick_sched_timer+0x5c/0xb0
[   88.859255]  __hrtimer_run_queues+0x118/0x380
[   88.864451]  hrtimer_interrupt+0xf8/0x258
[   88.869310]  arch_timer_handler_phys+0x3c/0x50
[   88.874613]  handle_percpu_devid_irq+0xa4/0x2a0
[   88.879998]  generic_handle_irq+0x34/0x50
[   88.884869]  __handle_domain_irq+0x8c/0x100
[   88.889927]  bcm2836_arm_irqchip_handle_irq+0x68/0xd8
[   88.895868]  el0_irq_naked+0x50/0x5c
[   88.900325] ---[ end trace 831fee6104df29ca ]---
[  114.268385] Unable to handle kernel paging request at virtual address 0000000000003fc7
[  114.278233] Mem abort info:
[  114.281979]   ESR = 0x96000007
[  114.285988]   Exception class = DABT (current EL), IL = 32 bits
[  114.292899]   SET = 0, FnV = 0
[  114.296928]   EA = 0, S1PTW = 0
[  114.301021] Data abort info:
[  114.304838]   ISV = 0, ISS = 0x00000007
[  114.309617]   CM = 0, WnR = 0
[  114.313512] user pgtable: 4k pages, 39-bit VAs, pgdp = 00000000ed5fbf3d
[  114.321130] [0000000000003fc7] pgd=000000003426c003, pud=000000003426c003, pmd=000000003426d003, pte=0000000000000000
[  114.333832] Internal error: Oops: 96000007 [#1] PREEMPT SMP
[  114.340494] Modules linked in: cfg80211 rfkill 8021q garp stp llc binfmt_misc bcm2835_codec(C) bcm2835_v4l2(C) v4l2_mem2mem bcm2835_mmal_vchiq(C) v4l2_common videobuf2_dma_conti
g videobuf2_vmalloc videobuf2_memops videobuf2_v4l2 videobuf2_common raspberrypi_hwmon hwmon videodev media vc_sm_cma(C) uio_pdrv_genirq uio ip_tables x_tables ipv6
[  114.376715] Process test (pid: 498, stack limit = 0x0000000012f0c4dc)
[  114.384492] CPU: 0 PID: 498 Comm: test Tainted: G        WC        4.19.118-v8+ #1311
[  114.394905] Hardware name: Raspberry Pi 3 Model B Rev 1.2 (DT)
[  114.402073] pstate: 20000085 (nzCv daIf -PAN -UAO)
[  114.408233] pc : cpuacct_charge+0x34/0xb8
[  114.413584] lr : update_curr+0xe4/0x228
[  114.418731] sp : ffffff8008003c90
[  114.423363] x29: ffffff8008003c90 x28: 0000000000000007 
[  114.430025] x27: ffffff8008cac018 x26: 0000000000000080 
[  114.436668] x25: ffffff8008cac018 x24: afb504000afb5041 
[  114.443307] x23: ffffff8008cb8030 x22: 0000000000001591 
[  114.449908] x21: ffffffc034191400 x20: 0000000000001591 
[  114.456456] x19: ffffffc034261d00 x18: 0000000000000000 
[  114.462947] x17: 0000000000000000 x16: 0000000000000000 
[  114.469394] x15: 0000000000000000 x14: 0000000000000008 
[  114.475780] x13: ffffffffffe9be08 x12: 003d08ff583fe0d0 
[  114.482119] x11: 00003d08ffff9c00 x10: 0000000000006400 
[  114.488412] x9 : 00003d08ff56dc00 x8 : ffffff8008cb9ec0 
[  114.494648] x7 : ffffff8008ce17d8 x6 : 0000000000333e23 
[  114.500842] x5 : 0000000000000015 x4 : 00000000000f2de7 
[  114.506999] x3 : 0000000000000001 x2 : 0000000000001591 
[  114.513100] x1 : 8000000000003ebf x0 : 7fffffffffffffff 
[  114.519164] Call trace:
[  114.522314]  cpuacct_charge+0x34/0xb8
[  114.526667]  update_curr+0xe4/0x228
[  114.530831]  task_tick_fair+0x144/0x578
[  114.535347]  scheduler_tick+0x74/0x108
[  114.539776]  update_process_times+0x48/0x60
[  114.544648]  tick_sched_handle.isra.5+0x44/0x68
[  114.549891]  tick_sched_timer+0x5c/0xb0
[  114.554440]  __hrtimer_run_queues+0x118/0x380
[  114.559529]  hrtimer_interrupt+0xf8/0x258
[  114.564290]  arch_timer_handler_phys+0x3c/0x50
[  114.569510]  handle_percpu_devid_irq+0xa4/0x2a0
[  114.574824]  generic_handle_irq+0x34/0x50
[  114.579641]  __handle_domain_irq+0x8c/0x100
[  114.584630]  bcm2836_arm_irqchip_handle_irq+0x68/0xd8
[  114.590509]  el0_irq_naked+0x50/0x5c
[  114.594914] Code: f9401260 d287d801 8b010001 b4000381 (f95fe400) 
[  114.601883] ---[ end trace 831fee6104df29cb ]---
[  114.607385] Kernel panic - not syncing: Fatal exception in interrupt
[  114.614696] SMP: stopping secondary CPUs
[  114.619575] Kernel Offset: disabled
[  114.623997] CPU features: 0x0,24002004
[  114.628682] Memory Limit: none
[  114.632668] ---[ end Kernel panic - not syncing: Fatal exception in interrupt ]---
