[    0.000000] Booting Linux on physical CPU 0x0000000000 [0x410fd034]
[    0.000000] Linux version 4.19.118-v8+ (dom@buildbot) (gcc version 5.4.0 20160609 (Ubuntu/Linaro 5.4.0-6ubuntu1~16.04.9)) #1311 SMP PREEMPT Mon Apr 27 14:32:38 BST 2020
[    0.000000] Machine model: Raspberry Pi 3 Model B Rev 1.2
[    0.000000] efi: Getting EFI parameters from FDT:
[    0.000000] efi: UEFI not found.
[    0.000000] cma: Reserved 8 MiB at 0x000000003ac00000
[    0.000000] random: get_random_bytes called from start_kernel+0xb8/0x47c with crng_init=0
[    0.000000] percpu: Embedded 24 pages/cpu s58840 r8192 d31272 u98304
[    0.000000] Detected VIPT I-cache on CPU0
[    0.000000] CPU features: enabling workaround for ARM erratum 843419
[    0.000000] CPU features: enabling workaround for ARM erratum 845719
[    0.000000] Built 1 zonelists, mobility grouping on.  Total pages: 238896
[    0.000000] Kernel command line: coherent_pool=1M 8250.nr_uarts=1 snd_bcm2835.enable_compat_alsa=0 snd_bcm2835.enable_hdmi=1 snd_bcm2835.enable_headphones=1 bcm2708_fb.fbwidth=6
56 bcm2708_fb.fbheight=416 bcm2708_fb.fbswap=1 vc_mem.mem_base=0x3ec00000 vc_mem.mem_size=0x40000000  dwc_otg.lpm_enable=0 console=ttyAMA0,115200 console=tty1 root=PARTUUID=4c99987
7-02 rootfstype=ext4 elevator=deadline fsck.repair=yes rootwait
[    0.000000] Dentry cache hash table entries: 131072 (order: 8, 1048576 bytes)
[    0.000000] Inode-cache hash table entries: 65536 (order: 7, 524288 bytes)
[    0.000000] Memory: 929096K/970752K available (8700K kernel code, 1074K rwdata, 2760K rodata, 1024K init, 1126K bss, 33464K reserved, 8192K cma-reserved)
[    0.000000] SLUB: HWalign=64, Order=0-3, MinObjects=0, CPUs=4, Nodes=1
[    0.000000] ftrace: allocating 30496 entries in 120 pages
[    0.000000] rcu: Preemptible hierarchical RCU implementation.
[    0.000000] rcu:     RCU restricting CPUs from NR_CPUS=64 to nr_cpu_ids=4.
[    0.000000]  Tasks RCU enabled.
[    0.000000] rcu: Adjusting geometry for rcu_fanout_leaf=16, nr_cpu_ids=4
[    0.000000] NR_IRQS: 64, nr_irqs: 64, preallocated irqs: 0
[    0.000000] arch_timer: cp15 timer(s) running at 19.20MHz (phys).
[    0.000000] clocksource: arch_sys_counter: mask: 0xffffffffffffff max_cycles: 0x46d987e47, max_idle_ns: 440795202767 ns
[    0.000007] sched_clock: 56 bits at 19MHz, resolution 52ns, wraps every 4398046511078ns
[    0.000271] Console: colour dummy device 80x25
[    0.000937] console [tty1] enabled
[    0.001006] Calibrating delay loop (skipped), value calculated using timer frequency.. 38.40 BogoMIPS (lpj=76800)
[    0.001059] pid_max: default: 32768 minimum: 301
[    0.001491] Mount-cache hash table entries: 2048 (order: 2, 16384 bytes)
[    0.001547] Mountpoint-cache hash table entries: 2048 (order: 2, 16384 bytes)
[    0.024105] ASID allocator initialised with 32768 entries
[    0.032101] rcu: Hierarchical SRCU implementation.
[    0.040737] EFI services will not be available.
[    0.048180] smp: Bringing up secondary CPUs ...
[    0.080448] Detected VIPT I-cache on CPU1
[    0.080516] CPU1: Booted secondary processor 0x0000000001 [0x410fd034]
[    0.112574] Detected VIPT I-cache on CPU2
[    0.112623] CPU2: Booted secondary processor 0x0000000002 [0x410fd034]
[    0.144740] Detected VIPT I-cache on CPU3
[    0.144785] CPU3: Booted secondary processor 0x0000000003 [0x410fd034]
[    0.144970] smp: Brought up 1 node, 4 CPUs
[    0.145125] SMP: Total of 4 processors activated.
[    0.145159] CPU features: detected: 32-bit EL0 Support
[    0.146130] CPU: All CPU(s) started at EL2
[    0.146205] alternatives: patching kernel code
[    0.147830] devtmpfs: initialized
[    0.164019] Enabled cp15_barrier support
[    0.164087] Enabled setend support
[    0.164632] clocksource: jiffies: mask: 0xffffffff max_cycles: 0xffffffff, max_idle_ns: 7645041785100000 ns
[    0.164693] futex hash table entries: 1024 (order: 4, 65536 bytes)
[    0.165450] pinctrl core: initialized pinctrl subsystem
[    0.166342] DMI not present or invalid.
[    0.166911] NET: Registered protocol family 16
[    0.173380] cpuidle: using governor menu
[    0.173994] hw-breakpoint: found 6 breakpoint and 4 watchpoint registers.
[    0.178613] DMA: preallocated 1024 KiB pool for atomic allocations
[    0.178793] Serial: AMBA PL011 UART driver
[    0.183370] bcm2835-mbox 3f00b880.mailbox: mailbox enabled
[    0.192934] raspberrypi-firmware soc:firmware: Attached to firmware from 2020-04-15 11:43, variant start
[    0.196953] raspberrypi-firmware soc:firmware: Firmware hash is 82f9bb929ce2186eb1824178c1ae82902ad6275c
[    0.245807] bcm2835-dma 3f007000.dma: DMA legacy API manager at (____ptrval____), dmachans=0x1
[    0.249115] vgaarb: loaded
[    0.249701] SCSI subsystem initialized
[    0.249999] usbcore: registered new interface driver usbfs
[    0.250103] usbcore: registered new interface driver hub
[    0.250266] usbcore: registered new device driver usb
[    0.250443] pps_core: LinuxPPS API ver. 1 registered
[    0.250476] pps_core: Software ver. 5.3.6 - Copyright 2005-2007 Rodolfo Giometti <giometti@linux.it>
[    0.250536] PTP clock support registered
[    0.252329] clocksource: Switched to clocksource arch_sys_counter
[    0.377457] VFS: Disk quotas dquot_6.6.0
[    0.377598] VFS: Dquot-cache hash table entries: 512 (order 0, 4096 bytes)
[    0.377831] FS-Cache: Loaded
[    0.378110] CacheFiles: Loaded
[    0.390219] NET: Registered protocol family 2
[    0.391186] tcp_listen_portaddr_hash hash table entries: 512 (order: 1, 8192 bytes)
[    0.391263] TCP established hash table entries: 8192 (order: 4, 65536 bytes)
[    0.391406] TCP bind hash table entries: 8192 (order: 5, 131072 bytes)
[    0.391626] TCP: Hash tables configured (established 8192 bind 8192)
[    0.391911] UDP hash table entries: 512 (order: 2, 16384 bytes)
[    0.391988] UDP-Lite hash table entries: 512 (order: 2, 16384 bytes)
[    0.392419] NET: Registered protocol family 1
[    0.393378] RPC: Registered named UNIX socket transport module.
[    0.393415] RPC: Registered udp transport module.
[    0.393446] RPC: Registered tcp transport module.
[    0.393476] RPC: Registered tcp NFSv4.1 backchannel transport module.
[    0.396173] hw perfevents: enabled with armv8_cortex_a53 PMU driver, 7 counters available
[    0.396440] kvm [1]: 8-bit VMID
[    0.397279] kvm [1]: Hyp mode initialized successfully
[    0.402198] Initialise system trusted keyrings
[    0.402541] workingset: timestamp_bits=46 max_order=18 bucket_order=0
[    0.414859] FS-Cache: Netfs 'nfs' registered for caching
[    0.415923] NFS: Registering the id_resolver key type
[    0.416009] Key type id_resolver registered
[    0.416040] Key type id_legacy registered
[    0.416082] nfs4filelayout_init: NFSv4 File Layout Driver Registering...
[    0.423803] Key type asymmetric registered
[    0.423851] Asymmetric key parser 'x509' registered
[    0.423950] Block layer SCSI generic (bsg) driver version 0.4 loaded (major 248)
[    0.424266] io scheduler noop registered
[    0.424303] io scheduler deadline registered (default)
[    0.424649] io scheduler cfq registered
[    0.424683] io scheduler mq-deadline registered (default)
[    0.424716] io scheduler kyber registered
[    0.431259] bcm2708_fb soc:fb: FB found 1 display(s)
[    0.440844] Console: switching to colour frame buffer device 82x26
[    0.445712] bcm2708_fb soc:fb: Registered framebuffer for display 0, size 656x416
[    0.453182] Serial: 8250/16550 driver, 1 ports, IRQ sharing enabled
[    0.457734] bcm2835-rng 3f104000.rng: hwrng registered
[    0.460729] vc-mem: phys_addr:0x00000000 mem_base=0x3ec00000 mem_size:0x40000000(1024 MiB)
[    0.466573] gpiomem-bcm2835 3f200000.gpiomem: Initialised: Registers at 0x3f200000
[    0.472110] cacheinfo: Unable to detect cache hierarchy for CPU 0
[    0.490338] brd: module loaded
[    0.508582] loop: module loaded
[    0.512279] Loading iSCSI transport class v2.0-870.
[    0.517634] libphy: Fixed MDIO Bus: probed
[    0.520602] usbcore: registered new interface driver r8152
[    0.523242] usbcore: registered new interface driver lan78xx
[    0.525857] usbcore: registered new interface driver smsc95xx
[    0.528755] dwc_otg: version 3.00a 10-AUG-2012 (platform bus)
[    0.559742] dwc_otg 3f980000.usb: base=(____ptrval____)
[    0.775747] Core Release: 2.80a
[    0.778265] Setting default values for core params
[    0.780802] Finished setting default values for core params
[    0.996068] Using Buffer DMA mode
[    0.998471] Periodic Transfer Interrupt Enhancement - disabled
[    1.000915] Multiprocessor Interrupt Enhancement - disabled
[    1.003322] OTG VER PARAM: 0, OTG VER FLAG: 0
[    1.005686] Dedicated Tx FIFOs mode
[    1.008934] WARN::dwc_otg_hcd_init:1074: FIQ DMA bounce buffers: virt = ffffff80090c1000 dma = 0x00000000fad04000 len=9024
[    1.013454] FIQ FSM acceleration enabled for :
[    1.013454] Non-periodic Split Transactions
[    1.013454] Periodic Split Transactions
[    1.013454] High-Speed Isochronous Endpoints
[    1.013454] Interrupt/Control Split Transaction hack enabled
[    1.024220] WARN::hcd_init_fiq:497: MPHI regs_base at ffffff8008065000
[    1.026525] dwc_otg 3f980000.usb: DWC OTG Controller
[    1.028866] dwc_otg 3f980000.usb: new USB bus registered, assigned bus number 1
[    1.031337] dwc_otg 3f980000.usb: irq 9, io mem 0x00000000
[    1.033770] Init: Port Power? op_state=1
[    1.036097] Init: Power Port (0)
[    1.038770] usb usb1: New USB device found, idVendor=1d6b, idProduct=0002, bcdDevice= 4.19
[    1.043528] usb usb1: New USB device strings: Mfr=3, Product=2, SerialNumber=1
[    1.046144] usb usb1: Product: DWC OTG Controller
[    1.048658] usb usb1: Manufacturer: Linux 4.19.118-v8+ dwc_otg_hcd
[    1.051163] usb usb1: SerialNumber: 3f980000.usb
[    1.054430] hub 1-0:1.0: USB hub found
[    1.056973] hub 1-0:1.0: 1 port detected
[    1.060650] usbcore: registered new interface driver uas
[    1.063067] usbcore: registered new interface driver usb-storage
[    1.065653] mousedev: PS/2 mouse device common for all mice
[    1.069535] bcm2835-wdt bcm2835-wdt: Broadcom BCM2835 watchdog timer
[    1.074122] sdhci: Secure Digital Host Controller Interface driver
[    1.076602] sdhci: Copyright(c) Pierre Ossman
[    1.079690] sdhost-bcm2835 3f202000.mmc: could not get clk, deferring probe
[    1.082442] sdhci-pltfm: SDHCI platform and OF driver helper
[    1.087112] ledtrig-cpu: registered to indicate activity on CPUs
[    1.089873] hidraw: raw HID events driver (C) Jiri Kosina
[    1.092586] usbcore: registered new interface driver usbhid
[    1.095047] usbhid: USB HID core driver
[    1.098758] vchiq: vchiq_init_state: slot_zero = (____ptrval____), is_master = 0
[    1.107625] Initializing XFRM netlink socket
[    1.110128] NET: Registered protocol family 17
[    1.112667] Key type dns_resolver registered
[    1.116411] registered taskstats version 1
[    1.118729] Loading compiled-in X.509 certificates
[    1.133037] uart-pl011 3f201000.serial: cts_event_workaround enabled
[    1.135642] 3f201000.serial: ttyAMA0 at MMIO 0x3f201000 (irq = 66, base_baud = 0) is a PL011 rev2
[    2.126299] console [ttyAMA0] enabled
[    2.134490] bcm2835-power bcm2835-power: Broadcom BCM2835 power domains driver
[    2.146207] sdhost: log_buf @ (____ptrval____) (fad07000)
[    2.203318] mmc0: sdhost-bcm2835 loaded - DMA enabled (>1)
[    2.215217] of_cfs_init
[    2.220378] of_cfs_init: OK
[    2.226614] Waiting for root device PARTUUID=4c999877-02...
[    2.248776] Indeed it is in host mode hprt0 = 00021501
[    2.310680] mmc0: host does not support reading read-only switch, assuming write-enable
[    2.341874] mmc0: new high speed SDHC card at address aaaa
[    2.352137] mmcblk0: mmc0:aaaa SC16G 14.8 GiB
[    2.364646]  mmcblk0: p1 p2
[    2.369276] random: fast init done
[    2.385746] EXT4-fs (mmcblk0p2): INFO: recovery required on readonly filesystem
[    2.395689] EXT4-fs (mmcblk0p2): write access will be enabled during recovery
[    2.464420] usb 1-1: new high-speed USB device number 2 using dwc_otg
[    2.473800] Indeed it is in host mode hprt0 = 00001101
[    2.531124] EXT4-fs (mmcblk0p2): recovery complete
[    2.545172] EXT4-fs (mmcblk0p2): mounted filesystem with ordered data mode. Opts: (null)
[    2.558349] VFS: Mounted root (ext4 filesystem) readonly on device 179:2.
[    2.580010] devtmpfs: mounted
[    2.592493] Freeing unused kernel memory: 1024K
[    2.599807] Run /sbin/init as init process
[    2.693001] usb 1-1: New USB device found, idVendor=0424, idProduct=9514, bcdDevice= 2.00
[    2.706565] usb 1-1: New USB device strings: Mfr=0, Product=0, SerialNumber=0
[    2.717518] hub 1-1:1.0: USB hub found
[    2.724286] hub 1-1:1.0: 5 ports detected
[    3.020424] usb 1-1.1: new high-speed USB device number 3 using dwc_otg
[    3.128918] usb 1-1.1: New USB device found, idVendor=0424, idProduct=ec00, bcdDevice= 2.00
[    3.142695] usb 1-1.1: New USB device strings: Mfr=0, Product=0, SerialNumber=0
[    3.156025] smsc95xx v1.0.6
[    3.230944] smsc95xx 1-1.1:1.0 eth0: register 'smsc95xx' at usb-3f980000.usb-1.1, smsc95xx USB 2.0 Ethernet, b8:27:eb:6d:27:bc
[    3.361171] systemd[1]: System time before build time, advancing clock.
[    3.548039] NET: Registered protocol family 10
[    3.557304] Segment Routing with IPv6
[    3.627191] systemd[1]: systemd 241 running in system mode. (+PAM +AUDIT +SELINUX +IMA +APPARMOR +SMACK +SYSVINIT +UTMP +LIBCRYPTSETUP +GCRYPT +GNUTLS +ACL +XZ +LZ4 +SECCOMP +BL
KID +ELFUTILS +KMOD -IDN2 +IDN -PCRE2 default-hierarchy=hybrid)
[    3.658746] systemd[1]: Detected architecture arm64.
[    3.688576] systemd[1]: Set hostname to <raspberrypi>.
[    3.747141] random: crng init done
[    3.875160] uart-pl011 3f201000.serial: no DMA platform data
[    4.745220] systemd[1]: Condition check resulted in Journal Audit Socket being skipped.
[    4.759823] systemd[1]: Started Forward Password Requests to Wall Directory Watch.
[    4.778124] systemd[1]: Listening on fsck to fsckd communication Socket.
[   52.720307] ------------[ cut here ]------------
[   52.725830] DEBUG_LOCKS_WARN_ON((val < PREEMPT_MASK) && !(preempt_count() & PREEMPT_MASK))
[   52.725855] WARNING: CPU: 0 PID: 498 at kernel/sched/core.c:3266 preempt_count_sub+0xc4/0xd0
[   52.746396] Modules linked in: cfg80211 rfkill 8021q garp stp llc binfmt_misc bcm2835_codec(C) bcm2835_v4l2(C) v4l2_mem2mem videobuf2_dma_contig bcm2835_mmal_vchiq(C) raspberryp
i_hwmon v4l2_common videobuf2_vmalloc videobuf2_memops hwmon videobuf2_v4l2 videobuf2_common videodev media vc_sm_cma(C) uio_pdrv_genirq uio ip_tables x_tables ipv6
[   52.782335] CPU: 0 PID: 498 Comm: test Tainted: G         C        4.19.118-v8+ #1311
[   52.792711] Hardware name: Raspberry Pi 3 Model B Rev 1.2 (DT)
[   52.799907] pstate: 60000085 (nZCv daIf -PAN -UAO)
[   52.806077] pc : preempt_count_sub+0xc4/0xd0
[   52.811736] lr : preempt_count_sub+0xc4/0xd0
[   52.817383] sp : ffffff8008003da0
[   52.822076] x29: ffffff8008003da0 x28: 0000000000000003 
[   52.828772] x27: ffffff8008cac018 x26: 0000000000000080 
[   52.835435] x25: ffffff8008cac018 x24: ffffff8008cc86d8 
[   52.842084] x23: ffffff80081685d0 x22: 00000000000065ea 
[   52.848712] x21: 0000000c1f65b57a x20: ffffff8008df98c0 
[   52.855297] x19: 0000000000000001 x18: ffffff8009909dd8 
[   52.861834] x17: 0000000000000000 x16: 0000000000000000 
[   52.868337] x15: 0000000000000a40 x14: 5f54504d45455250 
[   52.874765] x13: 2026202928746e75 x12: 6f635f74706d6565 
[   52.881152] x11: 7270282120262620 x10: 294b53414d5f5450 
[   52.887493] x9 : 4d45455250203c20 x8 : 6c617628284e4f5f 
[   52.893794] x7 : 4e5241575f534b43 x6 : ffffff8008dd6176 
[   52.900052] x5 : 0000000000000015 x4 : 0000000000000000 
[   52.906273] x3 : 0000000000000000 x2 : 0000004031ec6000 
[   52.912449] x1 : 5c12174d01c22c00 x0 : 0000000000000000 
[   52.918587] Call trace:
[   52.921825]  preempt_count_sub+0xc4/0xd0
[   52.926523]  _raw_spin_unlock_irqrestore+0x38/0x88
[   52.932093]  tick_sched_timer+0x3c/0xb0
[   52.936732]  __hrtimer_run_queues+0x118/0x380
[   52.941917]  hrtimer_interrupt+0xf8/0x258
[   52.946750]  arch_timer_handler_phys+0x3c/0x50
[   52.952036]  handle_percpu_devid_irq+0xa4/0x2a0
[   52.957422]  generic_handle_irq+0x34/0x50
[   52.962294]  __handle_domain_irq+0x8c/0x100
[   52.967334]  bcm2836_arm_irqchip_handle_irq+0x68/0xd8
[   52.973263]  el0_irq_naked+0x50/0x5c
[   52.977717] ---[ end trace 89b29661e1d5975f ]---
[   52.983248] Unable to handle kernel paging request at virtual address 0000000c1f65b682
[   52.993066] Mem abort info:
[   52.996804]   ESR = 0x96000005
[   53.000789]   Exception class = DABT (current EL), IL = 32 bits
[   53.007688]   SET = 0, FnV = 0
[   53.011718]   EA = 0, S1PTW = 0
[   53.015828] Data abort info:
[   53.019647]   ISV = 0, ISS = 0x00000005
[   53.024433]   CM = 0, WnR = 0
[   53.028331] [0000000c1f65b682] address between user and kernel address ranges
[   53.036479] Internal error: Oops: 96000005 [#1] PREEMPT SMP
[   53.043079] Modules linked in: cfg80211 rfkill 8021q garp stp llc binfmt_misc bcm2835_codec(C) bcm2835_v4l2(C) v4l2_mem2mem videobuf2_dma_contig bcm2835_mmal_vchiq(C) raspberryp
i_hwmon v4l2_common videobuf2_vmalloc videobuf2_memops hwmon videobuf2_v4l2 videobuf2_common videodev media vc_sm_cma(C) uio_pdrv_genirq uio ip_tables x_tables ipv6
[   53.078977] Process test (pid: 498, stack limit = 0x0000000057109b0a)
[   53.086700] CPU: 0 PID: 498 Comm: test Tainted: G        WC        4.19.118-v8+ #1311
[   53.097102] Hardware name: Raspberry Pi 3 Model B Rev 1.2 (DT)
[   53.104246] pstate: 80000085 (Nzcv daIf -PAN -UAO)
[   53.110315] pc : tick_sched_handle.isra.5+0x34/0x68
[   53.116485] lr : tick_sched_timer+0x5c/0xb0
[   53.121953] sp : ffffff8008003dc0
[   53.126524] x29: ffffff8008003dc0 x28: 0000000000000003 
[   53.133099] x27: ffffff8008cac018 x26: 0000000000000080 
[   53.139666] x25: ffffff8008cac018 x24: ffffff8008cc86d8 
[   53.146235] x23: ffffff80081685d0 x22: 00000000000065ea 
[   53.152804] x21: 0000000c1f65b57a x20: 0000000c1f65b682 
[   53.159376] x19: ffffffc03ab7ac78 x18: ffffff8009909dd8 
[   53.165923] x17: 0000000000000000 x16: 0000000000000000 
[   53.172437] x15: 0000000000000a40 x14: 5f54504d45455250 
[   53.178909] x13: 2026202928746e75 x12: 6f635f74706d6565 
[   53.185338] x11: 7270282120262620 x10: 294b53414d5f5450 
[   53.191725] x9 : 4d45455250203c20 x8 : 6c617628284e4f5f 
[   53.198073] x7 : 4e5241575f534b43 x6 : ffffff8008dd6176 
[   53.204373] x5 : 0000000000000015 x4 : 0000004031ec6000 
[   53.210647] x3 : 0000000000010000 x2 : ffffff8008cc8000 
[   53.216874] x1 : 0000000c1f65b682 x0 : 0000000000000010 
[   53.223062] Call trace:
[   53.226338]  tick_sched_handle.isra.5+0x34/0x68
[   53.231707]  tick_sched_timer+0x5c/0xb0
[   53.236357]  __hrtimer_run_queues+0x118/0x380
[   53.241541]  hrtimer_interrupt+0xf8/0x258
[   53.246378]  arch_timer_handler_phys+0x3c/0x50
[   53.251664]  handle_percpu_devid_irq+0xa4/0x2a0
[   53.257051]  generic_handle_irq+0x34/0x50
[   53.261925]  __handle_domain_irq+0x8c/0x100
[   53.266984]  bcm2836_arm_irqchip_handle_irq+0x68/0xd8
[   53.272929]  el0_irq_naked+0x50/0x5c
[   53.277385] Code: d5384100 b9402c00 37080160 f9002e7f (f9400280) 
[   53.284411] ---[ end trace 89b29661e1d59760 ]---
[   53.289970] Kernel panic - not syncing: Fatal exception in interrupt
[   53.297314] SMP: stopping secondary CPUs
[   53.302216] Kernel Offset: disabled
[   53.306669] CPU features: 0x0,24002004
[   53.311377] Memory Limit: none
[   53.315378] ---[ end Kernel panic - not syncing: Fatal exception in interrupt ]---
