[    0.000000] Booting Linux on physical CPU 0x0000000000 [0x410fd034]
[    0.000000] Linux version 4.19.118-v8+ (dom@buildbot) (gcc version 5.4.0 20160609 (Ubuntu/Linaro 5.4.0-6ubuntu1~16.04.9)) #1311 SMP PREEMPT Mon Apr 27 14:32:38 BST 2020
[    0.000000] Machine model: Raspberry Pi 3 Model B Rev 1.2
[    0.000000] efi: Getting EFI parameters from FDT:
[    0.000000] efi: UEFI not found.
[    0.000000] cma: Reserved 8 MiB at 0x000000003ac00000
[    0.000000] random: get_random_bytes called from start_kernel+0xb8/0x47c with crng_init=0
[    0.000000] percpu: Embedded 24 pages/cpu s58840 r8192 d31272 u98304
[    0.000000] Detected VIPT I-cache on CPU0
[    0.000000] CPU features: enabling workaround for ARM erratum 843419
[    0.000000] CPU features: enabling workaround for ARM erratum 845719
[    0.000000] Built 1 zonelists, mobility grouping on.  Total pages: 238896
[    0.000000] Kernel command line: coherent_pool=1M 8250.nr_uarts=1 snd_bcm2835.enable_compat_alsa=0 snd_bcm2835.enable_hdmi=1 snd_bcm2835.enable_headphones=1 bcm2708_fb.fbwidth=6
56 bcm2708_fb.fbheight=416 bcm2708_fb.fbswap=1 vc_mem.mem_base=0x3ec00000 vc_mem.mem_size=0x40000000  dwc_otg.lpm_enable=0 console=ttyAMA0,115200 console=tty1 root=PARTUUID=4c99987
7-02 rootfstype=ext4 elevator=deadline fsck.repair=yes rootwait
[    0.000000] Dentry cache hash table entries: 131072 (order: 8, 1048576 bytes)
[    0.000000] Inode-cache hash table entries: 65536 (order: 7, 524288 bytes)
[    0.000000] Memory: 929096K/970752K available (8700K kernel code, 1074K rwdata, 2760K rodata, 1024K init, 1126K bss, 33464K reserved, 8192K cma-reserved)
[    0.000000] SLUB: HWalign=64, Order=0-3, MinObjects=0, CPUs=4, Nodes=1
[    0.000000] ftrace: allocating 30496 entries in 120 pages
[    0.000000] rcu: Preemptible hierarchical RCU implementation.
[    0.000000] rcu:     RCU restricting CPUs from NR_CPUS=64 to nr_cpu_ids=4.
[    0.000000]  Tasks RCU enabled.
[    0.000000] rcu: Adjusting geometry for rcu_fanout_leaf=16, nr_cpu_ids=4
[    0.000000] NR_IRQS: 64, nr_irqs: 64, preallocated irqs: 0
[    0.000000] arch_timer: cp15 timer(s) running at 19.20MHz (phys).
[    0.000000] clocksource: arch_sys_counter: mask: 0xffffffffffffff max_cycles: 0x46d987e47, max_idle_ns: 440795202767 ns
[    0.000007] sched_clock: 56 bits at 19MHz, resolution 52ns, wraps every 4398046511078ns
[    0.000268] Console: colour dummy device 80x25
[    0.000932] console [tty1] enabled
[    0.001002] Calibrating delay loop (skipped), value calculated using timer frequency.. 38.40 BogoMIPS (lpj=76800)
[    0.001055] pid_max: default: 32768 minimum: 301
[    0.001487] Mount-cache hash table entries: 2048 (order: 2, 16384 bytes)
[    0.001543] Mountpoint-cache hash table entries: 2048 (order: 2, 16384 bytes)
[    0.024105] ASID allocator initialised with 32768 entries
[    0.032102] rcu: Hierarchical SRCU implementation.
[    0.040734] EFI services will not be available.
[    0.048180] smp: Bringing up secondary CPUs ...
[    0.080447] Detected VIPT I-cache on CPU1
[    0.080516] CPU1: Booted secondary processor 0x0000000001 [0x410fd034]
[    0.112571] Detected VIPT I-cache on CPU2
[    0.112618] CPU2: Booted secondary processor 0x0000000002 [0x410fd034]
[    0.144736] Detected VIPT I-cache on CPU3
[    0.144782] CPU3: Booted secondary processor 0x0000000003 [0x410fd034]
[    0.144967] smp: Brought up 1 node, 4 CPUs
[    0.145120] SMP: Total of 4 processors activated.
[    0.145155] CPU features: detected: 32-bit EL0 Support
[    0.146127] CPU: All CPU(s) started at EL2
[    0.146202] alternatives: patching kernel code
[    0.147828] devtmpfs: initialized
[    0.164025] Enabled cp15_barrier support
[    0.164093] Enabled setend support
[    0.164638] clocksource: jiffies: mask: 0xffffffff max_cycles: 0xffffffff, max_idle_ns: 7645041785100000 ns
[    0.164700] futex hash table entries: 1024 (order: 4, 65536 bytes)
[    0.165457] pinctrl core: initialized pinctrl subsystem
[    0.166349] DMI not present or invalid.
[    0.166918] NET: Registered protocol family 16
[    0.173379] cpuidle: using governor menu
[    0.173989] hw-breakpoint: found 6 breakpoint and 4 watchpoint registers.
[    0.178541] DMA: preallocated 1024 KiB pool for atomic allocations
[    0.178721] Serial: AMBA PL011 UART driver
[    0.183326] bcm2835-mbox 3f00b880.mailbox: mailbox enabled
[    0.192941] raspberrypi-firmware soc:firmware: Attached to firmware from 2020-04-15 11:43, variant start
[    0.196960] raspberrypi-firmware soc:firmware: Firmware hash is 82f9bb929ce2186eb1824178c1ae82902ad6275c
[    0.245815] bcm2835-dma 3f007000.dma: DMA legacy API manager at (____ptrval____), dmachans=0x1
[    0.249127] vgaarb: loaded
[    0.249717] SCSI subsystem initialized
[    0.250015] usbcore: registered new interface driver usbfs
[    0.250120] usbcore: registered new interface driver hub
[    0.250282] usbcore: registered new device driver usb
[    0.250459] pps_core: LinuxPPS API ver. 1 registered
[    0.250493] pps_core: Software ver. 5.3.6 - Copyright 2005-2007 Rodolfo Giometti <giometti@linux.it>
[    0.250552] PTP clock support registered
[    0.252346] clocksource: Switched to clocksource arch_sys_counter
[    0.377499] VFS: Disk quotas dquot_6.6.0
[    0.377639] VFS: Dquot-cache hash table entries: 512 (order 0, 4096 bytes)
[    0.377873] FS-Cache: Loaded
[    0.378160] CacheFiles: Loaded
[    0.390318] NET: Registered protocol family 2
[    0.391281] tcp_listen_portaddr_hash hash table entries: 512 (order: 1, 8192 bytes)
[    0.391357] TCP established hash table entries: 8192 (order: 4, 65536 bytes)
[    0.391501] TCP bind hash table entries: 8192 (order: 5, 131072 bytes)
[    0.391720] TCP: Hash tables configured (established 8192 bind 8192)
[    0.391996] UDP hash table entries: 512 (order: 2, 16384 bytes)
[    0.392073] UDP-Lite hash table entries: 512 (order: 2, 16384 bytes)
[    0.392503] NET: Registered protocol family 1
[    0.393603] RPC: Registered named UNIX socket transport module.
[    0.393641] RPC: Registered udp transport module.
[    0.393671] RPC: Registered tcp transport module.
[    0.393702] RPC: Registered tcp NFSv4.1 backchannel transport module.
[    0.396494] hw perfevents: enabled with armv8_cortex_a53 PMU driver, 7 counters available
[    0.396710] kvm [1]: 8-bit VMID
[    0.397527] kvm [1]: Hyp mode initialized successfully
[    0.402396] Initialise system trusted keyrings
[    0.402757] workingset: timestamp_bits=46 max_order=18 bucket_order=0
[    0.415141] FS-Cache: Netfs 'nfs' registered for caching
[    0.416212] NFS: Registering the id_resolver key type
[    0.416287] Key type id_resolver registered
[    0.416317] Key type id_legacy registered
[    0.416459] nfs4filelayout_init: NFSv4 File Layout Driver Registering...
[    0.424473] Key type asymmetric registered
[    0.424524] Asymmetric key parser 'x509' registered
[    0.424629] Block layer SCSI generic (bsg) driver version 0.4 loaded (major 248)
[    0.424924] io scheduler noop registered
[    0.424958] io scheduler deadline registered (default)
[    0.425222] io scheduler cfq registered
[    0.425255] io scheduler mq-deadline registered (default)
[    0.425289] io scheduler kyber registered
[    0.431161] bcm2708_fb soc:fb: FB found 1 display(s)
[    0.440731] Console: switching to colour frame buffer device 82x26
[    0.445619] bcm2708_fb soc:fb: Registered framebuffer for display 0, size 656x416
[    0.453041] Serial: 8250/16550 driver, 1 ports, IRQ sharing enabled
[    0.457588] bcm2835-rng 3f104000.rng: hwrng registered
[    0.460583] vc-mem: phys_addr:0x00000000 mem_base=0x3ec00000 mem_size:0x40000000(1024 MiB)
[    0.466449] gpiomem-bcm2835 3f200000.gpiomem: Initialised: Registers at 0x3f200000
[    0.471975] cacheinfo: Unable to detect cache hierarchy for CPU 0
[    0.490179] brd: module loaded
[    0.508170] loop: module loaded
[    0.511916] Loading iSCSI transport class v2.0-870.
[    0.517285] libphy: Fixed MDIO Bus: probed
[    0.520215] usbcore: registered new interface driver r8152
[    0.522896] usbcore: registered new interface driver lan78xx
[    0.525516] usbcore: registered new interface driver smsc95xx
[    0.528396] dwc_otg: version 3.00a 10-AUG-2012 (platform bus)
[    0.559621] dwc_otg 3f980000.usb: base=(____ptrval____)
[    0.775194] Core Release: 2.80a
[    0.777705] Setting default values for core params
[    0.780207] Finished setting default values for core params
[    0.996346] Using Buffer DMA mode
[    0.998715] Periodic Transfer Interrupt Enhancement - disabled
[    1.001150] Multiprocessor Interrupt Enhancement - disabled
[    1.003552] OTG VER PARAM: 0, OTG VER FLAG: 0
[    1.005917] Dedicated Tx FIFOs mode
[    1.009043] WARN::dwc_otg_hcd_init:1074: FIQ DMA bounce buffers: virt = ffffff80090c1000 dma = 0x00000000fad04000 len=9024
[    1.013565] FIQ FSM acceleration enabled for :
[    1.013565] Non-periodic Split Transactions
[    1.013565] Periodic Split Transactions
[    1.013565] High-Speed Isochronous Endpoints
[    1.013565] Interrupt/Control Split Transaction hack enabled
[    1.024361] WARN::hcd_init_fiq:497: MPHI regs_base at ffffff8008065000
[    1.026638] dwc_otg 3f980000.usb: DWC OTG Controller
[    1.029019] dwc_otg 3f980000.usb: new USB bus registered, assigned bus number 1
[    1.031473] dwc_otg 3f980000.usb: irq 9, io mem 0x00000000
[    1.033905] Init: Port Power? op_state=1
[    1.036232] Init: Power Port (0)
[    1.038904] usb usb1: New USB device found, idVendor=1d6b, idProduct=0002, bcdDevice= 4.19
[    1.043652] usb usb1: New USB device strings: Mfr=3, Product=2, SerialNumber=1
[    1.046266] usb usb1: Product: DWC OTG Controller
[    1.048776] usb usb1: Manufacturer: Linux 4.19.118-v8+ dwc_otg_hcd
[    1.051274] usb usb1: SerialNumber: 3f980000.usb
[    1.054552] hub 1-0:1.0: USB hub found
[    1.057093] hub 1-0:1.0: 1 port detected
[    1.060701] usbcore: registered new interface driver uas
[    1.063114] usbcore: registered new interface driver usb-storage
[    1.065710] mousedev: PS/2 mouse device common for all mice
[    1.069573] bcm2835-wdt bcm2835-wdt: Broadcom BCM2835 watchdog timer
[    1.074152] sdhci: Secure Digital Host Controller Interface driver
[    1.076628] sdhci: Copyright(c) Pierre Ossman
[    1.079699] sdhost-bcm2835 3f202000.mmc: could not get clk, deferring probe
[    1.082454] sdhci-pltfm: SDHCI platform and OF driver helper
[    1.087103] ledtrig-cpu: registered to indicate activity on CPUs
[    1.089843] hidraw: raw HID events driver (C) Jiri Kosina
[    1.092556] usbcore: registered new interface driver usbhid
[    1.095015] usbhid: USB HID core driver
[    1.098733] vchiq: vchiq_init_state: slot_zero = (____ptrval____), is_master = 0
[    1.107566] Initializing XFRM netlink socket
[    1.110058] NET: Registered protocol family 17
[    1.112587] Key type dns_resolver registered
[    1.116368] registered taskstats version 1
[    1.118691] Loading compiled-in X.509 certificates
[    1.133047] uart-pl011 3f201000.serial: cts_event_workaround enabled
[    1.135644] 3f201000.serial: ttyAMA0 at MMIO 0x3f201000 (irq = 66, base_baud = 0) is a PL011 rev2
[    2.126314] console [ttyAMA0] enabled
[    2.134619] bcm2835-power bcm2835-power: Broadcom BCM2835 power domains driver
[    2.146563] sdhost: log_buf @ (____ptrval____) (fad07000)
[    2.203633] mmc0: sdhost-bcm2835 loaded - DMA enabled (>1)
[    2.215692] of_cfs_init
[    2.220840] of_cfs_init: OK
[    2.226921] Waiting for root device PARTUUID=4c999877-02...
[    2.248540] Indeed it is in host mode hprt0 = 00021501
[    2.310692] mmc0: host does not support reading read-only switch, assuming write-enable
[    2.341933] mmc0: new high speed SDHC card at address aaaa
[    2.352115] mmcblk0: mmc0:aaaa SC16G 14.8 GiB
[    2.362972] random: fast init done
[    2.369018]  mmcblk0: p1 p2
[    2.389570] EXT4-fs (mmcblk0p2): INFO: recovery required on readonly filesystem
[    2.399547] EXT4-fs (mmcblk0p2): write access will be enabled during recovery
[    2.468425] usb 1-1: new high-speed USB device number 2 using dwc_otg
[    2.478036] Indeed it is in host mode hprt0 = 00001101
[    2.533420] EXT4-fs (mmcblk0p2): recovery complete
[    2.545175] EXT4-fs (mmcblk0p2): mounted filesystem with ordered data mode. Opts: (null)
[    2.558350] VFS: Mounted root (ext4 filesystem) readonly on device 179:2.
[    2.579854] devtmpfs: mounted
[    2.592559] Freeing unused kernel memory: 1024K
[    2.599810] Run /sbin/init as init process
[    2.716924] usb 1-1: New USB device found, idVendor=0424, idProduct=9514, bcdDevice= 2.00
[    2.730548] usb 1-1: New USB device strings: Mfr=0, Product=0, SerialNumber=0
[    2.741523] hub 1-1:1.0: USB hub found
[    2.748285] hub 1-1:1.0: 5 ports detected
[    3.044441] usb 1-1.1: new high-speed USB device number 3 using dwc_otg
[    3.152993] usb 1-1.1: New USB device found, idVendor=0424, idProduct=ec00, bcdDevice= 2.00
[    3.166825] usb 1-1.1: New USB device strings: Mfr=0, Product=0, SerialNumber=0
[    3.180067] smsc95xx v1.0.6
[    3.254969] smsc95xx 1-1.1:1.0 eth0: register 'smsc95xx' at usb-3f980000.usb-1.1, smsc95xx USB 2.0 Ethernet, b8:27:eb:6d:27:bc
[    3.344912] systemd[1]: System time before build time, advancing clock.
[    3.531807] NET: Registered protocol family 10
[    3.541104] Segment Routing with IPv6
[    3.611104] systemd[1]: systemd 241 running in system mode. (+PAM +AUDIT +SELINUX +IMA +APPARMOR +SMACK +SYSVINIT +UTMP +LIBCRYPTSETUP +GCRYPT +GNUTLS +ACL +XZ +LZ4 +SECCOMP +BL
KID +ELFUTILS +KMOD -IDN2 +IDN -PCRE2 default-hierarchy=hybrid)
[    3.642583] systemd[1]: Detected architecture arm64.
[    3.672094] systemd[1]: Set hostname to <raspberrypi>.
[    3.721400] random: crng init done
[    3.898716] uart-pl011 3f201000.serial: no DMA platform data
[    4.713680] systemd[1]: Listening on initctl Compatibility Named Pipe.
[    4.728587] systemd[1]: Listening on fsck to fsckd communication Socket.
[    4.742056] systemd[1]: Reached target Swap.
[   40.468956] Unable to handle kernel paging request at virtual address ffffdfbf00df2d88
[   40.492359] Mem abort info:
[   40.496122]   ESR = 0x96000004
[   40.512938]   Exception class = DABT (current EL), IL = 32 bits
[   40.532369]   SET = 0, FnV = 0
[   40.536807]   EA = 0, S1PTW = 0
[   40.541147] Data abort info:
[   40.556353]   ISV = 0, ISS = 0x00000004
[   40.561384]   CM = 0, WnR = 0
[   40.576342] [ffffdfbf00df2d88] address between user and kernel address ranges
[   40.584747] Internal error: Oops: 96000004 [#1] PREEMPT SMP
[   40.591304] Modules linked in: cfg80211 rfkill 8021q garp stp llc binfmt_misc bcm2835_v4l2(C) bcm2835_codec(C) raspberrypi_hwmon v4l2_common hwmon v4l2_mem2mem videobuf2_vmalloc
 bcm2835_mmal_vchiq(C) videobuf2_dma_contig videobuf2_memops videobuf2_v4l2 videobuf2_common videodev media vc_sm_cma(C) uio_pdrv_genirq uio ip_tables x_tables ipv6
[   40.627149] Process uvbench.sh (pid: 906, stack limit = 0x00000000e0298188)
[   40.635407] CPU: 3 PID: 906 Comm: uvbench.sh Tainted: G         C        4.19.118-v8+ #1311
[   40.646366] Hardware name: Raspberry Pi 3 Model B Rev 1.2 (DT)
[   40.653528] pstate: 80000005 (Nzcv daif -PAN -UAO)
[   40.659615] pc : free_pages_and_swap_cache+0x54/0x100
[   40.665980] lr : free_pages_and_swap_cache+0x3c/0x100
[   40.672328] sp : ffffff800a9939e0
[   40.676908] x29: ffffff800a9939e0 x28: ffffffc036447100 
[   40.683489] x27: 0000000000000001 x26: 000000003269fc00 
[   40.690084] x25: ffffffc034200798 x24: ffffffc0326ca010 
[   40.696693] x23: 000000000000009b x22: ffffff8008cc8000 
[   40.703296] x21: 000000000000009b x20: 000000000000003d 
[   40.709889] x19: ffffdfbf00df2d80 x18: 0000000000000000 
[   40.716444] x17: 0000000000000005 x16: 0000000000000000 
[   40.722952] x15: 0000000000000000 x14: 0000000000000000 
[   40.729399] x13: 00000000000ffe00 x12: 00000000ffe01000 
[   40.735776] x11: 0000000000000000 x10: 0000000000000000 
[   40.742084] x9 : 0000004031f0e000 x8 : 0000000000000000 
[   40.748330] x7 : ffffff8008cc8688 x6 : ffffff8008cc8000 
[   40.754528] x5 : ffffff8008cc8e00 x4 : 0000004031f0e000 
[   40.760674] x3 : 0000000000000001 x2 : 0000000000000000 
[   40.766777] x1 : ffffffbf00df4948 x0 : 000000000001046c 
[   40.772841] Call trace:
[   40.775993]  free_pages_and_swap_cache+0x54/0x100
[   40.781417]  tlb_flush_mmu_free+0x60/0x80
[   40.786134]  tlb_flush_mmu+0x44/0x168
[   40.790503]  arch_tlb_finish_mmu+0x54/0x88                            19
[   40.795306]  tlb_finish_mmu+0x44/0x68
[   407.79673]  exit_mmap+0xf8/0x178
[   40.803682]  mmput+0x5c/0xe8
[   40.807240]  flush_old_exec+0x4cc/0x6e0
[   40.811766]  load_elf_binary+0x30c/0x12a0
[   40.816480]  search_binary_handler+0xa4/0x210
[   40.821553]  __do_execve_file.isra.12+0x4f4/0x6c0
[   40.826997]  __arm64_compat_sys_execve+0x48/0x58
[   40.832380]  el0_svc_common+0xf4/0x1c0
[   40.836906]  el0_svc_compat_handler+0x30/0x40
[   40.842053]  el0_svc_compat+0x8/0x18
[   40.846419] Code: 510006f5 d2800014 910006b5 f8747b13 (f9400661) 
[   40.853358] ---[ end trace 9150440458ee8715 ]---

Message from syslogd@raspberrypi at Jul 21 11:33:06 ...
 kernel:[   40.584747] Internal error: Oops: 96000004 [#1] PREEMPT SMP

Message from syslogd@raspberrypi at Jul 21 11:33:06 ...
 kernel:[   40.627149] Process uvbench.sh (pid: 906, stack limit = 0x00000000e0298188)

Message from syslogd@raspberrypi at Jul 21 11:33:06 ...
 kernel:[   40.846419] Code: 510006f5 d2800014 910006b5 f8747b13 (f9400661) 
pi@raspberrypi:~$ [   58.708336] Unable to handle kernel paging request at virtual address 0000000d86975aaa
[   58.718130] Mem abort info:
[   58.721834]   ESR = 0x96000005
[   58.725780]   Exception class = DABT (current EL), IL = 32 bits
[   58.732639]   SET = 0, FnV = 0
[   58.736631]   EA = 0, S1PTW = 0
[   58.740692] Data abort info:
[   58.744482]   ISV = 0, ISS = 0x00000005
[   58.749244]   CM = 0, WnR = 0
[   58.753131] [0000000d86975aaa] address between user and kernel address ranges
[   58.761277] Internal error: Oops: 96000005 [#2] PREEMPT SMP
[   58.767879] Modules linked in: cfg80211 rfkill 8021q garp stp llc binfmt_misc bcm2835_v4l2(C) bcm2835_codec(C) raspberrypi_hwmon v4l2_common hwmon v4l2_mem2mem videobuf2_vmalloc
 bcm2835_mmal_vchiq(C) videobuf2_dma_contig videobuf2_memops videobuf2_v4l2 videobuf2_common videodev media vc_sm_cma(C) uio_pdrv_genirq uio ip_tables x_tables ipv6
[   58.803797] Process test (pid: 914, stack limit = 0x00000000a2180f04)
[   58.811550] CPU: 0 PID: 914 Comm: test Tainted: G      D  C        4.19.118-v8+ #1311
[   58.821983] Hardware name: Raspberry Pi 3 Model B Rev 1.2 (DT)
[   58.829128] pstate: 80000085 (Nzcv daIf -PAN -UAO)
[   58.835204] pc : tick_sched_handle.isra.5+0x34/0x68
[   58.841375] lr : tick_sched_timer+0x5c/0xb0
[   58.846849] sp : ffffff8008003dc0
[   58.851426] x29: ffffff8008003dc0 x28: 0000000000000001 
[   58.858006] x27: ffffff8008cac018 x26: 0000000000000080 
[   58.864582] x25: ffffff8008cac018 x24: ffffff8008cc86d8 
[   58.871157] x23: ffffff80081685d0 x22: 000000000000718e 
[   58.877728] x21: 0000000d869759a2 x20: 0000000d86975aaa 
[   58.884307] x19: ffffffc03ab7ac78 x18: 0000000000000000 
[   58.890853] x17: 0000000000000000 x16: 0000000000000000 
[   58.897352] x15: 0000000000000000 x14: 0000000000000000 
[   58.903784] x13: 0000000000000000 x12: 0000000000000000 
[   58.910140] x11: 0000000000000000 x10: 0000000000000000 
[   58.916422] x9 : 0000000000000000 x8 : 0000000000000040 
[   58.922631] x7 : 0000000000000000 x6 : ffffffc03ab7ac78 
[   58.928783] x5 : 0000000000000000 x4 : 0000004031ec6000 
[   58.934889] x3 : 000000000000ffff x2 : ffffff8008cc8000 
[   58.940946] x1 : 0000000d86975aaa x0 : 0000000000000010 
[   58.946970] Call trace:
[   58.950078]  tick_sched_handle.isra.5+0x34/0x68
[   58.955282]  tick_sched_timer+0x5c/0xb0
[   58.959765]  __hrtimer_run_queues+0x118/0x380
[   58.964782]  hrtimer_interrupt+0xf8/0x258
[   58.969451]  arch_timer_handler_phys+0x3c/0x50
[   58.974567]  handle_percpu_devid_irq+0xa4/0x2a0
[   58.979789]  generic_handle_irq+0x34/0x50
[   58.984498]  __handle_domain_irq+0x8c/0x100
[   58.989390]  bcm2836_arm_irqchip_handle_irq+0x68/0xd8
[   58.995168]  el0_irq_naked+0x50/0x5c
[   58.999465] Code: d5384100 b9402c00 37080160 f9002e7f (f9400280) 
[   59.006346] ---[ end trace 9150440458ee8716 ]---
[   59.011778] Kernel panic - not syncing: Fatal exception in interrupt
[   59.019028] SMP: stopping secondary CPUs
[   59.023864] Kernel Offset: disabled
[   59.028282] CPU features: 0x0,24002004
[   59.032971] Memory Limit: none
[   59.036969] ---[ end Kernel panic - not syncing: Fatal exception in interrupt ]---
