[    0.000000] Booting Linux on physical CPU 0x0000000000 [0x410fd034]
[    0.000000] Linux version 4.19.118-v8+ (dom@buildbot) (gcc version 5.4.0 20160609 (Ubuntu/Linaro 5.4.0-6ubuntu1~16.04.9)) #1311 SMP PREEMPT Mon Apr 27 14:32:38 BST 2020
[    0.000000] Machine model: Raspberry Pi 3 Model B Rev 1.2
[    0.000000] efi: Getting EFI parameters from FDT:
[    0.000000] efi: UEFI not found.
[    0.000000] cma: Reserved 8 MiB at 0x000000003ac00000
[    0.000000] random: get_random_bytes called from start_kernel+0xb8/0x47c with crng_init=0
[    0.000000] percpu: Embedded 24 pages/cpu s58840 r8192 d31272 u98304
[    0.000000] Detected VIPT I-cache on CPU0
[    0.000000] CPU features: enabling workaround for ARM erratum 843419
[    0.000000] CPU features: enabling workaround for ARM erratum 845719
[    0.000000] Built 1 zonelists, mobility grouping on.  Total pages: 238896
[    0.000000] Kernel command line: coherent_pool=1M 8250.nr_uarts=1 snd_bcm2835.enable_compat_alsa=0 snd_bcm2835.enable_hdmi=1 snd_bcm2835.enable_headphones=1 bcm2708_fb.fbwidth=6
56 bcm2708_fb.fbheight=416 bcm2708_fb.fbswap=1 vc_mem.mem_base=0x3ec00000 vc_mem.mem_size=0x40000000  dwc_otg.lpm_enable=0 console=ttyAMA0,115200 console=tty1 root=PARTUUID=4c99987
7-02 rootfstype=ext4 elevator=deadline fsck.repair=yes rootwait
[    0.000000] Dentry cache hash table entries: 131072 (order: 8, 1048576 bytes)
[    0.000000] Inode-cache hash table entries: 65536 (order: 7, 524288 bytes)
[    0.000000] Memory: 929096K/970752K available (8700K kernel code, 1074K rwdata, 2760K rodata, 1024K init, 1126K bss, 33464K reserved, 8192K cma-reserved)
[    0.000000] SLUB: HWalign=64, Order=0-3, MinObjects=0, CPUs=4, Nodes=1
[    0.000000] ftrace: allocating 30496 entries in 120 pages
[    0.000000] rcu: Preemptible hierarchical RCU implementation.
[    0.000000] rcu:     RCU restricting CPUs from NR_CPUS=64 to nr_cpu_ids=4.
[    0.000000]  Tasks RCU enabled.
[    0.000000] rcu: Adjusting geometry for rcu_fanout_leaf=16, nr_cpu_ids=4
[    0.000000] NR_IRQS: 64, nr_irqs: 64, preallocated irqs: 0
[    0.000000] arch_timer: cp15 timer(s) running at 19.20MHz (phys).
[    0.000000] clocksource: arch_sys_counter: mask: 0xffffffffffffff max_cycles: 0x46d987e47, max_idle_ns: 440795202767 ns
[    0.000007] sched_clock: 56 bits at 19MHz, resolution 52ns, wraps every 4398046511078ns
[    0.000270] Console: colour dummy device 80x25
[    0.000935] console [tty1] enabled
[    0.001004] Calibrating delay loop (skipped), value calculated using timer frequency.. 38.40 BogoMIPS (lpj=76800)
[    0.001057] pid_max: default: 32768 minimum: 301
[    0.001485] Mount-cache hash table entries: 2048 (order: 2, 16384 bytes)
[    0.001541] Mountpoint-cache hash table entries: 2048 (order: 2, 16384 bytes)
[    0.024103] ASID allocator initialised with 32768 entries
[    0.032100] rcu: Hierarchical SRCU implementation.
[    0.040736] EFI services will not be available.
[    0.048178] smp: Bringing up secondary CPUs ...
[    0.080444] Detected VIPT I-cache on CPU1
[    0.080513] CPU1: Booted secondary processor 0x0000000001 [0x410fd034]
[    0.112572] Detected VIPT I-cache on CPU2
[    0.112621] CPU2: Booted secondary processor 0x0000000002 [0x410fd034]
[    0.144738] Detected VIPT I-cache on CPU3
[    0.144784] CPU3: Booted secondary processor 0x0000000003 [0x410fd034]
[    0.144968] smp: Brought up 1 node, 4 CPUs
[    0.145122] SMP: Total of 4 processors activated.
[    0.145156] CPU features: detected: 32-bit EL0 Support
[    0.146128] CPU: All CPU(s) started at EL2
[    0.146203] alternatives: patching kernel code
[    0.147824] devtmpfs: initialized
[    0.164029] Enabled cp15_barrier support
[    0.164096] Enabled setend support
[    0.164641] clocksource: jiffies: mask: 0xffffffff max_cycles: 0xffffffff, max_idle_ns: 7645041785100000 ns
[    0.164702] futex hash table entries: 1024 (order: 4, 65536 bytes)
[    0.165455] pinctrl core: initialized pinctrl subsystem
[    0.166349] DMI not present or invalid.
[    0.166919] NET: Registered protocol family 16
[    0.173387] cpuidle: using governor menu
[    0.174000] hw-breakpoint: found 6 breakpoint and 4 watchpoint registers.
[    0.178603] DMA: preallocated 1024 KiB pool for atomic allocations
[    0.178783] Serial: AMBA PL011 UART driver
[    0.183381] bcm2835-mbox 3f00b880.mailbox: mailbox enabled
[    0.192943] raspberrypi-firmware soc:firmware: Attached to firmware from 2020-04-15 11:43, variant start
[    0.196962] raspberrypi-firmware soc:firmware: Firmware hash is 82f9bb929ce2186eb1824178c1ae82902ad6275c
[    0.249902] bcm2835-dma 3f007000.dma: DMA legacy API manager at (____ptrval____), dmachans=0x1
[    0.253242] vgaarb: loaded
[    0.253746] SCSI subsystem initialized
[    0.254043] usbcore: registered new interface driver usbfs
[    0.254148] usbcore: registered new interface driver hub
[    0.254312] usbcore: registered new device driver usb
[    0.254490] pps_core: LinuxPPS API ver. 1 registered
[    0.254524] pps_core: Software ver. 5.3.6 - Copyright 2005-2007 Rodolfo Giometti <giometti@linux.it>
[    0.254584] PTP clock support registered
[    0.256421] clocksource: Switched to clocksource arch_sys_counter
[    0.381543] VFS: Disk quotas dquot_6.6.0
[    0.381685] VFS: Dquot-cache hash table entries: 512 (order 0, 4096 bytes)
[    0.381967] FS-Cache: Loaded
[    0.382244] CacheFiles: Loaded
[    0.394368] NET: Registered protocol family 2
[    0.395330] tcp_listen_portaddr_hash hash table entries: 512 (order: 1, 8192 bytes)
[    0.395406] TCP established hash table entries: 8192 (order: 4, 65536 bytes)
[    0.395550] TCP bind hash table entries: 8192 (order: 5, 131072 bytes)
[    0.395768] TCP: Hash tables configured (established 8192 bind 8192)
[    0.396053] UDP hash table entries: 512 (order: 2, 16384 bytes)
[    0.396130] UDP-Lite hash table entries: 512 (order: 2, 16384 bytes)
[    0.396562] NET: Registered protocol family 1
[    0.397538] RPC: Registered named UNIX socket transport module.
[    0.397575] RPC: Registered udp transport module.
[    0.397606] RPC: Registered tcp transport module.
[    0.397636] RPC: Registered tcp NFSv4.1 backchannel transport module.
[    0.400236] hw perfevents: enabled with armv8_cortex_a53 PMU driver, 7 counters available
[    0.400511] kvm [1]: 8-bit VMID
[    0.401354] kvm [1]: Hyp mode initialized successfully
[    0.406264] Initialise system trusted keyrings
[    0.406606] workingset: timestamp_bits=46 max_order=18 bucket_order=0
[    0.418945] FS-Cache: Netfs 'nfs' registered for caching
[    0.420009] NFS: Registering the id_resolver key type
[    0.420068] Key type id_resolver registered
[    0.420099] Key type id_legacy registered
[    0.420141] nfs4filelayout_init: NFSv4 File Layout Driver Registering...
[    0.427878] Key type asymmetric registered
[    0.427927] Asymmetric key parser 'x509' registered
[    0.428026] Block layer SCSI generic (bsg) driver version 0.4 loaded (major 248)
[    0.428321] io scheduler noop registered
[    0.428358] io scheduler deadline registered (default)
[    0.428727] io scheduler cfq registered
[    0.428762] io scheduler mq-deadline registered (default)
[    0.428796] io scheduler kyber registered
[    0.434710] bcm2708_fb soc:fb: FB found 1 display(s)
[    0.444208] Console: switching to colour frame buffer device 82x26
[    0.449097] bcm2708_fb soc:fb: Registered framebuffer for display 0, size 656x416
[    0.456511] Serial: 8250/16550 driver, 1 ports, IRQ sharing enabled
[    0.461078] bcm2835-rng 3f104000.rng: hwrng registered
[    0.464022] vc-mem: phys_addr:0x00000000 mem_base=0x3ec00000 mem_size:0x40000000(1024 MiB)
[    0.469862] gpiomem-bcm2835 3f200000.gpiomem: Initialised: Registers at 0x3f200000
[    0.475399] cacheinfo: Unable to detect cache hierarchy for CPU 0
[    0.493678] brd: module loaded
[    0.511819] loop: module loaded
[    0.515548] Loading iSCSI transport class v2.0-870.
[    0.520873] libphy: Fixed MDIO Bus: probed
[    0.523799] usbcore: registered new interface driver r8152
[    0.526458] usbcore: registered new interface driver lan78xx
[    0.529067] usbcore: registered new interface driver smsc95xx
[    0.531931] dwc_otg: version 3.00a 10-AUG-2012 (platform bus)
[    0.562456] dwc_otg 3f980000.usb: base=(____ptrval____)
[    0.778204] Core Release: 2.80a
[    0.780728] Setting default values for core params
[    0.783248] Finished setting default values for core params
[    0.999374] Using Buffer DMA mode
[    1.001783] Periodic Transfer Interrupt Enhancement - disabled
[    1.004211] Multiprocessor Interrupt Enhancement - disabled
[    1.006647] OTG VER PARAM: 0, OTG VER FLAG: 0
[    1.009016] Dedicated Tx FIFOs mode
[    1.012088] WARN::dwc_otg_hcd_init:1074: FIQ DMA bounce buffers: virt = ffffff80090c1000 dma = 0x00000000fad04000 len=9024
[    1.016631] FIQ FSM acceleration enabled for :
[    1.016631] Non-periodic Split Transactions
[    1.016631] Periodic Split Transactions
[    1.016631] High-Speed Isochronous Endpoints
[    1.016631] Interrupt/Control Split Transaction hack enabled
[    1.027568] WARN::hcd_init_fiq:497: MPHI regs_base at ffffff8008065000
[    1.029882] dwc_otg 3f980000.usb: DWC OTG Controller
[    1.032203] dwc_otg 3f980000.usb: new USB bus registered, assigned bus number 1
[    1.034698] dwc_otg 3f980000.usb: irq 9, io mem 0x00000000
[    1.037136] Init: Port Power? op_state=1
[    1.039469] Init: Power Port (0)
[    1.042143] usb usb1: New USB device found, idVendor=1d6b, idProduct=0002, bcdDevice= 4.19
[    1.046908] usb usb1: New USB device strings: Mfr=3, Product=2, SerialNumber=1
[    1.049530] usb usb1: Product: DWC OTG Controller
[    1.052014] usb usb1: Manufacturer: Linux 4.19.118-v8+ dwc_otg_hcd
[    1.054552] usb usb1: SerialNumber: 3f980000.usb
[    1.057857] hub 1-0:1.0: USB hub found
[    1.060360] hub 1-0:1.0: 1 port detected
[    1.063990] usbcore: registered new interface driver uas
[    1.066455] usbcore: registered new interface driver usb-storage
[    1.069025] mousedev: PS/2 mouse device common for all mice
[    1.072903] bcm2835-wdt bcm2835-wdt: Broadcom BCM2835 watchdog timer
[    1.077485] sdhci: Secure Digital Host Controller Interface driver
[    1.079922] sdhci: Copyright(c) Pierre Ossman
[    1.083051] sdhost-bcm2835 3f202000.mmc: could not get clk, deferring probe
[    1.085810] sdhci-pltfm: SDHCI platform and OF driver helper
[    1.090473] ledtrig-cpu: registered to indicate activity on CPUs
[    1.093242] hidraw: raw HID events driver (C) Jiri Kosina
[    1.095915] usbcore: registered new interface driver usbhid
[    1.098424] usbhid: USB HID core driver
[    1.102151] vchiq: vchiq_init_state: slot_zero = (____ptrval____), is_master = 0
[    1.110933] Initializing XFRM netlink socket
[    1.113431] NET: Registered protocol family 17
[    1.115956] Key type dns_resolver registered
[    1.119725] registered taskstats version 1
[    1.122081] Loading compiled-in X.509 certificates
[    1.136384] uart-pl011 3f201000.serial: cts_event_workaround enabled
[    1.139039] 3f201000.serial: ttyAMA0 at MMIO 0x3f201000 (irq = 66, base_baud = 0) is a PL011 rev2
[    2.129760] console [ttyAMA0] enabled
[    2.138035] bcm2835-power bcm2835-power: Broadcom BCM2835 power domains driver
[    2.149778] sdhost: log_buf @ (____ptrval____) (fad07000)
[    2.207257] mmc0: sdhost-bcm2835 loaded - DMA enabled (>1)
[    2.219174] of_cfs_init
[    2.224330] of_cfs_init: OK
[    2.230561] Waiting for root device PARTUUID=4c999877-02...
[    2.252749] Indeed it is in host mode hprt0 = 00021501
[    2.314766] mmc0: host does not support reading read-only switch, assuming write-enable
[    2.345968] mmc0: new high speed SDHC card at address aaaa
[    2.356116] mmcblk0: mmc0:aaaa SC16G 14.8 GiB
[    2.359919] random: fast init done
[    2.374742]  mmcblk0: p1 p2
[    2.409763] EXT4-fs (mmcblk0p2): INFO: recovery required on readonly filesystem
[    2.419745] EXT4-fs (mmcblk0p2): write access will be enabled during recovery
[    2.468512] usb 1-1: new high-speed USB device number 2 using dwc_otg
[    2.477870] Indeed it is in host mode hprt0 = 00001101
[    2.540149] EXT4-fs (mmcblk0p2): recovery complete
[    2.552010] EXT4-fs (mmcblk0p2): mounted filesystem with ordered data mode. Opts: (null)
[    2.565158] VFS: Mounted root (ext4 filesystem) readonly on device 179:2.
[    2.586689] devtmpfs: mounted
[    2.599363] Freeing unused kernel memory: 1024K
[    2.606636] Run /sbin/init as init process
[    2.697024] usb 1-1: New USB device found, idVendor=0424, idProduct=9514, bcdDevice= 2.00
[    2.710579] usb 1-1: New USB device strings: Mfr=0, Product=0, SerialNumber=0
[    2.721538] hub 1-1:1.0: USB hub found
[    2.728265] hub 1-1:1.0: 5 ports detected
[    3.024504] usb 1-1.1: new high-speed USB device number 3 using dwc_otg
[    3.133035] usb 1-1.1: New USB device found, idVendor=0424, idProduct=ec00, bcdDevice= 2.00
[    3.146815] usb 1-1.1: New USB device strings: Mfr=0, Product=0, SerialNumber=0
[    3.160183] smsc95xx v1.0.6
[    3.234977] smsc95xx 1-1.1:1.0 eth0: register 'smsc95xx' at usb-3f980000.usb-1.1, smsc95xx USB 2.0 Ethernet, b8:27:eb:6d:27:bc
[    3.365875] systemd[1]: System time before build time, advancing clock.
[    3.554913] NET: Registered protocol family 10
[    3.564140] Segment Routing with IPv6
[    3.633969] systemd[1]: systemd 241 running in system mode. (+PAM +AUDIT +SELINUX +IMA +APPARMOR +SMACK +SYSVINIT +UTMP +LIBCRYPTSETUP +GCRYPT +GNUTLS +ACL +XZ +LZ4 +SECCOMP +BL
KID +ELFUTILS +KMOD -IDN2 +IDN -PCRE2 default-hierarchy=hybrid)
[    3.665816] systemd[1]: Detected architecture arm64.
[    3.695445] systemd[1]: Set hostname to <raspberrypi>.
[    3.739461] random: crng init done
[    3.913985] uart-pl011 3f201000.serial: no DMA platform data
[    4.710887] systemd[1]: Created slice system-serial\x2dgetty.slice.
[    4.725614] systemd[1]: Listening on udev Control Socket.
[    4.739730] systemd[1]: Created slice User and Session Slice.
[   42.616430] Unable to handle kernel paging request at virtual address ffffff8008004078
[   42.626070] Mem abort info:
[   42.629703]   ESR = 0x96000007
[   42.633611]   Exception class = DABT (current EL), IL = 32 bits
[   42.640430]   SET = 0, FnV = 0
[   42.644380]   EA = 0, S1PTW = 0
[   42.648406] Data abort info:
[   42.652166]   ISV = 0, ISS = 0x00000007
[   42.656874]   CM = 0, WnR = 0
[   42.660693] swapper pgtable: 4k pages, 39-bit VAs, pgdp = 00000000c65be74c
[   42.668503] [ffffff8008004078] pgd=000000003abfe003, pud=000000003abfe003, pmd=000000003abfd003, pte=0000000000000000
[   42.681098] Internal error: Oops: 96000007 [#1] PREEMPT SMP
[   42.687732] Modules linked in: cfg80211 rfkill 8021q garp stp llc binfmt_misc bcm2835_codec(C) bcm2835_v4l2(C) v4l2_mem2mem v4l2_common videobuf2_vmalloc bcm2835_mmal_vchiq(C) v
ideobuf2_dma_contig videobuf2_memops raspberrypi_hwmon videobuf2_v4l2 hwmon videobuf2_common videodev media vc_sm_cma(C) uio_pdrv_genirq uio ip_tables x_tables ipv6
[   42.723870] Process vcgencmd (pid: 936, stack limit = 0x000000000f06a8b7)
[   42.732007] CPU: 0 PID: 936 Comm: vcgencmd Tainted: G         C        4.19.118-v8+ #1311
[   42.742785] Hardware name: Raspberry Pi 3 Model B Rev 1.2 (DT)
[   42.749963] pstate: 80000085 (Nzcv daIf -PAN -UAO)
[   42.756128] pc : tick_sched_handle.isra.5+0x34/0x68
[   42.762366] lr : tick_sched_timer+0x5c/0xb0
[   42.767875] sp : ffffff8008003d40
[   42.772516] x29: ffffff8008003d40 x28: 0000000000000003 
[   42.779193] x27: ffffff8008cac018 x26: 0000000000000080 
[   42.785854] x25: ffffff8008cac018 x24: ffffff8008cc86d8 
[   42.792502] x23: ffffff80081685d0 x22: ffffffc03ab7a780 
[   42.799113] x21: ffffff8008003f70 x20: ffffff8008004078 
[   42.805684] x19: ffffffc03ab7ac78 x18: 0000000000000000 
[   42.812207] x17: 0000000000000000 x16: 0000000000000000 
[   42.818692] x15: 0000000000000000 x14: 0000000000000008 
[   42.825111] x13: 0000000000000000 x12: 003d090000000000 
[   42.831464] x11: 00003d08ffff9c00 x10: 0000000000006400 
[   42.837757] x9 : 00003d08ffff9c00 x8 : 0000000000012c00 
[   42.843978] x7 : 000000000000002a x6 : ffffff8008df9a10 
[   42.850155] x5 : 0000000000000000 x4 : 0000000000000000 
[   42.856282] x3 : 0000000000000000 x2 : 0000004031ec6000 
[   42.862350] x1 : ffffff8008004078 x0 : 0000000000000010 
[   42.868383] Call trace:
[   42.871500]  tick_sched_handle.isra.5+0x34/0x68
[   42.876712]  tick_sched_timer+0x5c/0xb0
[   42.881207]  __hrtimer_run_queues+0x118/0x380
[   42.886236]  hrtimer_interrupt+0xf8/0x258
[   42.890915]  arch_timer_handler_phys+0x3c/0x50
[   42.896046]  handle_percpu_devid_irq+0xa4/0x2a0
[   42.901278]  generic_handle_irq+0x34/0x50
[   42.905997]  __handle_domain_irq+0x8c/0x100
[   42.910904]  bcm2836_arm_irqchip_handle_irq+0x68/0xd8
[   42.916711]  el1_irq+0xb4/0x130
[   42.920596]  __handle_domain_irq+0x4c/0x100
[   42.925545]  bcm2836_arm_irqchip_handle_irq+0x68/0xd8
[   42.931413]  el1_irq+0xb4/0x130
[   42.935381]  vma_interval_tree_insert+0x74/0xc0
[   42.940765]  __vma_adjust+0x23c/0x5b8
[   42.945298]  __split_vma+0x15c/0x170
[   42.949735]  do_munmap+0xe0/0x368
[   42.953911]  vm_munmap+0x6c/0xb8
[   42.957999]  elf_map.isra.6+0x10c/0x150
[   42.962703]  load_elf_binary+0xf0c/0x12a0
[   42.967570]  search_binary_handler+0xa4/0x210
[   42.972786]  __do_execve_file.isra.12+0x4f4/0x6c0
[   42.978366]  __arm64_compat_sys_execve+0x48/0x58
[   42.983857]  el0_svc_common+0xf4/0x1c0
[   42.988468]  el0_svc_compat_handler+0x30/0x40
[   42.993677]  el0_svc_compat+0x8/0x18
[   42.998091] Code: d5384100 b9402c00 37080160 f9002e7f (f9400280) 
[   43.005073] ---[ end trace 07cd897ff2f73290 ]---
[   43.010580] Kernel panic - not syncing: Fatal exception in interrupt
[   43.017869] SMP: stopping secondary CPUs
[   43.022711] Kernel Offset: disabled
[   43.027106] CPU features: 0x0,24002004
[   43.031747] Memory Limit: none
[   43.035678] ---[ end Kernel panic - not syncing: Fatal exception in interrupt ]---
