[    0.000000] Booting Linux on physical CPU 0x0000000000 [0x410fd034]
[    0.000000] Linux version 4.19.118-v8+ (dom@buildbot) (gcc version 5.4.0 20160609 (Ubuntu/Linaro 5.4.0-6ubuntu1~16.04.9)) #1311 SMP PREEMPT Mon Apr 27 14:32:38 BST 2020
[    0.000000] Machine model: Raspberry Pi 3 Model B Rev 1.2
[    0.000000] efi: Getting EFI parameters from FDT:
[    0.000000] efi: UEFI not found.
[    0.000000] cma: Reserved 8 MiB at 0x000000003ac00000
[    0.000000] random: get_random_bytes called from start_kernel+0xb8/0x47c with crng_init=0
[    0.000000] percpu: Embedded 24 pages/cpu s58840 r8192 d31272 u98304
[    0.000000] Detected VIPT I-cache on CPU0
[    0.000000] CPU features: enabling workaround for ARM erratum 843419
[    0.000000] CPU features: enabling workaround for ARM erratum 845719
[    0.000000] Built 1 zonelists, mobility grouping on.  Total pages: 238896
[    0.000000] Kernel command line: coherent_pool=1M 8250.nr_uarts=1 snd_bcm2835.enable_compat_alsa=0 snd_bcm2835.enable_hdmi=1 snd_bcm2835.enable_headphones=1 bcm2708_fb.fbwidth=6
56 bcm2708_fb.fbheight=416 bcm2708_fb.fbswap=1 vc_mem.mem_base=0x3ec00000 vc_mem.mem_size=0x40000000  dwc_otg.lpm_enable=0 console=ttyAMA0,115200 console=tty1 root=PARTUUID=4c99987
7-02 rootfstype=ext4 elevator=deadline fsck.repair=yes rootwait
[    0.000000] Dentry cache hash table entries: 131072 (order: 8, 1048576 bytes)
[    0.000000] Inode-cache hash table entries: 65536 (order: 7, 524288 bytes)
[    0.000000] Memory: 929096K/970752K available (8700K kernel code, 1074K rwdata, 2760K rodata, 1024K init, 1126K bss, 33464K reserved, 8192K cma-reserved)
[    0.000000] SLUB: HWalign=64, Order=0-3, MinObjects=0, CPUs=4, Nodes=1
[    0.000000] ftrace: allocating 30496 entries in 120 pages
[    0.000000] rcu: Preemptible hierarchical RCU implementation.
[    0.000000] rcu:     RCU restricting CPUs from NR_CPUS=64 to nr_cpu_ids=4.
[    0.000000]  Tasks RCU enabled.
[    0.000000] rcu: Adjusting geometry for rcu_fanout_leaf=16, nr_cpu_ids=4
[    0.000000] NR_IRQS: 64, nr_irqs: 64, preallocated irqs: 0
[    0.000000] arch_timer: cp15 timer(s) running at 19.20MHz (phys).
[    0.000000] clocksource: arch_sys_counter: mask: 0xffffffffffffff max_cycles: 0x46d987e47, max_idle_ns: 440795202767 ns
[    0.000008] sched_clock: 56 bits at 19MHz, resolution 52ns, wraps every 4398046511078ns
[    0.000271] Console: colour dummy device 80x25
[    0.000935] console [tty1] enabled
[    0.001005] Calibrating delay loop (skipped), value calculated using timer frequency.. 38.40 BogoMIPS (lpj=76800)
[    0.001058] pid_max: default: 32768 minimum: 301
[    0.001487] Mount-cache hash table entries: 2048 (order: 2, 16384 bytes)
[    0.001544] Mountpoint-cache hash table entries: 2048 (order: 2, 16384 bytes)
[    0.024104] ASID allocator initialised with 32768 entries
[    0.032101] rcu: Hierarchical SRCU implementation.
[    0.040739] EFI services will not be available.
[    0.048179] smp: Bringing up secondary CPUs ...
[    0.080446] Detected VIPT I-cache on CPU1
[    0.080514] CPU1: Booted secondary processor 0x0000000001 [0x410fd034]
[    0.112571] Detected VIPT I-cache on CPU2
[    0.112618] CPU2: Booted secondary processor 0x0000000002 [0x410fd034]
[    0.144738] Detected VIPT I-cache on CPU3
[    0.144783] CPU3: Booted secondary processor 0x0000000003 [0x410fd034]
[    0.144968] smp: Brought up 1 node, 4 CPUs
[    0.145123] SMP: Total of 4 processors activated.
[    0.145157] CPU features: detected: 32-bit EL0 Support
[    0.146130] CPU: All CPU(s) started at EL2
[    0.146205] alternatives: patching kernel code
[    0.147829] devtmpfs: initialized
[    0.164025] Enabled cp15_barrier support
[    0.164092] Enabled setend support
[    0.164637] clocksource: jiffies: mask: 0xffffffff max_cycles: 0xffffffff, max_idle_ns: 7645041785100000 ns
[    0.164698] futex hash table entries: 1024 (order: 4, 65536 bytes)
[    0.165459] pinctrl core: initialized pinctrl subsystem
[    0.166352] DMI not present or invalid.
[    0.166923] NET: Registered protocol family 16
[    0.173383] cpuidle: using governor menu
[    0.173993] hw-breakpoint: found 6 breakpoint and 4 watchpoint registers.
[    0.178605] DMA: preallocated 1024 KiB pool for atomic allocations
[    0.178783] Serial: AMBA PL011 UART driver
[    0.183365] bcm2835-mbox 3f00b880.mailbox: mailbox enabled
[    0.192941] raspberrypi-firmware soc:firmware: Attached to firmware from 2020-04-15 11:43, variant start
[    0.196959] raspberrypi-firmware soc:firmware: Firmware hash is 82f9bb929ce2186eb1824178c1ae82902ad6275c
[    0.245813] bcm2835-dma 3f007000.dma: DMA legacy API manager at (____ptrval____), dmachans=0x1
[    0.249124] vgaarb: loaded
[    0.249712] SCSI subsystem initialized
[    0.250008] usbcore: registered new interface driver usbfs
[    0.250112] usbcore: registered new interface driver hub
[    0.250274] usbcore: registered new device driver usb
[    0.250453] pps_core: LinuxPPS API ver. 1 registered
[    0.250486] pps_core: Software ver. 5.3.6 - Copyright 2005-2007 Rodolfo Giometti <giometti@linux.it>
[    0.250547] PTP clock support registered
[    0.252360] clocksource: Switched to clocksource arch_sys_counter
[    0.377496] VFS: Disk quotas dquot_6.6.0
[    0.377637] VFS: Dquot-cache hash table entries: 512 (order 0, 4096 bytes)
[    0.377920] FS-Cache: Loaded
[    0.378203] CacheFiles: Loaded
[    0.390344] NET: Registered protocol family 2
[    0.391309] tcp_listen_portaddr_hash hash table entries: 512 (order: 1, 8192 bytes)
[    0.391385] TCP established hash table entries: 8192 (order: 4, 65536 bytes)
[    0.391528] TCP bind hash table entries: 8192 (order: 5, 131072 bytes)
[    0.391747] TCP: Hash tables configured (established 8192 bind 8192)
[    0.392030] UDP hash table entries: 512 (order: 2, 16384 bytes)
[    0.392108] UDP-Lite hash table entries: 512 (order: 2, 16384 bytes)
[    0.392537] NET: Registered protocol family 1
[    0.393546] RPC: Registered named UNIX socket transport module.
[    0.393583] RPC: Registered udp transport module.
[    0.393614] RPC: Registered tcp transport module.
[    0.393644] RPC: Registered tcp NFSv4.1 backchannel transport module.
[    0.396246] hw perfevents: enabled with armv8_cortex_a53 PMU driver, 7 counters available
[    0.396519] kvm [1]: 8-bit VMID
[    0.397363] kvm [1]: Hyp mode initialized successfully
[    0.402285] Initialise system trusted keyrings
[    0.402646] workingset: timestamp_bits=46 max_order=18 bucket_order=0
[    0.414976] FS-Cache: Netfs 'nfs' registered for caching
[    0.416038] NFS: Registering the id_resolver key type
[    0.416098] Key type id_resolver registered
[    0.416129] Key type id_legacy registered
[    0.416171] nfs4filelayout_init: NFSv4 File Layout Driver Registering...
[    0.423892] Key type asymmetric registered
[    0.423941] Asymmetric key parser 'x509' registered
[    0.424041] Block layer SCSI generic (bsg) driver version 0.4 loaded (major 248)
[    0.424388] io scheduler noop registered
[    0.424424] io scheduler deadline registered (default)
[    0.424717] io scheduler cfq registered
[    0.424751] io scheduler mq-deadline registered (default)
[    0.424784] io scheduler kyber registered
[    0.431214] bcm2708_fb soc:fb: FB found 1 display(s)
[    0.440751] Console: switching to colour frame buffer device 82x26
[    0.445618] bcm2708_fb soc:fb: Registered framebuffer for display 0, size 656x416
[    0.453037] Serial: 8250/16550 driver, 1 ports, IRQ sharing enabled
[    0.457568] bcm2835-rng 3f104000.rng: hwrng registered
[    0.460554] vc-mem: phys_addr:0x00000000 mem_base=0x3ec00000 mem_size:0x40000000(1024 MiB)
[    0.466396] gpiomem-bcm2835 3f200000.gpiomem: Initialised: Registers at 0x3f200000
[    0.471913] cacheinfo: Unable to detect cache hierarchy for CPU 0
[    0.490178] brd: module loaded
[    0.508448] loop: module loaded
[    0.512128] Loading iSCSI transport class v2.0-870.
[    0.517510] libphy: Fixed MDIO Bus: probed
[    0.520484] usbcore: registered new interface driver r8152
[    0.523104] usbcore: registered new interface driver lan78xx
[    0.525713] usbcore: registered new interface driver smsc95xx
[    0.528604] dwc_otg: version 3.00a 10-AUG-2012 (platform bus)
[    0.559691] dwc_otg 3f980000.usb: base=(____ptrval____)
[    0.775242] Core Release: 2.80a
[    0.777761] Setting default values for core params
[    0.780270] Finished setting default values for core params
[    0.995769] Using Buffer DMA mode
[    0.998173] Periodic Transfer Interrupt Enhancement - disabled
[    1.000616] Multiprocessor Interrupt Enhancement - disabled
[    1.003024] OTG VER PARAM: 0, OTG VER FLAG: 0
[    1.005385] Dedicated Tx FIFOs mode
[    1.008633] WARN::dwc_otg_hcd_init:1074: FIQ DMA bounce buffers: virt = ffffff80090c1000 dma = 0x00000000fad04000 len=9024
[    1.013156] FIQ FSM acceleration enabled for :
[    1.013156] Non-periodic Split Transactions
[    1.013156] Periodic Split Transactions
[    1.013156] High-Speed Isochronous Endpoints
[    1.013156] Interrupt/Control Split Transaction hack enabled
[    1.023937] WARN::hcd_init_fiq:497: MPHI regs_base at ffffff8008065000
[    1.026245] dwc_otg 3f980000.usb: DWC OTG Controller
[    1.028609] dwc_otg 3f980000.usb: new USB bus registered, assigned bus number 1
[    1.031065] dwc_otg 3f980000.usb: irq 9, io mem 0x00000000
[    1.033498] Init: Port Power? op_state=1
[    1.035827] Init: Power Port (0)
[    1.038502] usb usb1: New USB device found, idVendor=1d6b, idProduct=0002, bcdDevice= 4.19
[    1.043262] usb usb1: New USB device strings: Mfr=3, Product=2, SerialNumber=1
[    1.045878] usb usb1: Product: DWC OTG Controller
[    1.048393] usb usb1: Manufacturer: Linux 4.19.118-v8+ dwc_otg_hcd
[    1.050897] usb usb1: SerialNumber: 3f980000.usb
[    1.054166] hub 1-0:1.0: USB hub found
[    1.056714] hub 1-0:1.0: 1 port detected
[    1.060330] usbcore: registered new interface driver uas
[    1.062794] usbcore: registered new interface driver usb-storage
[    1.065366] mousedev: PS/2 mouse device common for all mice
[    1.069251] bcm2835-wdt bcm2835-wdt: Broadcom BCM2835 watchdog timer
[    1.073823] sdhci: Secure Digital Host Controller Interface driver
[    1.076262] sdhci: Copyright(c) Pierre Ossman
[    1.079387] sdhost-bcm2835 3f202000.mmc: could not get clk, deferring probe
[    1.082146] sdhci-pltfm: SDHCI platform and OF driver helper
[    1.086816] ledtrig-cpu: registered to indicate activity on CPUs
[    1.089581] hidraw: raw HID events driver (C) Jiri Kosina
[    1.092247] usbcore: registered new interface driver usbhid
[    1.094755] usbhid: USB HID core driver
[    1.098478] vchiq: vchiq_init_state: slot_zero = (____ptrval____), is_master = 0
[    1.107333] Initializing XFRM netlink socket
[    1.109836] NET: Registered protocol family 17
[    1.112373] Key type dns_resolver registered
[    1.116087] registered taskstats version 1
[    1.118444] Loading compiled-in X.509 certificates
[    1.132771] uart-pl011 3f201000.serial: cts_event_workaround enabled
[    1.135375] 3f201000.serial: ttyAMA0 at MMIO 0x3f201000 (irq = 66, base_baud = 0) is a PL011 rev2
[    2.126011] console [ttyAMA0] enabled
[    2.134245] bcm2835-power bcm2835-power: Broadcom BCM2835 power domains driver
[    2.145989] sdhost: log_buf @ (____ptrval____) (fad07000)
[    2.203422] mmc0: sdhost-bcm2835 loaded - DMA enabled (>1)
[    2.215302] of_cfs_init
[    2.220459] of_cfs_init: OK
[    2.226696] Waiting for root device PARTUUID=4c999877-02...
[    2.248818] Indeed it is in host mode hprt0 = 00021501
[    2.310704] mmc0: host does not support reading read-only switch, assuming write-enable
[    2.341943] mmc0: new high speed SDHC card at address aaaa
[    2.352231] mmcblk0: mmc0:aaaa SC16G 14.8 GiB
[    2.365051]  mmcblk0: p1 p2
[    2.374593] random: fast init done
[    2.389120] EXT4-fs (mmcblk0p2): INFO: recovery required on readonly filesystem
[    2.399063] EXT4-fs (mmcblk0p2): write access will be enabled during recovery
[    2.464440] usb 1-1: new high-speed USB device number 2 using dwc_otg
[    2.473856] Indeed it is in host mode hprt0 = 00001101
[    2.532865] EXT4-fs (mmcblk0p2): recovery complete
[    2.544494] EXT4-fs (mmcblk0p2): mounted filesystem with ordered data mode. Opts: (null)
[    2.557691] VFS: Mounted root (ext4 filesystem) readonly on device 179:2.
[    2.578963] devtmpfs: mounted
[    2.591128] Freeing unused kernel memory: 1024K
[    2.598389] Run /sbin/init as init process
[    2.692969] usb 1-1: New USB device found, idVendor=0424, idProduct=9514, bcdDevice= 2.00
[    2.706545] usb 1-1: New USB device strings: Mfr=0, Product=0, SerialNumber=0
[    2.717500] hub 1-1:1.0: USB hub found
[    2.724249] hub 1-1:1.0: 5 ports detected
[    3.020456] usb 1-1.1: new high-speed USB device number 3 using dwc_otg
[    3.128948] usb 1-1.1: New USB device found, idVendor=0424, idProduct=ec00, bcdDevice= 2.00
[    3.146551] usb 1-1.1: New USB device strings: Mfr=0, Product=0, SerialNumber=0
[    3.160068] smsc95xx v1.0.6
[    3.237040] smsc95xx 1-1.1:1.0 eth0: register 'smsc95xx' at usb-3f980000.usb-1.1, smsc95xx USB 2.0 Ethernet, b8:27:eb:6d:27:bc
[    3.363497] systemd[1]: System time before build time, advancing clock.
[    3.552148] NET: Registered protocol family 10
[    3.561395] Segment Routing with IPv6
[    3.631452] systemd[1]: systemd 241 running in system mode. (+PAM +AUDIT +SELINUX +IMA +APPARMOR +SMACK +SYSVINIT +UTMP +LIBCRYPTSETUP +GCRYPT +GNUTLS +ACL +XZ +LZ4 +SECCOMP +BL
KID +ELFUTILS +KMOD -IDN2 +IDN -PCRE2 default-hierarchy=hybrid)
[    3.663110] systemd[1]: Detected architecture arm64.
[    3.692743] systemd[1]: Set hostname to <raspberrypi>.
[    3.758038] random: crng init done
[    3.811536] uart-pl011 3f201000.serial: no DMA platform data
[    4.723394] systemd[1]: Created slice system-systemd\x2dfsck.slice.
[    4.737889] systemd[1]: Listening on Journal Socket (/dev/log).
[    4.751120] systemd[1]: Started Forward Password Requests to Wall Directory Watch.
[   60.452342] ------------[ cut here ]------------
[   60.457876] DEBUG_LOCKS_WARN_ON((val < PREEMPT_MASK) && !(preempt_count() & PREEMPT_MASK))
[   60.457901] WARNING: CPU: 0 PID: 494 at kernel/sched/core.c:3266 preempt_count_sub+0xc4/0xd0
[   60.478442] Modules linked in: cfg80211 rfkill 8021q garp stp llc binfmt_misc bcm2835_codec(C) bcm2835_v4l2(C) v4l2_mem2mem bcm2835_mmal_vchiq(C) videobuf2_dma_contig v4l2_commo
n videobuf2_vmalloc videobuf2_memops videobuf2_v4l2 videobuf2_common raspberrypi_hwmon hwmon videodev media vc_sm_cma(C) uio_pdrv_genirq uio ip_tables x_tables ipv6
[   60.514393] CPU: 0 PID: 494 Comm: test Tainted: G         C        4.19.118-v8+ #1311
[   60.524775] Hardware name: Raspberry Pi 3 Model B Rev 1.2 (DT)
[   60.531967] pstate: 60000085 (nZCv daIf -PAN -UAO)
[   60.538136] pc : preempt_count_sub+0xc4/0xd0
[   60.543783] lr : preempt_count_sub+0xc4/0xd0
[   60.549409] sp : ffffff8008003d50
[   60.554062] x29: ffffff8008003d50 x28: 0000000000000007 
[   60.560731] x27: ffffff8008cac018 x26: 0000000000000080 
[   60.567384] x25: ffffff8008cac018 x24: ffffff8008cc86d8 
[   60.574022] x23: ffffff80081685d0 x22: ffffffc03ab7a780 
[   60.580636] x21: ffffff800a4abec0 x20: 0000000000000001 
[   60.587212] x19: 0000000000000001 x18: ffffff8009909dd8 
[   60.593742] x17: 0000000000000000 x16: 0000000000000000 
[   60.600219] x15: 0000000000000a40 x14: 5f54504d45455250 
[   60.606642] x13: 2026202928746e75 x12: 6f635f74706d6565               22
[   60.613022] x11: 7270282120262620 x10: 294b53414d5f5450 
[   608.89362] x9 : 4d45455250203c20 x8 : 6c617628284e4f5f 
[   60.625656] x7 : 4e5241575f534b43 x6 : ffffff8008dd6176 
[   60.631906] x5 : 0000000000000015 x4 : 0000000000000000 
[   60.638117] x3 : 0000000000000000 x2 : 0000004031ec6000 
[   60.644277] x1 : 5c12174d01c22c00 x0 : 0000000000000000 
[   60.650405] Call trace:
[   60.653617]  preempt_count_sub+0xc4/0xd0
[   60.658302]  _raw_spin_unlock_irqrestore+0x38/0x88
[   60.663866]  run_local_timers+0x50/0x78
[   60.668496]  update_process_times+0x2c/0x60
[   60.673477]  tick_sched_handle.isra.5+0x44/0x68
[   60.678817]  tick_sched_timer+0x5c/0xb0
[   60.683466]  __hrtimer_run_queues+0x118/0x380
[   60.688659]  hrtimer_interrupt+0xf8/0x258
[   60.693509]  arch_timer_handler_phys+0x3c/0x50
[   60.698809]  handle_percpu_devid_irq+0xa4/0x2a0
[   60.704187]  generic_handle_irq+0x34/0x50
[   60.709049]  __handle_domain_irq+0x8c/0x100
[   60.714097]  bcm2836_arm_irqchip_handle_irq+0x68/0xd8
[   60.720033]  el0_irq_naked+0x50/0x5c
[   60.724479] ---[ end trace a9a6f3fc30d9b351 ]---
[   75.072737] Kernel panic - not syncing: stack-protector: Kernel stack is corrupted in: __pagevec_l
ru_add_fn+0x37c/0x380
[   75.085493] CPU: 3 PID: 1469 Comm: ps Tainted: G        WC        4.19.118-v8+ #1311
[   75.095279] Hardware name: Raspberry Pi 3 Model B Rev 1.2 (DT)
[   75.102190] Call trace:
[   75.105692]  dump_backtrace+0x0/0x178
[   75.110415]  show_stack+0x24/0x30
[   75.114775]  dump_stack+0xa4/0xdc
[   75.119112]  panic+0x140/0x294
[   75.123165]  print_tainted+0x0/0xc8
[   75.127663]  __pagevec_lru_add_fn+0x37c/0x380
[   75.133037]  pagevec_lru_move_fn+0x7c/0xc0
[   75.138145]  lru_add_drain_cpu+0x138/0x158
[   75.143248]  lru_add_drain+0x20/0x58
[   75.147821]  unmap_region+0x54/0x130
[   75.152376]  do_munmap+0x220/0x368
[   75.156747]  mmap_region+0x174/0x518
[   75.161279]  do_mmap+0x300/0x418
[   75.165441]  vm_mmap_pgoff+0xd8/0x100
[   75.170027]  ksys_mmap_pgoff+0xb4/0xe8
[   75.174654]  __arm64_compat_sys_aarch32_mmap2+0x28/0x38
[   75.180744]  el0_svc_common+0xf4/0x1c0
[   75.185315]  el0_svc_compat_handler+0x30/0x40
[   75.190461]  el0_svc_compat+0x8/0x18
[   75.194784] SMP: stopping secondary CPUs
[   76.293183] SMP: failed to stop secondary CPUs 0,2-3
[   76.298901] Kernel Offset: disabled
[   76.303138] CPU features: 0x0,24002004
[   76.307656] Memory Limit: none
[   76.311485] ---[ end Kernel panic - not syncing: stack-protector: Kernel stack is corrupted in: __pagevec_lru_add_fn+0x37c/0x380 ]---
