[    0.000000] Booting Linux on physical CPU 0x0000000000 [0x410fd034]
[    0.000000] Linux version 4.19.118-v8+ (dom@buildbot) (gcc version 5.4.0 20160609 (Ubuntu/Linaro 5.4.0-6ubuntu1~16.04.9)) #1311 SMP PREEMPT Mon Apr 27 14:32:38 BST 2020
[    0.000000] Machine model: Raspberry Pi 3 Model B Rev 1.2
[    0.000000] efi: Getting EFI parameters from FDT:
[    0.000000] efi: UEFI not found.
[    0.000000] cma: Reserved 8 MiB at 0x000000003ac00000
[    0.000000] random: get_random_bytes called from start_kernel+0xb8/0x47c with crng_init=0
[    0.000000] percpu: Embedded 24 pages/cpu s58840 r8192 d31272 u98304
[    0.000000] Detected VIPT I-cache on CPU0
[    0.000000] CPU features: enabling workaround for ARM erratum 843419
[    0.000000] CPU features: enabling workaround for ARM erratum 845719
[    0.000000] Built 1 zonelists, mobility grouping on.  Total pages: 238896
[    0.000000] Kernel command line: coherent_pool=1M 8250.nr_uarts=1 snd_bcm2835.enable_compat_alsa=0 snd_bcm2835.enable_hdmi=1 snd_bcm2835.enable_headphones=1 bcm2708_fb.fbwidth=6
56 bcm2708_fb.fbheight=416 bcm2708_fb.fbswap=1 vc_mem.mem_base=0x3ec00000 vc_mem.mem_size=0x40000000  dwc_otg.lpm_enable=0 console=ttyAMA0,115200 console=tty1 root=PARTUUID=4c99987
7-02 rootfstype=ext4 elevator=deadline fsck.repair=yes rootwait
[    0.000000] Dentry cache hash table entries: 131072 (order: 8, 1048576 bytes)
[    0.000000] Inode-cache hash table entries: 65536 (order: 7, 524288 bytes)
[    0.000000] Memory: 929096K/970752K available (8700K kernel code, 1074K rwdata, 2760K rodata, 1024K init, 1126K bss, 33464K reserved, 8192K cma-reserved)
[    0.000000] SLUB: HWalign=64, Order=0-3, MinObjects=0, CPUs=4, Nodes=1
[    0.000000] ftrace: allocating 30496 entries in 120 pages
[    0.000000] rcu: Preemptible hierarchical RCU implementation.
[    0.000000] rcu:     RCU restricting CPUs from NR_CPUS=64 to nr_cpu_ids=4.
[    0.000000]  Tasks RCU enabled.
[    0.000000] rcu: Adjusting geometry for rcu_fanout_leaf=16, nr_cpu_ids=4
[    0.000000] NR_IRQS: 64, nr_irqs: 64, preallocated irqs: 0
[    0.000000] arch_timer: cp15 timer(s) running at 19.20MHz (phys).
[    0.000000] clocksource: arch_sys_counter: mask: 0xffffffffffffff max_cycles: 0x46d987e47, max_idle_ns: 440795202767 ns
[    0.000007] sched_clock: 56 bits at 19MHz, resolution 52ns, wraps every 4398046511078ns
[    0.000270] Console: colour dummy device 80x25
[    0.000935] console [tty1] enabled
[    0.001005] Calibrating delay loop (skipped), value calculated using timer frequency.. 38.40 BogoMIPS (lpj=76800)
[    0.001058] pid_max: default: 32768 minimum: 301
[    0.001492] Mount-cache hash table entries: 2048 (order: 2, 16384 bytes)
[    0.001547] Mountpoint-cache hash table entries: 2048 (order: 2, 16384 bytes)
[    0.024103] ASID allocator initialised with 32768 entries
[    0.032099] rcu: Hierarchical SRCU implementation.
[    0.040729] EFI services will not be available.
[    0.048178] smp: Bringing up secondary CPUs ...
[    0.080445] Detected VIPT I-cache on CPU1
[    0.080513] CPU1: Booted secondary processor 0x0000000001 [0x410fd034]
[    0.112573] Detected VIPT I-cache on CPU2
[    0.112622] CPU2: Booted secondary processor 0x0000000002 [0x410fd034]
[    0.144737] Detected VIPT I-cache on CPU3
[    0.144783] CPU3: Booted secondary processor 0x0000000003 [0x410fd034]
[    0.144968] smp: Brought up 1 node, 4 CPUs
[    0.145122] SMP: Total of 4 processors activated.
[    0.145156] CPU features: detected: 32-bit EL0 Support
[    0.146132] CPU: All CPU(s) started at EL2
[    0.146206] alternatives: patching kernel code
[    0.147828] devtmpfs: initialized
[    0.164002] Enabled cp15_barrier support
[    0.164069] Enabled setend support
[    0.164612] clocksource: jiffies: mask: 0xffffffff max_cycles: 0xffffffff, max_idle_ns: 7645041785100000 ns
[    0.164673] futex hash table entries: 1024 (order: 4, 65536 bytes)
[    0.165423] pinctrl core: initialized pinctrl subsystem
[    0.166318] DMI not present or invalid.
[    0.166884] NET: Registered protocol family 16
[    0.173351] cpuidle: using governor menu
[    0.173959] hw-breakpoint: found 6 breakpoint and 4 watchpoint registers.
[    0.178530] DMA: preallocated 1024 KiB pool for atomic allocations
[    0.178710] Serial: AMBA PL011 UART driver
[    0.183307] bcm2835-mbox 3f00b880.mailbox: mailbox enabled
[    0.192940] raspberrypi-firmware soc:firmware: Attached to firmware from 2020-04-15 11:43, variant start
[    0.196958] raspberrypi-firmware soc:firmware: Firmware hash is 82f9bb929ce2186eb1824178c1ae82902ad6275c
[    0.245822] bcm2835-dma 3f007000.dma: DMA legacy API manager at (____ptrval____), dmachans=0x1
[    0.249137] vgaarb: loaded
[    0.249729] SCSI subsystem initialized
[    0.250024] usbcore: registered new interface driver usbfs
[    0.250128] usbcore: registered new interface driver hub
[    0.250291] usbcore: registered new device driver usb
[    0.250469] pps_core: LinuxPPS API ver. 1 registered
[    0.250503] pps_core: Software ver. 5.3.6 - Copyright 2005-2007 Rodolfo Giometti <giometti@linux.it>
[    0.250562] PTP clock support registered
[    0.252379] clocksource: Switched to clocksource arch_sys_counter
[    0.377473] VFS: Disk quotas dquot_6.6.0
[    0.377613] VFS: Dquot-cache hash table entries: 512 (order 0, 4096 bytes)
[    0.377895] FS-Cache: Loaded
[    0.378180] CacheFiles: Loaded
[    0.390237] NET: Registered protocol family 2
[    0.391203] tcp_listen_portaddr_hash hash table entries: 512 (order: 1, 8192 bytes)
[    0.391280] TCP established hash table entries: 8192 (order: 4, 65536 bytes)
[    0.391423] TCP bind hash table entries: 8192 (order: 5, 131072 bytes)
[    0.391651] TCP: Hash tables configured (established 8192 bind 8192)
[    0.391929] UDP hash table entries: 512 (order: 2, 16384 bytes)
[    0.392007] UDP-Lite hash table entries: 512 (order: 2, 16384 bytes)
[    0.392433] NET: Registered protocol family 1
[    0.393436] RPC: Registered named UNIX socket transport module.
[    0.393473] RPC: Registered udp transport module.
[    0.393503] RPC: Registered tcp transport module.
[    0.393533] RPC: Registered tcp NFSv4.1 backchannel transport module.
[    0.396138] hw perfevents: enabled with armv8_cortex_a53 PMU driver, 7 counters available
[    0.396340] kvm [1]: 8-bit VMID
[    0.397255] kvm [1]: Hyp mode initialized successfully
[    0.402187] Initialise system trusted keyrings
[    0.402524] workingset: timestamp_bits=46 max_order=18 bucket_order=0
[    0.414881] FS-Cache: Netfs 'nfs' registered for caching
[    0.415950] NFS: Registering the id_resolver key type
[    0.416016] Key type id_resolver registered
[    0.416047] Key type id_legacy registered
[    0.416089] nfs4filelayout_init: NFSv4 File Layout Driver Registering...
[    0.423829] Key type asymmetric registered
[    0.423878] Asymmetric key parser 'x509' registered
[    0.423977] Block layer SCSI generic (bsg) driver version 0.4 loaded (major 248)
[    0.424273] io scheduler noop registered
[    0.424309] io scheduler deadline registered (default)
[    0.424678] io scheduler cfq registered
[    0.424712] io scheduler mq-deadline registered (default)
[    0.424746] io scheduler kyber registered
[    0.431330] bcm2708_fb soc:fb: FB found 1 display(s)
[    0.440879] Console: switching to colour frame buffer device 82x26
[    0.445761] bcm2708_fb soc:fb: Registered framebuffer for display 0, size 656x416
[    0.453212] Serial: 8250/16550 driver, 1 ports, IRQ sharing enabled
[    0.457769] bcm2835-rng 3f104000.rng: hwrng registered
[    0.460777] vc-mem: phys_addr:0x00000000 mem_base=0x3ec00000 mem_size:0x40000000(1024 MiB)
[    0.466631] gpiomem-bcm2835 3f200000.gpiomem: Initialised: Registers at 0x3f200000
[    0.472158] cacheinfo: Unable to detect cache hierarchy for CPU 0
[    0.490421] brd: module loaded
[    0.508534] loop: module loaded
[    0.512216] Loading iSCSI transport class v2.0-870.
[    0.517613] libphy: Fixed MDIO Bus: probed
[    0.520586] usbcore: registered new interface driver r8152
[    0.523214] usbcore: registered new interface driver lan78xx
[    0.525846] usbcore: registered new interface driver smsc95xx
[    0.528742] dwc_otg: version 3.00a 10-AUG-2012 (platform bus)
[    0.559805] dwc_otg 3f980000.usb: base=(____ptrval____)
[    0.776026] Core Release: 2.80a
[    0.778548] Setting default values for core params
[    0.781089] Finished setting default values for core params
[    0.997195] Using Buffer DMA mode
[    0.999577] Periodic Transfer Interrupt Enhancement - disabled
[    1.002033] Multiprocessor Interrupt Enhancement - disabled
[    1.004476] OTG VER PARAM: 0, OTG VER FLAG: 0
[    1.006821] Dedicated Tx FIFOs mode
[    1.009931] WARN::dwc_otg_hcd_init:1074: FIQ DMA bounce buffers: virt = ffffff80090c1000 dma = 0x00000000fad04000 len=9024
[    1.014468] FIQ FSM acceleration enabled for :
[    1.014468] Non-periodic Split Transactions
[    1.014468] Periodic Split Transactions
[    1.014468] High-Speed Isochronous Endpoints
[    1.014468] Interrupt/Control Split Transaction hack enabled
[    1.025388] WARN::hcd_init_fiq:497: MPHI regs_base at ffffff8008065000
[    1.027665] dwc_otg 3f980000.usb: DWC OTG Controller
[    1.030002] dwc_otg 3f980000.usb: new USB bus registered, assigned bus number 1
[    1.032488] dwc_otg 3f980000.usb: irq 9, io mem 0x00000000
[    1.034890] Init: Port Power? op_state=1
[    1.037243] Init: Power Port (0)
[    1.039890] usb usb1: New USB device found, idVendor=1d6b, idProduct=0002, bcdDevice= 4.19
[    1.044688] usb usb1: New USB device strings: Mfr=3, Product=2, SerialNumber=1
[    1.047223] usb usb1: Product: DWC OTG Controller
[    1.049732] usb usb1: Manufacturer: Linux 4.19.118-v8+ dwc_otg_hcd
[    1.052232] usb usb1: SerialNumber: 3f980000.usb
[    1.055537] hub 1-0:1.0: USB hub found
[    1.058075] hub 1-0:1.0: 1 port detected
[    1.061705] usbcore: registered new interface driver uas
[    1.064117] usbcore: registered new interface driver usb-storage
[    1.066685] mousedev: PS/2 mouse device common for all mice
[    1.070557] bcm2835-wdt bcm2835-wdt: Broadcom BCM2835 watchdog timer
[    1.075125] sdhci: Secure Digital Host Controller Interface driver
[    1.077599] sdhci: Copyright(c) Pierre Ossman
[    1.080708] sdhost-bcm2835 3f202000.mmc: could not get clk, deferring probe
[    1.083413] sdhci-pltfm: SDHCI platform and OF driver helper
[    1.088071] ledtrig-cpu: registered to indicate activity on CPUs
[    1.090810] hidraw: raw HID events driver (C) Jiri Kosina
[    1.093523] usbcore: registered new interface driver usbhid
[    1.095981] usbhid: USB HID core driver
[    1.099688] vchiq: vchiq_init_state: slot_zero = (____ptrval____), is_master = 0
[    1.108505] Initializing XFRM netlink socket
[    1.110957] NET: Registered protocol family 17
[    1.113507] Key type dns_resolver registered
[    1.117390] registered taskstats version 1
[    1.119718] Loading compiled-in X.509 certificates
[    1.134061] uart-pl011 3f201000.serial: cts_event_workaround enabled
[    1.136732] 3f201000.serial: ttyAMA0 at MMIO 0x3f201000 (irq = 66, base_baud = 0) is a PL011 rev2
[    1.268550] Indeed it is in host mode hprt0 = 00021501
[    1.270843] console [ttyAMA0] enabled
[    1.363630] random: fast init done
[    1.369603] bcm2835-power bcm2835-power: Broadcom BCM2835 power domains driver
[    1.468425] usb 1-1: new high-speed USB device number 2 using dwc_otg
[    2.165381] Indeed it is in host mode hprt0 = 00001101
[    2.165479] sdhost: log_buf @ (____ptrval____) (fad07000)
[    2.229987] mmc0: sdhost-bcm2835 loaded - DMA enabled (>1)
[    2.241966] of_cfs_init
[    2.247055] of_cfs_init: OK
[    2.253163] Waiting for root device PARTUUID=4c999877-02...
[    2.272971] random: crng init done
[    2.328502] mmc0: host does not support reading read-only switch, assuming write-enable
[    2.347396] mmc0: new high speed SDHC card at address aaaa
[    2.357644] mmcblk0: mmc0:aaaa SC16G 14.8 GiB
[    2.370421]  mmcblk0: p1 p2
[    2.384936] usb 1-1: New USB device found, idVendor=0424, idProduct=9514, bcdDevice= 2.00
[    2.398441] usb 1-1: New USB device strings: Mfr=0, Product=0, SerialNumber=0
[    2.409363] hub 1-1:1.0: USB hub found
[    2.416083] hub 1-1:1.0: 5 ports detected
[    2.422956] EXT4-fs (mmcblk0p2): INFO: recovery required on readonly filesystem
[    2.433041] EXT4-fs (mmcblk0p2): write access will be enabled during recovery
[    2.552595] EXT4-fs (mmcblk0p2): recovery complete
[    2.566644] EXT4-fs (mmcblk0p2): mounted filesystem with ordered data mode. Opts: (null)
[    2.579861] VFS: Mounted root (ext4 filesystem) readonly on device 179:2.
[    2.601588] devtmpfs: mounted
[    2.614309] Freeing unused kernel memory: 1024K
[    2.621772] Run /sbin/init as init process
[    2.712462] usb 1-1.1: new high-speed USB device number 3 using dwc_otg
[    2.820988] usb 1-1.1: New USB device found, idVendor=0424, idProduct=ec00, bcdDevice= 2.00
[    2.834885] usb 1-1.1: New USB device strings: Mfr=0, Product=0, SerialNumber=0
[    2.848086] smsc95xx v1.0.6
[    2.926993] smsc95xx 1-1.1:1.0 eth0: register 'smsc95xx' at usb-3f980000.usb-1.1, smsc95xx USB 2.0 Ethernet, b8:27:eb:6d:27:bc
[    3.347053] systemd[1]: System time before build time, advancing clock.
[    3.536118] NET: Registered protocol family 10
[    3.545335] Segment Routing with IPv6
[    3.615083] systemd[1]: systemd 241 running in system mode. (+PAM +AUDIT +SELINUX +IMA +APPARMOR +SMACK +SYSVINIT +UTMP +LIBCRYPTSETUP +GCRYPT +GNUTLS +ACL +XZ +LZ4 +SECCOMP +BL
KID +ELFUTILS +KMOD -IDN2 +IDN -PCRE2 default-hierarchy=hybrid)
[    3.646940] systemd[1]: Detected architecture arm64.
[    3.676684] systemd[1]: Set hostname to <raspberrypi>.
[    3.907573] uart-pl011 3f201000.serial: no DMA platform data
[    4.687719] systemd[1]: Started Forward Password Requests to Wall Directory Watch.
[    4.710136] systemd[1]: Created slice User and Session Slice.
[    4.723764] systemd[1]: Listening on Journal Socket (/dev/log).
[    4.740568] systemd[1]: Created slice system-serial\x2dgetty.slice.
[    4.754366] systemd[1]: Listening on udev Kernel Socket.
[    4.768675] systemd[1]: Created slice system-getty.slice.
[    4.783727] systemd[1]: Created slice system-systemd\x2dfsck.slice.

Raspbian GNU/Linux 10 raspberrypi ttyAMA0

raspberrypi login: pi
Password: 
Last login: Tue Jul 21 11:24:55 CEST 2020 on ttyAMA0
Linux raspberrypi 4.19.118-v8+ #1311 SMP PREEMPT Mon Apr 27 14:32:38 BST 2020 aarch64

The programs included with the Debian GNU/Linux system are free software;
the exact distribution terms for each program are described in the
individual files in /usr/share/doc/*/copyright.

Debian GNU/Linux comes with ABSOLUTELY NO WARRANTY, to the extent
permitted by applicable law.

SSH is enabled and the default password for the 'pi' user has not been changed.
This is a security risk - please login as the 'pi' user and type 'passwd' to set a new password.

pi@raspberrypi:~$  watch -n 1 [   30.048359] ------------[ cut here ]------------
[   30.053894] DEBUG_LOCKS_WARN_ON((val < PREEMPT_MASK) && !(preempt_count() & PREEMPT_MASK))
[   30.053919] WARNING: CPU: 0 PID: 498 at kernel/sched/core.c:3266 preempt_count_sub+0xc4/0xd0
[   30.074572] Modules linked in: cfg80211 rfkill 8021q garp stp llc binfmt_misc bcm2835_codec(C) bcm2835_v4l2(C) v4l2_mem2mem bcm2835_mmal_vchiq(C) v4l2_common videobuf2_dma_conti
g videobuf2_vmalloc videobuf2_memops videobuf2_v4l2 raspberrypi_hwmon videobuf2_common hwmon videodev media vc_sm_cma(C) uio_pdrv_genirq uio ip_tables x_tables ipv6
[   30.110671] CPU: 0 PID: 498 Comm: test Tainted: G         C        4.19.118-v8+ #1311
[   30.121112] Hardware name: Raspberry Pi 3 Model B Rev 1.2 (DT)
[   30.128337] pstate: 60000085 (nZCv daIf -PAN -UAO)
[   30.134531] pc : preempt_count_sub+0xc4/0xd0
[   30.140216] lr : preempt_count_sub+0xc4/0xd0
[   30.145872] sp : ffffff8008003cf0
[   30.150558] x29: ffffff8008003cf0 x28: 0000000000000005 
[   30.157266] x27: ffffff8008cac018 x26: 0000000000000080 
[   30.163947] x25: ffffff8008cac018 x24: 0000000000000000 
[   30.170605] x23: 00000000003d0900 x22: ffffff8008cc9000 
[   30.177231] x21: ffffff8008cdf258 x20: 00000000003d0900 
[   30.183807] x19: 0000000000000001 x18: ffffff8009909dd8 
[   30.190344] x17: 0000000000000000 x16: 0000000000000000 
[   30.196822] x15: 0000000000000a40 x14: 5f54504d45455250 
[   30.203247] x13: 2026202928746e75 x12: 6f635f74706d6565 
[   30.209636] x11: 7270282120262620 x10: 294b53414d5f5450 
[   30.215975] x9 : 4d45455250203c20 x8 : 6c617628284e4f5f 
[   30.222275] x7 : 4e5241575f534b43 x6 : ffffff8008dd6176 
[   30.228529] x5 : 0000000000000015 x4 : 0000000000000000 
[   30.234743] x3 : 0000000000000000 x2 : 0000004031ec6000 
[   30.240909] x1 : 5c12174d01c22c00 x0 : 0000000000000000 
[   30.247039] Call trace:
[   30.250253]  preempt_count_sub+0xc4/0xd0
[   30.254943]  _raw_spin_unlock_irqrestore+0x38/0x88
[   30.260506]  account_user_time+0xa4/0xe0
[   30.265224]  account_process_tick+0xa8/0xb8
[   30.270204]  update_process_times+0x28/0x60
[   30.275180]  tick_sched_handle.isra.5+0x44/0x68
[   30.280527]  tick_sched_timer+0x5c/0xb0
[   30.285193]  __hrtimer_run_queues+0x118/0x380
[   30.290388]  hrtimer_interrupt+0xf8/0x258
[   30.295232]  arch_timer_handler_phys+0x3c/0x50
[   30.300515]  handle_percpu_devid_irq+0xa4/0x2a0
[   30.305897]  generic_handle_irq+0x34/0x50
[   30.310761]  __handle_domain_irq+0x8c/0x100
[   30.315798]  bcm2836_arm_irqchip_handle_irq+0x68/0xd8
[   30.321717]  el0_irq_naked+0x50/0x5c
[   30.326146] ---[ end trace 9ba012bb91b136fa ]---
[   30.331634] Unable to handle kernel read from unreadable memory at virtual address ffffffc03ab7a780
[   30.342549] Mem abort info:
[   30.346279]   ESR = 0x8600000e
[   30.350253]   Exception class = IABT (current EL), IL = 32 bits
[   30.357145]   SET = 0, FnV = 0
[   30.361145]   EA = 0, S1PTW = 0
[   30.365215] swapper pgtable: 4k pages, 39-bit VAs, pgdp = 00000000aa4711a7
[   30.373100] [ffffffc03ab7a780] pgd=000000003abf8003, pud=000000003abf8003, pmd=006800003aa00711
[   30.383882] Internal error: Oops: 8600000e [#1] PREEMPT SMP
[   30.390562] Modules linked in: cfg80211 rfkill 8021q garp stp llc binfmt_misc bcm2835_codec(C) bcm2835_v4l2(C) v4l2_mem2mem bcm2835_mmal_vchiq(C) v4l2_common videobuf2_dma_conti
g videobuf2_vmalloc videobuf2_memops videobuf2_v4l2 raspberrypi_hwmon videobuf2_common hwmon videodev media vc_sm_cma(C) uio_pdrv_genirq uio ip_tables x_tables ipv6
[   30.426859] Process test (pid: 498, stack limit = 0x00000000e4d18dfd)
[   30.434670] CPU: 0 PID: 498 Comm: test Tainted: G        WC        4.19.118-v8+ #1311
[   30.445252] Hardware name: Raspberry Pi 3 Model B Rev 1.2 (DT)
[   30.452515] pstate: 60000085 (nZCv daIf -PAN -UAO)
[   30.458709] pc : 0xffffffc03ab7a780
[   30.463541] lr : 0xffffffc03ab7a780
[   30.468353] sp : ffffff8008003d60
[   30.472990] x29: 0000000000000000 x28: 0000000000000005 
[   30.479643] x27: ffffff8008cac018 x26: 0000000000000080 
[   30.486270] x25: ffffff8008cac018 x24: 0000000000000000 
[   30.492886] x23: 00000000003d0900 x22: ffffff8008cc9000 
[   30.499470] x21: ffffff8008003d80 x20: ffffff8008cc86d8 
[   30.506017] x19: ffffff80081685d0 x18: ffffff8009909dd8 
[   30.512506] x17: 0000000000000000 x16: 0000000000000000 
[   30.518969] x15: 0000000000000a40 x14: 5f54504d45455250 
[   30.525388] x13: 2026202928746e75 x12: 6f635f74706d6565 
[   30.531760] x11: 7270282120262620 x10: 294b53414d5f5450 
[   30.538092] x9 : 4d45455250203c20 x8 : 6c617628284e4f5f 
[   30.544382] x7 : 4e5241575f534b43 x6 : 000000003b79a61d 
[   30.550627] x5 : 000000012fbf8d65 x4 : 0000000000000047 
[   30.556837] x3 : ffffffc0337a5f80 x2 : 0000000000000054 
[   30.563002] x1 : 00000000000001ad x0 : 000000012fd91f6a 
[   30.569133] Call trace:
[   30.572347]  0xffffffc03ab7a780
[   30.576234] Code: 00000000 00000000 00000000 00000000 (00000000) 
[   30.583124] ---[ end trace 9ba012bb91b136fb ]---
[   30.588569] Kernel panic - not syncing: Fatal exception in interrupt
[   30.595817] SMP: stopping secondary CPUs
[   30.600616] Kernel Offset: disabled
[   30.604985] CPU features: 0x0,24002004
[   30.609638] Memory Limit: none
[   30.613585] ---[ end Kernel panic - not syncing: Fatal exception in interrupt ]---
