[    0.000000] Booting Linux on physical CPU 0x0000000000 [0x410fd034]
[    0.000000] Linux version 4.19.118-v8+ (dom@buildbot) (gcc version 5.4.0 20160609 (Ubuntu/Linaro 5.4.0-6ubuntu1~16.04.9)) #1311 SMP PREEMPT Mon Apr 27 14:32:38 BST 2020
[    0.000000] Machine model: Raspberry Pi 3 Model B Rev 1.2
[    0.000000] efi: Getting EFI parameters from FDT:
[    0.000000] efi: UEFI not found.
[    0.000000] cma: Reserved 8 MiB at 0x000000003ac00000
[    0.000000] random: get_random_bytes called from start_kernel+0xb8/0x47c with crng_init=0
[    0.000000] percpu: Embedded 24 pages/cpu s58840 r8192 d31272 u98304
[    0.000000] Detected VIPT I-cache on CPU0
[    0.000000] CPU features: enabling workaround for ARM erratum 843419
[    0.000000] CPU features: enabling workaround for ARM erratum 845719
[    0.000000] Built 1 zonelists, mobility grouping on.  Total pages: 238896
[    0.000000] Kernel command line: coherent_pool=1M 8250.nr_uarts=1 snd_bcm2835.enable_compat_alsa=0 snd_bcm2835.enable_hdmi=1 snd_bcm2835.enable_headphones=1 bcm2708_fb.fbwidth=6
56 bcm2708_fb.fbheight=416 bcm2708_fb.fbswap=1 vc_mem.mem_base=0x3ec00000 vc_mem.mem_size=0x40000000  dwc_otg.lpm_enable=0 console=ttyAMA0,115200 console=tty1 root=PARTUUID=4c99987
7-02 rootfstype=ext4 elevator=deadline fsck.repair=yes rootwait
[    0.000000] Dentry cache hash table entries: 131072 (order: 8, 1048576 bytes)
[    0.000000] Inode-cache hash table entries: 65536 (order: 7, 524288 bytes)
[    0.000000] Memory: 929096K/970752K available (8700K kernel code, 1074K rwdata, 2760K rodata, 1024K init, 1126K bss, 33464K reserved, 8192K cma-reserved)
[    0.000000] SLUB: HWalign=64, Order=0-3, MinObjects=0, CPUs=4, Nodes=1
[    0.000000] ftrace: allocating 30496 entries in 120 pages
[    0.000000] rcu: Preemptible hierarchical RCU implementation.
[    0.000000] rcu:     RCU restricting CPUs from NR_CPUS=64 to nr_cpu_ids=4.
[    0.000000]  Tasks RCU enabled.
[    0.000000] rcu: Adjusting geometry for rcu_fanout_leaf=16, nr_cpu_ids=4
[    0.000000] NR_IRQS: 64, nr_irqs: 64, preallocated irqs: 0
[    0.000000] arch_timer: cp15 timer(s) running at 19.20MHz (phys).
[    0.000000] clocksource: arch_sys_counter: mask: 0xffffffffffffff max_cycles: 0x46d987e47, max_idle_ns: 440795202767 ns
[    0.000007] sched_clock: 56 bits at 19MHz, resolution 52ns, wraps every 4398046511078ns
[    0.000271] Console: colour dummy device 80x25
[    0.000937] console [tty1] enabled
[    0.001007] Calibrating delay loop (skipped), value calculated using timer frequency.. 38.40 BogoMIPS (lpj=76800)
[    0.001059] pid_max: default: 32768 minimum: 301
[    0.001485] Mount-cache hash table entries: 2048 (order: 2, 16384 bytes)
[    0.001540] Mountpoint-cache hash table entries: 2048 (order: 2, 16384 bytes)
[    0.024104] ASID allocator initialised with 32768 entries
[    0.032102] rcu: Hierarchical SRCU implementation.
[    0.040726] EFI services will not be available.
[    0.048180] smp: Bringing up secondary CPUs ...
[    0.080446] Detected VIPT I-cache on CPU1
[    0.080515] CPU1: Booted secondary processor 0x0000000001 [0x410fd034]
[    0.112573] Detected VIPT I-cache on CPU2
[    0.112621] CPU2: Booted secondary processor 0x0000000002 [0x410fd034]
[    0.144740] Detected VIPT I-cache on CPU3
[    0.144786] CPU3: Booted secondary processor 0x0000000003 [0x410fd034]
[    0.144970] smp: Brought up 1 node, 4 CPUs
[    0.145125] SMP: Total of 4 processors activated.
[    0.145159] CPU features: detected: 32-bit EL0 Support
[    0.146130] CPU: All CPU(s) started at EL2
[    0.146204] alternatives: patching kernel code
[    0.147823] devtmpfs: initialized
[    0.164023] Enabled cp15_barrier support
[    0.164090] Enabled setend support
[    0.164631] clocksource: jiffies: mask: 0xffffffff max_cycles: 0xffffffff, max_idle_ns: 7645041785100000 ns
[    0.164693] futex hash table entries: 1024 (order: 4, 65536 bytes)
[    0.165451] pinctrl core: initialized pinctrl subsystem
[    0.166345] DMI not present or invalid.
[    0.166910] NET: Registered protocol family 16
[    0.173360] cpuidle: using governor menu
[    0.173969] hw-breakpoint: found 6 breakpoint and 4 watchpoint registers.
[    0.178547] DMA: preallocated 1024 KiB pool for atomic allocations
[    0.178727] Serial: AMBA PL011 UART driver
[    0.183328] bcm2835-mbox 3f00b880.mailbox: mailbox enabled
[    0.192934] raspberrypi-firmware soc:firmware: Attached to firmware from 2020-04-15 11:43, variant start
[    0.196952] raspberrypi-firmware soc:firmware: Firmware hash is 82f9bb929ce2186eb1824178c1ae82902ad6275c
[    0.245802] bcm2835-dma 3f007000.dma: DMA legacy API manager at (____ptrval____), dmachans=0x1
[    0.249121] vgaarb: loaded
[    0.249712] SCSI subsystem initialized
[    0.250010] usbcore: registered new interface driver usbfs
[    0.250114] usbcore: registered new interface driver hub
[    0.250277] usbcore: registered new device driver usb
[    0.250455] pps_core: LinuxPPS API ver. 1 registered
[    0.250489] pps_core: Software ver. 5.3.6 - Copyright 2005-2007 Rodolfo Giometti <giometti@linux.it>
[    0.250548] PTP clock support registered
[    0.252338] clocksource: Switched to clocksource arch_sys_counter
[    0.377436] VFS: Disk quotas dquot_6.6.0
[    0.377578] VFS: Dquot-cache hash table entries: 512 (order 0, 4096 bytes)
[    0.377811] FS-Cache: Loaded
[    0.378095] CacheFiles: Loaded
[    0.390248] NET: Registered protocol family 2
[    0.391210] tcp_listen_portaddr_hash hash table entries: 512 (order: 1, 8192 bytes)
[    0.391286] TCP established hash table entries: 8192 (order: 4, 65536 bytes)
[    0.391430] TCP bind hash table entries: 8192 (order: 5, 131072 bytes)
[    0.391648] TCP: Hash tables configured (established 8192 bind 8192)
[    0.391926] UDP hash table entries: 512 (order: 2, 16384 bytes)
[    0.392003] UDP-Lite hash table entries: 512 (order: 2, 16384 bytes)
[    0.392432] NET: Registered protocol family 1
[    0.393418] RPC: Registered named UNIX socket transport module.
[    0.393455] RPC: Registered udp transport module.
[    0.393485] RPC: Registered tcp transport module.
[    0.393515] RPC: Registered tcp NFSv4.1 backchannel transport module.
[    0.396158] hw perfevents: enabled with armv8_cortex_a53 PMU driver, 7 counters available
[    0.396423] kvm [1]: 8-bit VMID
[    0.397264] kvm [1]: Hyp mode initialized successfully
[    0.402202] Initialise system trusted keyrings
[    0.402551] workingset: timestamp_bits=46 max_order=18 bucket_order=0
[    0.414886] FS-Cache: Netfs 'nfs' registered for caching
[    0.419980] NFS: Registering the id_resolver key type
[    0.420046] Key type id_resolver registered
[    0.420076] Key type id_legacy registered
[    0.420118] nfs4filelayout_init: NFSv4 File Layout Driver Registering...
[    0.427833] Key type asymmetric registered
[    0.427881] Asymmetric key parser 'x509' registered
[    0.427980] Block layer SCSI generic (bsg) driver version 0.4 loaded (major 248)
[    0.428285] io scheduler noop registered
[    0.428375] io scheduler deadline registered (default)
[    0.428640] io scheduler cfq registered
[    0.428673] io scheduler mq-deadline registered (default)
[    0.428707] io scheduler kyber registered
[    0.434307] bcm2708_fb soc:fb: FB found 1 display(s)
[    0.443801] Console: switching to colour frame buffer device 82x26
[    0.448778] bcm2708_fb soc:fb: Registered framebuffer for display 0, size 656x416
[    0.456140] Serial: 8250/16550 driver, 1 ports, IRQ sharing enabled
[    0.460699] bcm2835-rng 3f104000.rng: hwrng registered
[    0.463642] vc-mem: phys_addr:0x00000000 mem_base=0x3ec00000 mem_size:0x40000000(1024 MiB)
[    0.469400] gpiomem-bcm2835 3f200000.gpiomem: Initialised: Registers at 0x3f200000
[    0.474907] cacheinfo: Unable to detect cache hierarchy for CPU 0
[    0.493603] brd: module loaded
[    0.511650] loop: module loaded
[    0.515384] Loading iSCSI transport class v2.0-870.
[    0.520790] libphy: Fixed MDIO Bus: probed
[    0.523714] usbcore: registered new interface driver r8152
[    0.526419] usbcore: registered new interface driver lan78xx
[    0.529049] usbcore: registered new interface driver smsc95xx
[    0.531896] dwc_otg: version 3.00a 10-AUG-2012 (platform bus)
[    0.562423] dwc_otg 3f980000.usb: base=(____ptrval____)
[    0.778116] Core Release: 2.80a
[    0.780637] Setting default values for core params
[    0.783151] Finished setting default values for core params
[    0.998655] Using Buffer DMA mode
[    1.001059] Periodic Transfer Interrupt Enhancement - disabled
[    1.003483] Multiprocessor Interrupt Enhancement - disabled
[    1.005915] OTG VER PARAM: 0, OTG VER FLAG: 0
[    1.008253] Dedicated Tx FIFOs mode
[    1.011366] WARN::dwc_otg_hcd_init:1074: FIQ DMA bounce buffers: virt = ffffff80090c1000 dma = 0x00000000fad04000 len=9024
[    1.015902] FIQ FSM acceleration enabled for :
[    1.015902] Non-periodic Split Transactions
[    1.015902] Periodic Split Transactions
[    1.015902] High-Speed Isochronous Endpoints
[    1.015902] Interrupt/Control Split Transaction hack enabled
[    1.026700] WARN::hcd_init_fiq:497: MPHI regs_base at ffffff8008065000
[    1.029008] dwc_otg 3f980000.usb: DWC OTG Controller
[    1.031345] dwc_otg 3f980000.usb: new USB bus registered, assigned bus number 1
[    1.033837] dwc_otg 3f980000.usb: irq 9, io mem 0x00000000
[    1.036245] Init: Port Power? op_state=1
[    1.038603] Init: Power Port (0)
[    1.041281] usb usb1: New USB device found, idVendor=1d6b, idProduct=0002, bcdDevice= 4.19
[    1.046039] usb usb1: New USB device strings: Mfr=3, Product=2, SerialNumber=1
[    1.048605] usb usb1: Product: DWC OTG Controller
[    1.051086] usb usb1: Manufacturer: Linux 4.19.118-v8+ dwc_otg_hcd
[    1.053619] usb usb1: SerialNumber: 3f980000.usb
[    1.056896] hub 1-0:1.0: USB hub found
[    1.059399] hub 1-0:1.0: 1 port detected
[    1.062990] usbcore: registered new interface driver uas
[    1.065456] usbcore: registered new interface driver usb-storage
[    1.067984] mousedev: PS/2 mouse device common for all mice
[    1.071863] bcm2835-wdt bcm2835-wdt: Broadcom BCM2835 watchdog timer
[    1.076491] sdhci: Secure Digital Host Controller Interface driver
[    1.078929] sdhci: Copyright(c) Pierre Ossman
[    1.082045] sdhost-bcm2835 3f202000.mmc: could not get clk, deferring probe
[    1.084804] sdhci-pltfm: SDHCI platform and OF driver helper
[    1.089423] ledtrig-cpu: registered to indicate activity on CPUs
[    1.092133] hidraw: raw HID events driver (C) Jiri Kosina
[    1.094854] usbcore: registered new interface driver usbhid
[    1.097349] usbhid: USB HID core driver
[    1.101067] vchiq: vchiq_init_state: slot_zero = (____ptrval____), is_master = 0
[    1.109930] Initializing XFRM netlink socket
[    1.112417] NET: Registered protocol family 17
[    1.114920] Key type dns_resolver registered
[    1.118700] registered taskstats version 1
[    1.121060] Loading compiled-in X.509 certificates
[    1.135342] uart-pl011 3f201000.serial: cts_event_workaround enabled
[    1.137997] 3f201000.serial: ttyAMA0 at MMIO 0x3f201000 (irq = 66, base_baud = 0) is a PL011 rev2
[    2.128614] console [ttyAMA0] enabled
[    2.136971] bcm2835-power bcm2835-power: Broadcom BCM2835 power domains driver
[    2.148937] sdhost: log_buf @ (____ptrval____) (fad07000)
[    2.206346] mmc0: sdhost-bcm2835 loaded - DMA enabled (>1)
[    2.218455] of_cfs_init
[    2.223603] of_cfs_init: OK
[    2.229685] Waiting for root device PARTUUID=4c999877-02...
[    2.252537] Indeed it is in host mode hprt0 = 00021501
[    2.314692] mmc0: host does not support reading read-only switch, assuming write-enable
[    2.345938] mmc0: new high speed SDHC card at address aaaa
[    2.356155] mmcblk0: mmc0:aaaa SC16G 14.8 GiB
[    2.367102] random: fast init done
[    2.368486]  mmcblk0: p1 p2
[    2.389542] EXT4-fs (mmcblk0p2): INFO: recovery required on readonly filesystem
[    2.399533] EXT4-fs (mmcblk0p2): write access will be enabled during recovery
[    2.468431] usb 1-1: new high-speed USB device number 2 using dwc_otg
[    2.478038] Indeed it is in host mode hprt0 = 00001101
[    2.537991] EXT4-fs (mmcblk0p2): recovery complete
[    2.551755] EXT4-fs (mmcblk0p2): mounted filesystem with ordered data mode. Opts: (null)
[    2.564895] VFS: Mounted root (ext4 filesystem) readonly on device 179:2.
[    2.587002] devtmpfs: mounted
[    2.599249] Freeing unused kernel memory: 1024K
[    2.606498] Run /sbin/init as init process
[    2.696986] usb 1-1: New USB device found, idVendor=0424, idProduct=9514, bcdDevice= 2.00
[    2.710570] usb 1-1: New USB device strings: Mfr=0, Product=0, SerialNumber=0
[    2.721513] hub 1-1:1.0: USB hub found
[    2.728275] hub 1-1:1.0: 5 ports detected
[    3.024429] usb 1-1.1: new high-speed USB device number 3 using dwc_otg
[    3.133020] usb 1-1.1: New USB device found, idVendor=0424, idProduct=ec00, bcdDevice= 2.00
[    3.146851] usb 1-1.1: New USB device strings: Mfr=0, Product=0, SerialNumber=0
[    3.160175] smsc95xx v1.0.6
[    3.234841] smsc95xx 1-1.1:1.0 eth0: register 'smsc95xx' at usb-3f980000.usb-1.1, smsc95xx USB 2.0 Ethernet, b8:27:eb:6d:27:bc
[    3.354392] systemd[1]: System time before build time, advancing clock.
[    3.541244] NET: Registered protocol family 10
[    3.550450] Segment Routing with IPv6
[    3.620850] systemd[1]: systemd 241 running in system mode. (+PAM +AUDIT +SELINUX +IMA +APPARMOR +SMACK +SYSVINIT +UTMP +LIBCRYPTSETUP +GCRYPT +GNUTLS +ACL +XZ +LZ4 +SECCOMP +BL
KID +ELFUTILS +KMOD -IDN2 +IDN -PCRE2 default-hierarchy=hybrid)
[    3.652501] systemd[1]: Detected architecture arm64.
[    3.667342] random: crng init done
[    3.683974] systemd[1]: Set hostname to <raspberrypi>.
[    3.903952] uart-pl011 3f201000.serial: no DMA platform data
[    4.692939] systemd[1]: Created slice User and Session Slice.
[    4.706501] systemd[1]: Listening on Syslog Socket.
[    4.718781] systemd[1]: Listening on Journal Socket (/dev/log).
[   93.740534] Unable to handle kernel paging request at virtual address ffffff8008004068
[   93.750337] Mem abort info:
[   93.754044]   ESR = 0x96000007
[   93.757979]   Exception class = DABT (current EL), IL = 32 bits
[   93.764838]   SET = 0, FnV = 0
[   93.768802]   EA = 0, S1PTW = 0
[   93.772823] Data abort info:
[   93.776577]   ISV = 0, ISS = 0x00000007
[   93.781288]   CM = 0, WnR = 0
[   93.785108] swapper pgtable: 4k pages, 39-bit VAs, pgdp = 0000000094086bad
[   93.792917] [ffffff8008004068] pgd=000000003abfe003, pud=000000003abfe003, pmd=000000003abfd003, pte=0000000000000000
[   93.805519] Internal error: Oops: 96000007 [#1] PREEMPT SMP
[   93.812149] Modules linked in: cfg80211 rfkill 8021q garp stp llc binfmt_misc bcm2835_codec(C) bcm2835_v4l2(C) v4l2_mem2mem bcm2835_mmal_vchiq(C) v4l2_common videobuf2_dma_conti
g videobuf2_vmalloc raspberrypi_hwmon videobuf2_memops videobuf2_v4l2 hwmon videobuf2_common videodev vc_sm_cma(C) media uio_pdrv_genirq uio ip_tables x_tables ipv6
[   93.848302] Process uvbench.sh (pid: 1885, stack limit = 0x00000000cef0f21a)
[   93.856707] CPU: 0 PID: 1885 Comm: uvbench.sh Tainted: G         C        4.19.118-v8+ #1311
[   93.867756] Hardware name: Raspberry Pi 3 Model B Rev 1.2 (DT)
[   93.874937] pstate: 80000085 (Nzcv daIf -PAN -UAO)
[   93.881106] pc : tick_sched_handle.isra.5+0x34/0x68
[   93.887350] lr : tick_sched_timer+0x5c/0xb0
[   93.892860] sp : ffffff8008003d30
[   93.897506] x29: ffffff8008003d30 x28: 0000000000000001 
[   93.904185] x27: ffffff8008cac018 x26: 0000000000000080 
[   93.910847] x25: ffffff8008cac018 x24: ffffff8008cc86d8 
[   93.917504] x23: ffffff80081685d0 x22: ffffffc03ab7a780 
[   93.924119] x21: ffffff8008003f60 x20: ffffff8008004068 
[   93.930692] x19: ffffffc03ab7ac78 x18: 0000000000000000 
[   93.937222] x17: 0000000000000000 x16: 0000000000000000 
[   93.943704] x15: 0000000000000000 x14: 0000000000000040 
[   93.950128] x13: 0000000000000000 x12: 0000000000000000 
[   93.956478] x11: 0000000000000220 x10: 0000000000000000 
[   93.962750] x9 : 000000000000002b x8 : 0000000000000040 
[   93.968956] x7 : 0000000000000000 x6 : 0039869f56e356aa 
[   93.975103] x5 : 0000000000000018 x4 : 0000004031ec6000 
[   93.981199] x3 : 0000000000010001 x2 : ffffff8008cc8000 
[   93.987246] x1 : ffffff8008004068 x0 : 0000000000000010 
[   93.993263] Call trace:
[   93.996365]  tick_sched_handle.isra.5+0x34/0x68
[   94.001560]  tick_sched_timer+0x5c/0xb0
[   94.006041]  __hrtimer_run_queues+0x118/0x380
[   94.011055]  hrtimer_interrupt+0xf8/0x258
[   94.015722]  arch_timer_handler_phys+0x3c/0x50
[   94.020838]  handle_percpu_devid_irq+0xa4/0x2a0
[   94.026053]  generic_handle_irq+0x34/0x50
[   94.030757]  __handle_domain_irq+0x8c/0x100
[   94.035649]  bcm2836_arm_irqchip_handle_irq+0x68/0xd8
[   94.041438]  el1_irq+0xb4/0x130
[   94.045310]  irq_enter+0x14/0x88
[   94.049270]  __handle_domain_irq+0x68/0x100
[   94.054221]  bcm2836_arm_irqchip_handle_irq+0x68/0xd8
[   94.060085]  el1_irq+0xb4/0x130
[   94.064059]  __unlock_page_memcg+0x18/0x58
[   94.069018]  unlock_page_memcg+0x20/0x30
[   94.073807]  page_add_file_rmap+0x118/0x1a0
[   94.078876]  alloc_set_pte+0x17c/0x330
[   94.083513]  filemap_map_pages+0x314/0x328
[   94.088500]  __handle_mm_fault+0x468/0xb28
[   94.093463]  handle_mm_fault+0x130/0x238
[   94.098250]  do_page_fault+0x1c0/0x498
[   94.102860]  do_translation_fault+0xa8/0xb8
[   94.107901]  do_mem_abort+0x68/0x128
[   94.112323]  do_el0_ia_bp_hardening+0x64/0xb0
[   94.117534]  el0_ia+0x1c/0x20
[   94.121346] Code: d5384100 b9402c00 37080160 f9002e7f (f9400280) 
[   94.128338] ---[ end trace 24aeb1a8d103a9b1 ]---
[   94.133859] Kernel panic - not syncing: Fatal exception in interrupt
[   94.141157] SMP: stopping secondary CPUs
[   94.146009] Kernel Offset: disabled
[   94.150426] CPU features: 0x0,24002004
[   94.155103] Memory Limit: none
[   94.159065] ---[ end Kernel panic - not syncing: Fatal exception in interrupt ]---
