[    0.000000] Booting Linux on physical CPU 0x0000000000 [0x410fd034]
[    0.000000] Linux version 4.19.118-v8+ (dom@buildbot) (gcc version 5.4.0 20160609 (Ubuntu/Linaro 5.4.0-6ubuntu1~16.04.9)) #1311 SMP PREEMPT Mon Apr 27 14:32:38 BST 2020
[    0.000000] Machine model: Raspberry Pi 3 Model B Rev 1.2
[    0.000000] efi: Getting EFI parameters from FDT:
[    0.000000] efi: UEFI not found.
[    0.000000] cma: Reserved 8 MiB at 0x000000003ac00000
[    0.000000] random: get_random_bytes called from start_kernel+0xb8/0x47c with crng_init=0
[    0.000000] percpu: Embedded 24 pages/cpu s58840 r8192 d31272 u98304
[    0.000000] Detected VIPT I-cache on CPU0
[    0.000000] CPU features: enabling workaround for ARM erratum 843419
[    0.000000] CPU features: enabling workaround for ARM erratum 845719
[    0.000000] Built 1 zonelists, mobility grouping on.  Total pages: 238896
[    0.000000] Kernel command line: coherent_pool=1M 8250.nr_uarts=1 snd_bcm2835.enable_compat_alsa=0 snd_bcm2835.enable_hdmi=1 snd_bcm2835.enable_headphones=1 bcm2708_fb.fbwidth=6
56 bcm2708_fb.fbheight=416 bcm2708_fb.fbswap=1 vc_mem.mem_base=0x3ec00000 vc_mem.mem_size=0x40000000  dwc_otg.lpm_enable=0 console=ttyAMA0,115200 console=tty1 root=PARTUUID=4c99987
7-02 rootfstype=ext4 elevator=deadline fsck.repair=yes rootwait
[    0.000000] Dentry cache hash table entries: 131072 (order: 8, 1048576 bytes)
[    0.000000] Inode-cache hash table entries: 65536 (order: 7, 524288 bytes)
[    0.000000] Memory: 929096K/970752K available (8700K kernel code, 1074K rwdata, 2760K rodata, 1024K init, 1126K bss, 33464K reserved, 8192K cma-reserved)
[    0.000000] SLUB: HWalign=64, Order=0-3, MinObjects=0, CPUs=4, Nodes=1
[    0.000000] ftrace: allocating 30496 entries in 120 pages
[    0.000000] rcu: Preemptible hierarchical RCU implementation.
[    0.000000] rcu:     RCU restricting CPUs from NR_CPUS=64 to nr_cpu_ids=4.
[    0.000000]  Tasks RCU enabled.
[    0.000000] rcu: Adjusting geometry for rcu_fanout_leaf=16, nr_cpu_ids=4
[    0.000000] NR_IRQS: 64, nr_irqs: 64, preallocated irqs: 0
[    0.000000] arch_timer: cp15 timer(s) running at 19.20MHz (phys).
[    0.000000] clocksource: arch_sys_counter: mask: 0xffffffffffffff max_cycles: 0x46d987e47, max_idle_ns: 440795202767 ns
[    0.000008] sched_clock: 56 bits at 19MHz, resolution 52ns, wraps every 4398046511078ns
[    0.000271] Console: colour dummy device 80x25
[    0.000937] console [tty1] enabled
[    0.001008] Calibrating delay loop (skipped), value calculated using timer frequency.. 38.40 BogoMIPS (lpj=76800)
[    0.001061] pid_max: default: 32768 minimum: 301
[    0.001492] Mount-cache hash table entries: 2048 (order: 2, 16384 bytes)
[    0.001548] Mountpoint-cache hash table entries: 2048 (order: 2, 16384 bytes)
[    0.024104] ASID allocator initialised with 32768 entries
[    0.032100] rcu: Hierarchical SRCU implementation.
[    0.040728] EFI services will not be available.
[    0.048178] smp: Bringing up secondary CPUs ...
[    0.080444] Detected VIPT I-cache on CPU1
[    0.080512] CPU1: Booted secondary processor 0x0000000001 [0x410fd034]
[    0.112568] Detected VIPT I-cache on CPU2
[    0.112616] CPU2: Booted secondary processor 0x0000000002 [0x410fd034]
[    0.144733] Detected VIPT I-cache on CPU3
[    0.144779] CPU3: Booted secondary processor 0x0000000003 [0x410fd034]
[    0.144962] smp: Brought up 1 node, 4 CPUs
[    0.145117] SMP: Total of 4 processors activated.
[    0.145151] CPU features: detected: 32-bit EL0 Support
[    0.146123] CPU: All CPU(s) started at EL2
[    0.146197] alternatives: patching kernel code
[    0.147821] devtmpfs: initialized
[    0.164010] Enabled cp15_barrier support
[    0.164076] Enabled setend support
[    0.164615] clocksource: jiffies: mask: 0xffffffff max_cycles: 0xffffffff, max_idle_ns: 7645041785100000 ns
[    0.164678] futex hash table entries: 1024 (order: 4, 65536 bytes)
[    0.165430] pinctrl core: initialized pinctrl subsystem
[    0.166323] DMI not present or invalid.
[    0.166890] NET: Registered protocol family 16
[    0.173351] cpuidle: using governor menu
[    0.173962] hw-breakpoint: found 6 breakpoint and 4 watchpoint registers.
[    0.178588] DMA: preallocated 1024 KiB pool for atomic allocations
[    0.178768] Serial: AMBA PL011 UART driver
[    0.183371] bcm2835-mbox 3f00b880.mailbox: mailbox enabled
[    0.192939] raspberrypi-firmware soc:firmware: Attached to firmware from 2020-04-15 11:43, variant start
[    0.196958] raspberrypi-firmware soc:firmware: Firmware hash is 82f9bb929ce2186eb1824178c1ae82902ad6275c
[    0.245810] bcm2835-dma 3f007000.dma: DMA legacy API manager at (____ptrval____), dmachans=0x1
[    0.249123] vgaarb: loaded
[    0.249718] SCSI subsystem initialized
[    0.250016] usbcore: registered new interface driver usbfs
[    0.250120] usbcore: registered new interface driver hub
[    0.250282] usbcore: registered new device driver usb
[    0.250460] pps_core: LinuxPPS API ver. 1 registered
[    0.250493] pps_core: Software ver. 5.3.6 - Copyright 2005-2007 Rodolfo Giometti <giometti@linux.it>
[    0.250552] PTP clock support registered
[    0.252345] clocksource: Switched to clocksource arch_sys_counter
[    0.377603] VFS: Disk quotas dquot_6.6.0
[    0.377745] VFS: Dquot-cache hash table entries: 512 (order 0, 4096 bytes)
[    0.377979] FS-Cache: Loaded
[    0.378264] CacheFiles: Loaded
[    0.390319] NET: Registered protocol family 2
[    0.391287] tcp_listen_portaddr_hash hash table entries: 512 (order: 1, 8192 bytes)
[    0.391363] TCP established hash table entries: 8192 (order: 4, 65536 bytes)
[    0.391506] TCP bind hash table entries: 8192 (order: 5, 131072 bytes)
[    0.391733] TCP: Hash tables configured (established 8192 bind 8192)
[    0.392021] UDP hash table entries: 512 (order: 2, 16384 bytes)
[    0.392098] UDP-Lite hash table entries: 512 (order: 2, 16384 bytes)
[    0.392530] NET: Registered protocol family 1
[    0.393667] RPC: Registered named UNIX socket transport module.
[    0.393705] RPC: Registered udp transport module.
[    0.393736] RPC: Registered tcp transport module.
[    0.393766] RPC: Registered tcp NFSv4.1 backchannel transport module.
[    0.400487] hw perfevents: enabled with armv8_cortex_a53 PMU driver, 7 counters available
[    0.400703] kvm [1]: 8-bit VMID
[    0.401523] kvm [1]: Hyp mode initialized successfully
[    0.406445] Initialise system trusted keyrings
[    0.406772] workingset: timestamp_bits=46 max_order=18 bucket_order=0
[    0.419197] FS-Cache: Netfs 'nfs' registered for caching
[    0.420259] NFS: Registering the id_resolver key type
[    0.420319] Key type id_resolver registered
[    0.420414] Key type id_legacy registered
[    0.420457] nfs4filelayout_init: NFSv4 File Layout Driver Registering...
[    0.428239] Key type asymmetric registered
[    0.428289] Asymmetric key parser 'x509' registered
[    0.428441] Block layer SCSI generic (bsg) driver version 0.4 loaded (major 248)
[    0.428736] io scheduler noop registered
[    0.428771] io scheduler deadline registered (default)
[    0.429032] io scheduler cfq registered
[    0.429065] io scheduler mq-deadline registered (default)
[    0.429098] io scheduler kyber registered
[    0.434471] bcm2708_fb soc:fb: FB found 1 display(s)
[    0.443933] Console: switching to colour frame buffer device 82x26
[    0.448854] bcm2708_fb soc:fb: Registered framebuffer for display 0, size 656x416
[    0.456221] Serial: 8250/16550 driver, 1 ports, IRQ sharing enabled
[    0.460842] bcm2835-rng 3f104000.rng: hwrng registered
[    0.463783] vc-mem: phys_addr:0x00000000 mem_base=0x3ec00000 mem_size:0x40000000(1024 MiB)
[    0.469625] gpiomem-bcm2835 3f200000.gpiomem: Initialised: Registers at 0x3f200000
[    0.475154] cacheinfo: Unable to detect cache hierarchy for CPU 0
[    0.493358] brd: module loaded
[    0.511431] loop: module loaded
[    0.515180] Loading iSCSI transport class v2.0-870.
[    0.520444] libphy: Fixed MDIO Bus: probed
[    0.523372] usbcore: registered new interface driver r8152
[    0.526058] usbcore: registered new interface driver lan78xx
[    0.528683] usbcore: registered new interface driver smsc95xx
[    0.531535] dwc_otg: version 3.00a 10-AUG-2012 (platform bus)
[    0.562061] dwc_otg 3f980000.usb: base=(____ptrval____)
[    0.778144] Core Release: 2.80a
[    0.780673] Setting default values for core params
[    0.783193] Finished setting default values for core params
[    0.999324] Using Buffer DMA mode
[    1.001735] Periodic Transfer Interrupt Enhancement - disabled
[    1.004165] Multiprocessor Interrupt Enhancement - disabled
[    1.006598] OTG VER PARAM: 0, OTG VER FLAG: 0
[    1.008968] Dedicated Tx FIFOs mode
[    1.012125] WARN::dwc_otg_hcd_init:1074: FIQ DMA bounce buffers: virt = ffffff80090c1000 dma = 0x00000000fad04000 len=9024
[    1.016661] FIQ FSM acceleration enabled for :
[    1.016661] Non-periodic Split Transactions
[    1.016661] Periodic Split Transactions
[    1.016661] High-Speed Isochronous Endpoints
[    1.016661] Interrupt/Control Split Transaction hack enabled
[    1.027458] WARN::hcd_init_fiq:497: MPHI regs_base at ffffff8008065000
[    1.029770] dwc_otg 3f980000.usb: DWC OTG Controller
[    1.032130] dwc_otg 3f980000.usb: new USB bus registered, assigned bus number 1
[    1.034617] dwc_otg 3f980000.usb: irq 9, io mem 0x00000000
[    1.037049] Init: Port Power? op_state=1
[    1.039376] Init: Power Port (0)
[    1.042050] usb usb1: New USB device found, idVendor=1d6b, idProduct=0002, bcdDevice= 4.19
[    1.046807] usb usb1: New USB device strings: Mfr=3, Product=2, SerialNumber=1
[    1.049426] usb usb1: Product: DWC OTG Controller
[    1.051905] usb usb1: Manufacturer: Linux 4.19.118-v8+ dwc_otg_hcd
[    1.054442] usb usb1: SerialNumber: 3f980000.usb
[    1.057720] hub 1-0:1.0: USB hub found
[    1.060225] hub 1-0:1.0: 1 port detected
[    1.063885] usbcore: registered new interface driver uas
[    1.066352] usbcore: registered new interface driver usb-storage
[    1.068940] mousedev: PS/2 mouse device common for all mice
[    1.072816] bcm2835-wdt bcm2835-wdt: Broadcom BCM2835 watchdog timer
[    1.077394] sdhci: Secure Digital Host Controller Interface driver
[    1.079832] sdhci: Copyright(c) Pierre Ossman
[    1.082951] sdhost-bcm2835 3f202000.mmc: could not get clk, deferring probe
[    1.085708] sdhci-pltfm: SDHCI platform and OF driver helper
[    1.090361] ledtrig-cpu: registered to indicate activity on CPUs
[    1.093106] hidraw: raw HID events driver (C) Jiri Kosina
[    1.095789] usbcore: registered new interface driver usbhid
[    1.098301] usbhid: USB HID core driver
[    1.102023] vchiq: vchiq_init_state: slot_zero = (____ptrval____), is_master = 0
[    1.110885] Initializing XFRM netlink socket
[    1.113393] NET: Registered protocol family 17
[    1.115910] Key type dns_resolver registered
[    1.119676] registered taskstats version 1
[    1.122035] Loading compiled-in X.509 certificates
[    1.136288] uart-pl011 3f201000.serial: cts_event_workaround enabled
[    1.138944] 3f201000.serial: ttyAMA0 at MMIO 0x3f201000 (irq = 66, base_baud = 0) is a PL011 rev2
[    2.129631] console [ttyAMA0] enabled
[    2.137972] bcm2835-power bcm2835-power: Broadcom BCM2835 power domains driver
[    2.149933] sdhost: log_buf @ (____ptrval____) (fad07000)
[    2.207444] mmc0: sdhost-bcm2835 loaded - DMA enabled (>1)
[    2.219460] of_cfs_init
[    2.224619] of_cfs_init: OK
[    2.230719] Waiting for root device PARTUUID=4c999877-02...
[    2.252780] Indeed it is in host mode hprt0 = 00021501
[    2.314677] mmc0: host does not support reading read-only switch, assuming write-enable
[    2.345902] mmc0: new high speed SDHC card at address aaaa
[    2.356289] mmcblk0: mmc0:aaaa SC16G 14.8 GiB
[    2.373085]  mmcblk0: p1 p2
[    2.373395] random: fast init done
[    2.409622] EXT4-fs (mmcblk0p2): INFO: recovery required on readonly filesystem
[    2.419607] EXT4-fs (mmcblk0p2): write access will be enabled during recovery
[    2.468437] usb 1-1: new high-speed USB device number 2 using dwc_otg
[    2.477806] Indeed it is in host mode hprt0 = 00001101
[    2.527340] EXT4-fs (mmcblk0p2): recovery complete
[    2.539032] EXT4-fs (mmcblk0p2): mounted filesystem with ordered data mode. Opts: (null)
[    2.552147] VFS: Mounted root (ext4 filesystem) readonly on device 179:2.
[    2.573493] devtmpfs: mounted
[    2.585779] Freeing unused kernel memory: 1024K
[    2.593038] Run /sbin/init as init process
[    2.696932] usb 1-1: New USB device found, idVendor=0424, idProduct=9514, bcdDevice= 2.00
[    2.710488] usb 1-1: New USB device strings: Mfr=0, Product=0, SerialNumber=0
[    2.721461] hub 1-1:1.0: USB hub found
[    2.728219] hub 1-1:1.0: 5 ports detected
[    3.024528] usb 1-1.1: new high-speed USB device number 3 using dwc_otg
[    3.132903] usb 1-1.1: New USB device found, idVendor=0424, idProduct=ec00, bcdDevice= 2.00
[   49.284346] Unable to handle kernel paging request at virtual address 0000000604dd0917
[   49.294110] Mem abort info:
[   49.297805]   ESR = 0x96000005
[   49.301743]   Exception class = DABT (current EL), IL = 32 bits
[   49.308617]   SET = 0, FnV = 0
[   49.312576]   EA = 0, S1PTW = 0
[   49.316620] Data abort info:
[   49.320384]   ISV = 0, ISS = 0x00000005
[   49.325132]   CM = 0, WnR = 0
[   49.328971] [0000000604dd0917] address between user and kernel address ranges
[   49.337070] Internal error: Oops: 96000005 [#1] PREEMPT SMP
[   49.343634] Modules linked in: cfg80211 rfkill 8021q garp stp llc binfmt_misc bcm2835_codec(C) bcm2835_v4l2(C) v4l2_mem2mem v4l2_common videobuf2_vmalloc bcm2835_mmal_vchiq(C) v
ideobuf2_dma_contig raspberrypi_hwmon hwmon videobuf2_memops videobuf2_v4l2 videobuf2_common videodev media vc_sm_cma(C) uio_pdrv_genirq uio ip_tables x_tables ipv6
[   49.379471] Process test (pid: 492, stack limit = 0x0000000005ca6443)
[   49.387196] CPU: 0 PID: 492 Comm: test Tainted: G         C        4.19.118-v8+ #1311
[   49.397616] Hardware name: Raspberry Pi 3 Model B Rev 1.2 (DT)
[   49.404763] pstate: 00000085 (nzcv daIf -PAN -UAO)
[   49.410843] pc : task_tick_fair+0x138/0x578
[   49.416315] lr : update_curr+0x88/0x228
[   49.421438] sp : ffffff8008003c70
[   49.426016] x29: ffffff8008003c70 x28: 0000000000000001 
[   49.432596] x27: ffffff8008cac018 x26: 0000000000000080 
[   49.439166] x25: ffffff8008cac018 x24: afb504000afb5041 
[   49.445736] x23: ffffff8008cb8030 x22: 000000000020ee61 
[   49.452298] x21: ffffffc036420e00 x20: 0000000604dd07bf 
[   49.458855] x19: ffffffc034f69dc0 x18: 0000000000000000 
[   49.465371] x17: 0000000000000000 x16: 0000000000000000 
[   49.471836] x15: 0000000000000000 x14: 0000000000000000 
[   49.478238] x13: 0000000000000000 x12: 0000000000000000 
[   49.484564] x11: 0000000000000000 x10: 0000000000000000 
[   49.490811] x9 : 0000000000000000 x8 : ffffff8008cb9ec0 
[   49.497004] x7 : ffffff8008ce17d8 x6 : 0000000000332dda 
[   49.503150] x5 : 0000000000000015 x4 : 00000000000f3743 
[   49.509258] x3 : 0000000000000001 x2 : 000000000020ee61 
[   49.515310] x1 : 0000000604dd06ff x0 : ffffff800810db78 
[   49.521328] Call trace:
[   49.524433]  task_tick_fair+0x138/0x578
[   49.528919]  update_curr+0x88/0x228
[   49.533039]  task_tick_fair+0x144/0x578
[   49.537509]  scheduler_tick+0x74/0x108
[   49.541888]  update_process_times+0x48/0x60
[   49.546713]  tick_sched_handle.isra.5+0x44/0x68
[   49.551914]  tick_sched_timer+0x5c/0xb0
[   49.556421]  __hrtimer_run_queues+0x118/0x380
[   49.561467]  hrtimer_interrupt+0xf8/0x258
[   49.566172]  arch_timer_handler_phys+0x3c/0x50
[   49.571328]  handle_percpu_devid_irq+0xa4/0x2a0
[   49.576583]  generic_handle_irq+0x34/0x50
[   49.581340]  __handle_domain_irq+0x8c/0x100
[   49.586301]  bcm2836_arm_irqchip_handle_irq+0x68/0xd8
[   49.592179]  el0_irq_naked+0x50/0x5c
[   49.596587] Code: fa41a002 540017a3 f940aa94 b40017f4 (f940ae93) 
[   49.603566] ---[ end trace a64a6d521404cebf ]---
[   49.609075] Kernel panic - not syncing: Fatal exception in interrupt
[   49.616391] SMP: stopping secondary CPUs
[   49.621270] Kernel Offset: disabled
[   49.625695] CPU features: 0x0,24002004
[   49.630382] Memory Limit: none
[   49.634370] ---[ end Kernel panic - not syncing: Fatal exception in interrupt ]---
