[    0.000000] Booting Linux on physical CPU 0x0000000000 [0x410fd034]
[    0.000000] Linux version 4.19.118-v8+ (dom@buildbot) (gcc version 5.4.0 20160609 (Ubuntu/Linaro 5.4.0-6ubuntu1~16.04.9)) #1311 SMP PREEMPT Mon Apr 27 14:32:38 BST 2020
[    0.000000] Machine model: Raspberry Pi 3 Model B Rev 1.2
[    0.000000] efi: Getting EFI parameters from FDT:
[    0.000000] efi: UEFI not found.
[    0.000000] cma: Reserved 8 MiB at 0x000000003ac00000
[    0.000000] random: get_random_bytes called from start_kernel+0xb8/0x47c with crng_init=0
[    0.000000] percpu: Embedded 24 pages/cpu s58840 r8192 d31272 u98304
[    0.000000] Detected VIPT I-cache on CPU0
[    0.000000] CPU features: enabling workaround for ARM erratum 843419
[    0.000000] CPU features: enabling workaround for ARM erratum 845719
[    0.000000] Built 1 zonelists, mobility grouping on.  Total pages: 238896
[    0.000000] Kernel command line: coherent_pool=1M 8250.nr_uarts=1 snd_bcm2835.enable_compat_alsa=0 snd_bcm2835.enable_hdmi=1 snd_bcm2835.enable_headphones=1 bcm2708_fb.fbwidth=6
56 bcm2708_fb.fbheight=416 bcm2708_fb.fbswap=1 vc_mem.mem_base=0x3ec00000 vc_mem.mem_size=0x40000000  dwc_otg.lpm_enable=0 console=ttyAMA0,115200 console=tty1 root=PARTUUID=4c99987
7-02 rootfstype=ext4 elevator=deadline fsck.repair=yes rootwait
[    0.000000] Dentry cache hash table entries: 131072 (order: 8, 1048576 bytes)
[    0.000000] Inode-cache hash table entries: 65536 (order: 7, 524288 bytes)
[    0.000000] Memory: 929096K/970752K available (8700K kernel code, 1074K rwdata, 2760K rodata, 1024K init, 1126K bss, 33464K reserved, 8192K cma-reserved)
[    0.000000] SLUB: HWalign=64, Order=0-3, MinObjects=0, CPUs=4, Nodes=1
[    0.000000] ftrace: allocating 30496 entries in 120 pages
[    0.000000] rcu: Preemptible hierarchical RCU implementation.
[    0.000000] rcu:     RCU restricting CPUs from NR_CPUS=64 to nr_cpu_ids=4.
[    0.000000]  Tasks RCU enabled.
[    0.000000] rcu: Adjusting geometry for rcu_fanout_leaf=16, nr_cpu_ids=4
[    0.000000] NR_IRQS: 64, nr_irqs: 64, preallocated irqs: 0
[    0.000000] arch_timer: cp15 timer(s) running at 19.20MHz (phys).
[    0.000000] clocksource: arch_sys_counter: mask: 0xffffffffffffff max_cycles: 0x46d987e47, max_idle_ns: 440795202767 ns
[    0.000007] sched_clock: 56 bits at 19MHz, resolution 52ns, wraps every 4398046511078ns
[    0.000270] Console: colour dummy device 80x25
[    0.000935] console [tty1] enabled
[    0.001005] Calibrating delay loop (skipped), value calculated using timer frequency.. 38.40 BogoMIPS (lpj=76800)
[    0.001058] pid_max: default: 32768 minimum: 301
[    0.001491] Mount-cache hash table entries: 2048 (order: 2, 16384 bytes)
[    0.001547] Mountpoint-cache hash table entries: 2048 (order: 2, 16384 bytes)
[    0.024101] ASID allocator initialised with 32768 entries
[    0.032099] rcu: Hierarchical SRCU implementation.
[    0.040737] EFI services will not be available.
[    0.048177] smp: Bringing up secondary CPUs ...
[    0.080444] Detected VIPT I-cache on CPU1
[    0.080512] CPU1: Booted secondary processor 0x0000000001 [0x410fd034]
[    0.112568] Detected VIPT I-cache on CPU2
[    0.112617] CPU2: Booted secondary processor 0x0000000002 [0x410fd034]
[    0.144734] Detected VIPT I-cache on CPU3
[    0.144780] CPU3: Booted secondary processor 0x0000000003 [0x410fd034]
[    0.144965] smp: Brought up 1 node, 4 CPUs
[    0.145118] SMP: Total of 4 processors activated.
[    0.145152] CPU features: detected: 32-bit EL0 Support
[    0.146123] CPU: All CPU(s) started at EL2
[    0.146198] alternatives: patching kernel code
[    0.147818] devtmpfs: initialized
[    0.164006] Enabled cp15_barrier support
[    0.164073] Enabled setend support
[    0.164618] clocksource: jiffies: mask: 0xffffffff max_cycles: 0xffffffff, max_idle_ns: 7645041785100000 ns
[    0.164680] futex hash table entries: 1024 (order: 4, 65536 bytes)
[    0.165434] pinctrl core: initialized pinctrl subsystem
[    0.166325] DMI not present or invalid.
[    0.166891] NET: Registered protocol family 16
[    0.173338] cpuidle: using governor menu
[    0.173947] hw-breakpoint: found 6 breakpoint and 4 watchpoint registers.
[    0.178506] DMA: preallocated 1024 KiB pool for atomic allocations
[    0.178686] Serial: AMBA PL011 UART driver
[    0.183280] bcm2835-mbox 3f00b880.mailbox: mailbox enabled
[    0.192945] raspberrypi-firmware soc:firmware: Attached to firmware from 2020-04-15 11:43, variant start
[    0.196964] raspberrypi-firmware soc:firmware: Firmware hash is 82f9bb929ce2186eb1824178c1ae82902ad6275c
[    0.249915] bcm2835-dma 3f007000.dma: DMA legacy API manager at (____ptrval____), dmachans=0x1
[    0.253263] vgaarb: loaded
[    0.253769] SCSI subsystem initialized
[    0.254067] usbcore: registered new interface driver usbfs
[    0.254171] usbcore: registered new interface driver hub
[    0.254334] usbcore: registered new device driver usb
[    0.254512] pps_core: LinuxPPS API ver. 1 registered
[    0.254545] pps_core: Software ver. 5.3.6 - Copyright 2005-2007 Rodolfo Giometti <giometti@linux.it>
[    0.254604] PTP clock support registered
[    0.256421] clocksource: Switched to clocksource arch_sys_counter
[    0.381515] VFS: Disk quotas dquot_6.6.0
[    0.381657] VFS: Dquot-cache hash table entries: 512 (order 0, 4096 bytes)
[    0.381938] FS-Cache: Loaded
[    0.382223] CacheFiles: Loaded
[    0.394296] NET: Registered protocol family 2
[    0.395264] tcp_listen_portaddr_hash hash table entries: 512 (order: 1, 8192 bytes)
[    0.395340] TCP established hash table entries: 8192 (order: 4, 65536 bytes)
[    0.395483] TCP bind hash table entries: 8192 (order: 5, 131072 bytes)
[    0.395701] TCP: Hash tables configured (established 8192 bind 8192)
[    0.395979] UDP hash table entries: 512 (order: 2, 16384 bytes)
[    0.396056] UDP-Lite hash table entries: 512 (order: 2, 16384 bytes)
[    0.396483] NET: Registered protocol family 1
[    0.397492] RPC: Registered named UNIX socket transport module.
[    0.397529] RPC: Registered udp transport module.
[    0.397559] RPC: Registered tcp transport module.
[    0.397589] RPC: Registered tcp NFSv4.1 backchannel transport module.
[    0.400200] hw perfevents: enabled with armv8_cortex_a53 PMU driver, 7 counters available
[    0.400474] kvm [1]: 8-bit VMID
[    0.401320] kvm [1]: Hyp mode initialized successfully
[    0.406235] Initialise system trusted keyrings
[    0.406580] workingset: timestamp_bits=46 max_order=18 bucket_order=0
[    0.418919] FS-Cache: Netfs 'nfs' registered for caching
[    0.419975] NFS: Registering the id_resolver key type
[    0.420040] Key type id_resolver registered
[    0.420071] Key type id_legacy registered
[    0.420113] nfs4filelayout_init: NFSv4 File Layout Driver Registering...
[    0.427864] Key type asymmetric registered
[    0.427913] Asymmetric key parser 'x509' registered
[    0.428012] Block layer SCSI generic (bsg) driver version 0.4 loaded (major 248)
[    0.428307] io scheduler noop registered
[    0.428342] io scheduler deadline registered (default)
[    0.428659] io scheduler cfq registered
[    0.428692] io scheduler mq-deadline registered (default)
[    0.428726] io scheduler kyber registered
[    0.434354] bcm2708_fb soc:fb: FB found 1 display(s)
[    0.443833] Console: switching to colour frame buffer device 82x26
[    0.448773] bcm2708_fb soc:fb: Registered framebuffer for display 0, size 656x416
[    0.456179] Serial: 8250/16550 driver, 1 ports, IRQ sharing enabled
[    0.460725] bcm2835-rng 3f104000.rng: hwrng registered
[    0.463679] vc-mem: phys_addr:0x00000000 mem_base=0x3ec00000 mem_size:0x40000000(1024 MiB)
[    0.469474] gpiomem-bcm2835 3f200000.gpiomem: Initialised: Registers at 0x3f200000
[    0.475005] cacheinfo: Unable to detect cache hierarchy for CPU 0
[    0.493310] brd: module loaded
[    0.511256] loop: module loaded
[    0.514985] Loading iSCSI transport class v2.0-870.
[    0.520266] libphy: Fixed MDIO Bus: probed
[    0.523253] usbcore: registered new interface driver r8152
[    0.525916] usbcore: registered new interface driver lan78xx
[    0.528554] usbcore: registered new interface driver smsc95xx
[    0.531409] dwc_otg: version 3.00a 10-AUG-2012 (platform bus)
[    0.561944] dwc_otg 3f980000.usb: base=(____ptrval____)
[    0.777918] Core Release: 2.80a
[    0.780439] Setting default values for core params
[    0.782954] Finished setting default values for core params
[    0.999098] Using Buffer DMA mode
[    1.001509] Periodic Transfer Interrupt Enhancement - disabled
[    1.003938] Multiprocessor Interrupt Enhancement - disabled
[    1.006375] OTG VER PARAM: 0, OTG VER FLAG: 0
[    1.008745] Dedicated Tx FIFOs mode
[    1.011895] WARN::dwc_otg_hcd_init:1074: FIQ DMA bounce buffers: virt = ffffff80090c1000 dma = 0x00000000fad04000 len=9024
[    1.016486] FIQ FSM acceleration enabled for :
[    1.016486] Non-periodic Split Transactions
[    1.016486] Periodic Split Transactions
[    1.016486] High-Speed Isochronous Endpoints
[    1.016486] Interrupt/Control Split Transaction hack enabled
[    1.027282] WARN::hcd_init_fiq:497: MPHI regs_base at ffffff8008065000
[    1.029595] dwc_otg 3f980000.usb: DWC OTG Controller
[    1.031907] dwc_otg 3f980000.usb: new USB bus registered, assigned bus number 1
[    1.034394] dwc_otg 3f980000.usb: irq 9, io mem 0x00000000
[    1.036827] Init: Port Power? op_state=1
[    1.039154] Init: Power Port (0)
[    1.041845] usb usb1: New USB device found, idVendor=1d6b, idProduct=0002, bcdDevice= 4.19
[    1.046603] usb usb1: New USB device strings: Mfr=3, Product=2, SerialNumber=1
[    1.049165] usb usb1: Product: DWC OTG Controller
[    1.051643] usb usb1: Manufacturer: Linux 4.19.118-v8+ dwc_otg_hcd
[    1.054173] usb usb1: SerialNumber: 3f980000.usb
[    1.057465] hub 1-0:1.0: USB hub found
[    1.059968] hub 1-0:1.0: 1 port detected
[    1.063590] usbcore: registered new interface driver uas
[    1.066056] usbcore: registered new interface driver usb-storage
[    1.068615] mousedev: PS/2 mouse device common for all mice
[    1.072459] bcm2835-wdt bcm2835-wdt: Broadcom BCM2835 watchdog timer
[    1.077063] sdhci: Secure Digital Host Controller Interface driver
[    1.079500] sdhci: Copyright(c) Pierre Ossman
[    1.082623] sdhost-bcm2835 3f202000.mmc: could not get clk, deferring probe
[    1.085370] sdhci-pltfm: SDHCI platform and OF driver helper
[    1.090025] ledtrig-cpu: registered to indicate activity on CPUs
[    1.092761] hidraw: raw HID events driver (C) Jiri Kosina
[    1.095434] usbcore: registered new interface driver usbhid
[    1.097946] usbhid: USB HID core driver
[    1.101762] vchiq: vchiq_init_state: slot_zero = (____ptrval____), is_master = 0
[    1.110566] Initializing XFRM netlink socket
[    1.113086] NET: Registered protocol family 17
[    1.115586] Key type dns_resolver registered
[    1.119394] registered taskstats version 1
[    1.121745] Loading compiled-in X.509 certificates
[    1.136034] uart-pl011 3f201000.serial: cts_event_workaround enabled
[    1.138703] 3f201000.serial: ttyAMA0 at MMIO 0x3f201000 (irq = 66, base_baud = 0) is a PL011 rev2
[    2.129239] console [ttyAMA0] enabled
[    2.137452] bcm2835-power bcm2835-power: Broadcom BCM2835 power domains driver
[    2.149330] sdhost: log_buf @ (____ptrval____) (fad07000)
[    2.206577] mmc0: sdhost-bcm2835 loaded - DMA enabled (>1)
[    2.218484] of_cfs_init
[    2.223629] of_cfs_init: OK
[    2.229883] Waiting for root device PARTUUID=4c999877-02...
[    2.252618] Indeed it is in host mode hprt0 = 00021501
[    2.314774] mmc0: host does not support reading read-only switch, assuming write-enable
[    2.346004] mmc0: new high speed SDHC card at address aaaa
[    2.356216] mmcblk0: mmc0:aaaa SC16G 14.8 GiB
[    2.357681] random: fast init done
[    2.374686]  mmcblk0: p1 p2
[    2.405500] EXT4-fs (mmcblk0p2): mounted filesystem with ordered data mode. Opts: (null)
[    2.418824] VFS: Mounted root (ext4 filesystem) readonly on device 179:2.
[    2.439347] devtmpfs: mounted
[    2.451641] Freeing unused kernel memory: 1024K
[    2.458957] Run /sbin/init as init process
[    2.468504] usb 1-1: new high-speed USB device number 2 using dwc_otg
[    2.477918] Indeed it is in host mode hprt0 = 00001101
[    2.697008] usb 1-1: New USB device found, idVendor=0424, idProduct=9514, bcdDevice= 2.00
[    2.710458] usb 1-1: New USB device strings: Mfr=0, Product=0, SerialNumber=0
[    2.721362] hub 1-1:1.0: USB hub found
[    2.728195] hub 1-1:1.0: 5 ports detected
[    3.024499] usb 1-1.1: new high-speed USB device number 3 using dwc_otg
[    3.132990] usb 1-1.1: New USB device found, idVendor=0424, idProduct=ec00, bcdDevice= 2.00
[    3.146843] usb 1-1.1: New USB device strings: Mfr=0, Product=0, SerialNumber=0
[    3.160054] smsc95xx v1.0.6
[    3.206669] systemd[1]: System time before build time, advancing clock.
[    3.242998] smsc95xx 1-1.1:1.0 eth0: register 'smsc95xx' at usb-3f980000.usb-1.1, smsc95xx USB 2.0 Ethernet, b8:27:eb:6d:27:bc
[    3.415962] NET: Registered protocol family 10
[    3.425196] Segment Routing with IPv6
[    3.494970] systemd[1]: systemd 241 running in system mode. (+PAM +AUDIT +SELINUX +IMA +APPARMOR +SMACK +SYSVINIT +UTMP +LIBCRYPTSETUP +GCRYPT +GNUTLS +ACL +XZ +LZ4 +SECCOMP +BL
KID +ELFUTILS +KMOD -IDN2 +IDN -PCRE2 default-hierarchy=hybrid)
[    3.526508] systemd[1]: Detected architecture arm64.
[    3.556231] systemd[1]: Set hostname to <raspberrypi>.
[    3.683598] random: crng init done
[    3.788926] uart-pl011 3f201000.serial: no DMA platform data
[    4.595858] systemd[1]: Created slice User and Session Slice.
[    4.608765] systemd[1]: Reached target Slices.
[    4.619854] systemd[1]: Started Forward Password Requests to Wall Directory Watch.
[   49.668401] ------------[ cut here ]------------
[   49.673931] DEBUG_LOCKS_WARN_ON((val < PREEMPT_MASK) && !(preempt_count() & PREEMPT_MASK))
[   49.673961] WARNING: CPU: 0 PID: 493 at kernel/sched/core.c:3266 preempt_count_sub+0xc4/0xd0
[   49.694524] Modules linked in: cfg80211 rfkill 8021q garp stp llc binfmt_misc bcm2835_codec(C) bcm2835_v4l2(C) v4l2_mem2mem bcm2835_mmal_vchiq(C) v4l2_common videobuf2_dma_conti
g videobuf2_vmalloc videobuf2_memops videobuf2_v4l2 videobuf2_common raspberrypi_hwmon hwmon videodev media vc_sm_cma(C) uio_pdrv_genirq uio ip_tables x_tables ipv6
[   49.730456] CPU: 0 PID: 493 Comm: test Tainted: G         C        4.19.118-v8+ #1311
[   49.740837] Hardware name: Raspberry Pi 3 Model B Rev 1.2 (DT)
[   49.748030] pstate: 60000085 (nZCv daIf -PAN -UAO)
[   49.754197] pc : preempt_count_sub+0xc4/0xd0
[   49.759851] lr : preempt_count_sub+0xc4/0xd0
[   49.765480] sp : ffffff8008003d70
[   49.770135] x29: ffffff8008003d70 x28: 0000000000000003 
[   49.776812] x27: ffffff8008cac018 x26: 0000000000000080 
[   49.783465] x25: ffffff8008cac018 x24: ffffff8008cc86d8 
[   49.790106] x23: ffffff80081685d0 x22: 000000000000600c 
[   49.796731] x21: 0000000b80f71b1d x20: ffffff8008df98c0 
[   49.803317] x19: 0000000000000001 x18: ffffff8009909dd8 
[   49.809854] x17: 0000000000000000 x16: 0000000000000000 
[   49.816333] x15: 0000000000000a40 x14: 5f54504d45455250 
[   49.822757] x13: 2026202928746e75 x12: 6f635f74706d6565 
[   49.829143] x11: 7270282120262620 x10: 294b53414d5f5450 
[   49.835481] x9 : 4d45455250203c20 x8 : 6c617628284e4f5f 
[   49.841779] x7 : 4e5241575f534b43 x6 : ffffff8008dd6176 
[   49.848033] x5 : 0000000000000015 x4 : 0000000000000000 
[   49.854243] x3 : 0000000000000000 x2 : 0000004031ec6000 
[   49.860411] x1 : 5c12174d01c22c00 x0 : 0000000000000000 
[   49.866541] Call trace:
[   49.869755]  preempt_count_sub+0xc4/0xd0
[   49.874444]  _raw_spin_unlock_irqrestore+0x38/0x88
[   49.880010]  arch_counter_read+0x20/0x30
[   49.884729]  ktime_get+0x4c/0xb0
[   49.888742]  tick_sched_timer+0x3c/0xb0
[   49.893375]  __hrtimer_run_queues+0x118/0x380
[   49.898555]  hrtimer_interrupt+0xf8/0x258
[   49.903395]  arch_timer_handler_phys+0x3c/0x50
[   49.908686]  handle_percpu_devid_irq+0xa4/0x2a0
[   49.914055]  generic_handle_irq+0x34/0x50
[   49.918906]  __handle_domain_irq+0x8c/0x100
[   49.923947]  bcm2836_arm_irqchip_handle_irq+0x68/0xd8
[   49.929886]  el0_irq_naked+0x50/0x5c
[   49.934332] ---[ end trace c2948ab3e5bdada5 ]---
[   49.939841] Unable to handle kernel read from unreadable memory at virtual address ffffffc03ab7a7c0
[   49.950768] Mem abort info:
[   49.954488]   ESR = 0x8600000e
[   49.958475]   Exception class = IABT (current EL), IL = 32 bits
[   49.965385]   SET = 0, FnV = 0
[   49.969395]   EA = 0, S1PTW = 0
[   49.973486] swapper pgtable: 4k pages, 39-bit VAs, pgdp = 000000006f4aeaa3
[   49.981384] [ffffffc03ab7a7c0] pgd=000000003abf8003, pud=000000003abf8003, pmd=006800003aa00711
[   49.992168] Internal error: Oops: 8600000e [#1] PREEMPT SMP
[   49.998850] Modules linked in: cfg80211 rfkill 8021q garp stp llc binfmt_misc bcm2835_codec(C) bcm2835_v4l2(C) v4l2_mem2mem bcm2835_mmal_vchiq(C) v4l2_common videobuf2_dma_conti
g videobuf2_vmalloc videobuf2_memops videobuf2_v4l2 videobuf2_common raspberrypi_hwmon hwmon videodev media vc_sm_cma(C) uio_pdrv_genirq uio ip_tables x_tables ipv6
[   50.035184] Process test (pid: 493, stack limit = 0x00000000a8ffd328)
[   50.043002] CPU: 0 PID: 493 Comm: test Tainted: G        WC        4.19.118-v8+ #1311
[   50.053595] Hardware name: Raspberry Pi 3 Model B Rev 1.2 (DT)
[   50.060864] pstate: 60000085 (nZCv daIf -PAN -UAO)
[   50.067063] pc : 0xffffffc03ab7a7c0
[   50.071902] lr : 0xffffffc03ab7a7c0
[   50.076717] sp : ffffff8008003dd0
[   50.081358] x29: ffffffc03ab7ac78 x28: 0000000000000003 
[   50.088010] x27: ffffff8008cac018 x26: 0000000000000080 
[   50.094632] x25: ffffff8008cac018 x24: ffffff8008cc86d8 
[   50.101259] x23: ffffff80081685d0 x22: 000000000000600c 
[   50.107848] x21: 0000000b80f71b1d x20: ffffff8008158dbc 
[   50.114410] x19: ffffff8008003df0 x18: ffffff8009909dd8 
[   50.120920] x17: 0000000000000000 x16: 0000000000000000 
[   50.127410] x15: 0000000000000a40 x14: 5f54504d45455250 
[   50.133849] x13: 2026202928746e75 x12: 6f635f74706d6565 
[   50.140246] x11: 7270282120262620 x10: 294b53414d5f5450 
[   50.146598] x9 : 4d45455250203c20 x8 : 6c617628284e4f5f 
[   50.152905] x7 : 4e5241575f534b43 x6 : ffffff8008dd6176 
[   50.159175] x5 : 0000000000000015 x4 : 0000000000000000 
[   50.165411] x3 : 0000000000000000 x2 : 0000004031ec6000 
[   50.171590] x1 : 0000000000010000 x0 : ffffffc0335fd700 
[   50.177730] Call trace:
[   50.180948]  0xffffffc03ab7a7c0
[   50.184840] Code: ffffffff 7fffffff 00000000 00000000 (3ab7a780) 
[   50.191738] ---[ end trace c2948ab3e5bdada6 ]---
[   50.197191] Kernel panic - not syncing: Fatal exception in interrupt
[   50.204441] SMP: stopping secondary CPUs
[   50.209251] Kernel Offset: disabled
[   50.213632] CPU features: 0x0,24002004
[   50.218280] Memory Limit: none
[   50.222233] ---[ end Kernel panic - not syncing: Fatal exception in interrupt ]---
