[    0.000000] Booting Linux on physical CPU 0x0000000000 [0x410fd034]
[    0.000000] Linux version 4.19.118-v8+ (dom@buildbot) (gcc version 5.4.0 20160609 (Ubuntu/Linaro 5.4.0-6ubuntu1~16.04.9)) #1311 SMP PREEMPT Mon Apr 27 14:32:38 BST 2020
[    0.000000] Machine model: Raspberry Pi 3 Model B Rev 1.2
[    0.000000] efi: Getting EFI parameters from FDT:
[    0.000000] efi: UEFI not found.
[    0.000000] cma: Reserved 8 MiB at 0x000000003ac00000
[    0.000000] random: get_random_bytes called from start_kernel+0xb8/0x47c with crng_init=0
[    0.000000] percpu: Embedded 24 pages/cpu s58840 r8192 d31272 u98304
[    0.000000] Detected VIPT I-cache on CPU0
[    0.000000] CPU features: enabling workaround for ARM erratum 843419
[    0.000000] CPU features: enabling workaround for ARM erratum 845719
[    0.000000] Built 1 zonelists, mobility grouping on.  Total pages: 238896
[    0.000000] Kernel command line: coherent_pool=1M 8250.nr_uarts=1 snd_bcm2835.enable_compat_alsa=0 snd_bcm2835.enable_hdmi=1 snd_bcm2835.enable_headphones=1 bcm2708_fb.fbwidth
=656 bcm2708_fb.fbheight=416 bcm2708_fb.fbswap=1 vc_mem.mem_base=0x3ec00000 vc_mem.mem_size=0x40000000  dwc_otg.lpm_enable=0 console=ttyAMA0,115200 console=tty1 root=PARTUUID=4c9
99877-02 rootfstype=ext4 elevator=deadline fsck.repair=yes rootwait
[    0.000000] Dentry cache hash table entries: 131072 (order: 8, 1048576 bytes)
[    0.000000] Inode-cache hash table entries: 65536 (order: 7, 524288 bytes)
[    0.000000] Memory: 929096K/970752K available (8700K kernel code, 1074K rwdata, 2760K rodata, 1024K init, 1126K bss, 33464K reserved, 8192K cma-reserved)
[    0.000000] SLUB: HWalign=64, Order=0-3, MinObjects=0, CPUs=4, Nodes=1
[    0.000000] ftrace: allocating 30496 entries in 120 pages
[    0.000000] rcu: Preemptible hierarchical RCU implementation.
[    0.000000] rcu:     RCU restricting CPUs from NR_CPUS=64 to nr_cpu_ids=4.
[    0.000000]  Tasks RCU enabled.
[    0.000000] rcu: Adjusting geometry for rcu_fanout_leaf=16, nr_cpu_ids=4
[    0.000000] NR_IRQS: 64, nr_irqs: 64, preallocated irqs: 0
[    0.000000] arch_timer: cp15 timer(s) running at 19.20MHz (phys).
[    0.000000] clocksource: arch_sys_counter: mask: 0xffffffffffffff max_cycles: 0x46d987e47, max_idle_ns: 440795202767 ns
[    0.000008] sched_clock: 56 bits at 19MHz, resolution 52ns, wraps every 4398046511078ns
[    0.000272] Console: colour dummy device 80x25
[    0.000935] console [tty1] enabled
[    0.001005] Calibrating delay loop (skipped), value calculated using timer frequency.. 38.40 BogoMIPS (lpj=76800)
[    0.001057] pid_max: default: 32768 minimum: 301
[    0.001483] Mount-cache hash table entries: 2048 (order: 2, 16384 bytes)
[    0.001540] Mountpoint-cache hash table entries: 2048 (order: 2, 16384 bytes)
[    0.024102] ASID allocator initialised with 32768 entries
[    0.032100] rcu: Hierarchical SRCU implementation.
[    0.040739] EFI services will not be available.
[    0.048178] smp: Bringing up secondary CPUs ...
[    0.080446] Detected VIPT I-cache on CPU1
[    0.080513] CPU1: Booted secondary processor 0x0000000001 [0x410fd034]
[    0.112573] Detected VIPT I-cache on CPU2
[    0.112621] CPU2: Booted secondary processor 0x0000000002 [0x410fd034]
[    0.144736] Detected VIPT I-cache on CPU3
[    0.144782] CPU3: Booted secondary processor 0x0000000003 [0x410fd034]
[    0.144966] smp: Brought up 1 node, 4 CPUs
[    0.145120] SMP: Total of 4 processors activated.
[    0.145155] CPU features: detected: 32-bit EL0 Support
[    0.146130] CPU: All CPU(s) started at EL2
[    0.146204] alternatives: patching kernel code
[    0.147825] devtmpfs: initialized
[    0.164021] Enabled cp15_barrier support
[    0.164088] Enabled setend support
[    0.164634] clocksource: jiffies: mask: 0xffffffff max_cycles: 0xffffffff, max_idle_ns: 7645041785100000 ns
[    0.164696] futex hash table entries: 1024 (order: 4, 65536 bytes)
[    0.165449] pinctrl core: initialized pinctrl subsystem
[    0.166340] DMI not present or invalid.
[    0.166912] NET: Registered protocol family 16
[    0.173371] cpuidle: using governor menu
[    0.173982] hw-breakpoint: found 6 breakpoint and 4 watchpoint registers.
[    0.178533] DMA: preallocated 1024 KiB pool for atomic allocations
[    0.178713] Serial: AMBA PL011 UART driver
[    0.183291] bcm2835-mbox 3f00b880.mailbox: mailbox enabled
[    0.192936] raspberrypi-firmware soc:firmware: Attached to firmware from 2020-04-15 11:43, variant start
[    0.196954] raspberrypi-firmware soc:firmware: Firmware hash is 82f9bb929ce2186eb1824178c1ae82902ad6275c
[    0.245806] bcm2835-dma 3f007000.dma: DMA legacy API manager at (____ptrval____), dmachans=0x1
[    0.249115] vgaarb: loaded
[    0.249708] SCSI subsystem initialized
[    0.250005] usbcore: registered new interface driver usbfs
[    0.250109] usbcore: registered new interface driver hub
[    0.250271] usbcore: registered new device driver usb
[    0.250448] pps_core: LinuxPPS API ver. 1 registered
[    0.250482] pps_core: Software ver. 5.3.6 - Copyright 2005-2007 Rodolfo Giometti <giometti@linux.it>
[    0.250542] PTP clock support registered
[    0.252336] clocksource: Switched to clocksource arch_sys_counter
[    0.377514] VFS: Disk quotas dquot_6.6.0
[    0.377655] VFS: Dquot-cache hash table entries: 512 (order 0, 4096 bytes)
[    0.377889] FS-Cache: Loaded
[    0.378175] CacheFiles: Loaded
[    0.390238] NET: Registered protocol family 2
[    0.391204] tcp_listen_portaddr_hash hash table entries: 512 (order: 1, 8192 bytes)
[    0.391280] TCP established hash table entries: 8192 (order: 4, 65536 bytes)
[    0.391422] TCP bind hash table entries: 8192 (order: 5, 131072 bytes)
[    0.391640] TCP: Hash tables configured (established 8192 bind 8192)
[    0.391919] UDP hash table entries: 512 (order: 2, 16384 bytes)
[    0.391996] UDP-Lite hash table entries: 512 (order: 2, 16384 bytes)
[    0.392428] NET: Registered protocol family 1
[    0.393412] RPC: Registered named UNIX socket transport module.
[    0.393449] RPC: Registered udp transport module.
[    0.393480] RPC: Registered tcp transport module.
[    0.393509] RPC: Registered tcp NFSv4.1 backchannel transport module.
[    0.396146] hw perfevents: enabled with armv8_cortex_a53 PMU driver, 7 counters available
[    0.396411] kvm [1]: 8-bit VMID
[    0.397248] kvm [1]: Hyp mode initialized successfully
[    0.402146] Initialise system trusted keyrings
[    0.402517] workingset: timestamp_bits=46 max_order=18 bucket_order=0
[    0.414712] FS-Cache: Netfs 'nfs' registered for caching
[    0.419809] NFS: Registering the id_resolver key type
[    0.419870] Key type id_resolver registered
[    0.419900] Key type id_legacy registered
[    0.419942] nfs4filelayout_init: NFSv4 File Layout Driver Registering...
[    0.427655] Key type asymmetric registered
[    0.427704] Asymmetric key parser 'x509' registered
[    0.427805] Block layer SCSI generic (bsg) driver version 0.4 loaded (major 248)
[    0.432113] io scheduler noop registered
[    0.432147] io scheduler deadline registered (default)
[    0.432459] io scheduler cfq registered
[    0.432493] io scheduler mq-deadline registered (default)
[    0.432526] io scheduler kyber registered
[    0.438112] bcm2708_fb soc:fb: FB found 1 display(s)
[    0.447621] Console: switching to colour frame buffer device 82x26
[    0.452601] bcm2708_fb soc:fb: Registered framebuffer for display 0, size 656x416
[    0.459966] Serial: 8250/16550 driver, 1 ports, IRQ sharing enabled
[    0.464527] bcm2835-rng 3f104000.rng: hwrng registered
[    0.467463] vc-mem: phys_addr:0x00000000 mem_base=0x3ec00000 mem_size:0x40000000(1024 MiB)
[    0.473274] gpiomem-bcm2835 3f200000.gpiomem: Initialised: Registers at 0x3f200000
[    0.478796] cacheinfo: Unable to detect cache hierarchy for CPU 0
[    0.497540] brd: module loaded
[    0.515575] loop: module loaded
[    0.519333] Loading iSCSI transport class v2.0-870.
[    0.524756] libphy: Fixed MDIO Bus: probed
[    0.527688] usbcore: registered new interface driver r8152
[    0.530343] usbcore: registered new interface driver lan78xx
[    0.532980] usbcore: registered new interface driver smsc95xx
[    0.535843] dwc_otg: version 3.00a 10-AUG-2012 (platform bus)
[    0.566382] dwc_otg 3f980000.usb: base=(____ptrval____)
[    0.781867] Core Release: 2.80a
[    0.784390] Setting default values for core params
[    0.786905] Finished setting default values for core params
[    1.002411] Using Buffer DMA mode
[    1.004821] Periodic Transfer Interrupt Enhancement - disabled
[    1.007242] Multiprocessor Interrupt Enhancement - disabled
[    1.009674] OTG VER PARAM: 0, OTG VER FLAG: 0
[    1.012008] Dedicated Tx FIFOs mode
[    1.015127] WARN::dwc_otg_hcd_init:1074: FIQ DMA bounce buffers: virt = ffffff80090c1000 dma = 0x00000000fad04000 len=9024
[    1.019658] FIQ FSM acceleration enabled for :
[    1.019658] Non-periodic Split Transactions
[    1.019658] Periodic Split Transactions
[    1.019658] High-Speed Isochronous Endpoints
[    1.019658] Interrupt/Control Split Transaction hack enabled
[    1.030454] WARN::hcd_init_fiq:497: MPHI regs_base at ffffff8008065000
[    1.032765] dwc_otg 3f980000.usb: DWC OTG Controller
[    1.035098] dwc_otg 3f980000.usb: new USB bus registered, assigned bus number 1
[    1.037581] dwc_otg 3f980000.usb: irq 9, io mem 0x00000000
[    1.039981] Init: Port Power? op_state=1
[    1.042329] Init: Power Port (0)
[    1.044995] usb usb1: New USB device found, idVendor=1d6b, idProduct=0002, bcdDevice= 4.19
[    1.049733] usb usb1: New USB device strings: Mfr=3, Product=2, SerialNumber=1
[    1.052259] usb usb1: Product: DWC OTG Controller
[    1.054760] usb usb1: Manufacturer: Linux 4.19.118-v8+ dwc_otg_hcd
[    1.057290] usb usb1: SerialNumber: 3f980000.usb
[    1.060591] hub 1-0:1.0: USB hub found
[    1.063088] hub 1-0:1.0: 1 port detected
[    1.066665] usbcore: registered new interface driver uas
[    1.069131] usbcore: registered new interface driver usb-storage
[    1.071653] mousedev: PS/2 mouse device common for all mice
[    1.075520] bcm2835-wdt bcm2835-wdt: Broadcom BCM2835 watchdog timer
[    1.080117] sdhci: Secure Digital Host Controller Interface driver
[    1.082591] sdhci: Copyright(c) Pierre Ossman
[    1.085703] sdhost-bcm2835 3f202000.mmc: could not get clk, deferring probe
[    1.088442] sdhci-pltfm: SDHCI platform and OF driver helper
[    1.093068] ledtrig-cpu: registered to indicate activity on CPUs
[    1.095771] hidraw: raw HID events driver (C) Jiri Kosina
[    1.098493] usbcore: registered new interface driver usbhid
[    1.100990] usbhid: USB HID core driver
[    1.104712] vchiq: vchiq_init_state: slot_zero = (____ptrval____), is_master = 0
[    1.113605] Initializing XFRM netlink socket
[    1.116059] NET: Registered protocol family 17
[    1.118579] Key type dns_resolver registered
[    1.122357] registered taskstats version 1
[    1.124717] Loading compiled-in X.509 certificates
[    1.138991] uart-pl011 3f201000.serial: cts_event_workaround enabled
[    1.141646] 3f201000.serial: ttyAMA0 at MMIO 0x3f201000 (irq = 66, base_baud = 0) is a PL011 rev2
[    2.132236] console [ttyAMA0] enabled
[    2.140581] bcm2835-power bcm2835-power: Broadcom BCM2835 power domains driver
[    2.152521] sdhost: log_buf @ (____ptrval____) (fad07000)
[    2.209492] mmc0: sdhost-bcm2835 loaded - DMA enabled (>1)
[    2.221311] of_cfs_init
[    2.226427] of_cfs_init: OK
[    2.232761] Waiting for root device PARTUUID=4c999877-02...
[    2.258496] Indeed it is in host mode hprt0 = 00021501
[    2.326690] mmc0: host does not support reading read-only switch, assuming write-enable
[    2.356958] mmc0: new high speed SDHC card at address aaaa
[    2.367357] mmcblk0: mmc0:aaaa SC16G 14.8 GiB
[    2.379387] random: fast init done
[    2.384083]  mmcblk0: p1 p2
[    2.420033] EXT4-fs (mmcblk0p2): mounted filesystem with ordered data mode. Opts: (null)
[    2.433305] VFS: Mounted root (ext4 filesystem) readonly on device 179:2.
[    2.454445] devtmpfs: mounted
[    2.467376] Freeing unused kernel memory: 1024K
[    2.474710] Run /sbin/init as init process
[    2.476427] usb 1-1: new high-speed USB device number 2 using dwc_otg
[    2.490642] Indeed it is in host mode hprt0 = 00001101
[    2.708987] usb 1-1: New USB device found, idVendor=0424, idProduct=9514, bcdDevice= 2.00
[    2.722414] usb 1-1: New USB device strings: Mfr=0, Product=0, SerialNumber=0
[    2.733332] hub 1-1:1.0: USB hub found
[    2.740165] hub 1-1:1.0: 5 ports detected
[    3.036407] usb 1-1.1: new high-speed USB device number 3 using dwc_otg
[    3.144900] usb 1-1.1: New USB device found, idVendor=0424, idProduct=ec00, bcdDevice= 2.00
[    3.158737] usb 1-1.1: New USB device strings: Mfr=0, Product=0, SerialNumber=0
[    3.171955] smsc95xx v1.0.6
[    3.223525] systemd[1]: System time before build time, advancing clock.
[    3.247049] smsc95xx 1-1.1:1.0 eth0: register 'smsc95xx' at usb-3f980000.usb-1.1, smsc95xx USB 2.0 Ethernet, b8:27:eb:6d:27:bc
[    3.433209] NET: Registered protocol family 10
[    3.442403] Segment Routing with IPv6
[    3.511870] systemd[1]: systemd 241 running in system mode. (+PAM +AUDIT +SELINUX +IMA +APPARMOR +SMACK +SYSVINIT +UTMP +LIBCRYPTSETUP +GCRYPT +GNUTLS +ACL +XZ +LZ4 +SECCOMP +
BLKID +ELFUTILS +KMOD -IDN2 +IDN -PCRE2 default-hierarchy=hybrid)
[    3.543383] systemd[1]: Detected architecture arm64.
[    3.572949] systemd[1]: Set hostname to <raspberrypi>.
[    3.735339] uart-pl011 3f201000.serial: no DMA platform data
[    3.767144] random: crng init done
[    4.615544] systemd[1]: Listening on Journal Socket (/dev/log).
[    4.629386] systemd[1]: Listening on initctl Compatibility Named Pipe.
[    4.647218] systemd[1]: Created slice User and Session Slice.
[    4.660452] systemd[1]: Listening on fsck to fsckd communication Socket.
[    4.677810] systemd[1]: Created slice system-systemd\x2dfsck.slice.
[    4.691573] systemd[1]: Listening on udev Kernel Socket.
[    4.703529] systemd[1]: Reached target Swap.
[   88.105957] DEBUG_LOCKS_WARN_ON((val < PREEMPT_MASK) && !(preempt_count() & PREEMPT_MASK))
[   88.105986] WARNING: CPU: 0 PID: 492 at kernel/sched/core.c:3266 preempt_count_sub+0xc4/0xd0
[   88.126551] Modules linked in: cfg80211 rfkill 8021q garp stp llc binfmt_misc bcm2835_v4l2(C) bcm2835_codec(C) v4l2_mem2mem v4l2_common bcm2835_mmal_vchiq(C) videobuf2_vmalloc
 videobuf2_dma_contig videobuf2_memops videobuf2_v4l2 videobuf2_common raspberrypi_hwmon hwmon videodev media vc_sm_cma(C) uio_pdrv_genirq uio ip_tables x_tables ipv6
[   88.162487] CPU: 0 PID: 492 Comm: test Tainted: G         C        4.19.118-v8+ #1311
[   88.172870] Hardware name: Raspberry Pi 3 Model B Rev 1.2 (DT)
[   88.180061] pstate: 60000085 (nZCv daIf -PAN -UAO)
[   88.186228] pc : preempt_count_sub+0xc4/0xd0
[   88.191876] lr : preempt_count_sub+0xc4/0xd0
[   88.197504] sp : ffffff8008003da0
[   88.202157] x29: ffffff8008003da0 x28: 0000000000000003 
[   88.208828] x27: ffffff8008cac018 x26: 0000000000000080 
[   88.215482] x25: ffffff8008cac018 x24: ffffff8008cc86d8 
[   88.222123] x23: ffffff80081685d0 x22: 000000000000ab18 
[   88.228743] x21: 000000144cd5a7c7 x20: ffffff8008df98c0 
[   88.235332] x19: 0000000000000001 x18: ffffff8009909dd8 
[   88.241864] x17: 0000000000000000 x16: 0000000000000000 
[   88.248341] x15: 0000000000000a40 x14: 5f54504d45455250 
[   88.254763] x13: 2026202928746e75 x12: 6f635f74706d6565 
[   88.261144] x11: 7270282120262620 x10: 294b53414d5f5450 
[   88.267484] x9 : 4d45455250203c20 x8 : 6c617628284e4f5f 
[   88.273781] x7 : 4e5241575f534b43 x6 : ffffff8008dd6176 
[   88.280033] x5 : 0000000000000015 x4 : 0000000000000000 
[   88.286246] x3 : 0000000000000000 x2 : 0000004031ec6000 
[   88.292409] x1 : 5c12174d01c22c00 x0 : 0000000000000000 
[   88.298541] Call trace:
[   88.301756]  preempt_count_sub+0xc4/0xd0
[   88.306445]  _raw_spin_unlock_irqrestore+0x38/0x88
[   88.312014]  tick_sched_timer+0x3c/0xb0
[   88.316648]  __hrtimer_run_queues+0x118/0x380
[   88.321813]  hrtimer_interrupt+0xf8/0x258
[   88.326632]  arch_timer_handler_phys+0x3c/0x50
[   88.331915]  handle_percpu_devid_irq+0xa4/0x2a0
[   88.337294]  generic_handle_irq+0x34/0x50
[   88.342150]  __handle_domain_irq+0x8c/0x100
[   88.347182]  bcm2836_arm_irqchip_handle_irq+0x68/0xd8
[   88.353112]  el0_irq_naked+0x50/0x5c
[   88.357585] ---[ end trace 1a2a1ba67eb93758 ]---
[   88.363128] Unable to handle kernel paging request at virtual address 000000144cd5a8cf
[   88.372950] Mem abort info:
[   88.376687]   ESR = 0x96000005
[   88.380673]   Exception class = DABT (current EL), IL = 32 bits
[   88.387568]   SET = 0, FnV = 0
[   88.391594]   EA = 0, S1PTW = 0
[   88.395701] Data abort info:
[   88.399523]   ISV = 0, ISS = 0x00000005
[   88.404308]   CM = 0, WnR = 0
[   88.408204] [000000144cd5a8cf] address between user and kernel address ranges
[   88.416351] Internal error: Oops: 96000005 [#1] PREEMPT SMP
[   88.422948] Modules linked in: cfg80211 rfkill 8021q garp stp llc binfmt_misc bcm2835_v4l2(C) bcm2835_codec(C) v4l2_mem2mem v4l2_common bcm2835_mmal_vchiq(C) videobuf2_vmalloc
 videobuf2_dma_contig videobuf2_memops videobuf2_v4l2 videobuf2_common raspberrypi_hwmon hwmon videodev media vc_sm_cma(C) uio_pdrv_genirq uio ip_tables x_tables ipv6
[   88.458857] Process test (pid: 492, stack limit = 0x00000000dddef122)
[   88.466583] CPU: 0 PID: 492 Comm: test Tainted: G        WC        4.19.118-v8+ #1311
[   88.476989] Hardware name: Raspberry Pi 3 Model B Rev 1.2 (DT)
[   88.484138] pstate: 80000085 (Nzcv daIf -PAN -UAO)
[   88.490211] pc : tick_sched_handle.isra.5+0x34/0x68
[   88.496385] lr : tick_sched_timer+0x5c/0xb0
[   88.501859] sp : ffffff8008003dc0
[   88.506436] x29: ffffff8008003dc0 x28: 0000000000000003 
[   88.513020] x27: ffffff8008cac018 x26: 0000000000000080 
[   88.519597] x25: ffffff8008cac018 x24: ffffff8008cc86d8 
[   88.526170] x23: ffffff80081685d0 x22: 000000000000ab18 
[   88.532744] x21: 000000144cd5a7c7 x20: 000000144cd5a8cf 
[   88.539322] x19: ffffffc03ab7ac78 x18: ffffff8009909dd8 
[   88.545875] x17: 0000000000000000 x16: 0000000000000000 
[   88.552395] x15: 0000000000000a40 x14: 5f54504d45455250 
[   88.558866] x13: 2026202928746e75 x12: 6f635f74706d6565 
[   88.565295] x11: 7270282120262620 x10: 294b53414d5f5450 
[   88.571682] x9 : 4d45455250203c20 x8 : 6c617628284e4f5f
