[    0.000000] Booting Linux on physical CPU 0x0000000000 [0x410fd034]
[    0.000000] Linux version 4.19.118-v8+ (dom@buildbot) (gcc version 5.4.0 20160609 (Ubuntu/Linaro 5.4.0-6ubuntu1~16.04.9)) #1311 SMP PREEMPT Mon Apr 27 14:32:38 BST 2020
[    0.000000] Machine model: Raspberry Pi 3 Model B Plus Rev 1.3
[    0.000000] efi: Getting EFI parameters from FDT:
[    0.000000] efi: UEFI not found.
[    0.000000] cma: Reserved 8 MiB at 0x000000003ac00000
[    0.000000] random: get_random_bytes called from start_kernel+0xb8/0x47c with crng_init=0
[    0.000000] percpu: Embedded 24 pages/cpu s58840 r8192 d31272 u98304
[    0.000000] Detected VIPT I-cache on CPU0
[    0.000000] CPU features: enabling workaround for ARM erratum 843419
[    0.000000] CPU features: enabling workaround for ARM erratum 845719
[    0.000000] Built 1 zonelists, mobility grouping on.  Total pages: 238896
[    0.000000] Kernel command line: coherent_pool=1M 8250.nr_uarts=1 snd_bcm2835.enable_compat_alsa=0 snd_bcm2835.enable_hdmi=1 snd_bcm2835.enable_headphones=1 bcm2708_fb.fbwidth
=656 bcm2708_fb.fbheight=416 bcm2708_fb.fbswap=1 vc_mem.mem_base=0x3ec00000 vc_mem.mem_size=0x40000000  dwc_otg.lpm_enable=0 console=ttyAMA0,115200 console=tty1 root=PARTUUID=4c9
99877-02 rootfstype=ext4 elevator=deadline fsck.repair=yes rootwait
[    0.000000] Dentry cache hash table entries: 131072 (order: 8, 1048576 bytes)
[    0.000000] Inode-cache hash table entries: 65536 (order: 7, 524288 bytes)
[    0.000000] Memory: 929092K/970752K available (8700K kernel code, 1074K rwdata, 2760K rodata, 1024K init, 1126K bss, 33468K reserved, 8192K cma-reserved)
[    0.000000] SLUB: HWalign=64, Order=0-3, MinObjects=0, CPUs=4, Nodes=1
[    0.000000] ftrace: allocating 30496 entries in 120 pages
[    0.000000] rcu: Preemptible hierarchical RCU implementation.
[    0.000000] rcu:     RCU restricting CPUs from NR_CPUS=64 to nr_cpu_ids=4.
[    0.000000]  Tasks RCU enabled.
[    0.000000] rcu: Adjusting geometry for rcu_fanout_leaf=16, nr_cpu_ids=4
[    0.000000] NR_IRQS: 64, nr_irqs: 64, preallocated irqs: 0
[    0.000000] arch_timer: cp15 timer(s) running at 19.20MHz (phys).
[    0.000000] clocksource: arch_sys_counter: mask: 0xffffffffffffff max_cycles: 0x46d987e47, max_idle_ns: 440795202767 ns
[    0.000007] sched_clock: 56 bits at 19MHz, resolution 52ns, wraps every 4398046511078ns
[    0.000270] Console: colour dummy device 80x25
[    0.000936] console [tty1] enabled
[    0.001005] Calibrating delay loop (skipped), value calculated using timer frequency.. 38.40 BogoMIPS (lpj=76800)
[    0.001058] pid_max: default: 32768 minimum: 301
[    0.001490] Mount-cache hash table entries: 2048 (order: 2, 16384 bytes)
[    0.001545] Mountpoint-cache hash table entries: 2048 (order: 2, 16384 bytes)
[    0.024100] ASID allocator initialised with 32768 entries
[    0.032098] rcu: Hierarchical SRCU implementation.
[    0.040735] EFI services will not be available.
[    0.048176] smp: Bringing up secondary CPUs ...
[    0.080441] Detected VIPT I-cache on CPU1
[    0.080510] CPU1: Booted secondary processor 0x0000000001 [0x410fd034]
[    0.112566] Detected VIPT I-cache on CPU2
[    0.112614] CPU2: Booted secondary processor 0x0000000002 [0x410fd034]
[    0.144730] Detected VIPT I-cache on CPU3
[    0.144776] CPU3: Booted secondary processor 0x0000000003 [0x410fd034]
[    0.144961] smp: Brought up 1 node, 4 CPUs
[    0.145116] SMP: Total of 4 processors activated.
[    0.145150] CPU features: detected: 32-bit EL0 Support
[    0.146122] CPU: All CPU(s) started at EL2
[    0.146197] alternatives: patching kernel code
[    0.147820] devtmpfs: initialized
[    0.164109] Enabled cp15_barrier support
[    0.164176] Enabled setend support
[    0.164753] clocksource: jiffies: mask: 0xffffffff max_cycles: 0xffffffff, max_idle_ns: 7645041785100000 ns
[    0.164814] futex hash table entries: 1024 (order: 4, 65536 bytes)
[    0.165531] pinctrl core: initialized pinctrl subsystem
[    0.166418] DMI not present or invalid.
[    0.166987] NET: Registered protocol family 16
[    0.173447] cpuidle: using governor menu
[    0.174071] hw-breakpoint: found 6 breakpoint and 4 watchpoint registers.
[    0.178754] DMA: preallocated 1024 KiB pool for atomic allocations
[    0.178934] Serial: AMBA PL011 UART driver
[    0.183515] bcm2835-mbox 3f00b880.mailbox: mailbox enabled
[    0.192924] raspberrypi-firmware soc:firmware: Attached to firmware from 2020-04-15 11:43, variant start
[    0.196942] raspberrypi-firmware soc:firmware: Firmware hash is 82f9bb929ce2186eb1824178c1ae82902ad6275c
[    0.245794] bcm2835-dma 3f007000.dma: DMA legacy API manager at (____ptrval____), dmachans=0x1
[    0.249095] vgaarb: loaded
[    0.249683] SCSI subsystem initialized
[    0.249982] usbcore: registered new interface driver usbfs
[    0.250076] usbcore: registered new interface driver hub
[    0.250259] usbcore: registered new device driver usb
[    0.250417] pps_core: LinuxPPS API ver. 1 registered
[    0.250451] pps_core: Software ver. 5.3.6 - Copyright 2005-2007 Rodolfo Giometti <giometti@linux.it>
[    0.250519] PTP clock support registered
[    0.252314] clocksource: Switched to clocksource arch_sys_counter
[    0.377427] VFS: Disk quotas dquot_6.6.0
[    0.377568] VFS: Dquot-cache hash table entries: 512 (order 0, 4096 bytes)
[    0.377803] FS-Cache: Loaded
[    0.378065] CacheFiles: Loaded
[    0.390127] NET: Registered protocol family 2
[    0.391091] tcp_listen_portaddr_hash hash table entries: 512 (order: 1, 8192 bytes)
[    0.391167] TCP established hash table entries: 8192 (order: 4, 65536 bytes)
[    0.391310] TCP bind hash table entries: 8192 (order: 5, 131072 bytes)
[    0.391528] TCP: Hash tables configured (established 8192 bind 8192)
[    0.391806] UDP hash table entries: 512 (order: 2, 16384 bytes)
[    0.391883] UDP-Lite hash table entries: 512 (order: 2, 16384 bytes)
[    0.392234] NET: Registered protocol family 1
[    0.393441] RPC: Registered named UNIX socket transport module.
[    0.393479] RPC: Registered udp transport module.
[    0.393510] RPC: Registered tcp transport module.
[    0.393540] RPC: Registered tcp NFSv4.1 backchannel transport module.
[    0.396155] hw perfevents: enabled with armv8_cortex_a53 PMU driver, 7 counters available
[    0.396433] kvm [1]: 8-bit VMID
[    0.397271] kvm [1]: Hyp mode initialized successfully
[    0.402159] Initialise system trusted keyrings
[    0.402520] workingset: timestamp_bits=46 max_order=18 bucket_order=0
[    0.414859] FS-Cache: Netfs 'nfs' registered for caching
[    0.415932] NFS: Registering the id_resolver key type
[    0.415992] Key type id_resolver registered
[    0.416022] Key type id_legacy registered
[    0.416064] nfs4filelayout_init: NFSv4 File Layout Driver Registering...
[    0.423787] Key type asymmetric registered
[    0.423836] Asymmetric key parser 'x509' registered
[    0.423935] Block layer SCSI generic (bsg) driver version 0.4 loaded (major 248)
[    0.424234] io scheduler noop registered
[    0.424270] io scheduler deadline registered (default)
[    0.424615] io scheduler cfq registered
[    0.424648] io scheduler mq-deadline registered (default)
[    0.424683] io scheduler kyber registered
[    0.428200] bcm2708_fb soc:fb: FB found 1 display(s)
[    0.439612] Console: switching to colour frame buffer device 82x26
[    0.444567] bcm2708_fb soc:fb: Registered framebuffer for display 0, size 656x416
[    0.451944] Serial: 8250/16550 driver, 1 ports, IRQ sharing enabled
[    0.456556] bcm2835-rng 3f104000.rng: hwrng registered
[    0.459482] vc-mem: phys_addr:0x00000000 mem_base=0x3ec00000 mem_size:0x40000000(1024 MiB)
[    0.465347] gpiomem-bcm2835 3f200000.gpiomem: Initialised: Registers at 0x3f200000
[    0.470879] cacheinfo: Unable to detect cache hierarchy for CPU 0
[    0.489130] brd: module loaded
[    0.507262] loop: module loaded
[    0.511001] Loading iSCSI transport class v2.0-870.
[    0.516249] libphy: Fixed MDIO Bus: probed
[    0.519213] usbcore: registered new interface driver r8152
[    0.521867] usbcore: registered new interface driver lan78xx
[    0.524494] usbcore: registered new interface driver smsc95xx
[    0.527352] dwc_otg: version 3.00a 10-AUG-2012 (platform bus)
[    0.557884] dwc_otg 3f980000.usb: base=(____ptrval____)
[    0.773919] Core Release: 2.80a
[    0.776444] Setting default values for core params
[    0.778961] Finished setting default values for core params
[    0.994648] Using Buffer DMA mode
[    0.997057] Periodic Transfer Interrupt Enhancement - disabled
[    0.999476] Multiprocessor Interrupt Enhancement - disabled
[    1.001905] OTG VER PARAM: 0, OTG VER FLAG: 0
[    1.004245] Dedicated Tx FIFOs mode
[    1.007395] WARN::dwc_otg_hcd_init:1074: FIQ DMA bounce buffers: virt = ffffff80090c1000 dma = 0x00000000fad14000 len=9024
[    1.011927] FIQ FSM acceleration enabled for :
[    1.011927] Non-periodic Split Transactions
[    1.011927] Periodic Split Transactions
[    1.011927] High-Speed Isochronous Endpoints
[    1.011927] Interrupt/Control Split Transaction hack enabled
[    1.022720] WARN::hcd_init_fiq:497: MPHI regs_base at ffffff800805d000
[    1.025047] dwc_otg 3f980000.usb: DWC OTG Controller
[    1.027353] dwc_otg 3f980000.usb: new USB bus registered, assigned bus number 1
[    1.029842] dwc_otg 3f980000.usb: irq 9, io mem 0x00000000
[    1.032240] Init: Port Power? op_state=1
[    1.034589] Init: Power Port (0)
[    1.037255] usb usb1: New USB device found, idVendor=1d6b, idProduct=0002, bcdDevice= 4.19
[    1.041998] usb usb1: New USB device strings: Mfr=3, Product=2, SerialNumber=1
[    1.044604] usb usb1: Product: DWC OTG Controller
[    1.047080] usb usb1: Manufacturer: Linux 4.19.118-v8+ dwc_otg_hcd
[    1.049610] usb usb1: SerialNumber: 3f980000.usb
[    1.052875] hub 1-0:1.0: USB hub found
[    1.055369] hub 1-0:1.0: 1 port detected
[    1.059035] usbcore: registered new interface driver uas
[    1.061494] usbcore: registered new interface driver usb-storage
[    1.064020] mousedev: PS/2 mouse device common for all mice
[    1.067880] bcm2835-wdt bcm2835-wdt: Broadcom BCM2835 watchdog timer
[    1.071808] cpufreq: cpufreq_online: CPU0: Running at unlisted freq: 600000 KHz
[    1.076576] cpufreq: cpufreq_online: CPU0: Unlisted initial frequency changed to: 700000 KHz
[    1.079828] sdhci: Secure Digital Host Controller Interface driver
[    1.080923] sdhci: Copyright(c) Pierre Ossman
[    1.082298] sdhost-bcm2835 3f202000.mmc: could not get clk, deferring probe
[    1.083506] sdhci-pltfm: SDHCI platform and OF driver helper
[    1.085999] ledtrig-cpu: registered to indicate activity on CPUs
[    1.087220] hidraw: raw HID events driver (C) Jiri Kosina
[    1.088445] usbcore: registered new interface driver usbhid
[    1.089524] usbhid: USB HID core driver
[    1.091231] vchiq: vchiq_init_state: slot_zero = (____ptrval____), is_master = 0
[    1.095482] Initializing XFRM netlink socket
[    1.096622] NET: Registered protocol family 17
[    1.097780] Key type dns_resolver registered
[    1.099536] registered taskstats version 1
[    1.100649] Loading compiled-in X.509 certificates
[    1.107394] uart-pl011 3f201000.serial: cts_event_workaround enabled
[    1.108668] 3f201000.serial: ttyAMA0 at MMIO 0x3f201000 (irq = 66, base_baud = 0) is a PL011 rev2
[    2.109189] console [ttyAMA0] enabled
[    2.114955] bcm2835-power bcm2835-power: Broadcom BCM2835 power domains driver
[    2.124204] sdhost: log_buf @ (____ptrval____) (fad13000)
[    2.179922] mmc0: sdhost-bcm2835 loaded - DMA enabled (>1)
[    2.188347] of_cfs_init
[    2.191970] of_cfs_init: OK
[    2.196266] Waiting for root device PARTUUID=4c999877-02...
[    2.224431] Indeed it is in host mode hprt0 = 00021501
[    2.290180] mmc0: host does not support reading read-only switch, assuming write-enable
[    2.308877] mmc0: new high speed SDHC card at address aaaa
[    2.316655] mmcblk0: mmc0:aaaa SC16G 14.8 GiB
[    2.329244] random: fast init done
[    2.330751]  mmcblk0: p1 p2
[    2.356481] EXT4-fs (mmcblk0p2): INFO: recovery required on readonly filesystem
[    2.364943] EXT4-fs (mmcblk0p2): write access will be enabled during recovery
[    2.383570] EXT4-fs (mmcblk0p2): recovery complete
[    2.406331] EXT4-fs (mmcblk0p2): mounted filesystem with ordered data mode. Opts: (null)
[    2.416632] VFS: Mounted root (ext4 filesystem) readonly on device 179:2.
[    2.428322] usb 1-1: new high-speed USB device number 2 using dwc_otg
[    2.436036] Indeed it is in host mode hprt0 = 00001101
[    2.443846] devtmpfs: mounted
[    2.450856] Freeing unused kernel memory: 1024K
[    2.456542] Run /sbin/init as init process
[    2.652615] usb 1-1: New USB device found, idVendor=0424, idProduct=2514, bcdDevice= b.b3
[    2.663140] usb 1-1: New USB device strings: Mfr=0, Product=0, SerialNumber=0
[    2.672000] hub 1-1:1.0: USB hub found
[    2.677053] hub 1-1:1.0: 4 ports detected
[    2.968340] usb 1-1.1: new high-speed USB device number 3 using dwc_otg
[    3.074177] systemd[1]: System time before build time, advancing clock.
[    3.082265] usb 1-1.1: New USB device found, idVendor=0424, idProduct=2514, bcdDevice= b.b3
[    3.092961] usb 1-1.1: New USB device strings: Mfr=0, Product=0, SerialNumber=0
[    3.101650] hub 1-1.1:1.0: USB hub found
[    3.106873] hub 1-1.1:1.0: 3 ports detected
[    3.247040] NET: Registered protocol family 10
[    3.253571] Segment Routing with IPv6
[    3.302877] systemd[1]: systemd 241 running in system mode. (+PAM +AUDIT +SELINUX +IMA +APPARMOR +SMACK +SYSVINIT +UTMP +LIBCRYPTSETUP +GCRYPT +GNUTLS +ACL +XZ +LZ4 +SECCOMP +
BLKID +ELFUTILS +KMOD -IDN2 +IDN -PCRE2 default-hierarchy=hybrid)
[    3.328515] systemd[1]: Detected architecture arm64.
[    3.345723] systemd[1]: Set hostname to <raspberrypi>.
[    3.456955] uart-pl011 3f201000.serial: no DMA platform data
[    3.658540] random: crng init done
[    3.708349] usb 1-1.1.1: new high-speed USB device number 4 using dwc_otg
[    3.816768] usb 1-1.1.1: New USB device found, idVendor=0424, idProduct=7800, bcdDevice= 3.00
[    3.827697] usb 1-1.1.1: New USB device strings: Mfr=0, Product=0, SerialNumber=0
[    3.946228] systemd[1]: Started Forward Password Requests to Wall Directory Watch.
[    3.958753] systemd[1]: Set up automount Arbitrary Executable File Formats File System Automount Point.
[    3.976956] systemd[1]: Created slice system-systemd\x2dfsck.slice.
[    4.009100] systemd[1]: Condition check resulted in Journal Audit Socket being skipped.
[    4.020349] systemd[1]: Listening on udev Kernel Socket.
[    4.029273] systemd[1]: Listening on Syslog Socket.
[    4.037702] systemd[1]: Listening on udev Control Socket.
[    4.107622] lan78xx 1-1.1.1:1.0 (unnamed net_device) (uninitialized): No External EEPROM. Setting MAC Speed
[    4.121505] libphy: lan78xx-mdiobus: probed
[    4.145972] lan78xx 1-1.1.1:1.0 (unnamed net_device) (uninitialized): int urb period 64
[    6.732302] Unable to handle kernel paging request at virtual address fffbffc03ab91c90
[    6.742111] Mem abort info:
[    6.745820]   ESR = 0x96000004
[    6.749761]   Exception class = DABT (current EL), IL = 32 bits
[    6.756600]   SET = 0, FnV = 0
[    6.760554]   EA = 0, S1PTW = 0
[    6.764602] Data abort info:
[    6.768368]   ISV = 0, ISS = 0x00000004
[    6.773080]   CM = 0, WnR = 0
[    6.776899] [fffbffc03ab91c90] address between user and kernel address ranges
[    6.784969] Internal error: Oops: 96000004 [#1] PREEMPT SMP
[    6.791470] Modules linked in: binfmt_misc raspberrypi_hwmon hwmon bcm2835_codec(C) bcm2835_v4l2(C) v4l2_mem2mem v4l2_common bcm2835_mmal_vchiq(C) videobuf2_vmalloc videobuf2_
dma_contig videobuf2_memops videobuf2_v4l2 videobuf2_common videodev media vc_sm_cma(C) uio_pdrv_genirq uio ip_tables x_tables ipv6
[    6.822633] Process swapper/1 (pid: 0, stack limit = 0x0000000015eaf530)
[    6.830430] CPU: 1 PID: 0 Comm: swapper/1 Tainted: G         C        4.19.118-v8+ #1311
[    6.840710] Hardware name: Raspberry Pi 3 Model B Plus Rev 1.3 (DT)
[    6.848122] pstate: 00000085 (nzcv daIf -PAN -UAO)
[    6.854025] pc : __hrtimer_next_event_base+0x68/0xe8
[    6.860072] lr : __hrtimer_get_next_event+0x58/0x90
[    6.866031] sp : ffffff800800be40
[    6.870419] x29: ffffff800800be40 x28: 00000001910529eb 
[    6.876817] x27: ffffffc03ab918b8 x26: ffffffc03ab91878 
[    6.883198] x25: ffffffc03ab91838 x24: 0000000000000001 
[    6.889576] x23: 0000000000000000 x22: 7fffffffffffffff 
[    6.895977] x21: ffffffc03ab91780 x20: 0000000000000000 
[    6.902382] x19: 0000000000000000 x18: 0000000000000000 
[    6.908785] x17: 0000000000000000 x16: 0000000000000000 
[    6.915133] x15: ffffff8008b63000 x14: 0000004100000000 
[    6.921438] x13: 0000000000000001 x12: 00000000fffffffb 
[    6.927712] x11: 0000000000000000 x10: 0000000000000001 
[    6.933932] x9 : ffffff8008911b08 x8 : ffffff8008cb9ec0 
[    6.940109] x7 : 0000000000000020 x6 : ffffff8008911b0c 
[    6.946245] x5 : ffffff8009a03ca0 x4 : ffffffc03ab917c0 
[    6.952343] x3 : 7fffffffffffffff x2 : 0000000000000001 
[    6.958408] x1 : 0000000000000000 x0 : fffbffc03ab91c78 
[    6.964456] Call trace:
[    6.967588]  __hrtimer_next_event_base+0x68/0xe8
[    6.972896]  __hrtimer_get_next_event+0x58/0x90
[    6.978106]  hrtimer_interrupt+0x104/0x258
[    6.982884]  arch_timer_handler_phys+0x3c/0x50
[    6.988005]  handle_percpu_devid_irq+0xa4/0x2a0
[    6.993219]  generic_handle_irq+0x34/0x50
[    6.997910]  __handle_domain_irq+0x8c/0x100
[    7.002785]  bcm2836_arm_irqchip_handle_irq+0x68/0xd8
[    7.008545]  el1_irq+0xb4/0x130
[    7.012377]  arch_cpu_idle+0x30/0x1f0
[    7.016738]  default_idle_call+0x24/0x40
[    7.021379]  do_idle+0x224/0x240
[    7.025328]  cpu_startup_entry+0x28/0x30
[    7.029980]  secondary_start_kernel+0x188/0x1d8
[    7.035261] Code: f9401480 eb0002ff 54000300 d37a1a73 (f9400c04) 
[    7.042140] ---[ end trace 0e6e4bee127fa0e3 ]---
[    7.047547] Kernel panic - not syncing: Fatal exception in interrupt
[    7.054739] SMP: stopping secondary CPUs
[    7.059496] Kernel Offset: disabled
[    7.063804] CPU features: 0x0,24002004
[    7.068359] Memory Limit: none
[    7.072207] ---[ end Kernel panic - not syncing: Fatal exception in interrupt ]--- 
