[    0.000000] Booting Linux on physical CPU 0x0000000000 [0x410fd034]
[    0.000000] Linux version 4.19.118-v8+ (dom@buildbot) (gcc version 5.4.0 20160609 (Ubuntu/Linaro 5.4.0-6ubuntu1~16.04.9)) #1311 SMP PREEMPT Mon Apr 27 14:32:38 BST 2020
[    0.000000] Machine model: Raspberry Pi 3 Model B Plus Rev 1.3
[    0.000000] efi: Getting EFI parameters from FDT:
[    0.000000] efi: UEFI not found.
[    0.000000] cma: Reserved 8 MiB at 0x000000003ac00000
[    0.000000] random: get_random_bytes called from start_kernel+0xb8/0x47c with crng_init=0
[    0.000000] percpu: Embedded 24 pages/cpu s58840 r8192 d31272 u98304
[    0.000000] Detected VIPT I-cache on CPU0
[    0.000000] CPU features: enabling workaround for ARM erratum 843419
[    0.000000] CPU features: enabling workaround for ARM erratum 845719
[    0.000000] Built 1 zonelists, mobility grouping on.  Total pages: 238896
[    0.000000] Kernel command line: coherent_pool=1M 8250.nr_uarts=1 snd_bcm2835.enable_compat_alsa=0 snd_bcm2835.enable_hdmi=1 snd_bcm2835.enable_headphones=1 bcm2708_fb.fbwidth
=656 bcm2708_fb.fbheight=416 bcm2708_fb.fbswap=1 vc_mem.mem_base=0x3ec00000 vc_mem.mem_size=0x40000000  dwc_otg.lpm_enable=0 console=ttyAMA0,115200 console=tty1 root=PARTUUID=4c9
99877-02 rootfstype=ext4 elevator=deadline fsck.repair=yes rootwait
[    0.000000] Dentry cache hash table entries: 131072 (order: 8, 1048576 bytes)
[    0.000000] Inode-cache hash table entries: 65536 (order: 7, 524288 bytes)
[    0.000000] Memory: 929092K/970752K available (8700K kernel code, 1074K rwdata, 2760K rodata, 1024K init, 1126K bss, 33468K reserved, 8192K cma-reserved)
[    0.000000] SLUB: HWalign=64, Order=0-3, MinObjects=0, CPUs=4, Nodes=1
[    0.000000] ftrace: allocating 30496 entries in 120 pages
[    0.000000] rcu: Preemptible hierarchical RCU implementation.
[    0.000000] rcu:     RCU restricting CPUs from NR_CPUS=64 to nr_cpu_ids=4.
[    0.000000]  Tasks RCU enabled.
[    0.000000] rcu: Adjusting geometry for rcu_fanout_leaf=16, nr_cpu_ids=4
[    0.000000] NR_IRQS: 64, nr_irqs: 64, preallocated irqs: 0
[    0.000000] arch_timer: cp15 timer(s) running at 19.20MHz (phys).
[    0.000000] clocksource: arch_sys_counter: mask: 0xffffffffffffff max_cycles: 0x46d987e47, max_idle_ns: 440795202767 ns
[    0.000007] sched_clock: 56 bits at 19MHz, resolution 52ns, wraps every 4398046511078ns
[    0.000271] Console: colour dummy device 80x25
[    0.000938] console [tty1] enabled
[    0.001008] Calibrating delay loop (skipped), value calculated using timer frequency.. 38.40 BogoMIPS (lpj=76800)
[    0.001060] pid_max: default: 32768 minimum: 301
[    0.001492] Mount-cache hash table entries: 2048 (order: 2, 16384 bytes)
[    0.001548] Mountpoint-cache hash table entries: 2048 (order: 2, 16384 bytes)
[    0.024102] ASID allocator initialised with 32768 entries
[    0.032098] rcu: Hierarchical SRCU implementation.
[    0.040739] EFI services will not be available.
[    0.048177] smp: Bringing up secondary CPUs ...
[    0.080443] Detected VIPT I-cache on CPU1
[    0.080512] CPU1: Booted secondary processor 0x0000000001 [0x410fd034]
[    0.112568] Detected VIPT I-cache on CPU2
[    0.112617] CPU2: Booted secondary processor 0x0000000002 [0x410fd034]
[    0.144731] Detected VIPT I-cache on CPU3
[    0.144777] CPU3: Booted secondary processor 0x0000000003 [0x410fd034]
[    0.144963] smp: Brought up 1 node, 4 CPUs
[    0.145116] SMP: Total of 4 processors activated.
[    0.145151] CPU features: detected: 32-bit EL0 Support
[    0.146122] CPU: All CPU(s) started at EL2
[    0.146196] alternatives: patching kernel code
[    0.147819] devtmpfs: initialized
[    0.164121] Enabled cp15_barrier support
[    0.164187] Enabled setend support
[    0.164767] clocksource: jiffies: mask: 0xffffffff max_cycles: 0xffffffff, max_idle_ns: 7645041785100000 ns
[    0.164829] futex hash table entries: 1024 (order: 4, 65536 bytes)
[    0.165549] pinctrl core: initialized pinctrl subsystem
[    0.166442] DMI not present or invalid.
[    0.167012] NET: Registered protocol family 16
[    0.173483] cpuidle: using governor menu
[    0.174109] hw-breakpoint: found 6 breakpoint and 4 watchpoint registers.
[    0.178731] DMA: preallocated 1024 KiB pool for atomic allocations
[    0.178907] Serial: AMBA PL011 UART driver
[    0.183489] bcm2835-mbox 3f00b880.mailbox: mailbox enabled
[    0.192943] raspberrypi-firmware soc:firmware: Attached to firmware from 2020-04-15 11:43, variant start
[    0.196961] raspberrypi-firmware soc:firmware: Firmware hash is 82f9bb929ce2186eb1824178c1ae82902ad6275c
[    0.239147] bcm2835-dma 3f007000.dma: DMA legacy API manager at (____ptrval____), dmachans=0x1
[    0.242681] vgaarb: loaded
[    0.243185] SCSI subsystem initialized
[    0.243483] usbcore: registered new interface driver usbfs
[    0.243578] usbcore: registered new interface driver hub
[    0.243759] usbcore: registered new device driver usb
[    0.243916] pps_core: LinuxPPS API ver. 1 registered
[    0.243949] pps_core: Software ver. 5.3.6 - Copyright 2005-2007 Rodolfo Giometti <giometti@linux.it>
[    0.244009] PTP clock support registered
[    0.245886] clocksource: Switched to clocksource arch_sys_counter
[    0.370978] VFS: Disk quotas dquot_6.6.0
[    0.371119] VFS: Dquot-cache hash table entries: 512 (order 0, 4096 bytes)
[    0.371401] FS-Cache: Loaded
[    0.371664] CacheFiles: Loaded
[    0.383678] NET: Registered protocol family 2
[    0.384647] tcp_listen_portaddr_hash hash table entries: 512 (order: 1, 8192 bytes)
[    0.384722] TCP established hash table entries: 8192 (order: 4, 65536 bytes)
[    0.384866] TCP bind hash table entries: 8192 (order: 5, 131072 bytes)
[    0.385093] TCP: Hash tables configured (established 8192 bind 8192)
[    0.385375] UDP hash table entries: 512 (order: 2, 16384 bytes)
[    0.385452] UDP-Lite hash table entries: 512 (order: 2, 16384 bytes)
[    0.385802] NET: Registered protocol family 1
[    0.386865] RPC: Registered named UNIX socket transport module.
[    0.386902] RPC: Registered udp transport module.
[    0.386932] RPC: Registered tcp transport module.
[    0.386962] RPC: Registered tcp NFSv4.1 backchannel transport module.
[    0.389563] hw perfevents: enabled with armv8_cortex_a53 PMU driver, 7 counters available
[    0.389763] kvm [1]: 8-bit VMID
[    0.390679] kvm [1]: Hyp mode initialized successfully
[    0.395594] Initialise system trusted keyrings
[    0.395945] workingset: timestamp_bits=46 max_order=18 bucket_order=0
[    0.408295] FS-Cache: Netfs 'nfs' registered for caching
[    0.409361] NFS: Registering the id_resolver key type
[    0.409420] Key type id_resolver registered
[    0.409451] Key type id_legacy registered
[    0.409493] nfs4filelayout_init: NFSv4 File Layout Driver Registering...
[    0.417277] Key type asymmetric registered
[    0.417326] Asymmetric key parser 'x509' registered
[    0.417426] Block layer SCSI generic (bsg) driver version 0.4 loaded (major 248)
[    0.417719] io scheduler noop registered
[    0.417753] io scheduler deadline registered (default)
[    0.418071] io scheduler cfq registered
[    0.418105] io scheduler mq-deadline registered (default)
[    0.418138] io scheduler kyber registered
[    0.421547] bcm2708_fb soc:fb: FB found 1 display(s)
[    0.432438] Console: switching to colour frame buffer device 82x26
[    0.437347] bcm2708_fb soc:fb: Registered framebuffer for display 0, size 656x416
[    0.444704] Serial: 8250/16550 driver, 1 ports, IRQ sharing enabled
[    0.449207] bcm2835-rng 3f104000.rng: hwrng registered
[    0.452183] vc-mem: phys_addr:0x00000000 mem_base=0x3ec00000 mem_size:0x40000000(1024 MiB)
[    0.457997] gpiomem-bcm2835 3f200000.gpiomem: Initialised: Registers at 0x3f200000
[    0.463513] cacheinfo: Unable to detect cache hierarchy for CPU 0
[    0.481953] brd: module loaded
[    0.500065] loop: module loaded
[    0.503774] Loading iSCSI transport class v2.0-870.
[    0.509038] libphy: Fixed MDIO Bus: probed
[    0.511996] usbcore: registered new interface driver r8152
[    0.514651] usbcore: registered new interface driver lan78xx
[    0.517243] usbcore: registered new interface driver smsc95xx
[    0.520115] dwc_otg: version 3.00a 10-AUG-2012 (platform bus)
[    0.550662] dwc_otg 3f980000.usb: base=(____ptrval____)
[    0.766350] Core Release: 2.80a
[    0.768838] Setting default values for core params
[    0.771383] Finished setting default values for core params
[    0.986892] Using Buffer DMA mode
[    0.989275] Periodic Transfer Interrupt Enhancement - disabled
[    0.991722] Multiprocessor Interrupt Enhancement - disabled
[    0.994156] OTG VER PARAM: 0, OTG VER FLAG: 0
[    0.996490] Dedicated Tx FIFOs mode
[    0.999691] WARN::dwc_otg_hcd_init:1074: FIQ DMA bounce buffers: virt = ffffff80090c1000 dma = 0x00000000fad14000 len=9024
[    1.004222] FIQ FSM acceleration enabled for :
[    1.004222] Non-periodic Split Transactions
[    1.004222] Periodic Split Transactions
[    1.004222] High-Speed Isochronous Endpoints
[    1.004222] Interrupt/Control Split Transaction hack enabled
[    1.015008] WARN::hcd_init_fiq:497: MPHI regs_base at ffffff800805d000
[    1.017290] dwc_otg 3f980000.usb: DWC OTG Controller
[    1.019632] dwc_otg 3f980000.usb: new USB bus registered, assigned bus number 1
[    1.022117] dwc_otg 3f980000.usb: irq 9, io mem 0x00000000
[    1.024520] Init: Port Power? op_state=1
[    1.026876] Init: Power Port (0)
[    1.029545] usb usb1: New USB device found, idVendor=1d6b, idProduct=0002, bcdDevice= 4.19
[    1.034297] usb usb1: New USB device strings: Mfr=3, Product=2, SerialNumber=1
[    1.036833] usb usb1: Product: DWC OTG Controller
[    1.039339] usb usb1: Manufacturer: Linux 4.19.118-v8+ dwc_otg_hcd
[    1.041845] usb usb1: SerialNumber: 3f980000.usb
[    1.045138] hub 1-0:1.0: USB hub found
[    1.047682] hub 1-0:1.0: 1 port detected
[    1.051276] usbcore: registered new interface driver uas
[    1.053690] usbcore: registered new interface driver usb-storage
[    1.056272] mousedev: PS/2 mouse device common for all mice
[    1.060137] bcm2835-wdt bcm2835-wdt: Broadcom BCM2835 watchdog timer
[    1.064081] cpufreq: cpufreq_online: CPU0: Running at unlisted freq: 600000 KHz
[    1.068859] cpufreq: cpufreq_online: CPU0: Unlisted initial frequency changed to: 700000 KHz
[    1.072141] sdhci: Secure Digital Host Controller Interface driver
[    1.073214] sdhci: Copyright(c) Pierre Ossman
[    1.074603] sdhost-bcm2835 3f202000.mmc: could not get clk, deferring probe
[    1.075813] sdhci-pltfm: SDHCI platform and OF driver helper
[    1.078288] ledtrig-cpu: registered to indicate activity on CPUs
[    1.079510] hidraw: raw HID events driver (C) Jiri Kosina
[    1.080730] usbcore: registered new interface driver usbhid
[    1.081812] usbhid: USB HID core driver
[    1.083536] vchiq: vchiq_init_state: slot_zero = (____ptrval____), is_master = 0
[    1.087797] Initializing XFRM netlink socket
[    1.088910] NET: Registered protocol family 17
[    1.090091] Key type dns_resolver registered
[    1.091875] registered taskstats version 1
[    1.092967] Loading compiled-in X.509 certificates
[    1.099729] uart-pl011 3f201000.serial: cts_event_workaround enabled
[    1.100948] 3f201000.serial: ttyAMA0 at MMIO 0x3f201000 (irq = 66, base_baud = 0) is a PL011 rev2
[    2.101392] console [ttyAMA0] enabled
[    2.107137] bcm2835-power bcm2835-power: Broadcom BCM2835 power domains driver
[    2.116459] sdhost: log_buf @ (____ptrval____) (fad13000)
[    2.172190] mmc0: sdhost-bcm2835 loaded - DMA enabled (>1)
[    2.180495] of_cfs_init
[    2.184111] of_cfs_init: OK
[    2.209851] Waiting for root device PARTUUID=4c999877-02...
[    2.218004] Indeed it is in host mode hprt0 = 00021501
[    2.291762] mmc0: host does not support reading read-only switch, assuming write-enable
[    2.307340] mmc0: new high speed SDHC card at address aaaa
[    2.315133] mmcblk0: mmc0:aaaa SC16G 14.8 GiB
[    2.316760] random: fast init done
[    2.328988]  mmcblk0: p1 p2
[    2.358728] EXT4-fs (mmcblk0p2): mounted filesystem with ordered data mode. Opts: (null)
[    2.369077] VFS: Mounted root (ext4 filesystem) readonly on device 179:2.
[    2.386980] devtmpfs: mounted
[    2.394122] Freeing unused kernel memory: 1024K
[    2.399873] Run /sbin/init as init process
[    2.413914] usb 1-1: new high-speed USB device number 2 using dwc_otg
[    2.421620] Indeed it is in host mode hprt0 = 00001101
[    2.638165] usb 1-1: New USB device found, idVendor=0424, idProduct=2514, bcdDevice= b.b3
[    2.648637] usb 1-1: New USB device strings: Mfr=0, Product=0, SerialNumber=0
[    2.657486] hub 1-1:1.0: USB hub found
[    2.662563] hub 1-1:1.0: 4 ports detected
[    2.953910] usb 1-1.1: new high-speed USB device number 3 using dwc_otg
[    3.025562] systemd[1]: System time before build time, advancing clock.
[    3.062180] usb 1-1.1: New USB device found, idVendor=0424, idProduct=2514, bcdDevice= b.b3
[    3.072967] usb 1-1.1: New USB device strings: Mfr=0, Product=0, SerialNumber=0
[    3.082052] hub 1-1.1:1.0: USB hub found
[    3.087307] hub 1-1.1:1.0: 3 ports detected
[    3.182110] NET: Registered protocol family 10
[    3.188629] Segment Routing with IPv6
[    3.238055] systemd[1]: systemd 241 running in system mode. (+PAM +AUDIT +SELINUX +IMA +APPARMOR +SMACK +SYSVINIT +UTMP +LIBCRYPTSETUP +GCRYPT +GNUTLS +ACL +XZ +LZ4 +SECCOMP +
BLKID +ELFUTILS +KMOD -IDN2 +IDN -PCRE2 default-hierarchy=hybrid)
[    3.263667] systemd[1]: Detected architecture arm64.
[    3.280918] systemd[1]: Set hostname to <raspberrypi>.
[    3.400334] uart-pl011 3f201000.serial: no DMA platform data
[    3.673915] usb 1-1.1.1: new high-speed USB device number 4 using dwc_otg
[    3.689175] random: crng init done
[    3.782350] usb 1-1.1.1: New USB device found, idVendor=0424, idProduct=7800, bcdDevice= 3.00
[    3.793421] usb 1-1.1.1: New USB device strings: Mfr=0, Product=0, SerialNumber=0
[    3.900560] systemd[1]: Listening on Syslog Socket.
[    3.911844] systemd[1]: Created slice system-serial\x2dgetty.slice.
[    3.943331] systemd[1]: Condition check resulted in Journal Audit Socket being skipped.
[    3.955598] systemd[1]: Created slice User and Session Slice.
[    3.965461] systemd[1]: Listening on fsck to fsckd communication Socket.
[    3.976654] systemd[1]: Created slice system-getty.slice.
[    3.985202] systemd[1]: Reached target Slices.
[    4.068865] lan78xx 1-1.1.1:1.0 (unnamed net_device) (uninitialized): No External EEPROM. Setting MAC Speed
[    4.069651] Unable to handle kernel paging request at virtual address effbff8038c08018
[    4.091222] Mem abort info:
[    4.091226]   ESR = 0x96000004
[    4.091229]   Exception class = DABT (current EL), IL = 32 bits
[    4.091231]   SET = 0, FnV = 0
[    4.091236]   EA = 0, S1PTW = 0
[    4.113980] Data abort info:
[    4.113982]   ISV = 0, ISS = 0x00000004
[    4.113984]   CM = 0, WnR = 0
[    4.113987] [effbff8038c08018] address between user and kernel address ranges
[    4.113993] Internal error: Oops: 96000004 [#1] PREEMPT SMP
[    4.113997] Modules linked in: ip_tables x_tables ipv6
[    4.146996] Process kworker/1:1 (pid: 34, stack limit = 0x0000000041c73276)
[    4.147002] CPU: 1 PID: 34 Comm: kworker/1:1 Not tainted 4.19.118-v8+ #1311
[    4.147006] Hardware name: Raspberry Pi 3 Model B Plus Rev 1.3 (DT)
[    4.170200] Workqueue: usb_hub_wq hub_event
[    4.175393] pstate: 80000085 (Nzcv daIf -PAN -UAO)
[    4.181219] pc : try_to_wake_up+0x58/0x498
[    4.186308] lr : try_to_wake_up+0x50/0x498
[    4.191328] sp : ffffff800800bbf0
[    4.195520] x29: ffffff800800bbf0 x28: ffffffc038c08000 
[    4.201686] x27: 0000000000000000 x26: ffffff8008fb3430 
[    4.207853] x25: 0000000000000003 x24: 0000000000000000 
[    4.214023] x23: 0000000000000080 x22: ffffffc038c0879c 
[    4.220173] x21: 0000000000000000 x20: ffffff8008cc8000 
[    4.226294] x19: effbff8038c08000 x18: ffffff8008cc8688 
[    4.232424] x17: 0000000000000000 x16: 0000000000000000 
[    4.238563] x15: ffffff8088fb34a7 x14: 4545206c616e7265 
[    4.244708] x13: 747845206f4e203a x12: 2964657a696c6169 
[    4.250869] x11: 74696e696e752820 x10: 0000000000001930 
[    4.257006] x9 : 0000000000000000 x8 : 0000000000000000 
[    4.263109] x7 : ffffff8008cc8688 x6 : 0000000000000003 
[    4.269191] x5 : 0000000000000000 x4 : ffffff8008108740 
[    4.275250] x3 : 0000000000000000 x2 : 0000000000000001 
[    4.281269] x1 : 0000000000000000 x0 : 0000000000000080 
[    4.287240] Call trace:
[    4.290303]  try_to_wake_up+0x58/0x498
[    4.294673]  default_wake_function+0x34/0x48
[    4.299568]  __wake_up_common+0xa4/0x158
[    4.304129]  __wake_up_locked+0x40/0x50
[    4.308589]  complete+0x50/0x70
[    4.312353]  usb_api_blocking_completion+0x2c/0x38
[    4.317792]  __usb_hcd_giveback_urb+0x90/0x138
[    4.322898]  usb_hcd_giveback_urb+0x64/0x150
[    4.327836]  completion_tasklet_func+0x80/0xe0
[    4.332970]  tasklet_callback+0x20/0x30
[    4.337501]  tasklet_action_common.isra.6+0x90/0x128
[    4.343167]  tasklet_hi_action+0x3c/0x48
[    4.347783]  __do_softirq+0x17c/0x3cc
[    4.352127]  irq_exit+0xe8/0xf8
[    4.355938]  __handle_domain_irq+0x90/0x100
[    4.360803]  bcm2836_arm_irqchip_handle_irq+0x68/0xd8
[    4.366570]  el1_irq+0xb4/0x130
[    4.370414]  _raw_spin_unlock_irqrestore+0x58/0x88
[    4.375936]  schedule_timeout+0x1a8/0x430
[    4.380701]  wait_for_common+0xc0/0x180
[    4.385278]  wait_for_completion_timeout+0x2c/0x38
[    4.390820]  usb_start_wait_urb+0xe4/0x108
[    4.395664]  usb_control_msg+0xc4/0x140
[    4.400245]  lan78xx_read_reg.isra.5+0x88/0xe8
[    4.405458]  lan78xx_reset+0x670/0x828
[    4.409963]  lan78xx_probe+0x4c4/0xe28
[    4.414448]  usb_probe_interface+0x118/0x2a0
[    4.419456]  really_probe+0x208/0x2d8
[    4.423847]  driver_probe_device+0x60/0x108
[    4.428756]  __device_attach_driver+0x98/0xe8
[    4.433840]  bus_for_each_drv+0x80/0xe0
[    4.438401]  __device_attach+0xe8/0x148
[    4.442951]  device_initial_probe+0x24/0x30
[    4.447855]  bus_probe_device+0xa0/0xa8
[    4.452415]  device_add+0x37c/0x5d8
[    4.456618]  usb_set_configuration+0x4c4/0x9f8
[    4.461775]  generic_probe+0x3c/0xb8
[    4.466052]  usb_probe_device+0x34/0x58
[    4.470581]  really_probe+0x208/0x2d8
[    4.474923]  driver_probe_device+0x60/0x108
[    4.479791]  __device_attach_driver+0x98/0xe8
[    4.484841]  bus_for_each_drv+0x80/0xe0
[    4.489361]  __device_attach+0xe8/0x148
[    4.493874]  device_initial_probe+0x24/0x30
[    4.498735]  bus_probe_device+0xa0/0xa8
[    4.503248]  device_add+0x37c/0x5d8
[    4.507431]  usb_new_device+0x254/0x498
[    4.511958]  hub_event+0x89c/0x10c8
[    4.516131]  process_one_work+0x158/0x458
[    4.520829]  worker_thread+0x50/0x460
[    4.525172]  kthread+0x104/0x130
[    4.529070]  ret_from_fork+0x10/0x18
[    4.533316] Code: d2800002 941f897f aa0003f7 d5033bbf (f9400e60) 
[    4.540131] ---[ end trace 3de888226c557bb3 ]---
[    4.545466] Kernel panic - not syncing: Fatal exception in interrupt
[    4.552590] SMP: stopping secondary CPUs
[    4.557278] Kernel Offset: disabled
[    4.561518] CPU features: 0x0,24002004
[    4.566018] Memory Limit: none
[    4.569819] ---[ end Kernel panic - not syncing: Fatal exception in interrupt ]--- 
