[    0.000000] Booting Linux on physical CPU 0x0
[    0.000000] Linux version 4.19.118-v7+ (dom@buildbot) (gcc version 4.9.3 (crosstool-NG crosstool-ng-1.22.0-88-g8460611)) #1311 SMP Mon Apr 27 14:21:24 BST 2020
[    0.000000] CPU: ARMv7 Processor [410fd034] revision 4 (ARMv7), cr=10c5383d
[    0.000000] CPU: div instructions available: patching division code
[    0.000000] CPU: PIPT / VIPT nonaliasing data cache, VIPT aliasing instruction cache
[    0.000000] OF: fdt: Machine model: Raspberry Pi 3 Model B Plus Rev 1.3
[    0.000000] Memory policy: Data cache writealloc
[    0.000000] cma: Reserved 8 MiB at 0x3ac00000
[    0.000000] random: get_random_bytes called from start_kernel+0xac/0x4b4 with crng_init=0
[    0.000000] percpu: Embedded 16 pages/cpu s36864 r8192 d20480 u65536
[    0.000000] Built 1 zonelists, mobility grouping on.  Total pages: 240555
[    0.000000] Kernel command line: coherent_pool=1M 8250.nr_uarts=1 snd_bcm2835.enable_compat_alsa=0 snd_bcm2835.enable_hdmi=1 snd_bcm2835.enable_headphones=1 bcm2708_fb.fbwidth=
656 bcm2708_fb.fbheight=416 bcm2708_fb.fbswap=1 vc_mem.mem_base=0x3ec00000 vc_mem.mem_size=0x40000000  dwc_otg.lpm_enable=0 console=ttyAMA0,115200 console=tty1 root=PARTUUID=4c999
877-02 rootfstype=ext4 elevator=deadline fsck.repair=yes rootwait
[    0.000000] Dentry cache hash table entries: 131072 (order: 7, 524288 bytes)
[    0.000000] Inode-cache hash table entries: 65536 (order: 6, 262144 bytes)
[    0.000000] Memory: 939064K/970752K available (8192K kernel code, 656K rwdata, 2232K rodata, 1024K init, 831K bss, 23496K reserved, 8192K cma-reserved)
[    0.000000] Virtual kernel memory layout:
[    0.000000]     vector  : 0xffff0000 - 0xffff1000   (   4 kB)
[    0.000000]     fixmap  : 0xffc00000 - 0xfff00000   (3072 kB)
[    0.000000]     vmalloc : 0xbb800000 - 0xff800000   (1088 MB)
[    0.000000]     lowmem  : 0x80000000 - 0xbb400000   ( 948 MB)
[    0.000000]     modules : 0x7f000000 - 0x80000000   (  16 MB)
[    0.000000]       .text : 0x(ptrval) - 0x(ptrval)   (9184 kB)
[    0.000000]       .init : 0x(ptrval) - 0x(ptrval)   (1024 kB)
[    0.000000]       .data : 0x(ptrval) - 0x(ptrval)   ( 657 kB)
[    0.000000]        .bss : 0x(ptrval) - 0x(ptrval)   ( 832 kB)
[    0.000000] SLUB: HWalign=64, Order=0-3, MinObjects=0, CPUs=4, Nodes=1
[    0.000000] ftrace: allocating 27093 entries in 80 pages
[    0.000000] rcu: Hierarchical RCU implementation.
[    0.000000] NR_IRQS: 16, nr_irqs: 16, preallocated irqs: 16
[    0.000000] arch_timer: cp15 timer(s) running at 19.20MHz (phys).
[    0.000000] clocksource: arch_sys_counter: mask: 0xffffffffffffff max_cycles: 0x46d987e47, max_idle_ns: 440795202767 ns
[    0.000007] sched_clock: 56 bits at 19MHz, resolution 52ns, wraps every 4398046511078ns
[    0.000023] Switching to timer-based delay loop, resolution 52ns
[    0.000276] Console: colour dummy device 80x30
[    0.000913] console [tty1] enabled
[    0.000971] Calibrating delay loop (skipped), value calculated using timer frequency.. 38.40 BogoMIPS (lpj=192000)
[    0.001015] pid_max: default: 32768 minimum: 301
[    0.001381] Mount-cache hash table entries: 2048 (order: 1, 8192 bytes)
[    0.001417] Mountpoint-cache hash table entries: 2048 (order: 1, 8192 bytes)
[    0.002371] CPU: Testing write buffer coherency: ok
[    0.002853] CPU0: thread -1, cpu 0, socket 0, mpidr 80000000
[    0.003534] Setting up static identity map for 0x100000 - 0x10003c
[    0.003704] rcu: Hierarchical SRCU implementation.
[    0.004533] smp: Bringing up secondary CPUs ...
[    0.005446] CPU1: thread -1, cpu 1, socket 0, mpidr 80000001
[    0.006426] CPU2: thread -1, cpu 2, socket 0, mpidr 80000002
[    0.007343] CPU3: thread -1, cpu 3, socket 0, mpidr 80000003
[    0.007457] smp: Brought up 1 node, 4 CPUs
[    0.007537] SMP: Total of 4 processors activated (153.60 BogoMIPS).
[    0.007561] CPU: All CPU(s) started in HYP mode.
[    0.007582] CPU: Virtualization extensions available.
[    0.008580] devtmpfs: initialized
[    0.022037] VFP support v0.3: implementor 41 architecture 3 part 40 variant 3 rev 4
[    0.022311] clocksource: jiffies: mask: 0xffffffff max_cycles: 0xffffffff, max_idle_ns: 19112604462750000 ns
[    0.022361] futex hash table entries: 1024 (order: 4, 65536 bytes)
[    0.022969] pinctrl core: initialized pinctrl subsystem
[    0.023835] NET: Registered protocol family 16
[    0.027043] DMA: preallocated 1024 KiB pool for atomic coherent allocations
[    0.032950] hw-breakpoint: found 5 (+1 reserved) breakpoint and 4 watchpoint registers.
[    0.032985] hw-breakpoint: maximum watchpoint size is 8 bytes.
[    0.033205] Serial: AMBA PL011 UART driver
[    0.035554] bcm2835-mbox 3f00b880.mailbox: mailbox enabled
[    0.050032] raspberrypi-firmware soc:firmware: Attached to firmware from 2020-04-15 11:43, variant start
[    0.060045] raspberrypi-firmware soc:firmware: Firmware hash is 82f9bb929ce2186eb1824178c1ae82902ad6275c
[    0.103104] bcm2835-dma 3f007000.dma: DMA legacy API manager at (ptrval), dmachans=0x1
[    0.104756] SCSI subsystem initialized
[    0.105001] usbcore: registered new interface driver usbfs
[    0.105081] usbcore: registered new interface driver hub
[    0.105195] usbcore: registered new device driver usb
[    0.106916] clocksource: Switched to clocksource arch_sys_counter
[    0.197463] VFS: Disk quotas dquot_6.6.0
[    0.197573] VFS: Dquot-cache hash table entries: 1024 (order 0, 4096 bytes)
[    0.197744] FS-Cache: Loaded
[    0.197971] CacheFiles: Loaded
[    0.207982] NET: Registered protocol family 2
[    0.208852] tcp_listen_portaddr_hash hash table entries: 512 (order: 0, 6144 bytes)
[    0.208916] TCP established hash table entries: 8192 (order: 3, 32768 bytes)
[    0.209047] TCP bind hash table entries: 8192 (order: 4, 65536 bytes)
[    0.209251] TCP: Hash tables configured (established 8192 bind 8192)
[    0.209413] UDP hash table entries: 512 (order: 2, 16384 bytes)
[    0.209483] UDP-Lite hash table entries: 512 (order: 2, 16384 bytes)
[    0.209743] NET: Registered protocol family 1
[    0.210333] RPC: Registered named UNIX socket transport module.
[    0.210360] RPC: Registered udp transport module.
[    0.210382] RPC: Registered tcp transport module.
[    0.210403] RPC: Registered tcp NFSv4.1 backchannel transport module.
[    0.212252] hw perfevents: enabled with armv7_cortex_a7 PMU driver, 7 counters available
[    0.215359] Initialise system trusted keyrings
[    0.215570] workingset: timestamp_bits=14 max_order=18 bucket_order=4
[    0.225541] FS-Cache: Netfs 'nfs' registered for caching
[    0.226119] NFS: Registering the id_resolver key type
[    0.226168] Key type id_resolver registered
[    0.226190] Key type id_legacy registered
[    0.226221] nfs4filelayout_init: NFSv4 File Layout Driver Registering...
[    0.231669] Key type asymmetric registered
[    0.231705] Asymmetric key parser 'x509' registered
[    0.231780] Block layer SCSI generic (bsg) driver version 0.4 loaded (major 250)
[    0.231975] io scheduler noop registered
[    0.232001] io scheduler deadline registered (default)
[    0.232217] io scheduler cfq registered
[    0.232241] io scheduler mq-deadline registered (default)
[    0.232265] io scheduler kyber registered
[    0.234471] bcm2708_fb soc:fb: FB found 1 display(s)
[    0.243824] Console: switching to colour frame buffer device 82x26
[    0.250675] bcm2708_fb soc:fb: Registered framebuffer for display 0, size 656x416
[    0.256299] Serial: 8250/16550 driver, 1 ports, IRQ sharing enabled
[    0.260138] bcm2835-rng 3f104000.rng: hwrng registered
[    0.262821] vc-mem: phys_addr:0x00000000 mem_base=0x3ec00000 mem_size:0x40000000(1024 MiB)
[    0.268229] vc-sm: Videocore shared memory driver
[    0.271041] gpiomem-bcm2835 3f200000.gpiomem: Initialised: Registers at 0x3f200000
[    0.286968] brd: module loaded
[    0.299656] loop: module loaded
[    0.302757] Loading iSCSI transport class v2.0-870.
[    0.305935] libphy: Fixed MDIO Bus: probed
[    0.308497] usbcore: registered new interface driver lan78xx
[    0.311018] usbcore: registered new interface driver smsc95xx
[    0.313456] dwc_otg: version 3.00a 10-AUG-2012 (platform bus)
[    0.343769] dwc_otg 3f980000.usb: base=(ptrval)
[    0.546470] Core Release: 2.80a
[    0.548956] Setting default values for core params
[    0.551461] Finished setting default values for core params
[    0.754250] Using Buffer DMA mode
[    0.756655] Periodic Transfer Interrupt Enhancement - disabled
[    0.759087] Multiprocessor Interrupt Enhancement - disabled
[    0.761476] OTG VER PARAM: 0, OTG VER FLAG: 0
[    0.763823] Dedicated Tx FIFOs mode
[    0.766520] WARN::dwc_otg_hcd_init:1074: FIQ DMA bounce buffers: virt = bad14000 dma = 0xfad14000 len=9024
[    0.771133] FIQ FSM acceleration enabled for :
[    0.771133] Non-periodic Split Transactions
[    0.771133] Periodic Split Transactions
[    0.771133] High-Speed Isochronous Endpoints
[    0.771133] Interrupt/Control Split Transaction hack enabled
[    0.782114] WARN::hcd_init_fiq:457: FIQ on core 1
[    0.784345] WARN::hcd_init_fiq:458: FIQ ASM at 8068fda0 length 36
[    0.786558] WARN::hcd_init_fiq:497: MPHI regs_base at bb810000
[    0.788814] dwc_otg 3f980000.usb: DWC OTG Controller
[    0.791075] dwc_otg 3f980000.usb: new USB bus registered, assigned bus number 1
[    0.793397] dwc_otg 3f980000.usb: irq 56, io mem 0x00000000
[    0.795700] Init: Port Power? op_state=1
[    0.797960] Init: Power Port (0)
[    0.800376] usb usb1: New USB device found, idVendor=1d6b, idProduct=0002, bcdDevice= 4.19
[    0.804883] usb usb1: New USB device strings: Mfr=3, Product=2, SerialNumber=1
[    0.807317] usb usb1: Product: DWC OTG Controller
[    0.809685] usb usb1: Manufacturer: Linux 4.19.118-v7+ dwc_otg_hcd
[    0.812109] usb usb1: SerialNumber: 3f980000.usb
[    0.815070] hub 1-0:1.0: USB hub found
[    0.817380] hub 1-0:1.0: 1 port detected
[    0.820422] usbcore: registered new interface driver usb-storage
[    0.822889] mousedev: PS/2 mouse device common for all mice
[    0.826036] bcm2835-wdt bcm2835-wdt: Broadcom BCM2835 watchdog timer
[    0.828693] bcm2835-cpufreq: min=600000 max=1400000
[    0.831513] sdhci: Secure Digital Host Controller Interface driver
[    0.833931] sdhci: Copyright(c) Pierre Ossman
[    0.836739] sdhost-bcm2835 3f202000.mmc: could not get clk, deferring probe
[    0.839426] sdhci-pltfm: SDHCI platform and OF driver helper
[    0.843491] ledtrig-cpu: registered to indicate activity on CPUs
[    0.846179] hidraw: raw HID events driver (C) Jiri Kosina
[    0.848949] usbcore: registered new interface driver usbhid
[    0.851492] usbhid: USB HID core driver
[    0.854805] vchiq: vchiq_init_state: slot_zero = (ptrval), is_master = 0
[    0.858953] [vc_sm_connected_init]: start
[    0.867621] [vc_sm_connected_init]: end - returning 0
[    0.871147] Initializing XFRM netlink socket
[    0.873534] NET: Registered protocol family 17
[    0.875992] Key type dns_resolver registered
[    0.878995] Registering SWP/SWPB emulation handler
[    0.882006] registered taskstats version 1
[    0.884384] Loading compiled-in X.509 certificates
[    0.893416] uart-pl011 3f201000.serial: cts_event_workaround enabled
[    0.895915] 3f201000.serial: ttyAMA0 at MMIO 0x3f201000 (irq = 81, base_baud = 0) is a PL011 rev2
[    1.899628] console [ttyAMA0] enabled
[    1.907708] sdhost: log_buf @ (ptrval) (fad13000)
[    1.963133] mmc0: sdhost-bcm2835 loaded - DMA enabled (>1)
[    1.972313] of_cfs_init
[    1.977155] of_cfs_init: OK
[    1.982720] Waiting for root device PARTUUID=4c999877-02...
[    2.017035] Indeed it is in host mode hprt0 = 00021501
[    2.112084] random: fast init done
[    2.122739] mmc0: host does not support reading read-only switch, assuming write-enable
[    2.141893] mmc0: new high speed SDHC card at address aaaa
[    2.150912] mmcblk0: mmc0:aaaa SL16G 14.8 GiB
[    2.164099]  mmcblk0: p1 p2
[    2.210941] EXT4-fs (mmcblk0p2): mounted filesystem with ordered data mode. Opts: (null)
[    2.224034] VFS: Mounted root (ext4 filesystem) readonly on device 179:2.
[    2.226957] usb 1-1: new high-speed USB device number 2 using dwc_otg
[    2.242680] Indeed it is in host mode hprt0 = 00001101
[    2.244844] devtmpfs: mounted
[    2.312279] Freeing unused kernel memory: 1024K
[    2.319742] Run /sbin/init as init process
[    2.487256] usb 1-1: New USB device found, idVendor=0424, idProduct=2514, bcdDevice= b.b3
[    2.500644] usb 1-1: New USB device strings: Mfr=0, Product=0, SerialNumber=0
[    2.511180] hub 1-1:1.0: USB hub found
[    2.517814] hub 1-1:1.0: 4 ports detected
[    2.836968] usb 1-1.1: new high-speed USB device number 3 using dwc_otg
[    2.956597] systemd[1]: System time before build time, advancing clock.
[    2.967298] usb 1-1.1: New USB device found, idVendor=0424, idProduct=2514, bcdDevice= b.b3
[    2.981175] usb 1-1.1: New USB device strings: Mfr=0, Product=0, SerialNumber=0
[    2.992038] hub 1-1.1:1.0: USB hub found
[    2.998919] hub 1-1.1:1.0: 3 ports detected
[    3.026209] systemd[1]: systemd 241 running in system mode. (+PAM +AUDIT +SELINUX +IMA +APPARMOR +SMACK +SYSVINIT +UTMP +LIBCRYPTSETUP +GCRYPT +GNUTLS +ACL +XZ +LZ4 +SECCOMP +B
LKID +ELFUTILS +KMOD -IDN2 +IDN -PCRE2 default-hierarchy=hybrid)
[    3.057138] systemd[1]: Detected architecture arm.
[    3.085791] systemd[1]: Set hostname to <raspberrypi>.
[    3.304733] uart-pl011 3f201000.serial: no DMA platform data
[    3.656980] usb 1-1.1.1: new high-speed USB device number 4 using dwc_otg
[    3.787437] usb 1-1.1.1: New USB device found, idVendor=0424, idProduct=7800, bcdDevice= 3.00
[    3.801509] usb 1-1.1.1: New USB device strings: Mfr=0, Product=0, SerialNumber=0
[    4.062223] random: systemd: uninitialized urandom read (16 bytes read)
[    4.079368] lan78xx 1-1.1.1:1.0 (unnamed net_device) (uninitialized): No External EEPROM. Setting MAC Speed
[    4.083520] random: systemd: uninitialized urandom read (16 bytes read)
[    4.096083] libphy: lan78xx-mdiobus: probed
[    4.105477] systemd[1]: Listening on udev Control Socket.
[    4.125428] random: systemd: uninitialized urandom read (16 bytes read)
[    4.136115] systemd[1]: Listening on Journal Socket (/dev/log).
[    4.139461] lan78xx 1-1.1.1:1.0 (unnamed net_device) (uninitialized): int urb period 64
[    4.163059] systemd[1]: Started Dispatch Password Requests to Console Directory Watch.

pi@raspberrypi:~$ [   93.397118] Unable to handle kernel paging request at virtual address 3922c768
[   93.400393] Unable to handle kernel paging request at virtual address 6e756987
[   93.405376] Unable to handle kernel NULL pointer dereference at virtual address 00000328
[   93.412466] Unable to handle kernel NULL pointer dereference at virtual address 00000328
[   93.422100] pgd = 4dba913e
[   93.431930] pgd =   (null)
[   93.435492] [00000328] *pgd=00000328, *pte=ea000008, *ppte=30303030
[   93.439019] Unable to handle kernel NULL pointer dereference at virtual address 00000000
[   93.446175] Internal error: Oops: 5 [#1] SMP ARM
[   93.456077] pgd =   (null)
[   93.461638] Modules linked in:
[   93.465280] Unable to handle kernel NULL pointer dereference at virtual address 00000000
[   93.469279] CPU: 0 PID: -1181494904 Comm:  Not tainted 4.19.118-v7+ #1311
[   93.479379] pgd =   (null)
[   93.487270] Hardware name: BCM2835
[   93.491046] Unable to handle kernel NULL pointer dereference at virtual address 00000000
[   93.495534] PC is at do_page_fault+0x84/0x3b8
[   93.505883] pgd =   (null)
[   93.511372] LR is at do_translation_fault+0xbc/0xc0
[   93.515175] Unable to handle kernel NULL pointer dereference at virtual address 00000000
[   93.521150] pc : [<808747bc>]    lr : [<80874bac>]    psr: 20000193
[   93.531392] pgd =   (null)
[   93.538792] sp : ba31a130  ip : ba31a188  fp : ba31a184
[   93.542619] Unable to handle kernel NULL pointer dereference at virtual address 00000000
[   93.548986] r10: 00000000  r9 : ba31a260  r8 : 00000005
[   93.559333] pgd =   (null)
[   93.565706] r7 : 80874af0  r6 : 00000328  r5 : 00000000  r4 : ba31a260
[   93.569532] Unable to handle kernel NULL pointer dereference at virtual address 00000000
[   93.577250] r3 : ba31a000  r2 : 20000193  r1 : 00000005  r0 : 00000000
[   93.587687] pgd =   (null)
[   93.595404] Flags: nzCv  IRQs off  FIQs on  Mode SVC_32  ISA ARM  Segment kernel
[   93.599254] Unable to handle kernel NULL pointer dereference at virtual address 00000000
[   93.609048] Control: 10c5383d  Table: 3644006a  DAC: 00000055
[   93.619557] pgd =   (null)
[   93.626560] Process  (pid: -1181494904, stack limit = 0xb9fa11a7)
[   93.630496] Unable to handle kernel NULL pointer dereference at virtual address 00000000
[   93.637850] Stack: (0xba31a130 to 0xba31a00c)
[   93.648407] pgd =   (null)
[   93.654016] [<808747bc>] (do_page_fault) from [<80874bac>] (do_translation_fault+0xbc/0xc0)
[   93.657928] Unable to handle kernel NULL pointer dereference at virtual address 00000000
[   93.668773] [<80874bac>] (do_translation_fault) from [<801167fc>] (do_DataAbort+0x58/0xf4)
[   93.679397] pgd =   (null)
[   93.690305] [<801167fc>] (do_DataAbort) from [<80101934>] (__dabt_svc+0x54/0x80)
[   93.694260] Unable to handle kernel NULL pointer dereference at virtual address 00000000
[   93.704232] Exception stack(0xba31a260 to 0xba31a2a8)
[   93.714928] pgd =   (null)
[   93.721287] a260: 00000000 00000005 20000193 ba31a000 ba31a3e0 00000000 00000328 80874af0
[   93.725230] Unable to handle kernel NULL pointer dereference at virtual address 00000000
[   93.735992] a280: 00000005 ba31a3e0 00000000 ba31a304 ba31a308 ba31a2b0 80874bac 808747bc
[   93.746707] pgd =   (null)
[   93.757567] a2a0: 20000193 ffffffff
[   93.761596] Unable to handle kernel NULL pointer dereference at virtual address 00000000
[   93.766383] [<80101934>] (__dabt_svc) from [<808747bc>] (do_page_fault+0x84/0x3b8)
[   93.777050] pgd =   (null)
[   93.787213] [<808747bc>] (do_page_fault) from [<80874bac>] (do_translation_fault+0xbc/0xc0)
[   93.791136] Unable to handle kernel NULL pointer dereference at virtual address 00000000
[   93.802081] [<80874bac>] (do_translation_fault) from [<801167fc>] (do_DataAbort+0x58/0xf4)
[   93.812746] pgd =   (null)
[   93.823639] [<801167fc>] (do_DataAbort) from [<80101934>] (__dabt_svc+0x54/0x80)
[   93.827627] Unable to handle kernel NULL pointer dereference at virtual address 00000000
[   93.837630] Exception stack(0xba31a3e0 to 0xba31a428)
[   93.848311] pgd =   (null)
[   93.854658] a3e0: 00000000 00000005 20000193 ba31a000 ba31a560 00000000 00000328 80874af0
[   93.858588] Unable to handle kernel NULL pointer dereference at virtual address 00000000
[   93.869406] a400: 00000005 ba31a560 00000000 ba31a484 ba31a488 ba31a430 80874bac 808747bc
[   93.880169] pgd =   (null)
[   93.891039] a420: 20000193 ffffffff
[   93.895069] Unable to handle kernel NULL pointer dereference at virtual address 00000000
[   93.899857] [<80101934>] (__dabt_svc) from [<808747bc>] (do_page_fault+0x84/0x3b8)
