[    0.000000] Booting Linux on physical CPU 0x0
[    0.000000] Linux version 4.19.118-v7+ (dom@buildbot) (gcc version 4.9.3 (crosstool-NG crosstool-ng-1.22.0-88-g8460611)) #1311 SMP Mon Apr 27 14:21:24 BST 2020
[    0.000000] CPU: ARMv7 Processor [410fd034] revision 4 (ARMv7), cr=10c5383d
[    0.000000] CPU: div instructions available: patching division code
[    0.000000] CPU: PIPT / VIPT nonaliasing data cache, VIPT aliasing instruction cache
[    0.000000] OF: fdt: Machine model: Raspberry Pi 3 Model B Plus Rev 1.3
[    0.000000] Memory policy: Data cache writealloc
[    0.000000] cma: Reserved 256 MiB at 0x1ec00000
[    0.000000] random: get_random_bytes called from start_kernel+0xac/0x4b4 with crng_init=0
[    0.000000] percpu: Embedded 16 pages/cpu s36864 r8192 d20480 u65536
[    0.000000] Built 1 zonelists, mobility grouping on.  Total pages: 240555
[    0.000000] Kernel command line: coherent_pool=1M 8250.nr_uarts=1 snd_bcm2835.enable_compat_alsa=0 snd_bcm2835.enable_hdmi=1 snd_bcm2835.enable_headphones=1 cma=256M video=Comp
osite-1:720x480@60,margin_left=32,margin_right=32,margin_top=32,margin_bottom=32 vc_mem.mem_base=0x3ec00000 vc_mem.mem_size=0x40000000  dwc_otg.lpm_enable=0 console=ttyAMA0,115200
 console=tty1 root=PARTUUID=4c999877-02 rootfstype=ext4 elevator=deadline fsck.repair=yes rootwait
[    0.000000] Dentry cache hash table entries: 131072 (order: 7, 524288 bytes)
[    0.000000] Inode-cache hash table entries: 65536 (order: 6, 262144 bytes)
[    0.000000] Memory: 684616K/970752K available (8192K kernel code, 656K rwdata, 2232K rodata, 1024K init, 831K bss, 23992K reserved, 262144K cma-reserved)
[    0.000000] Virtual kernel memory layout:
[    0.000000]     vector  : 0xffff0000 - 0xffff1000   (   4 kB)
[    0.000000]     fixmap  : 0xffc00000 - 0xfff00000   (3072 kB)
[    0.000000]     vmalloc : 0xbb800000 - 0xff800000   (1088 MB)
[    0.000000]     lowmem  : 0x80000000 - 0xbb400000   ( 948 MB)
[    0.000000]     modules : 0x7f000000 - 0x80000000   (  16 MB)
[    0.000000]       .text : 0x(ptrval) - 0x(ptrval)   (9184 kB)
[    0.000000]       .init : 0x(ptrval) - 0x(ptrval)   (1024 kB)
[    0.000000]       .data : 0x(ptrval) - 0x(ptrval)   ( 657 kB)
[    0.000000]        .bss : 0x(ptrval) - 0x(ptrval)   ( 832 kB)
[    0.000000] SLUB: HWalign=64, Order=0-3, MinObjects=0, CPUs=4, Nodes=1
[    0.000000] ftrace: allocating 27093 entries in 80 pages
[    0.000000] rcu: Hierarchical RCU implementation.
[    0.000000] NR_IRQS: 16, nr_irqs: 16, preallocated irqs: 16
[    0.000000] arch_timer: cp15 timer(s) running at 19.20MHz (phys).
[    0.000000] clocksource: arch_sys_counter: mask: 0xffffffffffffff max_cycles: 0x46d987e47, max_idle_ns: 440795202767 ns
[    0.000007] sched_clock: 56 bits at 19MHz, resolution 52ns, wraps every 4398046511078ns
[    0.000023] Switching to timer-based delay loop, resolution 52ns
[    0.000276] Console: colour dummy device 80x30
[    0.000921] console [tty1] enabled
[    0.000981] Calibrating delay loop (skipped), value calculated using timer frequency.. 38.40 BogoMIPS (lpj=192000)
[    0.001025] pid_max: default: 32768 minimum: 301
[    0.001386] Mount-cache hash table entries: 2048 (order: 1, 8192 bytes)
[    0.001423] Mountpoint-cache hash table entries: 2048 (order: 1, 8192 bytes)
[    0.002374] CPU: Testing write buffer coherency: ok
[    0.002867] CPU0: thread -1, cpu 0, socket 0, mpidr 80000000
[    0.003553] Setting up static identity map for 0x100000 - 0x10003c
[    0.003722] rcu: Hierarchical SRCU implementation.
[    0.004560] smp: Bringing up secondary CPUs ...
[    0.005479] CPU1: thread -1, cpu 1, socket 0, mpidr 80000001
[    0.006460] CPU2: thread -1, cpu 2, socket 0, mpidr 80000002
[    0.007392] CPU3: thread -1, cpu 3, socket 0, mpidr 80000003
[    0.007524] smp: Brought up 1 node, 4 CPUs
[    0.007606] SMP: Total of 4 processors activated (153.60 BogoMIPS).
[    0.007630] CPU: All CPU(s) started in HYP mode.
[    0.007650] CPU: Virtualization extensions available.
[    0.008646] devtmpfs: initialized
[    0.022213] VFP support v0.3: implementor 41 architecture 3 part 40 variant 3 rev 4
[    0.022488] clocksource: jiffies: mask: 0xffffffff max_cycles: 0xffffffff, max_idle_ns: 19112604462750000 ns
[    0.022536] futex hash table entries: 1024 (order: 4, 65536 bytes)
[    0.033369] pinctrl core: initialized pinctrl subsystem
[    0.034373] NET: Registered protocol family 16
[    0.037671] DMA: preallocated 1024 KiB pool for atomic coherent allocations
[    0.043628] hw-breakpoint: found 5 (+1 reserved) breakpoint and 4 watchpoint registers.
[    0.043663] hw-breakpoint: maximum watchpoint size is 8 bytes.
[    0.043885] Serial: AMBA PL011 UART driver
[    0.046346] bcm2835-mbox 3f00b880.mailbox: mailbox enabled
[    0.060087] raspberrypi-firmware soc:firmware: Attached to firmware from 2020-04-15 11:43, variant start
[    0.070100] raspberrypi-firmware soc:firmware: Firmware hash is 82f9bb929ce2186eb1824178c1ae82902ad6275c
[    0.112900] bcm2835-dma 3f007000.dma: DMA legacy API manager at (ptrval), dmachans=0x1
[    0.114567] SCSI subsystem initialized
[    0.114814] usbcore: registered new interface driver usbfs
[    0.114888] usbcore: registered new interface driver hub
[    0.115002] usbcore: registered new device driver usb
[    0.116776] clocksource: Switched to clocksource arch_sys_counter
[    0.207512] VFS: Disk quotas dquot_6.6.0
[    0.207625] VFS: Dquot-cache hash table entries: 1024 (order 0, 4096 bytes)
[    0.207830] FS-Cache: Loaded
[    0.208056] CacheFiles: Loaded
[    0.208555] simple-framebuffer 3eaf0000.framebuffer: framebuffer at 0x3eaf0000, 0x10a800 bytes, mapped to 0x(ptrval)
[    0.208599] simple-framebuffer 3eaf0000.framebuffer: format=a8r8g8b8, mode=656x416x32, linelength=2624
[    0.213562] Console: switching to colour frame buffer device 82x26
[    0.220496] simple-framebuffer 3eaf0000.framebuffer: fb0: simplefb registered!
[    0.233089] NET: Registered protocol family 2
[    0.236711] tcp_listen_portaddr_hash hash table entries: 512 (order: 0, 6144 bytes)
[    0.242212] TCP established hash table entries: 8192 (order: 3, 32768 bytes)
[    0.245111] TCP bind hash table entries: 8192 (order: 4, 65536 bytes)
[    0.248062] TCP: Hash tables configured (established 8192 bind 8192)
[    0.250984] UDP hash table entries: 512 (order: 2, 16384 bytes)
[    0.253824] UDP-Lite hash table entries: 512 (order: 2, 16384 bytes)
[    0.256997] NET: Registered protocol family 1
[    0.260492] RPC: Registered named UNIX socket transport module.
[    0.263435] RPC: Registered udp transport module.
[    0.266301] RPC: Registered tcp transport module.
[    0.269095] RPC: Registered tcp NFSv4.1 backchannel transport module.
[    0.273740] hw perfevents: enabled with armv7_cortex_a7 PMU driver, 7 counters available
[    0.282486] Initialise system trusted keyrings
[    0.285462] workingset: timestamp_bits=14 max_order=18 bucket_order=4
[    0.298193] FS-Cache: Netfs 'nfs' registered for caching
[    0.301484] NFS: Registering the id_resolver key type
[    0.304189] Key type id_resolver registered
[    0.306816] Key type id_legacy registered
[    0.309323] nfs4filelayout_init: NFSv4 File Layout Driver Registering...
[    0.317343] Key type asymmetric registered
[    0.319832] Asymmetric key parser 'x509' registered
[    0.322295] Block layer SCSI generic (bsg) driver version 0.4 loaded (major 250)
[    0.327372] io scheduler noop registered
[    0.329764] io scheduler deadline registered (default)
[    0.332339] io scheduler cfq registered
[    0.334634] io scheduler mq-deadline registered (default)
[    0.336975] io scheduler kyber registered
[    0.342420] Serial: 8250/16550 driver, 1 ports, IRQ sharing enabled
[    0.346290] bcm2835-rng 3f104000.rng: hwrng registered
[    0.349063] vc-mem: phys_addr:0x00000000 mem_base=0x3ec00000 mem_size:0x40000000(1024 MiB)
[    0.354410] vc-sm: Videocore shared memory driver
[    0.357212] gpiomem-bcm2835 3f200000.gpiomem: Initialised: Registers at 0x3f200000
[    0.372865] brd: module loaded
[    0.385429] loop: module loaded
[    0.388516] Loading iSCSI transport class v2.0-870.
[    0.391672] libphy: Fixed MDIO Bus: probed
[    0.394182] usbcore: registered new interface driver lan78xx
[    0.396657] usbcore: registered new interface driver smsc95xx
[    0.399056] dwc_otg: version 3.00a 10-AUG-2012 (platform bus)
[    0.429230] dwc_otg 3f980000.usb: base=(ptrval)
[    0.631693] Core Release: 2.80a
[    0.633907] Setting default values for core params
[    0.636192] Finished setting default values for core params
[    0.838817] Using Buffer DMA mode
[    0.841116] Periodic Transfer Interrupt Enhancement - disabled
[    0.843507] Multiprocessor Interrupt Enhancement - disabled
[    0.845882] OTG VER PARAM: 0, OTG VER FLAG: 0
[    0.848257] Dedicated Tx FIFOs mode
[    0.851169] WARN::dwc_otg_hcd_init:1074: FIQ DMA bounce buffers: virt = 9ed04000 dma = 0xded04000 len=9024
[    0.855742] FIQ FSM acceleration enabled for :
[    0.855742] Non-periodic Split Transactions
[    0.855742] Periodic Split Transactions
[    0.855742] High-Speed Isochronous Endpoints
[    0.855742] Interrupt/Control Split Transaction hack enabled
[    0.866703] WARN::hcd_init_fiq:457: FIQ on core 1
[    0.868930] WARN::hcd_init_fiq:458: FIQ ASM at 8068fda0 length 36
[    0.871141] WARN::hcd_init_fiq:497: MPHI regs_base at bb810000
[    0.873401] dwc_otg 3f980000.usb: DWC OTG Controller
[    0.875663] dwc_otg 3f980000.usb: new USB bus registered, assigned bus number 1
[    0.878013] dwc_otg 3f980000.usb: irq 56, io mem 0x00000000
[    0.880315] Init: Port Power? op_state=1
[    0.882550] Init: Power Port (0)
[    0.884947] usb usb1: New USB device found, idVendor=1d6b, idProduct=0002, bcdDevice= 4.19
[    0.889461] usb usb1: New USB device strings: Mfr=3, Product=2, SerialNumber=1
[    0.891870] usb usb1: Product: DWC OTG Controller
[    0.894230] usb usb1: Manufacturer: Linux 4.19.118-v7+ dwc_otg_hcd
[    0.896648] usb usb1: SerialNumber: 3f980000.usb
[    0.899613] hub 1-0:1.0: USB hub found
[    0.901884] hub 1-0:1.0: 1 port detected
[    0.904990] usbcore: registered new interface driver usb-storage
[    0.907481] mousedev: PS/2 mouse device common for all mice
[    0.910638] bcm2835-wdt bcm2835-wdt: Broadcom BCM2835 watchdog timer
[    0.913287] bcm2835-cpufreq: min=600000 max=1000000
[    0.916136] sdhci: Secure Digital Host Controller Interface driver
[    0.918573] sdhci: Copyright(c) Pierre Ossman
[    0.921405] sdhost-bcm2835 3f202000.mmc: could not get clk, deferring probe
[    0.924077] sdhci-pltfm: SDHCI platform and OF driver helper
[    0.928198] ledtrig-cpu: registered to indicate activity on CPUs
[    0.930903] hidraw: raw HID events driver (C) Jiri Kosina
[    0.933616] usbcore: registered new interface driver usbhid
[    0.936163] usbhid: USB HID core driver
[    0.939497] vchiq: vchiq_init_state: slot_zero = (ptrval), is_master = 0
[    0.943625] [vc_sm_connected_init]: start
[    0.950655] [vc_sm_connected_init]: end - returning 0
[    0.954187] Initializing XFRM netlink socket
[    0.956573] NET: Registered protocol family 17
[    0.959053] Key type dns_resolver registered
[    0.962029] Registering SWP/SWPB emulation handler
[    0.965026] registered taskstats version 1
[    0.967431] Loading compiled-in X.509 certificates
[    0.976469] uart-pl011 3f201000.serial: cts_event_workaround enabled
[    0.979029] 3f201000.serial: ttyAMA0 at MMIO 0x3f201000 (irq = 81, base_baud = 0) is a PL011 rev2
[    2.000575] console [ttyAMA0] enabled
[    2.008748] sdhost: log_buf @ (ptrval) (ded03000)
[    2.064227] mmc0: sdhost-bcm2835 loaded - DMA enabled (>1)
[    2.073378] of_cfs_init
[    2.078277] of_cfs_init: OK
[    2.083830] Waiting for root device PARTUUID=4c999877-02...
[    2.116895] Indeed it is in host mode hprt0 = 00021501
[    2.213310] random: fast init done
[    2.227629] mmc0: host does not support reading read-only switch, assuming write-enable
[    2.246808] mmc0: new high speed SDHC card at address aaaa
[    2.255828] mmcblk0: mmc0:aaaa SL16G 14.8 GiB
[    2.268806]  mmcblk0: p1 p2
[    2.301929] EXT4-fs (mmcblk0p2): INFO: recovery required on readonly filesystem
[    2.311761] EXT4-fs (mmcblk0p2): write access will be enabled during recovery
[    2.326825] usb 1-1: new high-speed USB device number 2 using dwc_otg
[    2.335977] Indeed it is in host mode hprt0 = 00001101
[    2.577078] usb 1-1: New USB device found, idVendor=0424, idProduct=2514, bcdDevice= b.b3
[    2.590419] usb 1-1: New USB device strings: Mfr=0, Product=0, SerialNumber=0
[    2.600974] hub 1-1:1.0: USB hub found
[    2.607456] hub 1-1:1.0: 4 ports detected
[    2.926823] usb 1-1.1: new high-speed USB device number 3 using dwc_otg
[    3.057054] usb 1-1.1: New USB device found, idVendor=0424, idProduct=2514, bcdDevice= b.b3
[    3.070756] usb 1-1.1: New USB device strings: Mfr=0, Product=0, SerialNumber=0
[    3.081568] hub 1-1.1:1.0: USB hub found
[    3.088414] hub 1-1.1:1.0: 3 ports detected
[    3.546758] EXT4-fs (mmcblk0p2): recovery complete
[    3.669955] EXT4-fs (mmcblk0p2): mounted filesystem with ordered data mode. Opts: (null)
[    3.683425] VFS: Mounted root (ext4 filesystem) readonly on device 179:2.
[    3.704988] devtmpfs: mounted
[    3.718065] Freeing unused kernel memory: 1024K
[    3.725696] Run /sbin/init as init process
[    3.746818] usb 1-1.1.1: new high-speed USB device number 4 using dwc_otg
[    3.877353] usb 1-1.1.1: New USB device found, idVendor=0424, idProduct=7800, bcdDevice= 3.00
[    3.891370] usb 1-1.1.1: New USB device strings: Mfr=0, Product=0, SerialNumber=0
[    4.169666] lan78xx 1-1.1.1:1.0 (unnamed net_device) (uninitialized): No External EEPROM. Setting MAC Speed
[    4.186197] libphy: lan78xx-mdiobus: probed
[    4.457498] lan78xx 1-1.1.1:1.0 (unnamed net_device) (uninitialized): int urb period 64
[    4.483826] systemd[1]: System time before build time, advancing clock.
[    4.523850] systemd[1]: systemd 241 running in system mode. (+PAM +AUDIT +SELINUX +IMA +APPARMOR +SMACK +SYSVINIT +UTMP +LIBCRYPTSETUP +GCRYPT +GNUTLS +ACL +XZ +LZ4 +SECCOMP +B
LKID +ELFUTILS +KMOD -IDN2 +IDN -PCRE2 default-hierarchy=hybrid)
[    4.555289] systemd[1]: Detected architecture arm.
[    4.585531] systemd[1]: Set hostname to <raspberrypi>.
[    4.802632] uart-pl011 3f201000.serial: no DMA platform data
[    5.488577] random: systemd: uninitialized urandom read (16 bytes read)
[    5.509435] random: systemd: uninitialized urandom read (16 bytes read)
[    5.519603] systemd[1]: Listening on udev Kernel Socket.
[    5.531668] random: systemd: uninitialized urandom read (16 bytes read)
[    5.541728] systemd[1]: Listening on fsck to fsckd communication Socket.
[    5.555360] systemd[1]: Listening on Journal Socket.
[    5.579157] systemd[1]: Starting Restore / save the current clock...
[    5.592114] systemd[1]: Condition check resulted in Kernel Module supporting RPCSEC_GSS being skipped.
[    5.608103] systemd[1]: Listening on Journal Socket (/dev/log).
[    5.620877] systemd[1]: Listening on udev Control Socket.

Raspbian GNU/Linux 10 raspberrypi ttyAMA0

raspberrypi login: [ 4011.614650] Kernel panic - not syncing: System is deadlocked on memory
[ 4011.614650]
[ 4011.626766] CPU: 3 PID: 2 Comm: kthreadd Not tainted 4.19.118-v7+ #1311
[ 4011.635664] Hardware name: BCM2835
[ 4011.641413] [<801120c8>] (unwind_backtrace) from [<8010d5fc>] (show_stack+0x20/0x24)
[ 4011.654245] [<8010d5fc>] (show_stack) from [<80856da8>] (dump_stack+0xe0/0x124)
[ 4011.664346] [<80856da8>] (dump_stack) from [<80120ee8>] (panic+0x104/0x288)
[ 4011.674082] [<80120ee8>] (panic) from [<80261cb8>] (pagefault_out_of_memory+0x0/0xa0)
[ 4011.687480] [<80261cb8>] (pagefault_out_of_memory) from [<80267ed8>] (__alloc_pages_nodemask+0x1020/0x1174)
[ 4011.703170] [<80267ed8>] (__alloc_pages_nodemask) from [<8011dfd8>] (copy_process.part.5+0x1f8/0x1b14)
[ 4011.718748] [<8011dfd8>] (copy_process.part.5) from [<8011fabc>] (_do_fork+0xd8/0x434)
[ 4011.733355] [<8011fabc>] (_do_fork) from [<8011fe88>] (kernel_thread+0x40/0x48)
[ 4011.744266] [<8011fe88>] (kernel_thread) from [<80143d3c>] (kthreadd+0x1f4/0x27c)
[ 4011.758975] [<80143d3c>] (kthreadd) from [<801010ac>] (ret_from_fork+0x14/0x28)
[ 4011.770154] Exception stack(0xba4effb0 to 0xba4efff8)
[ 4011.779042] ffa0:                                     00000000 00000000 00000000 00000000
[ 4011.794852] ffc0: 00000000 00000000 00000000 00000000 00000000 00000000 00000000 00000000
[ 4011.810883] ffe0: 00000000 00000000 00000000 00000000 00000013 00000000
[ 4011.821545] CPU2: stopping
[ 4011.828220] CPU: 2 PID: 0 Comm: swapper/2 Not tainted 4.19.118-v7+ #1311
[ 4011.838970] Hardware name: BCM2835
[ 4011.846351] [<801120c8>] (unwind_backtrace) from [<8010d5fc>] (show_stack+0x20/0x24)
[ 4011.862052] [<8010d5fc>] (show_stack) from [<80856da8>] (dump_stack+0xe0/0x124)
[ 4011.873432] [<80856da8>] (dump_stack) from [<801104e0>] (handle_IPI+0x388/0x3a8)
[ 4011.888805] [<801104e0>] (handle_IPI) from [<801021f4>] (bcm2836_arm_irqchip_handle_irq+0xa0/0xa4)
[ 4011.905816] [<801021f4>] (bcm2836_arm_irqchip_handle_irq) from [<801019bc>] (__irq_svc+0x5c/0x7c)
[ 4011.922721] Exception stack(0xba52ff38 to 0xba52ff80)
[ 4011.931757] ff20:                                                       80109ae4 00000000
[ 4011.947630] ff40: 40000193 40000193 80d04d70 ba52e000 80d04db8 00000004 80d8fb3e 410fd034
[ 4011.963423] ff60: 00000000 ba52ff94 80d0517c ba52ff88 00000000 80109ae8 40000113 ffffffff
[ 4011.979248] [<801019bc>] (__irq_svc) from [<80109ae8>] (arch_cpu_idle+0x34/0x4c)
[ 4011.994325] [<80109ae8>] (arch_cpu_idle) from [<80873e74>] (default_idle_call+0x34/0x48)
[ 4012.010286] [<80873e74>] (default_idle_call) from [<80152eb8>] (do_idle+0xec/0x16c)
[ 4012.025836] [<80152eb8>] (do_idle) from [<801531f8>] (cpu_startup_entry+0x28/0x2c)
[ 4012.041433] [<801531f8>] (cpu_startup_entry) from [<8010fee4>] (secondary_start_kernel+0x134/0x140)
[ 4012.058672] [<8010fee4>] (secondary_start_kernel) from [<0010270c>] (0x10270c)
[ 4012.070066] CPU1: stopping
[ 4012.076859] CPU: 1 PID: 0 Comm: swapper/1 Not tainted 4.19.118-v7+ #1311
[ 4012.087764] Hardware name: BCM2835
[ 4012.095267] [<801120c8>] (unwind_backtrace) from [<8010d5fc>] (show_stack+0x20/0x24)
[ 4012.111178] [<8010d5fc>] (show_stack) from [<80856da8>] (dump_stack+0xe0/0x124)
[ 4012.122667] [<80856da8>] (dump_stack) from [<801104e0>] (handle_IPI+0x388/0x3a8)
[ 4012.138122] [<801104e0>] (handle_IPI) from [<801021f4>] (bcm2836_arm_irqchip_handle_irq+0xa0/0xa4)
[ 4012.155454] [<801021f4>] (bcm2836_arm_irqchip_handle_irq) from [<801019bc>] (__irq_svc+0x5c/0x7c)
[ 4012.172815] Exception stack(0xba52df38 to 0xba52df80)
[ 4012.182086] df20:                                                       80109ae4 00000000
[ 4012.198436] df40: 40000193 40000193 80d04d70 ba52c000 80d04db8 00000002 80d8fb3e 410fd034
[ 4012.214665] df60: 00000000 ba52df94 80d0517c ba52df88 00000000 80109ae8 40000113 ffffffff
[ 4012.230880] [<801019bc>] (__irq_svc) from [<80109ae8>] (arch_cpu_idle+0x34/0x4c)
[ 4012.246290] [<80109ae8>] (arch_cpu_idle) from [<80873e74>] (default_idle_call+0x34/0x48)
[ 4012.262406] [<80873e74>] (default_idle_call) from [<80152eb8>] (do_idle+0xec/0x16c)
[ 4012.278085] [<80152eb8>] (do_idle) from [<801531f8>] (cpu_startup_entry+0x28/0x2c)
[ 4012.293754] [<801531f8>] (cpu_startup_entry) from [<8010fee4>] (secondary_start_kernel+0x134/0x140)
[ 4012.311060] [<8010fee4>] (secondary_start_kernel) from [<0010270c>] (0x10270c)
[ 4012.322486] CPU0: stopping
[ 4012.329247] CPU: 0 PID: 0 Comm: swapper/0 Not tainted 4.19.118-v7+ #1311
[ 4012.340120] Hardware name: BCM2835
[ 4012.347590] [<801120c8>] (unwind_backtrace) from [<8010d5fc>] (show_stack+0x20/0x24)
[ 4012.363427] [<8010d5fc>] (show_stack) from [<80856da8>] (dump_stack+0xe0/0x124)
[ 4012.374876] [<80856da8>] (dump_stack) from [<801104e0>] (handle_IPI+0x388/0x3a8)
[ 4012.390259] [<801104e0>] (handle_IPI) from [<801021f4>] (bcm2836_arm_irqchip_handle_irq+0xa0/0xa4)
[ 4012.407517] [<801021f4>] (bcm2836_arm_irqchip_handle_irq) from [<801019bc>] (__irq_svc+0x5c/0x7c)
[ 4012.424796] Exception stack(0x80d01ee8 to 0x80d01f30)
[ 4012.434031] 1ee0:                   80109ae4 00000000 40000193 40000193 80d04d70 80d00000
[ 4012.450446] 1f00: 80d04db8 00000001 80d8fb3e bb3ff840 80c64a38 80d01f44 80d0517c 80d01f38
[ 4012.466805] 1f20: 00000000 80109ae8 40000113 ffffffff
[ 4012.475929] [<801019bc>] (__irq_svc) from [<80109ae8>] (arch_cpu_idle+0x34/0x4c)
[ 4012.491348] [<80109ae8>] (arch_cpu_idle) from [<80873e74>] (default_idle_call+0x34/0x48)
[ 4012.507477] [<80873e74>] (default_idle_call) from [<80152eb8>] (do_idle+0xec/0x16c)
[ 4012.523162] [<80152eb8>] (do_idle) from [<801531f8>] (cpu_startup_entry+0x28/0x2c)
[ 4012.538783] [<801531f8>] (cpu_startup_entry) from [<8086d524>] (rest_init+0xbc/0xc0)
[ 4012.554718] [<8086d524>] (rest_init) from [<80c00fb0>] (start_kernel+0x484/0x4b4)
[ 4012.570463] ---[ end Kernel panic - not syncing: System is deadlocked on memory
[ 4012.570463]  ]---
