[    0.000000] Booting Linux on physical CPU 0x0
[    0.000000] Linux version 4.19.118-v7+ (dom@buildbot) (gcc version 4.9.3 (crosstool-NG crosstool-ng-1.22.0-88-g8460611)) #1311 SMP Mon Apr 27 14:21:24 BST 2020
[    0.000000] CPU: ARMv7 Processor [410fd034] revision 4 (ARMv7), cr=10c5383d
[    0.000000] CPU: div instructions available: patching division code
[    0.000000] CPU: PIPT / VIPT nonaliasing data cache, VIPT aliasing instruction cache
[    0.000000] OF: fdt: Machine model: Raspberry Pi 3 Model B Plus Rev 1.3
[    0.000000] Memory policy: Data cache writealloc
[    0.000000] cma: Reserved 256 MiB at 0x1ec00000
[    0.000000] random: get_random_bytes called from start_kernel+0xac/0x4b4 with crng_init=0
[    0.000000] percpu: Embedded 16 pages/cpu s36864 r8192 d20480 u65536
[    0.000000] Built 1 zonelists, mobility grouping on.  Total pages: 240555
[    0.000000] Kernel command line: coherent_pool=1M 8250.nr_uarts=1 snd_bcm2835.enable_compat_alsa=0 snd_bcm2835.enable_hdmi=1 snd_bcm2835.enable_headphones=1 cma=256M video=Comp
osite-1:720x480@60,margin_left=32,margin_right=32,margin_top=32,margin_bottom=32 vc_mem.mem_base=0x3ec00000 vc_mem.mem_size=0x40000000  dwc_otg.lpm_enable=0 console=ttyAMA0,115200
 console=tty1 root=PARTUUID=4c999877-02 rootfstype=ext4 elevator=deadline fsck.repair=yes rootwait
[    0.000000] Dentry cache hash table entries: 131072 (order: 7, 524288 bytes)
[    0.000000] Inode-cache hash table entries: 65536 (order: 6, 262144 bytes)
[    0.000000] Memory: 684616K/970752K available (8192K kernel code, 656K rwdata, 2232K rodata, 1024K init, 831K bss, 23992K reserved, 262144K cma-reserved)
[    0.000000] Virtual kernel memory layout:
[    0.000000]     vector  : 0xffff0000 - 0xffff1000   (   4 kB)
[    0.000000]     fixmap  : 0xffc00000 - 0xfff00000   (3072 kB)
[    0.000000]     vmalloc : 0xbb800000 - 0xff800000   (1088 MB)
[    0.000000]     lowmem  : 0x80000000 - 0xbb400000   ( 948 MB)
[    0.000000]     modules : 0x7f000000 - 0x80000000   (  16 MB)
[    0.000000]       .text : 0x(ptrval) - 0x(ptrval)   (9184 kB)
[    0.000000]       .init : 0x(ptrval) - 0x(ptrval)   (1024 kB)
[    0.000000]       .data : 0x(ptrval) - 0x(ptrval)   ( 657 kB)
[    0.000000]        .bss : 0x(ptrval) - 0x(ptrval)   ( 832 kB)
[    0.000000] SLUB: HWalign=64, Order=0-3, MinObjects=0, CPUs=4, Nodes=1
[    0.000000] ftrace: allocating 27093 entries in 80 pages
[    0.000000] rcu: Hierarchical RCU implementation.
[    0.000000] NR_IRQS: 16, nr_irqs: 16, preallocated irqs: 16
[    0.000000] arch_timer: cp15 timer(s) running at 19.20MHz (phys).
[    0.000000] clocksource: arch_sys_counter: mask: 0xffffffffffffff max_cycles: 0x46d987e47, max_idle_ns: 440795202767 ns
[    0.000007] sched_clock: 56 bits at 19MHz, resolution 52ns, wraps every 4398046511078ns
[    0.000023] Switching to timer-based delay loop, resolution 52ns
[    0.000275] Console: colour dummy device 80x30
[    0.000916] console [tty1] enabled
[    0.000976] Calibrating delay loop (skipped), value calculated using timer frequency.. 38.40 BogoMIPS (lpj=192000)
[    0.001019] pid_max: default: 32768 minimum: 301
[    0.001380] Mount-cache hash table entries: 2048 (order: 1, 8192 bytes)
[    0.001415] Mountpoint-cache hash table entries: 2048 (order: 1, 8192 bytes)
[    0.002367] CPU: Testing write buffer coherency: ok
[    0.002849] CPU0: thread -1, cpu 0, socket 0, mpidr 80000000
[    0.003535] Setting up static identity map for 0x100000 - 0x10003c
[    0.003707] rcu: Hierarchical SRCU implementation.
[    0.004538] smp: Bringing up secondary CPUs ...
[    0.005464] CPU1: thread -1, cpu 1, socket 0, mpidr 80000001
[    0.006444] CPU2: thread -1, cpu 2, socket 0, mpidr 80000002
[    0.007373] CPU3: thread -1, cpu 3, socket 0, mpidr 80000003
[    0.007487] smp: Brought up 1 node, 4 CPUs
[    0.007568] SMP: Total of 4 processors activated (153.60 BogoMIPS).
[    0.007591] CPU: All CPU(s) started in HYP mode.
[    0.007612] CPU: Virtualization extensions available.
[    0.008605] devtmpfs: initialized
[    0.022165] VFP support v0.3: implementor 41 architecture 3 part 40 variant 3 rev 4
[    0.022435] clocksource: jiffies: mask: 0xffffffff max_cycles: 0xffffffff, max_idle_ns: 19112604462750000 ns
[    0.022484] futex hash table entries: 1024 (order: 4, 65536 bytes)
[    0.033319] pinctrl core: initialized pinctrl subsystem
[    0.034311] NET: Registered protocol family 16
[    0.037602] DMA: preallocated 1024 KiB pool for atomic coherent allocations
[    0.043562] hw-breakpoint: found 5 (+1 reserved) breakpoint and 4 watchpoint registers.
[    0.043600] hw-breakpoint: maximum watchpoint size is 8 bytes.
[    0.043819] Serial: AMBA PL011 UART driver
[    0.046289] bcm2835-mbox 3f00b880.mailbox: mailbox enabled
[    0.060081] raspberrypi-firmware soc:firmware: Attached to firmware from 2020-04-15 11:43, variant start
[    0.070094] raspberrypi-firmware soc:firmware: Firmware hash is 82f9bb929ce2186eb1824178c1ae82902ad6275c
[    0.112914] bcm2835-dma 3f007000.dma: DMA legacy API manager at (ptrval), dmachans=0x1
[    0.114581] SCSI subsystem initialized
[    0.114825] usbcore: registered new interface driver usbfs
[    0.114900] usbcore: registered new interface driver hub
[    0.115015] usbcore: registered new device driver usb
[    0.116782] clocksource: Switched to clocksource arch_sys_counter
[    0.207575] VFS: Disk quotas dquot_6.6.0
[    0.207686] VFS: Dquot-cache hash table entries: 1024 (order 0, 4096 bytes)
[    0.207890] FS-Cache: Loaded
[    0.208116] CacheFiles: Loaded
[    0.208617] simple-framebuffer 3eaf0000.framebuffer: framebuffer at 0x3eaf0000, 0x10a800 bytes, mapped to 0x(ptrval)
[    0.208662] simple-framebuffer 3eaf0000.framebuffer: format=a8r8g8b8, mode=656x416x32, linelength=2624
[    0.213623] Console: switching to colour frame buffer device 82x26
[    0.220555] simple-framebuffer 3eaf0000.framebuffer: fb0: simplefb registered!
[    0.233149] NET: Registered protocol family 2
[    0.236821] tcp_listen_portaddr_hash hash table entries: 512 (order: 0, 6144 bytes)
[    0.242272] TCP established hash table entries: 8192 (order: 3, 32768 bytes)
[    0.245173] TCP bind hash table entries: 8192 (order: 4, 65536 bytes)
[    0.248127] TCP: Hash tables configured (established 8192 bind 8192)
[    0.251049] UDP hash table entries: 512 (order: 2, 16384 bytes)
[    0.253887] UDP-Lite hash table entries: 512 (order: 2, 16384 bytes)
[    0.257057] NET: Registered protocol family 1
[    0.260559] RPC: Registered named UNIX socket transport module.
[    0.263502] RPC: Registered udp transport module.
[    0.266366] RPC: Registered tcp transport module.
[    0.269159] RPC: Registered tcp NFSv4.1 backchannel transport module.
[    0.273804] hw perfevents: enabled with armv7_cortex_a7 PMU driver, 7 counters available
[    0.282547] Initialise system trusted keyrings
[    0.285529] workingset: timestamp_bits=14 max_order=18 bucket_order=4
[    0.298283] FS-Cache: Netfs 'nfs' registered for caching
[    0.301569] NFS: Registering the id_resolver key type
[    0.304269] Key type id_resolver registered
[    0.306893] Key type id_legacy registered
[    0.309397] nfs4filelayout_init: NFSv4 File Layout Driver Registering...
[    0.317437] Key type asymmetric registered
[    0.319918] Asymmetric key parser 'x509' registered
[    0.322376] Block layer SCSI generic (bsg) driver version 0.4 loaded (major 250)
[    0.327452] io scheduler noop registered
[    0.329844] io scheduler deadline registered (default)
[    0.332412] io scheduler cfq registered
[    0.334701] io scheduler mq-deadline registered (default)
[    0.337038] io scheduler kyber registered
[    0.342487] Serial: 8250/16550 driver, 1 ports, IRQ sharing enabled
[    0.346369] bcm2835-rng 3f104000.rng: hwrng registered
[    0.349142] vc-mem: phys_addr:0x00000000 mem_base=0x3ec00000 mem_size:0x40000000(1024 MiB)
[    0.354483] vc-sm: Videocore shared memory driver
[    0.357283] gpiomem-bcm2835 3f200000.gpiomem: Initialised: Registers at 0x3f200000
[    0.372920] brd: module loaded
[    0.385472] loop: module loaded
[    0.388551] Loading iSCSI transport class v2.0-870.
[    0.391703] libphy: Fixed MDIO Bus: probed
[    0.394214] usbcore: registered new interface driver lan78xx
[    0.396690] usbcore: registered new interface driver smsc95xx
[    0.399090] dwc_otg: version 3.00a 10-AUG-2012 (platform bus)
[    0.429259] dwc_otg 3f980000.usb: base=(ptrval)
[    0.631720] Core Release: 2.80a
[    0.633929] Setting default values for core params
[    0.636212] Finished setting default values for core params
[    0.838830] Using Buffer DMA mode
[    0.841123] Periodic Transfer Interrupt Enhancement - disabled
[    0.843512] Multiprocessor Interrupt Enhancement - disabled
[    0.845884] OTG VER PARAM: 0, OTG VER FLAG: 0
[    0.848256] Dedicated Tx FIFOs mode
[    0.851160] WARN::dwc_otg_hcd_init:1074: FIQ DMA bounce buffers: virt = 9ed04000 dma = 0xded04000 len=9024
[    0.855723] FIQ FSM acceleration enabled for :
[    0.855723] Non-periodic Split Transactions
[    0.855723] Periodic Split Transactions
[    0.855723] High-Speed Isochronous Endpoints
[    0.855723] Interrupt/Control Split Transaction hack enabled
[    0.866675] WARN::hcd_init_fiq:457: FIQ on core 1
[    0.868900] WARN::hcd_init_fiq:458: FIQ ASM at 8068fda0 length 36
[    0.871109] WARN::hcd_init_fiq:497: MPHI regs_base at bb810000
[    0.873365] dwc_otg 3f980000.usb: DWC OTG Controller
[    0.875630] dwc_otg 3f980000.usb: new USB bus registered, assigned bus number 1
[    0.877984] dwc_otg 3f980000.usb: irq 56, io mem 0x00000000
[    0.880289] Init: Port Power? op_state=1
[    0.882528] Init: Power Port (0)
[    0.884932] usb usb1: New USB device found, idVendor=1d6b, idProduct=0002, bcdDevice= 4.19
[    0.889457] usb usb1: New USB device strings: Mfr=3, Product=2, SerialNumber=1
[    0.891869] usb usb1: Product: DWC OTG Controller
[    0.894234] usb usb1: Manufacturer: Linux 4.19.118-v7+ dwc_otg_hcd
[    0.896661] usb usb1: SerialNumber: 3f980000.usb
[    0.899637] hub 1-0:1.0: USB hub found
[    0.901912] hub 1-0:1.0: 1 port detected
[    0.905015] usbcore: registered new interface driver usb-storage
[    0.907514] mousedev: PS/2 mouse device common for all mice
[    0.910686] bcm2835-wdt bcm2835-wdt: Broadcom BCM2835 watchdog timer
[    0.913348] bcm2835-cpufreq: min=600000 max=1000000
[    0.916192] sdhci: Secure Digital Host Controller Interface driver
[    0.918632] sdhci: Copyright(c) Pierre Ossman
[    0.921469] sdhost-bcm2835 3f202000.mmc: could not get clk, deferring probe
[    0.924142] sdhci-pltfm: SDHCI platform and OF driver helper
[    0.928264] ledtrig-cpu: registered to indicate activity on CPUs
[    0.930969] hidraw: raw HID events driver (C) Jiri Kosina
[    0.933675] usbcore: registered new interface driver usbhid
[    0.936218] usbhid: USB HID core driver
[    0.939548] vchiq: vchiq_init_state: slot_zero = (ptrval), is_master = 0
[    0.943677] [vc_sm_connected_init]: start
[    0.950762] [vc_sm_connected_init]: end - returning 0
[    0.954281] Initializing XFRM netlink socket
[    0.956666] NET: Registered protocol family 17
[    0.959137] Key type dns_resolver registered
[    0.962113] Registering SWP/SWPB emulation handler
[    0.965108] registered taskstats version 1
[    0.967511] Loading compiled-in X.509 certificates
[    0.976536] uart-pl011 3f201000.serial: cts_event_workaround enabled
[    0.979105] 3f201000.serial: ttyAMA0 at MMIO 0x3f201000 (irq = 81, base_baud = 0) is a PL011 rev2
[    2.000655] console [ttyAMA0] enabled
[    2.008822] sdhost: log_buf @ (ptrval) (ded03000)
[    2.064315] mmc0: sdhost-bcm2835 loaded - DMA enabled (>1)
[    2.073466] of_cfs_init
[    2.078376] of_cfs_init: OK
[    2.083944] Waiting for root device PARTUUID=4c999877-02...
[    2.116901] Indeed it is in host mode hprt0 = 00021501
[    2.213314] random: fast init done
[    2.227601] mmc0: host does not support reading read-only switch, assuming write-enable
[    2.246814] mmc0: new high speed SDHC card at address aaaa
[    2.255868] mmcblk0: mmc0:aaaa SL16G 14.8 GiB
[    2.268912]  mmcblk0: p1 p2
[    2.301776] EXT4-fs (mmcblk0p2): INFO: recovery required on readonly filesystem
[    2.311613] EXT4-fs (mmcblk0p2): write access will be enabled during recovery
[    2.326831] usb 1-1: new high-speed USB device number 2 using dwc_otg
[    2.335989] Indeed it is in host mode hprt0 = 00001101
[    2.577086] usb 1-1: New USB device found, idVendor=0424, idProduct=2514, bcdDevice= b.b3
[    2.590438] usb 1-1: New USB device strings: Mfr=0, Product=0, SerialNumber=0
[    2.601006] hub 1-1:1.0: USB hub found
[    2.607498] hub 1-1:1.0: 4 ports detected
[    2.926852] usb 1-1.1: new high-speed USB device number 3 using dwc_otg
[    3.057049] usb 1-1.1: New USB device found, idVendor=0424, idProduct=2514, bcdDevice= b.b3
[    3.070776] usb 1-1.1: New USB device strings: Mfr=0, Product=0, SerialNumber=0
[    3.081618] hub 1-1.1:1.0: USB hub found
[    3.088461] hub 1-1.1:1.0: 3 ports detected
[    3.746816] usb 1-1.1.1: new high-speed USB device number 4 using dwc_otg
[    3.877179] usb 1-1.1.1: New USB device found, idVendor=0424, idProduct=7800, bcdDevice= 3.00
[    3.891146] usb 1-1.1.1: New USB device strings: Mfr=0, Product=0, SerialNumber=0
[    4.168939] lan78xx 1-1.1.1:1.0 (unnamed net_device) (uninitialized): No External EEPROM. Setting MAC Speed
[    4.185490] libphy: lan78xx-mdiobus: probed
[    4.197808] lan78xx 1-1.1.1:1.0 (unnamed net_device) (uninitialized): int urb period 64
[    6.457191] EXT4-fs (mmcblk0p2): recovery complete
[    6.486077] EXT4-fs (mmcblk0p2): mounted filesystem with ordered data mode. Opts: (null)
[    6.499884] VFS: Mounted root (ext4 filesystem) readonly on device 179:2.
[    6.521767] devtmpfs: mounted
[    6.534987] Freeing unused kernel memory: 1024K
[    6.542832] Run /sbin/init as init process
[    7.162899] systemd[1]: System time before build time, advancing clock.
[    7.232112] systemd[1]: systemd 241 running in system mode. (+PAM +AUDIT +SELINUX +IMA +APPARMOR +SMACK +SYSVINIT +UTMP +LIBCRYPTSETUP +GCRYPT +GNUTLS +ACL +XZ +LZ4 +SECCOMP +B
LKID +ELFUTILS +KMOD -IDN2 +IDN -PCRE2 default-hierarchy=hybrid)
[    7.263524] systemd[1]: Detected architecture arm.
[    7.292284] systemd[1]: Set hostname to <raspberrypi>.
[    7.486640] uart-pl011 3f201000.serial: no DMA platform data
[    8.186725] random: systemd: uninitialized urandom read (16 bytes read)
[    8.229607] systemd[1]: Condition check resulted in Journal Audit Socket being skipped.
[    8.243359] random: systemd: uninitialized urandom read (16 bytes read)
[    8.253215] systemd[1]: Started Dispatch Password Requests to Console Directory Watch.
[    8.270466] random: systemd: uninitialized urandom read (16 bytes read)
[    8.280722] systemd[1]: Listening on Journal Socket (/dev/log).
[    8.293491] systemd[1]: Started Forward Password Requests to Wall Directory Watch.
[    8.310649] systemd[1]: Reached target Paths.
[    8.321989] systemd[1]: Listening on udev Control Socket.
[    8.334346] systemd[1]: Listening on Syslog Socket.

Raspbian GNU/Linux 10 raspberrypi ttyAMA0

raspberrypi login: [ 4160.786184] Kernel panic - not syncing: System is deadlocked on memory
[ 4160.786184]
[ 4160.798324] CPU: 0 PID: 29859 Comm: stress-ng-matri Not tainted 4.19.118-v7+ #1311
[ 4160.810523] Hardware name: BCM2835
[ 4160.816404] [<801120c8>] (unwind_backtrace) from [<8010d5fc>] (show_stack+0x20/0x24)
[ 4160.829348] [<8010d5fc>] (show_stack) from [<80856da8>] (dump_stack+0xe0/0x124)
[ 4160.839486] [<80856da8>] (dump_stack) from [<80120ee8>] (panic+0x104/0x288)
[ 4160.849277] [<80120ee8>] (panic) from [<80261cb8>] (pagefault_out_of_memory+0x0/0xa0)
[ 4160.862722] [<80261cb8>] (pagefault_out_of_memory) from [<80267ed8>] (__alloc_pages_nodemask+0x1020/0x1174)
[ 4160.878465] [<80267ed8>] (__alloc_pages_nodemask) from [<80297594>] (__pte_alloc+0x34/0x1b4)
[ 4160.893320] [<80297594>] (__pte_alloc) from [<8029b6f0>] (handle_mm_fault+0xce4/0xd68)
[ 4160.908085] [<8029b6f0>] (handle_mm_fault) from [<802954b0>] (__get_user_pages+0x140/0x518)
[ 4160.923678] [<802954b0>] (__get_user_pages) from [<80295f5c>] (populate_vma_page_range+0x84/0x8c)
[ 4160.940183] [<80295f5c>] (populate_vma_page_range) from [<80296020>] (__mm_populate+0xbc/0x168)
[ 4160.956684] [<80296020>] (__mm_populate) from [<80282ad0>] (vm_mmap_pgoff+0xe4/0xec)
[ 4160.972516] [<80282ad0>] (vm_mmap_pgoff) from [<8029ecd8>] (ksys_mmap_pgoff+0x64/0xc8)
[ 4160.988712] [<8029ecd8>] (ksys_mmap_pgoff) from [<8029ed68>] (sys_mmap_pgoff+0x2c/0x34)
[ 4161.005103] [<8029ed68>] (sys_mmap_pgoff) from [<80101000>] (ret_fast_syscall+0x0/0x28)
[ 4161.021692] Exception stack(0xb6aedfa8 to 0xb6aedff0)
[ 4161.031025] dfa0:                   ffffffff 00000000 00000000 04000000 00000003 00008022
[ 4161.047710] dfc0: ffffffff 00000000 00000000 000000c0 ffffffff 00010000 04000000 00000400
[ 4161.064475] dfe0: 00000000 7ec6bb10 00000000 76cc7d30
[ 4161.073807] CPU1: stopping
[ 4161.080712] CPU: 1 PID: 0 Comm: swapper/1 Not tainted 4.19.118-v7+ #1311
[ 4161.091636] Hardware name: BCM2835
[ 4161.099165] [<801120c8>] (unwind_backtrace) from [<8010d5fc>] (show_stack+0x20/0x24)
[ 4161.115107] [<8010d5fc>] (show_stack) from [<80856da8>] (dump_stack+0xe0/0x124)
[ 4161.126613] [<80856da8>] (dump_stack) from [<801104e0>] (handle_IPI+0x388/0x3a8)
[ 4161.142048] [<801104e0>] (handle_IPI) from [<801021f4>] (bcm2836_arm_irqchip_handle_irq+0xa0/0xa4)
[ 4161.159080] [<801021f4>] (bcm2836_arm_irqchip_handle_irq) from [<801019bc>] (__irq_svc+0x5c/0x7c)
[ 4161.176014] Exception stack(0xba52df20 to 0xba52df68)
[ 4161.185071] df20: 00000004 00000002 00000002 0f0f0f0f 80e4d7a8 000001fe 80d04db8 baae8a30
[ 4161.201153] df40: 00000001 410fd034 00000000 ba52df94 ba52df70 ba52df70 806e6b98 806e6b98
[ 4161.217211] df60: 40000113 ffffffff
[ 4161.224544] [<801019bc>] (__irq_svc) from [<806e6b98>] (ledtrig_cpu+0x9c/0xf0)
[ 4161.235688] [<806e6b98>] (ledtrig_cpu) from [<80109b58>] (arch_cpu_idle_exit+0x1c/0x20)
[ 4161.251412] [<80109b58>] (arch_cpu_idle_exit) from [<80152ecc>] (do_idle+0x100/0x16c)
[ 4161.267064] [<80152ecc>] (do_idle) from [<801531f8>] (cpu_startup_entry+0x28/0x2c)
[ 4161.282513] [<801531f8>] (cpu_startup_entry) from [<8010fee4>] (secondary_start_kernel+0x134/0x140)
[ 4161.299721] [<8010fee4>] (secondary_start_kernel) from [<0010270c>] (0x10270c)
[ 4161.311143] CPU2: stopping
[ 4161.317920] CPU: 2 PID: 0 Comm: swapper/2 Not tainted 4.19.118-v7+ #1311
[ 4161.328734] Hardware name: BCM2835
[ 4161.336146] [<801120c8>] (unwind_backtrace) from [<8010d5fc>] (show_stack+0x20/0x24)
[ 4161.352024] [<8010d5fc>] (show_stack) from [<80856da8>] (dump_stack+0xe0/0x124)
[ 4161.363494] [<80856da8>] (dump_stack) from [<801104e0>] (handle_IPI+0x388/0x3a8)
[ 4161.378862] [<801104e0>] (handle_IPI) from [<801021f4>] (bcm2836_arm_irqchip_handle_irq+0xa0/0xa4)
[ 4161.395882] [<801021f4>] (bcm2836_arm_irqchip_handle_irq) from [<801019bc>] (__irq_svc+0x5c/0x7c)
[ 4161.412903] Exception stack(0xba52ff38 to 0xba52ff80)
[ 4161.422003] ff20:                                                       80109ae4 00000000
[ 4161.438096] ff40: 40000093 40000093 80d04d70 ba52e000 80d04db8 00000004 80d8fb3e 410fd034
[ 4161.454228] ff60: 00000000 ba52ff94 80d0517c ba52ff88 00000000 80109ae8 40000013 ffffffff
[ 4161.470364] [<801019bc>] (__irq_svc) from [<80109ae8>] (arch_cpu_idle+0x34/0x4c)
[ 4161.485699] [<80109ae8>] (arch_cpu_idle) from [<80873e74>] (default_idle_call+0x34/0x48)
[ 4161.501743] [<80873e74>] (default_idle_call) from [<80152eb8>] (do_idle+0xec/0x16c)
[ 4161.517342] [<80152eb8>] (do_idle) from [<801531f8>] (cpu_startup_entry+0x28/0x2c)
[ 4161.532930] [<801531f8>] (cpu_startup_entry) from [<8010fee4>] (secondary_start_kernel+0x134/0x140)
[ 4161.550151] [<8010fee4>] (secondary_start_kernel) from [<0010270c>] (0x10270c)
[ 4161.561534] CPU3: stopping
[ 4161.568285] CPU: 3 PID: 0 Comm: swapper/3 Not tainted 4.19.118-v7+ #1311
[ 4161.579151] Hardware name: BCM2835
[ 4161.586615] [<801120c8>] (unwind_backtrace) from [<8010d5fc>] (show_stack+0x20/0x24)
[ 4161.602447] [<8010d5fc>] (show_stack) from [<80856da8>] (dump_stack+0xe0/0x124)
[ 4161.613892] [<80856da8>] (dump_stack) from [<801104e0>] (handle_IPI+0x388/0x3a8)
[ 4161.629266] [<801104e0>] (handle_IPI) from [<801021f4>] (bcm2836_arm_irqchip_handle_irq+0xa0/0xa4)
[ 4161.646525] [<801021f4>] (bcm2836_arm_irqchip_handle_irq) from [<801019bc>] (__irq_svc+0x5c/0x7c)
[ 4161.663810] Exception stack(0xba531f38 to 0xba531f80)
[ 4161.673048] 1f20:                                                       80109ae4 00000000
[ 4161.689336] 1f40: 40000193 40000193 80d04d70 ba530000 80d04db8 00000008 80d8fb3e 410fd034
[ 4161.705503] 1f60: 00000000 ba531f94 80d0517c ba531f88 00000000 80109ae8 40000113 ffffffff
[ 4161.721647] [<801019bc>] (__irq_svc) from [<80109ae8>] (arch_cpu_idle+0x34/0x4c)
[ 4161.736987] [<80109ae8>] (arch_cpu_idle) from [<80873e74>] (default_idle_call+0x34/0x48)
[ 4161.753038] [<80873e74>] (default_idle_call) from [<80152eb8>] (do_idle+0xec/0x16c)
[ 4161.768647] [<80152eb8>] (do_idle) from [<801531f8>] (cpu_startup_entry+0x28/0x2c)
[ 4161.784252] [<801531f8>] (cpu_startup_entry) from [<8010fee4>] (secondary_start_kernel+0x134/0x140)
[ 4161.801489] [<8010fee4>] (secondary_start_kernel) from [<0010270c>] (0x10270c)
[ 4161.812894] ---[ end Kernel panic - not syncing: System is deadlocked on memory
[ 4161.812894]  ]---
