[    0.000000] Booting Linux on physical CPU 0x0
[    0.000000] Linux version 4.19.118-v7+ (dom@buildbot) (gcc version 4.9.3 (crosstool-NG crosstool-ng-1.22.0-88-g8460611)) #1311 SMP Mon Apr 27 14:21:24 BST 2020
[    0.000000] CPU: ARMv7 Processor [410fd034] revision 4 (ARMv7), cr=10c5383d
[    0.000000] CPU: div instructions available: patching division code
[    0.000000] CPU: PIPT / VIPT nonaliasing data cache, VIPT aliasing instruction cache
[    0.000000] OF: fdt: Machine model: Raspberry Pi 3 Model B Plus Rev 1.3
[    0.000000] Memory policy: Data cache writealloc
[    0.000000] cma: Reserved 256 MiB at 0x1ec00000
[    0.000000] random: get_random_bytes called from start_kernel+0xac/0x4b4 with crng_init=0
[    0.000000] percpu: Embedded 16 pages/cpu s36864 r8192 d20480 u65536
[    0.000000] Built 1 zonelists, mobility grouping on.  Total pages: 240555
[    0.000000] Kernel command line: coherent_pool=1M 8250.nr_uarts=1 snd_bcm2835.enable_compat_alsa=0 snd_bcm2835.enable_hdmi=1 snd_bcm2835.enable_headphones=1 cma=256M video=Comp
osite-1:720x480@60,margin_left=32,margin_right=32,margin_top=32,margin_bottom=32 vc_mem.mem_base=0x3ec00000 vc_mem.mem_size=0x40000000  dwc_otg.lpm_enable=0 console=ttyAMA0,115200
 console=tty1 root=PARTUUID=4c999877-02 rootfstype=ext4 elevator=deadline fsck.repair=yes rootwait
[    0.000000] Dentry cache hash table entries: 131072 (order: 7, 524288 bytes)
[    0.000000] Inode-cache hash table entries: 65536 (order: 6, 262144 bytes)
[    0.000000] Memory: 684616K/970752K available (8192K kernel code, 656K rwdata, 2232K rodata, 1024K init, 831K bss, 23992K reserved, 262144K cma-reserved)
[    0.000000] Virtual kernel memory layout:
[    0.000000]     vector  : 0xffff0000 - 0xffff1000   (   4 kB)
[    0.000000]     fixmap  : 0xffc00000 - 0xfff00000   (3072 kB)
[    0.000000]     vmalloc : 0xbb800000 - 0xff800000   (1088 MB)
[    0.000000]     lowmem  : 0x80000000 - 0xbb400000   ( 948 MB)
[    0.000000]     modules : 0x7f000000 - 0x80000000   (  16 MB)
[    0.000000]       .text : 0x(ptrval) - 0x(ptrval)   (9184 kB)
[    0.000000]       .init : 0x(ptrval) - 0x(ptrval)   (1024 kB)
[    0.000000]       .data : 0x(ptrval) - 0x(ptrval)   ( 657 kB)
[    0.000000]        .bss : 0x(ptrval) - 0x(ptrval)   ( 832 kB)
[    0.000000] SLUB: HWalign=64, Order=0-3, MinObjects=0, CPUs=4, Nodes=1
[    0.000000] ftrace: allocating 27093 entries in 80 pages
[    0.000000] rcu: Hierarchical RCU implementation.
[    0.000000] NR_IRQS: 16, nr_irqs: 16, preallocated irqs: 16
[    0.000000] arch_timer: cp15 timer(s) running at 19.20MHz (phys).
[    0.000000] clocksource: arch_sys_counter: mask: 0xffffffffffffff max_cycles: 0x46d987e47, max_idle_ns: 440795202767 ns
[    0.000007] sched_clock: 56 bits at 19MHz, resolution 52ns, wraps every 4398046511078ns
[    0.000023] Switching to timer-based delay loop, resolution 52ns
[    0.000278] Console: colour dummy device 80x30
[    0.000921] console [tty1] enabled
[    0.000979] Calibrating delay loop (skipped), value calculated using timer frequency.. 38.40 BogoMIPS (lpj=192000)
[    0.001022] pid_max: default: 32768 minimum: 301
[    0.001384] Mount-cache hash table entries: 2048 (order: 1, 8192 bytes)
[    0.001420] Mountpoint-cache hash table entries: 2048 (order: 1, 8192 bytes)
[    0.002378] CPU: Testing write buffer coherency: ok
[    0.002866] CPU0: thread -1, cpu 0, socket 0, mpidr 80000000
[    0.003549] Setting up static identity map for 0x100000 - 0x10003c
[    0.003719] rcu: Hierarchical SRCU implementation.
[    0.004553] smp: Bringing up secondary CPUs ...
[    0.005478] CPU1: thread -1, cpu 1, socket 0, mpidr 80000001
[    0.006457] CPU2: thread -1, cpu 2, socket 0, mpidr 80000002
[    0.007389] CPU3: thread -1, cpu 3, socket 0, mpidr 80000003
[    0.007504] smp: Brought up 1 node, 4 CPUs
[    0.007584] SMP: Total of 4 processors activated (153.60 BogoMIPS).
[    0.007608] CPU: All CPU(s) started in HYP mode.
[    0.007628] CPU: Virtualization extensions available.
[    0.008619] devtmpfs: initialized
[    0.022186] VFP support v0.3: implementor 41 architecture 3 part 40 variant 3 rev 4
[    0.022459] clocksource: jiffies: mask: 0xffffffff max_cycles: 0xffffffff, max_idle_ns: 19112604462750000 ns
[    0.022507] futex hash table entries: 1024 (order: 4, 65536 bytes)
[    0.033319] pinctrl core: initialized pinctrl subsystem
[    0.034325] NET: Registered protocol family 16
[    0.037649] DMA: preallocated 1024 KiB pool for atomic coherent allocations
[    0.043614] hw-breakpoint: found 5 (+1 reserved) breakpoint and 4 watchpoint registers.
[    0.043650] hw-breakpoint: maximum watchpoint size is 8 bytes.
[    0.043869] Serial: AMBA PL011 UART driver
[    0.046328] bcm2835-mbox 3f00b880.mailbox: mailbox enabled
[    0.060081] raspberrypi-firmware soc:firmware: Attached to firmware from 2020-04-15 11:43, variant start
[    0.070095] raspberrypi-firmware soc:firmware: Firmware hash is 82f9bb929ce2186eb1824178c1ae82902ad6275c
[    0.112899] bcm2835-dma 3f007000.dma: DMA legacy API manager at (ptrval), dmachans=0x1
[    0.114560] SCSI subsystem initialized
[    0.114807] usbcore: registered new interface driver usbfs
[    0.114882] usbcore: registered new interface driver hub
[    0.114996] usbcore: registered new device driver usb
[    0.116773] clocksource: Switched to clocksource arch_sys_counter
[    0.207540] VFS: Disk quotas dquot_6.6.0
[    0.207652] VFS: Dquot-cache hash table entries: 1024 (order 0, 4096 bytes)
[    0.207856] FS-Cache: Loaded
[    0.208080] CacheFiles: Loaded
[    0.208582] simple-framebuffer 3eaf0000.framebuffer: framebuffer at 0x3eaf0000, 0x10a800 bytes, mapped to 0x(ptrval)
[    0.208626] simple-framebuffer 3eaf0000.framebuffer: format=a8r8g8b8, mode=656x416x32, linelength=2624
[    0.213590] Console: switching to colour frame buffer device 82x26
[    0.220519] simple-framebuffer 3eaf0000.framebuffer: fb0: simplefb registered!
[    0.233091] NET: Registered protocol family 2
[    0.236706] tcp_listen_portaddr_hash hash table entries: 512 (order: 0, 6144 bytes)
[    0.242201] TCP established hash table entries: 8192 (order: 3, 32768 bytes)
[    0.245096] TCP bind hash table entries: 8192 (order: 4, 65536 bytes)
[    0.248043] TCP: Hash tables configured (established 8192 bind 8192)
[    0.250960] UDP hash table entries: 512 (order: 2, 16384 bytes)
[    0.253793] UDP-Lite hash table entries: 512 (order: 2, 16384 bytes)
[    0.256965] NET: Registered protocol family 1
[    0.260465] RPC: Registered named UNIX socket transport module.
[    0.263406] RPC: Registered udp transport module.
[    0.266267] RPC: Registered tcp transport module.
[    0.269057] RPC: Registered tcp NFSv4.1 backchannel transport module.
[    0.273700] hw perfevents: enabled with armv7_cortex_a7 PMU driver, 7 counters available
[    0.282428] Initialise system trusted keyrings
[    0.285423] workingset: timestamp_bits=14 max_order=18 bucket_order=4
[    0.298155] FS-Cache: Netfs 'nfs' registered for caching
[    0.301443] NFS: Registering the id_resolver key type
[    0.304135] Key type id_resolver registered
[    0.306728] Key type id_legacy registered
[    0.309259] nfs4filelayout_init: NFSv4 File Layout Driver Registering...
[    0.317291] Key type asymmetric registered
[    0.319777] Asymmetric key parser 'x509' registered
[    0.322238] Block layer SCSI generic (bsg) driver version 0.4 loaded (major 250)
[    0.327316] io scheduler noop registered
[    0.329707] io scheduler deadline registered (default)
[    0.332275] io scheduler cfq registered
[    0.334563] io scheduler mq-deadline registered (default)
[    0.336904] io scheduler kyber registered
[    0.342357] Serial: 8250/16550 driver, 1 ports, IRQ sharing enabled
[    0.346225] bcm2835-rng 3f104000.rng: hwrng registered
[    0.349007] vc-mem: phys_addr:0x00000000 mem_base=0x3ec00000 mem_size:0x40000000(1024 MiB)
[    0.354362] vc-sm: Videocore shared memory driver
[    0.357169] gpiomem-bcm2835 3f200000.gpiomem: Initialised: Registers at 0x3f200000
[    0.372819] brd: module loaded
[    0.385390] loop: module loaded
[    0.388479] Loading iSCSI transport class v2.0-870.
[    0.391643] libphy: Fixed MDIO Bus: probed
[    0.394161] usbcore: registered new interface driver lan78xx
[    0.396639] usbcore: registered new interface driver smsc95xx
[    0.399050] dwc_otg: version 3.00a 10-AUG-2012 (platform bus)
[    0.429232] dwc_otg 3f980000.usb: base=(ptrval)
[    0.631698] Core Release: 2.80a
[    0.633917] Setting default values for core params
[    0.636210] Finished setting default values for core params
[    0.838832] Using Buffer DMA mode
[    0.841133] Periodic Transfer Interrupt Enhancement - disabled
[    0.843529] Multiprocessor Interrupt Enhancement - disabled
[    0.845907] OTG VER PARAM: 0, OTG VER FLAG: 0
[    0.848283] Dedicated Tx FIFOs mode
[    0.851196] WARN::dwc_otg_hcd_init:1074: FIQ DMA bounce buffers: virt = 9ed04000 dma = 0xded04000 len=9024
[    0.855771] FIQ FSM acceleration enabled for :
[    0.855771] Non-periodic Split Transactions
[    0.855771] Periodic Split Transactions
[    0.855771] High-Speed Isochronous Endpoints
[    0.855771] Interrupt/Control Split Transaction hack enabled
[    0.866743] WARN::hcd_init_fiq:457: FIQ on core 1
[    0.868970] WARN::hcd_init_fiq:458: FIQ ASM at 8068fda0 length 36
[    0.871181] WARN::hcd_init_fiq:497: MPHI regs_base at bb810000
[    0.873441] dwc_otg 3f980000.usb: DWC OTG Controller
[    0.875704] dwc_otg 3f980000.usb: new USB bus registered, assigned bus number 1
[    0.878053] dwc_otg 3f980000.usb: irq 56, io mem 0x00000000
[    0.880354] Init: Port Power? op_state=1
[    0.882591] Init: Power Port (0)
[    0.884995] usb usb1: New USB device found, idVendor=1d6b, idProduct=0002, bcdDevice= 4.19
[    0.889515] usb usb1: New USB device strings: Mfr=3, Product=2, SerialNumber=1
[    0.891922] usb usb1: Product: DWC OTG Controller
[    0.894284] usb usb1: Manufacturer: Linux 4.19.118-v7+ dwc_otg_hcd
[    0.896705] usb usb1: SerialNumber: 3f980000.usb
[    0.899677] hub 1-0:1.0: USB hub found
[    0.901948] hub 1-0:1.0: 1 port detected
[    0.905049] usbcore: registered new interface driver usb-storage
[    0.907540] mousedev: PS/2 mouse device common for all mice
[    0.910705] bcm2835-wdt bcm2835-wdt: Broadcom BCM2835 watchdog timer
[    0.913362] bcm2835-cpufreq: min=600000 max=1000000
[    0.916207] sdhci: Secure Digital Host Controller Interface driver
[    0.918646] sdhci: Copyright(c) Pierre Ossman
[    0.921482] sdhost-bcm2835 3f202000.mmc: could not get clk, deferring probe
[    0.924157] sdhci-pltfm: SDHCI platform and OF driver helper
[    0.928278] ledtrig-cpu: registered to indicate activity on CPUs
[    0.930984] hidraw: raw HID events driver (C) Jiri Kosina
[    0.933696] usbcore: registered new interface driver usbhid
[    0.936243] usbhid: USB HID core driver
[    0.939579] vchiq: vchiq_init_state: slot_zero = (ptrval), is_master = 0
[    0.943714] [vc_sm_connected_init]: start
[    0.950745] [vc_sm_connected_init]: end - returning 0
[    0.954272] Initializing XFRM netlink socket
[    0.956662] NET: Registered protocol family 17
[    0.959136] Key type dns_resolver registered
[    0.962111] Registering SWP/SWPB emulation handler
[    0.965106] registered taskstats version 1
[    0.967513] Loading compiled-in X.509 certificates
[    0.976547] uart-pl011 3f201000.serial: cts_event_workaround enabled
[    0.979113] 3f201000.serial: ttyAMA0 at MMIO 0x3f201000 (irq = 81, base_baud = 0) is a PL011 rev2
[    2.000665] console [ttyAMA0] enabled
[    2.008830] sdhost: log_buf @ (ptrval) (ded03000)
[    2.064315] mmc0: sdhost-bcm2835 loaded - DMA enabled (>1)
[    2.073468] of_cfs_init
[    2.078376] of_cfs_init: OK
[    2.083936] Waiting for root device PARTUUID=4c999877-02...
[    2.116892] Indeed it is in host mode hprt0 = 00021501
[    2.213315] random: fast init done
[    2.227596] mmc0: host does not support reading read-only switch, assuming write-enable
[    2.246911] mmc0: new high speed SDHC card at address aaaa
[    2.255962] mmcblk0: mmc0:aaaa SL16G 14.8 GiB
[    2.268971]  mmcblk0: p1 p2
[    2.301847] EXT4-fs (mmcblk0p2): INFO: recovery required on readonly filesystem
[    2.311683] EXT4-fs (mmcblk0p2): write access will be enabled during recovery
[    2.326827] usb 1-1: new high-speed USB device number 2 using dwc_otg
[    2.335982] Indeed it is in host mode hprt0 = 00001101
[    2.577068] usb 1-1: New USB device found, idVendor=0424, idProduct=2514, bcdDevice= b.b3
[    2.590398] usb 1-1: New USB device strings: Mfr=0, Product=0, SerialNumber=0
[    2.600899] hub 1-1:1.0: USB hub found
[    2.607374] hub 1-1:1.0: 4 ports detected
[    2.640197] EXT4-fs (mmcblk0p2): recovery complete
[    2.662047] EXT4-fs (mmcblk0p2): mounted filesystem with ordered data mode. Opts: (null)
[    2.675401] VFS: Mounted root (ext4 filesystem) readonly on device 179:2.
[    2.696393] devtmpfs: mounted
[    2.709420] Freeing unused kernel memory: 1024K
[    2.717128] Run /sbin/init as init process
[    2.926823] usb 1-1.1: new high-speed USB device number 3 using dwc_otg
[    3.057147] usb 1-1.1: New USB device found, idVendor=0424, idProduct=2514, bcdDevice= b.b3
[    3.070951] usb 1-1.1: New USB device strings: Mfr=0, Product=0, SerialNumber=0
[    3.081820] hub 1-1.1:1.0: USB hub found
[    3.088706] hub 1-1.1:1.0: 3 ports detected
[    3.393036] systemd[1]: System time before build time, advancing clock.
[    3.462035] systemd[1]: systemd 241 running in system mode. (+PAM +AUDIT +SELINUX +IMA +APPARMOR +SMACK +SYSVINIT +UTMP +LIBCRYPTSETUP +GCRYPT +GNUTLS +ACL +XZ +LZ4 +SECCOMP +B
LKID +ELFUTILS +KMOD -IDN2 +IDN -PCRE2 default-hierarchy=hybrid)
[    3.492827] systemd[1]: Detected architecture arm.
[    3.520685] systemd[1]: Set hostname to <raspberrypi>.
[    3.695338] uart-pl011 3f201000.serial: no DMA platform data
[    3.746876] usb 1-1.1.1: new high-speed USB device number 4 using dwc_otg
[    3.877265] usb 1-1.1.1: New USB device found, idVendor=0424, idProduct=7800, bcdDevice= 3.00
[    3.891286] usb 1-1.1.1: New USB device strings: Mfr=0, Product=0, SerialNumber=0
[    4.169317] lan78xx 1-1.1.1:1.0 (unnamed net_device) (uninitialized): No External EEPROM. Setting MAC Speed
[    4.185969] libphy: lan78xx-mdiobus: probed
[    4.217580] lan78xx 1-1.1.1:1.0 (unnamed net_device) (uninitialized): int urb period 64
[    4.502783] random: systemd: uninitialized urandom read (16 bytes read)
[    4.523564] random: systemd: uninitialized urandom read (16 bytes read)
[    4.533851] systemd[1]: Listening on fsck to fsckd communication Socket.
[    4.547464] random: systemd: uninitialized urandom read (16 bytes read)
[    4.557587] systemd[1]: Listening on udev Control Socket.
[    4.574618] systemd[1]: Created slice system-systemd\x2dfsck.slice.
[    4.588012] systemd[1]: Listening on initctl Compatibility Named Pipe.
[    4.601289] systemd[1]: Reached target Swap.
[    4.613591] systemd[1]: Created slice system-serial\x2dgetty.slice.
[    4.639589] systemd[1]: Condition check resulted in Journal Audit Socket being skipped.

Raspbian GNU/Linux 10 raspberrypi ttyAMA0

raspberrypi login: [ 4116.849305] Kernel panic - not syncing: System is deadlocked on memory
[ 4116.849305]
[ 4116.861379] CPU: 0 PID: 2 Comm: kthreadd Not tainted 4.19.118-v7+ #1311
[ 4116.870251] Hardware name: BCM2835
[ 4116.875975] [<801120c8>] (unwind_backtrace) from [<8010d5fc>] (show_stack+0x20/0x24)
[ 4116.888738] [<8010d5fc>] (show_stack) from [<80856da8>] (dump_stack+0xe0/0x124)
[ 4116.898756] [<80856da8>] (dump_stack) from [<80120ee8>] (panic+0x104/0x288)
[ 4116.908424] [<80120ee8>] (panic) from [<80261cb8>] (pagefault_out_of_memory+0x0/0xa0)
[ 4116.921737] [<80261cb8>] (pagefault_out_of_memory) from [<80267ed8>] (__alloc_pages_nodemask+0x1020/0x1174)
[ 4116.937345] [<80267ed8>] (__alloc_pages_nodemask) from [<8011dfd8>] (copy_process.part.5+0x1f8/0x1b14)
[ 4116.952914] [<8011dfd8>] (copy_process.part.5) from [<8011fabc>] (_do_fork+0xd8/0x434)
[ 4116.967538] [<8011fabc>] (_do_fork) from [<8011fe88>] (kernel_thread+0x40/0x48)
[ 4116.978459] [<8011fe88>] (kernel_thread) from [<80143d3c>] (kthreadd+0x1f4/0x27c)
[ 4116.993165] [<80143d3c>] (kthreadd) from [<801010ac>] (ret_from_fork+0x14/0x28)
[ 4117.004345] Exception stack(0xba4effb0 to 0xba4efff8)
[ 4117.013233] ffa0:                                     00000000 00000000 00000000 00000000
[ 4117.029050] ffc0: 00000000 00000000 00000000 00000000 00000000 00000000 00000000 00000000
[ 4117.045089] ffe0: 00000000 00000000 00000000 00000000 00000013 00000000
[ 4117.055760] CPU3: stopping
[ 4117.062441] CPU: 3 PID: 21348 Comm: stress-ng-matri Not tainted 4.19.118-v7+ #1311
[ 4117.078026] Hardware name: BCM2835
[ 4117.085386] [<801120c8>] (unwind_backtrace) from [<8010d5fc>] (show_stack+0x20/0x24)
[ 4117.101007] [<8010d5fc>] (show_stack) from [<80856da8>] (dump_stack+0xe0/0x124)
[ 4117.112424] [<80856da8>] (dump_stack) from [<801104e0>] (handle_IPI+0x388/0x3a8)
[ 4117.127755] [<801104e0>] (handle_IPI) from [<801021f4>] (bcm2836_arm_irqchip_handle_irq+0xa0/0xa4)
[ 4117.144687] [<801021f4>] (bcm2836_arm_irqchip_handle_irq) from [<801019bc>] (__irq_svc+0x5c/0x7c)
[ 4117.161518] Exception stack(0xb39c59d8 to 0xb39c5a20)
[ 4117.170515] 59c0:                                                       b8f16e00 00000000
[ 4117.186306] 59e0: 00000000 00000001 00000001 b8f16e00 00000000 b39c5c1c b8f16e00 00000001
[ 4117.202065] 5a00: 00000000 b39c5a94 b39c5a40 b39c5a28 80276730 80276620 20000113 ffffffff
[ 4117.217825] [<801019bc>] (__irq_svc) from [<80276620>] (lruvec_lru_size+0x8/0xb8)
[ 4117.232999] [<80276620>] (lruvec_lru_size) from [<80279c54>] (shrink_node_memcg+0x454/0x738)
[ 4117.249239] [<80279c54>] (shrink_node_memcg) from [<8027a038>] (shrink_node+0x100/0x50c)
[ 4117.265208] [<8027a038>] (shrink_node) from [<8027a55c>] (do_try_to_free_pages+0x118/0x414)
[ 4117.281541] [<8027a55c>] (do_try_to_free_pages) from [<8027a9c8>] (try_to_free_pages+0x170/0x4f0)
[ 4117.298612] [<8027a9c8>] (try_to_free_pages) from [<80267468>] (__alloc_pages_nodemask+0x5b0/0x1174)
[ 4117.315972] [<80267468>] (__alloc_pages_nodemask) from [<80297594>] (__pte_alloc+0x34/0x1b4)
[ 4117.332771] [<80297594>] (__pte_alloc) from [<8029b6f0>] (handle_mm_fault+0xce4/0xd68)
[ 4117.349037] [<8029b6f0>] (handle_mm_fault) from [<802954b0>] (__get_user_pages+0x140/0x518)
[ 4117.365748] [<802954b0>] (__get_user_pages) from [<80295f5c>] (populate_vma_page_range+0x84/0x8c)
[ 4117.383154] [<80295f5c>] (populate_vma_page_range) from [<80296020>] (__mm_populate+0xbc/0x168)
[ 4117.400670] [<80296020>] (__mm_populate) from [<80282ad0>] (vm_mmap_pgoff+0xe4/0xec)
[ 4117.417226] [<80282ad0>] (vm_mmap_pgoff) from [<8029ecd8>] (ksys_mmap_pgoff+0x64/0xc8)
[ 4117.433971] [<8029ecd8>] (ksys_mmap_pgoff) from [<8029ed68>] (sys_mmap_pgoff+0x2c/0x34)
[ 4117.450806] [<8029ed68>] (sys_mmap_pgoff) from [<80101000>] (ret_fast_syscall+0x0/0x28)
[ 4117.467631] Exception stack(0xb39c5fa8 to 0xb39c5ff0)
[ 4117.477073] 5fa0:                   ffffffff 00000000 00000000 04000000 00000003 00008022
[ 4117.493902] 5fc0: ffffffff 00000000 00001000 000000c0 00000000 00000000 6e65d000 ffffffff
[ 4117.510676] 5fe0: 00000000 7e82fb28 00000000 76d4bd30
[ 4117.519995] CPU2: stopping
[ 4117.526849] CPU: 2 PID: 0 Comm: swapper/2 Not tainted 4.19.118-v7+ #1311
[ 4117.537743] Hardware name: BCM2835
[ 4117.545232] [<801120c8>] (unwind_backtrace) from [<8010d5fc>] (show_stack+0x20/0x24)
[ 4117.561116] [<8010d5fc>] (show_stack) from [<80856da8>] (dump_stack+0xe0/0x124)
[ 4117.572590] [<80856da8>] (dump_stack) from [<801104e0>] (handle_IPI+0x388/0x3a8)
[ 4117.587965] [<801104e0>] (handle_IPI) from [<801021f4>] (bcm2836_arm_irqchip_handle_irq+0xa0/0xa4)
[ 4117.604941] [<801021f4>] (bcm2836_arm_irqchip_handle_irq) from [<801019bc>] (__irq_svc+0x5c/0x7c)
[ 4117.621820] Exception stack(0xba52ff38 to 0xba52ff80)
[ 4117.630839] ff20:                                                       80109ae4 00000000
[ 4117.646687] ff40: 40000193 40000193 80d04d70 ba52e000 80d04db8 00000004 80d8fb3e 410fd034
[ 4117.662401] ff60: 00000000 ba52ff94 80d0517c ba52ff88 00000000 80109ae8 40000113 ffffffff
[ 4117.678097] [<801019bc>] (__irq_svc) from [<80109ae8>] (arch_cpu_idle+0x34/0x4c)
[ 4117.693112] [<80109ae8>] (arch_cpu_idle) from [<80873e74>] (default_idle_call+0x34/0x48)
[ 4117.708939] [<80873e74>] (default_idle_call) from [<80152eb8>] (do_idle+0xec/0x16c)
[ 4117.724383] [<80152eb8>] (do_idle) from [<801531f8>] (cpu_startup_entry+0x28/0x2c)
[ 4117.739983] [<801531f8>] (cpu_startup_entry) from [<8010fee4>] (secondary_start_kernel+0x134/0x140)
[ 4117.757219] [<8010fee4>] (secondary_start_kernel) from [<0010270c>] (0x10270c)
[ 4117.768609] CPU1: stopping
[ 4117.775398] CPU: 1 PID: 0 Comm: swapper/1 Not tainted 4.19.118-v7+ #1311
[ 4117.786302] Hardware name: BCM2835
[ 4117.793802] [<801120c8>] (unwind_backtrace) from [<8010d5fc>] (show_stack+0x20/0x24)
[ 4117.809703] [<8010d5fc>] (show_stack) from [<80856da8>] (dump_stack+0xe0/0x124)
[ 4117.821181] [<80856da8>] (dump_stack) from [<801104e0>] (handle_IPI+0x388/0x3a8)
[ 4117.836621] [<801104e0>] (handle_IPI) from [<801021f4>] (bcm2836_arm_irqchip_handle_irq+0xa0/0xa4)
[ 4117.853940] [<801021f4>] (bcm2836_arm_irqchip_handle_irq) from [<801019bc>] (__irq_svc+0x5c/0x7c)
[ 4117.871286] Exception stack(0xba52df38 to 0xba52df80)
[ 4117.880554] df20:                                                       80109ae4 00000000
[ 4117.896901] df40: 40000193 40000193 80d04d70 ba52c000 80d04db8 00000002 80d8fb3e 410fd034
[ 4117.913122] df60: 00000000 ba52df94 80d0517c ba52df88 00000000 80109ae8 40000113 ffffffff
[ 4117.929323] [<801019bc>] (__irq_svc) from [<80109ae8>] (arch_cpu_idle+0x34/0x4c)
[ 4117.944720] [<80109ae8>] (arch_cpu_idle) from [<80873e74>] (default_idle_call+0x34/0x48)
[ 4117.960826] [<80873e74>] (default_idle_call) from [<80152eb8>] (do_idle+0xec/0x16c)
[ 4117.976489] [<80152eb8>] (do_idle) from [<801531f8>] (cpu_startup_entry+0x28/0x2c)
[ 4117.992148] [<801531f8>] (cpu_startup_entry) from [<8010fee4>] (secondary_start_kernel+0x134/0x140)
[ 4118.009445] [<8010fee4>] (secondary_start_kernel) from [<0010270c>] (0x10270c)
[ 4118.020883] ---[ end Kernel panic - not syncing: System is deadlocked on memory
[ 4118.020883]  ]---
