[    0.000000] Booting Linux on physical CPU 0x0
[    0.000000] Linux version 4.19.118-v7+ (dom@buildbot) (gcc version 4.9.3 (crosstool-NG crosstool-ng-1.22.0-88-g8460611)) #1311 SMP Mon Apr 27 14:21:24 BST 2020
[    0.000000] CPU: ARMv7 Processor [410fd034] revision 4 (ARMv7), cr=10c5383d
[    0.000000] CPU: div instructions available: patching division code
[    0.000000] CPU: PIPT / VIPT nonaliasing data cache, VIPT aliasing instruction cache
[    0.000000] OF: fdt: Machine model: Raspberry Pi 3 Model B Plus Rev 1.3
[    0.000000] Memory policy: Data cache writealloc
[    0.000000] cma: Reserved 256 MiB at 0x1ec00000
[    0.000000] random: get_random_bytes called from start_kernel+0xac/0x4b4 with crng_init=0
[    0.000000] percpu: Embedded 16 pages/cpu s36864 r8192 d20480 u65536
[    0.000000] Built 1 zonelists, mobility grouping on.  Total pages: 240555
[    0.000000] Kernel command line: coherent_pool=1M 8250.nr_uarts=1 snd_bcm2835.enable_compat_alsa=0 snd_bcm2835.enable_hdmi=1 snd_bcm2835.enable_headphones=1 cma=256M video=Comp
osite-1:720x480@60,margin_left=32,margin_right=32,margin_top=32,margin_bottom=32 vc_mem.mem_base=0x3ec00000 vc_mem.mem_size=0x40000000  dwc_otg.lpm_enable=0 console=ttyAMA0,115200
 console=tty1 root=PARTUUID=4c999877-02 rootfstype=ext4 elevator=deadline fsck.repair=yes rootwait
[    0.000000] Dentry cache hash table entries: 131072 (order: 7, 524288 bytes)
[    0.000000] Inode-cache hash table entries: 65536 (order: 6, 262144 bytes)
[    0.000000] Memory: 684616K/970752K available (8192K kernel code, 656K rwdata, 2232K rodata, 1024K init, 831K bss, 23992K reserved, 262144K cma-reserved)
[    0.000000] Virtual kernel memory layout:
[    0.000000]     vector  : 0xffff0000 - 0xffff1000   (   4 kB)
[    0.000000]     fixmap  : 0xffc00000 - 0xfff00000   (3072 kB)
[    0.000000]     vmalloc : 0xbb800000 - 0xff800000   (1088 MB)
[    0.000000]     lowmem  : 0x80000000 - 0xbb400000   ( 948 MB)
[    0.000000]     modules : 0x7f000000 - 0x80000000   (  16 MB)
[    0.000000]       .text : 0x(ptrval) - 0x(ptrval)   (9184 kB)
[    0.000000]       .init : 0x(ptrval) - 0x(ptrval)   (1024 kB)
[    0.000000]       .data : 0x(ptrval) - 0x(ptrval)   ( 657 kB)
[    0.000000]        .bss : 0x(ptrval) - 0x(ptrval)   ( 832 kB)
[    0.000000] SLUB: HWalign=64, Order=0-3, MinObjects=0, CPUs=4, Nodes=1
[    0.000000] ftrace: allocating 27093 entries in 80 pages
[    0.000000] rcu: Hierarchical RCU implementation.
[    0.000000] NR_IRQS: 16, nr_irqs: 16, preallocated irqs: 16
[    0.000000] arch_timer: cp15 timer(s) running at 19.20MHz (phys).
[    0.000000] clocksource: arch_sys_counter: mask: 0xffffffffffffff max_cycles: 0x46d987e47, max_idle_ns: 440795202767 ns
[    0.000007] sched_clock: 56 bits at 19MHz, resolution 52ns, wraps every 4398046511078ns
[    0.000024] Switching to timer-based delay loop, resolution 52ns
[    0.000279] Console: colour dummy device 80x30
[    0.000920] console [tty1] enabled
[    0.000980] Calibrating delay loop (skipped), value calculated using timer frequency.. 38.40 BogoMIPS (lpj=192000)
[    0.001023] pid_max: default: 32768 minimum: 301
[    0.001382] Mount-cache hash table entries: 2048 (order: 1, 8192 bytes)
[    0.001419] Mountpoint-cache hash table entries: 2048 (order: 1, 8192 bytes)
[    0.002374] CPU: Testing write buffer coherency: ok
[    0.002865] CPU0: thread -1, cpu 0, socket 0, mpidr 80000000
[    0.003549] Setting up static identity map for 0x100000 - 0x10003c
[    0.003717] rcu: Hierarchical SRCU implementation.
[    0.004542] smp: Bringing up secondary CPUs ...
[    0.005457] CPU1: thread -1, cpu 1, socket 0, mpidr 80000001
[    0.006431] CPU2: thread -1, cpu 2, socket 0, mpidr 80000002
[    0.007362] CPU3: thread -1, cpu 3, socket 0, mpidr 80000003
[    0.007477] smp: Brought up 1 node, 4 CPUs
[    0.007559] SMP: Total of 4 processors activated (153.60 BogoMIPS).
[    0.007583] CPU: All CPU(s) started in HYP mode.
[    0.007603] CPU: Virtualization extensions available.
[    0.008591] devtmpfs: initialized
[    0.022153] VFP support v0.3: implementor 41 architecture 3 part 40 variant 3 rev 4
[    0.022424] clocksource: jiffies: mask: 0xffffffff max_cycles: 0xffffffff, max_idle_ns: 19112604462750000 ns
[    0.022473] futex hash table entries: 1024 (order: 4, 65536 bytes)
[    0.033309] pinctrl core: initialized pinctrl subsystem
[    0.034318] NET: Registered protocol family 16
[    0.037588] DMA: preallocated 1024 KiB pool for atomic coherent allocations
[    0.043540] hw-breakpoint: found 5 (+1 reserved) breakpoint and 4 watchpoint registers.
[    0.043576] hw-breakpoint: maximum watchpoint size is 8 bytes.
[    0.043800] Serial: AMBA PL011 UART driver
[    0.046272] bcm2835-mbox 3f00b880.mailbox: mailbox enabled
[    0.060086] raspberrypi-firmware soc:firmware: Attached to firmware from 2020-04-15 11:43, variant start
[    0.070099] raspberrypi-firmware soc:firmware: Firmware hash is 82f9bb929ce2186eb1824178c1ae82902ad6275c
[    0.112912] bcm2835-dma 3f007000.dma: DMA legacy API manager at (ptrval), dmachans=0x1
[    0.114576] SCSI subsystem initialized
[    0.114821] usbcore: registered new interface driver usbfs
[    0.114896] usbcore: registered new interface driver hub
[    0.115008] usbcore: registered new device driver usb
[    0.116782] clocksource: Switched to clocksource arch_sys_counter
[    0.207511] VFS: Disk quotas dquot_6.6.0
[    0.207624] VFS: Dquot-cache hash table entries: 1024 (order 0, 4096 bytes)
[    0.207831] FS-Cache: Loaded
[    0.208054] CacheFiles: Loaded
[    0.208556] simple-framebuffer 3eaf0000.framebuffer: framebuffer at 0x3eaf0000, 0x10a800 bytes, mapped to 0x(ptrval)
[    0.208600] simple-framebuffer 3eaf0000.framebuffer: format=a8r8g8b8, mode=656x416x32, linelength=2624
[    0.213565] Console: switching to colour frame buffer device 82x26
[    0.220493] simple-framebuffer 3eaf0000.framebuffer: fb0: simplefb registered!
[    0.233056] NET: Registered protocol family 2
[    0.236675] tcp_listen_portaddr_hash hash table entries: 512 (order: 0, 6144 bytes)
[    0.242179] TCP established hash table entries: 8192 (order: 3, 32768 bytes)
[    0.245078] TCP bind hash table entries: 8192 (order: 4, 65536 bytes)
[    0.248028] TCP: Hash tables configured (established 8192 bind 8192)
[    0.250949] UDP hash table entries: 512 (order: 2, 16384 bytes)
[    0.253781] UDP-Lite hash table entries: 512 (order: 2, 16384 bytes)
[    0.256950] NET: Registered protocol family 1
[    0.260452] RPC: Registered named UNIX socket transport module.
[    0.263393] RPC: Registered udp transport module.
[    0.266257] RPC: Registered tcp transport module.
[    0.269052] RPC: Registered tcp NFSv4.1 backchannel transport module.
[    0.273686] hw perfevents: enabled with armv7_cortex_a7 PMU driver, 7 counters available
[    0.282430] Initialise system trusted keyrings
[    0.285421] workingset: timestamp_bits=14 max_order=18 bucket_order=4
[    0.298166] FS-Cache: Netfs 'nfs' registered for caching
[    0.301461] NFS: Registering the id_resolver key type
[    0.304159] Key type id_resolver registered
[    0.306754] Key type id_legacy registered
[    0.309288] nfs4filelayout_init: NFSv4 File Layout Driver Registering...
[    0.317343] Key type asymmetric registered
[    0.319835] Asymmetric key parser 'x509' registered
[    0.322298] Block layer SCSI generic (bsg) driver version 0.4 loaded (major 250)
[    0.327386] io scheduler noop registered
[    0.329786] io scheduler deadline registered (default)
[    0.332355] io scheduler cfq registered
[    0.334646] io scheduler mq-deadline registered (default)
[    0.336986] io scheduler kyber registered
[    0.342410] Serial: 8250/16550 driver, 1 ports, IRQ sharing enabled
[    0.346279] bcm2835-rng 3f104000.rng: hwrng registered
[    0.349053] vc-mem: phys_addr:0x00000000 mem_base=0x3ec00000 mem_size:0x40000000(1024 MiB)
[    0.354388] vc-sm: Videocore shared memory driver
[    0.357189] gpiomem-bcm2835 3f200000.gpiomem: Initialised: Registers at 0x3f200000
[    0.372820] brd: module loaded
[    0.385403] loop: module loaded
[    0.388461] Loading iSCSI transport class v2.0-870.
[    0.391615] libphy: Fixed MDIO Bus: probed
[    0.394126] usbcore: registered new interface driver lan78xx
[    0.396597] usbcore: registered new interface driver smsc95xx
[    0.398995] dwc_otg: version 3.00a 10-AUG-2012 (platform bus)
[    0.429165] dwc_otg 3f980000.usb: base=(ptrval)
[    0.631624] Core Release: 2.80a
[    0.633835] Setting default values for core params
[    0.636123] Finished setting default values for core params
[    0.838742] Using Buffer DMA mode
[    0.841040] Periodic Transfer Interrupt Enhancement - disabled
[    0.843434] Multiprocessor Interrupt Enhancement - disabled
[    0.845810] OTG VER PARAM: 0, OTG VER FLAG: 0
[    0.848186] Dedicated Tx FIFOs mode
[    0.851100] WARN::dwc_otg_hcd_init:1074: FIQ DMA bounce buffers: virt = 9ed04000 dma = 0xded04000 len=9024
[    0.855669] FIQ FSM acceleration enabled for :
[    0.855669] Non-periodic Split Transactions
[    0.855669] Periodic Split Transactions
[    0.855669] High-Speed Isochronous Endpoints
[    0.855669] Interrupt/Control Split Transaction hack enabled
[    0.866624] WARN::hcd_init_fiq:457: FIQ on core 1
[    0.868851] WARN::hcd_init_fiq:458: FIQ ASM at 8068fda0 length 36
[    0.871059] WARN::hcd_init_fiq:497: MPHI regs_base at bb810000
[    0.873315] dwc_otg 3f980000.usb: DWC OTG Controller
[    0.875578] dwc_otg 3f980000.usb: new USB bus registered, assigned bus number 1
[    0.877932] dwc_otg 3f980000.usb: irq 56, io mem 0x00000000
[    0.880234] Init: Port Power? op_state=1
[    0.882470] Init: Power Port (0)
[    0.884872] usb usb1: New USB device found, idVendor=1d6b, idProduct=0002, bcdDevice= 4.19
[    0.889391] usb usb1: New USB device strings: Mfr=3, Product=2, SerialNumber=1
[    0.891802] usb usb1: Product: DWC OTG Controller
[    0.894166] usb usb1: Manufacturer: Linux 4.19.118-v7+ dwc_otg_hcd
[    0.896590] usb usb1: SerialNumber: 3f980000.usb
[    0.899566] hub 1-0:1.0: USB hub found
[    0.901843] hub 1-0:1.0: 1 port detected
[    0.904940] usbcore: registered new interface driver usb-storage
[    0.907435] mousedev: PS/2 mouse device common for all mice
[    0.910603] bcm2835-wdt bcm2835-wdt: Broadcom BCM2835 watchdog timer
[    0.913266] bcm2835-cpufreq: min=600000 max=1000000
[    0.916110] sdhci: Secure Digital Host Controller Interface driver
[    0.918552] sdhci: Copyright(c) Pierre Ossman
[    0.921385] sdhost-bcm2835 3f202000.mmc: could not get clk, deferring probe
[    0.924063] sdhci-pltfm: SDHCI platform and OF driver helper
[    0.928182] ledtrig-cpu: registered to indicate activity on CPUs
[    0.930889] hidraw: raw HID events driver (C) Jiri Kosina
[    0.933600] usbcore: registered new interface driver usbhid
[    0.936148] usbhid: USB HID core driver
[    0.939467] vchiq: vchiq_init_state: slot_zero = (ptrval), is_master = 0
[    0.943599] [vc_sm_connected_init]: start
[    0.950675] [vc_sm_connected_init]: end - returning 0
[    0.954201] Initializing XFRM netlink socket
[    0.956591] NET: Registered protocol family 17
[    0.959064] Key type dns_resolver registered
[    0.962045] Registering SWP/SWPB emulation handler
[    0.965041] registered taskstats version 1
[    0.967445] Loading compiled-in X.509 certificates
[    0.976459] uart-pl011 3f201000.serial: cts_event_workaround enabled
[    0.979028] 3f201000.serial: ttyAMA0 at MMIO 0x3f201000 (irq = 81, base_baud = 0) is a PL011 rev2
[    2.000574] console [ttyAMA0] enabled
[    2.008722] sdhost: log_buf @ (ptrval) (ded03000)
[    2.064195] mmc0: sdhost-bcm2835 loaded - DMA enabled (>1)
[    2.073339] of_cfs_init
[    2.078235] of_cfs_init: OK
[    2.083787] Waiting for root device PARTUUID=4c999877-02...
[    2.116899] Indeed it is in host mode hprt0 = 00021501
[    2.213318] random: fast init done
[    2.227760] mmc0: host does not support reading read-only switch, assuming write-enable
[    2.247195] mmc0: new high speed SDHC card at address aaaa
[    2.256207] mmcblk0: mmc0:aaaa SL16G 14.8 GiB
[    2.269337]  mmcblk0: p1 p2
[    2.302013] EXT4-fs (mmcblk0p2): INFO: recovery required on readonly filesystem
[    2.311848] EXT4-fs (mmcblk0p2): write access will be enabled during recovery
[    2.326833] usb 1-1: new high-speed USB device number 2 using dwc_otg
[    2.335990] Indeed it is in host mode hprt0 = 00001101
[    2.577061] usb 1-1: New USB device found, idVendor=0424, idProduct=2514, bcdDevice= b.b3
[    2.590355] usb 1-1: New USB device strings: Mfr=0, Product=0, SerialNumber=0
[    2.600803] hub 1-1:1.0: USB hub found
[    2.607249] hub 1-1:1.0: 4 ports detected
[    2.698293] EXT4-fs (mmcblk0p2): recovery complete
[    2.860908] EXT4-fs (mmcblk0p2): mounted filesystem with ordered data mode. Opts: (null)
[    2.874282] VFS: Mounted root (ext4 filesystem) readonly on device 179:2.
[    2.896310] devtmpfs: mounted
[    2.909324] Freeing unused kernel memory: 1024K
[    2.917022] Run /sbin/init as init process
[    2.926818] usb 1-1.1: new high-speed USB device number 3 using dwc_otg
[    3.067108] usb 1-1.1: New USB device found, idVendor=0424, idProduct=2514, bcdDevice= b.b3
[    3.080936] usb 1-1.1: New USB device strings: Mfr=0, Product=0, SerialNumber=0
[    3.091843] hub 1-1.1:1.0: USB hub found
[    3.098734] hub 1-1.1:1.0: 3 ports detected
[    3.595997] systemd[1]: System time before build time, advancing clock.
[    3.664768] systemd[1]: systemd 241 running in system mode. (+PAM +AUDIT +SELINUX +IMA +APPARMOR +SMACK +SYSVINIT +UTMP +LIBCRYPTSETUP +GCRYPT +GNUTLS +ACL +XZ +LZ4 +SECCOMP +B
LKID +ELFUTILS +KMOD -IDN2 +IDN -PCRE2 default-hierarchy=hybrid)
[    3.695378] systemd[1]: Detected architecture arm.
[    3.723746] systemd[1]: Set hostname to <raspberrypi>.
[    3.756842] usb 1-1.1.1: new high-speed USB device number 4 using dwc_otg
[    3.887484] usb 1-1.1.1: New USB device found, idVendor=0424, idProduct=7800, bcdDevice= 3.00
[    3.901514] usb 1-1.1.1: New USB device strings: Mfr=0, Product=0, SerialNumber=0
[    3.960428] uart-pl011 3f201000.serial: no DMA platform data
[    4.190789] lan78xx 1-1.1.1:1.0 (unnamed net_device) (uninitialized): No External EEPROM. Setting MAC Speed
[    4.219444] libphy: lan78xx-mdiobus: probed
[    4.250381] lan78xx 1-1.1.1:1.0 (unnamed net_device) (uninitialized): int urb period 64
[    4.685199] random: systemd: uninitialized urandom read (16 bytes read)
[    4.706135] random: systemd: uninitialized urandom read (16 bytes read)
[    4.721261] systemd[1]: Created slice system-systemd\x2dfsck.slice.
[    4.734132] random: systemd: uninitialized urandom read (16 bytes read)
[    4.745246] systemd[1]: Created slice system-serial\x2dgetty.slice.
[    4.758317] systemd[1]: Started Dispatch Password Requests to Console Directory Watch.
[    4.776418] systemd[1]: Listening on udev Kernel Socket.
[    4.788957] systemd[1]: Started Forward Password Requests to Wall Directory Watch.
[    4.806197] systemd[1]: Reached target Paths.
[    4.830284] systemd[1]: Condition check resulted in Journal Audit Socket being skipped.

Raspbian GNU/Linux 10 raspberrypi ttyAMA0

raspberrypi login: [ 4661.775357] Kernel panic - not syncing: System is deadlocked on memory
[ 4661.775357]
[ 4661.787427] CPU: 3 PID: 2 Comm: kthreadd Not tainted 4.19.118-v7+ #1311
[ 4661.796297] Hardware name: BCM2835
[ 4661.802016] [<801120c8>] (unwind_backtrace) from [<8010d5fc>] (show_stack+0x20/0x24)
[ 4661.814782] [<8010d5fc>] (show_stack) from [<80856da8>] (dump_stack+0xe0/0x124)
[ 4661.824840] [<80856da8>] (dump_stack) from [<80120ee8>] (panic+0x104/0x288)
[ 4661.834544] [<80120ee8>] (panic) from [<80261cb8>] (pagefault_out_of_memory+0x0/0xa0)
[ 4661.847856] [<80261cb8>] (pagefault_out_of_memory) from [<80267ed8>] (__alloc_pages_nodemask+0x1020/0x1174)
[ 4661.863464] [<80267ed8>] (__alloc_pages_nodemask) from [<8011dfd8>] (copy_process.part.5+0x1f8/0x1b14)
[ 4661.879031] [<8011dfd8>] (copy_process.part.5) from [<8011fabc>] (_do_fork+0xd8/0x434)
[ 4661.893633] [<8011fabc>] (_do_fork) from [<8011fe88>] (kernel_thread+0x40/0x48)
[ 4661.904540] [<8011fe88>] (kernel_thread) from [<80143d3c>] (kthreadd+0x1f4/0x27c)
[ 4661.919249] [<80143d3c>] (kthreadd) from [<801010ac>] (ret_from_fork+0x14/0x28)
[ 4661.930427] Exception stack(0xba4effb0 to 0xba4efff8)
[ 4661.939314] ffa0:                                     00000000 00000000 00000000 00000000
[ 4661.955126] ffc0: 00000000 00000000 00000000 00000000 00000000 00000000 00000000 00000000
[ 4661.971164] ffe0: 00000000 00000000 00000000 00000000 00000013 00000000
[ 4661.981828] CPU0: stopping
[ 4661.988504] CPU: 0 PID: 0 Comm: swapper/0 Not tainted 4.19.118-v7+ #1311
[ 4661.999256] Hardware name: BCM2835
[ 4662.006641] [<801120c8>] (unwind_backtrace) from [<8010d5fc>] (show_stack+0x20/0x24)
[ 4662.022362] [<8010d5fc>] (show_stack) from [<80856da8>] (dump_stack+0xe0/0x124)
[ 4662.033753] [<80856da8>] (dump_stack) from [<801104e0>] (handle_IPI+0x388/0x3a8)
[ 4662.049151] [<801104e0>] (handle_IPI) from [<801021f4>] (bcm2836_arm_irqchip_handle_irq+0xa0/0xa4)
[ 4662.066182] [<801021f4>] (bcm2836_arm_irqchip_handle_irq) from [<801019bc>] (__irq_svc+0x5c/0x7c)
[ 4662.083115] Exception stack(0x80d01ee8 to 0x80d01f30)
[ 4662.092165] 1ee0:                   80109ae4 00000000 40000193 40000193 80d04d70 80d00000
[ 4662.108199] 1f00: 80d04db8 00000001 80d8fb3e bb3ff840 80c64a38 80d01f44 80d0517c 80d01f38
[ 4662.124220] 1f20: 00000000 80109ae8 40000113 ffffffff
[ 4662.133198] [<801019bc>] (__irq_svc) from [<80109ae8>] (arch_cpu_idle+0x34/0x4c)
[ 4662.148339] [<80109ae8>] (arch_cpu_idle) from [<80873e74>] (default_idle_call+0x34/0x48)
[ 4662.164329] [<80873e74>] (default_idle_call) from [<80152eb8>] (do_idle+0xec/0x16c)
[ 4662.179954] [<80152eb8>] (do_idle) from [<801531f8>] (cpu_startup_entry+0x28/0x2c)
[ 4662.195576] [<801531f8>] (cpu_startup_entry) from [<8086d524>] (rest_init+0xbc/0xc0)
[ 4662.211533] [<8086d524>] (rest_init) from [<80c00fb0>] (start_kernel+0x484/0x4b4)
[ 4662.227272] CPU1: stopping
[ 4662.234026] CPU: 1 PID: 0 Comm: swapper/1 Not tainted 4.19.118-v7+ #1311
[ 4662.244894] Hardware name: BCM2835
[ 4662.252358] [<801120c8>] (unwind_backtrace) from [<8010d5fc>] (show_stack+0x20/0x24)
[ 4662.268193] [<8010d5fc>] (show_stack) from [<80856da8>] (dump_stack+0xe0/0x124)
[ 4662.279641] [<80856da8>] (dump_stack) from [<801104e0>] (handle_IPI+0x388/0x3a8)
[ 4662.295016] [<801104e0>] (handle_IPI) from [<801021f4>] (bcm2836_arm_irqchip_handle_irq+0xa0/0xa4)
[ 4662.312135] [<801021f4>] (bcm2836_arm_irqchip_handle_irq) from [<801019bc>] (__irq_svc+0x5c/0x7c)
[ 4662.329209] Exception stack(0xba52df38 to 0xba52df80)
[ 4662.338387] df20:                                                       80109ae4 00000000
[ 4662.354578] df40: 40000193 40000193 80d04d70 ba52c000 80d04db8 00000002 80d8fb3e 410fd034
[ 4662.370648] df60: 00000000 ba52df94 80d0517c ba52df88 00000000 80109ae8 40000113 ffffffff
[ 4662.386700] [<801019bc>] (__irq_svc) from [<80109ae8>] (arch_cpu_idle+0x34/0x4c)
[ 4662.401950] [<80109ae8>] (arch_cpu_idle) from [<80873e74>] (default_idle_call+0x34/0x48)
[ 4662.417911] [<80873e74>] (default_idle_call) from [<80152eb8>] (do_idle+0xec/0x16c)
[ 4662.433427] [<80152eb8>] (do_idle) from [<801531f8>] (cpu_startup_entry+0x28/0x2c)
[ 4662.449104] [<801531f8>] (cpu_startup_entry) from [<8010fee4>] (secondary_start_kernel+0x134/0x140)
[ 4662.466415] [<8010fee4>] (secondary_start_kernel) from [<0010270c>] (0x10270c)
[ 4662.477844] CPU2: stopping
[ 4662.484606] CPU: 2 PID: 0 Comm: swapper/2 Not tainted 4.19.118-v7+ #1311
[ 4662.495483] Hardware name: BCM2835
[ 4662.502958] [<801120c8>] (unwind_backtrace) from [<8010d5fc>] (show_stack+0x20/0x24)
[ 4662.518817] [<8010d5fc>] (show_stack) from [<80856da8>] (dump_stack+0xe0/0x124)
[ 4662.530277] [<80856da8>] (dump_stack) from [<801104e0>] (handle_IPI+0x388/0x3a8)
[ 4662.545674] [<801104e0>] (handle_IPI) from [<801021f4>] (bcm2836_arm_irqchip_handle_irq+0xa0/0xa4)
[ 4662.562944] [<801021f4>] (bcm2836_arm_irqchip_handle_irq) from [<801019bc>] (__irq_svc+0x5c/0x7c)
[ 4662.580242] Exception stack(0xba52ff38 to 0xba52ff80)
[ 4662.589482] ff20:                                                       80109ae4 00000000
[ 4662.605769] ff40: 40000193 40000193 80d04d70 ba52e000 80d04db8 00000004 80d8fb3e 410fd034
[ 4662.621933] ff60: 00000000 ba52ff94 80d0517c ba52ff88 00000000 80109ae8 40000113 ffffffff
[ 4662.638083] [<801019bc>] (__irq_svc) from [<80109ae8>] (arch_cpu_idle+0x34/0x4c)
[ 4662.653429] [<80109ae8>] (arch_cpu_idle) from [<80873e74>] (default_idle_call+0x34/0x48)
[ 4662.669485] [<80873e74>] (default_idle_call) from [<80152eb8>] (do_idle+0xec/0x16c)
[ 4662.685102] [<80152eb8>] (do_idle) from [<801531f8>] (cpu_startup_entry+0x28/0x2c)
[ 4662.700709] [<801531f8>] (cpu_startup_entry) from [<8010fee4>] (secondary_start_kernel+0x134/0x140)
[ 4662.717943] [<8010fee4>] (secondary_start_kernel) from [<0010270c>] (0x10270c)
[ 4662.729346] ---[ end Kernel panic - not syncing: System is deadlocked on memory
[ 4662.729346]  ]---
