[    0.000000] Booting Linux on physical CPU 0x0
[    0.000000] Linux version 4.19.118-v7+ (dom@buildbot) (gcc version 4.9.3 (crosstool-NG crosstool-ng-1.22.0-88-g8460611)) #1311 SMP Mon Apr 27 14:21:24 BST 2020
[    0.000000] CPU: ARMv7 Processor [410fd034] revision 4 (ARMv7), cr=10c5383d
[    0.000000] CPU: div instructions available: patching division code
[    0.000000] CPU: PIPT / VIPT nonaliasing data cache, VIPT aliasing instruction cache
[    0.000000] OF: fdt: Machine model: Raspberry Pi 3 Model B Plus Rev 1.3
[    0.000000] Memory policy: Data cache writealloc
[    0.000000] cma: Reserved 256 MiB at 0x1ec00000
[    0.000000] random: get_random_bytes called from start_kernel+0xac/0x4b4 with crng_init=0
[    0.000000] percpu: Embedded 16 pages/cpu s36864 r8192 d20480 u65536
[    0.000000] Built 1 zonelists, mobility grouping on.  Total pages: 240555
[    0.000000] Kernel command line: coherent_pool=1M 8250.nr_uarts=1 snd_bcm2835.enable_compat_alsa=0 snd_bcm2835.enable_hdmi=1 snd_bcm2835.enable_headphones=1 cma=256M video=Composite-1:720x480@60,margin_left=32,mar
gin_right=32,margin_top=32,margin_bottom=32 vc_mem.mem_base=0x3ec00000 vc_mem.mem_size=0x40000000  dwc_otg.lpm_enable=0 console=ttyAMA0,115200 console=tty1 root=PARTUUID=4c999877-02 rootfstype=ext4 elevator=deadline
fsck.repair=yes rootwait
[    0.000000] Dentry cache hash table entries: 131072 (order: 7, 524288 bytes)
[    0.000000] Inode-cache hash table entries: 65536 (order: 6, 262144 bytes)
[    0.000000] Memory: 684616K/970752K available (8192K kernel code, 656K rwdata, 2232K rodata, 1024K init, 831K bss, 23992K reserved, 262144K cma-reserved)
[    0.000000] Virtual kernel memory layout:
[    0.000000]     vector  : 0xffff0000 - 0xffff1000   (   4 kB)
[    0.000000]     fixmap  : 0xffc00000 - 0xfff00000   (3072 kB)
[    0.000000]     vmalloc : 0xbb800000 - 0xff800000   (1088 MB)
[    0.000000]     lowmem  : 0x80000000 - 0xbb400000   ( 948 MB)
[    0.000000]     modules : 0x7f000000 - 0x80000000   (  16 MB)
[    0.000000]       .text : 0x(ptrval) - 0x(ptrval)   (9184 kB)
[    0.000000]       .init : 0x(ptrval) - 0x(ptrval)   (1024 kB)
[    0.000000]       .data : 0x(ptrval) - 0x(ptrval)   ( 657 kB)
[    0.000000]        .bss : 0x(ptrval) - 0x(ptrval)   ( 832 kB)
[    0.000000] SLUB: HWalign=64, Order=0-3, MinObjects=0, CPUs=4, Nodes=1
[    0.000000] ftrace: allocating 27093 entries in 80 pages
[    0.000000] rcu: Hierarchical RCU implementation.
[    0.000000] NR_IRQS: 16, nr_irqs: 16, preallocated irqs: 16
[    0.000000] arch_timer: cp15 timer(s) running at 19.20MHz (phys).
[    0.000000] clocksource: arch_sys_counter: mask: 0xffffffffffffff max_cycles: 0x46d987e47, max_idle_ns: 440795202767 ns
[    0.000007] sched_clock: 56 bits at 19MHz, resolution 52ns, wraps every 4398046511078ns
[    0.000023] Switching to timer-based delay loop, resolution 52ns
[    0.000276] Console: colour dummy device 80x30
[    0.000917] console [tty1] enabled
[    0.000976] Calibrating delay loop (skipped), value calculated using timer frequency.. 38.40 BogoMIPS (lpj=192000)
[    0.001021] pid_max: default: 32768 minimum: 301
[    0.001379] Mount-cache hash table entries: 2048 (order: 1, 8192 bytes)
[    0.001416] Mountpoint-cache hash table entries: 2048 (order: 1, 8192 bytes)
[    0.002375] CPU: Testing write buffer coherency: ok
[    0.002863] CPU0: thread -1, cpu 0, socket 0, mpidr 80000000
[    0.003550] Setting up static identity map for 0x100000 - 0x10003c
[    0.003720] rcu: Hierarchical SRCU implementation.
[    0.004555] smp: Bringing up secondary CPUs ...
[    0.005472] CPU1: thread -1, cpu 1, socket 0, mpidr 80000001
[    0.006457] CPU2: thread -1, cpu 2, socket 0, mpidr 80000002
[    0.007394] CPU3: thread -1, cpu 3, socket 0, mpidr 80000003
[    0.007508] smp: Brought up 1 node, 4 CPUs
[    0.007590] SMP: Total of 4 processors activated (153.60 BogoMIPS).
[    0.007614] CPU: All CPU(s) started in HYP mode.
[    0.007634] CPU: Virtualization extensions available.
[    0.008626] devtmpfs: initialized
[    0.022198] VFP support v0.3: implementor 41 architecture 3 part 40 variant 3 rev 4
[    0.022470] clocksource: jiffies: mask: 0xffffffff max_cycles: 0xffffffff, max_idle_ns: 19112604462750000 ns
[    0.022519] futex hash table entries: 1024 (order: 4, 65536 bytes)
[    0.033335] pinctrl core: initialized pinctrl subsystem
[    0.034337] NET: Registered protocol family 16
[    0.037642] DMA: preallocated 1024 KiB pool for atomic coherent allocations
[    0.043602] hw-breakpoint: found 5 (+1 reserved) breakpoint and 4 watchpoint registers.
[    0.043638] hw-breakpoint: maximum watchpoint size is 8 bytes.
[    0.043859] Serial: AMBA PL011 UART driver
[    0.046320] bcm2835-mbox 3f00b880.mailbox: mailbox enabled
[    0.060086] raspberrypi-firmware soc:firmware: Attached to firmware from 2020-04-15 11:43, variant start
[    0.070099] raspberrypi-firmware soc:firmware: Firmware hash is 82f9bb929ce2186eb1824178c1ae82902ad6275c
[    0.112893] bcm2835-dma 3f007000.dma: DMA legacy API manager at (ptrval), dmachans=0x1
[    0.114554] SCSI subsystem initialized
[    0.114800] usbcore: registered new interface driver usbfs
[    0.114874] usbcore: registered new interface driver hub
[    0.114990] usbcore: registered new device driver usb
[    0.116764] clocksource: Switched to clocksource arch_sys_counter
[    0.207507] VFS: Disk quotas dquot_6.6.0
[    0.207620] VFS: Dquot-cache hash table entries: 1024 (order 0, 4096 bytes)
[    0.207825] FS-Cache: Loaded
[    0.208050] CacheFiles: Loaded
[    0.208550] simple-framebuffer 3eaf0000.framebuffer: framebuffer at 0x3eaf0000, 0x10a800 bytes, mapped to 0x(ptrval)
[    0.208595] simple-framebuffer 3eaf0000.framebuffer: format=a8r8g8b8, mode=656x416x32, linelength=2624
[    0.213561] Console: switching to colour frame buffer device 82x26
[    0.220483] simple-framebuffer 3eaf0000.framebuffer: fb0: simplefb registered!
[    0.233028] NET: Registered protocol family 2
[    0.236635] tcp_listen_portaddr_hash hash table entries: 512 (order: 0, 6144 bytes)
[    0.242127] TCP established hash table entries: 8192 (order: 3, 32768 bytes)
[    0.245019] TCP bind hash table entries: 8192 (order: 4, 65536 bytes)
[    0.247965] TCP: Hash tables configured (established 8192 bind 8192)
[    0.250882] UDP hash table entries: 512 (order: 2, 16384 bytes)
[    0.253713] UDP-Lite hash table entries: 512 (order: 2, 16384 bytes)
[    0.256881] NET: Registered protocol family 1
[    0.260380] RPC: Registered named UNIX socket transport module.
[    0.263321] RPC: Registered udp transport module.
[    0.266184] RPC: Registered tcp transport module.
[    0.268980] RPC: Registered tcp NFSv4.1 backchannel transport module.
[    0.273637] hw perfevents: enabled with armv7_cortex_a7 PMU driver, 7 counters available
[    0.282382] Initialise system trusted keyrings
[    0.285365] workingset: timestamp_bits=14 max_order=18 bucket_order=4
[    0.298115] FS-Cache: Netfs 'nfs' registered for caching
[    0.301413] NFS: Registering the id_resolver key type
[    0.304118] Key type id_resolver registered
[    0.306713] Key type id_legacy registered
[    0.309245] nfs4filelayout_init: NFSv4 File Layout Driver Registering...
[    0.317279] Key type asymmetric registered
[    0.319766] Asymmetric key parser 'x509' registered
[    0.322229] Block layer SCSI generic (bsg) driver version 0.4 loaded (major 250)
[    0.327308] io scheduler noop registered
[    0.329703] io scheduler deadline registered (default)
[    0.332270] io scheduler cfq registered
[    0.334560] io scheduler mq-deadline registered (default)
[    0.336899] io scheduler kyber registered
[    0.342340] Serial: 8250/16550 driver, 1 ports, IRQ sharing enabled
[    0.346205] bcm2835-rng 3f104000.rng: hwrng registered
[    0.348979] vc-mem: phys_addr:0x00000000 mem_base=0x3ec00000 mem_size:0x40000000(1024 MiB)
[    0.354318] vc-sm: Videocore shared memory driver
[    0.357120] gpiomem-bcm2835 3f200000.gpiomem: Initialised: Registers at 0x3f200000
[    0.372757] brd: module loaded
[    0.385328] loop: module loaded
[    0.388404] Loading iSCSI transport class v2.0-870.
[    0.391562] libphy: Fixed MDIO Bus: probed
[    0.394075] usbcore: registered new interface driver lan78xx
[    0.396551] usbcore: registered new interface driver smsc95xx
[    0.398953] dwc_otg: version 3.00a 10-AUG-2012 (platform bus)
[    0.429130] dwc_otg 3f980000.usb: base=(ptrval)
[    0.631596] Core Release: 2.80a
[    0.633815] Setting default values for core params
[    0.636107] Finished setting default values for core params
[    0.838730] Using Buffer DMA mode
[    0.841031] Periodic Transfer Interrupt Enhancement - disabled
[    0.843428] Multiprocessor Interrupt Enhancement - disabled
[    0.845808] OTG VER PARAM: 0, OTG VER FLAG: 0
[    0.848183] Dedicated Tx FIFOs mode
[    0.851096] WARN::dwc_otg_hcd_init:1074: FIQ DMA bounce buffers: virt = 9ed04000 dma = 0xded04000 len=9024
[    0.855669] FIQ FSM acceleration enabled for :
[    0.855669] Non-periodic Split Transactions
[    0.855669] Periodic Split Transactions
[    0.855669] High-Speed Isochronous Endpoints
[    0.855669] Interrupt/Control Split Transaction hack enabled
[    0.866630] WARN::hcd_init_fiq:457: FIQ on core 1
[    0.868857] WARN::hcd_init_fiq:458: FIQ ASM at 8068fda0 length 36
[    0.871066] WARN::hcd_init_fiq:497: MPHI regs_base at bb810000
[    0.873325] dwc_otg 3f980000.usb: DWC OTG Controller
[    0.875589] dwc_otg 3f980000.usb: new USB bus registered, assigned bus number 1
[    0.877941] dwc_otg 3f980000.usb: irq 56, io mem 0x00000000
[    0.880241] Init: Port Power? op_state=1
[    0.882474] Init: Power Port (0)
[    0.884871] usb usb1: New USB device found, idVendor=1d6b, idProduct=0002, bcdDevice= 4.19
[    0.889384] usb usb1: New USB device strings: Mfr=3, Product=2, SerialNumber=1
[    0.891792] usb usb1: Product: DWC OTG Controller
[    0.894154] usb usb1: Manufacturer: Linux 4.19.118-v7+ dwc_otg_hcd
[    0.896574] usb usb1: SerialNumber: 3f980000.usb
[    0.899545] hub 1-0:1.0: USB hub found
[    0.901814] hub 1-0:1.0: 1 port detected
[    0.904914] usbcore: registered new interface driver usb-storage
[    0.907403] mousedev: PS/2 mouse device common for all mice
[    0.910568] bcm2835-wdt bcm2835-wdt: Broadcom BCM2835 watchdog timer
[    0.913213] bcm2835-cpufreq: min=600000 max=1000000
[    0.916049] sdhci: Secure Digital Host Controller Interface driver
[    0.918484] sdhci: Copyright(c) Pierre Ossman
[    0.921317] sdhost-bcm2835 3f202000.mmc: could not get clk, deferring probe
[    0.923985] sdhci-pltfm: SDHCI platform and OF driver helper
[    0.928116] ledtrig-cpu: registered to indicate activity on CPUs
[    0.930814] hidraw: raw HID events driver (C) Jiri Kosina
[    0.933515] usbcore: registered new interface driver usbhid
[    0.936055] usbhid: USB HID core driver
[    0.939377] vchiq: vchiq_init_state: slot_zero = (ptrval), is_master = 0
[    0.943505] [vc_sm_connected_init]: start
[    0.950530] [vc_sm_connected_init]: end - returning 0
[    0.954053] Initializing XFRM netlink socket
[    0.956434] NET: Registered protocol family 17
[    0.958906] Key type dns_resolver registered
[    0.961878] Registering SWP/SWPB emulation handler
[    0.964867] registered taskstats version 1
[    0.967272] Loading compiled-in X.509 certificates
[    0.976289] uart-pl011 3f201000.serial: cts_event_workaround enabled
[    0.978854] 3f201000.serial: ttyAMA0 at MMIO 0x3f201000 (irq = 81, base_baud = 0) is a PL011 rev2
[    2.000415] console [ttyAMA0] enabled
[    2.008589] sdhost: log_buf @ (ptrval) (ded03000)
[    2.064068] mmc0: sdhost-bcm2835 loaded - DMA enabled (>1)
[    2.073223] of_cfs_init
[    2.078129] of_cfs_init: OK
[    2.083695] Waiting for root device PARTUUID=4c999877-02...
[    2.116881] Indeed it is in host mode hprt0 = 00021501
[    2.213300] random: fast init done
[    2.227615] mmc0: host does not support reading read-only switch, assuming write-enable
[    2.246800] mmc0: new high speed SDHC card at address aaaa
[    2.255827] mmcblk0: mmc0:aaaa SL16G 14.8 GiB
[    2.268830]  mmcblk0: p1 p2
[    2.311200] EXT4-fs (mmcblk0p2): mounted filesystem with ordered data mode. Opts: (null)
[    2.324225] VFS: Mounted root (ext4 filesystem) readonly on device 179:2.
[    2.326824] usb 1-1: new high-speed USB device number 2 using dwc_otg
[    2.342933] Indeed it is in host mode hprt0 = 00001101
[    2.410877] devtmpfs: mounted
[    2.423656] Freeing unused kernel memory: 1024K
[    2.431072] Run /sbin/init as init process
[    2.587094] usb 1-1: New USB device found, idVendor=0424, idProduct=2514, bcdDevice= b.b3
[    2.600479] usb 1-1: New USB device strings: Mfr=0, Product=0, SerialNumber=0
[    2.611069] hub 1-1:1.0: USB hub found
[    2.617741] hub 1-1:1.0: 4 ports detected
[    2.936823] usb 1-1.1: new high-speed USB device number 3 using dwc_otg
[    3.067050] usb 1-1.1: New USB device found, idVendor=0424, idProduct=2514, bcdDevice= b.b3
[    3.080968] usb 1-1.1: New USB device strings: Mfr=0, Product=0, SerialNumber=0
[    3.091815] hub 1-1.1:1.0: USB hub found
[    3.098672] hub 1-1.1:1.0: 3 ports detected
[    3.131040] systemd[1]: System time before build time, advancing clock.
[    3.199976] systemd[1]: systemd 241 running in system mode. (+PAM +AUDIT +SELINUX +IMA +APPARMOR +SMACK +SYSVINIT +UTMP +LIBCRYPTSETUP +GCRYPT +GNUTLS +ACL +XZ +LZ4 +SECCOMP +BLKID +ELFUTILS +KMOD -IDN2 +IDN -PCRE
2 default-hierarchy=hybrid)
[    3.230631] systemd[1]: Detected architecture arm.
[    3.258805] systemd[1]: Set hostname to <raspberrypi>.
[    3.438783] uart-pl011 3f201000.serial: no DMA platform data
[    3.756819] usb 1-1.1.1: new high-speed USB device number 4 using dwc_otg
[    3.897237] usb 1-1.1.1: New USB device found, idVendor=0424, idProduct=7800, bcdDevice= 3.00
[    3.911179] usb 1-1.1.1: New USB device strings: Mfr=0, Product=0, SerialNumber=0
[    4.189140] lan78xx 1-1.1.1:1.0 (unnamed net_device) (uninitialized): No External EEPROM. Setting MAC Speed
[    4.205792] libphy: lan78xx-mdiobus: probed
[    4.237334] lan78xx 1-1.1.1:1.0 (unnamed net_device) (uninitialized): int urb period 64
[    4.245114] random: systemd: uninitialized urandom read (16 bytes read)
[    4.272032] random: systemd: uninitialized urandom read (16 bytes read)
[    4.282326] systemd[1]: Started Dispatch Password Requests to Console Directory Watch.
[    4.299677] random: systemd: uninitialized urandom read (16 bytes read)
[    4.309366] systemd[1]: Reached target Swap.
[    4.320840] systemd[1]: Listening on Journal Socket.
[    4.344977] systemd[1]: Starting Restore / save the current clock...
[    4.371293] systemd[1]: Starting Set the console keyboard layout...
[    4.385516] systemd[1]: Listening on Syslog Socket.
[    4.412278] systemd[1]: Condition check resulted in Journal Audit Socket being skipped.

Raspbian GNU/Linux 10 raspberrypi ttyAMA0

raspberrypi login: [ 3860.861382] Kernel panic - not syncing: System is deadlocked on memory
[ 3860.861382]
[ 3860.873458] CPU: 0 PID: 2 Comm: kthreadd Not tainted 4.19.118-v7+ #1311
[ 3860.882330] Hardware name: BCM2835
[ 3860.888053] [<801120c8>] (unwind_backtrace) from [<8010d5fc>] (show_stack+0x20/0x24)
[ 3860.900819] [<8010d5fc>] (show_stack) from [<80856da8>] (dump_stack+0xe0/0x124)
[ 3860.910879] [<80856da8>] (dump_stack) from [<80120ee8>] (panic+0x104/0x288)
[ 3860.920583] [<80120ee8>] (panic) from [<80261cb8>] (pagefault_out_of_memory+0x0/0xa0)
[ 3860.933894] [<80261cb8>] (pagefault_out_of_memory) from [<80267ed8>] (__alloc_pages_nodemask+0x1020/0x1174)
[ 3860.949498] [<80267ed8>] (__alloc_pages_nodemask) from [<8011dfd8>] (copy_process.part.5+0x1f8/0x1b14)
[ 3860.965063] [<8011dfd8>] (copy_process.part.5) from [<8011fabc>] (_do_fork+0xd8/0x434)
[ 3860.979663] [<8011fabc>] (_do_fork) from [<8011fe88>] (kernel_thread+0x40/0x48)
[ 3860.990569] [<8011fe88>] (kernel_thread) from [<80143d3c>] (kthreadd+0x1f4/0x27c)
[ 3861.005267] [<80143d3c>] (kthreadd) from [<801010ac>] (ret_from_fork+0x14/0x28)
[ 3861.016440] Exception stack(0xba4effb0 to 0xba4efff8)
[ 3861.025320] ffa0:                                     00000000 00000000 00000000 00000000
[ 3861.041118] ffc0: 00000000 00000000 00000000 00000000 00000000 00000000 00000000 00000000
[ 3861.057144] ffe0: 00000000 00000000 00000000 00000000 00000013 00000000
[ 3861.067805] CPU1: stopping
[ 3861.074508] CPU: 1 PID: 0 Comm: swapper/1 Not tainted 4.19.118-v7+ #1311
[ 3861.085287] Hardware name: BCM2835
[ 3861.092695] [<801120c8>] (unwind_backtrace) from [<8010d5fc>] (show_stack+0x20/0x24)
[ 3861.108456] [<8010d5fc>] (show_stack) from [<80856da8>] (dump_stack+0xe0/0x124)
[ 3861.119867] [<80856da8>] (dump_stack) from [<801104e0>] (handle_IPI+0x388/0x3a8)
[ 3861.135314] [<801104e0>] (handle_IPI) from [<801021f4>] (bcm2836_arm_irqchip_handle_irq+0xa0/0xa4)
[ 3861.152394] [<801021f4>] (bcm2836_arm_irqchip_handle_irq) from [<801019bc>] (__irq_svc+0x5c/0x7c)
[ 3861.169376] Exception stack(0xba52df38 to 0xba52df80)
[ 3861.178450] df20:                                                       80109ae4 00000000
[ 3861.194399] df40: 40000193 40000193 80d04d70 ba52c000 80d04db8 00000002 80d8fb3e 410fd034
[ 3861.210272] df60: 00000000 ba52df94 80d0517c ba52df88 00000000 80109ae8 40000113 ffffffff
[ 3861.226176] [<801019bc>] (__irq_svc) from [<80109ae8>] (arch_cpu_idle+0x34/0x4c)
[ 3861.241336] [<80109ae8>] (arch_cpu_idle) from [<80873e74>] (default_idle_call+0x34/0x48)
[ 3861.257386] [<80873e74>] (default_idle_call) from [<80152eb8>] (do_idle+0xec/0x16c)
[ 3861.273024] [<80152eb8>] (do_idle) from [<801531f8>] (cpu_startup_entry+0x28/0x2c)
[ 3861.288714] [<801531f8>] (cpu_startup_entry) from [<8010fee4>] (secondary_start_kernel+0x134/0x140)
[ 3861.306036] [<8010fee4>] (secondary_start_kernel) from [<0010270c>] (0x10270c)
[ 3861.317471] CPU2: stopping
[ 3861.324239] CPU: 2 PID: 0 Comm: swapper/2 Not tainted 4.19.118-v7+ #1311
[ 3861.335121] Hardware name: BCM2835
[ 3861.342599] [<801120c8>] (unwind_backtrace) from [<8010d5fc>] (show_stack+0x20/0x24)
[ 3861.358465] [<8010d5fc>] (show_stack) from [<80856da8>] (dump_stack+0xe0/0x124)
[ 3861.369927] [<80856da8>] (dump_stack) from [<801104e0>] (handle_IPI+0x388/0x3a8)
[ 3861.385336] [<801104e0>] (handle_IPI) from [<801021f4>] (bcm2836_arm_irqchip_handle_irq+0xa0/0xa4)
[ 3861.402615] [<801021f4>] (bcm2836_arm_irqchip_handle_irq) from [<801019bc>] (__irq_svc+0x5c/0x7c)
[ 3861.419921] Exception stack(0xba52ff38 to 0xba52ff80)
[ 3861.429161] ff20:                                                       80109ae4 00000000
[ 3861.445450] ff40: 40000193 40000193 80d04d70 ba52e000 80d04db8 00000004 80d8fb3e 410fd034
[ 3861.461621] ff60: 00000000 ba52ff94 80d0517c ba52ff88 00000000 80109ae8 40000113 ffffffff
[ 3861.477781] [<801019bc>] (__irq_svc) from [<80109ae8>] (arch_cpu_idle+0x34/0x4c)
[ 3861.493135] [<80109ae8>] (arch_cpu_idle) from [<80873e74>] (default_idle_call+0x34/0x48)
[ 3861.509201] [<80873e74>] (default_idle_call) from [<80152eb8>] (do_idle+0xec/0x16c)
[ 3861.524826] [<80152eb8>] (do_idle) from [<801531f8>] (cpu_startup_entry+0x28/0x2c)
[ 3861.540446] [<801531f8>] (cpu_startup_entry) from [<8010fee4>] (secondary_start_kernel+0x134/0x140)
[ 3861.557698] [<8010fee4>] (secondary_start_kernel) from [<0010270c>] (0x10270c)
[ 3861.569097] CPU3: stopping
[ 3861.575864] CPU: 3 PID: 0 Comm: swapper/3 Not tainted 4.19.118-v7+ #1311
[ 3861.586746] Hardware name: BCM2835
[ 3861.594222] [<801120c8>] (unwind_backtrace) from [<8010d5fc>] (show_stack+0x20/0x24)
[ 3861.610083] [<8010d5fc>] (show_stack) from [<80856da8>] (dump_stack+0xe0/0x124)
[ 3861.621546] [<80856da8>] (dump_stack) from [<801104e0>] (handle_IPI+0x388/0x3a8)
[ 3861.636954] [<801104e0>] (handle_IPI) from [<801021f4>] (bcm2836_arm_irqchip_handle_irq+0xa0/0xa4)
[ 3861.654238] [<801021f4>] (bcm2836_arm_irqchip_handle_irq) from [<801019bc>] (__irq_svc+0x5c/0x7c)
[ 3861.671547] Exception stack(0xba531f38 to 0xba531f80)
[ 3861.680790] 1f20:                                                       80109ae4 00000000
[ 3861.697088] 1f40: 40000193 40000193 80d04d70 ba530000 80d04db8 00000008 80d8fb3e 410fd034
[ 3861.713264] 1f60: 00000000 ba531f94 80d0517c ba531f88 00000000 80109ae8 40000113 ffffffff
[ 3861.729429] [<801019bc>] (__irq_svc) from [<80109ae8>] (arch_cpu_idle+0x34/0x4c)
[ 3861.744789] [<80109ae8>] (arch_cpu_idle) from [<80873e74>] (default_idle_call+0x34/0x48)
[ 3861.760861] [<80873e74>] (default_idle_call) from [<80152eb8>] (do_idle+0xec/0x16c)
[ 3861.776490] [<80152eb8>] (do_idle) from [<801531f8>] (cpu_startup_entry+0x28/0x2c)
[ 3861.792112] [<801531f8>] (cpu_startup_entry) from [<8010fee4>] (secondary_start_kernel+0x134/0x140)
[ 3861.809368] [<8010fee4>] (secondary_start_kernel) from [<0010270c>] (0x10270c)
[ 3861.820782] ---[ end Kernel panic - not syncing: System is deadlocked on memory
[ 3861.820782]  ]---
