[    0.000000] Booting Linux on physical CPU 0x0
[    0.000000] Linux version 4.19.118-v7+ (dom@buildbot) (gcc version 4.9.3 (crosstool-NG crosstool-ng-1.22.0-88-g8460611)) #1311 SMP Mon Apr 27 14:21:24 BST 2020
[    0.000000] CPU: ARMv7 Processor [410fd034] revision 4 (ARMv7), cr=10c5383d
[    0.000000] CPU: div instructions available: patching division code
[    0.000000] CPU: PIPT / VIPT nonaliasing data cache, VIPT aliasing instruction cache
[    0.000000] OF: fdt: Machine model: Raspberry Pi 3 Model B Plus Rev 1.3
[    0.000000] Memory policy: Data cache writealloc
[    0.000000] cma: Reserved 256 MiB at 0x1ec00000
[    0.000000] random: get_random_bytes called from start_kernel+0xac/0x4b4 with crng_init=0
[    0.000000] percpu: Embedded 16 pages/cpu s36864 r8192 d20480 u65536
[    0.000000] Built 1 zonelists, mobility grouping on.  Total pages: 240555
[    0.000000] Kernel command line: coherent_pool=1M 8250.nr_uarts=1 snd_bcm2835.enable_compat_alsa=0 snd_bcm2835.enable_hdmi=1 snd_bcm2835.enable_headphones=1 cma=256M video=Comp
osite-1:720x480@60,margin_left=32,margin_right=32,margin_top=32,margin_bottom=32 vc_mem.mem_base=0x3ec00000 vc_mem.mem_size=0x40000000  dwc_otg.lpm_enable=0 console=ttyAMA0,115200
 console=tty1 root=PARTUUID=4c999877-02 rootfstype=ext4 elevator=deadline fsck.repair=yes rootwait
[    0.000000] Dentry cache hash table entries: 131072 (order: 7, 524288 bytes)
[    0.000000] Inode-cache hash table entries: 65536 (order: 6, 262144 bytes)
[    0.000000] Memory: 684616K/970752K available (8192K kernel code, 656K rwdata, 2232K rodata, 1024K init, 831K bss, 23992K reserved, 262144K cma-reserved)
[    0.000000] Virtual kernel memory layout:
[    0.000000]     vector  : 0xffff0000 - 0xffff1000   (   4 kB)
[    0.000000]     fixmap  : 0xffc00000 - 0xfff00000   (3072 kB)
[    0.000000]     vmalloc : 0xbb800000 - 0xff800000   (1088 MB)
[    0.000000]     lowmem  : 0x80000000 - 0xbb400000   ( 948 MB)
[    0.000000]     modules : 0x7f000000 - 0x80000000   (  16 MB)
[    0.000000]       .text : 0x(ptrval) - 0x(ptrval)   (9184 kB)
[    0.000000]       .init : 0x(ptrval) - 0x(ptrval)   (1024 kB)
[    0.000000]       .data : 0x(ptrval) - 0x(ptrval)   ( 657 kB)
[    0.000000]        .bss : 0x(ptrval) - 0x(ptrval)   ( 832 kB)
[    0.000000] SLUB: HWalign=64, Order=0-3, MinObjects=0, CPUs=4, Nodes=1
[    0.000000] ftrace: allocating 27093 entries in 80 pages
[    0.000000] rcu: Hierarchical RCU implementation.
[    0.000000] NR_IRQS: 16, nr_irqs: 16, preallocated irqs: 16
[    0.000000] arch_timer: cp15 timer(s) running at 19.20MHz (phys).
[    0.000000] clocksource: arch_sys_counter: mask: 0xffffffffffffff max_cycles: 0x46d987e47, max_idle_ns: 440795202767 ns
[    0.000007] sched_clock: 56 bits at 19MHz, resolution 52ns, wraps every 4398046511078ns
[    0.000023] Switching to timer-based delay loop, resolution 52ns
[    0.000276] Console: colour dummy device 80x30
[    0.000918] console [tty1] enabled
[    0.000977] Calibrating delay loop (skipped), value calculated using timer frequency.. 38.40 BogoMIPS (lpj=192000)
[    0.001021] pid_max: default: 32768 minimum: 301
[    0.001380] Mount-cache hash table entries: 2048 (order: 1, 8192 bytes)
[    0.001417] Mountpoint-cache hash table entries: 2048 (order: 1, 8192 bytes)
[    0.002382] CPU: Testing write buffer coherency: ok
[    0.002869] CPU0: thread -1, cpu 0, socket 0, mpidr 80000000
[    0.003554] Setting up static identity map for 0x100000 - 0x10003c
[    0.003724] rcu: Hierarchical SRCU implementation.
[    0.004553] smp: Bringing up secondary CPUs ...
[    0.005472] CPU1: thread -1, cpu 1, socket 0, mpidr 80000001
[    0.006449] CPU2: thread -1, cpu 2, socket 0, mpidr 80000002
[    0.007377] CPU3: thread -1, cpu 3, socket 0, mpidr 80000003
[    0.007492] smp: Brought up 1 node, 4 CPUs
[    0.007573] SMP: Total of 4 processors activated (153.60 BogoMIPS).
[    0.007597] CPU: All CPU(s) started in HYP mode.
[    0.007617] CPU: Virtualization extensions available.
[    0.008610] devtmpfs: initialized
[    0.022187] VFP support v0.3: implementor 41 architecture 3 part 40 variant 3 rev 4
[    0.022460] clocksource: jiffies: mask: 0xffffffff max_cycles: 0xffffffff, max_idle_ns: 19112604462750000 ns
[    0.022508] futex hash table entries: 1024 (order: 4, 65536 bytes)
[    0.033348] pinctrl core: initialized pinctrl subsystem
[    0.034342] NET: Registered protocol family 16
[    0.037660] DMA: preallocated 1024 KiB pool for atomic coherent allocations
[    0.043633] hw-breakpoint: found 5 (+1 reserved) breakpoint and 4 watchpoint registers.
[    0.043670] hw-breakpoint: maximum watchpoint size is 8 bytes.
[    0.043897] Serial: AMBA PL011 UART driver
[    0.046370] bcm2835-mbox 3f00b880.mailbox: mailbox enabled
[    0.060082] raspberrypi-firmware soc:firmware: Attached to firmware from 2020-04-15 11:43, variant start
[    0.070095] raspberrypi-firmware soc:firmware: Firmware hash is 82f9bb929ce2186eb1824178c1ae82902ad6275c
[    0.112915] bcm2835-dma 3f007000.dma: DMA legacy API manager at (ptrval), dmachans=0x1
[    0.114573] SCSI subsystem initialized
[    0.114817] usbcore: registered new interface driver usbfs
[    0.114892] usbcore: registered new interface driver hub
[    0.115005] usbcore: registered new device driver usb
[    0.116770] clocksource: Switched to clocksource arch_sys_counter
[    0.207527] VFS: Disk quotas dquot_6.6.0
[    0.207640] VFS: Dquot-cache hash table entries: 1024 (order 0, 4096 bytes)
[    0.207844] FS-Cache: Loaded
[    0.208070] CacheFiles: Loaded
[    0.208570] simple-framebuffer 3eaf0000.framebuffer: framebuffer at 0x3eaf0000, 0x10a800 bytes, mapped to 0x(ptrval)
[    0.208614] simple-framebuffer 3eaf0000.framebuffer: format=a8r8g8b8, mode=656x416x32, linelength=2624
[    0.213581] Console: switching to colour frame buffer device 82x26
[    0.220507] simple-framebuffer 3eaf0000.framebuffer: fb0: simplefb registered!
[    0.233091] NET: Registered protocol family 2
[    0.236704] tcp_listen_portaddr_hash hash table entries: 512 (order: 0, 6144 bytes)
[    0.242202] TCP established hash table entries: 8192 (order: 3, 32768 bytes)
[    0.245096] TCP bind hash table entries: 8192 (order: 4, 65536 bytes)
[    0.248042] TCP: Hash tables configured (established 8192 bind 8192)
[    0.250957] UDP hash table entries: 512 (order: 2, 16384 bytes)
[    0.253790] UDP-Lite hash table entries: 512 (order: 2, 16384 bytes)
[    0.256957] NET: Registered protocol family 1
[    0.260461] RPC: Registered named UNIX socket transport module.
[    0.263402] RPC: Registered udp transport module.
[    0.266263] RPC: Registered tcp transport module.
[    0.269055] RPC: Registered tcp NFSv4.1 backchannel transport module.
[    0.273700] hw perfevents: enabled with armv7_cortex_a7 PMU driver, 7 counters available
[    0.282437] Initialise system trusted keyrings
[    0.285422] workingset: timestamp_bits=14 max_order=18 bucket_order=4
[    0.298178] FS-Cache: Netfs 'nfs' registered for caching
[    0.301468] NFS: Registering the id_resolver key type
[    0.304173] Key type id_resolver registered
[    0.306805] Key type id_legacy registered
[    0.309314] nfs4filelayout_init: NFSv4 File Layout Driver Registering...
[    0.317352] Key type asymmetric registered
[    0.319842] Asymmetric key parser 'x509' registered
[    0.322305] Block layer SCSI generic (bsg) driver version 0.4 loaded (major 250)
[    0.327390] io scheduler noop registered
[    0.329785] io scheduler deadline registered (default)
[    0.332356] io scheduler cfq registered
[    0.334648] io scheduler mq-deadline registered (default)
[    0.336989] io scheduler kyber registered
[    0.342431] Serial: 8250/16550 driver, 1 ports, IRQ sharing enabled
[    0.346307] bcm2835-rng 3f104000.rng: hwrng registered
[    0.349083] vc-mem: phys_addr:0x00000000 mem_base=0x3ec00000 mem_size:0x40000000(1024 MiB)
[    0.354432] vc-sm: Videocore shared memory driver
[    0.357236] gpiomem-bcm2835 3f200000.gpiomem: Initialised: Registers at 0x3f200000
[    0.372859] brd: module loaded
[    0.385429] loop: module loaded
[    0.388513] Loading iSCSI transport class v2.0-870.
[    0.391669] libphy: Fixed MDIO Bus: probed
[    0.394179] usbcore: registered new interface driver lan78xx
[    0.396653] usbcore: registered new interface driver smsc95xx
[    0.399051] dwc_otg: version 3.00a 10-AUG-2012 (platform bus)
[    0.429226] dwc_otg 3f980000.usb: base=(ptrval)
[    0.631687] Core Release: 2.80a
[    0.633900] Setting default values for core params
[    0.636190] Finished setting default values for core params
[    0.838811] Using Buffer DMA mode
[    0.841108] Periodic Transfer Interrupt Enhancement - disabled
[    0.843497] Multiprocessor Interrupt Enhancement - disabled
[    0.845872] OTG VER PARAM: 0, OTG VER FLAG: 0
[    0.848244] Dedicated Tx FIFOs mode
[    0.851150] WARN::dwc_otg_hcd_init:1074: FIQ DMA bounce buffers: virt = 9ed04000 dma = 0xded04000 len=9024
[    0.855714] FIQ FSM acceleration enabled for :
[    0.855714] Non-periodic Split Transactions
[    0.855714] Periodic Split Transactions
[    0.855714] High-Speed Isochronous Endpoints
[    0.855714] Interrupt/Control Split Transaction hack enabled
[    0.866662] WARN::hcd_init_fiq:457: FIQ on core 1
[    0.868888] WARN::hcd_init_fiq:458: FIQ ASM at 8068fda0 length 36
[    0.871098] WARN::hcd_init_fiq:497: MPHI regs_base at bb810000
[    0.873356] dwc_otg 3f980000.usb: DWC OTG Controller
[    0.875616] dwc_otg 3f980000.usb: new USB bus registered, assigned bus number 1
[    0.877965] dwc_otg 3f980000.usb: irq 56, io mem 0x00000000
[    0.880266] Init: Port Power? op_state=1
[    0.882499] Init: Power Port (0)
[    0.884897] usb usb1: New USB device found, idVendor=1d6b, idProduct=0002, bcdDevice= 4.19
[    0.889415] usb usb1: New USB device strings: Mfr=3, Product=2, SerialNumber=1
[    0.891823] usb usb1: Product: DWC OTG Controller
[    0.894187] usb usb1: Manufacturer: Linux 4.19.118-v7+ dwc_otg_hcd
[    0.896610] usb usb1: SerialNumber: 3f980000.usb
[    0.899579] hub 1-0:1.0: USB hub found
[    0.901854] hub 1-0:1.0: 1 port detected
[    0.904955] usbcore: registered new interface driver usb-storage
[    0.907447] mousedev: PS/2 mouse device common for all mice
[    0.910617] bcm2835-wdt bcm2835-wdt: Broadcom BCM2835 watchdog timer
[    0.913274] bcm2835-cpufreq: min=600000 max=1000000
[    0.916112] sdhci: Secure Digital Host Controller Interface driver
[    0.918551] sdhci: Copyright(c) Pierre Ossman
[    0.921386] sdhost-bcm2835 3f202000.mmc: could not get clk, deferring probe
[    0.924060] sdhci-pltfm: SDHCI platform and OF driver helper
[    0.928181] ledtrig-cpu: registered to indicate activity on CPUs
[    0.930888] hidraw: raw HID events driver (C) Jiri Kosina
[    0.933595] usbcore: registered new interface driver usbhid
[    0.936141] usbhid: USB HID core driver
[    0.939466] vchiq: vchiq_init_state: slot_zero = (ptrval), is_master = 0
[    0.943591] [vc_sm_connected_init]: start
[    0.950641] [vc_sm_connected_init]: end - returning 0
[    0.954163] Initializing XFRM netlink socket
[    0.956550] NET: Registered protocol family 17
[    0.959028] Key type dns_resolver registered
[    0.962007] Registering SWP/SWPB emulation handler
[    0.965000] registered taskstats version 1
[    0.967403] Loading compiled-in X.509 certificates
[    0.976447] uart-pl011 3f201000.serial: cts_event_workaround enabled
[    0.979011] 3f201000.serial: ttyAMA0 at MMIO 0x3f201000 (irq = 81, base_baud = 0) is a PL011 rev2
[    2.000557] console [ttyAMA0] enabled
[    2.008716] sdhost: log_buf @ (ptrval) (ded03000)
[    2.064187] mmc0: sdhost-bcm2835 loaded - DMA enabled (>1)
[    2.073335] of_cfs_init
[    2.078236] of_cfs_init: OK
[    2.083778] Waiting for root device PARTUUID=4c999877-02...
[    2.116884] Indeed it is in host mode hprt0 = 00021501
[    2.213294] random: fast init done
[    2.227563] mmc0: host does not support reading read-only switch, assuming write-enable
[    2.246686] mmc0: new high speed SDHC card at address aaaa
[    2.255766] mmcblk0: mmc0:aaaa SL16G 14.8 GiB
[    2.268805]  mmcblk0: p1 p2
[    2.301759] EXT4-fs (mmcblk0p2): INFO: recovery required on readonly filesystem
[    2.311590] EXT4-fs (mmcblk0p2): write access will be enabled during recovery
[    2.326818] usb 1-1: new high-speed USB device number 2 using dwc_otg
[    2.335966] Indeed it is in host mode hprt0 = 00001101
[    2.577096] usb 1-1: New USB device found, idVendor=0424, idProduct=2514, bcdDevice= b.b3
[    2.590430] usb 1-1: New USB device strings: Mfr=0, Product=0, SerialNumber=0
[    2.600924] hub 1-1:1.0: USB hub found
[    2.607384] hub 1-1:1.0: 4 ports detected
[    2.627962] EXT4-fs (mmcblk0p2): recovery complete
[    2.636946] EXT4-fs (mmcblk0p2): mounted filesystem with ordered data mode. Opts: (null)
[    2.650297] VFS: Mounted root (ext4 filesystem) readonly on device 179:2.
[    2.670807] devtmpfs: mounted
[    2.683811] Freeing unused kernel memory: 1024K
[    2.691500] Run /sbin/init as init process
[    2.926820] usb 1-1.1: new high-speed USB device number 3 using dwc_otg
[    3.057107] usb 1-1.1: New USB device found, idVendor=0424, idProduct=2514, bcdDevice= b.b3
[    3.070896] usb 1-1.1: New USB device strings: Mfr=0, Product=0, SerialNumber=0
[    3.081803] hub 1-1.1:1.0: USB hub found
[    3.088680] hub 1-1.1:1.0: 3 ports detected
[    3.365857] systemd[1]: System time before build time, advancing clock.
[    3.434640] systemd[1]: systemd 241 running in system mode. (+PAM +AUDIT +SELINUX +IMA +APPARMOR +SMACK +SYSVINIT +UTMP +LIBCRYPTSETUP +GCRYPT +GNUTLS +ACL +XZ +LZ4 +SECCOMP +B
LKID +ELFUTILS +KMOD -IDN2 +IDN -PCRE2 default-hierarchy=hybrid)
[    3.465228] systemd[1]: Detected architecture arm.
[    3.493321] systemd[1]: Set hostname to <raspberrypi>.
[    3.669655] uart-pl011 3f201000.serial: no DMA platform data
[    3.756830] usb 1-1.1.1: new high-speed USB device number 4 using dwc_otg
[    3.897371] usb 1-1.1.1: New USB device found, idVendor=0424, idProduct=7800, bcdDevice= 3.00
[    3.911380] usb 1-1.1.1: New USB device strings: Mfr=0, Product=0, SerialNumber=0
[    4.189181] lan78xx 1-1.1.1:1.0 (unnamed net_device) (uninitialized): No External EEPROM. Setting MAC Speed
[    4.205785] libphy: lan78xx-mdiobus: probed
[    4.242950] lan78xx 1-1.1.1:1.0 (unnamed net_device) (uninitialized): int urb period 64
[    4.486520] random: systemd: uninitialized urandom read (16 bytes read)
[    4.507373] random: systemd: uninitialized urandom read (16 bytes read)
[    4.517654] systemd[1]: Started Dispatch Password Requests to Console Directory Watch.
[    4.534909] random: systemd: uninitialized urandom read (16 bytes read)
[    4.548468] systemd[1]: Created slice User and Session Slice.
[    4.561337] systemd[1]: Listening on udev Kernel Socket.
[    4.573333] systemd[1]: Reached target Slices.
[    4.587053] systemd[1]: Created slice system-systemd\x2dfsck.slice.
[    4.600301] systemd[1]: Listening on initctl Compatibility Named Pipe.
[    4.614008] systemd[1]: Listening on Journal Socket.

Raspbian GNU/Linux 10 raspberrypi ttyAMA0

raspberrypi login: [ 3997.691481] Kernel panic - not syncing: System is deadlocked on memory
[ 3997.691481]
[ 3997.703603] CPU: 1 PID: 22044 Comm: stress-ng-matri Not tainted 4.19.118-v7+ #1311
[ 3997.715798] Hardware name: BCM2835
[ 3997.721708] [<801120c8>] (unwind_backtrace) from [<8010d5fc>] (show_stack+0x20/0x24)
[ 3997.734622] [<8010d5fc>] (show_stack) from [<80856da8>] (dump_stack+0xe0/0x124)
[ 3997.744747] [<80856da8>] (dump_stack) from [<80120ee8>] (panic+0x104/0x288)
[ 3997.754542] [<80120ee8>] (panic) from [<80261cb8>] (pagefault_out_of_memory+0x0/0xa0)
[ 3997.768061] [<80261cb8>] (pagefault_out_of_memory) from [<80267ed8>] (__alloc_pages_nodemask+0x1020/0x1174)
[ 3997.783830] [<80267ed8>] (__alloc_pages_nodemask) from [<80297594>] (__pte_alloc+0x34/0x1b4)
[ 3997.798734] [<80297594>] (__pte_alloc) from [<8029b6f0>] (handle_mm_fault+0xce4/0xd68)
[ 3997.813610] [<8029b6f0>] (handle_mm_fault) from [<802954b0>] (__get_user_pages+0x140/0x518)
[ 3997.829288] [<802954b0>] (__get_user_pages) from [<80295f5c>] (populate_vma_page_range+0x84/0x8c)
[ 3997.845885] [<80295f5c>] (populate_vma_page_range) from [<80296020>] (__mm_populate+0xbc/0x168)
[ 3997.862493] [<80296020>] (__mm_populate) from [<80282ad0>] (vm_mmap_pgoff+0xe4/0xec)
[ 3997.878417] [<80282ad0>] (vm_mmap_pgoff) from [<8029ecd8>] (ksys_mmap_pgoff+0x64/0xc8)
[ 3997.894738] [<8029ecd8>] (ksys_mmap_pgoff) from [<8029ed68>] (sys_mmap_pgoff+0x2c/0x34)
[ 3997.911255] [<8029ed68>] (sys_mmap_pgoff) from [<80101000>] (ret_fast_syscall+0x0/0x28)
[ 3997.927971] Exception stack(0xb83d1fa8 to 0xb83d1ff0)
[ 3997.937389] 1fa0:                   ffffffff 00000000 00000000 04000000 00000003 00008022
[ 3997.954172] 1fc0: ffffffff 00000000 00001000 000000c0 00000000 00000000 6e613000 ffffffff
[ 3997.971070] 1fe0: 00000000 7eedbb28 00000000 76d01d30
[ 3997.980470] CPU2: stopping
[ 3997.987335] CPU: 2 PID: 47 Comm: kswapd0 Not tainted 4.19.118-v7+ #1311
[ 3997.998130] Hardware name: BCM2835
[ 3998.005616] [<801120c8>] (unwind_backtrace) from [<8010d5fc>] (show_stack+0x20/0x24)
[ 3998.021495] [<8010d5fc>] (show_stack) from [<80856da8>] (dump_stack+0xe0/0x124)
[ 3998.032964] [<80856da8>] (dump_stack) from [<801104e0>] (handle_IPI+0x388/0x3a8)
[ 3998.048338] [<801104e0>] (handle_IPI) from [<801021f4>] (bcm2836_arm_irqchip_handle_irq+0xa0/0xa4)
[ 3998.065306] [<801021f4>] (bcm2836_arm_irqchip_handle_irq) from [<801019bc>] (__irq_svc+0x5c/0x7c)
[ 3998.082178] Exception stack(0xba7ede48 to 0xba7ede90)
[ 3998.091198] de40:                   00000000 b7429000 00000000 00000001 b8896a00 00000006
[ 3998.107169] de60: 80e1e954 ba421000 00000001 00000000 b7429000 ba7edecc ba7eded0 ba7ede98
[ 3998.123083] de80: 8027b5ec 802c3938 60000113 ffffffff
[ 3998.131990] [<801019bc>] (__irq_svc) from [<802c3938>] (mem_cgroup_iter+0x48/0x430)
[ 3998.147284] [<802c3938>] (mem_cgroup_iter) from [<8027b5ec>] (kswapd+0x450/0x87c)
[ 3998.162527] [<8027b5ec>] (kswapd) from [<80142b10>] (kthread+0x138/0x168)
[ 3998.173287] [<80142b10>] (kthread) from [<801010ac>] (ret_from_fork+0x14/0x28)
[ 3998.184450] Exception stack(0xba7edfb0 to 0xba7edff8)
[ 3998.193426] dfa0:                                     00000000 00000000 00000000 00000000
[ 3998.209483] dfc0: 00000000 00000000 00000000 00000000 00000000 00000000 00000000 00000000
[ 3998.225585] dfe0: 00000000 00000000 00000000 00000000 00000013 00000000
[ 3998.236207] CPU0: stopping
[ 3998.242802] CPU: 0 PID: 0 Comm: swapper/0 Not tainted 4.19.118-v7+ #1311
[ 3998.253509] Hardware name: BCM2835
[ 3998.260814] [<801120c8>] (unwind_backtrace) from [<8010d5fc>] (show_stack+0x20/0x24)
[ 3998.276330] [<8010d5fc>] (show_stack) from [<80856da8>] (dump_stack+0xe0/0x124)
[ 3998.287617] [<80856da8>] (dump_stack) from [<801104e0>] (handle_IPI+0x388/0x3a8)
[ 3998.302675] [<801104e0>] (handle_IPI) from [<801021f4>] (bcm2836_arm_irqchip_handle_irq+0xa0/0xa4)
[ 3998.319472] [<801021f4>] (bcm2836_arm_irqchip_handle_irq) from [<801019bc>] (__irq_svc+0x5c/0x7c)
[ 3998.336225] Exception stack(0x80d01ee8 to 0x80d01f30)
[ 3998.345243] 1ee0:                   80109ae4 00000000 40000193 40000193 80d04d70 80d00000
[ 3998.361255] 1f00: 80d04db8 00000001 80d8fb3e bb3ff840 80c64a38 80d01f44 80d0517c 80d01f38
[ 3998.377211] 1f20: 00000000 80109ae8 40000113 ffffffff
[ 3998.386151] [<801019bc>] (__irq_svc) from [<80109ae8>] (arch_cpu_idle+0x34/0x4c)
[ 3998.401287] [<80109ae8>] (arch_cpu_idle) from [<80873e74>] (default_idle_call+0x34/0x48)
[ 3998.417268] [<80873e74>] (default_idle_call) from [<80152eb8>] (do_idle+0xec/0x16c)
[ 3998.432892] [<80152eb8>] (do_idle) from [<801531f8>] (cpu_startup_entry+0x28/0x2c)
[ 3998.448511] [<801531f8>] (cpu_startup_entry) from [<8086d524>] (rest_init+0xbc/0xc0)
[ 3998.464464] [<8086d524>] (rest_init) from [<80c00fb0>] (start_kernel+0x484/0x4b4)
[ 3998.480211] CPU3: stopping
[ 3998.486936] CPU: 3 PID: 0 Comm: swapper/3 Not tainted 4.19.118-v7+ #1311
[ 3998.497770] Hardware name: BCM2835
[ 3998.505202] [<801120c8>] (unwind_backtrace) from [<8010d5fc>] (show_stack+0x20/0x24)
[ 3998.520979] [<8010d5fc>] (show_stack) from [<80856da8>] (dump_stack+0xe0/0x124)
[ 3998.532399] [<80856da8>] (dump_stack) from [<801104e0>] (handle_IPI+0x388/0x3a8)
[ 3998.547716] [<801104e0>] (handle_IPI) from [<801021f4>] (bcm2836_arm_irqchip_handle_irq+0xa0/0xa4)
[ 3998.564770] [<801021f4>] (bcm2836_arm_irqchip_handle_irq) from [<801019bc>] (__irq_svc+0x5c/0x7c)
[ 3998.581774] Exception stack(0xba531f38 to 0xba531f80)
[ 3998.590917] 1f20:                                                       80109ae4 00000000
[ 3998.607046] 1f40: 40000193 40000193 80d04d70 ba530000 80d04db8 00000008 80d8fb3e 410fd034
[ 3998.623050] 1f60: 00000000 ba531f94 80d0517c ba531f88 00000000 80109ae8 40000113 ffffffff
[ 3998.639049] [<801019bc>] (__irq_svc) from [<80109ae8>] (arch_cpu_idle+0x34/0x4c)
[ 3998.654239] [<80109ae8>] (arch_cpu_idle) from [<80873e74>] (default_idle_call+0x34/0x48)
[ 3998.670138] [<80873e74>] (default_idle_call) from [<80152eb8>] (do_idle+0xec/0x16c)
[ 3998.685594] [<80152eb8>] (do_idle) from [<801531f8>] (cpu_startup_entry+0x28/0x2c)
[ 3998.701216] [<801531f8>] (cpu_startup_entry) from [<8010fee4>] (secondary_start_kernel+0x134/0x140)
[ 3998.718468] [<8010fee4>] (secondary_start_kernel) from [<0010270c>] (0x10270c)
[ 3998.729879] ---[ end Kernel panic - not syncing: System is deadlocked on memory
[ 3998.729879]  ]---
