After systemctl status uvbench.service and service had terminated successfully.

[    0.000000] Booting Linux on physical CPU 0x0000000000 [0x410fd034]
[    0.000000] Linux version 4.19.118-v8+ (dom@buildbot) (gcc version 5.4.0 20160609 (Ubuntu/Linaro 5.4.0-6ubuntu1~16.04.9)) #1311 SMP PREEMPT Mon Apr 27 14:32:38 BST 2020
[    0.000000] Machine model: Raspberry Pi 3 Model B Plus Rev 1.3
[    0.000000] efi: Getting EFI parameters from FDT:
[    0.000000] efi: UEFI not found.
[    0.000000] cma: Reserved 8 MiB at 0x000000003ac00000
[    0.000000] random: get_random_bytes called from start_kernel+0xb8/0x47c with crng_init=0
[    0.000000] percpu: Embedded 24 pages/cpu s58840 r8192 d31272 u98304
[    0.000000] Detected VIPT I-cache on CPU0
[    0.000000] CPU features: enabling workaround for ARM erratum 843419
[    0.000000] CPU features: enabling workaround for ARM erratum 845719
[    0.000000] Built 1 zonelists, mobility grouping on.  Total pages: 238896
[    0.000000] Kernel command line: coherent_pool=1M 8250.nr_uarts=1 snd_bcm2835.enable_compat_alsa=0 snd_bcm2835.enable_hdmi=1 snd_bcm2835.enable_headphones=1 bcm2708_fb.fbwidth=
656 bcm2708_fb.fbheight=416 bcm2708_fb.fbswap=1 vc_mem.mem_base=0x3ec00000 vc_mem.mem_size=0x40000000  dwc_otg.lpm_enable=0 console=ttyAMA0,115200 console=tty1 root=PARTUUID=4c999
877-02 rootfstype=ext4 elevator=deadline fsck.repair=yes rootwait
[    0.000000] Dentry cache hash table entries: 131072 (order: 8, 1048576 bytes)
[    0.000000] Inode-cache hash table entries: 65536 (order: 7, 524288 bytes)
[    0.000000] Memory: 929092K/970752K available (8700K kernel code, 1074K rwdata, 2760K rodata, 1024K init, 1126K bss, 33468K reserved, 8192K cma-reserved)
[    0.000000] SLUB: HWalign=64, Order=0-3, MinObjects=0, CPUs=4, Nodes=1
[    0.000000] ftrace: allocating 30496 entries in 120 pages
[    0.000000] rcu: Preemptible hierarchical RCU implementation.
[    0.000000] rcu:     RCU restricting CPUs from NR_CPUS=64 to nr_cpu_ids=4.
[    0.000000]  Tasks RCU enabled.
[    0.000000] rcu: Adjusting geometry for rcu_fanout_leaf=16, nr_cpu_ids=4
[    0.000000] NR_IRQS: 64, nr_irqs: 64, preallocated irqs: 0
[    0.000000] arch_timer: cp15 timer(s) running at 19.20MHz (phys).
[    0.000000] clocksource: arch_sys_counter: mask: 0xffffffffffffff max_cycles: 0x46d987e47, max_idle_ns: 440795202767 ns
[    0.000007] sched_clock: 56 bits at 19MHz, resolution 52ns, wraps every 4398046511078ns
[    0.000273] Console: colour dummy device 80x25
[    0.000939] console [tty1] enabled
[    0.001008] Calibrating delay loop (skipped), value calculated using timer frequency.. 38.40 BogoMIPS (lpj=76800)
[    0.001061] pid_max: default: 32768 minimum: 301
[    0.001495] Mount-cache hash table entries: 2048 (order: 2, 16384 bytes)
[    0.001551] Mountpoint-cache hash table entries: 2048 (order: 2, 16384 bytes)
[    0.024103] ASID allocator initialised with 32768 entries
[    0.032101] rcu: Hierarchical SRCU implementation.
[    0.040733] EFI services will not be available.
[    0.048179] smp: Bringing up secondary CPUs ...
[    0.080446] Detected VIPT I-cache on CPU1
[    0.080515] CPU1: Booted secondary processor 0x0000000001 [0x410fd034]
[    0.112571] Detected VIPT I-cache on CPU2
[    0.112620] CPU2: Booted secondary processor 0x0000000002 [0x410fd034]
[    0.144735] Detected VIPT I-cache on CPU3
[    0.144781] CPU3: Booted secondary processor 0x0000000003 [0x410fd034]
[    0.144965] smp: Brought up 1 node, 4 CPUs
[    0.145119] SMP: Total of 4 processors activated.
[    0.145153] CPU features: detected: 32-bit EL0 Support
[    0.146126] CPU: All CPU(s) started at EL2
[    0.146199] alternatives: patching kernel code
[    0.147822] devtmpfs: initialized
[    0.164112] Enabled cp15_barrier support
[    0.164177] Enabled setend support
[    0.164759] clocksource: jiffies: mask: 0xffffffff max_cycles: 0xffffffff, max_idle_ns: 7645041785100000 ns
[    0.164821] futex hash table entries: 1024 (order: 4, 65536 bytes)
[    0.165539] pinctrl core: initialized pinctrl subsystem
[    0.166429] DMI not present or invalid.
[    0.166996] NET: Registered protocol family 16
[    0.173458] cpuidle: using governor menu
[    0.174082] hw-breakpoint: found 6 breakpoint and 4 watchpoint registers.
[    0.178695] DMA: preallocated 1024 KiB pool for atomic allocations
[    0.178874] Serial: AMBA PL011 UART driver
[    0.183474] bcm2835-mbox 3f00b880.mailbox: mailbox enabled
[    0.192934] raspberrypi-firmware soc:firmware: Attached to firmware from 2020-04-15 11:43, variant start
[    0.196952] raspberrypi-firmware soc:firmware: Firmware hash is 82f9bb929ce2186eb1824178c1ae82902ad6275c
[    0.249895] bcm2835-dma 3f007000.dma: DMA legacy API manager at (____ptrval____), dmachans=0x1
[    0.253227] vgaarb: loaded
[    0.253731] SCSI subsystem initialized
[    0.254028] usbcore: registered new interface driver usbfs
[    0.254123] usbcore: registered new interface driver hub
[    0.254312] usbcore: registered new device driver usb
[    0.254471] pps_core: LinuxPPS API ver. 1 registered
[    0.254504] pps_core: Software ver. 5.3.6 - Copyright 2005-2007 Rodolfo Giometti <giometti@linux.it>
[    0.254573] PTP clock support registered
[    0.256400] clocksource: Switched to clocksource arch_sys_counter
[    0.381507] VFS: Disk quotas dquot_6.6.0
[    0.381647] VFS: Dquot-cache hash table entries: 512 (order 0, 4096 bytes)
[    0.381928] FS-Cache: Loaded
[    0.382190] CacheFiles: Loaded
[    0.394247] NET: Registered protocol family 2
[    0.395215] tcp_listen_portaddr_hash hash table entries: 512 (order: 1, 8192 bytes)
[    0.395293] TCP established hash table entries: 8192 (order: 4, 65536 bytes)
[    0.395436] TCP bind hash table entries: 8192 (order: 5, 131072 bytes)
[    0.395654] TCP: Hash tables configured (established 8192 bind 8192)
[    0.395931] UDP hash table entries: 512 (order: 2, 16384 bytes)
[    0.396008] UDP-Lite hash table entries: 512 (order: 2, 16384 bytes)
[    0.396355] NET: Registered protocol family 1
[    0.397444] RPC: Registered named UNIX socket transport module.
[    0.397482] RPC: Registered udp transport module.
[    0.397512] RPC: Registered tcp transport module.
[    0.397542] RPC: Registered tcp NFSv4.1 backchannel transport module.
[    0.400136] hw perfevents: enabled with armv8_cortex_a53 PMU driver, 7 counters available
[    0.400338] kvm [1]: 8-bit VMID
[    0.401257] kvm [1]: Hyp mode initialized successfully
[    0.406175] Initialise system trusted keyrings
[    0.406517] workingset: timestamp_bits=46 max_order=18 bucket_order=0
[    0.418851] FS-Cache: Netfs 'nfs' registered for caching
[    0.419912] NFS: Registering the id_resolver key type
[    0.419993] Key type id_resolver registered
[    0.420023] Key type id_legacy registered
[    0.420065] nfs4filelayout_init: NFSv4 File Layout Driver Registering...
[    0.427876] Key type asymmetric registered
[    0.427926] Asymmetric key parser 'x509' registered
[    0.428024] Block layer SCSI generic (bsg) driver version 0.4 loaded (major 248)
[    0.428319] io scheduler noop registered
[    0.428353] io scheduler deadline registered (default)
[    0.428663] io scheduler cfq registered
[    0.428697] io scheduler mq-deadline registered (default)
[    0.428731] io scheduler kyber registered
[    0.432147] bcm2708_fb soc:fb: FB found 1 display(s)
[    0.443026] Console: switching to colour frame buffer device 82x26
[    0.447926] bcm2708_fb soc:fb: Registered framebuffer for display 0, size 656x416
[    0.455265] Serial: 8250/16550 driver, 1 ports, IRQ sharing enabled
[    0.459746] bcm2835-rng 3f104000.rng: hwrng registered
[    0.462716] vc-mem: phys_addr:0x00000000 mem_base=0x3ec00000 mem_size:0x40000000(1024 MiB)
[    0.468505] gpiomem-bcm2835 3f200000.gpiomem: Initialised: Registers at 0x3f200000
[    0.474008] cacheinfo: Unable to detect cache hierarchy for CPU 0
[    0.492323] brd: module loaded
[    0.510435] loop: module loaded
[    0.514169] Loading iSCSI transport class v2.0-870.
[    0.519427] libphy: Fixed MDIO Bus: probed
[    0.522380] usbcore: registered new interface driver r8152
[    0.525027] usbcore: registered new interface driver lan78xx
[    0.527626] usbcore: registered new interface driver smsc95xx
[    0.530500] dwc_otg: version 3.00a 10-AUG-2012 (platform bus)
[    0.561036] dwc_otg 3f980000.usb: base=(____ptrval____)
[    0.776621] Core Release: 2.80a
[    0.779104] Setting default values for core params
[    0.781644] Finished setting default values for core params
[    0.997758] Using Buffer DMA mode
[    1.000137] Periodic Transfer Interrupt Enhancement - disabled
[    1.002586] Multiprocessor Interrupt Enhancement - disabled
[    1.005026] OTG VER PARAM: 0, OTG VER FLAG: 0
[    1.007364] Dedicated Tx FIFOs mode
[    1.010574] WARN::dwc_otg_hcd_init:1074: FIQ DMA bounce buffers: virt = ffffff80090c1000 dma = 0x00000000fad14000 len=9024
[    1.015116] FIQ FSM acceleration enabled for :
[    1.015116] Non-periodic Split Transactions
[    1.015116] Periodic Split Transactions
[    1.015116] High-Speed Isochronous Endpoints
[    1.015116] Interrupt/Control Split Transaction hack enabled
[    1.025927] WARN::hcd_init_fiq:497: MPHI regs_base at ffffff800805d000
[    1.028210] dwc_otg 3f980000.usb: DWC OTG Controller
[    1.030555] dwc_otg 3f980000.usb: new USB bus registered, assigned bus number 1
[    1.033068] dwc_otg 3f980000.usb: irq 9, io mem 0x00000000
[    1.035475] Init: Port Power? op_state=1
[    1.037832] Init: Power Port (0)
[    1.040510] usb usb1: New USB device found, idVendor=1d6b, idProduct=0002, bcdDevice= 4.19
[    1.045268] usb usb1: New USB device strings: Mfr=3, Product=2, SerialNumber=1
[    1.047807] usb usb1: Product: DWC OTG Controller
[    1.050307] usb usb1: Manufacturer: Linux 4.19.118-v8+ dwc_otg_hcd
[    1.052837] usb usb1: SerialNumber: 3f980000.usb
[    1.056101] hub 1-0:1.0: USB hub found
[    1.058641] hub 1-0:1.0: 1 port detected
[    1.062252] usbcore: registered new interface driver uas
[    1.064713] usbcore: registered new interface driver usb-storage
[    1.067236] mousedev: PS/2 mouse device common for all mice
[    1.071091] bcm2835-wdt bcm2835-wdt: Broadcom BCM2835 watchdog timer
[    1.075029] cpufreq: cpufreq_online: CPU0: Running at unlisted freq: 600000 KHz
[    1.079802] cpufreq: cpufreq_online: CPU0: Unlisted initial frequency changed to: 700000 KHz
[    1.083094] sdhci: Secure Digital Host Controller Interface driver
[    1.084164] sdhci: Copyright(c) Pierre Ossman
[    1.085555] sdhost-bcm2835 3f202000.mmc: could not get clk, deferring probe
[    1.086761] sdhci-pltfm: SDHCI platform and OF driver helper
[    1.089225] ledtrig-cpu: registered to indicate activity on CPUs
[    1.090439] hidraw: raw HID events driver (C) Jiri Kosina
[    1.091642] usbcore: registered new interface driver usbhid
[    1.092741] usbhid: USB HID core driver
[    1.094445] vchiq: vchiq_init_state: slot_zero = (____ptrval____), is_master = 0
[    1.098727] Initializing XFRM netlink socket
[    1.099840] NET: Registered protocol family 17
[    1.101026] Key type dns_resolver registered
[    1.102813] registered taskstats version 1
[    1.103908] Loading compiled-in X.509 certificates
[    1.110658] uart-pl011 3f201000.serial: cts_event_workaround enabled
[    1.111887] 3f201000.serial: ttyAMA0 at MMIO 0x3f201000 (irq = 66, base_baud = 0) is a PL011 rev2
[    2.112393] console [ttyAMA0] enabled
[    2.118138] bcm2835-power bcm2835-power: Broadcom BCM2835 power domains driver
[    2.127453] sdhost: log_buf @ (____ptrval____) (fad13000)
[    2.183058] mmc0: sdhost-bcm2835 loaded - DMA enabled (>1)
[    2.191447] of_cfs_init
[    2.195110] of_cfs_init: OK
[    2.199403] Waiting for root device PARTUUID=4c999877-02...
[    2.228486] Indeed it is in host mode hprt0 = 00021501
[    2.278276] mmc0: host does not support reading read-only switch, assuming write-enable
[    2.305798] mmc0: new high speed SDHC card at address aaaa
[    2.314504] mmcblk0: mmc0:aaaa SC16G 14.8 GiB
[    2.324639]  mmcblk0: p1 p2
[    2.341897] random: fast init done
[    2.355773] EXT4-fs (mmcblk0p2): mounted filesystem with ordered data mode. Opts: (null)
[    2.366109] VFS: Mounted root (ext4 filesystem) readonly on device 179:2.
[    2.384160] devtmpfs: mounted
[    2.391378] Freeing unused kernel memory: 1024K
[    2.397122] Run /sbin/init as init process
[    2.444420] usb 1-1: new high-speed USB device number 2 using dwc_otg
[    2.452149] Indeed it is in host mode hprt0 = 00001101
[    2.668710] usb 1-1: New USB device found, idVendor=0424, idProduct=2514, bcdDevice= b.b3
[    2.679197] usb 1-1: New USB device strings: Mfr=0, Product=0, SerialNumber=0
[    2.688066] hub 1-1:1.0: USB hub found
[    2.693145] hub 1-1:1.0: 4 ports detected
[    2.984425] usb 1-1.1: new high-speed USB device number 3 using dwc_otg
[    3.027893] systemd[1]: System time before build time, advancing clock.
[    3.092680] usb 1-1.1: New USB device found, idVendor=0424, idProduct=2514, bcdDevice= b.b3
[    3.103440] usb 1-1.1: New USB device strings: Mfr=0, Product=0, SerialNumber=0
[    3.112471] hub 1-1.1:1.0: USB hub found
[    3.117738] hub 1-1.1:1.0: 3 ports detected
[    3.192908] NET: Registered protocol family 10
[    3.199440] Segment Routing with IPv6
[    3.248871] systemd[1]: systemd 241 running in system mode. (+PAM +AUDIT +SELINUX +IMA +APPARMOR +SMACK +SYSVINIT +UTMP +LIBCRYPTSETUP +GCRYPT +GNUTLS +ACL +XZ +LZ4 +SECCOMP +B
LKID +ELFUTILS +KMOD -IDN2 +IDN -PCRE2 default-hierarchy=hybrid)
[    3.274421] systemd[1]: Detected architecture arm64.
[    3.291635] systemd[1]: Set hostname to <raspberrypi>.
[    3.402909] uart-pl011 3f201000.serial: no DMA platform data
[    3.675115] random: crng init done
[    3.704415] usb 1-1.1.1: new high-speed USB device number 4 using dwc_otg
[    3.812896] usb 1-1.1.1: New USB device found, idVendor=0424, idProduct=7800, bcdDevice= 3.00
[    3.823853] usb 1-1.1.1: New USB device strings: Mfr=0, Product=0, SerialNumber=0
[    3.900566] systemd[1]: Listening on initctl Compatibility Named Pipe.
[    3.910824] systemd[1]: Listening on Syslog Socket.
[    3.918661] systemd[1]: Reached target Swap.
[    3.925959] systemd[1]: Started Dispatch Password Requests to Console Directory Watch.
[    3.940975] systemd[1]: Created slice system-getty.slice.
[    3.949846] systemd[1]: Listening on Journal Socket (/dev/log).
[    3.959600] systemd[1]: Set up automount Arbitrary Executable File Formats File System Automount Point.
[    4.104784] lan78xx 1-1.1.1:1.0 (unnamed net_device) (uninitialized): No External EEPROM. Setting MAC Speed
[    4.117504] libphy: lan78xx-mdiobus: probed
[    4.151687] lan78xx 1-1.1.1:1.0 (unnamed net_device) (uninitialized): int urb period 64

Raspbian GNU/Linux 10 raspberrypi ttyAMA0

raspberrypi login: pi
Password: 
Last login: Wed Jul  1 14:13:17 CEST 2020 on ttyAMA0
Linux raspberrypi 4.19.118-v8+ #1311 SMP PREEMPT Mon Apr 27 14:32:38 BST 2020 aarch64

The programs included with the Debian GNU/Linux system are free software;
the exact distribution terms for each program are described in the
individual files in /usr/share/doc/*/copyright.

Debian GNU/Linux comes with ABSOLUTELY NO WARRANTY, to the extent
permitted by applicable law.

SSH is enabled and the default password for the 'pi' user has not been changed.
This is a security risk - please login as the 'pi' user and type 'passwd' to set a new password.

pi@raspberrypi:~$  systemctl status uvbench.service 
��● uvbench.service - Under-volting benchmark
   Loaded: loaded (/etc/systemd/system/uvbench.service; enabled; vendor preset: 
   Active: inactive (dead) since Wed 2020-07-01 14:15:26 CEST; 52s ago
  Process: 449 ExecStart=/home/pi/uvbench.sh run -t 40 (code=exited, status=0/SU
 Main PID: 449 (code=exited, status=0/SUCCESS)

Jul 01 14:14:16 raspberrypi sudo[513]: pam_unix(sudo:session): session closed fo
Jul 01 14:14:16 raspberrypi uvbench.sh[449]: run: cpufreq governor set to 'perfo
Jul 01 14:14:16 raspberrypi uvbench.sh[449]: /home/pi/uvbench.sh: 105: printf: o
Jul 01 14:15:26 raspberrypi sudo[708]:       pi : TTY=unknown ; PWD=/home/pi ; U
Jul 01 14:15:26 raspberrypi sudo[708]: pam_unix(sudo:session): session opened fo
Jul 01 14:15:26 raspberrypi sudo[708]: pam_unix(sudo:session): session closed fo
Jul 01 14:15:26 raspberrypi uvbench.sh[449]: set_over_voltage: over_voltage set 
Jul 01 14:15:26 raspberrypi uvbench.sh[449]: run: system is ready for reboot and
Jul 01 14:15:26 raspberrypi systemd[1]: uvbench.service: Succeeded.
Jul 01 14:15:26 raspberrypi systemd[1]: Started Under-volting benchmark.
pi@raspberrypi:~$  tail uvbench.[  142.260714] Unable to handle kernel paging request at virtual address dfef9f800a243c70
[  142.270226] Mem abort info:
[  142.273796]   ESR = 0x96000004
[  142.277607]   Exception class = DABT (current EL), IL = 32 bits
[  142.284314]   SET = 0, FnV = 0
[  142.288132]   EA = 0, S1PTW = 0
[  142.292043] Data abort info:
[  142.295681]   ISV = 0, ISS = 0x00000004
[  142.300271]   CM = 0, WnR = 0
[  142.303970] [dfef9f800a243c70] address between user and kernel address ranges
[  142.311919] Internal error: Oops: 96000004 [#1] PREEMPT SMP
[  142.318328] Modules linked in: cfg80211 rfkill 8021q garp stp llc binfmt_misc bcm2835_codec(C) bcm2835_v4l2(C) v4l2_mem2mem bcm2835_mmal_vchiq(C) v4l2_common videobuf2_vmalloc 
videobuf2_dma_contig videobuf2_memops videobuf2_v4l2 videobuf2_common videodev media raspberrypi_hwmon vc_sm_cma(C) hwmon uio_pdrv_genirq uio ip_tables x_tables ipv6
[  142.353333] Process swapper/1 (pid: 0, stack limit = 0x00000000bcf726e2)
[  142.361140] CPU: 1 PID: 0 Comm: swapper/1 Tainted: G         C        4.19.118-v8+ #1311
[  142.371464] Hardware name: Raspberry Pi 3 Model B Plus Rev 1.3 (DT)
[  142.378876] pstate: a0000085 (NzCv daIf -PAN -UAO)
[  142.384780] pc : rb_erase+0xa8/0x3a8
[  142.389465] lr : timerqueue_del+0x38/0x70
[  142.394590] sp : ffffff800800bdc0
[  142.398999] x29: ffffff800800bdc0 x28: 0000000000000001 
[  142.405401] x27: ffffff8008cac018 x26: 0000000000000080 
[  142.411807] x25: ffffff8008cac018 x24: ffffff8008cc86d8 
[  142.418211] x23: 0000000000000000 x22: ffffffc03ab91780 
[  142.424615] x21: 0000000000000000 x20: ffffffc03ab917e0 
[  142.431001] x19: ffffffc03ab91c78 x18: 0000000000000000 
[  142.437359] x17: 0000000000000000 x16: 0000000000000000 
[  142.443681] x15: 0000000000000000 x14: 0000000000000000 
[  142.449948] x13: 0000000000000000 x12: 0000000000000000 
[  142.456146] x11: 0000000000000000 x10: 0000000000001930 
[  142.462283] x9 : ffffff8008efbe70 x8 : 0000000000000040 
[  142.468376] x7 : 0000000000000000 x6 : ffffffc039000920 
[  142.474427] x5 : 0000000000000000 x4 : dfef9f800a243c60 
[  142.480435] x3 : dfef9f800a243c60 x2 : dfef9f800a243c60 
[  142.486396] x1 : ffffffc03ab917e0 x0 : ffffffc03ab91c78 
[  142.492335] Call trace:
[  142.495361]  rb_erase+0xa8/0x3a8
[  142.499149]  __remove_hrtimer+0x5c/0xa8
[  142.503536]  __hrtimer_run_queues+0xfc/0x380
[  142.508368]  hrtimer_interrupt+0xf8/0x258
[  142.512942]  arch_timer_handler_phys+0x3c/0x50
[  142.517962]  handle_percpu_devid_irq+0xa4/0x2a0
[  142.523081]  generic_handle_irq+0x34/0x50
[  142.527687]  __handle_domain_irq+0x8c/0x100
[  142.532470]  bcm2836_arm_irqchip_handle_irq+0x68/0xd8
[  142.538158]  el1_irq+0xb4/0x130
[  142.541926]  arch_cpu_idle+0x30/0x1f0
[  142.546221]  default_idle_call+0x24/0x40
[  142.550797]  do_idle+0x224/0x240
[  142.554696]  cpu_startup_entry+0x28/0x30
[  142.559315]  secondary_start_kernel+0x188/0x1d8
[  142.564555] Code: f9400004 927ef483 aa0303e2 b4001403 (f9400866) 
[  142.571391] ---[ end trace 5780bb93920c5cc6 ]---
[  142.576769] Kernel panic - not syncing: Fatal exception in interrupt
[  142.583939] SMP: stopping secondary CPUs
[  142.588671] Kernel Offset: disabled
[  142.592950] CPU features: 0x0,24002004
[  142.597497] Memory Limit: none
[  142.601342] ---[ end Kernel panic - not syncing: Fatal exception in interrupt ]---
