[    0.000000] Booting Linux on physical CPU 0x0000000000 [0x410fd034]
[    0.000000] Linux version 4.19.118-v8+ (dom@buildbot) (gcc version 5.4.0 20160609 (Ubuntu/Linaro 5.4.0-6ubuntu1~16.04.9)) #1311 SMP PREEMPT Mon Apr 27 14:32:38 BST 2020
[    0.000000] Machine model: Raspberry Pi 3 Model B Rev 1.2
[    0.000000] efi: Getting EFI parameters from FDT:
[    0.000000] efi: UEFI not found.
[    0.000000] cma: Reserved 8 MiB at 0x000000003ac00000
[    0.000000] random: get_random_bytes called from start_kernel+0xb8/0x47c with crng_init=0
[    0.000000] percpu: Embedded 24 pages/cpu s58840 r8192 d31272 u98304
[    0.000000] Detected VIPT I-cache on CPU0
[    0.000000] CPU features: enabling workaround for ARM erratum 843419
[    0.000000] CPU features: enabling workaround for ARM erratum 845719
[    0.000000] Built 1 zonelists, mobility grouping on.  Total pages: 238896
[    0.000000] Kernel command line: coherent_pool=1M 8250.nr_uarts=1 snd_bcm2835.enable_compat_alsa=0 snd_bcm2835.enable_hdmi=1 snd_bcm2835.enable_headphones=1 bcm2708_fb.fbwidth
=656 bcm2708_fb.fbheight=416 bcm2708_fb.fbswap=1 vc_mem.mem_base=0x3ec00000 vc_mem.mem_size=0x40000000  dwc_otg.lpm_enable=0 console=ttyAMA0,115200 console=tty1 root=PARTUUID=4c9
99877-02 rootfstype=ext4 elevator=deadline fsck.repair=yes rootwait
[    0.000000] Dentry cache hash table entries: 131072 (order: 8, 1048576 bytes)
[    0.000000] Inode-cache hash table entries: 65536 (order: 7, 524288 bytes)
[    0.000000] Memory: 929096K/970752K available (8700K kernel code, 1074K rwdata, 2760K rodata, 1024K init, 1126K bss, 33464K reserved, 8192K cma-reserved)
[    0.000000] SLUB: HWalign=64, Order=0-3, MinObjects=0, CPUs=4, Nodes=1
[    0.000000] ftrace: allocating 30496 entries in 120 pages
[    0.000000] rcu: Preemptible hierarchical RCU implementation.
[    0.000000] rcu:     RCU restricting CPUs from NR_CPUS=64 to nr_cpu_ids=4.
[    0.000000]  Tasks RCU enabled.
[    0.000000] rcu: Adjusting geometry for rcu_fanout_leaf=16, nr_cpu_ids=4
[    0.000000] NR_IRQS: 64, nr_irqs: 64, preallocated irqs: 0
[    0.000000] arch_timer: cp15 timer(s) running at 19.20MHz (phys).
[    0.000000] clocksource: arch_sys_counter: mask: 0xffffffffffffff max_cycles: 0x46d987e47, max_idle_ns: 440795202767 ns
[    0.000007] sched_clock: 56 bits at 19MHz, resolution 52ns, wraps every 4398046511078ns
[    0.000269] Console: colour dummy device 80x25
[    0.000933] console [tty1] enabled
[    0.001003] Calibrating delay loop (skipped), value calculated using timer frequency.. 38.40 BogoMIPS (lpj=76800)
[    0.001055] pid_max: default: 32768 minimum: 301
[    0.001488] Mount-cache hash table entries: 2048 (order: 2, 16384 bytes)
[    0.001543] Mountpoint-cache hash table entries: 2048 (order: 2, 16384 bytes)
[    0.024105] ASID allocator initialised with 32768 entries
[    0.032102] rcu: Hierarchical SRCU implementation.
[    0.040732] EFI services will not be available.
[    0.048181] smp: Bringing up secondary CPUs ...
[    0.080447] Detected VIPT I-cache on CPU1
[    0.080516] CPU1: Booted secondary processor 0x0000000001 [0x410fd034]
[    0.112576] Detected VIPT I-cache on CPU2
[    0.112623] CPU2: Booted secondary processor 0x0000000002 [0x410fd034]
[    0.144739] Detected VIPT I-cache on CPU3
[    0.144785] CPU3: Booted secondary processor 0x0000000003 [0x410fd034]
[    0.144970] smp: Brought up 1 node, 4 CPUs
[    0.145123] SMP: Total of 4 processors activated.
[    0.145158] CPU features: detected: 32-bit EL0 Support
[    0.146130] CPU: All CPU(s) started at EL2
[    0.146205] alternatives: patching kernel code
[    0.147824] devtmpfs: initialized
[    0.164008] Enabled cp15_barrier support
[    0.164075] Enabled setend support
[    0.164616] clocksource: jiffies: mask: 0xffffffff max_cycles: 0xffffffff, max_idle_ns: 7645041785100000 ns
[    0.164678] futex hash table entries: 1024 (order: 4, 65536 bytes)
[    0.165428] pinctrl core: initialized pinctrl subsystem
[    0.166321] DMI not present or invalid.
[    0.166887] NET: Registered protocol family 16
[    0.173344] cpuidle: using governor menu
[    0.173957] hw-breakpoint: found 6 breakpoint and 4 watchpoint registers.
[    0.178539] DMA: preallocated 1024 KiB pool for atomic allocations
[    0.178720] Serial: AMBA PL011 UART driver
[    0.183309] bcm2835-mbox 3f00b880.mailbox: mailbox enabled
[    0.192943] raspberrypi-firmware soc:firmware: Attached to firmware from 2020-04-15 11:43, variant start
[    0.196961] raspberrypi-firmware soc:firmware: Firmware hash is 82f9bb929ce2186eb1824178c1ae82902ad6275c
[    0.245820] bcm2835-dma 3f007000.dma: DMA legacy API manager at (____ptrval____), dmachans=0x1
[    0.249129] vgaarb: loaded
[    0.249721] SCSI subsystem initialized
[    0.250018] usbcore: registered new interface driver usbfs
[    0.250122] usbcore: registered new interface driver hub
[    0.250285] usbcore: registered new device driver usb
[    0.250462] pps_core: LinuxPPS API ver. 1 registered
[    0.250495] pps_core: Software ver. 5.3.6 - Copyright 2005-2007 Rodolfo Giometti <giometti@linux.it>
[    0.250555] PTP clock support registered
[    0.252348] clocksource: Switched to clocksource arch_sys_counter
[    0.377451] VFS: Disk quotas dquot_6.6.0
[    0.377591] VFS: Dquot-cache hash table entries: 512 (order 0, 4096 bytes)
[    0.377826] FS-Cache: Loaded
[    0.378110] CacheFiles: Loaded
[    0.390248] NET: Registered protocol family 2
[    0.391212] tcp_listen_portaddr_hash hash table entries: 512 (order: 1, 8192 bytes)
[    0.391288] TCP established hash table entries: 8192 (order: 4, 65536 bytes)
[    0.391432] TCP bind hash table entries: 8192 (order: 5, 131072 bytes)
[    0.391660] TCP: Hash tables configured (established 8192 bind 8192)
[    0.391939] UDP hash table entries: 512 (order: 2, 16384 bytes)
[    0.392016] UDP-Lite hash table entries: 512 (order: 2, 16384 bytes)
[    0.392447] NET: Registered protocol family 1
[    0.393403] RPC: Registered named UNIX socket transport module.
[    0.393440] RPC: Registered udp transport module.
[    0.393470] RPC: Registered tcp transport module.
[    0.393500] RPC: Registered tcp NFSv4.1 backchannel transport module.
[    0.396137] hw perfevents: enabled with armv8_cortex_a53 PMU driver, 7 counters available
[    0.396400] kvm [1]: 8-bit VMID
[    0.397239] kvm [1]: Hyp mode initialized successfully
[    0.402134] Initialise system trusted keyrings
[    0.402468] workingset: timestamp_bits=46 max_order=18 bucket_order=0
[    0.414651] FS-Cache: Netfs 'nfs' registered for caching
[    0.415704] NFS: Registering the id_resolver key type
[    0.415763] Key type id_resolver registered
[    0.415794] Key type id_legacy registered
[    0.415836] nfs4filelayout_init: NFSv4 File Layout Driver Registering...
[    0.423564] Key type asymmetric registered
[    0.423612] Asymmetric key parser 'x509' registered
[    0.423711] Block layer SCSI generic (bsg) driver version 0.4 loaded (major 248)
[    0.424019] io scheduler noop registered
[    0.424053] io scheduler deadline registered (default)
[    0.424312] io scheduler cfq registered
[    0.424386] io scheduler mq-deadline registered (default)
[    0.424422] io scheduler kyber registered
[    0.430035] bcm2708_fb soc:fb: FB found 1 display(s)
[    0.440290] Console: switching to colour frame buffer device 82x26
[    0.445227] bcm2708_fb soc:fb: Registered framebuffer for display 0, size 656x416
[    0.452670] Serial: 8250/16550 driver, 1 ports, IRQ sharing enabled
[    0.457156] bcm2835-rng 3f104000.rng: hwrng registered
[    0.460096] vc-mem: phys_addr:0x00000000 mem_base=0x3ec00000 mem_size:0x40000000(1024 MiB)
[    0.465865] gpiomem-bcm2835 3f200000.gpiomem: Initialised: Registers at 0x3f200000
[    0.471391] cacheinfo: Unable to detect cache hierarchy for CPU 0
[    0.490085] brd: module loaded
[    0.508114] loop: module loaded
[    0.511850] Loading iSCSI transport class v2.0-870.
[    0.517349] libphy: Fixed MDIO Bus: probed
[    0.520293] usbcore: registered new interface driver r8152
[    0.522969] usbcore: registered new interface driver lan78xx
[    0.525610] usbcore: registered new interface driver smsc95xx
[    0.528574] dwc_otg: version 3.00a 10-AUG-2012 (platform bus)
[    0.559815] dwc_otg 3f980000.usb: base=(____ptrval____)
[    0.775871] Core Release: 2.80a
[    0.778399] Setting default values for core params
[    0.780941] Finished setting default values for core params
[    0.996803] Using Buffer DMA mode
[    0.999186] Periodic Transfer Interrupt Enhancement - disabled
[    1.001634] Multiprocessor Interrupt Enhancement - disabled
[    1.004047] OTG VER PARAM: 0, OTG VER FLAG: 0
[    1.006418] Dedicated Tx FIFOs mode
[    1.009634] WARN::dwc_otg_hcd_init:1074: FIQ DMA bounce buffers: virt = ffffff80090c1000 dma = 0x00000000fad04000 len=9024
[    1.014173] FIQ FSM acceleration enabled for :
[    1.014173] Non-periodic Split Transactions
[    1.014173] Periodic Split Transactions
[    1.014173] High-Speed Isochronous Endpoints
[    1.014173] Interrupt/Control Split Transaction hack enabled
[    1.025079] WARN::hcd_init_fiq:497: MPHI regs_base at ffffff8008065000
[    1.027360] dwc_otg 3f980000.usb: DWC OTG Controller
[    1.029702] dwc_otg 3f980000.usb: new USB bus registered, assigned bus number 1
[    1.032157] dwc_otg 3f980000.usb: irq 9, io mem 0x00000000
[    1.034589] Init: Port Power? op_state=1
[    1.036946] Init: Power Port (0)
[    1.039592] usb usb1: New USB device found, idVendor=1d6b, idProduct=0002, bcdDevice= 4.19
[    1.044357] usb usb1: New USB device strings: Mfr=3, Product=2, SerialNumber=1
[    1.046893] usb usb1: Product: DWC OTG Controller
[    1.049404] usb usb1: Manufacturer: Linux 4.19.118-v8+ dwc_otg_hcd
[    1.051905] usb usb1: SerialNumber: 3f980000.usb
[    1.055202] hub 1-0:1.0: USB hub found
[    1.057757] hub 1-0:1.0: 1 port detected
[    1.061408] usbcore: registered new interface driver uas
[    1.063822] usbcore: registered new interface driver usb-storage
[    1.066410] mousedev: PS/2 mouse device common for all mice
[    1.070285] bcm2835-wdt bcm2835-wdt: Broadcom BCM2835 watchdog timer
[    1.074817] sdhci: Secure Digital Host Controller Interface driver
[    1.077294] sdhci: Copyright(c) Pierre Ossman
[    1.080407] sdhost-bcm2835 3f202000.mmc: could not get clk, deferring probe
[    1.083117] sdhci-pltfm: SDHCI platform and OF driver helper
[    1.087771] ledtrig-cpu: registered to indicate activity on CPUs
[    1.090534] hidraw: raw HID events driver (C) Jiri Kosina
[    1.093260] usbcore: registered new interface driver usbhid
[    1.095720] usbhid: USB HID core driver
[    1.099522] vchiq: vchiq_init_state: slot_zero = (____ptrval____), is_master = 0
[    1.108317] Initializing XFRM netlink socket
[    1.110822] NET: Registered protocol family 17
[    1.113437] Key type dns_resolver registered
[    1.117261] registered taskstats version 1
[    1.119584] Loading compiled-in X.509 certificates
[    1.133990] uart-pl011 3f201000.serial: cts_event_workaround enabled
[    1.136640] 3f201000.serial: ttyAMA0 at MMIO 0x3f201000 (irq = 66, base_baud = 0) is a PL011 rev2
[    1.268523] Indeed it is in host mode hprt0 = 00021501
[    1.270760] console [ttyAMA0] enabled
[    1.363349] random: fast init done
[    1.369529] bcm2835-power bcm2835-power: Broadcom BCM2835 power domains driver
[    1.468389] usb 1-1: new high-speed USB device number 2 using dwc_otg
[    2.165307] Indeed it is in host mode hprt0 = 00001101
[    2.165384] sdhost: log_buf @ (____ptrval____) (fad07000)
[    2.230290] mmc0: sdhost-bcm2835 loaded - DMA enabled (>1)
[    2.242203] of_cfs_init
[    2.247276] of_cfs_init: OK
[    2.253475] Waiting for root device PARTUUID=4c999877-02...
[    2.280766] random: crng init done
[    2.328791] mmc0: host does not support reading read-only switch, assuming write-enable
[    2.347451] mmc0: new high speed SDHC card at address aaaa
[    2.357837] mmcblk0: mmc0:aaaa SC16G 14.8 GiB
[    2.370532]  mmcblk0: p1 p2
[    2.384885] usb 1-1: New USB device found, idVendor=0424, idProduct=9514, bcdDevice= 2.00
[    2.398477] usb 1-1: New USB device strings: Mfr=0, Product=0, SerialNumber=0
[    2.409476] hub 1-1:1.0: USB hub found
[    2.410217] EXT4-fs (mmcblk0p2): INFO: recovery required on readonly filesystem
[    2.416034] hub 1-1:1.0: 5 ports detected
[    2.425957] EXT4-fs (mmcblk0p2): write access will be enabled during recovery
[    2.455111] EXT4-fs (mmcblk0p2): recovery complete
[    2.479295] EXT4-fs (mmcblk0p2): mounted filesystem with ordered data mode. Opts: (null)
[    2.492792] VFS: Mounted root (ext4 filesystem) readonly on device 179:2.
[    2.514573] devtmpfs: mounted
[    2.527043] Freeing unused kernel memory: 1024K
[    2.534661] Run /sbin/init as init process
[    2.728492] usb 1-1.1: new high-speed USB device number 3 using dwc_otg
[    2.836948] usb 1-1.1: New USB device found, idVendor=0424, idProduct=ec00, bcdDevice= 2.00
[    2.851075] usb 1-1.1: New USB device strings: Mfr=0, Product=0, SerialNumber=0
[    2.864391] smsc95xx v1.0.6
[    2.939065] smsc95xx 1-1.1:1.0 eth0: register 'smsc95xx' at usb-3f980000.usb-1.1, smsc95xx USB 2.0 Ethernet, b8:27:eb:6d:27:bc
[    3.277792] systemd[1]: System time before build time, advancing clock.
[    3.467068] NET: Registered protocol family 10
[    3.476322] Segment Routing with IPv6
[    3.546410] systemd[1]: systemd 241 running in system mode. (+PAM +AUDIT +SELINUX +IMA +APPARMOR +SMACK +SYSVINIT +UTMP +LIBCRYPTSETUP +GCRYPT +GNUTLS +ACL +XZ +LZ4 +SECCOMP +
BLKID +ELFUTILS +KMOD -IDN2 +IDN -PCRE2 default-hierarchy=hybrid)
[    3.578008] systemd[1]: Detected architecture arm64.
[    3.607708] systemd[1]: Set hostname to <raspberrypi>.
[    3.781501] uart-pl011 3f201000.serial: no DMA platform data
[    4.635632] systemd[1]: Listening on udev Kernel Socket.
[    4.648566] systemd[1]: Reached target Swap.
[    4.659752] systemd[1]: Started Dispatch Password Requests to Console Directory Watch.
[    4.677372] systemd[1]: Listening on initctl Compatibility Named Pipe.
[    4.696904] systemd[1]: Created slice system-getty.slice.
[    4.710205] systemd[1]: Listening on Journal Socket.
[    4.728161] systemd[1]: Mounting RPC Pipe File System...

Raspbian GNU/Linux 10 raspberrypi ttyAMA0

raspberrypi login: pi
Password: 
Last login: Fri Jul 17 13:46:27 CEST 2020 on ttyAMA0
Linux raspberrypi 4.19.118-v8+ #1311 SMP PREEMPT Mon Apr 27 14:32:38 BST 2020 aarch64

The programs included with the Debian GNU/Linux system are free software;
the exact distribution terms for each program are described in the
individual files in /usr/share/doc/*/copyright.

Debian GNU/Linux comes with ABSOLUTELY NO WARRANTY, to the extent
permitted by applicable law.

SSH is enabled and the default password for the 'pi' user has not been changed.
This is a security risk - please login as the 'pi' user and type 'passwd' to set a new password.

pi@raspberrypi:~$  [   32.296333] Unable to handle kernel read from unreadable memory at virtual address ffffff8008ce2000
[   32.307260] Mem abort info:
[   32.310980]   ESR = 0x8600000f
[   32.314941]   Exception class = IABT (current EL), IL = 32 bits
[   32.321815]   SET = 0, FnV = 0
[   32.325789]   EA = 0, S1PTW = 0
[   32.329843] swapper pgtable: 4k pages, 39-bit VAs, pgdp = 00000000cb67fdd3
[   32.337705] [ffffff8008ce2000] pgd=000000003abfe003, pud=000000003abfe003, pmd=000000003abfa003, pte=0078000000ce2713
[   32.350329] Internal error: Oops: 8600000f [#1] PREEMPT SMP
[   32.356957] Modules linked in: cfg80211 rfkill 8021q garp stp llc binfmt_misc bcm2835_codec(C) bcm2835_v4l2(C) v4l2_common v4l2_mem2mem videobuf2_vmalloc bcm2835_mmal_vchiq(C)
 videobuf2_dma_contig raspberrypi_hwmon videobuf2_memops hwmon videobuf2_v4l2 videobuf2_common videodev media vc_sm_cma(C) uio_pdrv_genirq uio ip_tables x_tables ipv6
[   32.393191] Process test (pid: 496, stack limit = 0x000000007f9aee98)
[   32.400999] CPU: 0 PID: 496 Comm: test Tainted: G         C        4.19.118-v8+ #1311
[   32.411609] Hardware name: Raspberry Pi 3 Model B Rev 1.2 (DT)
[   32.418893] pstate: 60000085 (nZCv daIf -PAN -UAO)
[   32.425111] pc : rcu_sched_state+0x7c0/0xc00
[   32.430752] lr : rcu_sched_state+0x7c0/0xc00
[   32.436360] sp : ffffff8008003d10
[   32.441012] x29: 0000000000000001 x28: 0000000000000001 
[   32.447684] x27: ffffff8008cac018 x26: 0000000000000080 
[   32.454328] x25: ffffff8008cac018 x24: ffffff8008cc86d8 
[   32.460972] x23: ffffff8008003db0 x22: 00000002e6327100 
[   32.467580] x21: ffffff80081685d0 x20: ffffffc03ab7a780 
[   32.474152] x19: ffffff800a3f3ec0 x18: 0000000000000000 
[   32.480677] x17: 0000000000000000 x16: 0000000000000000 
[   32.487161] x15: 0000000000000000 x14: 0000000000000000 
[   32.493582] x13: 0000000000000000 x12: 0000000000000000 
[   32.499924] x11: 0000000000000000 x10: 0000000000000000 
[   32.506192] x9 : 0000000000000000 x8 : 0000000000000040 
[   32.512390] x7 : 0000000000000000 x6 : 0000000037b3be67 
[   32.518522] x5 : 00000001365732af x4 : 0000004031ec6000 
[   32.524611] x3 : 0000000000010000 x2 : ffffff8008cac018 
[   32.530661] x1 : ffffff8008b22190 x0 : 0000000000000000 
[   32.536682] Call trace:
[   32.539787]  rcu_sched_state+0x7c0/0xc00
[   32.544366] Code: 00000000 00000000 00000000 00000000 (00000000) 
[   32.551155] ---[ end trace 919a878dbf662783 ]---
[   32.556499] Kernel panic - not syncing: Fatal exception in interrupt
[   32.563633] SMP: stopping secondary CPUs
[   32.568319] Kernel Offset: disabled
[   32.572571] CPU features: 0x0,24002004
[   32.577094] Memory Limit: none
[   32.580916] ---[ end Kernel panic - not syncing: Fatal exception in interrupt ]---
