[    0.000000] Booting Linux on physical CPU 0x0000000000 [0x410fd034]
[    0.000000] Linux version 4.19.118-v8+ (dom@buildbot) (gcc version 5.4.0 20160609 (Ubuntu/Linaro 5.4.0-6ubuntu1~16.04.9)) #1311 SMP PREEMPT Mon Apr 27 14:32:38 BST 2020
[    0.000000] Machine model: Raspberry Pi 3 Model B Rev 1.2
[    0.000000] efi: Getting EFI parameters from FDT:
[    0.000000] efi: UEFI not found.
[    0.000000] cma: Reserved 8 MiB at 0x000000003ac00000
[    0.000000] random: get_random_bytes called from start_kernel+0xb8/0x47c with crng_init=0
[    0.000000] percpu: Embedded 24 pages/cpu s58840 r8192 d31272 u98304
[    0.000000] Detected VIPT I-cache on CPU0
[    0.000000] CPU features: enabling workaround for ARM erratum 843419
[    0.000000] CPU features: enabling workaround for ARM erratum 845719
[    0.000000] Built 1 zonelists, mobility grouping on.  Total pages: 238896
[    0.000000] Kernel command line: coherent_pool=1M 8250.nr_uarts=1 snd_bcm2835.enable_compat_alsa=0 snd_bcm2835.enable_hdmi=1 snd_bcm2835.enable_headphones=1 bcm2708_fb.fbwidth
=656 bcm2708_fb.fbheight=416 bcm2708_fb.fbswap=1 vc_mem.mem_base=0x3ec00000 vc_mem.mem_size=0x40000000  dwc_otg.lpm_enable=0 console=ttyAMA0,115200 console=tty1 root=PARTUUID=4c9
99877-02 rootfstype=ext4 elevator=deadline fsck.repair=yes rootwait
[    0.000000] Dentry cache hash table entries: 131072 (order: 8, 1048576 bytes)
[    0.000000] Inode-cache hash table entries: 65536 (order: 7, 524288 bytes)
[    0.000000] Memory: 929096K/970752K available (8700K kernel code, 1074K rwdata, 2760K rodata, 1024K init, 1126K bss, 33464K reserved, 8192K cma-reserved)
[    0.000000] SLUB: HWalign=64, Order=0-3, MinObjects=0, CPUs=4, Nodes=1
[    0.000000] ftrace: allocating 30496 entries in 120 pages
[    0.000000] rcu: Preemptible hierarchical RCU implementation.
[    0.000000] rcu:     RCU restricting CPUs from NR_CPUS=64 to nr_cpu_ids=4.
[    0.000000]  Tasks RCU enabled.
[    0.000000] rcu: Adjusting geometry for rcu_fanout_leaf=16, nr_cpu_ids=4
[    0.000000] NR_IRQS: 64, nr_irqs: 64, preallocated irqs: 0
[    0.000000] arch_timer: cp15 timer(s) running at 19.20MHz (phys).
[    0.000000] clocksource: arch_sys_counter: mask: 0xffffffffffffff max_cycles: 0x46d987e47, max_idle_ns: 440795202767 ns
[    0.000007] sched_clock: 56 bits at 19MHz, resolution 52ns, wraps every 4398046511078ns
[    0.000269] Console: colour dummy device 80x25
[    0.000933] console [tty1] enabled
[    0.001003] Calibrating delay loop (skipped), value calculated using timer frequency.. 38.40 BogoMIPS (lpj=76800)
[    0.001056] pid_max: default: 32768 minimum: 301
[    0.001489] Mount-cache hash table entries: 2048 (order: 2, 16384 bytes)
[    0.001546] Mountpoint-cache hash table entries: 2048 (order: 2, 16384 bytes)
[    0.024102] ASID allocator initialised with 32768 entries
[    0.032100] rcu: Hierarchical SRCU implementation.
[    0.040736] EFI services will not be available.
[    0.048179] smp: Bringing up secondary CPUs ...
[    0.080444] Detected VIPT I-cache on CPU1
[    0.080512] CPU1: Booted secondary processor 0x0000000001 [0x410fd034]
[    0.112569] Detected VIPT I-cache on CPU2
[    0.112618] CPU2: Booted secondary processor 0x0000000002 [0x410fd034]
[    0.144735] Detected VIPT I-cache on CPU3
[    0.144782] CPU3: Booted secondary processor 0x0000000003 [0x410fd034]
[    0.144967] smp: Brought up 1 node, 4 CPUs
[    0.145121] SMP: Total of 4 processors activated.
[    0.145155] CPU features: detected: 32-bit EL0 Support
[    0.146127] CPU: All CPU(s) started at EL2
[    0.146201] alternatives: patching kernel code
[    0.147822] devtmpfs: initialized
[    0.164024] Enabled cp15_barrier support
[    0.164091] Enabled setend support
[    0.164637] clocksource: jiffies: mask: 0xffffffff max_cycles: 0xffffffff, max_idle_ns: 7645041785100000 ns
[    0.164734] futex hash table entries: 1024 (order: 4, 65536 bytes)
[    0.165455] pinctrl core: initialized pinctrl subsystem
[    0.166347] DMI not present or invalid.
[    0.166914] NET: Registered protocol family 16
[    0.173365] cpuidle: using governor menu
[    0.173977] hw-breakpoint: found 6 breakpoint and 4 watchpoint registers.
[    0.178545] DMA: preallocated 1024 KiB pool for atomic allocations
[    0.178726] Serial: AMBA PL011 UART driver
[    0.183307] bcm2835-mbox 3f00b880.mailbox: mailbox enabled
[    0.192928] raspberrypi-firmware soc:firmware: Attached to firmware from 2020-04-15 11:43, variant start
[    0.196946] raspberrypi-firmware soc:firmware: Firmware hash is 82f9bb929ce2186eb1824178c1ae82902ad6275c
[    0.239132] bcm2835-dma 3f007000.dma: DMA legacy API manager at (____ptrval____), dmachans=0x1
[    0.242681] vgaarb: loaded
[    0.243189] SCSI subsystem initialized
[    0.243484] usbcore: registered new interface driver usbfs
[    0.243588] usbcore: registered new interface driver hub
[    0.243752] usbcore: registered new device driver usb
[    0.243930] pps_core: LinuxPPS API ver. 1 registered
[    0.243963] pps_core: Software ver. 5.3.6 - Copyright 2005-2007 Rodolfo Giometti <giometti@linux.it>
[    0.244023] PTP clock support registered
[    0.245888] clocksource: Switched to clocksource arch_sys_counter
[    0.371089] VFS: Disk quotas dquot_6.6.0
[    0.371229] VFS: Dquot-cache hash table entries: 512 (order 0, 4096 bytes)
[    0.371513] FS-Cache: Loaded
[    0.371800] CacheFiles: Loaded
[    0.383902] NET: Registered protocol family 2
[    0.384865] tcp_listen_portaddr_hash hash table entries: 512 (order: 1, 8192 bytes)
[    0.384940] TCP established hash table entries: 8192 (order: 4, 65536 bytes)
[    0.385085] TCP bind hash table entries: 8192 (order: 5, 131072 bytes)
[    0.385313] TCP: Hash tables configured (established 8192 bind 8192)
[    0.385594] UDP hash table entries: 512 (order: 2, 16384 bytes)
[    0.385671] UDP-Lite hash table entries: 512 (order: 2, 16384 bytes)
[    0.386103] NET: Registered protocol family 1
[    0.387071] RPC: Registered named UNIX socket transport module.
[    0.387108] RPC: Registered udp transport module.
[    0.387139] RPC: Registered tcp transport module.
[    0.387169] RPC: Registered tcp NFSv4.1 backchannel transport module.
[    0.389783] hw perfevents: enabled with armv8_cortex_a53 PMU driver, 7 counters available
[    0.390059] kvm [1]: 8-bit VMID
[    0.390904] kvm [1]: Hyp mode initialized successfully
[    0.395807] Initialise system trusted keyrings
[    0.396145] workingset: timestamp_bits=46 max_order=18 bucket_order=0
[    0.408446] FS-Cache: Netfs 'nfs' registered for caching
[    0.409506] NFS: Registering the id_resolver key type
[    0.409576] Key type id_resolver registered
[    0.409607] Key type id_legacy registered
[    0.409649] nfs4filelayout_init: NFSv4 File Layout Driver Registering...
[    0.417388] Key type asymmetric registered
[    0.417437] Asymmetric key parser 'x509' registered
[    0.417536] Block layer SCSI generic (bsg) driver version 0.4 loaded (major 248)
[    0.417834] io scheduler noop registered
[    0.417919] io scheduler deadline registered (default)
[    0.418224] io scheduler cfq registered
[    0.418258] io scheduler mq-deadline registered (default)
[    0.418291] io scheduler kyber registered
[    0.424170] bcm2708_fb soc:fb: FB found 1 display(s)
[    0.433679] Console: switching to colour frame buffer device 82x26
[    0.438555] bcm2708_fb soc:fb: Registered framebuffer for display 0, size 656x416
[    0.445958] Serial: 8250/16550 driver, 1 ports, IRQ sharing enabled
[    0.450495] bcm2835-rng 3f104000.rng: hwrng registered
[    0.453430] vc-mem: phys_addr:0x00000000 mem_base=0x3ec00000 mem_size:0x40000000(1024 MiB)
[    0.459270] gpiomem-bcm2835 3f200000.gpiomem: Initialised: Registers at 0x3f200000
[    0.464809] cacheinfo: Unable to detect cache hierarchy for CPU 0
[    0.483025] brd: module loaded
[    0.501194] loop: module loaded
[    0.504950] Loading iSCSI transport class v2.0-870.
[    0.510242] libphy: Fixed MDIO Bus: probed
[    0.513182] usbcore: registered new interface driver r8152
[    0.515838] usbcore: registered new interface driver lan78xx
[    0.518451] usbcore: registered new interface driver smsc95xx
[    0.521310] dwc_otg: version 3.00a 10-AUG-2012 (platform bus)
[    0.551834] dwc_otg 3f980000.usb: base=(____ptrval____)
[    0.767711] Core Release: 2.80a
[    0.770236] Setting default values for core params
[    0.772751] Finished setting default values for core params
[    0.988232] Using Buffer DMA mode
[    0.990642] Periodic Transfer Interrupt Enhancement - disabled
[    0.993061] Multiprocessor Interrupt Enhancement - disabled
[    0.995492] OTG VER PARAM: 0, OTG VER FLAG: 0
[    0.997826] Dedicated Tx FIFOs mode
[    1.001053] WARN::dwc_otg_hcd_init:1074: FIQ DMA bounce buffers: virt = ffffff80090c1000 dma = 0x00000000fad04000 len=9024
[    1.005589] FIQ FSM acceleration enabled for :
[    1.005589] Non-periodic Split Transactions
[    1.005589] Periodic Split Transactions
[    1.005589] High-Speed Isochronous Endpoints
[    1.005589] Interrupt/Control Split Transaction hack enabled
[    1.016371] WARN::hcd_init_fiq:497: MPHI regs_base at ffffff8008065000
[    1.018683] dwc_otg 3f980000.usb: DWC OTG Controller
[    1.021019] dwc_otg 3f980000.usb: new USB bus registered, assigned bus number 1
[    1.023508] dwc_otg 3f980000.usb: irq 9, io mem 0x00000000
[    1.025938] Init: Port Power? op_state=1
[    1.028264] Init: Power Port (0)
[    1.030936] usb usb1: New USB device found, idVendor=1d6b, idProduct=0002, bcdDevice= 4.19
[    1.035688] usb usb1: New USB device strings: Mfr=3, Product=2, SerialNumber=1
[    1.038304] usb usb1: Product: DWC OTG Controller
[    1.040787] usb usb1: Manufacturer: Linux 4.19.118-v8+ dwc_otg_hcd
[    1.043323] usb usb1: SerialNumber: 3f980000.usb
[    1.046612] hub 1-0:1.0: USB hub found
[    1.049116] hub 1-0:1.0: 1 port detected
[    1.052807] usbcore: registered new interface driver uas
[    1.055271] usbcore: registered new interface driver usb-storage
[    1.057814] mousedev: PS/2 mouse device common for all mice
[    1.061682] bcm2835-wdt bcm2835-wdt: Broadcom BCM2835 watchdog timer
[    1.066310] sdhci: Secure Digital Host Controller Interface driver
[    1.068749] sdhci: Copyright(c) Pierre Ossman
[    1.071881] sdhost-bcm2835 3f202000.mmc: could not get clk, deferring probe
[    1.074639] sdhci-pltfm: SDHCI platform and OF driver helper
[    1.079320] ledtrig-cpu: registered to indicate activity on CPUs
[    1.082067] hidraw: raw HID events driver (C) Jiri Kosina
[    1.084738] usbcore: registered new interface driver usbhid
[    1.087236] usbhid: USB HID core driver
[    1.090978] vchiq: vchiq_init_state: slot_zero = (____ptrval____), is_master = 0
[    1.099793] Initializing XFRM netlink socket
[    1.102300] NET: Registered protocol family 17
[    1.104814] Key type dns_resolver registered
[    1.108699] registered taskstats version 1
[    1.111071] Loading compiled-in X.509 certificates
[    1.125462] uart-pl011 3f201000.serial: cts_event_workaround enabled
[    1.128148] 3f201000.serial: ttyAMA0 at MMIO 0x3f201000 (irq = 66, base_baud = 0) is a PL011 rev2
[    1.258060] Indeed it is in host mode hprt0 = 00021501
[    1.262299] console [ttyAMA0] enabled
[    1.355104] random: fast init done
[    1.360996] bcm2835-power bcm2835-power: Broadcom BCM2835 power domains driver
[    1.461926] usb 1-1: new high-speed USB device number 2 using dwc_otg
[    2.156939] Indeed it is in host mode hprt0 = 00001101
[    2.157049] sdhost: log_buf @ (____ptrval____) (fad07000)
[    2.221659] mmc0: sdhost-bcm2835 loaded - DMA enabled (>1)
[    2.233453] of_cfs_init
[    2.238582] of_cfs_init: OK
[    2.244756] Waiting for root device PARTUUID=4c999877-02...
[    2.265778] random: crng init done
[    2.326128] mmc0: host does not support reading read-only switch, assuming write-enable
[    2.344550] mmc0: new high speed SDHC card at address aaaa
[    2.354903] mmcblk0: mmc0:aaaa SC16G 14.8 GiB
[    2.367886]  mmcblk0: p1 p2
[    2.374525] usb 1-1: New USB device found, idVendor=0424, idProduct=9514, bcdDevice= 2.00
[    2.388616] usb 1-1: New USB device strings: Mfr=0, Product=0, SerialNumber=0
[    2.399715] hub 1-1:1.0: USB hub found
[    2.406597] hub 1-1:1.0: 5 ports detected
[    2.413446] EXT4-fs (mmcblk0p2): INFO: recovery required on readonly filesystem
[    2.423570] EXT4-fs (mmcblk0p2): write access will be enabled during recovery
[    2.519405] EXT4-fs (mmcblk0p2): recovery complete
[    2.532579] EXT4-fs (mmcblk0p2): mounted filesystem with ordered data mode. Opts: (null)
[    2.545849] VFS: Mounted root (ext4 filesystem) readonly on device 179:2.
[    2.568065] devtmpfs: mounted
[    2.580381] Freeing unused kernel memory: 1024K
[    2.587843] Run /sbin/init as init process
[    2.737972] usb 1-1.1: new high-speed USB device number 3 using dwc_otg
[    2.846508] usb 1-1.1: New USB device found, idVendor=0424, idProduct=ec00, bcdDevice= 2.00
[    2.860369] usb 1-1.1: New USB device strings: Mfr=0, Product=0, SerialNumber=0
[    2.873519] smsc95xx v1.0.6
[    2.948610] smsc95xx 1-1.1:1.0 eth0: register 'smsc95xx' at usb-3f980000.usb-1.1, smsc95xx USB 2.0 Ethernet, b8:27:eb:6d:27:bc
[    3.320394] systemd[1]: System time before build time, advancing clock.
[    3.509116] NET: Registered protocol family 10
[    3.518284] Segment Routing with IPv6
[    3.587982] systemd[1]: systemd 241 running in system mode. (+PAM +AUDIT +SELINUX +IMA +APPARMOR +SMACK +SYSVINIT +UTMP +LIBCRYPTSETUP +GCRYPT +GNUTLS +ACL +XZ +LZ4 +SECCOMP +
BLKID +ELFUTILS +KMOD -IDN2 +IDN -PCRE2 default-hierarchy=hybrid)
[    3.619512] systemd[1]: Detected architecture arm64.
[    3.649018] systemd[1]: Set hostname to <raspberrypi>.
[    3.867806] uart-pl011 3f201000.serial: no DMA platform data
[    4.702950] systemd[1]: Started Dispatch Password Requests to Console Directory Watch.
[    4.721606] systemd[1]: Listening on initctl Compatibility Named Pipe.
[    4.735992] systemd[1]: Listening on udev Control Socket.
[   38.193874] ------------[ cut here ]------------
[   38.199420] DEBUG_LOCKS_WARN_ON((val < PREEMPT_MASK) && !(preempt_count() & PREEMPT_MASK))
[   38.199445] WARNING: CPU: 0 PID: 498 at kernel/sched/core.c:3266 preempt_count_sub+0xc4/0xd0
[   38.220159] Modules linked in: cfg80211 rfkill 8021q garp stp llc binfmt_misc bcm2835_codec(C) bcm2835_v4l2(C) v4l2_mem2mem raspberrypi_hwmon hwmon v4l2_common bcm2835_mmal_vc
hiq(C) videobuf2_vmalloc videobuf2_dma_contig videobuf2_memops videobuf2_v4l2 videobuf2_common videodev media vc_sm_cma(C) uio_pdrv_genirq uio ip_tables x_tables ipv6
[   38.256323] CPU: 0 PID: 498 Comm: test Tainted: G         C        4.19.118-v8+ #1311
[   38.266791] Hardware name: Raspberry Pi 3 Model B Rev 1.2 (DT)
[   38.274018] pstate: 60000085 (nZCv daIf -PAN -UAO)
[   38.280217] pc : preempt_count_sub+0xc4/0xd0
[   38.285903] lr : preempt_count_sub+0xc4/0xd0
[   38.291567] sp : ffffff8008003e80
[   38.296249] x29: ffffff8008003e80 x28: 00000008e4a8b500 
[   38.302944] x27: ffffffc03ab7a8b8 x26: ffffffc03ab7a878 
[   38.309644] x25: ffffffc03ab7a838 x24: ffffffc03ab7a78c 
[   38.316325] x23: 00000008e46bb272 x22: 7fffffffffffffff 
[   38.322968] x21: 0000000000000003 x20: 0000000000000080 
[   38.329562] x19: 0000000000000001 x18: ffffff8009909dd8                8   38.487608] Process test (pid: 498, stack limit = 0x00000000e42ee98a)
[   38.496007] CPU: 0 PID: 498 Comm: test Tainted: G        WC        4.19.118-v8+ #1311
[   38.506390] Hardware name: Raspberry Pi 3 Model B Rev 1.2 (DT)
[   38.513558] pstate: 60000085 (nZCv daIf -PAN -UAO)d6565 
[   38.519691] pc : 0x93282120262620 x10: 294b53414d5f5450 
[   38.523272] lr : 0x93455250203c20 x8 : 6c617628284e4f5f 
[   38.526819] sp : ffffff8008003ee0 x6 : ffffff8008dd6176 
[   38.531411] x29: ffffffc03950be00 x28: 00000008e4a8b500 
[   38.538025] x27: ffffffc03ab7a8b8 x26: ffffffc03ab7a878 
[   38.544639] x25: ffffffc03ab7a838 x24: ffffffc03ab7a78c 
[   38.551221] x23: 00000008e46bb272 x22: 7fffffffffffffff 
[   38.557794] x21: 0000000000000003 x20: ffffff8008ad8fb8 
[   38.564361] x19: ffffff8008d44438 x18: ffffff8009909dd8 
[   38.564367] x17: 0000000000000000 x16: 0000000000000000 
[   38.564375] x15: 0000000000000a40 x14: 5f54504d45455250 
[   38.583809] x13: 2026202928746e75 x12: 6f635f74706d6565 
[   38.583810 (x11: 7270282120262620 x10: 294b53414d5f5450 
[   38.583820] x9 : 4d45455250203c20 x8 : 6c617628284e4f5f 
[   38.583825] x7 : 4e5241575f534b43 x6 : ffffff8008dd6176 
[   38.609087] x5 : 0000000000000015 x4 : 0000000000000000 
[   38.609093] x3 : 0000000000000000 x2 : 0000004031ec6000 
[   38.609098] x1 : 0000000000010000 x0 : 0000000000000001 
[   38.627595] Call trace:ace 9feb1bdfa3a88df5 ]---
[   38.627599]  0x93nal error: SP/PC alignment exception: 8a000000 [#1] PREEMPT SMP
[   38.627610] Code: bad PC value
[   38.637190] ---[ end trace 9feb1bdfa3a88df6 ]---
[   38.642568] Kernel panic - not syncing: Fatal exception in interrupt
[   38.649750] SMP: stopping secondary CPUs
[   38.654482] Kernel Offset: disabled
[   38.658771] CPU features: 0x0,24002004
[   38.663337] Memory Limit: none
[   38.667198] ---[ end Kernel panic - not syncing: Fatal exception in interrupt ]---
