[    0.000000] Booting Linux on physical CPU 0x0000000000 [0x410fd034]
[    0.000000] Linux version 4.19.118-v8+ (dom@buildbot) (gcc version 5.4.0 20160609 (Ubuntu/Linaro 5.4.0-6ubuntu1~16.04.9)) #1311 SMP PREEMPT Mon Apr 27 14:32:38 BST 2020
[    0.000000] Machine model: Raspberry Pi 3 Model B Rev 1.2
[    0.000000] efi: Getting EFI parameters from FDT:
[    0.000000] efi: UEFI not found.
[    0.000000] cma: Reserved 8 MiB at 0x000000003ac00000
[    0.000000] random: get_random_bytes called from start_kernel+0xb8/0x47c with crng_init=0
[    0.000000] percpu: Embedded 24 pages/cpu s58840 r8192 d31272 u98304
[    0.000000] Detected VIPT I-cache on CPU0
[    0.000000] CPU features: enabling workaround for ARM erratum 843419
[    0.000000] CPU features: enabling workaround for ARM erratum 845719
[    0.000000] Built 1 zonelists, mobility grouping on.  Total pages: 238896
[    0.000000] Kernel command line: coherent_pool=1M 8250.nr_uarts=1 snd_bcm2835.enable_compat_alsa=0 snd_bcm2835.enable_hdmi=1 snd_bcm2835.enable_headphones=1 bcm2708_fb.fbwidth
=656 bcm2708_fb.fbheight=416 bcm2708_fb.fbswap=1 vc_mem.mem_base=0x3ec00000 vc_mem.mem_size=0x40000000  dwc_otg.lpm_enable=0 console=ttyAMA0,115200 console=tty1 root=PARTUUID=4c9
99877-02 rootfstype=ext4 elevator=deadline fsck.repair=yes rootwait
[    0.000000] Dentry cache hash table entries: 131072 (order: 8, 1048576 bytes)
[    0.000000] Inode-cache hash table entries: 65536 (order: 7, 524288 bytes)
[    0.000000] Memory: 929096K/970752K available (8700K kernel code, 1074K rwdata, 2760K rodata, 1024K init, 1126K bss, 33464K reserved, 8192K cma-reserved)
[    0.000000] SLUB: HWalign=64, Order=0-3, MinObjects=0, CPUs=4, Nodes=1
[    0.000000] ftrace: allocating 30496 entries in 120 pages
[    0.000000] rcu: Preemptible hierarchical RCU implementation.
[    0.000000] rcu:     RCU restricting CPUs from NR_CPUS=64 to nr_cpu_ids=4.
[    0.000000]  Tasks RCU enabled.
[    0.000000] rcu: Adjusting geometry for rcu_fanout_leaf=16, nr_cpu_ids=4
[    0.000000] NR_IRQS: 64, nr_irqs: 64, preallocated irqs: 0
[    0.000000] arch_timer: cp15 timer(s) running at 19.20MHz (phys).
[    0.000000] clocksource: arch_sys_counter: mask: 0xffffffffffffff max_cycles: 0x46d987e47, max_idle_ns: 440795202767 ns
[    0.000007] sched_clock: 56 bits at 19MHz, resolution 52ns, wraps every 4398046511078ns
[    0.000271] Console: colour dummy device 80x25
[    0.000936] console [tty1] enabled
[    0.001006] Calibrating delay loop (skipped), value calculated using timer frequency.. 38.40 BogoMIPS (lpj=76800)
[    0.001059] pid_max: default: 32768 minimum: 301
[    0.001491] Mount-cache hash table entries: 2048 (order: 2, 16384 bytes)
[    0.001547] Mountpoint-cache hash table entries: 2048 (order: 2, 16384 bytes)
[    0.024104] ASID allocator initialised with 32768 entries
[    0.032101] rcu: Hierarchical SRCU implementation.
[    0.040736] EFI services will not be available.
[    0.048178] smp: Bringing up secondary CPUs ...
[    0.080447] Detected VIPT I-cache on CPU1
[    0.080515] CPU1: Booted secondary processor 0x0000000001 [0x410fd034]
[    0.112572] Detected VIPT I-cache on CPU2
[    0.112622] CPU2: Booted secondary processor 0x0000000002 [0x410fd034]
[    0.144739] Detected VIPT I-cache on CPU3
[    0.144784] CPU3: Booted secondary processor 0x0000000003 [0x410fd034]
[    0.144969] smp: Brought up 1 node, 4 CPUs
[    0.145123] SMP: Total of 4 processors activated.
[    0.145158] CPU features: detected: 32-bit EL0 Support
[    0.146130] CPU: All CPU(s) started at EL2
[    0.146204] alternatives: patching kernel code
[    0.147827] devtmpfs: initialized
[    0.164025] Enabled cp15_barrier support
[    0.164091] Enabled setend support
[    0.164635] clocksource: jiffies: mask: 0xffffffff max_cycles: 0xffffffff, max_idle_ns: 7645041785100000 ns
[    0.164696] futex hash table entries: 1024 (order: 4, 65536 bytes)
[    0.165451] pinctrl core: initialized pinctrl subsystem
[    0.166345] DMI not present or invalid.
[    0.166914] NET: Registered protocol family 16
[    0.173364] cpuidle: using governor menu
[    0.173977] hw-breakpoint: found 6 breakpoint and 4 watchpoint registers.
[    0.178529] DMA: preallocated 1024 KiB pool for atomic allocations
[    0.178709] Serial: AMBA PL011 UART driver
[    0.183304] bcm2835-mbox 3f00b880.mailbox: mailbox enabled
[    0.192934] raspberrypi-firmware soc:firmware: Attached to firmware from 2020-04-15 11:43, variant start
[    0.196952] raspberrypi-firmware soc:firmware: Firmware hash is 82f9bb929ce2186eb1824178c1ae82902ad6275c
[    0.245801] bcm2835-dma 3f007000.dma: DMA legacy API manager at (____ptrval____), dmachans=0x1
[    0.249111] vgaarb: loaded
[    0.249698] SCSI subsystem initialized
[    0.249996] usbcore: registered new interface driver usbfs
[    0.250100] usbcore: registered new interface driver hub
[    0.250264] usbcore: registered new device driver usb
[    0.250442] pps_core: LinuxPPS API ver. 1 registered
[    0.250476] pps_core: Software ver. 5.3.6 - Copyright 2005-2007 Rodolfo Giometti <giometti@linux.it>
[    0.250536] PTP clock support registered
[    0.252353] clocksource: Switched to clocksource arch_sys_counter
[    0.377645] VFS: Disk quotas dquot_6.6.0
[    0.377787] VFS: Dquot-cache hash table entries: 512 (order 0, 4096 bytes)
[    0.378068] FS-Cache: Loaded
[    0.378353] CacheFiles: Loaded
[    0.390443] NET: Registered protocol family 2
[    0.391408] tcp_listen_portaddr_hash hash table entries: 512 (order: 1, 8192 bytes)
[    0.391485] TCP established hash table entries: 8192 (order: 4, 65536 bytes)
[    0.391628] TCP bind hash table entries: 8192 (order: 5, 131072 bytes)
[    0.391845] TCP: Hash tables configured (established 8192 bind 8192)
[    0.392124] UDP hash table entries: 512 (order: 2, 16384 bytes)
[    0.392201] UDP-Lite hash table entries: 512 (order: 2, 16384 bytes)
[    0.392635] NET: Registered protocol family 1
[    0.393633] RPC: Registered named UNIX socket transport module.
[    0.393670] RPC: Registered udp transport module.
[    0.393700] RPC: Registered tcp transport module.
[    0.393730] RPC: Registered tcp NFSv4.1 backchannel transport module.
[    0.396329] hw perfevents: enabled with armv8_cortex_a53 PMU driver, 7 counters available
[    0.396603] kvm [1]: 8-bit VMID
[    0.397446] kvm [1]: Hyp mode initialized successfully
[    0.402362] Initialise system trusted keyrings
[    0.402697] workingset: timestamp_bits=46 max_order=18 bucket_order=0
[    0.415057] FS-Cache: Netfs 'nfs' registered for caching
[    0.416126] NFS: Registering the id_resolver key type
[    0.416202] Key type id_resolver registered
[    0.416233] Key type id_legacy registered
[    0.416275] nfs4filelayout_init: NFSv4 File Layout Driver Registering...
[    0.424038] Key type asymmetric registered
[    0.424089] Asymmetric key parser 'x509' registered
[    0.424212] Block layer SCSI generic (bsg) driver version 0.4 loaded (major 248)
[    0.424554] io scheduler noop registered
[    0.424589] io scheduler deadline registered (default)
[    0.424880] io scheduler cfq registered
[    0.424914] io scheduler mq-deadline registered (default)
[    0.424948] io scheduler kyber registered
[    0.434711] bcm2708_fb soc:fb: FB found 1 display(s)
[    0.444268] Console: switching to colour frame buffer device 82x26
[    0.449170] bcm2708_fb soc:fb: Registered framebuffer for display 0, size 656x416
[    0.456597] Serial: 8250/16550 driver, 1 ports, IRQ sharing enabled
[    0.461139] bcm2835-rng 3f104000.rng: hwrng registered
[    0.464079] vc-mem: phys_addr:0x00000000 mem_base=0x3ec00000 mem_size:0x40000000(1024 MiB)
[    0.469923] gpiomem-bcm2835 3f200000.gpiomem: Initialised: Registers at 0x3f200000
[    0.475451] cacheinfo: Unable to detect cache hierarchy for CPU 0
[    0.493721] brd: module loaded
[    0.511719] loop: module loaded
[    0.515463] Loading iSCSI transport class v2.0-870.
[    0.520714] libphy: Fixed MDIO Bus: probed
[    0.523636] usbcore: registered new interface driver r8152
[    0.526307] usbcore: registered new interface driver lan78xx
[    0.528918] usbcore: registered new interface driver smsc95xx
[    0.531780] dwc_otg: version 3.00a 10-AUG-2012 (platform bus)
[    0.562333] dwc_otg 3f980000.usb: base=(____ptrval____)
[    0.777887] Core Release: 2.80a
[    0.780407] Setting default values for core params
[    0.782918] Finished setting default values for core params
[    0.998426] Using Buffer DMA mode
[    1.000831] Periodic Transfer Interrupt Enhancement - disabled
[    1.003254] Multiprocessor Interrupt Enhancement - disabled
[    1.005686] OTG VER PARAM: 0, OTG VER FLAG: 0
[    1.008024] Dedicated Tx FIFOs mode
[    1.011123] WARN::dwc_otg_hcd_init:1074: FIQ DMA bounce buffers: virt = ffffff80090c1000 dma = 0x00000000fad04000 len=9024
[    1.015661] FIQ FSM acceleration enabled for :
[    1.015661] Non-periodic Split Transactions
[    1.015661] Periodic Split Transactions
[    1.015661] High-Speed Isochronous Endpoints
[    1.015661] Interrupt/Control Split Transaction hack enabled
[    1.026478] WARN::hcd_init_fiq:497: MPHI regs_base at ffffff8008065000
[    1.028792] dwc_otg 3f980000.usb: DWC OTG Controller
[    1.031113] dwc_otg 3f980000.usb: new USB bus registered, assigned bus number 1
[    1.033604] dwc_otg 3f980000.usb: irq 9, io mem 0x00000000
[    1.036012] Init: Port Power? op_state=1
[    1.038370] Init: Power Port (0)
[    1.041053] usb usb1: New USB device found, idVendor=1d6b, idProduct=0002, bcdDevice= 4.19
[    1.045815] usb usb1: New USB device strings: Mfr=3, Product=2, SerialNumber=1
[    1.048435] usb usb1: Product: DWC OTG Controller
[    1.050916] usb usb1: Manufacturer: Linux 4.19.118-v8+ dwc_otg_hcd
[    1.053450] usb usb1: SerialNumber: 3f980000.usb
[    1.056767] hub 1-0:1.0: USB hub found
[    1.059270] hub 1-0:1.0: 1 port detected
[    1.062891] usbcore: registered new interface driver uas
[    1.065363] usbcore: registered new interface driver usb-storage
[    1.067896] mousedev: PS/2 mouse device common for all mice
[    1.071789] bcm2835-wdt bcm2835-wdt: Broadcom BCM2835 watchdog timer
[    1.076447] sdhci: Secure Digital Host Controller Interface driver
[    1.078889] sdhci: Copyright(c) Pierre Ossman
[    1.082005] sdhost-bcm2835 3f202000.mmc: could not get clk, deferring probe
[    1.084761] sdhci-pltfm: SDHCI platform and OF driver helper
[    1.089387] ledtrig-cpu: registered to indicate activity on CPUs
[    1.092079] hidraw: raw HID events driver (C) Jiri Kosina
[    1.094797] usbcore: registered new interface driver usbhid
[    1.097308] usbhid: USB HID core driver
[    1.101046] vchiq: vchiq_init_state: slot_zero = (____ptrval____), is_master = 0
[    1.109904] Initializing XFRM netlink socket
[    1.112407] NET: Registered protocol family 17
[    1.114917] Key type dns_resolver registered
[    1.118693] registered taskstats version 1
[    1.121074] Loading compiled-in X.509 certificates
[    1.135376] uart-pl011 3f201000.serial: cts_event_workaround enabled
[    1.138045] 3f201000.serial: ttyAMA0 at MMIO 0x3f201000 (irq = 66, base_baud = 0) is a PL011 rev2
[    1.268529] Indeed it is in host mode hprt0 = 00021501
[    1.272155] console [ttyAMA0] enabled
[    1.364443] random: fast init done
[    1.370687] bcm2835-power bcm2835-power: Broadcom BCM2835 power domains driver
[    1.468393] usb 1-1: new high-speed USB device number 2 using dwc_otg
[    2.166713] Indeed it is in host mode hprt0 = 00001101
[    2.166960] sdhost: log_buf @ (____ptrval____) (fad07000)
[    2.231917] mmc0: sdhost-bcm2835 loaded - DMA enabled (>1)
[    2.244152] of_cfs_init
[    2.249280] of_cfs_init: OK
[    2.255637] Waiting for root device PARTUUID=4c999877-02...
[    2.282251] random: crng init done
[    2.330418] mmc0: host does not support reading read-only switch, assuming write-enable
[    2.348863] mmc0: new high speed SDHC card at address aaaa
[    2.359227] mmcblk0: mmc0:aaaa SC16G 14.8 GiB
[    2.371869]  mmcblk0: p1 p2
[    2.384978] usb 1-1: New USB device found, idVendor=0424, idProduct=9514, bcdDevice= 2.00
[    2.398515] usb 1-1: New USB device strings: Mfr=0, Product=0, SerialNumber=0
[    2.409350] hub 1-1:1.0: USB hub found
[    2.416026] hub 1-1:1.0: 5 ports detected
[    2.416110] EXT4-fs (mmcblk0p2): INFO: recovery required on readonly filesystem
[    2.432783] EXT4-fs (mmcblk0p2): write access will be enabled during recovery
[    2.550468] EXT4-fs (mmcblk0p2): recovery complete
[    2.562531] EXT4-fs (mmcblk0p2): mounted filesystem with ordered data mode. Opts: (null)
[    2.575785] VFS: Mounted root (ext4 filesystem) readonly on device 179:2.
[    2.598055] devtmpfs: mounted
[    2.610949] Freeing unused kernel memory: 1024K
[    2.618414] Run /sbin/init as init process
[    2.728462] usb 1-1.1: new high-speed USB device number 3 using dwc_otg
[    2.836931] usb 1-1.1: New USB device found, idVendor=0424, idProduct=ec00, bcdDevice= 2.00
[    2.850796] usb 1-1.1: New USB device strings: Mfr=0, Product=0, SerialNumber=0
[    2.863983] smsc95xx v1.0.6
[    2.938927] smsc95xx 1-1.1:1.0 eth0: register 'smsc95xx' at usb-3f980000.usb-1.1, smsc95xx USB 2.0 Ethernet, b8:27:eb:6d:27:bc
[    3.350936] systemd[1]: System time before build time, advancing clock.
[    3.539522] NET: Registered protocol family 10
[    3.548694] Segment Routing with IPv6
[    3.618170] systemd[1]: systemd 241 running in system mode. (+PAM +AUDIT +SELINUX +IMA +APPARMOR +SMACK +SYSVINIT +UTMP +LIBCRYPTSETUP +GCRYPT +GNUTLS +ACL +XZ +LZ4 +SECCOMP +
BLKID +ELFUTILS +KMOD -IDN2 +IDN -PCRE2 default-hierarchy=hybrid)
[    3.649715] systemd[1]: Detected architecture arm64.
[    3.679695] systemd[1]: Set hostname to <raspberrypi>.
[    3.840176] uart-pl011 3f201000.serial: no DMA platform data
[    4.701105] systemd[1]: Listening on Journal Socket.
[    4.723997] systemd[1]: Mounting RPC Pipe File System...
[    4.736255] systemd[1]: Condition check resulted in Kernel Module supporting RPCSEC_GSS being skipped.
[   62.184332] ------------[ cut here ]------------
[   62.189818] DEBUG_LOCKS_WARN_ON((val < PREEMPT_MASK) && !(preempt_count() & PREEMPT_MASK))
[   62.189840] WARNING: CPU: 3 PID: 493 at kernel/sched/core.c:3266 preempt_count_sub+0xc4/0xd0
[   62.210268] Modules linked in: cfg80211 rfkill 8021q garp stp llc binfmt_misc raspberrypi_hwmon bcm2835_codec(C) hwmon bcm2835_v4l2(C) v4l2_mem2mem videobuf2_dma_contig bcm283
5_mmal_vchiq(C) v4l2_common videobuf2_vmalloc videobuf2_memops videobuf2_v4l2 videobuf2_common videodev media vc_sm_cma(C) uio_pdrv_genirq uio ip_tables x_tables ipv6
[   62.246219] CPU: 3 PID: 493 Comm: test Tainted: G         C        4.19.118-v8+ #1311
[   62.256596] Hardware name: Raspberry Pi 3 Model B Rev 1.2 (DT)WD=/home/pi ; U
[   62.263788] pstate: 60000085 (nZCv daIf -PAN -UAO)
[   62.269958] pc : preempt_count_sub+0xc4/0xd0
[   62.275612] lr : preempt_count_sub+0xc4/0xd0
[   62.281240] sp : ffffff800801bda0
[   62.285893] x29: ffffff800801bda0 x28: 0000000000000001 
[   62.292565] x27: ffffff8008cac018 x26: 0000000000000080 
[   62.299219] x25: ffffff8008cac018 x24: ffffff8008cc86d8 
[   62.305857] x23: ffffff80081685d0 x22: 00000000000078e2 
[   62.312475] x21: 0000000e65003161 x20: ffffff8008df98c0 
[   62.319065] x19: 0000000000000001 x18: ffffff8009909dd8 
[   62.325596] x17: 0000000000000000 x16: 0000000000000000 
[   62.332070] x15: 0000000000000a40 x14: 5f54504d45455250 
[   62.338492] x13: 2026202928746e75 x12: 6f635f74706d6565 
[   62.344869] x11: 7270282120262620 x10: 294b53414d5f5450 
[   62.351208] x9 : 4d45455250203c20 x8 : 6c617628284e4f5f 
[   62.357504] x7 : 4e5241575f534b43 x6 : ffffff8008dd6176 
[   62.363753] x5 : 0000000000000015 x4 : 0000000000000000 
[   62.369963] x3 : 0000000000000000 x2 : 0000004031f0e000 
[   62.376124] x1 : 5c12174d01c22c00 x0 : 0000000000000000 
[   62.382249] Call trace:
[   62.385460]  preempt_count_sub+0xc4/0xd0
[   62.390144]  _raw_spin_unlock_irqrestore+0x38/0x88
[   62.395704]  tick_sched_timer+0x3c/0xb0
[   62.400333]  __hrtimer_run_queues+0x118/0x380
[   62.405493]  hrtimer_interrupt+0xf8/0x258
[   62.410305]  arch_timer_handler_phys+0x3c/0x50
[   62.415581]  handle_percpu_devid_irq+0xa4/0x2a0
[   62.420952]  generic_handle_irq+0x34/0x50
[   62.425801]  __handle_domain_irq+0x8c/0x100
[   62.430824]  bcm2836_arm_irqchip_handle_irq+0x68/0xd8
[   62.436752]  el0_irq_naked+0x50/0x5c
[   62.441201] ---[ end trace d4b73461569e1dc7 ]---
[   62.446729] Unable to handle kernel paging request at virtual address 0000000e65003269
[   62.456543] Mem abort info:
[   62.460273]   ESR = 0x96000005
[   62.464256]   Exception class = DABT (current EL), IL = 32 bits
[   62.471150]   SET = 0, FnV = 0
[   62.475175]   EA = 0, S1PTW = 0
[   62.479283] Data abort info:
[   62.483102]   ISV = 0, ISS = 0x00000005
[   62.487888]   CM = 0, WnR = 0
[   62.491780] [0000000e65003269] address between user and kernel address ranges
[   62.499929] Internal error: Oops: 96000005 [#1] PREEMPT SMP
[   62.506523] Modules linked in: cfg80211 rfkill 8021q garp stp llc binfmt_misc raspberrypi_hwmon bcm2835_codec(C) hwmon bcm2835_v4l2(C) v4l2_mem2mem videobuf2_dma_contig bcm283
5_mmal_vchiq(C) v4l2_common videobuf2_vmalloc videobuf2_memops videobuf2_v4l2 videobuf2_common videodev media vc_sm_cma(C) uio_pdrv_genirq uio ip_tables x_tables ipv6
[   62.542422] Process test (pid: 493, stack limit = 0x000000000cc4ff45)
[   62.550143] CPU: 3 PID: 493 Comm: test Tainted: G        WC        4.19.118-v8+ #1311
[   62.560548] Hardware name: Raspberry Pi 3 Model B Rev 1.2 (DT)
[   62.567697] pstate: 20000085 (nzCv daIf -PAN -UAO)
[   62.573766] pc : tick_sched_handle.isra.5+0x34/0x68
[   62.579933] lr : tick_sched_timer+0x5c/0xb0
[   62.585404] sp : ffffff800801bdc0
[   62.589980] x29: ffffff800801bdc0 x28: 0000000000000001 
[   62.596556] x27: ffffff8008cac018 x26: 0000000000000080 
[   62.603131] x25: ffffff8008cac018 x24: ffffff8008cc86d8 
[   62.609708] x23: ffffff80081685d0 x22: 00000000000078e2 
[   62.616281] x21: 0000000e65003161 x20: 0000000e65003269 
[   62.622860] x19: ffffffc03abc2c78 x18: ffffff8009909dd8 
[   62.629409] x17: 0000000000000000 x16: 0000000000000000 
[   62.635929] x15: 0000000000000a40 x14: 5f54504d45455250 
[   62.642400] x13: 2026202928746e75 x12: 6f635f74706d6565 
[   62.648830] x11: 7270282120262620 x10: 294b53414d5f5450 
[   62.655214] x9 : 4d45455250203c20 x8 : 6c617628284e4f5f 
[   62.661554] x7 : 4e5241575f534b43 x6 : ffffff8008dd6176 
[   62.667854] x5 : 0000000000000015 x4 : 0000004031f0e000 
[   62.674121] x3 : 0000000000010000 x2 : ffffff8008cc8000 
[   62.680341] x1 : 0000000e65003269 x0 : 0000000000000010 
[   62.686531] Call trace:
[   62.689800]  tick_sched_handle.isra.5+0x34/0x68
[   62.695161]  tick_sched_timer+0x5c/0xb0
[   62.699808]  __hrtimer_run_queues+0x118/0x380
[   62.704989]  hrtimer_interrupt+0xf8/0x258
[   62.709818]  arch_timer_handler_phys+0x3c/0x50
[   62.715100]  handle_percpu_devid_irq+0xa4/0x2a0
[   62.720484]  generic_handle_irq+0x34/0x50
[   62.725354]  __handle_domain_irq+0x8c/0x100
[   62.730406]  bcm2836_arm_irqchip_handle_irq+0x68/0xd8
[   62.736351]  el0_irq_naked+0x50/0x5c
[   62.740805] Code: d5384100 b9402c00 37080160 f9002e7f (f9400280) 
[   62.747826] ---[ end trace d4b73461569e1dc8 ]---
[   62.753383] Kernel panic - not syncing: Fatal exception in interrupt
[   62.760724] SMP: stopping secondary CPUs
[   63.859372] SMP: failed to stop secondary CPUs 0,3
[   63.865149] Kernel Offset: disabled
[   63.869610] CPU features: 0x0,24002004
[   63.874327] Memory Limit: none
[   63.878349] ---[ end Kernel panic - not syncing: Fatal exception in interrupt ]---
