[    0.000000] Booting Linux on physical CPU 0x0000000000 [0x410fd034]
[    0.000000] Linux version 4.19.118-v8+ (dom@buildbot) (gcc version 5.4.0 20160609 (Ubuntu/Linaro 5.4.0-6ubuntu1~16.04.9)) #1311 SMP PREEMPT Mon Apr 27 14:32:38 BST 2020
[    0.000000] Machine model: Raspberry Pi 3 Model B Rev 1.2
[    0.000000] efi: Getting EFI parameters from FDT:000000 
[    0.000000] efi: UEFI not found.0 x2 : 0000004031ec6000 
[    0.000000] cma: Reserved 8 MiB at 0x000000003ac0000001 
[    0.000000] random: get_random_bytes called from start_kernel+0xb8/0x47c with crng_init=0
[    0.000000] percpu: Embedded 24 pages/cpu s58840 r8192 d31272 u98304 PREEMPT SMP
[    0.000000] Detected VIPT I-cache on CPU0
[    0.000000] CPU features: enabling workaround for ARM erratum 843419
[    0.000000] CPU features: enabling workaround for ARM erratum 845719
[    0.000000] Built 1 zonelists, mobility grouping on.  Total pages: 238896
[    0.000000] Kernel command line: coherent_pool=1M 8250.nr_uarts=1 snd_bcm2835.enable_compat_alsa=0 snd_bcm2835.enable_hdmi=1 snd_bcm2835.enable_headphones=1 bcm2708_fb.fbwidth
=656 bcm2708_fb.fbheight=416 bcm2708_fb.fbswap=1 vc_mem.mem_base=0x3ec00000 vc_mem.mem_size=0x40000000  dwc_otg.lpm_enable=0 console=ttyAMA0,115200 console=tty1 root=PARTUUID=4c9
99877-02 rootfstype=ext4 elevator=deadline fsck.repair=yes rootwait
[    0.000000] Dentry cache hash table entries: 131072 (order: 8, 1048576 bytes) ]---
[    0.000000] Inode-cache hash table entries: 65536 (order: 7, 524288 bytes)
[    0.000000] Memory: 929096K/970752K available (8700K kernel code, 1074K rwdata, 2760K rodata, 1024K init, 1126K bss, 33464K reserved, 8192K cma-reserved)
[    0.000000] SLUB: HWalign=64, Order=0-3, MinObjects=0, CPUs=4, Nodes=1
[    0.000000] ftrace: allocating 30496 entries in 120 pages
[    0.000000] rcu: Preemptible hierarchical RCU implementation.
[    0.000000] rcu:     RCU restricting CPUs from NR_CPUS=64 to nr_cpu_ids=4.
[    0.000000]  Tasks RCU enabled.
[    0.000000] rcu: Adjusting geometry for rcu_fanout_leaf=16, nr_cpu_ids=4
[    0.000000] NR_IRQS: 64, nr_irqs: 64, preallocated irqs: 0
[    0.000000] arch_timer: cp15 timer(s) running at 19.20MHz (phys).
[    0.000000] clocksource: arch_sys_counter: mask: 0xffffffffffffff max_cycles: 0x46d987e47, max_idle_ns: 440795202767 ns
[    0.000007] sched_clock: 56 bits at 19MHz, resolution 52ns, wraps every 4398046511078ns
[    0.000270] Console: colour dummy device 80x25
[    0.000934] console [tty1] enabled
[    0.001004] Calibrating delay loop (skipped), value calculated using timer frequency.. 38.40 BogoMIPS (lpj=76800)
[    0.001056] pid_max: default: 32768 minimum: 301
[    0.001491] Mount-cache hash table entries: 2048 (order: 2, 16384 bytes)
[    0.001548] Mountpoint-cache hash table entries: 2048 (order: 2, 16384 bytes)
[    0.024103] ASID allocator initialised with 32768 entries
[    0.032101] rcu: Hierarchical SRCU implementation.
[    0.040735] EFI services will not be available.
[    0.048180] smp: Bringing up secondary CPUs ...
[    0.080446] Detected VIPT I-cache on CPU1
[    0.080515] CPU1: Booted secondary processor 0x0000000001 [0x410fd034]
[    0.112570] Detected VIPT I-cache on CPU2
[    0.112619] CPU2: Booted secondary processor 0x0000000002 [0x410fd034]
[    0.144737] Detected VIPT I-cache on CPU3
[    0.144783] CPU3: Booted secondary processor 0x0000000003 [0x410fd034]
[    0.144969] smp: Brought up 1 node, 4 CPUs
[    0.145123] SMP: Total of 4 processors activated.
[    0.145158] CPU features: detected: 32-bit EL0 Support
[    0.146130] CPU: All CPU(s) started at EL2
[    0.146204] alternatives: patching kernel code
[    0.147826] devtmpfs: initialized
[    0.164013] Enabled cp15_barrier support
[    0.164080] Enabled setend support
[    0.164622] clocksource: jiffies: mask: 0xffffffff max_cycles: 0xffffffff, max_idle_ns: 7645041785100000 ns
[    0.164684] futex hash table entries: 1024 (order: 4, 65536 bytes)
[    0.165436] pinctrl core: initialized pinctrl subsystem
[    0.166330] DMI not present or invalid.
[    0.166898] NET: Registered protocol family 16
[    0.173361] cpuidle: using governor menu
[    0.173973] hw-breakpoint: found 6 breakpoint and 4 watchpoint registers.
[    0.178555] DMA: preallocated 1024 KiB pool for atomic allocations
[    0.178735] Serial: AMBA PL011 UART driver
[    0.183328] bcm2835-mbox 3f00b880.mailbox: mailbox enabled
[    0.192949] raspberrypi-firmware soc:firmware: Attached to firmware from 2020-04-15 11:43, variant start
[    0.196968] raspberrypi-firmware soc:firmware: Firmware hash is 82f9bb929ce2186eb1824178c1ae82902ad6275c
[    0.242982] bcm2835-dma 3f007000.dma: DMA legacy API manager at (____ptrval____), dmachans=0x1
[    0.246329] vgaarb: loaded
[    0.246829] SCSI subsystem initialized
[    0.247125] usbcore: registered new interface driver usbfs
[    0.247230] usbcore: registered new interface driver hub
[    0.247393] usbcore: registered new device driver usb
[    0.247569] pps_core: LinuxPPS API ver. 1 registered
[    0.247602] pps_core: Software ver. 5.3.6 - Copyright 2005-2007 Rodolfo Giometti <giometti@linux.it>
[    0.247662] PTP clock support registered
[    0.249597] clocksource: Switched to clocksource arch_sys_counter
[    0.374786] VFS: Disk quotas dquot_6.6.0
[    0.374927] VFS: Dquot-cache hash table entries: 512 (order 0, 4096 bytes)
[    0.375209] FS-Cache: Loaded
[    0.375487] CacheFiles: Loaded
[    0.387625] NET: Registered protocol family 2
[    0.388587] tcp_listen_portaddr_hash hash table entries: 512 (order: 1, 8192 bytes)
[    0.388663] TCP established hash table entries: 8192 (order: 4, 65536 bytes)
[    0.388806] TCP bind hash table entries: 8192 (order: 5, 131072 bytes)
[    0.389025] TCP: Hash tables configured (established 8192 bind 8192)
[    0.389305] UDP hash table entries: 512 (order: 2, 16384 bytes)
[    0.389382] UDP-Lite hash table entries: 512 (order: 2, 16384 bytes)
[    0.389816] NET: Registered protocol family 1
[    0.390788] RPC: Registered named UNIX socket transport module.
[    0.390825] RPC: Registered udp transport module.
[    0.390855] RPC: Registered tcp transport module.
[    0.390885] RPC: Registered tcp NFSv4.1 backchannel transport module.
[    0.393498] hw perfevents: enabled with armv8_cortex_a53 PMU driver, 7 counters available
[    0.393773] kvm [1]: 8-bit VMID
[    0.394618] kvm [1]: Hyp mode initialized successfully
[    0.399534] Initialise system trusted keyrings
[    0.399875] workingset: timestamp_bits=46 max_order=18 bucket_order=0
[    0.412211] FS-Cache: Netfs 'nfs' registered for caching
[    0.413276] NFS: Registering the id_resolver key type
[    0.413336] Key type id_resolver registered
[    0.413367] Key type id_legacy registered
[    0.413409] nfs4filelayout_init: NFSv4 File Layout Driver Registering...
[    0.421191] Key type asymmetric registered
[    0.421241] Asymmetric key parser 'x509' registered
[    0.421364] Block layer SCSI generic (bsg) driver version 0.4 loaded (major 248)
[    0.421711] io scheduler noop registered
[    0.421746] io scheduler deadline registered (default)
[    0.422036] io scheduler cfq registered
[    0.422069] io scheduler mq-deadline registered (default)
[    0.422102] io scheduler kyber registered
[    0.432185] bcm2708_fb soc:fb: FB found 1 display(s)
[    0.441794] Console: switching to colour frame buffer device 82x26
[    0.446720] bcm2708_fb soc:fb: Registered framebuffer for display 0, size 656x416
[    0.454146] Serial: 8250/16550 driver, 1 ports, IRQ sharing enabled
[    0.458703] bcm2835-rng 3f104000.rng: hwrng registered
[    0.461686] vc-mem: phys_addr:0x00000000 mem_base=0x3ec00000 mem_size:0x40000000(1024 MiB)
[    0.467511] gpiomem-bcm2835 3f200000.gpiomem: Initialised: Registers at 0x3f200000
[    0.473032] cacheinfo: Unable to detect cache hierarchy for CPU 0
[    0.491299] brd: module loaded
[    0.509513] loop: module loaded
[    0.513286] Loading iSCSI transport class v2.0-870.
[    0.518599] libphy: Fixed MDIO Bus: probed
[    0.521521] usbcore: registered new interface driver r8152
[    0.524183] usbcore: registered new interface driver lan78xx
[    0.526795] usbcore: registered new interface driver smsc95xx
[    0.529684] dwc_otg: version 3.00a 10-AUG-2012 (platform bus)
[    0.560192] dwc_otg 3f980000.usb: base=(____ptrval____)
[    0.776255] Core Release: 2.80a
[    0.778779] Setting default values for core params
[    0.781295] Finished setting default values for core params
[    0.997006] Using Buffer DMA mode
[    0.999419] Periodic Transfer Interrupt Enhancement - disabled
[    1.001867] Multiprocessor Interrupt Enhancement - disabled
[    1.004283] OTG VER PARAM: 0, OTG VER FLAG: 0
[    1.006663] Dedicated Tx FIFOs mode
[    1.009769] WARN::dwc_otg_hcd_init:1074: FIQ DMA bounce buffers: virt = ffffff80090c1000 dma = 0x00000000fad04000 len=9024
[    1.014298] FIQ FSM acceleration enabled for :
[    1.014298] Non-periodic Split Transactions
[    1.014298] Periodic Split Transactions
[    1.014298] High-Speed Isochronous Endpoints
[    1.014298] Interrupt/Control Split Transaction hack enabled
[    1.025083] WARN::hcd_init_fiq:497: MPHI regs_base at ffffff8008065000
[    1.027395] dwc_otg 3f980000.usb: DWC OTG Controller
[    1.029755] dwc_otg 3f980000.usb: new USB bus registered, assigned bus number 1
[    1.032210] dwc_otg 3f980000.usb: irq 9, io mem 0x00000000
[    1.034641] Init: Port Power? op_state=1
[    1.036968] Init: Power Port (0)
[    1.039641] usb usb1: New USB device found, idVendor=1d6b, idProduct=0002, bcdDevice= 4.19
[    1.044389] usb usb1: New USB device strings: Mfr=3, Product=2, SerialNumber=1
[    1.047005] usb usb1: Product: DWC OTG Controller
[    1.049488] usb usb1: Manufacturer: Linux 4.19.118-v8+ dwc_otg_hcd
[    1.052012] usb usb1: SerialNumber: 3f980000.usb
[    1.055262] hub 1-0:1.0: USB hub found
[    1.057804] hub 1-0:1.0: 1 port detected
[    1.061395] usbcore: registered new interface driver uas
[    1.063857] usbcore: registered new interface driver usb-storage
[    1.066431] mousedev: PS/2 mouse device common for all mice
[    1.070297] bcm2835-wdt bcm2835-wdt: Broadcom BCM2835 watchdog timer
[    1.074829] sdhci: Secure Digital Host Controller Interface driver
[    1.077266] sdhci: Copyright(c) Pierre Ossman
[    1.080395] sdhost-bcm2835 3f202000.mmc: could not get clk, deferring probe
[    1.083152] sdhci-pltfm: SDHCI platform and OF driver helper
[    1.087818] ledtrig-cpu: registered to indicate activity on CPUs
[    1.090582] hidraw: raw HID events driver (C) Jiri Kosina
[    1.093260] usbcore: registered new interface driver usbhid
[    1.095770] usbhid: USB HID core driver
[    1.099521] vchiq: vchiq_init_state: slot_zero = (____ptrval____), is_master = 0
[    1.108369] Initializing XFRM netlink socket
[    1.110865] NET: Registered protocol family 17
[    1.113381] Key type dns_resolver registered
[    1.117174] registered taskstats version 1
[    1.119529] Loading compiled-in X.509 certificates
[    1.133846] uart-pl011 3f201000.serial: cts_event_workaround enabled
[    1.136459] 3f201000.serial: ttyAMA0 at MMIO 0x3f201000 (irq = 66, base_baud = 0) is a PL011 rev2
[    2.127119] console [ttyAMA0] enabled
[    2.135372] bcm2835-power bcm2835-power: Broadcom BCM2835 power domains driver
[    2.147343] sdhost: log_buf @ (____ptrval____) (fad07000)
[    2.204874] mmc0: sdhost-bcm2835 loaded - DMA enabled (>1)
[    2.216753] of_cfs_init
[    2.221894] of_cfs_init: OK
[    2.228106] Waiting for root device PARTUUID=4c999877-02...
[    2.249789] Indeed it is in host mode hprt0 = 00021501
[    2.311945] mmc0: host does not support reading read-only switch, assuming write-enable
[    2.343181] mmc0: new high speed SDHC card at address aaaa
[    2.353717] mmcblk0: mmc0:aaaa SC16G 14.8 GiB
[    2.366092]  mmcblk0: p1 p2
[    2.370495] random: fast init done
[    2.391181] EXT4-fs (mmcblk0p2): INFO: recovery required on readonly filesystem
[    2.401129] EXT4-fs (mmcblk0p2): write access will be enabled during recovery
[    2.465662] usb 1-1: new high-speed USB device number 2 using dwc_otg
[    2.475070] Indeed it is in host mode hprt0 = 00001101
[    2.505330] EXT4-fs (mmcblk0p2): recovery complete
[    2.517121] EXT4-fs (mmcblk0p2): mounted filesystem with ordered data mode. Opts: (null)
[    2.530260] VFS: Mounted root (ext4 filesystem) readonly on device 179:2.
[    2.552029] devtmpfs: mounted
[    2.564434] Freeing unused kernel memory: 1024K
[    2.571709] Run /sbin/init as init process
[    2.694206] usb 1-1: New USB device found, idVendor=0424, idProduct=9514, bcdDevice= 2.00
[    2.707778] usb 1-1: New USB device strings: Mfr=0, Product=0, SerialNumber=0
[    2.718754] hub 1-1:1.0: USB hub found
[    2.725527] hub 1-1:1.0: 5 ports detected
[    3.021695] usb 1-1.1: new high-speed USB device number 3 using dwc_otg
[    3.130278] usb 1-1.1: New USB device found, idVendor=0424, idProduct=ec00, bcdDevice= 2.00
[    3.144095] usb 1-1.1: New USB device strings: Mfr=0, Product=0, SerialNumber=0
[    3.157463] smsc95xx v1.0.6
[    3.232132] smsc95xx 1-1.1:1.0 eth0: register 'smsc95xx' at usb-3f980000.usb-1.1, smsc95xx USB 2.0 Ethernet, b8:27:eb:6d:27:bc
[    3.315731] systemd[1]: System time before build time, advancing clock.
[    3.504407] NET: Registered protocol family 10
[    3.513702] Segment Routing with IPv6
[    3.584057] systemd[1]: systemd 241 running in system mode. (+PAM +AUDIT +SELINUX +IMA +APPARMOR +SMACK +SYSVINIT +UTMP +LIBCRYPTSETUP +GCRYPT +GNUTLS +ACL +XZ +LZ4 +SECCOMP +
BLKID +ELFUTILS +KMOD -IDN2 +IDN -PCRE2 default-hierarchy=hybrid)
[    3.615618] systemd[1]: Detected architecture arm64.
[    3.645469] systemd[1]: Set hostname to <raspberrypi>.
[    3.694812] random: crng init done
[    3.876584] uart-pl011 3f201000.serial: no DMA platform data
[    4.681855] systemd[1]: Listening on Journal Socket (/dev/log).
[    4.695600] systemd[1]: Listening on initctl Compatibility Named Pipe.
[    4.709813] systemd[1]: Listening on udev Control Socket.
[    4.728195] systemd[1]: Created slice system-systemd\x2dfsck.slice.
[    4.741699] systemd[1]: Started Forward Password Requests to Wall Directory Watch.
[    4.760967] systemd[1]: Created slice User and Session Slice.
[    4.773313] systemd[1]: Reached target Slices.

Raspbian GNU/Linux 10 raspberrypi ttyAMA0

raspberrypi login: pi
Password: 
Last login: Fri Jul 17 13:46:27 CEST 2020 on ttyAMA0
Linux raspberrypi 4.19.118-v8+ #1311 SMP PREEMPT Mon Apr 27 14:32:38 BST 2020 aarch64

The programs included with the Debian GNU/Linux system are free software;
the exact distribution terms for each program are described in the
individual files in /usr/share/doc/*/copyright.

Debian GNU/Linux comes with ABSOLUTELY NO WARRANTY, to the extent
permitted by applicable law.

SSH is enabled and the default password for the 'pi' user has not been changed.
This is a security risk - please login as the 'pi' user and type 'passwd' to set a new password.

pi@raspberrypi:~$ 
[   33.473585] Unable to handle kernel NULL pointer dereference at virtual address 0000000000000938
[   33.484144] Mem abort info:
[   33.487810]   ESR = 0x96000007
[   33.491750]   Exception class = DABT (current EL), IL = 32 bits
[   33.498590]   SET = 0, FnV = 0
[   33.502551]   EA = 0, S1PTW = 0
[   33.506582] Data abort info:
[   33.510331]   ISV = 0, ISS = 0x00000007
[   33.515045]   CM = 0, WnR = 0
[   33.518873] user pgtable: 4k pages, 39-bit VAs, pgdp = 000000009e5fee5e
[   33.526422] [0000000000000938] pgd=0000000036d63003, pud=0000000036d63003, pmd=00000000364a0003, pte=0000000000000000
[   33.539029] Internal error: Oops: 96000007 [#1] PREEMPT SMP
[   33.545665] Modules linked in: cfg80211 rfkill 8021q garp stp llc binfmt_misc bcm2835_v4l2(C) bcm2835_codec(C) v4l2_common v4l2_mem2mem bcm2835_mmal_vchiq(C) videobuf2_vmalloc
 videobuf2_dma_contig videobuf2_memops videobuf2_v4l2 raspberrypi_hwmon hwmon videobuf2_common videodev media vc_sm_cma(C) uio_pdrv_genirq uio ip_tables x_tables ipv6
[   33.581818] Process test (pid: 498, stack limit = 0x00000000a310c351)
[   33.589598] CPU: 0 PID: 498 Comm: test Tainted: G         C        4.19.118-v8+ #1311
[   33.600002] Hardware name: Raspberry Pi 3 Model B Rev 1.2 (DT)
[   33.607167] pstate: 60000085 (nZCv daIf -PAN -UAO)
[   33.613311] pc : account_user_time+0xa8/0xe0
[   33.618916] lr : account_user_time+0xa8/0xe0
[   33.624474] sp : ffffff8008003d70
[   33.629072] x29: ffffff8008003d70 x28: 0000000000000003 
[   33.635706] x27: ffffff8008cac018 x26: 0000000000000080 
[   33.642324] x25: ffffff8008cac018 x24: ffffff8008cc86d8 
[   33.648933] x23: ffffff80081685d0 x22: ffffffc03ab7a780 
[   33.655508] x21: ffffff800a46bec0 x20: 0000000000000001 
[   33.662045] x19: 0000000000000080 x18: 0000000000000000 
[   33.668534] x17: 0000000000000000 x16: 0000000000000000 
[   33.674968] x15: 0000000000000000 x14: 0000000000000000 
[   33.681333] x13: 0000000000000000 x12: 0000000000000000 
[   33.687625] x11: 0000000000000000 x10: 0000000000000000 
[   33.693842] x9 : 0000000000000000 x8 : 0000000000000040 
[   33.699986] x7 : 0000000000000000 x6 : 000000004ab955fc 
[   33.706067] x5 : 000000016c4b7fdd x4 : 0000004031ec6000 
[   33.712106] x3 : 0000000000010000 x2 : 0000004031ec6000 
[   33.718093] x1 : ffffffc0342e9d00 x0 : 0000000000000001 
[   33.724046] Call trace:
[   33.727081]  account_user_time+0xa8/0xe0
[   33.731590]  run_local_timers+0x50/0x78
[   33.736001]  update_process_times+0x2c/0x60
[   33.740795]  tick_sched_handle.isra.5+0x44/0x68
[   33.745942]  tick_sched_timer+0x5c/0xb0
[   33.750388]  __hrtimer_run_queues+0x118/0x380
[   33.755381]  hrtimer_interrupt+0xf8/0x258
[   33.760036]  arch_timer_handler_phys+0x3c/0x50
[   33.765144]  handle_percpu_devid_irq+0xa4/0x2a0
[   33.770342]  generic_handle_irq+0x34/0x50
[   33.775023]  __handle_domain_irq+0x8c/0x100
[   33.779906]  bcm2836_arm_irqchip_handle_irq+0x68/0xd8
[   33.785706]  el0_irq_naked+0x50/0x5c
[   33.790049] Code: 8b140084 f8256864 94007a48 9400e581 (f9445e60) 
[   33.796997] ---[ end trace 7884466e7fd9926d ]---
[   33.802490] Kernel panic - not syncing: Fatal exception in interrupt
[   33.809793] SMP: stopping secondary CPUs
[   33.814660] Kernel Offset: disabled
[   33.819105] CPU features: 0x0,24002004
[   33.823812] Memory Limit: none
[   33.827805] ---[ end Kernel panic - not syncing: Fatal exception in interrupt ]---
