[    0.000000] Booting Linux on physical CPU 0x0000000000 [0x410fd034]
[    0.000000] Linux version 4.19.118-v8+ (dom@buildbot) (gcc version 5.4.0 20160609 (Ubuntu/Linaro 5.4.0-6ubuntu1~16.04.9)) #1311 SMP PREEMPT Mon Apr 27 14:32:38 BST 2020
[    0.000000] Machine model: Raspberry Pi 3 Model B Rev 1.2
[    0.000000] efi: Getting EFI parameters from FDT:
[    0.000000] efi: UEFI not found.
[    0.000000] cma: Reserved 8 MiB at 0x000000003ac00000
[    0.000000] random: get_random_bytes called from start_kernel+0xb8/0x47c with crng_init=0
[    0.000000] percpu: Embedded 24 pages/cpu s58840 r8192 d31272 u98304
[    0.000000] Detected VIPT I-cache on CPU0
[    0.000000] CPU features: enabling workaround for ARM erratum 843419
[    0.000000] CPU features: enabling workaround for ARM erratum 845719
[    0.000000] Built 1 zonelists, mobility grouping on.  Total pages: 238896
[    0.000000] Kernel command line: coherent_pool=1M 8250.nr_uarts=1 snd_bcm2835.enable_compat_alsa=0 snd_bcm2835.enable_hdmi=1 snd_bcm2835.enable_headphones=1 bcm2708_fb.fbwidth
=656 bcm2708_fb.fbheight=416 bcm2708_fb.fbswap=1 vc_mem.mem_base=0x3ec00000 vc_mem.mem_size=0x40000000  dwc_otg.lpm_enable=0 console=ttyAMA0,115200 console=tty1 root=PARTUUID=4c9
99877-02 rootfstype=ext4 elevator=deadline fsck.repair=yes rootwait
[    0.000000] Dentry cache hash table entries: 131072 (order: 8, 1048576 bytes)
[    0.000000] Inode-cache hash table entries: 65536 (order: 7, 524288 bytes)
[    0.000000] Memory: 929096K/970752K available (8700K kernel code, 1074K rwdata, 2760K rodata, 1024K init, 1126K bss, 33464K reserved, 8192K cma-reserved)
[    0.000000] SLUB: HWalign=64, Order=0-3, MinObjects=0, CPUs=4, Nodes=1
[    0.000000] ftrace: allocating 30496 entries in 120 pages
[    0.000000] rcu: Preemptible hierarchical RCU implementation.
[    0.000000] rcu:     RCU restricting CPUs from NR_CPUS=64 to nr_cpu_ids=4.
[    0.000000]  Tasks RCU enabled.
[    0.000000] rcu: Adjusting geometry for rcu_fanout_leaf=16, nr_cpu_ids=4
[    0.000000] NR_IRQS: 64, nr_irqs: 64, preallocated irqs: 0
[    0.000000] arch_timer: cp15 timer(s) running at 19.20MHz (phys).
[    0.000000] clocksource: arch_sys_counter: mask: 0xffffffffffffff max_cycles: 0x46d987e47, max_idle_ns: 440795202767 ns
[    0.000007] sched_clock: 56 bits at 19MHz, resolution 52ns, wraps every 4398046511078ns
[    0.000270] Console: colour dummy device 80x25
[    0.000935] console [tty1] enabled
[    0.001006] Calibrating delay loop (skipped), value calculated using timer frequency.. 38.40 BogoMIPS (lpj=76800)
[    0.001058] pid_max: default: 32768 minimum: 301
[    0.001489] Mount-cache hash table entries: 2048 (order: 2, 16384 bytes)
[    0.001544] Mountpoint-cache hash table entries: 2048 (order: 2, 16384 bytes)
[    0.024101] ASID allocator initialised with 32768 entries
[    0.032100] rcu: Hierarchical SRCU implementation.
[    0.040728] EFI services will not be available.
[    0.048178] smp: Bringing up secondary CPUs ...
[    0.080445] Detected VIPT I-cache on CPU1
[    0.080514] CPU1: Booted secondary processor 0x0000000001 [0x410fd034]
[    0.112572] Detected VIPT I-cache on CPU2
[    0.112621] CPU2: Booted secondary processor 0x0000000002 [0x410fd034]
[    0.144737] Detected VIPT I-cache on CPU3
[    0.144783] CPU3: Booted secondary processor 0x0000000003 [0x410fd034]
[    0.144968] smp: Brought up 1 node, 4 CPUs
[    0.145123] SMP: Total of 4 processors activated.
[    0.145157] CPU features: detected: 32-bit EL0 Support
[    0.146132] CPU: All CPU(s) started at EL2
[    0.146207] alternatives: patching kernel code
[    0.147835] devtmpfs: initialized
[    0.164009] Enabled cp15_barrier support
[    0.164076] Enabled setend support
[    0.164621] clocksource: jiffies: mask: 0xffffffff max_cycles: 0xffffffff, max_idle_ns: 7645041785100000 ns
[    0.164683] futex hash table entries: 1024 (order: 4, 65536 bytes)
[    0.165442] pinctrl core: initialized pinctrl subsystem
[    0.166333] DMI not present or invalid.
[    0.166897] NET: Registered protocol family 16
[    0.173347] cpuidle: using governor menu
[    0.173957] hw-breakpoint: found 6 breakpoint and 4 watchpoint registers.
[    0.178514] DMA: preallocated 1024 KiB pool for atomic allocations
[    0.178694] Serial: AMBA PL011 UART driver
[    0.183285] bcm2835-mbox 3f00b880.mailbox: mailbox enabled
[    0.192947] raspberrypi-firmware soc:firmware: Attached to firmware from 2020-04-15 11:43, variant start
[    0.196965] raspberrypi-firmware soc:firmware: Firmware hash is 82f9bb929ce2186eb1824178c1ae82902ad6275c
[    0.249904] bcm2835-dma 3f007000.dma: DMA legacy API manager at (____ptrval____), dmachans=0x1
[    0.253250] vgaarb: loaded
[    0.253756] SCSI subsystem initialized
[    0.254053] usbcore: registered new interface driver usbfs
[    0.254158] usbcore: registered new interface driver hub
[    0.254321] usbcore: registered new device driver usb
[    0.254500] pps_core: LinuxPPS API ver. 1 registered
[    0.254533] pps_core: Software ver. 5.3.6 - Copyright 2005-2007 Rodolfo Giometti <giometti@linux.it>
[    0.254594] PTP clock support registered
[    0.256407] clocksource: Switched to clocksource arch_sys_counter
[    0.381714] VFS: Disk quotas dquot_6.6.0
[    0.381853] VFS: Dquot-cache hash table entries: 512 (order 0, 4096 bytes)
[    0.382136] FS-Cache: Loaded
[    0.382420] CacheFiles: Loaded
[    0.394501] NET: Registered protocol family 2
[    0.395465] tcp_listen_portaddr_hash hash table entries: 512 (order: 1, 8192 bytes)
[    0.395540] TCP established hash table entries: 8192 (order: 4, 65536 bytes)
[    0.395684] TCP bind hash table entries: 8192 (order: 5, 131072 bytes)
[    0.395911] TCP: Hash tables configured (established 8192 bind 8192)
[    0.396190] UDP hash table entries: 512 (order: 2, 16384 bytes)
[    0.396268] UDP-Lite hash table entries: 512 (order: 2, 16384 bytes)
[    0.396703] NET: Registered protocol family 1
[    0.397710] RPC: Registered named UNIX socket transport module.
[    0.397747] RPC: Registered udp transport module.
[    0.397777] RPC: Registered tcp transport module.
[    0.397807] RPC: Registered tcp NFSv4.1 backchannel transport module.
[    0.400477] hw perfevents: enabled with armv8_cortex_a53 PMU driver, 7 counters available
[    0.400681] kvm [1]: 8-bit VMID
[    0.401524] kvm [1]: Hyp mode initialized successfully
[    0.406412] Initialise system trusted keyrings
[    0.406780] workingset: timestamp_bits=46 max_order=18 bucket_order=0
[    0.418990] FS-Cache: Netfs 'nfs' registered for caching
[    0.420048] NFS: Registering the id_resolver key type
[    0.420113] Key type id_resolver registered
[    0.420144] Key type id_legacy registered
[    0.420186] nfs4filelayout_init: NFSv4 File Layout Driver Registering...
[    0.427965] Key type asymmetric registered
[    0.428014] Asymmetric key parser 'x509' registered
[    0.428112] Block layer SCSI generic (bsg) driver version 0.4 loaded (major 248)
[    0.428455] io scheduler noop registered
[    0.428490] io scheduler deadline registered (default)
[    0.428785] io scheduler cfq registered
[    0.428819] io scheduler mq-deadline registered (default)
[    0.428853] io scheduler kyber registered
[    0.434739] bcm2708_fb soc:fb: FB found 1 display(s)
[    0.444226] Console: switching to colour frame buffer device 82x26
[    0.449086] bcm2708_fb soc:fb: Registered framebuffer for display 0, size 656x416
[    0.456484] Serial: 8250/16550 driver, 1 ports, IRQ sharing enabled
[    0.461050] bcm2835-rng 3f104000.rng: hwrng registered
[    0.463995] vc-mem: phys_addr:0x00000000 mem_base=0x3ec00000 mem_size:0x40000000(1024 MiB)
[    0.469838] gpiomem-bcm2835 3f200000.gpiomem: Initialised: Registers at 0x3f200000
[    0.475373] cacheinfo: Unable to detect cache hierarchy for CPU 0
[    0.493646] brd: module loaded
[    0.511698] loop: module loaded
[    0.515429] Loading iSCSI transport class v2.0-870.
[    0.520800] libphy: Fixed MDIO Bus: probed
[    0.523729] usbcore: registered new interface driver r8152
[    0.526394] usbcore: registered new interface driver lan78xx
[    0.529009] usbcore: registered new interface driver smsc95xx
[    0.531877] dwc_otg: version 3.00a 10-AUG-2012 (platform bus)
[    0.562422] dwc_otg 3f980000.usb: base=(____ptrval____)
[    0.778544] Core Release: 2.80a
[    0.781065] Setting default values for core params
[    0.783579] Finished setting default values for core params
[    0.999054] Using Buffer DMA mode
[    1.001463] Periodic Transfer Interrupt Enhancement - disabled
[    1.003891] Multiprocessor Interrupt Enhancement - disabled
[    1.006329] OTG VER PARAM: 0, OTG VER FLAG: 0
[    1.008703] Dedicated Tx FIFOs mode
[    1.011807] WARN::dwc_otg_hcd_init:1074: FIQ DMA bounce buffers: virt = ffffff80090c1000 dma = 0x00000000fad04000 len=9024
[    1.016355] FIQ FSM acceleration enabled for :
[    1.016355] Non-periodic Split Transactions
[    1.016355] Periodic Split Transactions
[    1.016355] High-Speed Isochronous Endpoints
[    1.016355] Interrupt/Control Split Transaction hack enabled
[    1.027293] WARN::hcd_init_fiq:497: MPHI regs_base at ffffff8008065000
[    1.029610] dwc_otg 3f980000.usb: DWC OTG Controller
[    1.031930] dwc_otg 3f980000.usb: new USB bus registered, assigned bus number 1
[    1.034422] dwc_otg 3f980000.usb: irq 9, io mem 0x00000000
[    1.036858] Init: Port Power? op_state=1
[    1.039188] Init: Power Port (0)
[    1.041860] usb usb1: New USB device found, idVendor=1d6b, idProduct=0002, bcdDevice= 4.19
[    1.046617] usb usb1: New USB device strings: Mfr=3, Product=2, SerialNumber=1
[    1.049233] usb usb1: Product: DWC OTG Controller
[    1.051710] usb usb1: Manufacturer: Linux 4.19.118-v8+ dwc_otg_hcd
[    1.054242] usb usb1: SerialNumber: 3f980000.usb
[    1.057529] hub 1-0:1.0: USB hub found
[    1.060036] hub 1-0:1.0: 1 port detected
[    1.063691] usbcore: registered new interface driver uas
[    1.066154] usbcore: registered new interface driver usb-storage
[    1.068710] mousedev: PS/2 mouse device common for all mice
[    1.072596] bcm2835-wdt bcm2835-wdt: Broadcom BCM2835 watchdog timer
[    1.077187] sdhci: Secure Digital Host Controller Interface driver
[    1.079628] sdhci: Copyright(c) Pierre Ossman
[    1.082759] sdhost-bcm2835 3f202000.mmc: could not get clk, deferring probe
[    1.085520] sdhci-pltfm: SDHCI platform and OF driver helper
[    1.090176] ledtrig-cpu: registered to indicate activity on CPUs
[    1.092924] hidraw: raw HID events driver (C) Jiri Kosina
[    1.095592] usbcore: registered new interface driver usbhid
[    1.098100] usbhid: USB HID core driver
[    1.101824] vchiq: vchiq_init_state: slot_zero = (____ptrval____), is_master = 0
[    1.110626] Initializing XFRM netlink socket
[    1.113136] NET: Registered protocol family 17
[    1.115659] Key type dns_resolver registered
[    1.119429] registered taskstats version 1
[    1.121786] Loading compiled-in X.509 certificates
[    1.136091] uart-pl011 3f201000.serial: cts_event_workaround enabled
[    1.138744] 3f201000.serial: ttyAMA0 at MMIO 0x3f201000 (irq = 66, base_baud = 0) is a PL011 rev2
[    2.129325] console [ttyAMA0] enabled
[    2.137570] bcm2835-power bcm2835-power: Broadcom BCM2835 power domains driver
[    2.149319] sdhost: log_buf @ (____ptrval____) (fad07000)
[    2.206702] mmc0: sdhost-bcm2835 loaded - DMA enabled (>1)
[    2.218615] of_cfs_init
[    2.223760] of_cfs_init: OK
[    2.229995] Waiting for root device PARTUUID=4c999877-02...
[    2.252618] Indeed it is in host mode hprt0 = 00021501
[    2.314678] mmc0: host does not support reading read-only switch, assuming write-enable
[    2.345978] mmc0: new high speed SDHC card at address aaaa
[    2.356261] mmcblk0: mmc0:aaaa SC16G 14.8 GiB
[    2.373076]  mmcblk0: p1 p2
[    2.373428] random: fast init done
[    2.405373] EXT4-fs (mmcblk0p2): INFO: recovery required on readonly filesystem
[    2.415533] EXT4-fs (mmcblk0p2): write access will be enabled during recovery
[    2.472495] usb 1-1: new high-speed USB device number 2 using dwc_otg
[    2.481864] Indeed it is in host mode hprt0 = 00001101
[    2.541597] EXT4-fs (mmcblk0p2): recovery complete
[    2.553202] EXT4-fs (mmcblk0p2): mounted filesystem with ordered data mode. Opts: (null)
[    2.566355] VFS: Mounted root (ext4 filesystem) readonly on device 179:2.
[    2.588529] devtmpfs: mounted
[    2.601092] Freeing unused kernel memory: 1024K
[    2.608425] Run /sbin/init as init process
[    2.701057] usb 1-1: New USB device found, idVendor=0424, idProduct=9514, bcdDevice= 2.00
[    2.714611] usb 1-1: New USB device strings: Mfr=0, Product=0, SerialNumber=0
[    2.725555] hub 1-1:1.0: USB hub found
[    2.732360] hub 1-1:1.0: 5 ports detected
[    3.028561] usb 1-1.1: new high-speed USB device number 3 using dwc_otg
[    3.136984] usb 1-1.1: New USB device found, idVendor=0424, idProduct=ec00, bcdDevice= 2.00
[    3.150804] usb 1-1.1: New USB device strings: Mfr=0, Product=0, SerialNumber=0
[    3.164165] smsc95xx v1.0.6
[    3.239008] smsc95xx 1-1.1:1.0 eth0: register 'smsc95xx' at usb-3f980000.usb-1.1, smsc95xx USB 2.0 Ethernet, b8:27:eb:6d:27:bc
[    3.359349] systemd[1]: System time before build time, advancing clock.
[    3.545981] NET: Registered protocol family 10
[    3.555228] Segment Routing with IPv6
[    3.625162] systemd[1]: systemd 241 running in system mode. (+PAM +AUDIT +SELINUX +IMA +APPARMOR +SMACK +SYSVINIT +UTMP +LIBCRYPTSETUP +GCRYPT +GNUTLS +ACL +XZ +LZ4 +SECCOMP +
BLKID +ELFUTILS +KMOD -IDN2 +IDN -PCRE2 default-hierarchy=hybrid)
[    3.656813] systemd[1]: Detected architecture arm64.
[    3.686538] systemd[1]: Set hostname to <raspberrypi>.
[    3.728730] random: crng init done
[    3.861972] uart-pl011 3f201000.serial: no DMA platform data
[    4.731743] systemd[1]: Started Forward Password Requests to Wall Directory Watch.
[    4.755846] systemd[1]: Created slice system-serial\x2dgetty.slice.
[    4.769936] systemd[1]: Listening on Syslog Socket.
[    4.782103] systemd[1]: Started Dispatch Password Requests to Console Directory Watch.
[    4.799520] systemd[1]: Reached target Paths.
[    4.812555] systemd[1]: Created slice system-getty.slice.
[    4.825145] systemd[1]: Listening on udev Kernel Socket.

Raspbian GNU/Linux 10 raspberrypi ttyAMA0

raspberrypi login: [   29.916386] ------------[ cut here ]------------
[   29.921916] DEBUG_LOCKS_WARN_ON((val < PREEMPT_MASK) && !(preempt_count() & PREEMPT_MASK))
[   29.921941] WARNING: CPU: 0 PID: 497 at kernel/sched/core.c:3266 preempt_count_sub+0xc4/0xd0
[   29.942587] Modules linked in: cfg80211 rfkill 8021q garp stp llc binfmt_misc bcm2835_v4l2(C) bcm2835_codec(C) v4l2_mem2mem v4l2_common raspberrypi_hwmon bcm2835_mmal_vchiq(C)
 videobuf2_dma_contig videobuf2_vmalloc hwmon videobuf2_memops videobuf2_v4l2 videobuf2_common videodev vc_sm_cma(C) media uio_pdrv_genirq uio ip_tables x_tables ipv6
[   29.978673] CPU: 0 PID: 497 Comm: test Tainted: G         C        4.19.118-v8+ #1311
[   29.989108] Hardware name: Raspberry Pi 3 Model B Rev 1.2 (DT)
[   29.996326] pstate: 60000085 (nZCv daIf -PAN -UAO)
[   30.002517] pc : preempt_count_sub+0xc4/0xd0
[   30.008204] lr : preempt_count_sub+0xc4/0xd0
[   30.013865] sp : ffffff8008003da0
[   30.018548] x29: ffffff8008003da0 x28: 0000000000000001 
[   30.025255] x27: ffffff8008cac018 x26: 0000000000000080 
[   30.031943] x25: ffffff8008cac018 x24: ffffff8008cc86d8 
[   30.038615] x23: ffffff80081685d0 x22: 0000000000003968 
[   30.045247] x21: 00000006e9079127 x20: ffffff8008df98c0 
[   30.051839] x19: 0000000000000001 x18: ffffff8009909dd8 
[   30.058375] x17: 0000000000000000 x16: 0000000000000000 
[   30.064855] x15: 0000000000000a40 x14: 5f54504d45455250 
[   30.071274] x13: 2026202928746e75 x12: 6f635f74706d6565 
[   30.077657] x11: 7270282120262620 x10: 294b53414d5f5450 
[   30.083998] x9 : 4d45455250203c20 x8 : 6c617628284e4f5f 
[   30.090295] x7 : 4e5241575f534b43 x6 : ffffff8008dd6176 
[   30.096551] x5 : 0000000000000015 x4 : 0000000000000000 
[   30.102766] x3 : 0000000000000000 x2 : 0000004031ec6000 
[   30.108934] x1 : 5c12174d01c22c00 x0 : 0000000000000000 
[   30.115068] Call trace:
[   30.118283]  preempt_count_sub+0xc4/0xd0
[   30.122978]  _raw_spin_unlock_irqrestore+0x38/0x88
[   30.128544]  tick_sched_timer+0x3c/0xb0
[   30.133177]  __hrtimer_run_queues+0x118/0x380
[   30.138338]  hrtimer_interrupt+0xf8/0x258
[   30.143155]  arch_timer_handler_phys+0x3c/0x50
[   30.148436]  handle_percpu_devid_irq+0xa4/0x2a0
[   30.153810]  generic_handle_irq+0x34/0x50
[   30.158669]  __handle_domain_irq+0x8c/0x100
[   30.163701]  bcm2836_arm_irqchip_handle_irq+0x68/0xd8
[   30.169629]  el0_irq_naked+0x50/0x5c
[   30.174083] ---[ end trace e3127a43c9853794 ]---
[   30.179614] Unable to handle kernel paging request at virtual address 00000006e907922f
[   30.189433] Mem abort info:
[   30.193170]   ESR = 0x96000005
[   30.197158]   Exception class = DABT (current EL), IL = 32 bits
[   30.204055]   SET = 0, FnV = 0
[   30.208086]   EA = 0, S1PTW = 0
[   30.212197] Data abort info:
[   30.216019]   ISV = 0, ISS = 0x00000005
[   30.220805]   CM = 0, WnR = 0
[   30.224705] [00000006e907922f] address between user and kernel address ranges
[   30.232851] Internal error: Oops: 96000005 [#1] PREEMPT SMP
[   30.239443] Modules linked in: cfg80211 rfkill 8021q garp stp llc binfmt_misc bcm2835_v4l2(C) bcm2835_codec(C) v4l2_mem2mem v4l2_common raspberrypi_hwmon bcm2835_mmal_vchiq(C)
 videobuf2_dma_contig videobuf2_vmalloc hwmon videobuf2_memops videobuf2_v4l2 videobuf2_common videodev vc_sm_cma(C) media uio_pdrv_genirq uio ip_tables x_tables ipv6
[   30.275336] Process test (pid: 497, stack limit = 0x000000003ce3ad7b)
[   30.283055] CPU: 0 PID: 497 Comm: test Tainted: G        WC        4.19.118-v8+ #1311
[   30.293447] Hardware name: Raspberry Pi 3 Model B Rev 1.2 (DT)
[   30.300592] pstate: 80000085 (Nzcv daIf -PAN -UAO)
[   30.306657] pc : tick_sched_handle.isra.5+0x34/0x68
[   30.312826] lr : tick_sched_timer+0x5c/0xb0
[   30.318294] sp : ffffff8008003dc0
[   30.322868] x29: ffffff8008003dc0 x28: 0000000000000001 
[   30.329446] x27: ffffff8008cac018 x26: 0000000000000080 
[   30.336015] x25: ffffff8008cac018 x24: ffffff8008cc86d8 
[   30.342585] x23: ffffff80081685d0 x22: 0000000000003968 
[   30.349154] x21: 00000006e9079127 x20: 00000006e907922f 
[   30.355720] x19: ffffffc03ab7ac78 x18: ffffff8009909dd8 
[   30.362267] x17: 0000000000000000 x16: 0000000000000000 
[   30.368783] x15: 0000000000000a40 x14: 5f54504d45455250 
[   30.375250] x13: 2026202928746e75 x12: 6f635f74706d6565 
[   30.381675] x11: 7270282120262620 x10: 294b53414d5f5450 
[   30.388058] x9 : 4d45455250203c20 x8 : 6c617628284e4f5f 
[   30.394403] x7 : 4e5241575f534b43 x6 : ffffff8008dd6176 
[   30.400703] x5 : 0000000000000015 x4 : 0000004031ec6000 
[   30.406972] x3 : 0000000000010000 x2 : ffffff8008cc8000 
[   30.413194] x1 : 00000006e907922f x0 : 0000000000000010 
[   30.419382] Call trace:
[   30.422653]  tick_sched_handle.isra.5+0x34/0x68
[   30.428019]  tick_sched_timer+0x5c/0xb0
[   30.432667]  __hrtimer_run_queues+0x118/0x380
[   30.437847]  hrtimer_interrupt+0xf8/0x258
[   30.442681]  arch_timer_handler_phys+0x3c/0x50
[   30.447961]  handle_percpu_devid_irq+0xa4/0x2a0
[   30.453342]  generic_handle_irq+0x34/0x50
[   30.458211]  __handle_domain_irq+0x8c/0x100
[   30.463264]  bcm2836_arm_irqchip_handle_irq+0x68/0xd8
[   30.469209]  el0_irq_naked+0x50/0x5c
[   30.473663] Code: d5384100 b9402c00 37080160 f9002e7f (f9400280) 
[   30.480686] ---[ end trace e3127a43c9853795 ]---
[   30.486244] Kernel panic - not syncing: Fatal exception in interrupt
[   30.493584] SMP: stopping secondary CPUs
[   30.498481] Kernel Offset: disabled
[   30.502927] CPU features: 0x0,24002004
[   30.507632] Memory Limit: none
[   30.511629] ---[ end Kernel panic - not syncing: Fatal exception in interrupt ]---
