[    0.000000] Booting Linux on physical CPU 0x0000000000 [0x410fd034]
[    0.000000] Linux version 4.19.118-v8+ (dom@buildbot) (gcc version 5.4.0 20160609 (Ubuntu/Linaro 5.4.0-6ubuntu1~16.04.9)) #1311 SMP PREEMPT Mon Apr 27 14:32:38 BST 2020
[    0.000000] Machine model: Raspberry Pi 3 Model B Rev 1.2
[    0.000000] efi: Getting EFI parameters from FDT:
[    0.000000] efi: UEFI not found.
[    0.000000] cma: Reserved 8 MiB at 0x000000003ac00000
[    0.000000] random: get_random_bytes called from start_kernel+0xb8/0x47c with crng_init=0
[    0.000000] percpu: Embedded 24 pages/cpu s58840 r8192 d31272 u98304
[    0.000000] Detected VIPT I-cache on CPU0
[    0.000000] CPU features: enabling workaround for ARM erratum 843419
[    0.000000] CPU features: enabling workaround for ARM erratum 845719
[    0.000000] Built 1 zonelists, mobility grouping on.  Total pages: 238896
[    0.000000] Kernel command line: coherent_pool=1M 8250.nr_uarts=1 snd_bcm2835.enable_compat_alsa=0 snd_bcm2835.enable_hdmi=1 snd_bcm2835.enable_headphones=1 bcm2708_fb.fbwidth
=656 bcm2708_fb.fbheight=416 bcm2708_fb.fbswap=1 vc_mem.mem_base=0x3ec00000 vc_mem.mem_size=0x40000000  dwc_otg.lpm_enable=0 console=ttyAMA0,115200 console=tty1 root=PARTUUID=4c9
99877-02 rootfstype=ext4 elevator=deadline fsck.repair=yes rootwait
[    0.000000] Dentry cache hash table entries: 131072 (order: 8, 1048576 bytes)
[    0.000000] Inode-cache hash table entries: 65536 (order: 7, 524288 bytes)
[    0.000000] Memory: 929096K/970752K available (8700K kernel code, 1074K rwdata, 2760K rodata, 1024K init, 1126K bss, 33464K reserved, 8192K cma-reserved)
[    0.000000] SLUB: HWalign=64, Order=0-3, MinObjects=0, CPUs=4, Nodes=1
[    0.000000] ftrace: allocating 30496 entries in 120 pages
[    0.000000] rcu: Preemptible hierarchical RCU implementation.
[    0.000000] rcu:     RCU restricting CPUs from NR_CPUS=64 to nr_cpu_ids=4.
[    0.000000]  Tasks RCU enabled.
[    0.000000] rcu: Adjusting geometry for rcu_fanout_leaf=16, nr_cpu_ids=4
[    0.000000] NR_IRQS: 64, nr_irqs: 64, preallocated irqs: 0
[    0.000000] arch_timer: cp15 timer(s) running at 19.20MHz (phys).
[    0.000000] clocksource: arch_sys_counter: mask: 0xffffffffffffff max_cycles: 0x46d987e47, max_idle_ns: 440795202767 ns
[    0.000007] sched_clock: 56 bits at 19MHz, resolution 52ns, wraps every 4398046511078ns
[    0.000271] Console: colour dummy device 80x25
[    0.000935] console [tty1] enabled
[    0.001005] Calibrating delay loop (skipped), value calculated using timer frequency.. 38.40 BogoMIPS (lpj=76800)
[    0.001058] pid_max: default: 32768 minimum: 301
[    0.001492] Mount-cache hash table entries: 2048 (order: 2, 16384 bytes)
[    0.001549] Mountpoint-cache hash table entries: 2048 (order: 2, 16384 bytes)
[    0.024104] ASID allocator initialised with 32768 entries
[    0.032101] rcu: Hierarchical SRCU implementation.
[    0.040744] EFI services will not be available.
[    0.048178] smp: Bringing up secondary CPUs ...
[    0.080444] Detected VIPT I-cache on CPU1
[    0.080514] CPU1: Booted secondary processor 0x0000000001 [0x410fd034]
[    0.112570] Detected VIPT I-cache on CPU2
[    0.112619] CPU2: Booted secondary processor 0x0000000002 [0x410fd034]
[    0.144737] Detected VIPT I-cache on CPU3
[    0.144783] CPU3: Booted secondary processor 0x0000000003 [0x410fd034]
[    0.144969] smp: Brought up 1 node, 4 CPUs
[    0.145123] SMP: Total of 4 processors activated.
[    0.145158] CPU features: detected: 32-bit EL0 Support
[    0.146130] CPU: All CPU(s) started at EL2
[    0.146205] alternatives: patching kernel code
[    0.147823] devtmpfs: initialized
[    0.164011] Enabled cp15_barrier support
[    0.164078] Enabled setend support
[    0.164618] clocksource: jiffies: mask: 0xffffffff max_cycles: 0xffffffff, max_idle_ns: 7645041785100000 ns
[    0.164679] futex hash table entries: 1024 (order: 4, 65536 bytes)
[    0.165431] pinctrl core: initialized pinctrl subsystem
[    0.166325] DMI not present or invalid.
[    0.166891] NET: Registered protocol family 16
[    0.173352] cpuidle: using governor menu
[    0.173960] hw-breakpoint: found 6 breakpoint and 4 watchpoint registers.
[    0.178568] DMA: preallocated 1024 KiB pool for atomic allocations
[    0.178747] Serial: AMBA PL011 UART driver
[    0.183336] bcm2835-mbox 3f00b880.mailbox: mailbox enabled
[    0.192943] raspberrypi-firmware soc:firmware: Attached to firmware from 2020-04-15 11:43, variant start
[    0.196961] raspberrypi-firmware soc:firmware: Firmware hash is 82f9bb929ce2186eb1824178c1ae82902ad6275c
[    0.249897] bcm2835-dma 3f007000.dma: DMA legacy API manager at (____ptrval____), dmachans=0x1
[    0.253240] vgaarb: loaded
[    0.253743] SCSI subsystem initialized
[    0.254042] usbcore: registered new interface driver usbfs
[    0.254147] usbcore: registered new interface driver hub
[    0.254310] usbcore: registered new device driver usb
[    0.254487] pps_core: LinuxPPS API ver. 1 registered
[    0.254521] pps_core: Software ver. 5.3.6 - Copyright 2005-2007 Rodolfo Giometti <giometti@linux.it>
[    0.254581] PTP clock support registered
[    0.256424] clocksource: Switched to clocksource arch_sys_counter
[    0.381552] VFS: Disk quotas dquot_6.6.0
[    0.381691] VFS: Dquot-cache hash table entries: 512 (order 0, 4096 bytes)
[    0.381973] FS-Cache: Loaded
[    0.382251] CacheFiles: Loaded
[    0.394411] NET: Registered protocol family 2
[    0.395377] tcp_listen_portaddr_hash hash table entries: 512 (order: 1, 8192 bytes)
[    0.395454] TCP established hash table entries: 8192 (order: 4, 65536 bytes)
[    0.395598] TCP bind hash table entries: 8192 (order: 5, 131072 bytes)
[    0.395826] TCP: Hash tables configured (established 8192 bind 8192)
[    0.396111] UDP hash table entries: 512 (order: 2, 16384 bytes)
[    0.396187] UDP-Lite hash table entries: 512 (order: 2, 16384 bytes)
[    0.396621] NET: Registered protocol family 1
[    0.397658] RPC: Registered named UNIX socket transport module.
[    0.397774] RPC: Registered udp transport module.
[    0.397807] RPC: Registered tcp transport module.
[    0.397837] RPC: Registered tcp NFSv4.1 backchannel transport module.
[    0.400602] hw perfevents: enabled with armv8_cortex_a53 PMU driver, 7 counters available
[    0.400817] kvm [1]: 8-bit VMID
[    0.401637] kvm [1]: Hyp mode initialized successfully
[    0.406474] Initialise system trusted keyrings
[    0.406838] workingset: timestamp_bits=46 max_order=18 bucket_order=0
[    0.419185] FS-Cache: Netfs 'nfs' registered for caching
[    0.420266] NFS: Registering the id_resolver key type
[    0.420339] Key type id_resolver registered
[    0.420370] Key type id_legacy registered
[    0.420519] nfs4filelayout_init: NFSv4 File Layout Driver Registering...
[    0.428379] Key type asymmetric registered
[    0.428473] Asymmetric key parser 'x509' registered
[    0.428578] Block layer SCSI generic (bsg) driver version 0.4 loaded (major 248)
[    0.428876] io scheduler noop registered
[    0.428910] io scheduler deadline registered (default)
[    0.429182] io scheduler cfq registered
[    0.429216] io scheduler mq-deadline registered (default)
[    0.429249] io scheduler kyber registered
[    0.434642] bcm2708_fb soc:fb: FB found 1 display(s)
[    0.444147] Console: switching to colour frame buffer device 82x26
[    0.449065] bcm2708_fb soc:fb: Registered framebuffer for display 0, size 656x416
[    0.456513] Serial: 8250/16550 driver, 1 ports, IRQ sharing enabled
[    0.461056] bcm2835-rng 3f104000.rng: hwrng registered
[    0.464002] vc-mem: phys_addr:0x00000000 mem_base=0x3ec00000 mem_size:0x40000000(1024 MiB)
[    0.469876] gpiomem-bcm2835 3f200000.gpiomem: Initialised: Registers at 0x3f200000
[    0.475406] cacheinfo: Unable to detect cache hierarchy for CPU 0
[    0.493633] brd: module loaded
[    0.511730] loop: module loaded
[    0.515484] Loading iSCSI transport class v2.0-870.
[    0.520831] libphy: Fixed MDIO Bus: probed
[    0.523761] usbcore: registered new interface driver r8152
[    0.526433] usbcore: registered new interface driver lan78xx
[    0.529056] usbcore: registered new interface driver smsc95xx
[    0.531906] dwc_otg: version 3.00a 10-AUG-2012 (platform bus)
[    0.562423] dwc_otg 3f980000.usb: base=(____ptrval____)
[    0.778244] Core Release: 2.80a
[    0.780766] Setting default values for core params
[    0.783279] Finished setting default values for core params
[    0.998995] Using Buffer DMA mode
[    1.001402] Periodic Transfer Interrupt Enhancement - disabled
[    1.003824] Multiprocessor Interrupt Enhancement - disabled
[    1.006258] OTG VER PARAM: 0, OTG VER FLAG: 0
[    1.008633] Dedicated Tx FIFOs mode
[    1.011657] WARN::dwc_otg_hcd_init:1074: FIQ DMA bounce buffers: virt = ffffff80090c1000 dma = 0x00000000fad04000 len=9024
[    1.016190] FIQ FSM acceleration enabled for :
[    1.016190] Non-periodic Split Transactions
[    1.016190] Periodic Split Transactions
[    1.016190] High-Speed Isochronous Endpoints
[    1.016190] Interrupt/Control Split Transaction hack enabled
[    1.027125] WARN::hcd_init_fiq:497: MPHI regs_base at ffffff8008065000
[    1.029442] dwc_otg 3f980000.usb: DWC OTG Controller
[    1.031784] dwc_otg 3f980000.usb: new USB bus registered, assigned bus number 1
[    1.034275] dwc_otg 3f980000.usb: irq 9, io mem 0x00000000
[    1.036715] Init: Port Power? op_state=1
[    1.039047] Init: Power Port (0)
[    1.041726] usb usb1: New USB device found, idVendor=1d6b, idProduct=0002, bcdDevice= 4.19
[    1.046488] usb usb1: New USB device strings: Mfr=3, Product=2, SerialNumber=1
[    1.049108] usb usb1: Product: DWC OTG Controller
[    1.051586] usb usb1: Manufacturer: Linux 4.19.118-v8+ dwc_otg_hcd
[    1.054118] usb usb1: SerialNumber: 3f980000.usb
[    1.057419] hub 1-0:1.0: USB hub found
[    1.059914] hub 1-0:1.0: 1 port detected
[    1.063516] usbcore: registered new interface driver uas
[    1.065975] usbcore: registered new interface driver usb-storage
[    1.068563] mousedev: PS/2 mouse device common for all mice
[    1.072384] bcm2835-wdt bcm2835-wdt: Broadcom BCM2835 watchdog timer
[    1.077008] sdhci: Secure Digital Host Controller Interface driver
[    1.079444] sdhci: Copyright(c) Pierre Ossman
[    1.082556] sdhost-bcm2835 3f202000.mmc: could not get clk, deferring probe
[    1.085313] sdhci-pltfm: SDHCI platform and OF driver helper
[    1.089962] ledtrig-cpu: registered to indicate activity on CPUs
[    1.092699] hidraw: raw HID events driver (C) Jiri Kosina
[    1.095380] usbcore: registered new interface driver usbhid
[    1.097876] usbhid: USB HID core driver
[    1.101607] vchiq: vchiq_init_state: slot_zero = (____ptrval____), is_master = 0
[    1.110412] Initializing XFRM netlink socket
[    1.112917] NET: Registered protocol family 17
[    1.115429] Key type dns_resolver registered
[    1.119199] registered taskstats version 1
[    1.121556] Loading compiled-in X.509 certificates
[    1.135873] uart-pl011 3f201000.serial: cts_event_workaround enabled
[    1.138534] 3f201000.serial: ttyAMA0 at MMIO 0x3f201000 (irq = 66, base_baud = 0) is a PL011 rev2
[    2.129183] console [ttyAMA0] enabled
[    2.137548] bcm2835-power bcm2835-power: Broadcom BCM2835 power domains driver
[    2.149506] sdhost: log_buf @ (____ptrval____) (fad07000)
[    2.206918] mmc0: sdhost-bcm2835 loaded - DMA enabled (>1)
[    2.218952] of_cfs_init
[    2.224102] of_cfs_init: OK
[    2.230189] Waiting for root device PARTUUID=4c999877-02...
[    2.252618] Indeed it is in host mode hprt0 = 00021501
[    2.314760] mmc0: host does not support reading read-only switch, assuming write-enable
[    2.346012] mmc0: new high speed SDHC card at address aaaa
[    2.356479] mmcblk0: mmc0:aaaa SC16G 14.8 GiB
[    2.369135]  mmcblk0: p1 p2
[    2.375707] random: fast init done
[    2.390849] EXT4-fs (mmcblk0p2): INFO: recovery required on readonly filesystem
[    2.400792] EXT4-fs (mmcblk0p2): write access will be enabled during recovery
[    2.468536] usb 1-1: new high-speed USB device number 2 using dwc_otg
[    2.477930] Indeed it is in host mode hprt0 = 00001101
[    2.517710] EXT4-fs (mmcblk0p2): recovery complete
[    2.529282] EXT4-fs (mmcblk0p2): mounted filesystem with ordered data mode. Opts: (null)
[    2.542433] VFS: Mounted root (ext4 filesystem) readonly on device 179:2.
[    2.564654] devtmpfs: mounted
[    2.577069] Freeing unused kernel memory: 1024K
[    2.584330] Run /sbin/init as init process
[    2.697024] usb 1-1: New USB device found, idVendor=0424, idProduct=9514, bcdDevice= 2.00
[    2.710598] usb 1-1: New USB device strings: Mfr=0, Product=0, SerialNumber=0
[    2.721559] hub 1-1:1.0: USB hub found
[    2.728368] hub 1-1:1.0: 5 ports detected
[    3.024516] usb 1-1.1: new high-speed USB device number 3 using dwc_otg
[    3.133015] usb 1-1.1: New USB device found, idVendor=0424, idProduct=ec00, bcdDevice= 2.00
[    3.146820] usb 1-1.1: New USB device strings: Mfr=0, Product=0, SerialNumber=0
[    3.160133] smsc95xx v1.0.6
[    3.234925] smsc95xx 1-1.1:1.0 eth0: register 'smsc95xx' at usb-3f980000.usb-1.1, smsc95xx USB 2.0 Ethernet, b8:27:eb:6d:27:bc
[    3.339203] systemd[1]: System time before build time, advancing clock.
[    3.526273] NET: Registered protocol family 10
[    3.535499] Segment Routing with IPv6
[    3.605276] systemd[1]: systemd 241 running in system mode. (+PAM +AUDIT +SELINUX +IMA +APPARMOR +SMACK +SYSVINIT +UTMP +LIBCRYPTSETUP +GCRYPT +GNUTLS +ACL +XZ +LZ4 +SECCOMP +
BLKID +ELFUTILS +KMOD -IDN2 +IDN -PCRE2 default-hierarchy=hybrid)
[    3.636936] systemd[1]: Detected architecture arm64.
[    3.666755] systemd[1]: Set hostname to <raspberrypi>.
[    3.708925] random: crng init done
[    3.875196] uart-pl011 3f201000.serial: no DMA platform data
[    4.720062] systemd[1]: Condition check resulted in Journal Audit Socket being skipped.
[    4.735162] systemd[1]: Listening on Syslog Socket.
[    4.751806] systemd[1]: Created slice User and Session Slice.
[   61.856415] Unable to handle kernel paging request at virtual address ffffff8008004078
[   61.866224] Mem abort info:
[   61.869937]   ESR = 0x96000007
[   61.873874]   Exception class = DABT (current EL), IL = 32 bits
[   61.880717]   SET = 0, FnV = 0
[   61.884663]   EA = 0, S1PTW = 0
[   61.888689] Data abort info:
[   61.892440]   ISV = 0, ISS = 0x00000007
[   61.897153]   CM = 0, WnR = 0
[   61.900975] swapper pgtable: 4k pages, 39-bit VAs, pgdp = 00000000cbaa2485
[   61.908789] [ffffff8008004078] pgd=000000003abfe003, pud=000000003abfe003, pmd=000000003abfd003, pte=0000000000000000
[   61.921402] Internal error: Oops: 96000007 [#1] PREEMPT SMP
[   61.928041] Modules linked in: cfg80211 rfkill 8021q garp stp llc binfmt_misc bcm2835_codec(C) v4l2_mem2mem bcm2835_v4l2(C) bcm2835_mmal_vchiq(C) videobuf2_dma_contig v4l2_com
mon videobuf2_vmalloc videobuf2_memops raspberrypi_hwmon videobuf2_v4l2 hwmon videobuf2_common videodev media vc_sm_cma(C) uio_pdrv_genirq uio ip_tables x_tables ipv6
[   61.964214] Process test (pid: 498, stack limit = 0x000000005d830567)
[   61.971997] CPU: 0 PID: 498 Comm: test Tainted: G         C        4.19.118-v8+ #1311
[   61.982413] Hardware name: Raspberry Pi 3 Model B Rev 1.2 (DT)
[   61.989589] pstate: 80000085 (Nzcv daIf -PAN -UAO)
[   61.995751] pc : tick_sched_handle.isra.5+0x34/0x68
[   62.001986] lr : tick_sched_timer+0x5c/0xb0
[   62.007495] sp : ffffff8008003d40
[   62.012136] x29: ffffff8008003d40 x28: 0000000000000001 
[   62.018812] x27: ffffff8008cac018 x26: 0000000000000080 
[   62.025468] x25: ffffff8008cac018 x24: ffffff8008cc86d8 
[   62.032119] x23: ffffff80081685d0 x22: ffffffc03ab7a780 
[   62.038727] x21: ffffff8008003f70 x20: ffffff8008004078 
[   62.045291] x19: ffffffc03ab7ac78 x18: 0000000000000000 
[   62.051810] x17: 0000000000000000 x16: 0000000000000000 
[   62.058292] x15: 0000000000000000 x14: 0000000000000000 
[   62.064709] x13: 0000000000000000 x12: 0000000000000000 
[   62.071048] x11: 0000000000000000 x10: 0000000000000000 
[   62.077309] x9 : 0000000000000000 x8 : 0000000000000040 
[   62.083501] x7 : 0000000000000000 x6 : 0014ca4bd5be0f39 
[   62.089633] x5 : 0000000000000018 x4 : 0000004031ec6000 
[   62.095719] x3 : 0000000000010000 x2 : ffffff8008cc8000 
[   62.101757] x1 : ffffff8008004078 x0 : 0000000000000010 
[   62.107769] Call trace:
[   62.110863]  tick_sched_handle.isra.5+0x34/0x68
[   62.116055]  tick_sched_timer+0x5c/0xb0
[   62.120528]  __hrtimer_run_queues+0x118/0x380
[   62.125530]  hrtimer_interrupt+0xf8/0x258
[   62.130185]  arch_timer_handler_phys+0x3c/0x50
[   62.135289]  handle_percpu_devid_irq+0xa4/0x2a0
[   62.140494]  generic_handle_irq+0x34/0x50
[   62.145187]  __handle_domain_irq+0x8c/0x100
[   62.150067]  bcm2836_arm_irqchip_handle_irq+0x68/0xd8
[   62.155848]  el0_irq_naked+0x50/0x5c
[   62.160143]  __handle_domain_irq+0x4c/0x100
[   62.165067]  bcm2836_arm_irqchip_handle_irq+0x68/0xd8
[   62.170910]  el0_irq_naked+0x50/0x5c
[   62.175295] Code: d5384100 b9402c00 37080160 f9002e7f (f9400280) 
[   62.182285] ---[ end trace 403095e96e997ed6 ]---
[   62.187821] Kernel panic - not syncing: Fatal exception in interrupt
[   62.195156] SMP: stopping secondary CPUs
[   62.200069] Kernel Offset: disabled
[   62.204549] CPU features: 0x0,24002004
[   62.209280] Memory Limit: none
[   62.213301] ---[ end Kernel panic - not syncing: Fatal exception in interrupt ]---
