[    0.000000] Booting Linux on physical CPU 0x0000000000 [0x410fd034]
[    0.000000] Linux version 4.19.118-v8+ (dom@buildbot) (gcc version 5.4.0 20160609 (Ubuntu/Linaro 5.4.0-6ubuntu1~16.04.9)) #1311 SMP PREEMPT Mon Apr 27 14:32:38 BST 2020
[    0.000000] Machine model: Raspberry Pi 3 Model B Rev 1.2
[    0.000000] efi: Getting EFI parameters from FDT:
[    0.000000] efi: UEFI not found.
[    0.000000] cma: Reserved 8 MiB at 0x000000003ac00000
[    0.000000] random: get_random_bytes called from start_kernel+0xb8/0x47c with crng_init=0
[    0.000000] percpu: Embedded 24 pages/cpu s58840 r8192 d31272 u98304
[    0.000000] Detected VIPT I-cache on CPU0
[    0.000000] CPU features: enabling workaround for ARM erratum 843419
[    0.000000] CPU features: enabling workaround for ARM erratum 845719
[    0.000000] Built 1 zonelists, mobility grouping on.  Total pages: 238896
[    0.000000] Kernel command line: coherent_pool=1M 8250.nr_uarts=1 snd_bcm2835.enable_compat_alsa=0 snd_bcm2835.enable_hdmi=1 snd_bcm2835.enable_headphones=1 bcm2708_fb.fbwidth
=656 bcm2708_fb.fbheight=416 bcm2708_fb.fbswap=1 vc_mem.mem_base=0x3ec00000 vc_mem.mem_size=0x40000000  dwc_otg.lpm_enable=0 console=ttyAMA0,115200 console=tty1 root=PARTUUID=4c9
99877-02 rootfstype=ext4 elevator=deadline fsck.repair=yes rootwait
[    0.000000] Dentry cache hash table entries: 131072 (order: 8, 1048576 bytes)
[    0.000000] Inode-cache hash table entries: 65536 (order: 7, 524288 bytes)
[    0.000000] Memory: 929096K/970752K available (8700K kernel code, 1074K rwdata, 2760K rodata, 1024K init, 1126K bss, 33464K reserved, 8192K cma-reserved)
[    0.000000] SLUB: HWalign=64, Order=0-3, MinObjects=0, CPUs=4, Nodes=1
[    0.000000] ftrace: allocating 30496 entries in 120 pages
[    0.000000] rcu: Preemptible hierarchical RCU implementation.
[    0.000000] rcu:     RCU restricting CPUs from NR_CPUS=64 to nr_cpu_ids=4.
[    0.000000]  Tasks RCU enabled.
[    0.000000] rcu: Adjusting geometry for rcu_fanout_leaf=16, nr_cpu_ids=4
[    0.000000] NR_IRQS: 64, nr_irqs: 64, preallocated irqs: 0
[    0.000000] arch_timer: cp15 timer(s) running at 19.20MHz (phys).
[    0.000000] clocksource: arch_sys_counter: mask: 0xffffffffffffff max_cycles: 0x46d987e47, max_idle_ns: 440795202767 ns
[    0.000007] sched_clock: 56 bits at 19MHz, resolution 52ns, wraps every 4398046511078ns
[    0.000271] Console: colour dummy device 80x25
[    0.000936] console [tty1] enabled
[    0.001006] Calibrating delay loop (skipped), value calculated using timer frequency.. 38.40 BogoMIPS (lpj=76800)
[    0.001058] pid_max: default: 32768 minimum: 301
[    0.001491] Mount-cache hash table entries: 2048 (order: 2, 16384 bytes)
[    0.001547] Mountpoint-cache hash table entries: 2048 (order: 2, 16384 bytes)
[    0.024105] ASID allocator initialised with 32768 entries
[    0.032101] rcu: Hierarchical SRCU implementation.
[    0.040728] EFI services will not be available.
[    0.048179] smp: Bringing up secondary CPUs ...
[    0.080445] Detected VIPT I-cache on CPU1
[    0.080514] CPU1: Booted secondary processor 0x0000000001 [0x410fd034]
[    0.112572] Detected VIPT I-cache on CPU2
[    0.112620] CPU2: Booted secondary processor 0x0000000002 [0x410fd034]
[    0.144738] Detected VIPT I-cache on CPU3
[    0.144783] CPU3: Booted secondary processor 0x0000000003 [0x410fd034]
[    0.144969] smp: Brought up 1 node, 4 CPUs
[    0.145123] SMP: Total of 4 processors activated.
[    0.145157] CPU features: detected: 32-bit EL0 Support
[    0.146130] CPU: All CPU(s) started at EL2
[    0.146204] alternatives: patching kernel code
[    0.147828] devtmpfs: initialized
[    0.164000] Enabled cp15_barrier support
[    0.164066] Enabled setend support
[    0.164610] clocksource: jiffies: mask: 0xffffffff max_cycles: 0xffffffff, max_idle_ns: 7645041785100000 ns
[    0.164672] futex hash table entries: 1024 (order: 4, 65536 bytes)
[    0.165431] pinctrl core: initialized pinctrl subsystem
[    0.166321] DMI not present or invalid.
[    0.166888] NET: Registered protocol family 16
[    0.173344] cpuidle: using governor menu
[    0.173956] hw-breakpoint: found 6 breakpoint and 4 watchpoint registers.
[    0.178512] DMA: preallocated 1024 KiB pool for atomic allocations
[    0.178693] Serial: AMBA PL011 UART driver
[    0.183277] bcm2835-mbox 3f00b880.mailbox: mailbox enabled
[    0.192945] raspberrypi-firmware soc:firmware: Attached to firmware from 2020-04-15 11:43, variant start
[    0.196963] raspberrypi-firmware soc:firmware: Firmware hash is 82f9bb929ce2186eb1824178c1ae82902ad6275c
[    0.239142] bcm2835-dma 3f007000.dma: DMA legacy API manager at (____ptrval____), dmachans=0x1
[    0.242686] vgaarb: loaded
[    0.243190] SCSI subsystem initialized
[    0.243486] usbcore: registered new interface driver usbfs
[    0.243590] usbcore: registered new interface driver hub
[    0.243754] usbcore: registered new device driver usb
[    0.243932] pps_core: LinuxPPS API ver. 1 registered
[    0.243965] pps_core: Software ver. 5.3.6 - Copyright 2005-2007 Rodolfo Giometti <giometti@linux.it>
[    0.244025] PTP clock support registered
[    0.245884] clocksource: Switched to clocksource arch_sys_counter
[    0.371003] VFS: Disk quotas dquot_6.6.0
[    0.371144] VFS: Dquot-cache hash table entries: 512 (order 0, 4096 bytes)
[    0.371425] FS-Cache: Loaded
[    0.371704] CacheFiles: Loaded
[    0.383824] NET: Registered protocol family 2
[    0.384785] tcp_listen_portaddr_hash hash table entries: 512 (order: 1, 8192 bytes)
[    0.384861] TCP established hash table entries: 8192 (order: 4, 65536 bytes)
[    0.385005] TCP bind hash table entries: 8192 (order: 5, 131072 bytes)
[    0.385224] TCP: Hash tables configured (established 8192 bind 8192)
[    0.385502] UDP hash table entries: 512 (order: 2, 16384 bytes)
[    0.385580] UDP-Lite hash table entries: 512 (order: 2, 16384 bytes)
[    0.386010] NET: Registered protocol family 1
[    0.386975] RPC: Registered named UNIX socket transport module.
[    0.387012] RPC: Registered udp transport module.
[    0.387042] RPC: Registered tcp transport module.
[    0.387072] RPC: Registered tcp NFSv4.1 backchannel transport module.
[    0.389677] hw perfevents: enabled with armv8_cortex_a53 PMU driver, 7 counters available
[    0.389941] kvm [1]: 8-bit VMID
[    0.390784] kvm [1]: Hyp mode initialized successfully
[    0.395661] Initialise system trusted keyrings
[    0.396011] workingset: timestamp_bits=46 max_order=18 bucket_order=0
[    0.408199] FS-Cache: Netfs 'nfs' registered for caching
[    0.409255] NFS: Registering the id_resolver key type
[    0.409314] Key type id_resolver registered
[    0.409345] Key type id_legacy registered
[    0.409388] nfs4filelayout_init: NFSv4 File Layout Driver Registering...
[    0.417144] Key type asymmetric registered
[    0.417195] Asymmetric key parser 'x509' registered
[    0.417316] Block layer SCSI generic (bsg) driver version 0.4 loaded (major 248)
[    0.417621] io scheduler noop registered
[    0.417656] io scheduler deadline registered (default)
[    0.418005] io scheduler cfq registered
[    0.418039] io scheduler mq-deadline registered (default)
[    0.418072] io scheduler kyber registered
[    0.427834] bcm2708_fb soc:fb: FB found 1 display(s)
[    0.437449] Console: switching to colour frame buffer device 82x26
[    0.442346] bcm2708_fb soc:fb: Registered framebuffer for display 0, size 656x416
[    0.449737] Serial: 8250/16550 driver, 1 ports, IRQ sharing enabled
[    0.454353] bcm2835-rng 3f104000.rng: hwrng registered
[    0.457300] vc-mem: phys_addr:0x00000000 mem_base=0x3ec00000 mem_size:0x40000000(1024 MiB)
[    0.463136] gpiomem-bcm2835 3f200000.gpiomem: Initialised: Registers at 0x3f200000
[    0.468676] cacheinfo: Unable to detect cache hierarchy for CPU 0
[    0.487010] brd: module loaded
[    0.505017] loop: module loaded
[    0.508765] Loading iSCSI transport class v2.0-870.
[    0.514055] libphy: Fixed MDIO Bus: probed
[    0.516981] usbcore: registered new interface driver r8152
[    0.519657] usbcore: registered new interface driver lan78xx
[    0.522267] usbcore: registered new interface driver smsc95xx
[    0.525128] dwc_otg: version 3.00a 10-AUG-2012 (platform bus)
[    0.555665] dwc_otg 3f980000.usb: base=(____ptrval____)
[    0.771168] Core Release: 2.80a
[    0.773649] Setting default values for core params
[    0.776190] Finished setting default values for core params
[    0.991488] Using Buffer DMA mode
[    0.993889] Periodic Transfer Interrupt Enhancement - disabled
[    0.996297] Multiprocessor Interrupt Enhancement - disabled
[    0.998716] OTG VER PARAM: 0, OTG VER FLAG: 0
[    1.001040] Dedicated Tx FIFOs mode
[    1.004136] WARN::dwc_otg_hcd_init:1074: FIQ DMA bounce buffers: virt = ffffff80090c1000 dma = 0x00000000fad04000 len=9024
[    1.008658] FIQ FSM acceleration enabled for :
[    1.008658] Non-periodic Split Transactions
[    1.008658] Periodic Split Transactions
[    1.008658] High-Speed Isochronous Endpoints
[    1.008658] Interrupt/Control Split Transaction hack enabled
[    1.019411] WARN::hcd_init_fiq:497: MPHI regs_base at ffffff8008065000
[    1.021686] dwc_otg 3f980000.usb: DWC OTG Controller
[    1.024027] dwc_otg 3f980000.usb: new USB bus registered, assigned bus number 1
[    1.026509] dwc_otg 3f980000.usb: irq 9, io mem 0x00000000
[    1.028910] Init: Port Power? op_state=1
[    1.031262] Init: Power Port (0)
[    1.033943] usb usb1: New USB device found, idVendor=1d6b, idProduct=0002, bcdDevice= 4.19
[    1.038694] usb usb1: New USB device strings: Mfr=3, Product=2, SerialNumber=1
[    1.041229] usb usb1: Product: DWC OTG Controller
[    1.043790] usb usb1: Manufacturer: Linux 4.19.118-v8+ dwc_otg_hcd
[    1.046331] usb usb1: SerialNumber: 3f980000.usb
[    1.049602] hub 1-0:1.0: USB hub found
[    1.052193] hub 1-0:1.0: 1 port detected
[    1.055809] usbcore: registered new interface driver uas
[    1.058276] usbcore: registered new interface driver usb-storage
[    1.060813] mousedev: PS/2 mouse device common for all mice
[    1.064718] bcm2835-wdt bcm2835-wdt: Broadcom BCM2835 watchdog timer
[    1.069307] sdhci: Secure Digital Host Controller Interface driver
[    1.071794] sdhci: Copyright(c) Pierre Ossman
[    1.074907] sdhost-bcm2835 3f202000.mmc: could not get clk, deferring probe
[    1.077621] sdhci-pltfm: SDHCI platform and OF driver helper
[    1.082307] ledtrig-cpu: registered to indicate activity on CPUs
[    1.085016] hidraw: raw HID events driver (C) Jiri Kosina
[    1.087739] usbcore: registered new interface driver usbhid
[    1.090234] usbhid: USB HID core driver
[    1.093980] vchiq: vchiq_init_state: slot_zero = (____ptrval____), is_master = 0
[    1.102809] Initializing XFRM netlink socket
[    1.105262] NET: Registered protocol family 17
[    1.107803] Key type dns_resolver registered
[    1.111737] registered taskstats version 1
[    1.114125] Loading compiled-in X.509 certificates
[    1.128426] uart-pl011 3f201000.serial: cts_event_workaround enabled
[    1.131103] 3f201000.serial: ttyAMA0 at MMIO 0x3f201000 (irq = 66, base_baud = 0) is a PL011 rev2
[    1.262058] Indeed it is in host mode hprt0 = 00021501
[    1.265223] console [ttyAMA0] enabled
[    1.357913] random: fast init done
[    1.363962] bcm2835-power bcm2835-power: Broadcom BCM2835 power domains driver
[    1.461957] usb 1-1: new high-speed USB device number 2 using dwc_otg
[    2.160298] Indeed it is in host mode hprt0 = 00001101
[    2.160404] sdhost: log_buf @ (____ptrval____) (fad07000)
[    2.225355] mmc0: sdhost-bcm2835 loaded - DMA enabled (>1)
[    2.237154] of_cfs_init
[    2.242281] of_cfs_init: OK
[    2.248464] Waiting for root device PARTUUID=4c999877-02...
[    2.323733] mmc0: host does not support reading read-only switch, assuming write-enable
[    2.342111] mmc0: new high speed SDHC card at address aaaa
[    2.352522] mmcblk0: mmc0:aaaa SC16G 14.8 GiB
[    2.369251]  mmcblk0: p1 p2
[    2.378472] usb 1-1: New USB device found, idVendor=0424, idProduct=9514, bcdDevice= 2.00
[    2.392516] usb 1-1: New USB device strings: Mfr=0, Product=0, SerialNumber=0
[    2.403566] hub 1-1:1.0: USB hub found
[    2.410181] hub 1-1:1.0: 5 ports detected
[    2.417779] EXT4-fs (mmcblk0p2): INFO: recovery required on readonly filesystem
[    2.421093] random: crng init done
[    2.433966] EXT4-fs (mmcblk0p2): write access will be enabled during recovery
[    2.550951] EXT4-fs (mmcblk0p2): recovery complete
[    2.563409] EXT4-fs (mmcblk0p2): mounted filesystem with ordered data mode. Opts: (null)
[    2.576786] VFS: Mounted root (ext4 filesystem) readonly on device 179:2.
[    2.599105] devtmpfs: mounted
[    2.612050] Freeing unused kernel memory: 1024K
[    2.619595] Run /sbin/init as init process
[    2.705951] usb 1-1.1: new high-speed USB device number 3 using dwc_otg
[    2.814618] usb 1-1.1: New USB device found, idVendor=0424, idProduct=ec00, bcdDevice= 2.00
[    2.828586] usb 1-1.1: New USB device strings: Mfr=0, Product=0, SerialNumber=0
[    2.841934] smsc95xx v1.0.6
[    2.916667] smsc95xx 1-1.1:1.0 eth0: register 'smsc95xx' at usb-3f980000.usb-1.1, smsc95xx USB 2.0 Ethernet, b8:27:eb:6d:27:bc
[    3.355759] systemd[1]: System time before build time, advancing clock.
[    3.543533] NET: Registered protocol family 10
[    3.552681] Segment Routing with IPv6
[    3.622656] systemd[1]: systemd 241 running in system mode. (+PAM +AUDIT +SELINUX +IMA +APPARMOR +SMACK +SYSVINIT +UTMP +LIBCRYPTSETUP +GCRYPT +GNUTLS +ACL +XZ +LZ4 +SECCOMP +
BLKID +ELFUTILS +KMOD -IDN2 +IDN -PCRE2 default-hierarchy=hybrid)
[    3.654338] systemd[1]: Detected architecture arm64.
[    3.683933] systemd[1]: Set hostname to <raspberrypi>.
[    3.909034] uart-pl011 3f201000.serial: no DMA platform data
[    4.683238] systemd[1]: Created slice system-serial\x2dgetty.slice.
[    4.697725] systemd[1]: Listening on Journal Socket (/dev/log).
[    4.711154] systemd[1]: Started Forward Password Requests to Wall Directory Watch.
[   41.521864] ------------[ cut here ]------------
[   41.527391] DEBUG_LOCKS_WARN_ON((val < PREEMPT_MASK) && !(preempt_count() & PREEMPT_MASK))
[   41.527415] WARNING: CPU: 0 PID: 495 at kernel/sched/core.c:3266 preempt_count_sub+0xc4/0xd0
[   41.547920] Modules linked in: cfg80211 rfkill 8021q garp stp llc binfmt_misc bcm2835_codec(C) bcm2835_v4l2(C) raspberrypi_hwmon v4l2_mem2mem bcm2835_mmal_vchiq(C) v4l2_common
 hwmon videobuf2_dma_contig videobuf2_vmalloc videobuf2_memops videobuf2_v4l2 videobuf2_common videodev vc_sm_cma(C) media uio_pdrv_genirq uio ip_tables x_tables ipv6
[   41.583848] CPU: 0 PID: 495 Comm: test Tainted: G         C        4.19.118-v8+ #1311
[   41.594232] Hardware name: Raspberry Pi 3 Model B Rev 1.2 (DT)
[   41.601423] pstate: 60000085 (nZCv daIf -PAN -UAO)
[   41.607601] pc : preempt_count_sub+0xc4/0xd0
[   41.613259] lr : preempt_count_sub+0xc4/0xd0
[   41.618885] sp : ffffff8008003dc0
[   41.623541] x29: ffffff8008003dc0 x28: 0000000000000001 
[   41.630217] x27: ffffff8008cac018 x26: 0000000000000080 
[   41.636872] x25: ffffff8008cac018 x24: ffffff8008cc86d8 
[   41.643513] x23: ffffff80081685d0 x22: ffffffc03ab7a780 
[   41.650130] x21: ffffffc03ab7a780 x20: ffffffc03ab7a7c0 
[   41.656698] x19: 0000000000000001 x18: ffffff8009909dd8 
[   41.663218] x17: 0000000000000000 x16: 0000000000000000 
[   41.669677] x15: 0000000000000a40 x14: 5f54504d45455250 
[   41.676086] x13: 2026202928746e75 x12: 6f635f74706d6565 
[   41.682455] x11: 7270282120262620 x10: 294b53414d5f5450 
[   41.688780] x9 : 4d45455250203c20 x8 : 6c617628284e4f5f 
[   41.695060] x7 : 4e5241575f534b43 x6 : ffffff8008dd6176 
[   41.701293] x5 : 0000000000000015 x4 : 0000000000000000 
[   41.707489] x3 : 0000000000000000 x2 : 0000004031ec6000 
[   41.713637] x1 : 5c12174d01c22c00 x0 : 0000000000000000 
[   41.719750] Call trace:
[   41.722949]  preempt_count_sub+0xc4/0xd0
[   41.727621]  _raw_spin_unlock_irqrestore+0x38/0x88
[   41.733169]  tick_sched_timer+0x28/0xb0
[   41.737788]  __hrtimer_run_queues+0x118/0x380
[   41.742933]  hrtimer_interrupt+0xf8/0x258
[   41.747736]  arch_timer_handler_phys+0x3c/0x50
[   41.752998]  handle_percpu_devid_irq+0xa4/0x2a0
[   41.758360]  generic_handle_irq+0x34/0x50
[   41.763206]  __handle_domain_irq+0x8c/0x100
[   41.768243]  bcm2836_arm_irqchip_handle_irq+0x68/0xd8
[   41.774171]  el0_irq_naked+0x50/0x5c
[   41.778637] ---[ end trace fd684254006089bd ]---
[   41.784200] Unable to handle kernel read from unreadable memory at virtual address ffffffc03ab7a7c0
[   41.795195] Mem abort info:
[   41.798937]   ESR = 0x8600000e
[   41.802928]   Exception class = IABT (current EL), IL = 32 bits
[   41.809827]   SET = 0, FnV = 0
[   41.813858]   EA = 0, S1PTW = 0
[   41.817970] swapper pgtable: 4k pages, 39-bit VAs, pgdp = 00000000910cbd23
[   41.825883] [ffffffc03ab7a7c0] pgd=000000003abf8003, pud=000000003abf8003, pmd=006800003aa00711
[   41.836711] Internal error: Oops: 8600000e [#1] PREEMPT SMP
[   41.843400] Modules linked in: cfg80211 rfkill 8021q garp stp llc binfmt_misc bcm2835_codec(C) bcm2835_v4l2(C) raspberrypi_hwmon v4l2_mem2mem bcm2835_mmal_vchiq(C) v4l2_common
 hwmon videobuf2_dma_contig videobuf2_vmalloc videobuf2_memops videobuf2_v4l2 videobuf2_common videodev vc_sm_cma(C) media uio_pdrv_genirq uio ip_tables x_tables ipv6
[   41.879755] Process test (pid: 495, stack limit = 0x00000000a25e86a2)
[   41.887577] CPU: 0 PID: 495 Comm: test Tainted: G        WC        4.19.118-v8+ #1311
[   41.898182] Hardware name: Raspberry Pi 3 Model B Rev 1.2 (DT)
[   41.905456] pstate: 20000085 (nzCv daIf -PAN -UAO)
[   41.911661] pc : 0xffffffc03ab7a7c0
[   41.916503] lr : 0xffffffc03ab7a7c0
[   41.921325] sp : ffffff8008003e30
[   41.925973] x29: ffffffc03ab7ac78 x28: 0000000000000001 
[   41.932632] x27: ffffff8008cac018 x26: 0000000000000080 
[   41.939260] x25: ffffff8008cac018 x24: ffffff8008cc86d8 
[   41.945889] x23: ffffff80081685d0 x22: ffffffc03ab7a780 
[   41.952473] x21: ffffff8008003ea0 x20: ffffffc03ab7a7c0 
[   41.959008] x19: ffffffc03ab7a780 x18: ffffff8009909dd8 
[   41.965489] x17: 0000000000000000 x16: 0000000000000000 
[   41.971950] x15: 0000000000000a40 x14: 5f54504d45455250 
[   41.978363] x13: 000000000000013d x12: 6f635f74706d6565 
[   41.984715] x11: 0000000000000000 x10: 000000000000013d 
[   41.991017] x9 : ffffff8008911b08 x8 : ffffff8008cb9ec0 
[   41.997273] x7 : 0000000000000020 x6 : ffffff8008911b0c 
[   42.003477] x5 : 7fffffffffffffff x4 : 00000009ba483503 
[   42.009654] x3 : 0000000000000000 x2 : 00000009ba853e03 
[   42.015790] x1 : 00000009ba853e80 x0 : 0000000000000001 
[   42.021885] Call trace:
[   42.025064]  0xffffffc03ab7a7c0
[   42.028914] Code: ffffffff 7fffffff 00000000 00000000 (3ab7a780) 
[   42.035764] ---[ end trace fd684254006089be ]---
[   42.041170] Kernel panic - not syncing: Fatal exception in interrupt
[   42.048377] SMP: stopping secondary CPUs
[   42.053140] Kernel Offset: disabled
[   42.057476] CPU features: 0x0,24002004
[   42.062082] Memory Limit: none
[   42.065993] ---[ end Kernel panic - not syncing: Fatal exception in interrupt ]---
