[    0.000000] Booting Linux on physical CPU 0x0
[    0.000000] Linux version 4.19.118-v7+ (dom@buildbot) (gcc version 4.9.3 (crosstool-NG crosstool-ng-1.22.0-88-g8460611)) #1311 SMP Mon Apr 27 14:21:24 BST 2020
[    0.000000] CPU: ARMv7 Processor [410fd034] revision 4 (ARMv7), cr=10c5383d
[    0.000000] CPU: div instructions available: patching division code
[    0.000000] CPU: PIPT / VIPT nonaliasing data cache, VIPT aliasing instruction cache
[    0.000000] OF: fdt: Machine model: Raspberry Pi 3 Model B Plus Rev 1.3
[    0.000000] Memory policy: Data cache writealloc
[    0.000000] cma: Reserved 8 MiB at 0x3ac00000
[    0.000000] random: get_random_bytes called from start_kernel+0xac/0x4b4 with crng_init=0
[    0.000000] percpu: Embedded 16 pages/cpu s36864 r8192 d20480 u65536
[    0.000000] Built 1 zonelists, mobility grouping on.  Total pages: 240555
[    0.000000] Kernel command line: coherent_pool=1M 8250.nr_uarts=1 snd_bcm2835.enable_compat_alsa=0 snd_bcm2835.enable_hdmi=1 snd_bcm2835.enable_headphones=1 bcm2708_fb.fbwidth=
656 bcm2708_fb.fbheight=416 bcm2708_fb.fbswap=1 vc_mem.mem_base=0x3ec00000 vc_mem.mem_size=0x40000000  dwc_otg.lpm_enable=0 console=ttyAMA0,115200 console=tty1 root=PARTUUID=4c999
877-02 rootfstype=ext4 elevator=deadline fsck.repair=yes rootwait
[    0.000000] Dentry cache hash table entries: 131072 (order: 7, 524288 bytes)
[    0.000000] Inode-cache hash table entries: 65536 (order: 6, 262144 bytes)
[    0.000000] Memory: 939064K/970752K available (8192K kernel code, 656K rwdata, 2232K rodata, 1024K init, 831K bss, 23496K reserved, 8192K cma-reserved)
[    0.000000] Virtual kernel memory layout:
[    0.000000]     vector  : 0xffff0000 - 0xffff1000   (   4 kB)
[    0.000000]     fixmap  : 0xffc00000 - 0xfff00000   (3072 kB)
[    0.000000]     vmalloc : 0xbb800000 - 0xff800000   (1088 MB)
[    0.000000]     lowmem  : 0x80000000 - 0xbb400000   ( 948 MB)
[    0.000000]     modules : 0x7f000000 - 0x80000000   (  16 MB)
[    0.000000]       .text : 0x(ptrval) - 0x(ptrval)   (9184 kB)
[    0.000000]       .init : 0x(ptrval) - 0x(ptrval)   (1024 kB)
[    0.000000]       .data : 0x(ptrval) - 0x(ptrval)   ( 657 kB)
[    0.000000]        .bss : 0x(ptrval) - 0x(ptrval)   ( 832 kB)
[    0.000000] SLUB: HWalign=64, Order=0-3, MinObjects=0, CPUs=4, Nodes=1
[    0.000000] ftrace: allocating 27093 entries in 80 pages
[    0.000000] rcu: Hierarchical RCU implementation.
[    0.000000] NR_IRQS: 16, nr_irqs: 16, preallocated irqs: 16
[    0.000000] arch_timer: cp15 timer(s) running at 19.20MHz (phys).
[    0.000000] clocksource: arch_sys_counter: mask: 0xffffffffffffff max_cycles: 0x46d987e47, max_idle_ns: 440795202767 ns
[    0.000007] sched_clock: 56 bits at 19MHz, resolution 52ns, wraps every 4398046511078ns
[    0.000023] Switching to timer-based delay loop, resolution 52ns
[    0.000276] Console: colour dummy device 80x30
[    0.000911] console [tty1] enabled
[    0.000970] Calibrating delay loop (skipped), value calculated using timer frequency.. 38.40 BogoMIPS (lpj=192000)
[    0.001013] pid_max: default: 32768 minimum: 301
[    0.001378] Mount-cache hash table entries: 2048 (order: 1, 8192 bytes)
[    0.001415] Mountpoint-cache hash table entries: 2048 (order: 1, 8192 bytes)
[    0.002371] CPU: Testing write buffer coherency: ok
[    0.002851] CPU0: thread -1, cpu 0, socket 0, mpidr 80000000
[    0.003535] Setting up static identity map for 0x100000 - 0x10003c
[    0.003704] rcu: Hierarchical SRCU implementation.
[    0.004534] smp: Bringing up secondary CPUs ...
[    0.005440] CPU1: thread -1, cpu 1, socket 0, mpidr 80000001
[    0.006416] CPU2: thread -1, cpu 2, socket 0, mpidr 80000002
[    0.007332] CPU3: thread -1, cpu 3, socket 0, mpidr 80000003
[    0.007445] smp: Brought up 1 node, 4 CPUs
[    0.007525] SMP: Total of 4 processors activated (153.60 BogoMIPS).
[    0.007549] CPU: All CPU(s) started in HYP mode.
[    0.007569] CPU: Virtualization extensions available.
[    0.008561] devtmpfs: initialized
[    0.022018] VFP support v0.3: implementor 41 architecture 3 part 40 variant 3 rev 4
[    0.022293] clocksource: jiffies: mask: 0xffffffff max_cycles: 0xffffffff, max_idle_ns: 19112604462750000 ns
[    0.022343] futex hash table entries: 1024 (order: 4, 65536 bytes)
[    0.022954] pinctrl core: initialized pinctrl subsystem
[    0.023822] NET: Registered protocol family 16
[    0.027020] DMA: preallocated 1024 KiB pool for atomic coherent allocations
[    0.032933] hw-breakpoint: found 5 (+1 reserved) breakpoint and 4 watchpoint registers.
[    0.032969] hw-breakpoint: maximum watchpoint size is 8 bytes.
[    0.033188] Serial: AMBA PL011 UART driver
[    0.035544] bcm2835-mbox 3f00b880.mailbox: mailbox enabled
[    0.050029] raspberrypi-firmware soc:firmware: Attached to firmware from 2020-04-15 11:43, variant start
[    0.060043] raspberrypi-firmware soc:firmware: Firmware hash is 82f9bb929ce2186eb1824178c1ae82902ad6275c
[    0.103084] bcm2835-dma 3f007000.dma: DMA legacy API manager at (ptrval), dmachans=0x1
[    0.104732] SCSI subsystem initialized
[    0.104977] usbcore: registered new interface driver usbfs
[    0.105059] usbcore: registered new interface driver hub
[    0.105172] usbcore: registered new device driver usb
[    0.106888] clocksource: Switched to clocksource arch_sys_counter
[    0.197422] VFS: Disk quotas dquot_6.6.0
[    0.197531] VFS: Dquot-cache hash table entries: 1024 (order 0, 4096 bytes)
[    0.197701] FS-Cache: Loaded
[    0.197931] CacheFiles: Loaded
[    0.207933] NET: Registered protocol family 2
[    0.208801] tcp_listen_portaddr_hash hash table entries: 512 (order: 0, 6144 bytes)
[    0.208865] TCP established hash table entries: 8192 (order: 3, 32768 bytes)
[    0.208995] TCP bind hash table entries: 8192 (order: 4, 65536 bytes)
[    0.209200] TCP: Hash tables configured (established 8192 bind 8192)
[    0.209363] UDP hash table entries: 512 (order: 2, 16384 bytes)
[    0.209433] UDP-Lite hash table entries: 512 (order: 2, 16384 bytes)
[    0.209692] NET: Registered protocol family 1
[    0.210278] RPC: Registered named UNIX socket transport module.
[    0.210306] RPC: Registered udp transport module.
[    0.210328] RPC: Registered tcp transport module.
[    0.210349] RPC: Registered tcp NFSv4.1 backchannel transport module.
[    0.212195] hw perfevents: enabled with armv7_cortex_a7 PMU driver, 7 counters available
[    0.215304] Initialise system trusted keyrings
[    0.215509] workingset: timestamp_bits=14 max_order=18 bucket_order=4
[    0.225471] FS-Cache: Netfs 'nfs' registered for caching
[    0.226050] NFS: Registering the id_resolver key type
[    0.226096] Key type id_resolver registered
[    0.226119] Key type id_legacy registered
[    0.226150] nfs4filelayout_init: NFSv4 File Layout Driver Registering...
[    0.231602] Key type asymmetric registered
[    0.231637] Asymmetric key parser 'x509' registered
[    0.231711] Block layer SCSI generic (bsg) driver version 0.4 loaded (major 250)
[    0.231905] io scheduler noop registered
[    0.231930] io scheduler deadline registered (default)
[    0.232146] io scheduler cfq registered
[    0.232170] io scheduler mq-deadline registered (default)
[    0.232194] io scheduler kyber registered
[    0.234402] bcm2708_fb soc:fb: FB found 1 display(s)
[    0.243751] Console: switching to colour frame buffer device 82x26
[    0.250607] bcm2708_fb soc:fb: Registered framebuffer for display 0, size 656x416
[    0.256252] Serial: 8250/16550 driver, 1 ports, IRQ sharing enabled
[    0.260094] bcm2835-rng 3f104000.rng: hwrng registered
[    0.262777] vc-mem: phys_addr:0x00000000 mem_base=0x3ec00000 mem_size:0x40000000(1024 MiB)
[    0.268176] vc-sm: Videocore shared memory driver
[    0.270986] gpiomem-bcm2835 3f200000.gpiomem: Initialised: Registers at 0x3f200000
[    0.286865] brd: module loaded
[    0.299624] loop: module loaded
[    0.302715] Loading iSCSI transport class v2.0-870.
[    0.305884] libphy: Fixed MDIO Bus: probed
[    0.308423] usbcore: registered new interface driver lan78xx
[    0.310943] usbcore: registered new interface driver smsc95xx
[    0.313380] dwc_otg: version 3.00a 10-AUG-2012 (platform bus)
[    0.343698] dwc_otg 3f980000.usb: base=(ptrval)
[    0.546401] Core Release: 2.80a
[    0.548884] Setting default values for core params
[    0.551386] Finished setting default values for core params
[    0.754166] Using Buffer DMA mode
[    0.756566] Periodic Transfer Interrupt Enhancement - disabled
[    0.758990] Multiprocessor Interrupt Enhancement - disabled
[    0.761370] OTG VER PARAM: 0, OTG VER FLAG: 0
[    0.763709] Dedicated Tx FIFOs mode
[    0.766398] WARN::dwc_otg_hcd_init:1074: FIQ DMA bounce buffers: virt = bad14000 dma = 0xfad14000 len=9024
[    0.770986] FIQ FSM acceleration enabled for :
[    0.770986] Non-periodic Split Transactions
[    0.770986] Periodic Split Transactions
[    0.770986] High-Speed Isochronous Endpoints
[    0.770986] Interrupt/Control Split Transaction hack enabled
[    0.781918] WARN::hcd_init_fiq:457: FIQ on core 1
[    0.784136] WARN::hcd_init_fiq:458: FIQ ASM at 8068fda0 length 36
[    0.786340] WARN::hcd_init_fiq:497: MPHI regs_base at bb810000
[    0.788588] dwc_otg 3f980000.usb: DWC OTG Controller
[    0.790843] dwc_otg 3f980000.usb: new USB bus registered, assigned bus number 1
[    0.793160] dwc_otg 3f980000.usb: irq 56, io mem 0x00000000
[    0.795459] Init: Port Power? op_state=1
[    0.797710] Init: Power Port (0)
[    0.800126] usb usb1: New USB device found, idVendor=1d6b, idProduct=0002, bcdDevice= 4.19
[    0.804632] usb usb1: New USB device strings: Mfr=3, Product=2, SerialNumber=1
[    0.807069] usb usb1: Product: DWC OTG Controller
[    0.809440] usb usb1: Manufacturer: Linux 4.19.118-v7+ dwc_otg_hcd
[    0.811867] usb usb1: SerialNumber: 3f980000.usb
[    0.814825] hub 1-0:1.0: USB hub found
[    0.817134] hub 1-0:1.0: 1 port detected
[    0.820170] usbcore: registered new interface driver usb-storage
[    0.822640] mousedev: PS/2 mouse device common for all mice
[    0.825780] bcm2835-wdt bcm2835-wdt: Broadcom BCM2835 watchdog timer
[    0.828442] bcm2835-cpufreq: min=600000 max=1400000
[    0.831264] sdhci: Secure Digital Host Controller Interface driver
[    0.833681] sdhci: Copyright(c) Pierre Ossman
[    0.836485] sdhost-bcm2835 3f202000.mmc: could not get clk, deferring probe
[    0.839174] sdhci-pltfm: SDHCI platform and OF driver helper
[    0.843230] ledtrig-cpu: registered to indicate activity on CPUs
[    0.845923] hidraw: raw HID events driver (C) Jiri Kosina
[    0.848694] usbcore: registered new interface driver usbhid
[    0.851241] usbhid: USB HID core driver
[    0.854546] vchiq: vchiq_init_state: slot_zero = (ptrval), is_master = 0
[    0.858720] [vc_sm_connected_init]: start
[    0.867489] [vc_sm_connected_init]: end - returning 0
[    0.871001] Initializing XFRM netlink socket
[    0.873387] NET: Registered protocol family 17
[    0.875841] Key type dns_resolver registered
[    0.878844] Registering SWP/SWPB emulation handler
[    0.881855] registered taskstats version 1
[    0.884231] Loading compiled-in X.509 certificates
[    0.893247] uart-pl011 3f201000.serial: cts_event_workaround enabled
[    0.895747] 3f201000.serial: ttyAMA0 at MMIO 0x3f201000 (irq = 81, base_baud = 0) is a PL011 rev2
[    1.899442] console [ttyAMA0] enabled
[    1.907584] sdhost: log_buf @ (ptrval) (fad13000)
[    1.963029] mmc0: sdhost-bcm2835 loaded - DMA enabled (>1)
[    1.972190] of_cfs_init
[    1.977088] of_cfs_init: OK
[    1.982656] Waiting for root device PARTUUID=4c999877-02...
[    2.017010] Indeed it is in host mode hprt0 = 00021501
[    2.112058] random: fast init done
[    2.122714] mmc0: host does not support reading read-only switch, assuming write-enable
[    2.142026] mmc0: new high speed SDHC card at address aaaa
[    2.151045] mmcblk0: mmc0:aaaa SL16G 14.8 GiB
[    2.164298]  mmcblk0: p1 p2
[    2.210919] EXT4-fs (mmcblk0p2): mounted filesystem with ordered data mode. Opts: (null)
[    2.224011] VFS: Mounted root (ext4 filesystem) readonly on device 179:2.
[    2.226931] usb 1-1: new high-speed USB device number 2 using dwc_otg
[    2.242751] Indeed it is in host mode hprt0 = 00001101
[    2.244731] devtmpfs: mounted
[    2.312351] Freeing unused kernel memory: 1024K
[    2.319808] Run /sbin/init as init process
[    2.487240] usb 1-1: New USB device found, idVendor=0424, idProduct=2514, bcdDevice= b.b3
[    2.500600] usb 1-1: New USB device strings: Mfr=0, Product=0, SerialNumber=0
[    2.511143] hub 1-1:1.0: USB hub found
[    2.517764] hub 1-1:1.0: 4 ports detected
[    2.836943] usb 1-1.1: new high-speed USB device number 3 using dwc_otg
[    2.962976] systemd[1]: System time before build time, advancing clock.
[    2.967247] usb 1-1.1: New USB device found, idVendor=0424, idProduct=2514, bcdDevice= b.b3
[    2.986253] usb 1-1.1: New USB device strings: Mfr=0, Product=0, SerialNumber=0
[    2.996995] hub 1-1.1:1.0: USB hub found
[    3.003827] hub 1-1.1:1.0: 3 ports detected
[    3.059759] systemd[1]: systemd 241 running in system mode. (+PAM +AUDIT +SELINUX +IMA +APPARMOR +SMACK +SYSVINIT +UTMP +LIBCRYPTSETUP +GCRYPT +GNUTLS +ACL +XZ +LZ4 +SECCOMP +B
LKID +ELFUTILS +KMOD -IDN2 +IDN -PCRE2 default-hierarchy=hybrid)
[    3.090648] systemd[1]: Detected architecture arm.
[    3.119577] systemd[1]: Set hostname to <raspberrypi>.
[    3.273788] uart-pl011 3f201000.serial: no DMA platform data
[    3.666953] usb 1-1.1.1: new high-speed USB device number 4 using dwc_otg
[    3.807404] usb 1-1.1.1: New USB device found, idVendor=0424, idProduct=7800, bcdDevice= 3.00
[    3.821456] usb 1-1.1.1: New USB device strings: Mfr=0, Product=0, SerialNumber=0
[    4.075035] random: systemd: uninitialized urandom read (16 bytes read)
[    4.096370] random: systemd: uninitialized urandom read (16 bytes read)
[    4.099674] lan78xx 1-1.1.1:1.0 (unnamed net_device) (uninitialized): No External EEPROM. Setting MAC Speed
[    4.122572] libphy: lan78xx-mdiobus: probed
[    4.123359] systemd[1]: Created slice User and Session Slice.
[    4.142254] random: systemd: uninitialized urandom read (16 bytes read)
[    4.155286] systemd[1]: Created slice system-getty.slice.
[    4.156531] lan78xx 1-1.1.1:1.0 (unnamed net_device) (uninitialized): int urb period 64
[    4.193707] systemd[1]: Condition check resulted in Journal Audit Socket being skipped.
[    4.209505] systemd[1]: Created slice system-serial\x2dgetty.slice.
[    4.222950] systemd[1]: Listening on udev Kernel Socket.
[    4.235314] systemd[1]: Listening on fsck to fsckd communication Socket.
[    4.249007] systemd[1]: Listening on initctl Compatibility Named Pipe.

Raspbian GNU/Linux 10 raspberrypi ttyAMA0

raspberrypi login: [ 5386.743883] Unhandled fault: alignment exception (0x001) at 0x00107c5c
[ 5386.752985] pgd = e8865d8a
[ 5386.758198] [00107c5c] *pgd=345a0835, *pte=1ac1779f, *ppte=1ac17e7f
[ 5386.784829] Unhandled fault: alignment exception (0x001) at 0x00107c5c
[ 5386.794418] pgd = 4f626112
[ 5386.800246] [00107c5c] *pgd=3848c835, *pte=1ac1779f, *ppte=1ac17e7f
[ 5386.815957] Unhandled fault: alignment exception (0x001) at 0x00107c5c
[ 5386.825600] pgd = e8865d8a
[ 5386.831385] [00107c5c] *pgd=345a0835, *pte=1ac1779f, *ppte=1ac17e7f
[ 5387.063303] Unhandled fault: alignment exception (0x001) at 0xffffffe7
[ 5387.073261] pgd = 51d37241
[ 5387.079269] [ffffffe7] *pgd=3abfa861, *pte=00000000, *ppte=00000000
[ 5389.063857] Unhandled fault: alignment exception (0x001) at 0x00107c5c
[ 5389.074053] pgd = 45d1de82
[ 5389.080614] [00107c5c] *pgd=370ab835, *pte=1ac1779f, *ppte=1ac17e7f
[ 5389.131027] Unhandled fault: alignment exception (0x001) at 0x7ec1b3c1
[ 5389.141549] pgd = 45d1de82
[ 5389.148302] [7ec1b3c1] *pgd=3841c835, *pte=160f57df, *ppte=160f5e7f
[ 5389.184708] Unhandled fault: alignment exception (0x001) at 0x7ec1b3c1
[ 5389.195246] pgd = 45d1de82
[ 5389.202225] [7ec1b3c1] *pgd=33491835, *pte=160f57df, *ppte=160f5e7f
[ 5389.224884] Unhandled fault: alignment exception (0x001) at 0x7ec1b3c1
[ 5389.235932] pgd = 45d1de82
[ 5389.243155] [7ec1b3c1] *pgd=35f6a835, *pte=160f57df, *ppte=160f5e7f
[ 5390.854659] Unhandled fault: alignment exception (0x001) at 0x00000003
[ 5390.865388] pgd = 51d37241
[ 5390.872421] [00000003] *pgd=347cd835, *pte=00000000, *ppte=00000000
[ 5391.041314] Unhandled fault: alignment exception (0x001) at 0x0000029b
[ 5391.051945] pgd = dbedce15
[ 5391.058565] [0000029b] *pgd=016ef835, *pte=00000000, *ppte=00000000
[ 5391.256031] Unhandled fault: alignment exception (0x001) at 0xffffffdb
[ 5391.266786] pgd = dbedce15
[ 5391.273589] [ffffffdb] *pgd=3abfa861, *pte=00000000, *ppte=00000000
[ 5392.252815] Unhandled fault: alignment exception (0x001) at 0x812dd847
[ 5392.263632] pgd = 0f5eb322
[ 5392.270527] [812dd847] *pgd=0121141e(bad)
[ 5392.291166] Unhandled fault: alignment exception (0x001) at 0xff5b06db
[ 5392.302049] pgd = 0f5eb322
[ 5392.308992] [ff5b06db] *pgd=00000000
[ 5392.597071] Unhandled prefetch abort: breakpoint debug exception (0x002) at 0x76c43004
[ 5392.627184] Unhandled prefetch abort: breakpoint debug exception (0x002) at 0x76c43000
[ 5393.448823] Unhandled fault: alignment exception (0x801) at 0x00a504be
[ 5393.460126] pgd = e8865d8a
[ 5393.467772] [00a504be] *pgd=347d6835, *pte=00000000, *ppte=00000000
[ 5393.486495] Unhandled fault: alignment exception (0x801) at 0x00a504be
[ 5393.497944] pgd = e8865d8a
[ 5393.505466] [00a504be] *pgd=373d4835, *pte=00000000, *ppte=00000000
[ 5393.527406] Unhandled fault: alignment exception (0x801) at 0x00a504be
[ 5393.538798] pgd = e8865d8a
[ 5393.546125] [00a504be] *pgd=385c1835, *pte=00000000, *ppte=00000000
[ 5393.578533] Unhandled fault: alignment exception (0x801) at 0x00a504be
[ 5393.589948] pgd = e8865d8a
[ 5393.597503] [00a504be] *pgd=370ad835, *pte=00000000, *ppte=00000000
[ 5393.628116] Unhandled fault: alignment exception (0x801) at 0x00a504be
[ 5393.639452] pgd = e8865d8a
[ 5393.647024] [00a504be] *pgd=35fd4835, *pte=00000000, *ppte=00000000
[ 5393.667993] Unhandled fault: alignment exception (0x801) at 0x00a504be
[ 5393.679129] pgd = 51d37241
[ 5393.686282] [00a504be] *pgd=34686835, *pte=00000000, *ppte=00000000
[ 5393.998762] Unhandled fault: alignment exception (0x001) at 0xffffffff
[ 5394.010295] pgd = dbedce15
[ 5394.017690] [ffffffff] *pgd=3abfa861, *pte=00000000, *ppte=00000000
[ 5394.877192] Unhandled fault: alignment exception (0x001) at 0xffffffdb
[ 5394.888727] pgd = 51d37241
[ 5394.896196] [ffffffdb] *pgd=3abfa861, *pte=00000000, *ppte=00000000
[ 5394.918809] Unhandled fault: alignment exception (0x001) at 0xffffffdb
[ 5394.930246] pgd = 45d1de82
[ 5394.937589] [ffffffdb] *pgd=3abfa861, *pte=00000000, *ppte=00000000
[ 5394.971375] Unhandled fault: alignment exception (0x001) at 0xffffffdb
[ 5394.982182] pgd = e8865d8a
[ 5394.988916] [ffffffdb] *pgd=3abfa861, *pte=00000000, *ppte=00000000
[ 5395.734030] Unhandled prefetch abort: unknown 1 (0x001) at 0x0000000a
[ 5395.755548] Unhandled prefetch abort: unknown 1 (0x001) at 0x0000000a
[ 5395.906234] Unhandled fault: alignment exception (0x801) at 0x000d78fd
[ 5395.917094] pgd = 45d1de82
[ 5395.924443] [000d78fd] *pgd=371ca835, *pte=3153159f, *ppte=31531e7e
[ 5395.942917] Unhandled fault: alignment exception (0x801) at 0x000d78fd
[ 5395.953549] pgd = dbedce15
[ 5395.960573] [000d78fd] *pgd=015ad835, *pte=3153159f, *ppte=31531e7e
[ 5396.017559] Unhandled fault: alignment exception (0x801) at 0x000d78fd
[ 5396.028218] pgd = dbedce15
[ 5396.035218] [000d78fd] *pgd=37049835, *pte=3153159f, *ppte=31531e7e
[ 5396.066263] Unhandled fault: alignment exception (0x801) at 0x000d78fd
[ 5396.077196] pgd = dbedce15
[ 5396.084422] [000d78fd] *pgd=37049835, *pte=3153159f, *ppte=31531e7e
[ 5396.709128] Unhandled fault: alignment exception (0x801) at 0x00107d0a
[ 5396.720255] pgd = 51d37241
[ 5396.727482] [00107d0a] *pgd=27f2e835, *pte=1ac1779f, *ppte=1ac17e7f
[ 5396.956415] Unhandled fault: alignment exception (0x801) at 0xfffffc5b
[ 5396.967221] pgd = c21c10c4
[ 5396.974225] [fffffc5b] *pgd=3abfa861, *pte=00000000, *ppte=00000000
[ 5397.211670] Unhandled fault: alignment exception (0x001) at 0xffffffdb
[ 5397.222272] pgd = c21c10c4
[ 5397.228873] [ffffffdb] *pgd=3abfa861, *pte=00000000, *ppte=00000000
[ 5397.724277] Unhandled fault: alignment exception (0x801) at 0xffffffff
[ 5397.734755] pgd = 0f5eb322
[ 5397.741454] [ffffffff] *pgd=3abfa861, *pte=00000000, *ppte=00000000
[ 5398.752530] Unhandled fault: alignment exception (0x001) at 0xffffffd7
[ 5398.763695] pgd = 4f626112
[ 5398.771089] [ffffffd7] *pgd=3abfa861, *pte=00000000, *ppte=00000000
[ 5399.033649] Unhandled prefetch abort: breakpoint debug exception (0x002) at 0x76c43000
[ 5399.796063] Unhandled fault: alignment exception (0x001) at 0xffffffff
[ 5399.807156] pgd = c21c10c4
[ 5399.814318] [ffffffff] *pgd=3abfa861, *pte=00000000, *ppte=00000000
[ 5400.678355] Unhandled fault: alignment exception (0x801) at 0xffffffef
[ 5400.689568] pgd = e8865d8a
[ 5400.696906] [ffffffef] *pgd=3abfa861, *pte=00000000, *ppte=00000000
[ 5400.714599] Unhandled fault: alignment exception (0x801) at 0xffffffef
[ 5400.725740] pgd = e8865d8a
[ 5400.733181] [ffffffef] *pgd=3abfa861, *pte=00000000, *ppte=00000000
[ 5401.389119] Unhandled fault: alignment exception (0x001) at 0xffffffff
[ 5401.400666] pgd = c21c10c4
[ 5401.408057] [ffffffff] *pgd=3abfa861, *pte=00000000, *ppte=00000000
[ 5401.486473] Unhandled fault: alignment exception (0x001) at 0x00000003
[ 5401.497889] pgd = 4f626112
[ 5401.505191] [00000003] *pgd=37322835, *pte=00000000, *ppte=00000000
[ 5401.528404] Unhandled fault: alignment exception (0x001) at 0x00000003
[ 5401.539576] pgd = 4f626112
[ 5401.547246] [00000003] *pgd=34773835, *pte=00000000, *ppte=00000000
[ 5401.564794] Unhandled fault: alignment exception (0x001) at 0x00000003
[ 5401.576015] pgd = e8865d8a
[ 5401.583373] [00000003] *pgd=36768835, *pte=00000000, *ppte=00000000
[ 5403.197107] Unhandled fault: alignment exception (0x001) at 0xffffffff
[ 5403.208373] pgd = 0f5eb322
[ 5403.216008] [ffffffff] *pgd=3abfa861, *pte=00000000, *ppte=00000000
[ 5405.064361] Unhandled fault: alignment exception (0x001) at 0x00075bca
[ 5405.075544] pgd = dbedce15
[ 5405.082485] [00075bca] *pgd=3472d835, *pte=2a6b559f, *ppte=2a6b5e7e
[ 5405.611601] Unhandled fault: alignment exception (0x801) at 0xffffffff
[ 5405.622787] pgd = 4f626112
[ 5405.629776] [ffffffff] *pgd=3abfa861, *pte=00000000, *ppte=00000000
[ 5405.646577] Unhandled fault: alignment exception (0x001) at 0x00000287
[ 5405.657567] pgd = 0f5eb322
[ 5405.664588] [00000287] *pgd=08a29835, *pte=00000000, *ppte=00000000
[ 5405.692187] Unhandled fault: alignment exception (0x801) at 0xffffffff
[ 5405.702823] pgd = 4f626112
[ 5405.709477] [ffffffff] *pgd=3abfa861, *pte=00000000, *ppte=00000000
[ 5405.739237] Unhandled fault: alignment exception (0x801) at 0xffffffff
[ 5405.750160] pgd = 4f626112
[ 5405.757180] [ffffffff] *pgd=3abfa861, *pte=00000000, *ppte=00000000
[ 5405.779501] Unhandled fault: alignment exception (0x801) at 0xffffffff
[ 5405.790728] pgd = 4f626112
[ 5405.797833] [ffffffff] *pgd=3abfa861, *pte=00000000, *ppte=00000000
[ 5406.366661] Unhandled prefetch abort: breakpoint debug exception (0x002) at 0x76c43008
[ 5406.407146] Unhandled prefetch abort: breakpoint debug exception (0x002) at 0x76c43004
[ 5406.443281] Unhandled prefetch abort: breakpoint debug exception (0x002) at 0x76c43000
[ 5406.801443] Unhandled fault: alignment exception (0x001) at 0x00107c29
[ 5406.813024] pgd = dbedce15
[ 5406.820736] [00107c29] *pgd=3862a835, *pte=1ac1779f, *ppte=1ac17e7f
[ 5406.906833] Unhandled prefetch abort: unknown 1 (0x001) at 0x6f60068a
[ 5407.025093] Unhandled prefetch abort: unknown 1 (0x001) at 0x0000000a
[ 5407.580824] Unhandled prefetch abort: breakpoint debug exception (0x002) at 0x76c43000
[ 5408.229048] Unhandled fault: alignment exception (0x801) at 0x76c50f81
[ 5408.240896] pgd = dbedce15
[ 5408.248926] [76c50f81] *pgd=34657835, *pte=3544275f, *ppte=35442c7f
[ 5408.554217] Unhandled fault: alignment exception (0x801) at 0xffffffe3
[ 5408.566158] pgd = c21c10c4
[ 5408.574134] [ffffffe3] *pgd=3abfa861, *pte=00000000, *ppte=00000000
[ 5409.108229] Unhandled fault: alignment exception (0x801) at 0x00000003
[ 5409.119924] pgd = dbedce15
[ 5409.127694] [00000003] *pgd=39ee5835, *pte=00000000, *ppte=00000000
[ 5409.155610] Unhandled fault: alignment exception (0x801) at 0x00000003
[ 5409.167343] pgd = 508632d0
[ 5409.175154] [00000003] *pgd=38716835, *pte=00000000, *ppte=00000000
[ 5409.200279] Unhandled fault: alignment exception (0x801) at 0x00000003
[ 5409.211808] pgd = dbedce15
[ 5409.219286] [00000003] *pgd=08a2e835, *pte=00000000, *ppte=00000000
[ 5409.253098] Unhandled fault: alignment exception (0x801) at 0x00000003
[ 5409.264430] pgd = dbedce15
[ 5409.271738] [00000003] *pgd=08a2e835, *pte=00000000, *ppte=00000000
[ 5410.482130] Unhandled prefetch abort: unknown 1 (0x001) at 0xdffffffe
[ 5410.780913] Unhandled fault: alignment exception (0x001) at 0xffffffeb
[ 5410.791857] pgd = 45d1de82
[ 5410.798919] [ffffffeb] *pgd=3abfa861, *pte=00000000, *ppte=00000000
[ 5410.875416] Unhandled fault: alignment exception (0x801) at 0xffef8717
[ 5410.886503] pgd = 508632d0
[ 5410.893799] [ffef8717] *pgd=3abfa861, *pte=00000000, *ppte=00000000
[ 5411.365490] Unhandled fault: alignment exception (0x801) at 0xffffffff
[ 5411.376506] pgd = 0f5eb322
[ 5411.383499] [ffffffff] *pgd=3abfa861, *pte=00000000, *ppte=00000000
[ 5411.405924] Unhandled fault: alignment exception (0x801) at 0xffffffff
[ 5411.417015] pgd = dbedce15
[ 5411.424171] [ffffffff] *pgd=3abfa861, *pte=00000000, *ppte=00000000
[ 5411.975423] Unhandled fault: alignment exception (0x001) at 0x000f1d94
[ 5411.986394] pgd = 45d1de82
[ 5411.993479] [000f1d94] *pgd=3346d835, *pte=00000000, *ppte=00000000
[ 5413.081628] Unhandled fault: alignment exception (0x801) at 0xffffffdf
[ 5413.092645] pgd = dbedce15
[ 5413.099733] [ffffffdf] *pgd=3abfa861, *pte=00000000, *ppte=00000000
[ 5413.128049] Unhandled fault: alignment exception (0x801) at 0xffffffdf
[ 5413.139218] pgd = dbedce15
[ 5413.146463] [ffffffdf] *pgd=3abfa861, *pte=00000000, *ppte=00000000
[ 5413.811791] Unhandled fault: alignment exception (0x001) at 0xffffffff
[ 5413.822951] pgd = dbedce15
[ 5413.830135] [ffffffff] *pgd=3abfa861, *pte=00000000, *ppte=00000000
[ 5413.857732] Unhandled fault: alignment exception (0x001) at 0xffffffff
[ 5413.868833] pgd = 51d37241
[ 5413.876150] [ffffffff] *pgd=3abfa861, *pte=00000000, *ppte=00000000
[ 5414.982594] Unhandled fault: alignment exception (0x801) at 0x00000003
[ 5414.993855] pgd = 508632d0
[ 5415.000733] [00000003] *pgd=385d5835, *pte=00000000, *ppte=00000000
[ 5415.349259] Unhandled fault: alignment exception (0x801) at 0x00107d46
[ 5415.360349] Unhandled fault: alignment exception (0x801) at 0xffffffff
[ 5415.360458] pgd = 0f5eb322
[ 5415.371240] pgd = dbedce15
[ 5415.378082] [00107d46] *pgd=345d7835, *pte=1ac1779f, *ppte=1ac17e7f
[ 5415.384801] [ffffffff] *pgd=3abfa861, *pte=00000000, *ppte=00000000
[ 5415.406756] Unhandled fault: alignment exception (0x801) at 0x00107d46
[ 5415.417717] Unhandled fault: alignment exception (0x801) at 0xffffffff
[ 5415.417851] pgd = 0f5eb322
[ 5415.428599] pgd = dbedce15
[ 5415.435154] [00107d46] *pgd=345d7835, *pte=1ac1779f, *ppte=1ac17e7f
[ 5415.441804] [ffffffff] *pgd=3abfa861, *pte=00000000, *ppte=00000000
[ 5415.871506] Unhandled prefetch abort: unknown 1 (0x001) at 0xfdedf4c2
[ 5416.457204] Unhandled fault: alignment exception (0x801) at 0x300eb5d6
[ 5416.467905] pgd = dbedce15
[ 5416.474646] [300eb5d6] *pgd=00000000
[ 5416.747312] Unhandled fault: alignment exception (0x801) at 0xffffffef
[ 5416.758008] pgd = 508632d0
[ 5416.764749] [ffffffef] *pgd=3abfa861, *pte=00000000, *ppte=00000000
[ 5416.981695] Unhandled fault: alignment exception (0x001) at 0xffffffdf
[ 5416.992219] pgd = fecd7f5e
[ 5416.998708] Unhandled fault: alignment exception (0x801) at 0xffffffff
[ 5416.998713] [ffffffdf] *pgd=3abfa861, *pte=00000000, *ppte=00000000
[ 5417.009040] pgd = 51d37241
[ 5417.025753] [ffffffff] *pgd=3abfa861, *pte=00000000, *ppte=00000000
[ 5417.049425] Unhandled fault: alignment exception (0x801) at 0xffffffff
[ 5417.060120] pgd = 45d1de82
[ 5417.066988] [ffffffff] *pgd=3abfa861, *pte=00000000, *ppte=00000000
[ 5417.429821] Unhandled prefetch abort: unknown 1 (0x001) at 0xdcc6877a
[ 5418.085071] Unhandled fault: alignment exception (0x801) at 0xffffffff
[ 5418.095575] pgd = c21c10c4
[ 5418.101993] [ffffffff] *pgd=3abfa861, *pte=00000000, *ppte=00000000
[ 5418.128527] Unhandled fault: alignment exception (0x801) at 0xffffffff
[ 5418.139456] pgd = 508632d0
[ 5418.146625] [ffffffff] *pgd=3abfa861, *pte=00000000, *ppte=00000000
[ 5418.163904] Unhandled fault: alignment exception (0x801) at 0xffffffff
[ 5418.174999] pgd = 51d37241
[ 5418.182176] [ffffffff] *pgd=3abfa861, *pte=00000000, *ppte=00000000
[ 5420.577092] Unhandled prefetch abort: unknown 1 (0x001) at 0xbf9fceba
[ 5420.594586] Unhandled prefetch abort: unknown 1 (0x001) at 0xeead9366
[ 5421.943322] Unhandled fault: alignment exception (0x001) at 0xfffffea3
[ 5421.954588] pgd = 508632d0
[ 5421.961809] [fffffea3] *pgd=3abfa861, *pte=00000000, *ppte=00000000
[ 5423.769206] Unhandled fault: alignment exception (0x001) at 0x000000a7
[ 5423.780078] pgd = 0f5eb322
[ 5423.787296] [000000a7] *pgd=01553835, *pte=00000000, *ppte=00000000
[ 5423.815069] Unhandled fault: alignment exception (0x001) at 0x000000a7
[ 5423.825811] pgd = dbedce15
[ 5423.832683] [000000a7] *pgd=37229835, *pte=00000000, *ppte=00000000
[ 5424.134847] Unhandled fault: alignment exception (0x001) at 0x00000003
[ 5424.145794] pgd = 45d1de82
[ 5424.152704] [00000003] *pgd=0141a835, *pte=00000000, *ppte=00000000
[ 5424.490652] Unhandled fault: alignment exception (0x001) at 0xffffffdb
[ 5424.501413] pgd = 45d1de82
[ 5424.508338] [ffffffdb] *pgd=3abfa861, *pte=00000000, *ppte=00000000
[ 5425.156002] Unhandled fault: alignment exception (0x801) at 0xffffffff
[ 5425.167218] pgd = 51d37241
[ 5425.174394] [ffffffff] *pgd=3abfa861, *pte=00000000, *ppte=00000000
[ 5425.192693] Unhandled fault: alignment exception (0x801) at 0xffffffff
[ 5425.203788] pgd = 51d37241
[ 5425.210590] [ffffffff] *pgd=3abfa861, *pte=00000000, *ppte=00000000
[ 5425.232058] Unhandled fault: alignment exception (0x801) at 0xffffffff
[ 5425.243111] pgd = 51d37241
[ 5425.250341] [ffffffff] *pgd=3abfa861, *pte=00000000, *ppte=00000000
[ 5425.704264] Unhandled fault: alignment exception (0x801) at 0xffffffff
[ 5425.715333] pgd = 51d37241
[ 5425.722846] [ffffffff] *pgd=3abfa861, *pte=00000000, *ppte=00000000
[ 5427.387464] Unhandled prefetch abort: breakpoint debug exception (0x002) at 0x76c43000
[ 5428.624980] Unhandled fault: alignment exception (0x001) at 0x7ec1ab3d
[ 5428.635881] pgd = 0f5eb322
[ 5428.642979] [7ec1ab3d] *pgd=015e4835, *pte=0ddfd75f, *ppte=0ddfdc7f
[ 5430.422658] Unhandled fault: alignment exception (0x801) at 0x00000003
[ 5430.433943] pgd = 51d37241
[ 5430.441581] [00000003] *pgd=27e50835, *pte=00000000, *ppte=00000000
[ 5430.493384] Unhandled fault: alignment exception (0x801) at 0x00000003
[ 5430.504824] pgd = fecd7f5e
[ 5430.512246] [00000003] *pgd=35d92835, *pte=00000000, *ppte=00000000
[ 5431.675516] Unhandled prefetch abort: breakpoint debug exception (0x002) at 0x76ca1a60
[ 5433.034866] Unhandled fault: alignment exception (0x801) at 0xffffffef
[ 5433.046536] pgd = 45d1de82
[ 5433.054206] [ffffffef] *pgd=3abfa861, *pte=00000000, *ppte=00000000
[ 5433.231415] Unhandled fault: alignment exception (0x001) at 0xffffffdb
[ 5433.243024] pgd = fecd7f5e
[ 5433.250768] [ffffffdb] *pgd=3abfa861, *pte=00000000, *ppte=00000000
[ 5433.270118] Unhandled fault: alignment exception (0x001) at 0xffffffdb
[ 5433.281735] pgd = 0f5eb322
[ 5433.289209] [ffffffdb] *pgd=3abfa861, *pte=00000000, *ppte=00000000
[ 5433.317081] Unhandled fault: alignment exception (0x001) at 0xffffffdb
[ 5433.328690] pgd = c21c10c4
[ 5433.336220] [ffffffdb] *pgd=3abfa861, *pte=00000000, *ppte=00000000
[ 5434.817407] Unhandled fault: alignment exception (0x801) at 0x00107c67
[ 5434.829027] pgd = 45d1de82
[ 5434.836419] [00107c67] *pgd=38481835, *pte=1ac1779f, *ppte=1ac17e7f
[ 5437.893198] Unhandled fault: alignment exception (0x801) at 0xffffffeb
[ 5437.904479] pgd = 508632d0
[ 5437.911890] Unhandled fault: alignment exception (0x801) at 0xffffffff
[ 5437.911917] [ffffffeb] *pgd=3abfa861, *pte=00000000, *ppte=00000000
[ 5437.922970] pgd = dbedce15
[ 5437.940894] [ffffffff] *pgd=3abfa861, *pte=00000000, *ppte=00000000
[ 5437.951910] Unhandled fault: alignment exception (0x801) at 0xffffffeb
[ 5437.963407] pgd = 0f5eb322
[ 5437.963416] [ffffffeb] *pgd=3abfa861, *pte=00000000, *ppte=00000000
[ 5437.981141] Unhandled fault: alignment exception (0x801) at 0xffffffff
[ 5437.992339] pgd = dbedce15
[ 5437.999708] [ffffffff] *pgd=3abfa861, *pte=00000000, *ppte=00000000
[ 5438.098770] Unhandled fault: alignment exception (0x801) at 0x00000003
[ 5438.109741] pgd = c21c10c4
[ 5438.117344] [00000003] *pgd=11440835, *pte=00000000, *ppte=00000000
[ 5438.196624] Unhandled prefetch abort: unknown 1 (0x001) at 0xfec80876
[ 5438.226670] Unhandled prefetch abort: unknown 1 (0x001) at 0xf7612fa2
[ 5438.621930] Unhandled fault: alignment exception (0x001) at 0x00000003
[ 5438.632588] pgd = 508632d0
[ 5438.639499] [00000003] *pgd=01485835, *pte=00000000, *ppte=00000000
[ 5439.477788] Unhandled fault: alignment exception (0x801) at 0xffffffff
[ 5439.488687] pgd = 0f5eb322
[ 5439.495550] [ffffffff] *pgd=3abfa861, *pte=00000000, *ppte=00000000
[ 5439.534838] Unhandled fault: alignment exception (0x801) at 0xffffffff
[ 5439.545747] pgd = 0f5eb322
[ 5439.552712] [ffffffff] *pgd=3abfa861, *pte=00000000, *ppte=00000000
[ 5439.578268] Unhandled fault: alignment exception (0x801) at 0xffffffff
[ 5439.589340] pgd = 0f5eb322
[ 5439.596469] [ffffffff] *pgd=3abfa861, *pte=00000000, *ppte=00000000
[ 5439.624616] Unhandled fault: alignment exception (0x801) at 0xffffffff
[ 5439.635605] pgd = 508632d0
[ 5439.642421] [ffffffff] *pgd=3abfa861, *pte=00000000, *ppte=00000000
[ 5440.269784] Unhandled fault: alignment exception (0x001) at 0xffffffe3
[ 5440.280817] pgd = 51d37241
[ 5440.287971] [ffffffe3] *pgd=3abfa861, *pte=00000000, *ppte=00000000
[ 5440.337788] Unhandled prefetch abort: breakpoint debug exception (0x002) at 0x76c4300c
[ 5440.378166] Unhandled prefetch abort: breakpoint debug exception (0x002) at 0x76c43008
[ 5440.410958] Unhandled prefetch abort: breakpoint debug exception (0x002) at 0x76c43004
[ 5440.448616] Unhandled prefetch abort: breakpoint debug exception (0x002) at 0x76c43000
[ 5441.635985] Unhandled prefetch abort: breakpoint debug exception (0x002) at 0x76c43004
[ 5441.667886] Unhandled prefetch abort: breakpoint debug exception (0x002) at 0x76c43000
[ 5441.863970] Unhandled fault: alignment exception (0x801) at 0xffffffff
[ 5441.876457] pgd = fecd7f5e
[ 5441.885052] [ffffffff] *pgd=3abfa861, *pte=00000000, *ppte=00000000
[ 5442.641905] Unhandled fault: alignment exception (0x801) at 0xffffffeb
[ 5442.654387] pgd = 51d37241
[ 5442.663014] [ffffffeb] *pgd=3abfa861, *pte=00000000, *ppte=00000000
[ 5442.692533] Unhandled fault: alignment exception (0x801) at 0xffffffeb
[ 5442.705009] pgd = 51d37241
[ 5442.713728] [ffffffeb] *pgd=3abfa861, *pte=00000000, *ppte=00000000
[ 5444.025169] Unhandled fault: alignment exception (0x801) at 0x000003ef
[ 5444.037910] pgd = c21c10c4
[ 5444.046565] [000003ef] *pgd=11440835, *pte=00000000, *ppte=00000000
[ 5445.181715] Unhandled fault: alignment exception (0x801) at 0x00000003
[ 5445.194381] pgd = c21c10c4
[ 5445.203227] [00000003] *pgd=384f8835, *pte=00000000, *ppte=00000000
[ 5445.222129] Unhandled fault: alignment exception (0x801) at 0x00000003
[ 5445.234475] pgd = 0f5eb322
[ 5445.242636] [00000003] *pgd=11442835, *pte=00000000, *ppte=00000000
[ 5445.260159] Unhandled fault: alignment exception (0x801) at 0x00000003
[ 5445.272074] pgd = 51d37241
[ 5445.279816] [00000003] *pgd=34522835, *pte=00000000, *ppte=00000000
[ 5446.484967] Unhandled fault: alignment exception (0x801) at 0x00000003
[ 5446.496579] pgd = dbedce15
[ 5446.504089] [00000003] *pgd=346f8835, *pte=00000000, *ppte=00000000
