[    0.000000] Booting Linux on physical CPU 0x0000000000 [0x410fd034]
[    0.000000] Linux version 4.19.118-v8+ (dom@buildbot) (gcc version 5.4.0 20160609 (Ubuntu/Linaro 5.4.0-6ubuntu1~16.04.9)) #1311 SMP PREEMPT Mon Apr 27 14:32:38 BST 2020
[    0.000000] Machine model: Raspberry Pi 3 Model B Rev 1.2
[    0.000000] efi: Getting EFI parameters from FDT:
[    0.000000] efi: UEFI not found.
[    0.000000] cma: Reserved 8 MiB at 0x000000003ac00000
[    0.000000] random: get_random_bytes called from start_kernel+0xb8/0x47c with crng_init=0
[    0.000000] percpu: Embedded 24 pages/cpu s58840 r8192 d31272 u98304
[    0.000000] Detected VIPT I-cache on CPU0
[    0.000000] CPU features: enabling workaround for ARM erratum 843419
[    0.000000] CPU features: enabling workaround for ARM erratum 845719
[    0.000000] Built 1 zonelists, mobility grouping on.  Total pages: 238896
[    0.000000] Kernel command line: coherent_pool=1M 8250.nr_uarts=1 snd_bcm2835.enable_compat_alsa=0 snd_bcm2835.enable_hdmi=1 snd_bcm2835.enable_headphones=1 bcm2708_fb.fbwidth
=656 bcm2708_fb.fbheight=416 bcm2708_fb.fbswap=1 vc_mem.mem_base=0x3ec00000 vc_mem.mem_size=0x40000000  dwc_otg.lpm_enable=0 console=ttyAMA0,115200 console=tty1 root=PARTUUID=4c9
99877-02 rootfstype=ext4 elevator=deadline fsck.repair=yes rootwait
[    0.000000] Dentry cache hash table entries: 131072 (order: 8, 1048576 bytes)
[    0.000000] Inode-cache hash table entries: 65536 (order: 7, 524288 bytes)
[    0.000000] Memory: 929096K/970752K available (8700K kernel code, 1074K rwdata, 2760K rodata, 1024K init, 1126K bss, 33464K reserved, 8192K cma-reserved)
[    0.000000] SLUB: HWalign=64, Order=0-3, MinObjects=0, CPUs=4, Nodes=1
[    0.000000] ftrace: allocating 30496 entries in 120 pages
[    0.000000] rcu: Preemptible hierarchical RCU implementation.
[    0.000000] rcu:     RCU restricting CPUs from NR_CPUS=64 to nr_cpu_ids=4.
[    0.000000]  Tasks RCU enabled.
[    0.000000] rcu: Adjusting geometry for rcu_fanout_leaf=16, nr_cpu_ids=4
[    0.000000] NR_IRQS: 64, nr_irqs: 64, preallocated irqs: 0
[    0.000000] arch_timer: cp15 timer(s) running at 19.20MHz (phys).
[    0.000000] clocksource: arch_sys_counter: mask: 0xffffffffffffff max_cycles: 0x46d987e47, max_idle_ns: 440795202767 ns
[    0.000007] sched_clock: 56 bits at 19MHz, resolution 52ns, wraps every 4398046511078ns
[    0.000270] Console: colour dummy device 80x25
[    0.000934] console [tty1] enabled
[    0.001004] Calibrating delay loop (skipped), value calculated using timer frequency.. 38.40 BogoMIPS (lpj=76800)
[    0.001056] pid_max: default: 32768 minimum: 301
[    0.001490] Mount-cache hash table entries: 2048 (order: 2, 16384 bytes)
[    0.001547] Mountpoint-cache hash table entries: 2048 (order: 2, 16384 bytes)
[    0.024104] ASID allocator initialised with 32768 entries
[    0.032101] rcu: Hierarchical SRCU implementation.
[    0.040733] EFI services will not be available.
[    0.048179] smp: Bringing up secondary CPUs ...
[    0.080447] Detected VIPT I-cache on CPU1
[    0.080515] CPU1: Booted secondary processor 0x0000000001 [0x410fd034]
[    0.112572] Detected VIPT I-cache on CPU2
[    0.112620] CPU2: Booted secondary processor 0x0000000002 [0x410fd034]
[    0.144739] Detected VIPT I-cache on CPU3
[    0.144784] CPU3: Booted secondary processor 0x0000000003 [0x410fd034]
[    0.144969] smp: Brought up 1 node, 4 CPUs
[    0.145123] SMP: Total of 4 processors activated.
[    0.145158] CPU features: detected: 32-bit EL0 Support
[    0.146131] CPU: All CPU(s) started at EL2
[    0.146206] alternatives: patching kernel code
[    0.147835] devtmpfs: initialized
[    0.164023] Enabled cp15_barrier support
[    0.164090] Enabled setend support
[    0.164634] clocksource: jiffies: mask: 0xffffffff max_cycles: 0xffffffff, max_idle_ns: 7645041785100000 ns
[    0.164694] futex hash table entries: 1024 (order: 4, 65536 bytes)
[    0.165447] pinctrl core: initialized pinctrl subsystem
[    0.166343] DMI not present or invalid.
[    0.166910] NET: Registered protocol family 16
[    0.173367] cpuidle: using governor menu
[    0.173980] hw-breakpoint: found 6 breakpoint and 4 watchpoint registers.
[    0.178572] DMA: preallocated 1024 KiB pool for atomic allocations
[    0.178755] Serial: AMBA PL011 UART driver
[    0.183367] bcm2835-mbox 3f00b880.mailbox: mailbox enabled
[    0.192931] raspberrypi-firmware soc:firmware: Attached to firmware from 2020-04-15 11:43, variant start
[    0.196949] raspberrypi-firmware soc:firmware: Firmware hash is 82f9bb929ce2186eb1824178c1ae82902ad6275c
[    0.245803] bcm2835-dma 3f007000.dma: DMA legacy API manager at (____ptrval____), dmachans=0x1
[    0.249123] vgaarb: loaded
[    0.249713] SCSI subsystem initialized
[    0.250010] usbcore: registered new interface driver usbfs
[    0.250114] usbcore: registered new interface driver hub
[    0.250276] usbcore: registered new device driver usb
[    0.250452] pps_core: LinuxPPS API ver. 1 registered
[    0.250486] pps_core: Software ver. 5.3.6 - Copyright 2005-2007 Rodolfo Giometti <giometti@linux.it>
[    0.250546] PTP clock support registered
[    0.252361] clocksource: Switched to clocksource arch_sys_counter
[    0.377583] VFS: Disk quotas dquot_6.6.0
[    0.377723] VFS: Dquot-cache hash table entries: 512 (order 0, 4096 bytes)
[    0.378005] FS-Cache: Loaded
[    0.378290] CacheFiles: Loaded
[    0.390430] NET: Registered protocol family 2
[    0.391398] tcp_listen_portaddr_hash hash table entries: 512 (order: 1, 8192 bytes)
[    0.391474] TCP established hash table entries: 8192 (order: 4, 65536 bytes)
[    0.391618] TCP bind hash table entries: 8192 (order: 5, 131072 bytes)
[    0.391836] TCP: Hash tables configured (established 8192 bind 8192)
[    0.392124] UDP hash table entries: 512 (order: 2, 16384 bytes)
[    0.392201] UDP-Lite hash table entries: 512 (order: 2, 16384 bytes)
[    0.392636] NET: Registered protocol family 1
[    0.393642] RPC: Registered named UNIX socket transport module.
[    0.393679] RPC: Registered udp transport module.
[    0.393710] RPC: Registered tcp transport module.
[    0.393740] RPC: Registered tcp NFSv4.1 backchannel transport module.
[    0.396414] hw perfevents: enabled with armv8_cortex_a53 PMU driver, 7 counters available
[    0.396617] kvm [1]: 8-bit VMID
[    0.397458] kvm [1]: Hyp mode initialized successfully
[    0.402368] Initialise system trusted keyrings
[    0.402707] workingset: timestamp_bits=46 max_order=18 bucket_order=0
[    0.415042] FS-Cache: Netfs 'nfs' registered for caching
[    0.416107] NFS: Registering the id_resolver key type
[    0.416177] Key type id_resolver registered
[    0.416208] Key type id_legacy registered
[    0.416251] nfs4filelayout_init: NFSv4 File Layout Driver Registering...
[    0.424017] Key type asymmetric registered
[    0.424068] Asymmetric key parser 'x509' registered
[    0.424167] Block layer SCSI generic (bsg) driver version 0.4 loaded (major 248)
[    0.424515] io scheduler noop registered
[    0.424551] io scheduler deadline registered (default)
[    0.424814] io scheduler cfq registered
[    0.424847] io scheduler mq-deadline registered (default)
[    0.424881] io scheduler kyber registered
[    0.430764] bcm2708_fb soc:fb: FB found 1 display(s)
[    0.440256] Console: switching to colour frame buffer device 82x26
[    0.445188] bcm2708_fb soc:fb: Registered framebuffer for display 0, size 656x416
[    0.452614] Serial: 8250/16550 driver, 1 ports, IRQ sharing enabled
[    0.457086] bcm2835-rng 3f104000.rng: hwrng registered
[    0.460025] vc-mem: phys_addr:0x00000000 mem_base=0x3ec00000 mem_size:0x40000000(1024 MiB)
[    0.465775] gpiomem-bcm2835 3f200000.gpiomem: Initialised: Registers at 0x3f200000
[    0.471301] cacheinfo: Unable to detect cache hierarchy for CPU 0
[    0.489715] brd: module loaded
[    0.507744] loop: module loaded
[    0.511479] Loading iSCSI transport class v2.0-870.
[    0.516830] libphy: Fixed MDIO Bus: probed
[    0.519757] usbcore: registered new interface driver r8152
[    0.522424] usbcore: registered new interface driver lan78xx
[    0.525063] usbcore: registered new interface driver smsc95xx
[    0.527920] dwc_otg: version 3.00a 10-AUG-2012 (platform bus)
[    0.559245] dwc_otg 3f980000.usb: base=(____ptrval____)
[    0.775256] Core Release: 2.80a
[    0.777780] Setting default values for core params
[    0.780293] Finished setting default values for core params
[    0.996009] Using Buffer DMA mode
[    0.998418] Periodic Transfer Interrupt Enhancement - disabled
[    1.000867] Multiprocessor Interrupt Enhancement - disabled
[    1.003278] OTG VER PARAM: 0, OTG VER FLAG: 0
[    1.005645] Dedicated Tx FIFOs mode
[    1.008823] WARN::dwc_otg_hcd_init:1074: FIQ DMA bounce buffers: virt = ffffff80090c1000 dma = 0x00000000fad04000 len=9024
[    1.013360] FIQ FSM acceleration enabled for :
[    1.013360] Non-periodic Split Transactions
[    1.013360] Periodic Split Transactions
[    1.013360] High-Speed Isochronous Endpoints
[    1.013360] Interrupt/Control Split Transaction hack enabled
[    1.024169] WARN::hcd_init_fiq:497: MPHI regs_base at ffffff8008065000
[    1.026485] dwc_otg 3f980000.usb: DWC OTG Controller
[    1.028826] dwc_otg 3f980000.usb: new USB bus registered, assigned bus number 1
[    1.031285] dwc_otg 3f980000.usb: irq 9, io mem 0x00000000
[    1.033720] Init: Port Power? op_state=1
[    1.036052] Init: Power Port (0)
[    1.038750] usb usb1: New USB device found, idVendor=1d6b, idProduct=0002, bcdDevice= 4.19
[    1.043507] usb usb1: New USB device strings: Mfr=3, Product=2, SerialNumber=1
[    1.046072] usb usb1: Product: DWC OTG Controller
[    1.048585] usb usb1: Manufacturer: Linux 4.19.118-v8+ dwc_otg_hcd
[    1.051085] usb usb1: SerialNumber: 3f980000.usb
[    1.054373] hub 1-0:1.0: USB hub found
[    1.056912] hub 1-0:1.0: 1 port detected
[    1.060495] usbcore: registered new interface driver uas
[    1.062906] usbcore: registered new interface driver usb-storage
[    1.065494] mousedev: PS/2 mouse device common for all mice
[    1.069374] bcm2835-wdt bcm2835-wdt: Broadcom BCM2835 watchdog timer
[    1.073964] sdhci: Secure Digital Host Controller Interface driver
[    1.076440] sdhci: Copyright(c) Pierre Ossman
[    1.079506] sdhost-bcm2835 3f202000.mmc: could not get clk, deferring probe
[    1.082258] sdhci-pltfm: SDHCI platform and OF driver helper
[    1.086907] ledtrig-cpu: registered to indicate activity on CPUs
[    1.089666] hidraw: raw HID events driver (C) Jiri Kosina
[    1.092334] usbcore: registered new interface driver usbhid
[    1.094838] usbhid: USB HID core driver
[    1.098651] vchiq: vchiq_init_state: slot_zero = (____ptrval____), is_master = 0
[    1.107472] Initializing XFRM netlink socket
[    1.109962] NET: Registered protocol family 17
[    1.112506] Key type dns_resolver registered
[    1.116279] registered taskstats version 1
[    1.118628] Loading compiled-in X.509 certificates
[    1.132931] uart-pl011 3f201000.serial: cts_event_workaround enabled
[    1.135532] 3f201000.serial: ttyAMA0 at MMIO 0x3f201000 (irq = 66, base_baud = 0) is a PL011 rev2
[    2.126178] console [ttyAMA0] enabled
[    2.134370] bcm2835-power bcm2835-power: Broadcom BCM2835 power domains driver
[    2.146274] sdhost: log_buf @ (____ptrval____) (fad07000)
[    2.203697] mmc0: sdhost-bcm2835 loaded - DMA enabled (>1)
[    2.215615] of_cfs_init
[    2.220767] of_cfs_init: OK
[    2.227016] Waiting for root device PARTUUID=4c999877-02...
[    2.248559] Indeed it is in host mode hprt0 = 00021501
[    2.310712] mmc0: host does not support reading read-only switch, assuming write-enable
[    2.341960] mmc0: new high speed SDHC card at address aaaa
[    2.352432] mmcblk0: mmc0:aaaa SC16G 14.8 GiB
[    2.364792]  mmcblk0: p1 p2
[    2.369266] random: fast init done
[    2.389979] EXT4-fs (mmcblk0p2): INFO: recovery required on readonly filesystem
[    2.399920] EXT4-fs (mmcblk0p2): write access will be enabled during recovery
[    2.422180] EXT4-fs (mmcblk0p2): recovery complete
[    2.446175] EXT4-fs (mmcblk0p2): mounted filesystem with ordered data mode. Opts: (null)
[    2.459349] VFS: Mounted root (ext4 filesystem) readonly on device 179:2.
[    2.464470] usb 1-1: new high-speed USB device number 2 using dwc_otg
[    2.478153] Indeed it is in host mode hprt0 = 00001101
[    2.494576] devtmpfs: mounted
[    2.506617] Freeing unused kernel memory: 1024K
[    2.513805] Run /sbin/init as init process
[    2.696974] usb 1-1: New USB device found, idVendor=0424, idProduct=9514, bcdDevice= 2.00
[    2.710536] usb 1-1: New USB device strings: Mfr=0, Product=0, SerialNumber=0
[    2.721508] hub 1-1:1.0: USB hub found
[    2.728165] hub 1-1:1.0: 5 ports detected
[    3.024437] usb 1-1.1: new high-speed USB device number 3 using dwc_otg
[    3.132939] usb 1-1.1: New USB device found, idVendor=0424, idProduct=ec00, bcdDevice= 2.00
[    3.146645] usb 1-1.1: New USB device strings: Mfr=0, Product=0, SerialNumber=0
[    3.159877] smsc95xx v1.0.6
[    3.234935] smsc95xx 1-1.1:1.0 eth0: register 'smsc95xx' at usb-3f980000.usb-1.1, smsc95xx USB 2.0 Ethernet, b8:27:eb:6d:27:bc
[    3.275782] systemd[1]: System time before build time, advancing clock.
[    3.463177] NET: Registered protocol family 10
[    3.472446] Segment Routing with IPv6
[    3.542038] systemd[1]: systemd 241 running in system mode. (+PAM +AUDIT +SELINUX +IMA +APPARMOR +SMACK +SYSVINIT +UTMP +LIBCRYPTSETUP +GCRYPT +GNUTLS +ACL +XZ +LZ4 +SECCOMP +
BLKID +ELFUTILS +KMOD -IDN2 +IDN -PCRE2 default-hierarchy=hybrid)
[    3.573859] systemd[1]: Detected architecture arm64.
[    3.603544] systemd[1]: Set hostname to <raspberrypi>.
[    3.723377] random: crng init done
[    3.827838] uart-pl011 3f201000.serial: no DMA platform data
[    4.634092] systemd[1]: Set up automount Arbitrary Executable File Formats File System Automount Point.
[    4.660230] systemd[1]: Created slice system-serial\x2dgetty.slice.
[    4.674324] systemd[1]: Listening on Syslog Socket.
[    4.686670] systemd[1]: Listening on udev Kernel Socket.
[    4.700641] systemd[1]: Created slice system-getty.slice.
[    4.713100] systemd[1]: Started Dispatch Password Requests to Console Directory Watch.
[    4.732489] systemd[1]: Created slice system-systemd\x2dfsck.slice.
[    9.820485] Unable to handle kernel NULL pointer dereference at virtual address 0000000000000010
[    9.831817] Mem abort info:
[    9.832353] Unable to handle kernel NULL pointer dereference at virtual address 0000000000000010
[    9.835947]   ESR = 0x96000006
[    9.846804] Mem abort info:
[    9.846806]   ESR = 0x96000007
[    9.846810]   Exception class = DABT (current EL), IL = 32 bits
[    9.846813]   SET = 0, FnV = 0
[    9.846815]   EA = 0, S1PTW = 0
[    9.846817] Data abort nfo:
[    9.846820]   ISV = 0, ISS = 0x00000007
[    9.846823]   CM = 0, WnR = 0
[    9.851042]   Exception class = DABT (current EL), IL = 32 bits
[    9.854934] user pgtable: 4k pages, 39-bit VAs, pgdp = 00000000ae9aae51
[    9.854937] [0000000000000010] pgd=0000000036f0d003, pud=0000000036f0d003, pmd=000000003643d003, pte=0000000000000000
[    9.854949] Internal error: Oops: 96000007 [#1] PREEMPT SMP
[    9.859102]   SET = 0, FnV = 0
[    9.866126] Modules linked in: rfkill 8021q garp stp llc binfmt_misc bcm2835_codec(C) bcm2835_v4l2(C) v4l2_mem2mem raspberrypi_hwmon bcm2835_mmal_vchiq(C) hwmon videobuf2_dma_
contig v4l2_common videobuf2_vmalloc videobuf2_memops videobuf2_v4l2 videobuf2_common videodev media vc_sm_cma(C) uio_pdrv_genirq uio ip_tables x_tables ipv6
[    9.870286]   EA = 0, S1PTW = 0
[    9.874445] Process swapper/3 (pid: 0, stack limit = 0x0000000014f431fd)
[    9.874453] CPU: 3 PID: 0 Comm: swapper/3 Tainted: G         C        4.19.118-v8+ #1311
[    9.874456] Hardware name: Raspberry Pi 3 Model B Rev 1.2 (DT)
[    9.874461] pstate: 00000085 (nzcv daIf -PAN -UAO)
[    9.874475] pc : update_process_times+0x34/0x60
[    9.874481] lr : update_process_times+0x34/0x60
[    9.878283] BUG: using smp_processor_id() in preemptible [00000000] code: systemd-journal/118
[    9.883077] sp : ffffff800801bd00
[    9.883079] x29: ffffff800801bd00 x28: 0000000000000003 
[    9.883085] x27: ffffff8008cac018 x26: 0000000000000080 
[    9.883090] x25: ffffff8008cac018 x24: ffffff8008cc86d8 
[    9.887024] caller is debug_smp_processor_id+0x1c/0x28
[    9.893912] x23: ffffff80081685d0 x22: ffffffc03abc2780 
[    9.893917] x21: ffffff8008f0bdc0 x20: ffffff8008ce2000 
[    9.893922] x19: 0000000000000000 x18: 0000000000000000 
[    9.893929] x17: 0000000000000000 x16: 0000000000000000 
[    9.901592] CPU: 0 PID: 118 Comm: systemd-journal Tainted: G         C        4.19.118-v8+ #1311
[    9.914339] x15: 0000000000000000 x14: 0000000000000000 
[    9.921025] Hardware name: Raspberry Pi 3 Model B Rev 1.2 (DT)
[    9.925178] x13: 0000000000000000 x12: 0000000000000000 
[    9.960303] Call trace:
[    9.964598] x11: ffffff800801d000 x10: 0000000000001930 
[    9.972540]  dump_backtrace+0x0/0x178
[    9.983165] x9 : ffffff8008f0be70 x8 : ffffff8008cb9ec0 
[    9.990304]  show_stack+0x24/0x30
[    9.996424] x7 : ffffff8008ce17d8 x6 : ffffffffffffeb7e 
[   10.002304]  dump_stack+0xa4/0xdc
[   10.008151] x5 : 00000000000004c9 x4 : 0000004031f0e000 
[   10.019436]  check_preemption_disabled+0xf8/0x100
[   10.024095] x3 : 0000000000000002 x2 : 0000004031f0e000 
[   10.030745]  debug_smp_processor_id+0x1c/0x28
[   10.037323] x1 : ffffffc03959d700 x0 : 0000000000010001 
[   10.043869]  wake_up_klogd+0x78/0xe0
[   10.050230] Call trace:
[   10.056750]  vprintk_emit+0x104/0x328
[   10.063206]  update_process_times+0x34/0x60
[   10.069609]  vprintk_default+0x54/0x90
[   10.075938]  update_process_times+0x34/0x60
[   10.086724]  vprintk_func+0xf4/0x228
[   10.093057]  tick_sched_handle.isra.5+0x44/0x68
[   10.099898]  printk+0x78/0x98
[   10.106205]  tick_sched_timer+0x5c/0xb0
[   10.109601]  mem_abort_decode+0x84/0x118
[   10.115891]  __hrtimer_run_queues+0x118/0x380
[   10.120515]  die_kernel_fault+0x4c/0x78
[   10.126861]  hrtimer_interrupt+0xf8/0x258
[   10.131159]  __do_kernel_fault+0x8c/0xb8
[   10.137444]  arch_timer_handler_phys+0x3c/0x50
[   10.140385] Unable to handle kernel read from unreadable memory at virtual address ffffff8008dd6000
[   10.147015]  handle_percpu_devid_irq+0xa4/0x2a0
[   10.147020]  generic_handle_irq+0x34/0x50
[   10.147024]  __handle_domain_irq+0x8c/0x100
[   10.147029]  bcm2836_arm_irqchip_handle_irq+0x68/0xd8
[   10.147034]  el1_irq+0xb4/0x130
[   10.152788] Mem abort info:
[   10.159162]  arch_cpu_idle+0x30/0x1f0
[   10.159167]  default_idle_call+0x24/0x40
[   10.159172]  do_idle+0x224/0x240
[   10.159177]  cpu_startup_entry+0x28/0x30
[   10.164613]   ESR = 0x8600000f
[   10.170977]  secondary_start_kernel+0x188/0x1d8
[   10.170985] Code: 97fed827 97ffffd8 2a1403e0 97ffd18c (b9401260) 
[   10.170992] ---[ end trace 98da587c6ca4add5 ]---
[   10.175663]   Exception class = IABT (current EL), IL = 32 bits
[   10.179157] Kernel panic - not syncing: Fatal exception in interrupt
[   10.179165] SMP: stopping secondary CPUs
[   10.179172] Kernel Offset: disabled
[   10.179176] CPU features: 0x0,24002004
[   10.179179] Memory Limit: none
[   10.360983] ---[ end Kernel panic - not syncing: Fatal exception in interrupt ]---
