[    0.000000] Booting Linux on physical CPU 0x0000000000 [0x410fd034]
[    0.000000] Linux version 4.19.118-v8+ (dom@buildbot) (gcc version 5.4.0 20160609 (Ubuntu/Linaro 5.4.0-6ubuntu1~16.04.9)) #1311 SMP PREEMPT Mon Apr 27 14:32:38 BST 2020
[    0.000000] Machine model: Raspberry Pi 3 Model B Rev 1.2
[    0.000000] efi: Getting EFI parameters from FDT:
[    0.000000] efi: UEFI not found.
[    0.000000] cma: Reserved 8 MiB at 0x000000003ac00000
[    0.000000] random: get_random_bytes called from start_kernel+0xb8/0x47c with crng_init=0
[    0.000000] percpu: Embedded 24 pages/cpu s58840 r8192 d31272 u98304
[    0.000000] Detected VIPT I-cache on CPU0
[    0.000000] CPU features: enabling workaround for ARM erratum 843419
[    0.000000] CPU features: enabling workaround for ARM erratum 845719
[    0.000000] Built 1 zonelists, mobility grouping on.  Total pages: 238896
[    0.000000] Kernel command line: coherent_pool=1M 8250.nr_uarts=1 snd_bcm2835.enable_compat_alsa=0 snd_bcm2835.enable_hdmi=1 snd_bcm2835.enable_headphones=1 bcm2708_fb.fbwidth
=656 bcm2708_fb.fbheight=416 bcm2708_fb.fbswap=1 vc_mem.mem_base=0x3ec00000 vc_mem.mem_size=0x40000000  dwc_otg.lpm_enable=0 console=ttyAMA0,115200 console=tty1 root=PARTUUID=4c9
99877-02 rootfstype=ext4 elevator=deadline fsck.repair=yes rootwait
[    0.000000] Dentry cache hash table entries: 131072 (order: 8, 1048576 bytes)
[    0.000000] Inode-cache hash table entries: 65536 (order: 7, 524288 bytes)
[    0.000000] Memory: 929096K/970752K available (8700K kernel code, 1074K rwdata, 2760K rodata, 1024K init, 1126K bss, 33464K reserved, 8192K cma-reserved)
[    0.000000] SLUB: HWalign=64, Order=0-3, MinObjects=0, CPUs=4, Nodes=1
[    0.000000] ftrace: allocating 30496 entries in 120 pages
[    0.000000] rcu: Preemptible hierarchical RCU implementation.
[    0.000000] rcu:     RCU restricting CPUs from NR_CPUS=64 to nr_cpu_ids=4.
[    0.000000]  Tasks RCU enabled.
[    0.000000] rcu: Adjusting geometry for rcu_fanout_leaf=16, nr_cpu_ids=4
[    0.000000] NR_IRQS: 64, nr_irqs: 64, preallocated irqs: 0
[    0.000000] arch_timer: cp15 timer(s) running at 19.20MHz (phys).
[    0.000000] clocksource: arch_sys_counter: mask: 0xffffffffffffff max_cycles: 0x46d987e47, max_idle_ns: 440795202767 ns
[    0.000007] sched_clock: 56 bits at 19MHz, resolution 52ns, wraps every 4398046511078ns
[    0.000269] Console: colour dummy device 80x25
[    0.000935] console [tty1] enabled
[    0.001005] Calibrating delay loop (skipped), value calculated using timer frequency.. 38.40 BogoMIPS (lpj=76800)
[    0.001058] pid_max: default: 32768 minimum: 301
[    0.001494] Mount-cache hash table entries: 2048 (order: 2, 16384 bytes)
[    0.001550] Mountpoint-cache hash table entries: 2048 (order: 2, 16384 bytes)
[    0.024104] ASID allocator initialised with 32768 entries
[    0.032101] rcu: Hierarchical SRCU implementation.
[    0.040741] EFI services will not be available.
[    0.048179] smp: Bringing up secondary CPUs ...
[    0.080446] Detected VIPT I-cache on CPU1
[    0.080515] CPU1: Booted secondary processor 0x0000000001 [0x410fd034]
[    0.112570] Detected VIPT I-cache on CPU2
[    0.112617] CPU2: Booted secondary processor 0x0000000002 [0x410fd034]
[    0.144737] Detected VIPT I-cache on CPU3
[    0.144782] CPU3: Booted secondary processor 0x0000000003 [0x410fd034]
[    0.144967] smp: Brought up 1 node, 4 CPUs
[    0.145121] SMP: Total of 4 processors activated.
[    0.145155] CPU features: detected: 32-bit EL0 Support
[    0.146128] CPU: All CPU(s) started at EL2
[    0.146202] alternatives: patching kernel code
[    0.147828] devtmpfs: initialized
[    0.164016] Enabled cp15_barrier support
[    0.164083] Enabled setend support
[    0.164630] clocksource: jiffies: mask: 0xffffffff max_cycles: 0xffffffff, max_idle_ns: 7645041785100000 ns
[    0.164691] futex hash table entries: 1024 (order: 4, 65536 bytes)
[    0.165446] pinctrl core: initialized pinctrl subsystem
[    0.166341] DMI not present or invalid.
[    0.166908] NET: Registered protocol family 16
[    0.173367] cpuidle: using governor menu
[    0.173980] hw-breakpoint: found 6 breakpoint and 4 watchpoint registers.
[    0.178598] DMA: preallocated 1024 KiB pool for atomic allocations
[    0.178778] Serial: AMBA PL011 UART driver
[    0.183359] bcm2835-mbox 3f00b880.mailbox: mailbox enabled
[    0.192934] raspberrypi-firmware soc:firmware: Attached to firmware from 2020-04-15 11:43, variant start
[    0.196951] raspberrypi-firmware soc:firmware: Firmware hash is 82f9bb929ce2186eb1824178c1ae82902ad6275c
[    0.245805] bcm2835-dma 3f007000.dma: DMA legacy API manager at (____ptrval____), dmachans=0x1
[    0.249113] vgaarb: loaded
[    0.249706] SCSI subsystem initialized
[    0.250003] usbcore: registered new interface driver usbfs
[    0.250108] usbcore: registered new interface driver hub
[    0.250271] usbcore: registered new device driver usb
[    0.250448] pps_core: LinuxPPS API ver. 1 registered
[    0.250482] pps_core: Software ver. 5.3.6 - Copyright 2005-2007 Rodolfo Giometti <giometti@linux.it>
[    0.250541] PTP clock support registered
[    0.252358] clocksource: Switched to clocksource arch_sys_counter
[    0.377671] VFS: Disk quotas dquot_6.6.0
[    0.377812] VFS: Dquot-cache hash table entries: 512 (order 0, 4096 bytes)
[    0.378094] FS-Cache: Loaded
[    0.378378] CacheFiles: Loaded
[    0.390460] NET: Registered protocol family 2
[    0.391428] tcp_listen_portaddr_hash hash table entries: 512 (order: 1, 8192 bytes)
[    0.391503] TCP established hash table entries: 8192 (order: 4, 65536 bytes)
[    0.391647] TCP bind hash table entries: 8192 (order: 5, 131072 bytes)
[    0.391875] TCP: Hash tables configured (established 8192 bind 8192)
[    0.392163] UDP hash table entries: 512 (order: 2, 16384 bytes)
[    0.392240] UDP-Lite hash table entries: 512 (order: 2, 16384 bytes)
[    0.392673] NET: Registered protocol family 1
[    0.393677] RPC: Registered named UNIX socket transport module.
[    0.393714] RPC: Registered udp transport module.
[    0.393745] RPC: Registered tcp transport module.
[    0.393775] RPC: Registered tcp NFSv4.1 backchannel transport module.
[    0.396436] hw perfevents: enabled with armv8_cortex_a53 PMU driver, 7 counters available
[    0.396637] kvm [1]: 8-bit VMID
[    0.397474] kvm [1]: Hyp mode initialized successfully
[    0.402393] Initialise system trusted keyrings
[    0.402745] workingset: timestamp_bits=46 max_order=18 bucket_order=0
[    0.415020] FS-Cache: Netfs 'nfs' registered for caching
[    0.416091] NFS: Registering the id_resolver key type
[    0.416151] Key type id_resolver registered
[    0.416181] Key type id_legacy registered
[    0.416224] nfs4filelayout_init: NFSv4 File Layout Driver Registering...
[    0.423998] Key type asymmetric registered
[    0.424048] Asymmetric key parser 'x509' registered
[    0.424146] Block layer SCSI generic (bsg) driver version 0.4 loaded (major 248)
[    0.424483] io scheduler noop registered
[    0.424518] io scheduler deadline registered (default)
[    0.424782] io scheduler cfq registered
[    0.424815] io scheduler mq-deadline registered (default)
[    0.424849] io scheduler kyber registered
[    0.430859] bcm2708_fb soc:fb: FB found 1 display(s)
[    0.440381] Console: switching to colour frame buffer device 82x26
[    0.445285] bcm2708_fb soc:fb: Registered framebuffer for display 0, size 656x416
[    0.452712] Serial: 8250/16550 driver, 1 ports, IRQ sharing enabled
[    0.457196] bcm2835-rng 3f104000.rng: hwrng registered
[    0.460131] vc-mem: phys_addr:0x00000000 mem_base=0x3ec00000 mem_size:0x40000000(1024 MiB)
[    0.465887] gpiomem-bcm2835 3f200000.gpiomem: Initialised: Registers at 0x3f200000
[    0.471414] cacheinfo: Unable to detect cache hierarchy for CPU 0
[    0.489825] brd: module loaded
[    0.507926] loop: module loaded
[    0.511670] Loading iSCSI transport class v2.0-870.
[    0.517072] libphy: Fixed MDIO Bus: probed
[    0.520003] usbcore: registered new interface driver r8152
[    0.522666] usbcore: registered new interface driver lan78xx
[    0.525289] usbcore: registered new interface driver smsc95xx
[    0.528146] dwc_otg: version 3.00a 10-AUG-2012 (platform bus)
[    0.559334] dwc_otg 3f980000.usb: base=(____ptrval____)
[    0.775540] Core Release: 2.80a
[    0.778061] Setting default values for core params
[    0.780600] Finished setting default values for core params
[    0.996084] Using Buffer DMA mode
[    0.998491] Periodic Transfer Interrupt Enhancement - disabled
[    1.000939] Multiprocessor Interrupt Enhancement - disabled
[    1.003348] OTG VER PARAM: 0, OTG VER FLAG: 0
[    1.005713] Dedicated Tx FIFOs mode
[    1.008903] WARN::dwc_otg_hcd_init:1074: FIQ DMA bounce buffers: virt = ffffff80090c1000 dma = 0x00000000fad04000 len=9024
[    1.013429] FIQ FSM acceleration enabled for :
[    1.013429] Non-periodic Split Transactions
[    1.013429] Periodic Split Transactions
[    1.013429] High-Speed Isochronous Endpoints
[    1.013429] Interrupt/Control Split Transaction hack enabled
[    1.024225] WARN::hcd_init_fiq:497: MPHI regs_base at ffffff8008065000
[    1.026539] dwc_otg 3f980000.usb: DWC OTG Controller
[    1.028879] dwc_otg 3f980000.usb: new USB bus registered, assigned bus number 1
[    1.031334] dwc_otg 3f980000.usb: irq 9, io mem 0x00000000
[    1.033766] Init: Port Power? op_state=1
[    1.036093] Init: Power Port (0)
[    1.038790] usb usb1: New USB device found, idVendor=1d6b, idProduct=0002, bcdDevice= 4.19
[    1.043539] usb usb1: New USB device strings: Mfr=3, Product=2, SerialNumber=1
[    1.046098] usb usb1: Product: DWC OTG Controller
[    1.048605] usb usb1: Manufacturer: Linux 4.19.118-v8+ dwc_otg_hcd
[    1.051104] usb usb1: SerialNumber: 3f980000.usb
[    1.054391] hub 1-0:1.0: USB hub found
[    1.056927] hub 1-0:1.0: 1 port detected
[    1.060534] usbcore: registered new interface driver uas
[    1.062946] usbcore: registered new interface driver usb-storage
[    1.065530] mousedev: PS/2 mouse device common for all mice
[    1.069407] bcm2835-wdt bcm2835-wdt: Broadcom BCM2835 watchdog timer
[    1.074010] sdhci: Secure Digital Host Controller Interface driver
[    1.076491] sdhci: Copyright(c) Pierre Ossman
[    1.079557] sdhost-bcm2835 3f202000.mmc: could not get clk, deferring probe
[    1.082316] sdhci-pltfm: SDHCI platform and OF driver helper
[    1.086976] ledtrig-cpu: registered to indicate activity on CPUs
[    1.089739] hidraw: raw HID events driver (C) Jiri Kosina
[    1.092452] usbcore: registered new interface driver usbhid
[    1.094916] usbhid: USB HID core driver
[    1.098725] vchiq: vchiq_init_state: slot_zero = (____ptrval____), is_master = 0
[    1.107582] Initializing XFRM netlink socket
[    1.110084] NET: Registered protocol family 17
[    1.112643] Key type dns_resolver registered
[    1.116448] registered taskstats version 1
[    1.118767] Loading compiled-in X.509 certificates
[    1.133083] uart-pl011 3f201000.serial: cts_event_workaround enabled
[    1.135688] 3f201000.serial: ttyAMA0 at MMIO 0x3f201000 (irq = 66, base_baud = 0) is a PL011 rev2
[    2.126286] console [ttyAMA0] enabled
[    2.134461] bcm2835-power bcm2835-power: Broadcom BCM2835 power domains driver
[    2.146353] sdhost: log_buf @ (____ptrval____) (fad07000)
[    2.203763] mmc0: sdhost-bcm2835 loaded - DMA enabled (>1)
[    2.215659] of_cfs_init
[    2.220812] of_cfs_init: OK
[    2.227065] Waiting for root device PARTUUID=4c999877-02...
[    2.248556] Indeed it is in host mode hprt0 = 00021501
[    2.310707] mmc0: host does not support reading read-only switch, assuming write-enable
[    2.341951] mmc0: new high speed SDHC card at address aaaa
[    2.352212] mmcblk0: mmc0:aaaa SC16G 14.8 GiB
[    2.354505] random: fast init done
[    2.369185]  mmcblk0: p1 p2
[    2.389423] EXT4-fs (mmcblk0p2): INFO: recovery required on readonly filesystem
[    2.399406] EXT4-fs (mmcblk0p2): write access will be enabled during recovery
[    2.421482] EXT4-fs (mmcblk0p2): recovery complete
[    2.447050] EXT4-fs (mmcblk0p2): mounted filesystem with ordered data mode. Opts: (null)
[    2.460212] VFS: Mounted root (ext4 filesystem) readonly on device 179:2.
[    2.464438] usb 1-1: new high-speed USB device number 2 using dwc_otg
[    2.479063] Indeed it is in host mode hprt0 = 00001101
[    2.493510] devtmpfs: mounted
[    2.505598] Freeing unused kernel memory: 1024K
[    2.512804] Run /sbin/init as init process
[    2.696938] usb 1-1: New USB device found, idVendor=0424, idProduct=9514, bcdDevice= 2.00
[    2.710510] usb 1-1: New USB device strings: Mfr=0, Product=0, SerialNumber=0
[    2.721536] hub 1-1:1.0: USB hub found
[    2.728398] hub 1-1:1.0: 5 ports detected
[    3.024435] usb 1-1.1: new high-speed USB device number 3 using dwc_otg
[    3.132949] usb 1-1.1: New USB device found, idVendor=0424, idProduct=ec00, bcdDevice= 2.00
[    3.146651] usb 1-1.1: New USB device strings: Mfr=0, Product=0, SerialNumber=0
[    3.159912] smsc95xx v1.0.6
[    3.235101] smsc95xx 1-1.1:1.0 eth0: register 'smsc95xx' at usb-3f980000.usb-1.1, smsc95xx USB 2.0 Ethernet, b8:27:eb:6d:27:bc
[    3.276197] systemd[1]: System time before build time, advancing clock.
[    3.463795] NET: Registered protocol family 10
[    3.473042] Segment Routing with IPv6
[    3.542840] systemd[1]: systemd 241 running in system mode. (+PAM +AUDIT +SELINUX +IMA +APPARMOR +SMACK +SYSVINIT +UTMP +LIBCRYPTSETUP +GCRYPT +GNUTLS +ACL +XZ +LZ4 +SECCOMP +
BLKID +ELFUTILS +KMOD -IDN2 +IDN -PCRE2 default-hierarchy=hybrid)
[    3.574559] systemd[1]: Detected architecture arm64.
[    3.604158] systemd[1]: Set hostname to <raspberrypi>.
[    3.712613] random: crng init done
[    3.845180] uart-pl011 3f201000.serial: no DMA platform data
[    4.627509] systemd[1]: Created slice system-systemd\x2dfsck.slice.
[    4.641757] systemd[1]: Listening on udev Kernel Socket.
[    4.653852] systemd[1]: Reached target Swap.
[    4.666434] systemd[1]: Created slice User and Session Slice.
[    4.678503] systemd[1]: Reached target Slices.
[    4.689959] systemd[1]: Listening on Syslog Socket.
[    4.701904] systemd[1]: Listening on Journal Socket.
[    9.799784] kernel BUG at arch/arm64/kernel/traps.c:415!
[    9.806238] Internal error: Oops - BUG: 0 [#1] PREEMPT SMP
[    9.812745] Modules linked in: binfmt_misc bcm2835_codec(C) v4l2_mem2mem bcm2835_v4l2(C) raspberrypi_hwmon bcm2835_mmal_vchiq(C) hwmon v4l2_common videobuf2_dma_contig videobu
f2_vmalloc videobuf2_memops videobuf2_v4l2 videobuf2_common videodev vc_sm_cma(C) media uio_pdrv_genirq uio ip_tables x_tables ipv6
[    9.820343] Unable to handle kernel paging request at virtual address ffffff8008cb4c88
[    9.844197] Process awk (pid: 334, stack limit = 0x000000004090f3a1)
[    9.854403] Mem abort info:
[    9.861952] CPU: 1 PID: 334 Comm: awk Tainted: G         C        4.19.118-v8+ #1311
[    9.865928]   ESR = 0x96000007
[    9.876143] Hardware name: Raspberry Pi 3 Model B Rev 1.2 (DT)
[    9.880418]   Exception class = DABT (current EL), IL = 32 bits
[    9.887531] pstate: 00000005 (nzcv daif -PAN -UAO)
[    9.894750]   SET = 0, FnV = 0
[    9.900873] pc : do_undefinstr+0x17c/0x268
[    9.905223]   EA = 0, S1PTW = 0
[    9.910633] lr : do_undefinstr+0x170/0x268
[    9.915074] Data abort info:
[    9.920497] sp : ffffff800a07bb60
[    9.924660]   ISV = 0, ISS = 0x00000007
[    9.929238] x29: ffffff800a07bb60 x28: ffffffc033469d00 
[    9.934303]   CM = 0, WnR = 0
[    9.940826] x27: 0000000000000000 x26: 0000000000000002 
[    9.944938] swapper pgtable: 4k pages, 39-bit VAs, pgdp = 000000000277e013
[    9.951389] x25: 000000009200004f x24: 0000000000000000 
[    9.959411] [ffffff8008cb4c88] pgd=000000003abfe003, pud=000000003abfe003, pmd=000000003abfa003, pte=0000000000000000
[    9.965836] x23: 0000000000000000 x22: ffffff8008dd0150 
[    9.985132] x21: 00000000f9400040 x20: ffffff800a07bbb0 
[    9.991530] x19: ffffff8008cc8000 x18: 0000000000000000 
[    9.997933] x17: 0000000000000000 x16: 0000000000000000 
[   10.004304] x15: 0000000000000000 x14: 0000000000000000 
[   10.010624] x13: 0000000000000000 x12: 0000000000000000 
[   10.016898] x11: 0000000000000000 x10: 0000000000000000 
[   10.023137] x9 : 0000000000000000 x8 : 0000000000000000 
[   10.029348] x7 : ffffff8008cc8688 x6 : ffffff8008cc8000 
[   10.035564] x5 : ffffff8008cc8e00 x4 : ffffff80080e7924 
[   10.041761] x3 : ffffff800a07b9e0 x2 : 0000000000000000 
[   10.047954] x1 : 5c12174d01c22c00 x0 : 0000000060000005 
[   10.054145] Call trace:
[   10.057449]  do_undefinstr+0x17c/0x268
[   10.062054]  el1_undef+0x10/0x70
[   10.066118]  do_page_fault+0xa8/0x498
[   10.070602]  do_mem_abort+0x68/0x128
[   10.074955]  el0_da+0x20/0x24
[   10.078653] Code: 9400387d f9408680 f2400c1f 54fff640 (d4210000) 
[   10.085507] ---[ end trace f9496b9153bdf1fc ]---
[   10.090839] Internal error: Oops: 96000007 [#2] PREEMPT SMP
[   10.097160] Modules linked in: binfmt_misc bcm2835_codec(C) v4l2_mem2mem bcm2835_v4l2(C) raspberrypi_hwmon bcm2835_mmal_vchiq(C) hwmon v4l2_common videobuf2_dma_contig videobu
f2_vmalloc videobuf2_memops videobuf2_v4l2 videobuf2_common videodev vc_sm_cma(C) media uio_pdrv_genirq uio ip_tables x_tables ipv6
[   10.127798] Process swapper/0 (pid: 0, stack limit = 0x00000000cd515cf2)
[   10.135564] CPU: 0 PID: 0 Comm: swapper/0 Tainted: G      D  C        4.19.118-v8+ #1311
[   10.144341] Unable to handle kernel paging request at virtual address ffffff80088ead44
[   10.145886] Hardware name: Raspberry Pi 3 Model B Rev 1.2 (DT)
[   10.156246] Mem abort info:
[   10.163374] pstate: 60000085 (nZCv daIf -PAN -UAO)
[   10.167450]   ESR = 0x86000004
[   10.173555] pc : __local_bh_disable_ip+0x50/0xc0
[   10.177888]   Exception class = IABT (current EL), IL = 32 bits
[   10.183833] lr : debug_smp_processor_id+0x1c/0x28
[   10.191114]   SET = 0, FnV = 0
[   10.197195] sp : ffffff8008003f30
[   10.201622]   EA = 0, S1PTW = 0
[   10.206283] x29: ffffff8008003f30 x28: ffffff8008ccef80 
[   10.210737] swapper pgtable: 4k pages, 39-bit VAs, pgdp = 000000000277e013
[   10.217386] x27: ffffff8008cc3d60 x26: ffffffc039404300 
[   10.225616] [ffffff80088ead44] pgd=000000003abfe003, pud=000000003abfe003, pmd=000000003abfc003, pte=00500000008ea793
[   10.232247] x25: 0000000000000001 x24: 0000000000000000 
[   10.252067] x23: ffffff8008b22000 x22: ffffff8008ad2000 
[   10.258624] x21: 0000000000000001 x20: ffffff8008cb4000 
[   10.265142] x19: ffffff8008cb4c78 x18: 0000000000000000 
[   10.271619] x17: 0000000000014a7a x16: 0000000000000000 
[   10.278034] x15: 0000000000000000 x14: 0000000000000000 
[   10.284404] x13: 0000000000000000 x12: 0000000000000000 
[   10.290726] x11: 0000000000000000 x10: 0000000000001930 
[   10.297015] x9 : ffffff8008cc3e10 x8 : 0000000000000000 
[   10.303293] x7 : ffffff8008cc8688 x6 : 0000000000000003 
[   10.309544] x5 : 0000000000000000 x4 : 0000004031ec6000 
[   10.315771] x3 : 0000000000000201 x2 : ffffff8008cac018 
[   10.321970] x1 : ffffff8008ae02b8 x0 : 0000000000000000 
[   10.328160] Call trace:
[   10.331470]  __local_bh_disable_ip+0x50/0xc0
[   10.336638]  tick_irq_enter+0x28/0x110
[   10.341265]  irq_enter+0x64/0x88
[   10.345326]  __handle_domain_irq+0x68/0x100
[   10.350324]  bcm2836_arm_irqchip_handle_irq+0x68/0xd8
[   10.356172]  el1_irq+0xb4/0x130
[   10.360050]  arch_cpu_idle+0x30/0x1f0
[   10.364436]  default_idle_call+0x24/0x40
[   10.369082]  do_idle+0x224/0x240
[   10.373029]  cpu_startup_entry+0x28/0x30
[   10.377675]  rest_init+0xd0/0xe0
[   10.381627]  start_kernel+0x450/0x47c
[   10.386037] Code: 0b020282 b9001262 b9401261 d51b4220 (b9401260) 
[   10.392959] ---[ end trace f9496b9153bdf1fd ]---
[   10.398429] Kernel panic - not syncing: Fatal exception in interrupt
[   10.405694] SMP: stopping secondary CPUs
[   11.504288] SMP: failed to stop secondary CPUs 0-1
[   11.510023] Kernel Offset: disabled
[   11.514454] CPU features: 0x0,24002004
[   11.519141] Memory Limit: none
[   11.523116] ---[ end Kernel panic - not syncing: Fatal exception in interrupt ]---
