[    0.000000] Booting Linux on physical CPU 0x0000000000 [0x410fd034]
[    0.000000] Linux version 4.19.118-v8+ (dom@buildbot) (gcc version 5.4.0 20160609 (Ubuntu/Linaro 5.4.0-6ubuntu1~16.04.9)) #1311 SMP PREEMPT Mon Apr 27 14:32:38 BST 2020
[    0.000000] Machine model: Raspberry Pi 3 Model B Rev 1.2
[    0.000000] efi: Getting EFI parameters from FDT:
[    0.000000] efi: UEFI not found.
[    0.000000] cma: Reserved 8 MiB at 0x000000003ac00000
[    0.000000] random: get_random_bytes called from start_kernel+0xb8/0x47c with crng_init=0
[    0.000000] percpu: Embedded 24 pages/cpu s58840 r8192 d31272 u98304
[    0.000000] Detected VIPT I-cache on CPU0
[    0.000000] CPU features: enabling workaround for ARM erratum 843419
[    0.000000] CPU features: enabling workaround for ARM erratum 845719
[    0.000000] Built 1 zonelists, mobility grouping on.  Total pages: 238896
[    0.000000] Kernel command line: coherent_pool=1M 8250.nr_uarts=1 snd_bcm2835.enable_compat_alsa=0 snd_bcm2835.enable_hdmi=1 snd_bcm2835.enable_headphones=1 bcm2708_fb.fbwidth
=656 bcm2708_fb.fbheight=416 bcm2708_fb.fbswap=1 vc_mem.mem_base=0x3ec00000 vc_mem.mem_size=0x40000000  dwc_otg.lpm_enable=0 console=ttyAMA0,115200 console=tty1 root=PARTUUID=4c9
99877-02 rootfstype=ext4 elevator=deadline fsck.repair=yes rootwait
[    0.000000] Dentry cache hash table entries: 131072 (order: 8, 1048576 bytes)
[    0.000000] Inode-cache hash table entries: 65536 (order: 7, 524288 bytes)
[    0.000000] Memory: 929096K/970752K available (8700K kernel code, 1074K rwdata, 2760K rodata, 1024K init, 1126K bss, 33464K reserved, 8192K cma-reserved)
[    0.000000] SLUB: HWalign=64, Order=0-3, MinObjects=0, CPUs=4, Nodes=1
[    0.000000] ftrace: allocating 30496 entries in 120 pages
[    0.000000] rcu: Preemptible hierarchical RCU implementation.
[    0.000000] rcu:     RCU restricting CPUs from NR_CPUS=64 to nr_cpu_ids=4.
[    0.000000]  Tasks RCU enabled.
[    0.000000] rcu: Adjusting geometry for rcu_fanout_leaf=16, nr_cpu_ids=4
[    0.000000] NR_IRQS: 64, nr_irqs: 64, preallocated irqs: 0
[    0.000000] arch_timer: cp15 timer(s) running at 19.20MHz (phys).
[    0.000000] clocksource: arch_sys_counter: mask: 0xffffffffffffff max_cycles: 0x46d987e47, max_idle_ns: 440795202767 ns
[    0.000007] sched_clock: 56 bits at 19MHz, resolution 52ns, wraps every 4398046511078ns
[    0.000272] Console: colour dummy device 80x25
[    0.000935] console [tty1] enabled
[    0.001005] Calibrating delay loop (skipped), value calculated using timer frequency.. 38.40 BogoMIPS (lpj=76800)
[    0.001058] pid_max: default: 32768 minimum: 301
[    0.001491] Mount-cache hash table entries: 2048 (order: 2, 16384 bytes)
[    0.001548] Mountpoint-cache hash table entries: 2048 (order: 2, 16384 bytes)
[    0.024105] ASID allocator initialised with 32768 entries
[    0.032101] rcu: Hierarchical SRCU implementation.
[    0.040733] EFI services will not be available.
[    0.048179] smp: Bringing up secondary CPUs ...
[    0.080446] Detected VIPT I-cache on CPU1
[    0.080515] CPU1: Booted secondary processor 0x0000000001 [0x410fd034]
[    0.112572] Detected VIPT I-cache on CPU2
[    0.112620] CPU2: Booted secondary processor 0x0000000002 [0x410fd034]
[    0.144739] Detected VIPT I-cache on CPU3
[    0.144785] CPU3: Booted secondary processor 0x0000000003 [0x410fd034]
[    0.144970] smp: Brought up 1 node, 4 CPUs
[    0.145124] SMP: Total of 4 processors activated.
[    0.145159] CPU features: detected: 32-bit EL0 Support
[    0.146129] CPU: All CPU(s) started at EL2
[    0.146204] alternatives: patching kernel code
[    0.147831] devtmpfs: initialized
[    0.164041] Enabled cp15_barrier support
[    0.164108] Enabled setend support
[    0.164655] clocksource: jiffies: mask: 0xffffffff max_cycles: 0xffffffff, max_idle_ns: 7645041785100000 ns
[    0.164751] futex hash table entries: 1024 (order: 4, 65536 bytes)
[    0.165474] pinctrl core: initialized pinctrl subsystem
[    0.166367] DMI not present or invalid.
[    0.166937] NET: Registered protocol family 16
[    0.173389] cpuidle: using governor menu
[    0.174001] hw-breakpoint: found 6 breakpoint and 4 watchpoint registers.
[    0.178620] DMA: preallocated 1024 KiB pool for atomic allocations
[    0.178799] Serial: AMBA PL011 UART driver
[    0.183396] bcm2835-mbox 3f00b880.mailbox: mailbox enabled
[    0.192935] raspberrypi-firmware soc:firmware: Attached to firmware from 2020-04-15 11:43, variant start
[    0.196954] raspberrypi-firmware soc:firmware: Firmware hash is 82f9bb929ce2186eb1824178c1ae82902ad6275c
[    0.245811] bcm2835-dma 3f007000.dma: DMA legacy API manager at (____ptrval____), dmachans=0x1
[    0.249122] vgaarb: loaded
[    0.249714] SCSI subsystem initialized
[    0.250011] usbcore: registered new interface driver usbfs
[    0.250115] usbcore: registered new interface driver hub
[    0.250279] usbcore: registered new device driver usb
[    0.250457] pps_core: LinuxPPS API ver. 1 registered
[    0.250491] pps_core: Software ver. 5.3.6 - Copyright 2005-2007 Rodolfo Giometti <giometti@linux.it>
[    0.250550] PTP clock support registered
[    0.252347] clocksource: Switched to clocksource arch_sys_counter
[    0.377571] VFS: Disk quotas dquot_6.6.0
[    0.377712] VFS: Dquot-cache hash table entries: 512 (order 0, 4096 bytes)
[    0.377945] FS-Cache: Loaded
[    0.378231] CacheFiles: Loaded
[    0.390330] NET: Registered protocol family 2
[    0.391297] tcp_listen_portaddr_hash hash table entries: 512 (order: 1, 8192 bytes)
[    0.391372] TCP established hash table entries: 8192 (order: 4, 65536 bytes)
[    0.391515] TCP bind hash table entries: 8192 (order: 5, 131072 bytes)
[    0.391734] TCP: Hash tables configured (established 8192 bind 8192)
[    0.392019] UDP hash table entries: 512 (order: 2, 16384 bytes)
[    0.392097] UDP-Lite hash table entries: 512 (order: 2, 16384 bytes)
[    0.392530] NET: Registered protocol family 1
[    0.393664] RPC: Registered named UNIX socket transport module.
[    0.393702] RPC: Registered udp transport module.
[    0.393733] RPC: Registered tcp transport module.
[    0.393763] RPC: Registered tcp NFSv4.1 backchannel transport module.
[    0.400513] hw perfevents: enabled with armv8_cortex_a53 PMU driver, 7 counters available
[    0.400728] kvm [1]: 8-bit VMID
[    0.401553] kvm [1]: Hyp mode initialized successfully
[    0.406466] Initialise system trusted keyrings
[    0.406804] workingset: timestamp_bits=46 max_order=18 bucket_order=0
[    0.419235] FS-Cache: Netfs 'nfs' registered for caching
[    0.420297] NFS: Registering the id_resolver key type
[    0.420432] Key type id_resolver registered
[    0.420464] Key type id_legacy registered
[    0.420507] nfs4filelayout_init: NFSv4 File Layout Driver Registering...
[    0.428260] Key type asymmetric registered
[    0.428310] Asymmetric key parser 'x509' registered
[    0.428465] Block layer SCSI generic (bsg) driver version 0.4 loaded (major 248)
[    0.428763] io scheduler noop registered
[    0.428797] io scheduler deadline registered (default)
[    0.429059] io scheduler cfq registered
[    0.429092] io scheduler mq-deadline registered (default)
[    0.429126] io scheduler kyber registered
[    0.434503] bcm2708_fb soc:fb: FB found 1 display(s)
[    0.443989] Console: switching to colour frame buffer device 82x26
[    0.448901] bcm2708_fb soc:fb: Registered framebuffer for display 0, size 656x416
[    0.456287] Serial: 8250/16550 driver, 1 ports, IRQ sharing enabled
[    0.460857] bcm2835-rng 3f104000.rng: hwrng registered
[    0.463805] vc-mem: phys_addr:0x00000000 mem_base=0x3ec00000 mem_size:0x40000000(1024 MiB)
[    0.469677] gpiomem-bcm2835 3f200000.gpiomem: Initialised: Registers at 0x3f200000
[    0.475209] cacheinfo: Unable to detect cache hierarchy for CPU 0
[    0.493566] brd: module loaded
[    0.511639] loop: module loaded
[    0.515392] Loading iSCSI transport class v2.0-870.
[    0.520724] libphy: Fixed MDIO Bus: probed
[    0.523659] usbcore: registered new interface driver r8152
[    0.526345] usbcore: registered new interface driver lan78xx
[    0.528973] usbcore: registered new interface driver smsc95xx
[    0.531829] dwc_otg: version 3.00a 10-AUG-2012 (platform bus)
[    0.562356] dwc_otg 3f980000.usb: base=(____ptrval____)
[    0.778501] Core Release: 2.80a
[    0.781026] Setting default values for core params
[    0.783545] Finished setting default values for core params
[    0.999472] Using Buffer DMA mode
[    1.001883] Periodic Transfer Interrupt Enhancement - disabled
[    1.004312] Multiprocessor Interrupt Enhancement - disabled
[    1.006753] OTG VER PARAM: 0, OTG VER FLAG: 0
[    1.009130] Dedicated Tx FIFOs mode
[    1.012302] WARN::dwc_otg_hcd_init:1074: FIQ DMA bounce buffers: virt = ffffff80090c1000 dma = 0x00000000fad04000 len=9024
[    1.016851] FIQ FSM acceleration enabled for :
[    1.016851] Non-periodic Split Transactions
[    1.016851] Periodic Split Transactions
[    1.016851] High-Speed Isochronous Endpoints
[    1.016851] Interrupt/Control Split Transaction hack enabled
[    1.027678] WARN::hcd_init_fiq:497: MPHI regs_base at ffffff8008065000
[    1.029997] dwc_otg 3f980000.usb: DWC OTG Controller
[    1.032400] dwc_otg 3f980000.usb: new USB bus registered, assigned bus number 1
[    1.034868] dwc_otg 3f980000.usb: irq 9, io mem 0x00000000
[    1.037310] Init: Port Power? op_state=1
[    1.039646] Init: Power Port (0)
[    1.042327] usb usb1: New USB device found, idVendor=1d6b, idProduct=0002, bcdDevice= 4.19
[    1.047097] usb usb1: New USB device strings: Mfr=3, Product=2, SerialNumber=1
[    1.049723] usb usb1: Product: DWC OTG Controller
[    1.052209] usb usb1: Manufacturer: Linux 4.19.118-v8+ dwc_otg_hcd
[    1.054749] usb usb1: SerialNumber: 3f980000.usb
[    1.058040] hub 1-0:1.0: USB hub found
[    1.060639] hub 1-0:1.0: 1 port detected
[    1.064211] usbcore: registered new interface driver uas
[    1.066684] usbcore: registered new interface driver usb-storage
[    1.069278] mousedev: PS/2 mouse device common for all mice
[    1.073158] bcm2835-wdt bcm2835-wdt: Broadcom BCM2835 watchdog timer
[    1.077741] sdhci: Secure Digital Host Controller Interface driver
[    1.080179] sdhci: Copyright(c) Pierre Ossman
[    1.083303] sdhost-bcm2835 3f202000.mmc: could not get clk, deferring probe
[    1.086065] sdhci-pltfm: SDHCI platform and OF driver helper
[    1.090715] ledtrig-cpu: registered to indicate activity on CPUs
[    1.093479] hidraw: raw HID events driver (C) Jiri Kosina
[    1.096158] usbcore: registered new interface driver usbhid
[    1.098666] usbhid: USB HID core driver
[    1.102394] vchiq: vchiq_init_state: slot_zero = (____ptrval____), is_master = 0
[    1.111247] Initializing XFRM netlink socket
[    1.113742] NET: Registered protocol family 17
[    1.116282] Key type dns_resolver registered
[    1.120065] registered taskstats version 1
[    1.122422] Loading compiled-in X.509 certificates
[    1.136755] uart-pl011 3f201000.serial: cts_event_workaround enabled
[    1.139352] 3f201000.serial: ttyAMA0 at MMIO 0x3f201000 (irq = 66, base_baud = 0) is a PL011 rev2
[    2.130013] console [ttyAMA0] enabled
[    2.138332] bcm2835-power bcm2835-power: Broadcom BCM2835 power domains driver
[    2.150293] sdhost: log_buf @ (____ptrval____) (fad07000)
[    2.207534] mmc0: sdhost-bcm2835 loaded - DMA enabled (>1)
[    2.219551] of_cfs_init
[    2.224700] of_cfs_init: OK
[    2.230796] Waiting for root device PARTUUID=4c999877-02...
[    2.252544] Indeed it is in host mode hprt0 = 00021501
[    2.314684] mmc0: host does not support reading read-only switch, assuming write-enable
[    2.345936] mmc0: new high speed SDHC card at address aaaa
[    2.356302] mmcblk0: mmc0:aaaa SC16G 14.8 GiB
[    2.368651]  mmcblk0: p1 p2
[    2.373115] random: fast init done
[    2.385666] EXT4-fs (mmcblk0p2): INFO: recovery required on readonly filesystem
[    2.395623] EXT4-fs (mmcblk0p2): write access will be enabled during recovery
[    2.422040] EXT4-fs (mmcblk0p2): recovery complete
[    2.445611] EXT4-fs (mmcblk0p2): mounted filesystem with ordered data mode. Opts: (null)
[    2.458775] VFS: Mounted root (ext4 filesystem) readonly on device 179:2.
[    2.468445] usb 1-1: new high-speed USB device number 2 using dwc_otg
[    2.477906] Indeed it is in host mode hprt0 = 00001101
[    2.492403] devtmpfs: mounted
[    2.504430] Freeing unused kernel memory: 1024K
[    2.511635] Run /sbin/init as init process
[    2.696902] usb 1-1: New USB device found, idVendor=0424, idProduct=9514, bcdDevice= 2.00
[    2.710482] usb 1-1: New USB device strings: Mfr=0, Product=0, SerialNumber=0
[    2.721602] hub 1-1:1.0: USB hub found
[    2.728440] hub 1-1:1.0: 5 ports detected
[    3.024419] usb 1-1.1: new high-speed USB device number 3 using dwc_otg
[    3.132963] usb 1-1.1: New USB device found, idVendor=0424, idProduct=ec00, bcdDevice= 2.00
[    3.146690] usb 1-1.1: New USB device strings: Mfr=0, Product=0, SerialNumber=0
[    3.159931] smsc95xx v1.0.6
[    3.234908] smsc95xx 1-1.1:1.0 eth0: register 'smsc95xx' at usb-3f980000.usb-1.1, smsc95xx USB 2.0 Ethernet, b8:27:eb:6d:27:bc
[    3.275620] systemd[1]: System time before build time, advancing clock.
[    3.462860] NET: Registered protocol family 10
[    3.472030] Segment Routing with IPv6
[    3.541941] systemd[1]: systemd 241 running in system mode. (+PAM +AUDIT +SELINUX +IMA +APPARMOR +SMACK +SYSVINIT +UTMP +LIBCRYPTSETUP +GCRYPT +GNUTLS +ACL +XZ +LZ4 +SECCOMP +
BLKID +ELFUTILS +KMOD -IDN2 +IDN -PCRE2 default-hierarchy=hybrid)
[    3.573447] systemd[1]: Detected architecture arm64.
[    3.603182] systemd[1]: Set hostname to <raspberrypi>.
[    3.719245] random: crng init done
[    3.825997] uart-pl011 3f201000.serial: no DMA platform data
[    4.617084] systemd[1]: Created slice User and Session Slice.
[    4.629926] systemd[1]: Reached target Slices.
[    4.644863] systemd[1]: Created slice system-getty.slice.
[    4.657172] systemd[1]: Started Dispatch Password Requests to Console Directory Watch.
[    4.675135] systemd[1]: Listening on Journal Socket (/dev/log).
[    4.689857] systemd[1]: Created slice system-serial\x2dgetty.slice.
[    4.704027] systemd[1]: Set up automount Arbitrary Executable File Formats File System Automount Point.
[   10.158194] Unable to h[   10.161170] Unable to handle kernel NULL pointer dereference at virtual address 00000000000001d9
[   10.161173] Mem abort info:
[   10.161175]   ESR = 0x96000007
[   10.161177]   Exception class = DABT (current EL), IL = 32 bits
[   10.161178]   SET = 0, FnV = 0
[   10.161180]   EA = 0, S1PTW = 0
[   10.161181] Data abort info:
[   10.161183]   ISV = 0, ISS = 0x00000007
[   10.161185]   CM = 0, WnR = 0
[   10.161187] user pgtable: 4k pages, 39-bit VAs, pgdp = 000000006f8ab3bb
[   10.161189] [00000000000001d9] pgd=000000003356b003, pud=000000003356b003, pmd=0000000033569003, pte=0000000000000000
[   10.161197] Internal error: Oops: 96000007 [#1] PREEMPT SMP
[   10.161198] Modules linked in: cfg80211 rfkill 8021q garp stp llc binfmt_misc bcm2835_codec(C) raspberrypi_hwmon hwmon bcm2835_v4l2(C) v4l2_common videobuf2_vmalloc v4l2_mem2m
em bcm2835_mmal_vchiq(C) videobuf2_dma_contig videobuf2_memops videobuf2_v4l2 videobuf2_common videodev vc_sm_cma(C) media uio_pdrv_genirq uio ip_tables x_tables ipv6
[   10.161232] Process swapon (pid: 167968768, stack limit = 0x          (null))
[   10.161235] CPU: 0 PID: 347 Comm: swapon Tainted: G         C        4.19.118-v8+ #1311
[   10.161236] Hardware name: Raspberry Pi 3 Model B Rev 1.2 (DT)
[   10.161238] pstate: 80000085 (Nzcv daIf -PAN -UAO)
[   10.161240] pc : pl011_read+0x1c/0x60
[   10.161242] lr : pl011_console_putchar+0x30/0x70
[   10.161243] sp : ffffff800a0334a0
[   10.161245] x29: ffffff800a0334a0 x28: ffffff8008d51388 
[   10.161249] x27: ffffff8008dd60e0 x26: ffffff8008cc86d8 
[   10.161253] x25: ffffff8008cc8000 x24: 0000000000000064 
[   10.161257] x23: 0000000000000001 x22: ffffff80085dab50 
[   10.161260] x21: ffffffc0385d3880 x20: 0000000000000003 
[   10.161264] x19: 0000000000000039 x18: ffffff8009909dd8 
[   10.161268] x17: 0000000000000000 x16: 0000000000000000 
[   10.161272] x15: 0000000000000a40 x14: 0000000000000020 
[   10.161276] x13: 0000000000000008 x12: 0000000000000001 
[   10.161280] x11: 0000000000000000 x10: 0000000000000001 
[   10.161284] x9 : 00000000ffffffff x8 : ffffffc038e6aec0 
[   10.161288] x7 : ffffffc038e6aec0 x6 : 00000000ff000000 
[   10.161292] x5 : 0000000000000000 x4 : ffffff80085dad88 
[   10.161296] x3 : ffffff80085dab50 x2 : ffffff8008f05000 
[   10.161300] x1 : 0000000000000003 x0 : ffffff80085dab80 
[   10.161304] Call trace:
[   10.161305]  pl011_read+0x1c/0x60
[   10.161307]  pl011_console_putchar+0x30/0x70
[   10.161309]  pl011_console_putchar+0x30/0x70
[   10.161311]  uart_console_write+0x4c/0x98
[   10.161312]  pl011_console_write+0x98/0x1c8
[   10.161314]  console_unlock.part.7+0x4bc/0x5a0
[   10.161316]  vprintk_emit+0x304/0x328
[   10.161317]  vprintk_default+0x54/0x90
[   10.161319]  vprintk_func+0xf4/0x228
[   10.161321]  printk+0x78/0x98
[   10.161322]  die_kernel_fault+0x44/0x78
[   10.161324]  __do_kernel_fault+0x8c/0xb8
[   10.161325]  do_page_fault+0x208/0x498
[   10.161327]  do_translation_fault+0xa8/0xb8
[   10.161329]  do_mem_abort+0x68/0x128
[   10.161330]  el1_da+0x20/0x80
[   10.161332]            (null)
[   10.161333]            (null)
[   10.161335] Code: aa0003f3 aa1e03e0 2a0103f4 d503201f (f940d260) 
[   10.161337] ---[ end trace 1eff2f2b3c99f233 ]---
[   10.161437] note: swapon[347] exited with preempt_count 2
[   10.168525] Kernel panic - not syncing: stack-protector: Kernel stack is corrupted in: do_idle+0x240/0x240
[   10.168614] SMP: stopping secondary CPUs
[   10.168616] Kernel Offset: disabled
[   10.168617] CPU features: 0x0,24002004
[   10.168619] Memory Limit: none
