pi@raspberrypi:~$  sudo reboot
[  164.745574] reboot: Restarting system
[    0.000000] Booting Linux on physical CPU 0x0
[    0.000000] Linux version 4.19.118-v7+ (dom@buildbot) (gcc version 4.9.3 (crosstool-NG crosstool-ng-1.22.0-88-g8460611)) #1311 SMP Mon Apr 27 14:21:24 BST 2020
[    0.000000] CPU: ARMv7 Processor [410fd034] revision 4 (ARMv7), cr=10c5383d
[    0.000000] CPU: div instructions available: patching division code
[    0.000000] CPU: PIPT / VIPT nonaliasing data cache, VIPT aliasing instruction cache
[    0.000000] OF: fdt: Machine model: Raspberry Pi 3 Model B Plus Rev 1.3
[    0.000000] Memory policy: Data cache writealloc
[    0.000000] cma: Reserved 256 MiB at 0x1ec00000
[    0.000000] random: get_random_bytes called from start_kernel+0xac/0x4b4 with crng_init=0
[    0.000000] percpu: Embedded 16 pages/cpu s36864 r8192 d20480 u65536
[    0.000000] Built 1 zonelists, mobility grouping on.  Total pages: 240555
[    0.000000] Kernel command line: coherent_pool=1M 8250.nr_uarts=1 snd_bcm2835.enable_compat_alsa=0 snd_bcm2835.enable_hdmi=1 snd_bcm2835.enable_headphones=1 cma=256M video=Comp
osite-1:720x480@60,margin_left=32,margin_right=32,margin_top=32,margin_bottom=32 vc_mem.mem_base=0x3ec00000 vc_mem.mem_size=0x40000000  dwc_otg.lpm_enable=0 console=ttyAMA0,115200
 console=tty1 root=PARTUUID=4c999877-02 rootfstype=ext4 elevator=deadline fsck.repair=yes rootwait
[    0.000000] Dentry cache hash table entries: 131072 (order: 7, 524288 bytes)
[    0.000000] Inode-cache hash table entries: 65536 (order: 6, 262144 bytes)
[    0.000000] Memory: 684616K/970752K available (8192K kernel code, 656K rwdata, 2232K rodata, 1024K init, 831K bss, 23992K reserved, 262144K cma-reserved)
[    0.000000] Virtual kernel memory layout:
[    0.000000]     vector  : 0xffff0000 - 0xffff1000   (   4 kB)
[    0.000000]     fixmap  : 0xffc00000 - 0xfff00000   (3072 kB)
[    0.000000]     vmalloc : 0xbb800000 - 0xff800000   (1088 MB)
[    0.000000]     lowmem  : 0x80000000 - 0xbb400000   ( 948 MB)
[    0.000000]     modules : 0x7f000000 - 0x80000000   (  16 MB)
[    0.000000]       .text : 0x(ptrval) - 0x(ptrval)   (9184 kB)
[    0.000000]       .init : 0x(ptrval) - 0x(ptrval)   (1024 kB)
[    0.000000]       .data : 0x(ptrval) - 0x(ptrval)   ( 657 kB)
[    0.000000]        .bss : 0x(ptrval) - 0x(ptrval)   ( 832 kB)
[    0.000000] SLUB: HWalign=64, Order=0-3, MinObjects=0, CPUs=4, Nodes=1
[    0.000000] ftrace: allocating 27093 entries in 80 pages
[    0.000000] rcu: Hierarchical RCU implementation.
[    0.000000] NR_IRQS: 16, nr_irqs: 16, preallocated irqs: 16
[    0.000000] arch_timer: cp15 timer(s) running at 19.20MHz (phys).
[    0.000000] clocksource: arch_sys_counter: mask: 0xffffffffffffff max_cycles: 0x46d987e47, max_idle_ns: 440795202767 ns
[    0.000007] sched_clock: 56 bits at 19MHz, resolution 52ns, wraps every 4398046511078ns
[    0.000023] Switching to timer-based delay loop, resolution 52ns
[    0.000278] Console: colour dummy device 80x30
[    0.000919] console [tty1] enabled
[    0.000978] Calibrating delay loop (skipped), value calculated using timer frequency.. 38.40 BogoMIPS (lpj=192000)
[    0.001021] pid_max: default: 32768 minimum: 301
[    0.001381] Mount-cache hash table entries: 2048 (order: 1, 8192 bytes)
[    0.001417] Mountpoint-cache hash table entries: 2048 (order: 1, 8192 bytes)
[    0.002371] CPU: Testing write buffer coherency: ok
[    0.002856] CPU0: thread -1, cpu 0, socket 0, mpidr 80000000
[    0.003541] Setting up static identity map for 0x100000 - 0x10003c
[    0.003712] rcu: Hierarchical SRCU implementation.
[    0.004546] smp: Bringing up secondary CPUs ...
[    0.005472] CPU1: thread -1, cpu 1, socket 0, mpidr 80000001
[    0.006462] CPU2: thread -1, cpu 2, socket 0, mpidr 80000002
[    0.007399] CPU3: thread -1, cpu 3, socket 0, mpidr 80000003
[    0.007513] smp: Brought up 1 node, 4 CPUs
[    0.007595] SMP: Total of 4 processors activated (153.60 BogoMIPS).
[    0.007619] CPU: All CPU(s) started in HYP mode.
[    0.007639] CPU: Virtualization extensions available.
[    0.008637] devtmpfs: initialized
[    0.022214] VFP support v0.3: implementor 41 architecture 3 part 40 variant 3 rev 4
[    0.022485] clocksource: jiffies: mask: 0xffffffff max_cycles: 0xffffffff, max_idle_ns: 19112604462750000 ns
[    0.022534] futex hash table entries: 1024 (order: 4, 65536 bytes)
[    0.033409] pinctrl core: initialized pinctrl subsystem
[    0.034413] NET: Registered protocol family 16
[    0.037774] DMA: preallocated 1024 KiB pool for atomic coherent allocations
[    0.043737] hw-breakpoint: found 5 (+1 reserved) breakpoint and 4 watchpoint registers.
[    0.043773] hw-breakpoint: maximum watchpoint size is 8 bytes.
[    0.043997] Serial: AMBA PL011 UART driver
[    0.046464] bcm2835-mbox 3f00b880.mailbox: mailbox enabled
[    0.060085] raspberrypi-firmware soc:firmware: Attached to firmware from 2020-04-15 11:43, variant start
[    0.070097] raspberrypi-firmware soc:firmware: Firmware hash is 82f9bb929ce2186eb1824178c1ae82902ad6275c
[    0.112955] bcm2835-dma 3f007000.dma: DMA legacy API manager at (ptrval), dmachans=0x1
[    0.114618] SCSI subsystem initialized
[    0.114865] usbcore: registered new interface driver usbfs
[    0.114941] usbcore: registered new interface driver hub
[    0.115057] usbcore: registered new device driver usb
[    0.116839] clocksource: Switched to clocksource arch_sys_counter
[    0.207625] VFS: Disk quotas dquot_6.6.0
[    0.207739] VFS: Dquot-cache hash table entries: 1024 (order 0, 4096 bytes)
[    0.207947] FS-Cache: Loaded
[    0.208175] CacheFiles: Loaded
[    0.208676] simple-framebuffer 3eaf0000.framebuffer: framebuffer at 0x3eaf0000, 0x10a800 bytes, mapped to 0x(ptrval)
[    0.208720] simple-framebuffer 3eaf0000.framebuffer: format=a8r8g8b8, mode=656x416x32, linelength=2624
[    0.213689] Console: switching to colour frame buffer device 82x26
[    0.220623] simple-framebuffer 3eaf0000.framebuffer: fb0: simplefb registered!
[    0.233228] NET: Registered protocol family 2
[    0.236892] tcp_listen_portaddr_hash hash table entries: 512 (order: 0, 6144 bytes)
[    0.242352] TCP established hash table entries: 8192 (order: 3, 32768 bytes)
[    0.245252] TCP bind hash table entries: 8192 (order: 4, 65536 bytes)
[    0.248202] TCP: Hash tables configured (established 8192 bind 8192)
[    0.251124] UDP hash table entries: 512 (order: 2, 16384 bytes)
[    0.253957] UDP-Lite hash table entries: 512 (order: 2, 16384 bytes)
[    0.257126] NET: Registered protocol family 1
[    0.260633] RPC: Registered named UNIX socket transport module.
[    0.263573] RPC: Registered udp transport module.
[    0.266432] RPC: Registered tcp transport module.
[    0.269224] RPC: Registered tcp NFSv4.1 backchannel transport module.
[    0.273873] hw perfevents: enabled with armv7_cortex_a7 PMU driver, 7 counters available
[    0.282620] Initialise system trusted keyrings
[    0.285590] workingset: timestamp_bits=14 max_order=18 bucket_order=4
[    0.298336] FS-Cache: Netfs 'nfs' registered for caching
[    0.301623] NFS: Registering the id_resolver key type
[    0.304318] Key type id_resolver registered
[    0.306943] Key type id_legacy registered
[    0.309449] nfs4filelayout_init: NFSv4 File Layout Driver Registering...
[    0.317491] Key type asymmetric registered
[    0.319974] Asymmetric key parser 'x509' registered
[    0.322435] Block layer SCSI generic (bsg) driver version 0.4 loaded (major 250)
[    0.327533] io scheduler noop registered
[    0.329932] io scheduler deadline registered (default)
[    0.332508] io scheduler cfq registered
[    0.334802] io scheduler mq-deadline registered (default)
[    0.337144] io scheduler kyber registered
[    0.342603] Serial: 8250/16550 driver, 1 ports, IRQ sharing enabled
[    0.346481] bcm2835-rng 3f104000.rng: hwrng registered
[    0.349259] vc-mem: phys_addr:0x00000000 mem_base=0x3ec00000 mem_size:0x40000000(1024 MiB)
[    0.354606] vc-sm: Videocore shared memory driver
[    0.357412] gpiomem-bcm2835 3f200000.gpiomem: Initialised: Registers at 0x3f200000
[    0.373063] brd: module loaded
[    0.385750] loop: module loaded
[    0.388850] Loading iSCSI transport class v2.0-870.
[    0.392006] libphy: Fixed MDIO Bus: probed
[    0.394519] usbcore: registered new interface driver lan78xx
[    0.397028] usbcore: registered new interface driver smsc95xx
[    0.399400] dwc_otg: version 3.00a 10-AUG-2012 (platform bus)
[    0.429579] dwc_otg 3f980000.usb: base=(ptrval)
[    0.632059] Core Release: 2.80a
[    0.634273] Setting default values for core params
[    0.636561] Finished setting default values for core params
[    0.839184] Using Buffer DMA mode
[    0.841482] Periodic Transfer Interrupt Enhancement - disabled
[    0.843876] Multiprocessor Interrupt Enhancement - disabled
[    0.846252] OTG VER PARAM: 0, OTG VER FLAG: 0
[    0.848627] Dedicated Tx FIFOs mode
[    0.851542] WARN::dwc_otg_hcd_init:1074: FIQ DMA bounce buffers: virt = 9ed04000 dma = 0xded04000 len=9024
[    0.856114] FIQ FSM acceleration enabled for :
[    0.856114] Non-periodic Split Transactions
[    0.856114] Periodic Split Transactions
[    0.856114] High-Speed Isochronous Endpoints
[    0.856114] Interrupt/Control Split Transaction hack enabled
[    0.867078] WARN::hcd_init_fiq:457: FIQ on core 1
[    0.869307] WARN::hcd_init_fiq:458: FIQ ASM at 8068fda0 length 36
[    0.871520] WARN::hcd_init_fiq:497: MPHI regs_base at bb810000
[    0.873781] dwc_otg 3f980000.usb: DWC OTG Controller
[    0.876047] dwc_otg 3f980000.usb: new USB bus registered, assigned bus number 1
[    0.878403] dwc_otg 3f980000.usb: irq 56, io mem 0x00000000
[    0.880714] Init: Port Power? op_state=1
[    0.882957] Init: Power Port (0)
[    0.885365] usb usb1: New USB device found, idVendor=1d6b, idProduct=0002, bcdDevice= 4.19
[    0.889897] usb usb1: New USB device strings: Mfr=3, Product=2, SerialNumber=1
[    0.892315] usb usb1: Product: DWC OTG Controller
[    0.894684] usb usb1: Manufacturer: Linux 4.19.118-v7+ dwc_otg_hcd
[    0.897134] usb usb1: SerialNumber: 3f980000.usb
[    0.900101] hub 1-0:1.0: USB hub found
[    0.902383] hub 1-0:1.0: 1 port detected
[    0.905490] usbcore: registered new interface driver usb-storage
[    0.907984] mousedev: PS/2 mouse device common for all mice
[    0.911162] bcm2835-wdt bcm2835-wdt: Broadcom BCM2835 watchdog timer
[    0.913824] bcm2835-cpufreq: min=600000 max=1400000
[    0.916670] sdhci: Secure Digital Host Controller Interface driver
[    0.919116] sdhci: Copyright(c) Pierre Ossman
[    0.921955] sdhost-bcm2835 3f202000.mmc: could not get clk, deferring probe
[    0.924635] sdhci-pltfm: SDHCI platform and OF driver helper
[    0.928755] ledtrig-cpu: registered to indicate activity on CPUs
[    0.931461] hidraw: raw HID events driver (C) Jiri Kosina
[    0.934169] usbcore: registered new interface driver usbhid
[    0.936714] usbhid: USB HID core driver
[    0.940068] vchiq: vchiq_init_state: slot_zero = (ptrval), is_master = 0
[    0.944234] [vc_sm_connected_init]: start
[    0.952290] [vc_sm_connected_init]: end - returning 0
[    0.955810] Initializing XFRM netlink socket
[    0.958222] NET: Registered protocol family 17
[    0.960665] Key type dns_resolver registered
[    0.963645] Registering SWP/SWPB emulation handler
[    0.966638] registered taskstats version 1
[    0.969041] Loading compiled-in X.509 certificates
[    0.978153] uart-pl011 3f201000.serial: cts_event_workaround enabled
[    0.980658] 3f201000.serial: ttyAMA0 at MMIO 0x3f201000 (irq = 81, base_baud = 0) is a PL011 rev2
[    2.002194] console [ttyAMA0] enabled
[    2.010359] sdhost: log_buf @ (ptrval) (ded03000)
[    2.065877] mmc0: sdhost-bcm2835 loaded - DMA enabled (>1)
[    2.075029] of_cfs_init
[    2.079941] of_cfs_init: OK
[    2.085507] Waiting for root device PARTUUID=4c999877-02...
[    2.116957] Indeed it is in host mode hprt0 = 00021501
[    2.213371] random: fast init done
[    2.227809] mmc0: host does not support reading read-only switch, assuming write-enable
[    2.247101] mmc0: new high speed SDHC card at address aaaa
[    2.256135] mmcblk0: mmc0:aaaa SL16G 14.8 GiB
[    2.269270]  mmcblk0: p1 p2
[    2.311347] EXT4-fs (mmcblk0p2): mounted filesystem with ordered data mode. Opts: (null)
[    2.324387] VFS: Mounted root (ext4 filesystem) readonly on device 179:2.
[    2.326891] usb 1-1: new high-speed USB device number 2 using dwc_otg
[    2.343086] Indeed it is in host mode hprt0 = 00001101
[    2.411022] devtmpfs: mounted
[    2.423820] Freeing unused kernel memory: 1024K
[    2.431243] Run /sbin/init as init process
[    2.587168] usb 1-1: New USB device found, idVendor=0424, idProduct=2514, bcdDevice= b.b3
[    2.600560] usb 1-1: New USB device strings: Mfr=0, Product=0, SerialNumber=0
[    2.611156] hub 1-1:1.0: USB hub found
[    2.617837] hub 1-1:1.0: 4 ports detected
[    2.936908] usb 1-1.1: new high-speed USB device number 3 using dwc_otg
[    3.067126] usb 1-1.1: New USB device found, idVendor=0424, idProduct=2514, bcdDevice= b.b3
[    3.081059] usb 1-1.1: New USB device strings: Mfr=0, Product=0, SerialNumber=0
[    3.091900] hub 1-1.1:1.0: USB hub found
[    3.098766] hub 1-1.1:1.0: 3 ports detected
[    3.137131] systemd[1]: System time before build time, advancing clock.
[    3.208750] systemd[1]: systemd 241 running in system mode. (+PAM +AUDIT +SELINUX +IMA +APPARMOR +SMACK +SYSVINIT +UTMP +LIBCRYPTSETUP +GCRYPT +GNUTLS +ACL +XZ +LZ4 +SECCOMP +B
LKID +ELFUTILS +KMOD -IDN2 +IDN -PCRE2 default-hierarchy=hybrid)
[    3.239414] systemd[1]: Detected architecture arm.
[    3.267686] systemd[1]: Set hostname to <raspberrypi>.
[    3.428543] uart-pl011 3f201000.serial: no DMA platform data
[    3.756892] usb 1-1.1.1: new high-speed USB device number 4 using dwc_otg
[    3.887334] usb 1-1.1.1: New USB device found, idVendor=0424, idProduct=7800, bcdDevice= 3.00
[    3.901309] usb 1-1.1.1: New USB device strings: Mfr=0, Product=0, SerialNumber=0
[    4.179228] lan78xx 1-1.1.1:1.0 (unnamed net_device) (uninitialized): No External EEPROM. Setting MAC Speed
[    4.195927] libphy: lan78xx-mdiobus: probed
[    4.227871] lan78xx 1-1.1.1:1.0 (unnamed net_device) (uninitialized): int urb period 64
[    4.279668] random: systemd: uninitialized urandom read (16 bytes read)
[    4.300603] random: systemd: uninitialized urandom read (16 bytes read)
[    4.314454] systemd[1]: Created slice User and Session Slice.
[    4.326856] random: systemd: uninitialized urandom read (16 bytes read)
[    4.337120] systemd[1]: Listening on Journal Socket (/dev/log).
[    4.349742] systemd[1]: Started Forward Password Requests to Wall Directory Watch.
[    4.367586] systemd[1]: Listening on udev Kernel Socket.
[    4.380145] systemd[1]: Listening on fsck to fsckd communication Socket.
[    4.394599] systemd[1]: Set up automount Arbitrary Executable File Formats File System Automount Point.
[    4.414361] systemd[1]: Listening on initctl Compatibility Named Pipe.

Raspbian GNU/Linux 10 raspberrypi ttyAMA0

raspberrypi login: pi
Password:
Last login: Mon Nov  9 11:31:46 CET 2020 on ttyAMA0
Linux raspberrypi 4.19.118-v7+ #1311 SMP Mon Apr 27 14:21:24 BST 2020 armv7l

The programs included with the Debian GNU/Linux system are free software;
the exact distribution terms for each program are described in the
individual files in /usr/share/doc/*/copyright.

Debian GNU/Linux comes with ABSOLUTELY NO WARRANTY, to the extent
permitted by applicable law.

SSH is enabled and the default password for the 'pi' user has not been changed.
This is a security risk - please login as the 'pi' user and type 'passwd' to set a new password.

pi@raspberrypi:~$  systemctl status uvbench.service
�● uvbench.service - Under-volting benchmark
   Loaded: loaded (/etc/systemd/system/uvbench.service; enabled; vendor preset:
   Active: activating (start) since Mon 2020-11-09 11:33:38 CET; 2min 21s ago
 Main PID: 442 (uvbench.sh)
    Tasks: 2 (limit: 1604)
   Memory: 1.7M
   CGroup: /system.slice/uvbench.service
           �├�─ 442 /bin/sh /home/pi/uvbench.sh run -t 25
           �└�─1648 sleep 1

Nov 09 11:33:38 raspberrypi systemd[1]: Starting Under-volting benchmark...
Nov 09 11:33:39 raspberrypi uvbench.sh[442]: run: Mon Nov  9 11:33:39 CET 2020
pi@raspberrypi:~$ [  283.796533] Kernel panic - not syncing: stack-protector: Kernel stack is corrupted in: do_DataAbort+0xf4/0xf4
[  283.808383] CPU: 1 PID: 2901 Comm: uvbench.sh Not tainted 4.19.118-v7+ #1311
[  283.816333] Hardware name: BCM2835
[  283.820605] [<801120c8>] (unwind_backtrace) from [<8010d5fc>] (show_stack+0x20/0x24)
[  283.830184] [<8010d5fc>] (show_stack) from [<80856da8>] (dump_stack+0xe0/0x124)
[  283.838497] [<80856da8>] (dump_stack) from [<80120ee8>] (panic+0x104/0x288)
[  283.846466] [<80120ee8>] (panic) from [<801209e8>] (print_tainted+0x0/0xa8)
[  283.854451] CPU0: stopping
[  283.858155] CPU: 0 PID: 0 Comm: swapper/0 Not tainted 4.19.118-v7+ #1311
[  283.865914] Hardware name: BCM2835
[  283.870381] [<801120c8>] (unwind_backtrace) from [<8010d5fc>] (show_stack+0x20/0x24)
[  283.880387] [<8010d5fc>] (show_stack) from [<80856da8>] (dump_stack+0xe0/0x124)
[  283.888940] [<80856da8>] (dump_stack) from [<801104e0>] (handle_IPI+0x388/0x3a8)
[  283.898805] [<801104e0>] (handle_IPI) from [<801021f4>] (bcm2836_arm_irqchip_handle_irq+0xa0/0xa4)
[  283.910395] [<801021f4>] (bcm2836_arm_irqchip_handle_irq) from [<801019bc>] (__irq_svc+0x5c/0x7c)
[  283.922015] Exception stack(0x80d01ee8 to 0x80d01f30)
[  283.928426] 1ee0:                   80109ae4 00000000 40000093 40000093 80d04d70 80d00000
[  283.939286] 1f00: 80d04db8 00000001 80d8fb3e bb3ff840 80c64a38 80d01f44 80d0517c 80d01f38
[  283.950150] 1f20: 00000000 80109ae8 40000013 ffffffff
[  283.956529] [<801019bc>] (__irq_svc) from [<80109ae8>] (arch_cpu_idle+0x34/0x4c)
[  283.966625] [<80109ae8>] (arch_cpu_idle) from [<80873e74>] (default_idle_call+0x34/0x48)
[  283.977476] [<80873e74>] (default_idle_call) from [<80152eb8>] (do_idle+0xec/0x16c)
[  283.987954] [<80152eb8>] (do_idle) from [<801531f8>] (cpu_startup_entry+0x28/0x2c)
[  283.998350] [<801531f8>] (cpu_startup_entry) from [<8086d524>] (rest_init+0xbc/0xc0)
[  284.008988] [<8086d524>] (rest_init) from [<80c00fb0>] (start_kernel+0x484/0x4b4)
[  284.019365] CPU3: stopping
[  284.023455] CPU: 3 PID: 0 Comm: swapper/3 Not tainted 4.19.118-v7+ #1311
[  284.031565] Hardware name: BCM2835
[  284.036352] [<801120c8>] (unwind_backtrace) from [<8010d5fc>] (show_stack+0x20/0x24)
[  284.046891] [<8010d5fc>] (show_stack) from [<80856da8>] (dump_stack+0xe0/0x124)
[  284.055646] [<80856da8>] (dump_stack) from [<801104e0>] (handle_IPI+0x388/0x3a8)
[  284.065823] [<801104e0>] (handle_IPI) from [<801021f4>] (bcm2836_arm_irqchip_handle_irq+0xa0/0xa4)
[  284.077611] [<801021f4>] (bcm2836_arm_irqchip_handle_irq) from [<801019bc>] (__irq_svc+0x5c/0x7c)
[  284.089321] Exception stack(0xba531f38 to 0xba531f80)
[  284.095772] 1f20:                                                       80109ae4 00000000
[  284.106639] 1f40: 40000093 40000093 80d04d70 ba530000 80d04db8 00000008 80d8fb3e 410fd034
[  284.117450] 1f60: 00000000 ba531f94 80d0517c ba531f88 00000000 80109ae8 40000013 ffffffff
[  284.128243] [<801019bc>] (__irq_svc) from [<80109ae8>] (arch_cpu_idle+0x34/0x4c)
[  284.138308] [<80109ae8>] (arch_cpu_idle) from [<80873e74>] (default_idle_call+0x34/0x48)
[  284.149169] [<80873e74>] (default_idle_call) from [<80152eb8>] (do_idle+0xec/0x16c)
[  284.159617] [<80152eb8>] (do_idle) from [<801531f8>] (cpu_startup_entry+0x28/0x2c)
[  284.170015] [<801531f8>] (cpu_startup_entry) from [<8010fee4>] (secondary_start_kernel+0x134/0x140)
[  284.181933] [<8010fee4>] (secondary_start_kernel) from [<0010270c>] (0x10270c)
[  284.190617] CPU2: stopping
[  284.194734] CPU: 2 PID: 0 Comm: swapper/2 Not tainted 4.19.118-v7+ #1311
[  284.202866] Hardware name: BCM2835
[  284.207668] [<801120c8>] (unwind_backtrace) from [<8010d5fc>] (show_stack+0x20/0x24)
[  284.218314] [<8010d5fc>] (show_stack) from [<80856da8>] (dump_stack+0xe0/0x124)
[  284.227127] [<80856da8>] (dump_stack) from [<801104e0>] (handle_IPI+0x388/0x3a8)
[  284.237412] [<801104e0>] (handle_IPI) from [<801021f4>] (bcm2836_arm_irqchip_handle_irq+0xa0/0xa4)
[  284.249279] [<801021f4>] (bcm2836_arm_irqchip_handle_irq) from [<801019bc>] (__irq_svc+0x5c/0x7c)
[  284.261053] Exception stack(0xba52ff38 to 0xba52ff80)
[  284.267542] ff20:                                                       80109ae4 00000000
[  284.278468] ff40: 40000093 40000093 80d04d70 ba52e000 80d04db8 00000004 80d8fb3e 410fd034
[  284.289357] ff60: 00000000 ba52ff94 80d0517c ba52ff88 00000000 80109ae8 40000013 ffffffff
[  284.300242] [<801019bc>] (__irq_svc) from [<80109ae8>] (arch_cpu_idle+0x34/0x4c)
[  284.310333] [<80109ae8>] (arch_cpu_idle) from [<80873e74>] (default_idle_call+0x34/0x48)
[  284.321195] [<80873e74>] (default_idle_call) from [<80152eb8>] (do_idle+0xec/0x16c)
[  284.331643] [<80152eb8>] (do_idle) from [<801531f8>] (cpu_startup_entry+0x28/0x2c)
[  284.342039] [<801531f8>] (cpu_startup_entry) from [<8010fee4>] (secondary_start_kernel+0x134/0x140)
[  284.353964] [<8010fee4>] (secondary_start_kernel) from [<0010270c>] (0x10270c)
[  284.362652] ---[ end Kernel panic - not syncing: stack-protector: Kernel stack is corrupted in: do_DataAbort+0xf4/0xf4 ]---
