[    0.000000] Booting Linux on physical CPU 0x0
[    0.000000] Linux version 4.19.118-v7+ (dom@buildbot) (gcc version 4.9.3 (crosstool-NG crosstool-ng-1.22.0-88-g8460611)) #1311 SMP Mon Apr 27 14:21:24 BST 2020
[    0.000000] CPU: ARMv7 Processor [410fd034] revision 4 (ARMv7), cr=10c5383d
[    0.000000] CPU: div instructions available: patching division code
[    0.000000] CPU: PIPT / VIPT nonaliasing data cache, VIPT aliasing instruction cache
[    0.000000] OF: fdt: Machine model: Raspberry Pi 3 Model B Plus Rev 1.3
[    0.000000] Memory policy: Data cache writealloc
[    0.000000] cma: Reserved 256 MiB at 0x1ec00000
[    0.000000] random: get_random_bytes called from start_kernel+0xac/0x4b4 with crng_init=0
[    0.000000] percpu: Embedded 16 pages/cpu s36864 r8192 d20480 u65536
[    0.000000] Built 1 zonelists, mobility grouping on.  Total pages: 240555
[    0.000000] Kernel command line: coherent_pool=1M 8250.nr_uarts=1 snd_bcm2835.enable_compat_alsa=0 snd_bcm2835.enable_hdmi=1 snd_bcm2835.enable_headphones=1 cma=256M video=Composite-1:720x480@60,margin_left=32,mar
gin_right=32,margin_top=32,margin_bottom=32 vc_mem.mem_base=0x3ec00000 vc_mem.mem_size=0x40000000  dwc_otg.lpm_enable=0 console=ttyAMA0,115200 console=tty1 root=PARTUUID=4c999877-02 rootfstype=ext4 elevator=deadline
fsck.repair=yes rootwait
[    0.000000] Dentry cache hash table entries: 131072 (order: 7, 524288 bytes)
[    0.000000] Inode-cache hash table entries: 65536 (order: 6, 262144 bytes)
[    0.000000] Memory: 684616K/970752K available (8192K kernel code, 656K rwdata, 2232K rodata, 1024K init, 831K bss, 23992K reserved, 262144K cma-reserved)
[    0.000000] Virtual kernel memory layout:
[    0.000000]     vector  : 0xffff0000 - 0xffff1000   (   4 kB)
[    0.000000]     fixmap  : 0xffc00000 - 0xfff00000   (3072 kB)
[    0.000000]     vmalloc : 0xbb800000 - 0xff800000   (1088 MB)
[    0.000000]     lowmem  : 0x80000000 - 0xbb400000   ( 948 MB)
[    0.000000]     modules : 0x7f000000 - 0x80000000   (  16 MB)
[    0.000000]       .text : 0x(ptrval) - 0x(ptrval)   (9184 kB)
[    0.000000]       .init : 0x(ptrval) - 0x(ptrval)   (1024 kB)
[    0.000000]       .data : 0x(ptrval) - 0x(ptrval)   ( 657 kB)
[    0.000000]        .bss : 0x(ptrval) - 0x(ptrval)   ( 832 kB)
[    0.000000] SLUB: HWalign=64, Order=0-3, MinObjects=0, CPUs=4, Nodes=1
[    0.000000] ftrace: allocating 27093 entries in 80 pages
[    0.000000] rcu: Hierarchical RCU implementation.
[    0.000000] NR_IRQS: 16, nr_irqs: 16, preallocated irqs: 16
[    0.000000] arch_timer: cp15 timer(s) running at 19.20MHz (phys).
[    0.000000] clocksource: arch_sys_counter: mask: 0xffffffffffffff max_cycles: 0x46d987e47, max_idle_ns: 440795202767 ns
[    0.000007] sched_clock: 56 bits at 19MHz, resolution 52ns, wraps every 4398046511078ns
[    0.000023] Switching to timer-based delay loop, resolution 52ns
[    0.000275] Console: colour dummy device 80x30
[    0.000917] console [tty1] enabled
[    0.000976] Calibrating delay loop (skipped), value calculated using timer frequency.. 38.40 BogoMIPS (lpj=192000)
[    0.001019] pid_max: default: 32768 minimum: 301
[    0.001376] Mount-cache hash table entries: 2048 (order: 1, 8192 bytes)
[    0.001411] Mountpoint-cache hash table entries: 2048 (order: 1, 8192 bytes)
[    0.002375] CPU: Testing write buffer coherency: ok
[    0.002868] CPU0: thread -1, cpu 0, socket 0, mpidr 80000000
[    0.003559] Setting up static identity map for 0x100000 - 0x10003c
[    0.003729] rcu: Hierarchical SRCU implementation.
[    0.004565] smp: Bringing up secondary CPUs ...
[    0.005484] CPU1: thread -1, cpu 1, socket 0, mpidr 80000001
[    0.006463] CPU2: thread -1, cpu 2, socket 0, mpidr 80000002
[    0.007394] CPU3: thread -1, cpu 3, socket 0, mpidr 80000003
[    0.007508] smp: Brought up 1 node, 4 CPUs
[    0.007591] SMP: Total of 4 processors activated (153.60 BogoMIPS).
[    0.007615] CPU: All CPU(s) started in HYP mode.
[    0.007635] CPU: Virtualization extensions available.
[    0.008628] devtmpfs: initialized
[    0.022210] VFP support v0.3: implementor 41 architecture 3 part 40 variant 3 rev 4
[    0.022481] clocksource: jiffies: mask: 0xffffffff max_cycles: 0xffffffff, max_idle_ns: 19112604462750000 ns
[    0.022530] futex hash table entries: 1024 (order: 4, 65536 bytes)
[    0.033389] pinctrl core: initialized pinctrl subsystem
[    0.034382] NET: Registered protocol family 16
[    0.037695] DMA: preallocated 1024 KiB pool for atomic coherent allocations
[    0.043660] hw-breakpoint: found 5 (+1 reserved) breakpoint and 4 watchpoint registers.
[    0.043697] hw-breakpoint: maximum watchpoint size is 8 bytes.
[    0.043921] Serial: AMBA PL011 UART driver
[    0.046387] bcm2835-mbox 3f00b880.mailbox: mailbox enabled
[    0.060091] raspberrypi-firmware soc:firmware: Attached to firmware from 2020-04-15 11:43, variant start
[    0.070102] raspberrypi-firmware soc:firmware: Firmware hash is 82f9bb929ce2186eb1824178c1ae82902ad6275c
[    0.112921] bcm2835-dma 3f007000.dma: DMA legacy API manager at (ptrval), dmachans=0x1
[    0.114584] SCSI subsystem initialized
[    0.114829] usbcore: registered new interface driver usbfs
[    0.114905] usbcore: registered new interface driver hub
[    0.115017] usbcore: registered new device driver usb
[    0.116781] clocksource: Switched to clocksource arch_sys_counter
[    0.207506] VFS: Disk quotas dquot_6.6.0
[    0.207617] VFS: Dquot-cache hash table entries: 1024 (order 0, 4096 bytes)
[    0.207823] FS-Cache: Loaded
[    0.208051] CacheFiles: Loaded
[    0.208550] simple-framebuffer 3eaf0000.framebuffer: framebuffer at 0x3eaf0000, 0x10a800 bytes, mapped to 0x(ptrval)
[    0.208594] simple-framebuffer 3eaf0000.framebuffer: format=a8r8g8b8, mode=656x416x32, linelength=2624
[    0.213557] Console: switching to colour frame buffer device 82x26
[    0.220486] simple-framebuffer 3eaf0000.framebuffer: fb0: simplefb registered!
[    0.233065] NET: Registered protocol family 2
[    0.236680] tcp_listen_portaddr_hash hash table entries: 512 (order: 0, 6144 bytes)
[    0.242187] TCP established hash table entries: 8192 (order: 3, 32768 bytes)
[    0.245089] TCP bind hash table entries: 8192 (order: 4, 65536 bytes)
[    0.248041] TCP: Hash tables configured (established 8192 bind 8192)
[    0.250962] UDP hash table entries: 512 (order: 2, 16384 bytes)
[    0.253801] UDP-Lite hash table entries: 512 (order: 2, 16384 bytes)
[    0.256972] NET: Registered protocol family 1
[    0.260475] RPC: Registered named UNIX socket transport module.
[    0.263421] RPC: Registered udp transport module.
[    0.266286] RPC: Registered tcp transport module.
[    0.269081] RPC: Registered tcp NFSv4.1 backchannel transport module.
[    0.273730] hw perfevents: enabled with armv7_cortex_a7 PMU driver, 7 counters available
[    0.282467] Initialise system trusted keyrings
[    0.285444] workingset: timestamp_bits=14 max_order=18 bucket_order=4
[    0.298193] FS-Cache: Netfs 'nfs' registered for caching
[    0.301483] NFS: Registering the id_resolver key type
[    0.304190] Key type id_resolver registered
[    0.306817] Key type id_legacy registered
[    0.309325] nfs4filelayout_init: NFSv4 File Layout Driver Registering...
[    0.317366] Key type asymmetric registered
[    0.319855] Asymmetric key parser 'x509' registered
[    0.322320] Block layer SCSI generic (bsg) driver version 0.4 loaded (major 250)
[    0.327406] io scheduler noop registered
[    0.329801] io scheduler deadline registered (default)
[    0.332374] io scheduler cfq registered
[    0.334665] io scheduler mq-deadline registered (default)
[    0.337007] io scheduler kyber registered
[    0.342455] Serial: 8250/16550 driver, 1 ports, IRQ sharing enabled
[    0.346335] bcm2835-rng 3f104000.rng: hwrng registered
[    0.349110] vc-mem: phys_addr:0x00000000 mem_base=0x3ec00000 mem_size:0x40000000(1024 MiB)
[    0.354460] vc-sm: Videocore shared memory driver
[    0.357265] gpiomem-bcm2835 3f200000.gpiomem: Initialised: Registers at 0x3f200000
[    0.372910] brd: module loaded
[    0.385467] loop: module loaded
[    0.388547] Loading iSCSI transport class v2.0-870.
[    0.391702] libphy: Fixed MDIO Bus: probed
[    0.394213] usbcore: registered new interface driver lan78xx
[    0.396687] usbcore: registered new interface driver smsc95xx
[    0.399091] dwc_otg: version 3.00a 10-AUG-2012 (platform bus)
[    0.429269] dwc_otg 3f980000.usb: base=(ptrval)
[    0.631733] Core Release: 2.80a
[    0.633946] Setting default values for core params
[    0.636234] Finished setting default values for core params
[    0.838857] Using Buffer DMA mode
[    0.841156] Periodic Transfer Interrupt Enhancement - disabled
[    0.843549] Multiprocessor Interrupt Enhancement - disabled
[    0.845925] OTG VER PARAM: 0, OTG VER FLAG: 0
[    0.848303] Dedicated Tx FIFOs mode
[    0.851212] WARN::dwc_otg_hcd_init:1074: FIQ DMA bounce buffers: virt = 9ed04000 dma = 0xded04000 len=9024
[    0.855785] FIQ FSM acceleration enabled for :
[    0.855785] Non-periodic Split Transactions
[    0.855785] Periodic Split Transactions
[    0.855785] High-Speed Isochronous Endpoints
[    0.855785] Interrupt/Control Split Transaction hack enabled
[    0.866751] WARN::hcd_init_fiq:457: FIQ on core 1
[    0.868980] WARN::hcd_init_fiq:458: FIQ ASM at 8068fda0 length 36
[    0.871191] WARN::hcd_init_fiq:497: MPHI regs_base at bb810000
[    0.873451] dwc_otg 3f980000.usb: DWC OTG Controller
[    0.875714] dwc_otg 3f980000.usb: new USB bus registered, assigned bus number 1
[    0.878066] dwc_otg 3f980000.usb: irq 56, io mem 0x00000000
[    0.880369] Init: Port Power? op_state=1
[    0.882605] Init: Power Port (0)
[    0.885006] usb usb1: New USB device found, idVendor=1d6b, idProduct=0002, bcdDevice= 4.19
[    0.889525] usb usb1: New USB device strings: Mfr=3, Product=2, SerialNumber=1
[    0.891935] usb usb1: Product: DWC OTG Controller
[    0.894297] usb usb1: Manufacturer: Linux 4.19.118-v7+ dwc_otg_hcd
[    0.896718] usb usb1: SerialNumber: 3f980000.usb
[    0.899683] hub 1-0:1.0: USB hub found
[    0.901955] hub 1-0:1.0: 1 port detected
[    0.905057] usbcore: registered new interface driver usb-storage
[    0.907545] mousedev: PS/2 mouse device common for all mice
[    0.910714] bcm2835-wdt bcm2835-wdt: Broadcom BCM2835 watchdog timer
[    0.913366] bcm2835-cpufreq: min=600000 max=1000000
[    0.916206] sdhci: Secure Digital Host Controller Interface driver
[    0.918642] sdhci: Copyright(c) Pierre Ossman
[    0.921478] sdhost-bcm2835 3f202000.mmc: could not get clk, deferring probe
[    0.924153] sdhci-pltfm: SDHCI platform and OF driver helper
[    0.928272] ledtrig-cpu: registered to indicate activity on CPUs
[    0.930976] hidraw: raw HID events driver (C) Jiri Kosina
[    0.933679] usbcore: registered new interface driver usbhid
[    0.936223] usbhid: USB HID core driver
[    0.939551] vchiq: vchiq_init_state: slot_zero = (ptrval), is_master = 0
[    0.943678] [vc_sm_connected_init]: start
[    0.950771] [vc_sm_connected_init]: end - returning 0
[    0.954289] Initializing XFRM netlink socket
[    0.956677] NET: Registered protocol family 17
[    0.959160] Key type dns_resolver registered
[    0.962139] Registering SWP/SWPB emulation handler
[    0.965137] registered taskstats version 1
[    0.967539] Loading compiled-in X.509 certificates
[    0.976560] uart-pl011 3f201000.serial: cts_event_workaround enabled
[    0.979123] 3f201000.serial: ttyAMA0 at MMIO 0x3f201000 (irq = 81, base_baud = 0) is a PL011 rev2
[    2.000676] console [ttyAMA0] enabled
[    2.008832] sdhost: log_buf @ (ptrval) (ded03000)
[    2.064308] mmc0: sdhost-bcm2835 loaded - DMA enabled (>1)
[    2.073461] of_cfs_init
[    2.078363] of_cfs_init: OK
[    2.083912] Waiting for root device PARTUUID=4c999877-02...
[    2.116899] Indeed it is in host mode hprt0 = 00021501
[    2.213316] random: fast init done
[    2.227746] mmc0: host does not support reading read-only switch, assuming write-enable
[    2.247405] mmc0: new high speed SDHC card at address aaaa
[    2.256462] mmcblk0: mmc0:aaaa SL16G 14.8 GiB
[    2.269645]  mmcblk0: p1 p2
[    2.311291] EXT4-fs (mmcblk0p2): mounted filesystem with ordered data mode. Opts: (null)
[    2.324319] VFS: Mounted root (ext4 filesystem) readonly on device 179:2.
[    2.326835] usb 1-1: new high-speed USB device number 2 using dwc_otg
[    2.343009] Indeed it is in host mode hprt0 = 00001101
[    2.410943] devtmpfs: mounted
[    2.423733] Freeing unused kernel memory: 1024K
[    2.431150] Run /sbin/init as init process
[    2.587084] usb 1-1: New USB device found, idVendor=0424, idProduct=2514, bcdDevice= b.b3
[    2.600467] usb 1-1: New USB device strings: Mfr=0, Product=0, SerialNumber=0
[    2.611056] hub 1-1:1.0: USB hub found
[    2.617753] hub 1-1:1.0: 4 ports detected
[    2.936838] usb 1-1.1: new high-speed USB device number 3 using dwc_otg
[    3.067083] usb 1-1.1: New USB device found, idVendor=0424, idProduct=2514, bcdDevice= b.b3
[    3.081004] usb 1-1.1: New USB device strings: Mfr=0, Product=0, SerialNumber=0
[    3.091827] hub 1-1.1:1.0: USB hub found
[    3.098699] hub 1-1.1:1.0: 3 ports detected
[    3.137035] systemd[1]: System time before build time, advancing clock.
[    3.208968] systemd[1]: systemd 241 running in system mode. (+PAM +AUDIT +SELINUX +IMA +APPARMOR +SMACK +SYSVINIT +UTMP +LIBCRYPTSETUP +GCRYPT +GNUTLS +ACL +XZ +LZ4 +SECCOMP +BLKID +ELFUTILS +KMOD -IDN2 +IDN -PCRE
2 default-hierarchy=hybrid)
[    3.239625] systemd[1]: Detected architecture arm.
[    3.267809] systemd[1]: Set hostname to <raspberrypi>.
[    3.460555] uart-pl011 3f201000.serial: no DMA platform data
[    3.776839] usb 1-1.1.1: new high-speed USB device number 4 using dwc_otg
[    3.907255] usb 1-1.1.1: New USB device found, idVendor=0424, idProduct=7800, bcdDevice= 3.00
[    3.921222] usb 1-1.1.1: New USB device strings: Mfr=0, Product=0, SerialNumber=0
[    4.199044] lan78xx 1-1.1.1:1.0 (unnamed net_device) (uninitialized): No External EEPROM. Setting MAC Speed
[    4.215671] libphy: lan78xx-mdiobus: probed
[    4.244051] random: systemd: uninitialized urandom read (16 bytes read)
[    4.246490] lan78xx 1-1.1.1:1.0 (unnamed net_device) (uninitialized): int urb period 64
[    4.280332] systemd[1]: Condition check resulted in Journal Audit Socket being skipped.
[    4.294498] random: systemd: uninitialized urandom read (16 bytes read)
[    4.309404] systemd[1]: Created slice system-systemd\x2dfsck.slice.
[    4.322581] random: systemd: uninitialized urandom read (16 bytes read)
[    4.333857] systemd[1]: Created slice User and Session Slice.
[    4.347178] systemd[1]: Listening on udev Kernel Socket.
[    4.361034] systemd[1]: Created slice system-serial\x2dgetty.slice.
[    4.375134] systemd[1]: Listening on Journal Socket.
[    4.396766] systemd[1]: Starting Restore / save the current clock...

Raspbian GNU/Linux 10 raspberrypi ttyAMA0

raspberrypi login: [ 3876.688809] Kernel panic - not syncing: System is deadlocked on memory
[ 3876.688809]
[ 3876.700856] CPU: 3 PID: 31295 Comm: stress-ng-matri Not tainted 4.19.118-v7+ #1311
[ 3876.712967] Hardware name: BCM2835
[ 3876.718803] [<801120c8>] (unwind_backtrace) from [<8010d5fc>] (show_stack+0x20/0x24)
[ 3876.731604] [<8010d5fc>] (show_stack) from [<80856da8>] (dump_stack+0xe0/0x124)
[ 3876.741679] [<80856da8>] (dump_stack) from [<80120ee8>] (panic+0x104/0x288)
[ 3876.751425] [<80120ee8>] (panic) from [<80261cb8>] (pagefault_out_of_memory+0x0/0xa0)
[ 3876.764782] [<80261cb8>] (pagefault_out_of_memory) from [<80267ed8>] (__alloc_pages_nodemask+0x1020/0x1174)
[ 3876.780497] [<80267ed8>] (__alloc_pages_nodemask) from [<80297594>] (__pte_alloc+0x34/0x1b4)
[ 3876.795342] [<80297594>] (__pte_alloc) from [<8029b6f0>] (handle_mm_fault+0xce4/0xd68)
[ 3876.810091] [<8029b6f0>] (handle_mm_fault) from [<802954b0>] (__get_user_pages+0x140/0x518)
[ 3876.825701] [<802954b0>] (__get_user_pages) from [<80295f5c>] (populate_vma_page_range+0x84/0x8c)
[ 3876.842089] [<80295f5c>] (populate_vma_page_range) from [<80296020>] (__mm_populate+0xbc/0x168)
[ 3876.858566] [<80296020>] (__mm_populate) from [<80282ad0>] (vm_mmap_pgoff+0xe4/0xec)
[ 3876.874402] [<80282ad0>] (vm_mmap_pgoff) from [<8029ecd8>] (ksys_mmap_pgoff+0x64/0xc8)
[ 3876.890605] [<8029ecd8>] (ksys_mmap_pgoff) from [<8029ed68>] (sys_mmap_pgoff+0x2c/0x34)
[ 3876.906995] [<8029ed68>] (sys_mmap_pgoff) from [<80101000>] (ret_fast_syscall+0x0/0x28)
[ 3876.923583] Exception stack(0xb1a69fa8 to 0xb1a69ff0)
[ 3876.932915] 9fa0:                   ffffffff 00000000 00000000 04000000 00000003 00008022
[ 3876.949599] 9fc0: ffffffff 00000000 00001000 000000c0 00000000 00000000 6e6ad000 ffffffff
[ 3876.966369] 9fe0: 00000000 7e97db28 00000000 76d9bd30
[ 3876.975698] CPU2: stopping
[ 3876.982555] CPU: 2 PID: 0 Comm: swapper/2 Not tainted 4.19.118-v7+ #1311
[ 3876.993449] Hardware name: BCM2835
[ 3877.000940] [<801120c8>] (unwind_backtrace) from [<8010d5fc>] (show_stack+0x20/0x24)
[ 3877.016836] [<8010d5fc>] (show_stack) from [<80856da8>] (dump_stack+0xe0/0x124)
[ 3877.028317] [<80856da8>] (dump_stack) from [<801104e0>] (handle_IPI+0x388/0x3a8)
[ 3877.043706] [<801104e0>] (handle_IPI) from [<801021f4>] (bcm2836_arm_irqchip_handle_irq+0xa0/0xa4)
[ 3877.060695] [<801021f4>] (bcm2836_arm_irqchip_handle_irq) from [<801019bc>] (__irq_svc+0x5c/0x7c)
[ 3877.077584] Exception stack(0xba52ff38 to 0xba52ff80)
[ 3877.086610] ff20:                                                       80109ae4 00000000
[ 3877.102466] ff40: 40000193 40000193 80d04d70 ba52e000 80d04db8 00000004 80d8fb3e 410fd034
[ 3877.118204] ff60: 00000000 ba52ff94 80d0517c ba52ff88 00000000 80109ae8 40000113 ffffffff
[ 3877.133932] [<801019bc>] (__irq_svc) from [<80109ae8>] (arch_cpu_idle+0x34/0x4c)
[ 3877.148979] [<80109ae8>] (arch_cpu_idle) from [<80873e74>] (default_idle_call+0x34/0x48)
[ 3877.164838] [<80873e74>] (default_idle_call) from [<80152eb8>] (do_idle+0xec/0x16c)
[ 3877.180316] [<80152eb8>] (do_idle) from [<801531f8>] (cpu_startup_entry+0x28/0x2c)
[ 3877.195947] [<801531f8>] (cpu_startup_entry) from [<8010fee4>] (secondary_start_kernel+0x134/0x140)
[ 3877.213206] [<8010fee4>] (secondary_start_kernel) from [<0010270c>] (0x10270c)
[ 3877.224607] CPU0: stopping
[ 3877.231372] CPU: 0 PID: 0 Comm: swapper/0 Not tainted 4.19.118-v7+ #1311
[ 3877.242253] Hardware name: BCM2835
[ 3877.249731] [<801120c8>] (unwind_backtrace) from [<8010d5fc>] (show_stack+0x20/0x24)
[ 3877.265588] [<8010d5fc>] (show_stack) from [<80856da8>] (dump_stack+0xe0/0x124)
[ 3877.277047] [<80856da8>] (dump_stack) from [<801104e0>] (handle_IPI+0x388/0x3a8)
[ 3877.292447] [<801104e0>] (handle_IPI) from [<801021f4>] (bcm2836_arm_irqchip_handle_irq+0xa0/0xa4)
[ 3877.309721] [<801021f4>] (bcm2836_arm_irqchip_handle_irq) from [<801019bc>] (__irq_svc+0x5c/0x7c)
[ 3877.327021] Exception stack(0x80d01ee8 to 0x80d01f30)
[ 3877.336264] 1ee0:                   80109ae4 00000000 40000193 40000193 80d04d70 80d00000
[ 3877.352692] 1f00: 80d04db8 00000001 80d8fb3e bb3ff840 80c64a38 80d01f44 80d0517c 80d01f38
[ 3877.369070] 1f20: 00000000 80109ae8 40000113 ffffffff
[ 3877.378198] [<801019bc>] (__irq_svc) from [<80109ae8>] (arch_cpu_idle+0x34/0x4c)
[ 3877.393635] [<80109ae8>] (arch_cpu_idle) from [<80873e74>] (default_idle_call+0x34/0x48)
[ 3877.409784] [<80873e74>] (default_idle_call) from [<80152eb8>] (do_idle+0xec/0x16c)
[ 3877.425488] [<80152eb8>] (do_idle) from [<801531f8>] (cpu_startup_entry+0x28/0x2c)
[ 3877.441130] [<801531f8>] (cpu_startup_entry) from [<8086d524>] (rest_init+0xbc/0xc0)
[ 3877.457083] [<8086d524>] (rest_init) from [<80c00fb0>] (start_kernel+0x484/0x4b4)
[ 3877.472830] CPU1: stopping
[ 3877.479591] CPU: 1 PID: 0 Comm: swapper/1 Not tainted 4.19.118-v7+ #1311
[ 3877.490462] Hardware name: BCM2835
[ 3877.497929] [<801120c8>] (unwind_backtrace) from [<8010d5fc>] (show_stack+0x20/0x24)
[ 3877.513769] [<8010d5fc>] (show_stack) from [<80856da8>] (dump_stack+0xe0/0x124)
[ 3877.525219] [<80856da8>] (dump_stack) from [<801104e0>] (handle_IPI+0x388/0x3a8)
[ 3877.540599] [<801104e0>] (handle_IPI) from [<801021f4>] (bcm2836_arm_irqchip_handle_irq+0xa0/0xa4)
[ 3877.557710] [<801021f4>] (bcm2836_arm_irqchip_handle_irq) from [<801019bc>] (__irq_svc+0x5c/0x7c)
[ 3877.574774] Exception stack(0xba52df38 to 0xba52df80)
[ 3877.583947] df20:                                                       80109ae4 00000000
[ 3877.600127] df40: 40000093 40000093 80d04d70 ba52c000 80d04db8 00000002 80d8fb3e 410fd034
[ 3877.616182] df60: 00000000 ba52df94 80d0517c ba52df88 00000000 80109ae8 40000013 ffffffff
[ 3877.632227] [<801019bc>] (__irq_svc) from [<80109ae8>] (arch_cpu_idle+0x34/0x4c)
[ 3877.647466] [<80109ae8>] (arch_cpu_idle) from [<80873e74>] (default_idle_call+0x34/0x48)
[ 3877.663418] [<80873e74>] (default_idle_call) from [<80152eb8>] (do_idle+0xec/0x16c)
[ 3877.678926] [<80152eb8>] (do_idle) from [<801531f8>] (cpu_startup_entry+0x28/0x2c)
[ 3877.694600] [<801531f8>] (cpu_startup_entry) from [<8010fee4>] (secondary_start_kernel+0x134/0x140)
[ 3877.711909] [<8010fee4>] (secondary_start_kernel) from [<0010270c>] (0x10270c)
[ 3877.723353] ---[ end Kernel panic - not syncing: System is deadlocked on memory
[ 3877.723353]  ]---
