[    0.000000] Booting Linux on physical CPU 0x0
[    0.000000] Linux version 4.19.118-v7+ (dom@buildbot) (gcc version 4.9.3 (crosstool-NG crosstool-ng-1.22.0-88-g8460611)) #1311 SMP Mon Apr 27 14:21:24 BST 2020
[    0.000000] CPU: ARMv7 Processor [410fd034] revision 4 (ARMv7), cr=10c5383d
[    0.000000] CPU: div instructions available: patching division code
[    0.000000] CPU: PIPT / VIPT nonaliasing data cache, VIPT aliasing instruction cache
[    0.000000] OF: fdt: Machine model: Raspberry Pi 3 Model B Plus Rev 1.3
[    0.000000] Memory policy: Data cache writealloc
[    0.000000] cma: Reserved 256 MiB at 0x1ec00000
[    0.000000] random: get_random_bytes called from start_kernel+0xac/0x4b4 with crng_init=0
[    0.000000] percpu: Embedded 16 pages/cpu s36864 r8192 d20480 u65536
[    0.000000] Built 1 zonelists, mobility grouping on.  Total pages: 240555
[    0.000000] Kernel command line: coherent_pool=1M 8250.nr_uarts=1 snd_bcm2835.enable_compat_alsa=0 snd_bcm2835.enable_hdmi=1 snd_bcm2835.enable_headphones=1 cma=256M video=Composite-1:720x480@60,margin_left=32,mar
gin_right=32,margin_top=32,margin_bottom=32 vc_mem.mem_base=0x3ec00000 vc_mem.mem_size=0x40000000  dwc_otg.lpm_enable=0 console=ttyAMA0,115200 console=tty1 root=PARTUUID=4c999877-02 rootfstype=ext4 elevator=deadline
fsck.repair=yes rootwait
[    0.000000] Dentry cache hash table entries: 131072 (order: 7, 524288 bytes)
[    0.000000] Inode-cache hash table entries: 65536 (order: 6, 262144 bytes)
[    0.000000] Memory: 684616K/970752K available (8192K kernel code, 656K rwdata, 2232K rodata, 1024K init, 831K bss, 23992K reserved, 262144K cma-reserved)
[    0.000000] Virtual kernel memory layout:
[    0.000000]     vector  : 0xffff0000 - 0xffff1000   (   4 kB)
[    0.000000]     fixmap  : 0xffc00000 - 0xfff00000   (3072 kB)
[    0.000000]     vmalloc : 0xbb800000 - 0xff800000   (1088 MB)
[    0.000000]     lowmem  : 0x80000000 - 0xbb400000   ( 948 MB)
[    0.000000]     modules : 0x7f000000 - 0x80000000   (  16 MB)
[    0.000000]       .text : 0x(ptrval) - 0x(ptrval)   (9184 kB)
[    0.000000]       .init : 0x(ptrval) - 0x(ptrval)   (1024 kB)
[    0.000000]       .data : 0x(ptrval) - 0x(ptrval)   ( 657 kB)
[    0.000000]        .bss : 0x(ptrval) - 0x(ptrval)   ( 832 kB)
[    0.000000] SLUB: HWalign=64, Order=0-3, MinObjects=0, CPUs=4, Nodes=1
[    0.000000] ftrace: allocating 27093 entries in 80 pages
[    0.000000] rcu: Hierarchical RCU implementation.
[    0.000000] NR_IRQS: 16, nr_irqs: 16, preallocated irqs: 16
[    0.000000] arch_timer: cp15 timer(s) running at 19.20MHz (phys).
[    0.000000] clocksource: arch_sys_counter: mask: 0xffffffffffffff max_cycles: 0x46d987e47, max_idle_ns: 440795202767 ns
[    0.000007] sched_clock: 56 bits at 19MHz, resolution 52ns, wraps every 4398046511078ns
[    0.000023] Switching to timer-based delay loop, resolution 52ns
[    0.000280] Console: colour dummy device 80x30
[    0.000921] console [tty1] enabled
[    0.000981] Calibrating delay loop (skipped), value calculated using timer frequency.. 38.40 BogoMIPS (lpj=192000)
[    0.001024] pid_max: default: 32768 minimum: 301
[    0.001385] Mount-cache hash table entries: 2048 (order: 1, 8192 bytes)
[    0.001422] Mountpoint-cache hash table entries: 2048 (order: 1, 8192 bytes)
[    0.002382] CPU: Testing write buffer coherency: ok
[    0.002872] CPU0: thread -1, cpu 0, socket 0, mpidr 80000000
[    0.003559] Setting up static identity map for 0x100000 - 0x10003c
[    0.003730] rcu: Hierarchical SRCU implementation.
[    0.004563] smp: Bringing up secondary CPUs ...
[    0.005487] CPU1: thread -1, cpu 1, socket 0, mpidr 80000001
[    0.006470] CPU2: thread -1, cpu 2, socket 0, mpidr 80000002
[    0.007402] CPU3: thread -1, cpu 3, socket 0, mpidr 80000003
[    0.007516] smp: Brought up 1 node, 4 CPUs
[    0.007597] SMP: Total of 4 processors activated (153.60 BogoMIPS).
[    0.007621] CPU: All CPU(s) started in HYP mode.
[    0.007641] CPU: Virtualization extensions available.
[    0.008635] devtmpfs: initialized
[    0.022207] VFP support v0.3: implementor 41 architecture 3 part 40 variant 3 rev 4
[    0.022478] clocksource: jiffies: mask: 0xffffffff max_cycles: 0xffffffff, max_idle_ns: 19112604462750000 ns
[    0.022528] futex hash table entries: 1024 (order: 4, 65536 bytes)
[    0.033350] pinctrl core: initialized pinctrl subsystem
[    0.034356] NET: Registered protocol family 16
[    0.037638] DMA: preallocated 1024 KiB pool for atomic coherent allocations
[    0.043603] hw-breakpoint: found 5 (+1 reserved) breakpoint and 4 watchpoint registers.
[    0.043640] hw-breakpoint: maximum watchpoint size is 8 bytes.
[    0.043867] Serial: AMBA PL011 UART driver
[    0.046338] bcm2835-mbox 3f00b880.mailbox: mailbox enabled
[    0.060092] raspberrypi-firmware soc:firmware: Attached to firmware from 2020-04-15 11:43, variant start
[    0.070103] raspberrypi-firmware soc:firmware: Firmware hash is 82f9bb929ce2186eb1824178c1ae82902ad6275c
[    0.112908] bcm2835-dma 3f007000.dma: DMA legacy API manager at (ptrval), dmachans=0x1
[    0.114565] SCSI subsystem initialized
[    0.114810] usbcore: registered new interface driver usbfs
[    0.114885] usbcore: registered new interface driver hub
[    0.114996] usbcore: registered new device driver usb
[    0.116781] clocksource: Switched to clocksource arch_sys_counter
[    0.207496] VFS: Disk quotas dquot_6.6.0
[    0.207609] VFS: Dquot-cache hash table entries: 1024 (order 0, 4096 bytes)
[    0.207815] FS-Cache: Loaded
[    0.208040] CacheFiles: Loaded
[    0.208540] simple-framebuffer 3eaf0000.framebuffer: framebuffer at 0x3eaf0000, 0x10a800 bytes, mapped to 0x(ptrval)
[    0.208584] simple-framebuffer 3eaf0000.framebuffer: format=a8r8g8b8, mode=656x416x32, linelength=2624
[    0.213545] Console: switching to colour frame buffer device 82x26
[    0.220472] simple-framebuffer 3eaf0000.framebuffer: fb0: simplefb registered!
[    0.233109] NET: Registered protocol family 2
[    0.236717] tcp_listen_portaddr_hash hash table entries: 512 (order: 0, 6144 bytes)
[    0.242213] TCP established hash table entries: 8192 (order: 3, 32768 bytes)
[    0.245107] TCP bind hash table entries: 8192 (order: 4, 65536 bytes)
[    0.248052] TCP: Hash tables configured (established 8192 bind 8192)
[    0.250970] UDP hash table entries: 512 (order: 2, 16384 bytes)
[    0.253804] UDP-Lite hash table entries: 512 (order: 2, 16384 bytes)
[    0.256972] NET: Registered protocol family 1
[    0.260470] RPC: Registered named UNIX socket transport module.
[    0.263412] RPC: Registered udp transport module.
[    0.266276] RPC: Registered tcp transport module.
[    0.269068] RPC: Registered tcp NFSv4.1 backchannel transport module.
[    0.273719] hw perfevents: enabled with armv7_cortex_a7 PMU driver, 7 counters available
[    0.282459] Initialise system trusted keyrings
[    0.285439] workingset: timestamp_bits=14 max_order=18 bucket_order=4
[    0.298177] FS-Cache: Netfs 'nfs' registered for caching
[    0.301467] NFS: Registering the id_resolver key type
[    0.304167] Key type id_resolver registered
[    0.306789] Key type id_legacy registered
[    0.309294] nfs4filelayout_init: NFSv4 File Layout Driver Registering...
[    0.317374] Key type asymmetric registered
[    0.319857] Asymmetric key parser 'x509' registered
[    0.322315] Block layer SCSI generic (bsg) driver version 0.4 loaded (major 250)
[    0.327366] io scheduler noop registered
[    0.329754] io scheduler deadline registered (default)
[    0.332321] io scheduler cfq registered
[    0.334608] io scheduler mq-deadline registered (default)
[    0.336937] io scheduler kyber registered
[    0.342371] Serial: 8250/16550 driver, 1 ports, IRQ sharing enabled
[    0.346234] bcm2835-rng 3f104000.rng: hwrng registered
[    0.349009] vc-mem: phys_addr:0x00000000 mem_base=0x3ec00000 mem_size:0x40000000(1024 MiB)
[    0.354342] vc-sm: Videocore shared memory driver
[    0.357138] gpiomem-bcm2835 3f200000.gpiomem: Initialised: Registers at 0x3f200000
[    0.372772] brd: module loaded
[    0.385337] loop: module loaded
[    0.388432] Loading iSCSI transport class v2.0-870.
[    0.391591] libphy: Fixed MDIO Bus: probed
[    0.394105] usbcore: registered new interface driver lan78xx
[    0.396584] usbcore: registered new interface driver smsc95xx
[    0.399001] dwc_otg: version 3.00a 10-AUG-2012 (platform bus)
[    0.429181] dwc_otg 3f980000.usb: base=(ptrval)
[    0.631641] Core Release: 2.80a
[    0.633855] Setting default values for core params
[    0.636143] Finished setting default values for core params
[    0.838785] Using Buffer DMA mode
[    0.841084] Periodic Transfer Interrupt Enhancement - disabled
[    0.843476] Multiprocessor Interrupt Enhancement - disabled
[    0.845851] OTG VER PARAM: 0, OTG VER FLAG: 0
[    0.848224] Dedicated Tx FIFOs mode
[    0.851134] WARN::dwc_otg_hcd_init:1074: FIQ DMA bounce buffers: virt = 9ed04000 dma = 0xded04000 len=9024
[    0.855698] FIQ FSM acceleration enabled for :
[    0.855698] Non-periodic Split Transactions
[    0.855698] Periodic Split Transactions
[    0.855698] High-Speed Isochronous Endpoints
[    0.855698] Interrupt/Control Split Transaction hack enabled
[    0.866637] WARN::hcd_init_fiq:457: FIQ on core 1
[    0.868861] WARN::hcd_init_fiq:458: FIQ ASM at 8068fda0 length 36
[    0.871067] WARN::hcd_init_fiq:497: MPHI regs_base at bb810000
[    0.873321] dwc_otg 3f980000.usb: DWC OTG Controller
[    0.875579] dwc_otg 3f980000.usb: new USB bus registered, assigned bus number 1
[    0.877931] dwc_otg 3f980000.usb: irq 56, io mem 0x00000000
[    0.880232] Init: Port Power? op_state=1
[    0.882469] Init: Power Port (0)
[    0.884867] usb usb1: New USB device found, idVendor=1d6b, idProduct=0002, bcdDevice= 4.19
[    0.889384] usb usb1: New USB device strings: Mfr=3, Product=2, SerialNumber=1
[    0.891794] usb usb1: Product: DWC OTG Controller
[    0.894156] usb usb1: Manufacturer: Linux 4.19.118-v7+ dwc_otg_hcd
[    0.896576] usb usb1: SerialNumber: 3f980000.usb
[    0.899549] hub 1-0:1.0: USB hub found
[    0.901820] hub 1-0:1.0: 1 port detected
[    0.904915] usbcore: registered new interface driver usb-storage
[    0.907407] mousedev: PS/2 mouse device common for all mice
[    0.910577] bcm2835-wdt bcm2835-wdt: Broadcom BCM2835 watchdog timer
[    0.913228] bcm2835-cpufreq: min=600000 max=1000000
[    0.916069] sdhci: Secure Digital Host Controller Interface driver
[    0.918508] sdhci: Copyright(c) Pierre Ossman
[    0.921341] sdhost-bcm2835 3f202000.mmc: could not get clk, deferring probe
[    0.924012] sdhci-pltfm: SDHCI platform and OF driver helper
[    0.928124] ledtrig-cpu: registered to indicate activity on CPUs
[    0.930827] hidraw: raw HID events driver (C) Jiri Kosina
[    0.933533] usbcore: registered new interface driver usbhid
[    0.936076] usbhid: USB HID core driver
[    0.939406] vchiq: vchiq_init_state: slot_zero = (ptrval), is_master = 0
[    0.943536] [vc_sm_connected_init]: start
[    0.950593] [vc_sm_connected_init]: end - returning 0
[    0.954114] Initializing XFRM netlink socket
[    0.956497] NET: Registered protocol family 17
[    0.958965] Key type dns_resolver registered
[    0.961941] Registering SWP/SWPB emulation handler
[    0.964929] registered taskstats version 1
[    0.967332] Loading compiled-in X.509 certificates
[    0.976361] uart-pl011 3f201000.serial: cts_event_workaround enabled
[    0.978923] 3f201000.serial: ttyAMA0 at MMIO 0x3f201000 (irq = 81, base_baud = 0) is a PL011 rev2
[    2.000474] console [ttyAMA0] enabled
[    2.008638] sdhost: log_buf @ (ptrval) (ded03000)
[    2.064103] mmc0: sdhost-bcm2835 loaded - DMA enabled (>1)
[    2.073258] of_cfs_init
[    2.078157] of_cfs_init: OK
[    2.083712] Waiting for root device PARTUUID=4c999877-02...
[    2.116898] Indeed it is in host mode hprt0 = 00021501
[    2.213326] random: fast init done
[    2.227743] mmc0: host does not support reading read-only switch, assuming write-enable
[    2.247048] mmc0: new high speed SDHC card at address aaaa
[    2.256083] mmcblk0: mmc0:aaaa SL16G 14.8 GiB
[    2.269257]  mmcblk0: p1 p2
[    2.301897] EXT4-fs (mmcblk0p2): INFO: recovery required on readonly filesystem
[    2.311737] EXT4-fs (mmcblk0p2): write access will be enabled during recovery
[    2.326829] usb 1-1: new high-speed USB device number 2 using dwc_otg
[    2.335984] Indeed it is in host mode hprt0 = 00001101
[    2.577099] usb 1-1: New USB device found, idVendor=0424, idProduct=2514, bcdDevice= b.b3
[    2.590447] usb 1-1: New USB device strings: Mfr=0, Product=0, SerialNumber=0
[    2.600911] hub 1-1:1.0: USB hub found
[    2.607386] hub 1-1:1.0: 4 ports detected
[    2.805064] EXT4-fs (mmcblk0p2): recovery complete
[    2.926817] usb 1-1.1: new high-speed USB device number 3 using dwc_otg
[    2.992677] EXT4-fs (mmcblk0p2): mounted filesystem with ordered data mode. Opts: (null)
[    3.006264] VFS: Mounted root (ext4 filesystem) readonly on device 179:2.
[    3.028221] devtmpfs: mounted
[    3.041355] Freeing unused kernel memory: 1024K
[    3.049043] Run /sbin/init as init process
[    3.057079] usb 1-1.1: New USB device found, idVendor=0424, idProduct=2514, bcdDevice= b.b3
[    3.070966] usb 1-1.1: New USB device strings: Mfr=0, Product=0, SerialNumber=0
[    3.081877] hub 1-1.1:1.0: USB hub found
[    3.088762] hub 1-1.1:1.0: 3 ports detected
[    3.705118] systemd[1]: System time before build time, advancing clock.
[    3.746827] usb 1-1.1.1: new high-speed USB device number 4 using dwc_otg
[    3.786893] systemd[1]: systemd 241 running in system mode. (+PAM +AUDIT +SELINUX +IMA +APPARMOR +SMACK +SYSVINIT +UTMP +LIBCRYPTSETUP +GCRYPT +GNUTLS +ACL +XZ +LZ4 +SECCOMP +BLKID +ELFUTILS +KMOD -IDN2 +IDN -PCRE
2 default-hierarchy=hybrid)
[    3.817732] systemd[1]: Detected architecture arm.
[    3.846650] systemd[1]: Set hostname to <raspberrypi>.
[    3.877282] usb 1-1.1.1: New USB device found, idVendor=0424, idProduct=7800, bcdDevice= 3.00
[    3.891498] usb 1-1.1.1: New USB device strings: Mfr=0, Product=0, SerialNumber=0
[    4.168708] lan78xx 1-1.1.1:1.0 (unnamed net_device) (uninitialized): No External EEPROM. Setting MAC Speed
[    4.187910] libphy: lan78xx-mdiobus: probed
[    4.212736] uart-pl011 3f201000.serial: no DMA platform data
[    4.238123] lan78xx 1-1.1.1:1.0 (unnamed net_device) (uninitialized): int urb period 64
[    4.918560] random: systemd: uninitialized urandom read (16 bytes read)
[    4.953012] systemd[1]: Condition check resulted in Journal Audit Socket being skipped.
[    4.967330] random: systemd: uninitialized urandom read (16 bytes read)
[    4.977799] systemd[1]: Listening on udev Control Socket.
[    4.989985] random: systemd: uninitialized urandom read (16 bytes read)
[    5.004934] systemd[1]: Created slice system-systemd\x2dfsck.slice.
[    5.019230] systemd[1]: Set up automount Arbitrary Executable File Formats File System Automount Point.
[    5.039402] systemd[1]: Listening on udev Kernel Socket.
[    5.053206] systemd[1]: Created slice system-getty.slice.
[    5.066945] systemd[1]: Created slice system-serial\x2dgetty.slice.

Raspbian GNU/Linux 10 raspberrypi ttyAMA0

raspberrypi login: pi
Password:
Last login: Tue Nov 24 14:09:28 CET 2020 from 192.168.128.152 on pts/0
Linux raspberrypi 4.19.118-v7+ #1311 SMP Mon Apr 27 14:21:24 BST 2020 armv7l

The programs included with the Debian GNU/Linux system are free software;
the exact distribution terms for each program are described in the
individual files in /usr/share/doc/*/copyright.

Debian GNU/Linux comes with ABSOLUTELY NO WARRANTY, to the extent
permitted by applicable law.

SSH is enabled and the default password for the 'pi' user has not been changed.
This is a security risk - please login as the 'pi' user and type 'passwd' to set a new password.

pi@raspberrypi:~$  rm BSC/src/stress-ng.log
rm: remove write-protected regular file 'BSC/src/stress-ng.log'? y
pi@raspberrypi:~$  exit
logout

Raspbian GNU/Linux 10 raspberrypi ttyAMA0

raspberrypi login: 
