[    0.000000] Booting Linux on physical CPU 0x0
[    0.000000] Linux version 4.19.118-v7+ (dom@buildbot) (gcc version 4.9.3 (crosstool-NG crosstool-ng-1.22.0-88-g8460611)) #1311 SMP Mon Apr 27 14:21:24 BST 2020
[    0.000000] CPU: ARMv7 Processor [410fd034] revision 4 (ARMv7), cr=10c5383d
[    0.000000] CPU: div instructions available: patching division code
[    0.000000] CPU: PIPT / VIPT nonaliasing data cache, VIPT aliasing instruction cache
[    0.000000] OF: fdt: Machine model: Raspberry Pi 3 Model B Plus Rev 1.3
[    0.000000] Memory policy: Data cache writealloc
[    0.000000] cma: Reserved 256 MiB at 0x1ec00000
[    0.000000] random: get_random_bytes called from start_kernel+0xac/0x4b4 with crng_init=0
[    0.000000] percpu: Embedded 16 pages/cpu s36864 r8192 d20480 u65536
[    0.000000] Built 1 zonelists, mobility grouping on.  Total pages: 240555
[    0.000000] Kernel command line: coherent_pool=1M 8250.nr_uarts=1 snd_bcm2835.enable_compat_alsa=0 snd_bcm2835.enable_hdmi=1 snd_bcm2835.enable_headphones=1 cma=256M video=Comp
osite-1:720x480@60,margin_left=32,margin_right=32,margin_top=32,margin_bottom=32 vc_mem.mem_base=0x3ec00000 vc_mem.mem_size=0x40000000  dwc_otg.lpm_enable=0 console=ttyAMA0,115200
 console=tty1 root=PARTUUID=4c999877-02 rootfstype=ext4 elevator=deadline fsck.repair=yes rootwait
[    0.000000] Dentry cache hash table entries: 131072 (order: 7, 524288 bytes)
[    0.000000] Inode-cache hash table entries: 65536 (order: 6, 262144 bytes)
[    0.000000] Memory: 684616K/970752K available (8192K kernel code, 656K rwdata, 2232K rodata, 1024K init, 831K bss, 23992K reserved, 262144K cma-reserved)
[    0.000000] Virtual kernel memory layout:
[    0.000000]     vector  : 0xffff0000 - 0xffff1000   (   4 kB)
[    0.000000]     fixmap  : 0xffc00000 - 0xfff00000   (3072 kB)
[    0.000000]     vmalloc : 0xbb800000 - 0xff800000   (1088 MB)
[    0.000000]     lowmem  : 0x80000000 - 0xbb400000   ( 948 MB)
[    0.000000]     modules : 0x7f000000 - 0x80000000   (  16 MB)
[    0.000000]       .text : 0x(ptrval) - 0x(ptrval)   (9184 kB)
[    0.000000]       .init : 0x(ptrval) - 0x(ptrval)   (1024 kB)
[    0.000000]       .data : 0x(ptrval) - 0x(ptrval)   ( 657 kB)
[    0.000000]        .bss : 0x(ptrval) - 0x(ptrval)   ( 832 kB)
[    0.000000] SLUB: HWalign=64, Order=0-3, MinObjects=0, CPUs=4, Nodes=1
[    0.000000] ftrace: allocating 27093 entries in 80 pages
[    0.000000] rcu: Hierarchical RCU implementation.
[    0.000000] NR_IRQS: 16, nr_irqs: 16, preallocated irqs: 16
[    0.000000] arch_timer: cp15 timer(s) running at 19.20MHz (phys).
[    0.000000] clocksource: arch_sys_counter: mask: 0xffffffffffffff max_cycles: 0x46d987e47, max_idle_ns: 440795202767 ns
[    0.000007] sched_clock: 56 bits at 19MHz, resolution 52ns, wraps every 4398046511078ns
[    0.000023] Switching to timer-based delay loop, resolution 52ns
[    0.000276] Console: colour dummy device 80x30
[    0.000917] console [tty1] enabled
[    0.000976] Calibrating delay loop (skipped), value calculated using timer frequency.. 38.40 BogoMIPS (lpj=192000)
[    0.001020] pid_max: default: 32768 minimum: 301
[    0.001381] Mount-cache hash table entries: 2048 (order: 1, 8192 bytes)
[    0.001417] Mountpoint-cache hash table entries: 2048 (order: 1, 8192 bytes)
[    0.002380] CPU: Testing write buffer coherency: ok
[    0.002869] CPU0: thread -1, cpu 0, socket 0, mpidr 80000000
[    0.003558] Setting up static identity map for 0x100000 - 0x10003c
[    0.003726] rcu: Hierarchical SRCU implementation.
[    0.004559] smp: Bringing up secondary CPUs ...
[    0.005481] CPU1: thread -1, cpu 1, socket 0, mpidr 80000001
[    0.006466] CPU2: thread -1, cpu 2, socket 0, mpidr 80000002
[    0.007396] CPU3: thread -1, cpu 3, socket 0, mpidr 80000003
[    0.007510] smp: Brought up 1 node, 4 CPUs
[    0.007592] SMP: Total of 4 processors activated (153.60 BogoMIPS).
[    0.007617] CPU: All CPU(s) started in HYP mode.
[    0.007637] CPU: Virtualization extensions available.
[    0.008624] devtmpfs: initialized
[    0.022184] VFP support v0.3: implementor 41 architecture 3 part 40 variant 3 rev 4
[    0.022453] clocksource: jiffies: mask: 0xffffffff max_cycles: 0xffffffff, max_idle_ns: 19112604462750000 ns
[    0.022502] futex hash table entries: 1024 (order: 4, 65536 bytes)
[    0.033333] pinctrl core: initialized pinctrl subsystem
[    0.034329] NET: Registered protocol family 16
[    0.037639] DMA: preallocated 1024 KiB pool for atomic coherent allocations
[    0.043611] hw-breakpoint: found 5 (+1 reserved) breakpoint and 4 watchpoint registers.
[    0.043647] hw-breakpoint: maximum watchpoint size is 8 bytes.
[    0.043874] Serial: AMBA PL011 UART driver
[    0.046351] bcm2835-mbox 3f00b880.mailbox: mailbox enabled
[    0.060085] raspberrypi-firmware soc:firmware: Attached to firmware from 2020-04-15 11:43, variant start
[    0.070098] raspberrypi-firmware soc:firmware: Firmware hash is 82f9bb929ce2186eb1824178c1ae82902ad6275c
[    0.112912] bcm2835-dma 3f007000.dma: DMA legacy API manager at (ptrval), dmachans=0x1
[    0.114577] SCSI subsystem initialized
[    0.114823] usbcore: registered new interface driver usbfs
[    0.114898] usbcore: registered new interface driver hub
[    0.115011] usbcore: registered new device driver usb
[    0.116777] clocksource: Switched to clocksource arch_sys_counter
[    0.207503] VFS: Disk quotas dquot_6.6.0
[    0.207614] VFS: Dquot-cache hash table entries: 1024 (order 0, 4096 bytes)
[    0.207819] FS-Cache: Loaded
[    0.208044] CacheFiles: Loaded
[    0.208544] simple-framebuffer 3eaf0000.framebuffer: framebuffer at 0x3eaf0000, 0x10a800 bytes, mapped to 0x(ptrval)
[    0.208588] simple-framebuffer 3eaf0000.framebuffer: format=a8r8g8b8, mode=656x416x32, linelength=2624
[    0.213552] Console: switching to colour frame buffer device 82x26
[    0.220479] simple-framebuffer 3eaf0000.framebuffer: fb0: simplefb registered!
[    0.233092] NET: Registered protocol family 2
[    0.236699] tcp_listen_portaddr_hash hash table entries: 512 (order: 0, 6144 bytes)
[    0.242195] TCP established hash table entries: 8192 (order: 3, 32768 bytes)
[    0.245088] TCP bind hash table entries: 8192 (order: 4, 65536 bytes)
[    0.248034] TCP: Hash tables configured (established 8192 bind 8192)
[    0.250947] UDP hash table entries: 512 (order: 2, 16384 bytes)
[    0.253780] UDP-Lite hash table entries: 512 (order: 2, 16384 bytes)
[    0.256949] NET: Registered protocol family 1
[    0.260455] RPC: Registered named UNIX socket transport module.
[    0.263397] RPC: Registered udp transport module.
[    0.266259] RPC: Registered tcp transport module.
[    0.269051] RPC: Registered tcp NFSv4.1 backchannel transport module.
[    0.273696] hw perfevents: enabled with armv7_cortex_a7 PMU driver, 7 counters available
[    0.282442] Initialise system trusted keyrings
[    0.285430] workingset: timestamp_bits=14 max_order=18 bucket_order=4
[    0.298181] FS-Cache: Netfs 'nfs' registered for caching
[    0.301471] NFS: Registering the id_resolver key type
[    0.304181] Key type id_resolver registered
[    0.306807] Key type id_legacy registered
[    0.309314] nfs4filelayout_init: NFSv4 File Layout Driver Registering...
[    0.317345] Key type asymmetric registered
[    0.319833] Asymmetric key parser 'x509' registered
[    0.322298] Block layer SCSI generic (bsg) driver version 0.4 loaded (major 250)
[    0.327386] io scheduler noop registered
[    0.329780] io scheduler deadline registered (default)
[    0.332350] io scheduler cfq registered
[    0.334638] io scheduler mq-deadline registered (default)
[    0.336976] io scheduler kyber registered
[    0.342410] Serial: 8250/16550 driver, 1 ports, IRQ sharing enabled
[    0.346276] bcm2835-rng 3f104000.rng: hwrng registered
[    0.349048] vc-mem: phys_addr:0x00000000 mem_base=0x3ec00000 mem_size:0x40000000(1024 MiB)
[    0.354391] vc-sm: Videocore shared memory driver
[    0.357195] gpiomem-bcm2835 3f200000.gpiomem: Initialised: Registers at 0x3f200000
[    0.372834] brd: module loaded
[    0.385394] loop: module loaded
[    0.388477] Loading iSCSI transport class v2.0-870.
[    0.391638] libphy: Fixed MDIO Bus: probed
[    0.394149] usbcore: registered new interface driver lan78xx
[    0.396623] usbcore: registered new interface driver smsc95xx
[    0.399027] dwc_otg: version 3.00a 10-AUG-2012 (platform bus)
[    0.429205] dwc_otg 3f980000.usb: base=(ptrval)
[    0.631669] Core Release: 2.80a
[    0.633881] Setting default values for core params
[    0.636170] Finished setting default values for core params
[    0.838817] Using Buffer DMA mode
[    0.841117] Periodic Transfer Interrupt Enhancement - disabled
[    0.843507] Multiprocessor Interrupt Enhancement - disabled
[    0.845879] OTG VER PARAM: 0, OTG VER FLAG: 0
[    0.848249] Dedicated Tx FIFOs mode
[    0.851149] WARN::dwc_otg_hcd_init:1074: FIQ DMA bounce buffers: virt = 9ed04000 dma = 0xded04000 len=9024
[    0.855698] FIQ FSM acceleration enabled for :
[    0.855698] Non-periodic Split Transactions
[    0.855698] Periodic Split Transactions
[    0.855698] High-Speed Isochronous Endpoints
[    0.855698] Interrupt/Control Split Transaction hack enabled
[    0.866605] WARN::hcd_init_fiq:457: FIQ on core 1
[    0.868821] WARN::hcd_init_fiq:458: FIQ ASM at 8068fda0 length 36
[    0.871021] WARN::hcd_init_fiq:497: MPHI regs_base at bb810000
[    0.873266] dwc_otg 3f980000.usb: DWC OTG Controller
[    0.875517] dwc_otg 3f980000.usb: new USB bus registered, assigned bus number 1
[    0.877856] dwc_otg 3f980000.usb: irq 56, io mem 0x00000000
[    0.880147] Init: Port Power? op_state=1
[    0.882369] Init: Power Port (0)
[    0.884757] usb usb1: New USB device found, idVendor=1d6b, idProduct=0002, bcdDevice= 4.19
[    0.889257] usb usb1: New USB device strings: Mfr=3, Product=2, SerialNumber=1
[    0.891661] usb usb1: Product: DWC OTG Controller
[    0.894017] usb usb1: Manufacturer: Linux 4.19.118-v7+ dwc_otg_hcd
[    0.896435] usb usb1: SerialNumber: 3f980000.usb
[    0.899402] hub 1-0:1.0: USB hub found
[    0.901675] hub 1-0:1.0: 1 port detected
[    0.904766] usbcore: registered new interface driver usb-storage
[    0.907256] mousedev: PS/2 mouse device common for all mice
[    0.910425] bcm2835-wdt bcm2835-wdt: Broadcom BCM2835 watchdog timer
[    0.913079] bcm2835-cpufreq: min=600000 max=1000000
[    0.915919] sdhci: Secure Digital Host Controller Interface driver
[    0.918355] sdhci: Copyright(c) Pierre Ossman
[    0.921190] sdhost-bcm2835 3f202000.mmc: could not get clk, deferring probe
[    0.923866] sdhci-pltfm: SDHCI platform and OF driver helper
[    0.927965] ledtrig-cpu: registered to indicate activity on CPUs
[    0.930670] hidraw: raw HID events driver (C) Jiri Kosina
[    0.933378] usbcore: registered new interface driver usbhid
[    0.935922] usbhid: USB HID core driver
[    0.939255] vchiq: vchiq_init_state: slot_zero = (ptrval), is_master = 0
[    0.943381] [vc_sm_connected_init]: start
[    0.950440] [vc_sm_connected_init]: end - returning 0
[    0.953966] Initializing XFRM netlink socket
[    0.956352] NET: Registered protocol family 17
[    0.958832] Key type dns_resolver registered
[    0.961808] Registering SWP/SWPB emulation handler
[    0.964800] registered taskstats version 1
[    0.967199] Loading compiled-in X.509 certificates
[    0.976233] uart-pl011 3f201000.serial: cts_event_workaround enabled
[    0.978799] 3f201000.serial: ttyAMA0 at MMIO 0x3f201000 (irq = 81, base_baud = 0) is a PL011 rev2
[    2.000344] console [ttyAMA0] enabled
[    2.008524] sdhost: log_buf @ (ptrval) (ded03000)
[    2.064020] mmc0: sdhost-bcm2835 loaded - DMA enabled (>1)
[    2.073168] of_cfs_init
[    2.078063] of_cfs_init: OK
[    2.083614] Waiting for root device PARTUUID=4c999877-02...
[    2.116892] Indeed it is in host mode hprt0 = 00021501
[    2.213310] random: fast init done
[    2.227592] mmc0: host does not support reading read-only switch, assuming write-enable
[    2.247142] mmc0: new high speed SDHC card at address aaaa
[    2.256198] mmcblk0: mmc0:aaaa SL16G 14.8 GiB
[    2.269248]  mmcblk0: p1 p2
[    2.311180] EXT4-fs (mmcblk0p2): mounted filesystem with ordered data mode. Opts: (null)
[    2.324202] VFS: Mounted root (ext4 filesystem) readonly on device 179:2.
[    2.326840] usb 1-1: new high-speed USB device number 2 using dwc_otg
[    2.342888] Indeed it is in host mode hprt0 = 00001101
[    2.410815] devtmpfs: mounted
[    2.423595] Freeing unused kernel memory: 1024K
[    2.431010] Run /sbin/init as init process
[    2.587203] usb 1-1: New USB device found, idVendor=0424, idProduct=2514, bcdDevice= b.b3
[    2.600585] usb 1-1: New USB device strings: Mfr=0, Product=0, SerialNumber=0
[    2.611157] hub 1-1:1.0: USB hub found
[    2.617796] hub 1-1:1.0: 4 ports detected
[    2.936843] usb 1-1.1: new high-speed USB device number 3 using dwc_otg
[    3.077074] usb 1-1.1: New USB device found, idVendor=0424, idProduct=2514, bcdDevice= b.b3
[    3.090997] usb 1-1.1: New USB device strings: Mfr=0, Product=0, SerialNumber=0
[    3.101857] hub 1-1.1:1.0: USB hub found
[    3.108704] hub 1-1.1:1.0: 3 ports detected
[    3.134016] systemd[1]: System time before build time, advancing clock.
[    3.203022] systemd[1]: systemd 241 running in system mode. (+PAM +AUDIT +SELINUX +IMA +APPARMOR +SMACK +SYSVINIT +UTMP +LIBCRYPTSETUP +GCRYPT +GNUTLS +ACL +XZ +LZ4 +SECCOMP +B
LKID +ELFUTILS +KMOD -IDN2 +IDN -PCRE2 default-hierarchy=hybrid)
[    3.233730] systemd[1]: Detected architecture arm.
[    3.262022] systemd[1]: Set hostname to <raspberrypi>.
[    3.416729] uart-pl011 3f201000.serial: no DMA platform data
[    3.776834] usb 1-1.1.1: new high-speed USB device number 4 using dwc_otg
[    3.917258] usb 1-1.1.1: New USB device found, idVendor=0424, idProduct=7800, bcdDevice= 3.00
[    3.931220] usb 1-1.1.1: New USB device strings: Mfr=0, Product=0, SerialNumber=0
[    4.211157] lan78xx 1-1.1.1:1.0 (unnamed net_device) (uninitialized): No External EEPROM. Setting MAC Speed
[    4.213783] random: systemd: uninitialized urandom read (16 bytes read)
[    4.227803] libphy: lan78xx-mdiobus: probed
[    4.247769] random: systemd: uninitialized urandom read (16 bytes read)
[    4.258282] systemd[1]: Started Forward Password Requests to Wall Directory Watch.
[    4.270946] lan78xx 1-1.1.1:1.0 (unnamed net_device) (uninitialized): int urb period 64
[    4.289795] random: systemd: uninitialized urandom read (16 bytes read)
[    4.300347] systemd[1]: Listening on Journal Socket.
[    4.321085] systemd[1]: Mounting POSIX Message Queue File System...
[    4.340678] systemd[1]: Mounting Kernel Debug File System...
[    4.355740] systemd[1]: Created slice system-systemd\x2dfsck.slice.
[    4.369629] systemd[1]: Listening on initctl Compatibility Named Pipe.
[    4.383461] systemd[1]: Condition check resulted in Create list of required static device nodes for the current kernel being skipped.

Raspbian GNU/Linux 10 raspberrypi ttyAMA0

raspberrypi login: 
