[    0.000000] Booting Linux on physical CPU 0x0000000000 [0x410fd034]
[    0.000000] Linux version 4.19.118-v8+ (dom@buildbot) (gcc version 5.4.0 20160609 (Ubuntu/Linaro 5.4.0-6ubuntu1~16.04.9)) #1311 SMP PREEMPT Mon Apr 27 14:32:38 BST 2020
[    0.000000] Machine model: Raspberry Pi 3 Model B Plus Rev 1.3
[    0.000000] efi: Getting EFI parameters from FDT:
[    0.000000] efi: UEFI not found.
[    0.000000] cma: Reserved 8 MiB at 0x000000003ac00000
[    0.000000] random: get_random_bytes called from start_kernel+0xb8/0x47c with crng_init=0
[    0.000000] percpu: Embedded 24 pages/cpu s58840 r8192 d31272 u98304
[    0.000000] Detected VIPT I-cache on CPU0
[    0.000000] CPU features: enabling workaround for ARM erratum 843419
[    0.000000] CPU features: enabling workaround for ARM erratum 845719
[    0.000000] Built 1 zonelists, mobility grouping on.  Total pages: 238896
[    0.000000] Kernel command line: coherent_pool=1M 8250.nr_uarts=1 snd_bcm2835.enable_compat_alsa=0 snd_bcm2835.enable_hdmi=1 snd_bcm2835.enable_headphones=1 bcm2708_fb.fbwidth=6
56 bcm2708_fb.fbheight=416 bcm2708_fb.fbswap=1 vc_mem.mem_base=0x3ec00000 vc_mem.mem_size=0x40000000  dwc_otg.lpm_enable=0 console=ttyAMA0,115200 console=tty1 root=PARTUUID=4c99987
7-02 rootfstype=ext4 elevator=deadline fsck.repair=yes rootwait
[    0.000000] Dentry cache hash table entries: 131072 (order: 8, 1048576 bytes)
[    0.000000] Inode-cache hash table entries: 65536 (order: 7, 524288 bytes)
[    0.000000] Memory: 929092K/970752K available (8700K kernel code, 1074K rwdata, 2760K rodata, 1024K init, 1126K bss, 33468K reserved, 8192K cma-reserved)
[    0.000000] SLUB: HWalign=64, Order=0-3, MinObjects=0, CPUs=4, Nodes=1
[    0.000000] ftrace: allocating 30496 entries in 120 pages
[    0.000000] rcu: Preemptible hierarchical RCU implementation.
[    0.000000] rcu:     RCU restricting CPUs from NR_CPUS=64 to nr_cpu_ids=4.
[    0.000000]  Tasks RCU enabled.
[    0.000000] rcu: Adjusting geometry for rcu_fanout_leaf=16, nr_cpu_ids=4
[    0.000000] NR_IRQS: 64, nr_irqs: 64, preallocated irqs: 0
[    0.000000] arch_timer: cp15 timer(s) running at 19.20MHz (phys).
[    0.000000] clocksource: arch_sys_counter: mask: 0xffffffffffffff max_cycles: 0x46d987e47, max_idle_ns: 440795202767 ns
[    0.000007] sched_clock: 56 bits at 19MHz, resolution 52ns, wraps every 4398046511078ns
[    0.000271] Console: colour dummy device 80x25
[    0.000937] console [tty1] enabled
[    0.001006] Calibrating delay loop (skipped), value calculated using timer frequency.. 38.40 BogoMIPS (lpj=76800)
[    0.001059] pid_max: default: 32768 minimum: 301
[    0.001486] Mount-cache hash table entries: 2048 (order: 2, 16384 bytes)
[    0.001543] Mountpoint-cache hash table entries: 2048 (order: 2, 16384 bytes)
[    0.024105] ASID allocator initialised with 32768 entries
[    0.032102] rcu: Hierarchical SRCU implementation.
[    0.040740] EFI services will not be available.
[    0.048179] smp: Bringing up secondary CPUs ...
[    0.080445] Detected VIPT I-cache on CPU1
[    0.080513] CPU1: Booted secondary processor 0x0000000001 [0x410fd034]
[    0.112571] Detected VIPT I-cache on CPU2
[    0.112619] CPU2: Booted secondary processor 0x0000000002 [0x410fd034]
[    0.144734] Detected VIPT I-cache on CPU3
[    0.144779] CPU3: Booted secondary processor 0x0000000003 [0x410fd034]
[    0.144963] smp: Brought up 1 node, 4 CPUs
[    0.145118] SMP: Total of 4 processors activated.
[    0.145152] CPU features: detected: 32-bit EL0 Support
[    0.146126] CPU: All CPU(s) started at EL2
[    0.146201] alternatives: patching kernel code
[    0.147825] devtmpfs: initialized
[    0.164121] Enabled cp15_barrier support
[    0.164186] Enabled setend support
[    0.164766] clocksource: jiffies: mask: 0xffffffff max_cycles: 0xffffffff, max_idle_ns: 7645041785100000 ns
[    0.164828] futex hash table entries: 1024 (order: 4, 65536 bytes)
[    0.165543] pinctrl core: initialized pinctrl subsystem
[    0.166432] DMI not present or invalid.
[    0.167005] NET: Registered protocol family 16
[    0.173473] cpuidle: using governor menu
[    0.174097] hw-breakpoint: found 6 breakpoint and 4 watchpoint registers.
[    0.178784] DMA: preallocated 1024 KiB pool for atomic allocations
[    0.178965] Serial: AMBA PL011 UART driver
[    0.183568] bcm2835-mbox 3f00b880.mailbox: mailbox enabled
[    0.192927] raspberrypi-firmware soc:firmware: Attached to firmware from 2020-04-15 11:43, variant start
[    0.196945] raspberrypi-firmware soc:firmware: Firmware hash is 82f9bb929ce2186eb1824178c1ae82902ad6275c
[    0.245804] bcm2835-dma 3f007000.dma: DMA legacy API manager at (____ptrval____), dmachans=0x1
[    0.249107] vgaarb: loaded
[    0.249697] SCSI subsystem initialized
[    0.249996] usbcore: registered new interface driver usbfs
[    0.250092] usbcore: registered new interface driver hub
[    0.250272] usbcore: registered new device driver usb
[    0.250429] pps_core: LinuxPPS API ver. 1 registered
[    0.250462] pps_core: Software ver. 5.3.6 - Copyright 2005-2007 Rodolfo Giometti <giometti@linux.it>
[    0.250531] PTP clock support registered
[    0.252351] clocksource: Switched to clocksource arch_sys_counter
[    0.377484] VFS: Disk quotas dquot_6.6.0
[    0.377625] VFS: Dquot-cache hash table entries: 512 (order 0, 4096 bytes)
[    0.377907] FS-Cache: Loaded
[    0.378169] CacheFiles: Loaded
[    0.390259] NET: Registered protocol family 2
[    0.391224] tcp_listen_portaddr_hash hash table entries: 512 (order: 1, 8192 bytes)
[    0.391300] TCP established hash table entries: 8192 (order: 4, 65536 bytes)
[    0.391443] TCP bind hash table entries: 8192 (order: 5, 131072 bytes)
[    0.391671] TCP: Hash tables configured (established 8192 bind 8192)
[    0.391959] UDP hash table entries: 512 (order: 2, 16384 bytes)
[    0.392036] UDP-Lite hash table entries: 512 (order: 2, 16384 bytes)
[    0.392469] NET: Registered protocol family 1
[    0.393478] RPC: Registered named UNIX socket transport module.
[    0.393515] RPC: Registered udp transport module.
[    0.393546] RPC: Registered tcp transport module.
[    0.393576] RPC: Registered tcp NFSv4.1 backchannel transport module.
[    0.396174] hw perfevents: enabled with armv8_cortex_a53 PMU driver, 7 counters available
[    0.396447] kvm [1]: 8-bit VMID
[    0.397289] kvm [1]: Hyp mode initialized successfully
[    0.402208] Initialise system trusted keyrings
[    0.402546] workingset: timestamp_bits=46 max_order=18 bucket_order=0
[    0.414881] FS-Cache: Netfs 'nfs' registered for caching
[    0.415942] NFS: Registering the id_resolver key type
[    0.416008] Key type id_resolver registered
[    0.416038] Key type id_legacy registered
[    0.416080] nfs4filelayout_init: NFSv4 File Layout Driver Registering...
[    0.423847] Key type asymmetric registered
[    0.423896] Asymmetric key parser 'x509' registered
[    0.423995] Block layer SCSI generic (bsg) driver version 0.4 loaded (major 248)
[    0.424288] io scheduler noop registered
[    0.424322] io scheduler deadline registered (default)
[    0.424640] io scheduler cfq registered
[    0.424673] io scheduler mq-deadline registered (default)
[    0.424707] io scheduler kyber registered
[    0.428110] bcm2708_fb soc:fb: FB found 1 display(s)
[    0.439280] Console: switching to colour frame buffer device 82x26
[    0.444181] bcm2708_fb soc:fb: Registered framebuffer for display 0, size 656x416
[    0.451529] Serial: 8250/16550 driver, 1 ports, IRQ sharing enabled
[    0.456016] bcm2835-rng 3f104000.rng: hwrng registered
[    0.458989] vc-mem: phys_addr:0x00000000 mem_base=0x3ec00000 mem_size:0x40000000(1024 MiB)
[    0.464911] gpiomem-bcm2835 3f200000.gpiomem: Initialised: Registers at 0x3f200000
[    0.470435] cacheinfo: Unable to detect cache hierarchy for CPU 0
[    0.488729] brd: module loaded
[    0.506898] loop: module loaded
[    0.510675] Loading iSCSI transport class v2.0-870.
[    0.515922] libphy: Fixed MDIO Bus: probed
[    0.518879] usbcore: registered new interface driver r8152
[    0.521532] usbcore: registered new interface driver lan78xx
[    0.524112] usbcore: registered new interface driver smsc95xx
[    0.526984] dwc_otg: version 3.00a 10-AUG-2012 (platform bus)
[    0.557534] dwc_otg 3f980000.usb: base=(____ptrval____)
[    0.773078] Core Release: 2.80a
[    0.775564] Setting default values for core params
[    0.778110] Finished setting default values for core params
[    0.993624] Using Buffer DMA mode
[    0.996003] Periodic Transfer Interrupt Enhancement - disabled
[    0.998445] Multiprocessor Interrupt Enhancement - disabled
[    1.000873] OTG VER PARAM: 0, OTG VER FLAG: 0
[    1.003210] Dedicated Tx FIFOs mode
[    1.006416] WARN::dwc_otg_hcd_init:1074: FIQ DMA bounce buffers: virt = ffffff80090c1000 dma = 0x00000000fad14000 len=9024
[    1.010946] FIQ FSM acceleration enabled for :
[    1.010946] Non-periodic Split Transactions
[    1.010946] Periodic Split Transactions
[    1.010946] High-Speed Isochronous Endpoints
[    1.010946] Interrupt/Control Split Transaction hack enabled
[    1.021719] WARN::hcd_init_fiq:497: MPHI regs_base at ffffff800805d000
[    1.023997] dwc_otg 3f980000.usb: DWC OTG Controller
[    1.026333] dwc_otg 3f980000.usb: new USB bus registered, assigned bus number 1
[    1.028814] dwc_otg 3f980000.usb: irq 9, io mem 0x00000000
[    1.031213] Init: Port Power? op_state=1
[    1.033566] Init: Power Port (0)
[    1.036238] usb usb1: New USB device found, idVendor=1d6b, idProduct=0002, bcdDevice= 4.19
[    1.040991] usb usb1: New USB device strings: Mfr=3, Product=2, SerialNumber=1
[    1.043529] usb usb1: Product: DWC OTG Controller
[    1.046037] usb usb1: Manufacturer: Linux 4.19.118-v8+ dwc_otg_hcd
[    1.048574] usb usb1: SerialNumber: 3f980000.usb
[    1.051831] hub 1-0:1.0: USB hub found
[    1.054372] hub 1-0:1.0: 1 port detected
[    1.057997] usbcore: registered new interface driver uas
[    1.060452] usbcore: registered new interface driver usb-storage
[    1.062996] mousedev: PS/2 mouse device common for all mice
[    1.066844] bcm2835-wdt bcm2835-wdt: Broadcom BCM2835 watchdog timer
[    1.070793] cpufreq: cpufreq_online: CPU0: Running at unlisted freq: 600000 KHz
[    1.075544] cpufreq: cpufreq_online: CPU0: Unlisted initial frequency changed to: 700000 KHz
[    1.078830] sdhci: Secure Digital Host Controller Interface driver
[    1.079903] sdhci: Copyright(c) Pierre Ossman
[    1.081293] sdhost-bcm2835 3f202000.mmc: could not get clk, deferring probe
[    1.082496] sdhci-pltfm: SDHCI platform and OF driver helper
[    1.084950] ledtrig-cpu: registered to indicate activity on CPUs
[    1.086174] hidraw: raw HID events driver (C) Jiri Kosina
[    1.087394] usbcore: registered new interface driver usbhid
[    1.088500] usbhid: USB HID core driver
[    1.090195] vchiq: vchiq_init_state: slot_zero = (____ptrval____), is_master = 0
[    1.094485] Initializing XFRM netlink socket
[    1.095601] NET: Registered protocol family 17
[    1.096797] Key type dns_resolver registered
[    1.098563] registered taskstats version 1
[    1.099648] Loading compiled-in X.509 certificates
[    1.106383] uart-pl011 3f201000.serial: cts_event_workaround enabled
[    1.107606] 3f201000.serial: ttyAMA0 at MMIO 0x3f201000 (irq = 66, base_baud = 0) is a PL011 rev2
[    2.108053] console [ttyAMA0] enabled
[    2.113798] bcm2835-power bcm2835-power: Broadcom BCM2835 power domains driver
[    2.123118] sdhost: log_buf @ (____ptrval____) (fad13000)
[    2.178702] mmc0: sdhost-bcm2835 loaded - DMA enabled (>1)
[    2.187098] of_cfs_init
[    2.190766] of_cfs_init: OK
[    2.195068] Waiting for root device PARTUUID=4c999877-02...
[    2.224440] Indeed it is in host mode hprt0 = 00021501
[    2.266254] mmc0: host does not support reading read-only switch, assuming write-enable
[    2.293930] mmc0: new high speed SDHC card at address aaaa
[    2.309185] mmcblk0: mmc0:aaaa SC16G 14.8 GiB
[    2.323851]  mmcblk0: p1 p2
[    2.334160] random: fast init done
[    2.364723] EXT4-fs (mmcblk0p2): mounted filesystem with ordered data mode. Opts: (null)
[    2.375071] VFS: Mounted root (ext4 filesystem) readonly on device 179:2.
[    2.392981] devtmpfs: mounted
[    2.400187] Freeing unused kernel memory: 1024K
[    2.405935] Run /sbin/init as init process
[    2.440367] usb 1-1: new high-speed USB device number 2 using dwc_otg
[    2.448114] Indeed it is in host mode hprt0 = 00001101
[    2.664641] usb 1-1: New USB device found, idVendor=0424, idProduct=2514, bcdDevice= b.b3
[    2.675079] usb 1-1: New USB device strings: Mfr=0, Product=0, SerialNumber=0
[    2.683892] hub 1-1:1.0: USB hub found
[    2.688997] hub 1-1:1.0: 4 ports detected
[    2.980377] usb 1-1.1: new high-speed USB device number 3 using dwc_otg
[    3.045923] systemd[1]: System time before build time, advancing clock.
[    3.088636] usb 1-1.1: New USB device found, idVendor=0424, idProduct=2514, bcdDevice= b.b3
[    3.099403] usb 1-1.1: New USB device strings: Mfr=0, Product=0, SerialNumber=0
[    3.108455] hub 1-1.1:1.0: USB hub found
[    3.113764] hub 1-1.1:1.0: 3 ports detected
[    3.200813] NET: Registered protocol family 10
[    3.207344] Segment Routing with IPv6
[    3.256841] systemd[1]: systemd 241 running in system mode. (+PAM +AUDIT +SELINUX +IMA +APPARMOR +SMACK +SYSVINIT +UTMP +LIBCRYPTSETUP +GCRYPT +GNUTLS +ACL +XZ +LZ4 +SECCOMP +BL
KID +ELFUTILS +KMOD -IDN2 +IDN -PCRE2 default-hierarchy=hybrid)
[    3.282529] systemd[1]: Detected architecture arm64.
[    3.299734] systemd[1]: Set hostname to <raspberrypi>.
[    3.338476] Unable to handle kernel NULL pointer dereference at virtual address 0000000000000009
[    3.349993] Mem abort info:
[    3.354115]   ESR = 0x96000006
[    3.358527]   Exception class = DABT (current EL), IL = 32 bits
[    3.365828]   SET = 0, FnV = 0
[    3.370179]   EA = 0, S1PTW = 0
[    3.374531] Data abort info:
[    3.378638]   ISV = 0, ISS = 0x00000006
[    3.383710]   CM = 0, WnR = 0
[    3.387936] user pgtable: 4k pages, 39-bit VAs, pgdp = (____ptrval____)
[    3.395950] [0000000000000009] pgd=00000000386b3003, pud=00000000386b3003, pmd=0000000000000000
[    3.407062] Internal error: Oops: 96000006 [#1] PREEMPT SMP
[    3.407406] uart-pl011 3f201000.serial: no DMA platform data
[    3.413726] Modules linked in: ip_tables x_tables ipv6
[    3.413744] Process systemd-bless-b (pid: 91, stack limit = 0x(____ptrval____))
[    3.413751] CPU: 1 PID: 91 Comm: systemd-bless-b Not tainted 4.19.118-v8+ #1311
[    3.413754] Hardware name: Raspberry Pi 3 Model B Plus Rev 1.3 (DT)
[    3.413759] pstate: 20000005 (nzCv daif -PAN -UAO)
[    3.413773] pc : __radix_tree_lookup+0x4/0xa8
[    3.413783] lr : radix_tree_lookup_slot+0x28/0x60
[    3.467751] sp : ffffff80095bbb70
[    3.472031] x29: ffffff80095bbb70 x28: ffffffc0386b6e98 
[    3.478343] x27: 0000000000000000 x26: ffffff8008cc9000 
[    3.484638] x25: ffffff8008cf6858 x24: 0000000000000015 
[    3.490913] x23: ffffffc038a31ba8 x22: ffffff8008cc8000 
[    3.497202] x21: 0000000000000015 x20: ffffffc038a31bb0 
[    3.503499] x19: ffffff80095bbd48 x18: 0000000000000000 
[    3.509803] x17: 0000000000000000 x16: 0000000000000000 
[    3.516102] x15: 0000000000000000 x14: 0000000000000000 
[    3.522354] x13: 0000000000000000 x12: 0000000000000000 
[    3.528550] x11: 0000000000000000 x10: 0000000000000000 
[    3.534677] x9 : ffffff8008cc8000 x8 : 0000000000000040 
[    3.540772] x7 : 0000000000000000 x6 : 0000000000000000 
[    3.546844] x5 : 0000000000000000 x4 : ffffff8008cc8688 
[    3.552891] x3 : ffffff80095bbb80 x2 : 0000000000000000 
[    3.558907] x1 : ffffffc0387fba00 x0 : 0000000000000001 
[    3.564881] Call trace:
[    3.567943]  __radix_tree_lookup+0x4/0xa8
[    3.572561]  find_get_entry+0x34/0x160
[    3.576910]  pagecache_get_page+0x68/0x2a8
[    3.581607]  generic_file_read_iter+0x164/0x7f8
[    3.586743]  ext4_file_read_iter+0x4c/0x68
[    3.591445]  __vfs_read+0x120/0x178
[    3.595536]  vfs_read+0x94/0x150
[    3.599355]  ksys_read+0x74/0xf0
[    3.603165]  __arm64_sys_read+0x24/0x30
[    3.607590]  el0_svc_common+0xf4/0x1c0
[    3.611918]  el0_svc_compat_handler+0x30/0x40
[    3.616864]  el0_svc_compat+0x8/0x18
[    3.621032] Code: d503201f d4210000 97dff25f d2800808 (f9400405) 
[    3.627795] ---[ end trace 0f96bf0e2a9a6fd3 ]---
[    3.654385] ------------[ cut here ]------------
[    3.659770] kernel BUG at arch/arm64/kernel/traps.c:415!
[    3.665825] Internal error: Oops - BUG: 0 [#2] PREEMPT SMP
[    3.672075] Modules linked in: ip_tables x_tables ipv6
[    3.677994] Process systemd-run-gen (pid: 100, stack limit = 0x(____ptrval____))
[    3.687023] CPU: 1 PID: 100 Comm: systemd-run-gen Tainted: G      D           4.19.118-v8+ #1311
[    3.692336] Unable to handle kernel paging request at virtual address ffffdfc038b29cc4
[    3.697551] Hardware name: Raspberry Pi 3 Model B Plus Rev 1.3 (DT)
[    3.707350] Mem abort info:
[    3.714617] pstate: 00000005 (nzcv daif -PAN -UAO)
[    3.718392]   ESR = 0x96000004
[    3.724205] pc : do_undefinstr+0x17c/0x268
[    3.728256]   Exception class = DABT (current EL), IL = 32 bits
[    3.733380] lr : do_undefinstr+0x170/0x268
[    3.740362]   SET = 0, FnV = 0
[    3.745528] sp : ffffff80097db990
[    3.749651]   EA = 0, S1PTW = 0
[    3.754010] x29: ffffff80097db990 x28: ffffffc0379eba00 
[    3.758166] Data abort info:
[    3.764532] x27: 00000000f7325000 x26: ffffffbf00bb5640 
[    3.768437]   ISV = 0, ISS = 0x00000004
[    3.774791] x25: ffffffc038323920 x24: 0000000000000000 
[    3.779652]   CM = 0, WnR = 0
[    3.785985] x23: 0000000000000000 x22: ffffff8008dd0150 
[    3.789921] [ffffdfc038b29cc4] address between user and kernel address ranges
[    3.796217] x21: 00000000f9400000 x20: ffffff80097db9e0 
[    3.810657] x19: ffffff8008cc8000 x18: 0000000000000000 
[    3.816919] x17: 0000000000000019 x16: 0000000000000000 
[    3.823138] x15: 0000000000000000 x14: 0000000000000000 
[    3.829321] x13: 0000000000000000 x12: 0000000000000000 
[    3.835473] x11: 0000000000000000 x10: 0000000000000000 
[    3.841594] x9 : 0000000000000000 x8 : 0000000000000000 
[    3.847697] x7 : ffffff8008cc8688 x6 : ffffff8008cc8000 
[    3.853783] x5 : ffffff8008cc8e00 x4 : ffffff80080e7924 
[    3.859833] x3 : ffffff80097db810 x2 : 0000000000000000 
[    3.865879] x1 : 5c12174d01c22c00 x0 : 0000000040000005 
[    3.871927] Call trace:
[    3.875096]  do_undefinstr+0x17c/0x268
[    3.879567]  el1_undef+0x10/0x70
[    3.883496]  mark_page_accessed+0x38/0x1b8
[    3.888293]  unmap_page_range+0x2fc/0x7c8
[    3.892992]  unmap_single_vma+0x68/0x80
[    3.897492]  unmap_vmas+0x74/0xe0
[    3.901444]  exit_mmap+0xd4/0x178
[    3.905376]  mmput+0x5c/0xe8
[    3.908834]  do_exit+0x2ec/0xa88
[    3.912601]  do_group_exit+0x3c/0xa0
[    3.916709]  __arm64_sys_exit_group+0x24/0x28
[    3.921621]  el0_svc_common+0xf4/0x1c0
[    3.925941]  el0_svc_compat_handler+0x30/0x40
[    3.930890]  el0_svc_compat+0x8/0x18
[    3.935065] Code: 9400387d f9408680 f2400c1f 54fff640 (d4210000) 
[    3.941824] ---[ end trace 0f96bf0e2a9a6fd4 ]---
[    3.947113] Internal error: Oops: 96000004 [#3] PREEMPT SMP
[    3.947114] Fixing recursive fault but reboot is needed!
[    3.959431] Modules linked in: ip_tables x_tables ipv6
[    3.965322] Process swapper/2 (pid: 0, stack limit = 0x(____ptrval____))
[    3.972802] CPU: 2 PID: 0 Comm: swapper/2 Tainted: G      D           4.19.118-v8+ #1311
[    3.982495] Hardware name: Raspberry Pi 3 Model B Plus Rev 1.3 (DT)
[    3.989626] pstate: 40000085 (nZcv daIf -PAN -UAO)
[    3.995291] pc : tick_sched_do_timer+0x38/0x88
[    4.000619] lr : tick_sched_do_timer+0x80/0x88
[    4.005931] sp : ffffff8008013dd0
[    4.010115] x29: ffffff8008013dd0 x28: 0000000000000003 
[    4.016324] x27: ffffff8008cac018 x26: 0000000000000080 
[    4.022526] x25: ffffff8008cac018 x24: ffffff8008cc86d8 
[    4.028730] x23: ffffff80081685d0 x22: ffffffc03aba9780 
[    4.034920] x21: ffffff8008f03dc0 x20: 00000000dbd273f6 
[    4.041098] x19: ffffdfc038b29c78 x18: 0000000000000000 
[    4.047288] x17: 0000000000000000 x16: 0000000000000000 
[    4.053473] x15: 0000000000000000 x14: 0000000000000008 
[    4.059614] x13: 0000000000000000 x12: 003d090000000000 
[    4.065721] x11: 00003d08ffff9c00 x10: 0000000000006400 
[    4.071805] x9 : 00003d08ffff9c00 x8 : 0000000000012c00 
[    4.077860] x7 : 0000000000000003 x6 : ffffff8008df9a10 
[    4.083898] x5 : 0000000000000000 x4 : 0000000000000000 
[    4.084328] Unable to handle kernel paging request at virtual address 00032060084cd3f0
[    4.089898] x3 : 0000000000000000 x2 : 0000004031ef5000 
[    4.099177] Mem abort info:
[    4.105179] x1 : 5c12174d01c22c00 x0 : 0000000000000000 
[    4.108625]   ESR = 0x96000004
[    4.114619] Call trace:
[    4.118362]   Exception class = DABT (current EL), IL = 32 bits
[    4.121477]  tick_sched_do_timer+0x38/0x88
[    4.128122]   SET = 0, FnV = 0
[    4.132961]  tick_sched_timer+0x4c/0xb0
[    4.136755]   EA = 0, S1PTW = 0
[    4.141344]  __hrtimer_run_queues+0x118/0x380
[    4.145228] Data abort info:
[    4.150355]  hrtimer_interrupt+0xf8/0x258
[    4.153998]   ISV = 0, ISS = 0x00000004
[    4.158810]  arch_timer_handler_phys+0x3c/0x50
[    4.163457]   CM = 0, WnR = 0
[    4.168737]  handle_percpu_devid_irq+0xa4/0x2a0
[    4.172536] [00032060084cd3f0] address between user and kernel address ranges
[    4.177930]  generic_handle_irq+0x34/0x50
[    4.190891]  __handle_domain_irq+0x8c/0x100
[    4.195936]  bcm2836_arm_irqchip_handle_irq+0x68/0xd8
[    4.201851]  el1_irq+0xb4/0x130
[    4.205829]  arch_cpu_idle+0x30/0x1f0
[    4.210322]  default_idle_call+0x24/0x40
[    4.215063]  do_idle+0x224/0x240
[    4.219107]  cpu_startup_entry+0x28/0x30
[    4.223831]  secondary_start_kernel+0x188/0x1d8
[    4.229162] Code: 3100043f 54000160 6b01001f 54000140 (39413260) 
[    4.236089] ---[ end trace 0f96bf0e2a9a6fd5 ]---
[    4.241542] Kernel panic - not syncing: Fatal exception in interrupt
[    4.248788] SMP: stopping secondary CPUs
[    5.347338] SMP: failed to stop secondary CPUs 1-2
[    5.353020] Kernel Offset: disabled
[    5.357384] CPU features: 0x0,24002004
[    5.362014] Memory Limit: none
[    5.365942] ---[ end Kernel panic - not syncing: Fatal exception in interrupt ]---
