[    0.000000] Booting Linux on physical CPU 0x0000000000 [0x410fd034]
[    0.000000] Linux version 4.19.118-v8+ (dom@buildbot) (gcc version 5.4.0 20160609 (Ubuntu/Linaro 5.4.0-6ubuntu1~16.04.9)) #1311 SMP PREEMPT Mon Apr 27 14:32:38 BST 2020
[    0.000000] Machine model: Raspberry Pi 3 Model B Plus Rev 1.3
[    0.000000] efi: Getting EFI parameters from FDT:
[    0.000000] efi: UEFI not found.
[    0.000000] cma: Reserved 8 MiB at 0x000000003ac00000
[    0.000000] random: get_random_bytes called from start_kernel+0xb8/0x47c with crng_init=0
[    0.000000] percpu: Embedded 24 pages/cpu s58840 r8192 d31272 u98304
[    0.000000] Detected VIPT I-cache on CPU0
[    0.000000] CPU features: enabling workaround for ARM erratum 843419
[    0.000000] CPU features: enabling workaround for ARM erratum 845719
[    0.000000] Built 1 zonelists, mobility grouping on.  Total pages: 238896
[    0.000000] Kernel command line: coherent_pool=1M 8250.nr_uarts=1 snd_bcm2835.enable_compat_alsa=0 snd_bcm2835.enable_hdmi=1 snd_bcm2835.enable_headphones=1 bcm2708_fb.fbwidth=6
56 bcm2708_fb.fbheight=416 bcm2708_fb.fbswap=1 vc_mem.mem_base=0x3ec00000 vc_mem.mem_size=0x40000000  dwc_otg.lpm_enable=0 console=ttyAMA0,115200 console=tty1 root=PARTUUID=4c99987
7-02 rootfstype=ext4 elevator=deadline fsck.repair=yes rootwait
[    0.000000] Dentry cache hash table entries: 131072 (order: 8, 1048576 bytes)
[    0.000000] Inode-cache hash table entries: 65536 (order: 7, 524288 bytes)
[    0.000000] Memory: 929092K/970752K available (8700K kernel code, 1074K rwdata, 2760K rodata, 1024K init, 1126K bss, 33468K reserved, 8192K cma-reserved)
[    0.000000] SLUB: HWalign=64, Order=0-3, MinObjects=0, CPUs=4, Nodes=1
[    0.000000] ftrace: allocating 30496 entries in 120 pages
[    0.000000] rcu: Preemptible hierarchical RCU implementation.
[    0.000000] rcu:     RCU restricting CPUs from NR_CPUS=64 to nr_cpu_ids=4.
[    0.000000]  Tasks RCU enabled.
[    0.000000] rcu: Adjusting geometry for rcu_fanout_leaf=16, nr_cpu_ids=4
[    0.000000] NR_IRQS: 64, nr_irqs: 64, preallocated irqs: 0
[    0.000000] arch_timer: cp15 timer(s) running at 19.20MHz (phys).
[    0.000000] clocksource: arch_sys_counter: mask: 0xffffffffffffff max_cycles: 0x46d987e47, max_idle_ns: 440795202767 ns
[    0.000007] sched_clock: 56 bits at 19MHz, resolution 52ns, wraps every 4398046511078ns
[    0.000271] Console: colour dummy device 80x25
[    0.000937] console [tty1] enabled
[    0.001007] Calibrating delay loop (skipped), value calculated using timer frequency.. 38.40 BogoMIPS (lpj=76800)
[    0.001059] pid_max: default: 32768 minimum: 301
[    0.001487] Mount-cache hash table entries: 2048 (order: 2, 16384 bytes)
[    0.001542] Mountpoint-cache hash table entries: 2048 (order: 2, 16384 bytes)
[    0.024102] ASID allocator initialised with 32768 entries
[    0.032099] rcu: Hierarchical SRCU implementation.
[    0.040734] EFI services will not be available.
[    0.048176] smp: Bringing up secondary CPUs ...
[    0.080442] Detected VIPT I-cache on CPU1
[    0.080510] CPU1: Booted secondary processor 0x0000000001 [0x410fd034]
[    0.112566] Detected VIPT I-cache on CPU2
[    0.112613] CPU2: Booted secondary processor 0x0000000002 [0x410fd034]
[    0.144733] Detected VIPT I-cache on CPU3
[    0.144779] CPU3: Booted secondary processor 0x0000000003 [0x410fd034]
[    0.144963] smp: Brought up 1 node, 4 CPUs
[    0.145117] SMP: Total of 4 processors activated.
[    0.145151] CPU features: detected: 32-bit EL0 Support
[    0.146124] CPU: All CPU(s) started at EL2
[    0.146198] alternatives: patching kernel code
[    0.147814] devtmpfs: initialized
[    0.164101] Enabled cp15_barrier support
[    0.164169] Enabled setend support
[    0.164749] clocksource: jiffies: mask: 0xffffffff max_cycles: 0xffffffff, max_idle_ns: 7645041785100000 ns
[    0.164810] futex hash table entries: 1024 (order: 4, 65536 bytes)
[    0.165523] pinctrl core: initialized pinctrl subsystem
[    0.166415] DMI not present or invalid.
[    0.166984] NET: Registered protocol family 16
[    0.173439] cpuidle: using governor menu
[    0.174064] hw-breakpoint: found 6 breakpoint and 4 watchpoint registers.
[    0.178682] DMA: preallocated 1024 KiB pool for atomic allocations
[    0.178861] Serial: AMBA PL011 UART driver
[    0.183444] bcm2835-mbox 3f00b880.mailbox: mailbox enabled
[    0.192930] raspberrypi-firmware soc:firmware: Attached to firmware from 2020-04-15 11:43, variant start
[    0.196948] raspberrypi-firmware soc:firmware: Firmware hash is 82f9bb929ce2186eb1824178c1ae82902ad6275c
[    0.242961] bcm2835-dma 3f007000.dma: DMA legacy API manager at (____ptrval____), dmachans=0x1
[    0.246297] vgaarb: loaded
[    0.246797] SCSI subsystem initialized
[    0.247097] usbcore: registered new interface driver usbfs
[    0.247192] usbcore: registered new interface driver hub
[    0.247373] usbcore: registered new device driver usb
[    0.247530] pps_core: LinuxPPS API ver. 1 registered
[    0.247563] pps_core: Software ver. 5.3.6 - Copyright 2005-2007 Rodolfo Giometti <giometti@linux.it>
[    0.247624] PTP clock support registered
[    0.249565] clocksource: Switched to clocksource arch_sys_counter
[    0.374629] VFS: Disk quotas dquot_6.6.0
[    0.374769] VFS: Dquot-cache hash table entries: 512 (order 0, 4096 bytes)
[    0.375051] FS-Cache: Loaded
[    0.375312] CacheFiles: Loaded
[    0.387411] NET: Registered protocol family 2
[    0.388381] tcp_listen_portaddr_hash hash table entries: 512 (order: 1, 8192 bytes)
[    0.388457] TCP established hash table entries: 8192 (order: 4, 65536 bytes)
[    0.388601] TCP bind hash table entries: 8192 (order: 5, 131072 bytes)
[    0.388819] TCP: Hash tables configured (established 8192 bind 8192)
[    0.389096] UDP hash table entries: 512 (order: 2, 16384 bytes)
[    0.389173] UDP-Lite hash table entries: 512 (order: 2, 16384 bytes)
[    0.389523] NET: Registered protocol family 1
[    0.390586] RPC: Registered named UNIX socket transport module.
[    0.390623] RPC: Registered udp transport module.
[    0.390654] RPC: Registered tcp transport module.
[    0.390683] RPC: Registered tcp NFSv4.1 backchannel transport module.
[    0.393270] hw perfevents: enabled with armv8_cortex_a53 PMU driver, 7 counters available
[    0.393472] kvm [1]: 8-bit VMID
[    0.394384] kvm [1]: Hyp mode initialized successfully
[    0.399318] Initialise system trusted keyrings
[    0.399668] workingset: timestamp_bits=46 max_order=18 bucket_order=0
[    0.412015] FS-Cache: Netfs 'nfs' registered for caching
[    0.413084] NFS: Registering the id_resolver key type
[    0.413145] Key type id_resolver registered
[    0.413175] Key type id_legacy registered
[    0.413217] nfs4filelayout_init: NFSv4 File Layout Driver Registering...
[    0.421003] Key type asymmetric registered
[    0.421052] Asymmetric key parser 'x509' registered
[    0.421153] Block layer SCSI generic (bsg) driver version 0.4 loaded (major 248)
[    0.421446] io scheduler noop registered
[    0.421481] io scheduler deadline registered (default)
[    0.421798] io scheduler cfq registered
[    0.421832] io scheduler mq-deadline registered (default)
[    0.421866] io scheduler kyber registered
[    0.425268] bcm2708_fb soc:fb: FB found 1 display(s)
[    0.436977] Console: switching to colour frame buffer device 82x26
[    0.441912] bcm2708_fb soc:fb: Registered framebuffer for display 0, size 656x416
[    0.449256] Serial: 8250/16550 driver, 1 ports, IRQ sharing enabled
[    0.453766] bcm2835-rng 3f104000.rng: hwrng registered
[    0.456691] vc-mem: phys_addr:0x00000000 mem_base=0x3ec00000 mem_size:0x40000000(1024 MiB)
[    0.462506] gpiomem-bcm2835 3f200000.gpiomem: Initialised: Registers at 0x3f200000
[    0.468023] cacheinfo: Unable to detect cache hierarchy for CPU 0
[    0.486817] brd: module loaded
[    0.505033] loop: module loaded
[    0.508796] Loading iSCSI transport class v2.0-870.
[    0.514109] libphy: Fixed MDIO Bus: probed
[    0.517037] usbcore: registered new interface driver r8152
[    0.519703] usbcore: registered new interface driver lan78xx
[    0.522329] usbcore: registered new interface driver smsc95xx
[    0.525182] dwc_otg: version 3.00a 10-AUG-2012 (platform bus)
[    0.555742] dwc_otg 3f980000.usb: base=(____ptrval____)
[    0.771899] Core Release: 2.80a
[    0.774421] Setting default values for core params
[    0.776935] Finished setting default values for core params
[    0.993066] Using Buffer DMA mode
[    0.995471] Periodic Transfer Interrupt Enhancement - disabled
[    0.997915] Multiprocessor Interrupt Enhancement - disabled
[    1.000315] OTG VER PARAM: 0, OTG VER FLAG: 0
[    1.002675] Dedicated Tx FIFOs mode
[    1.005899] WARN::dwc_otg_hcd_init:1074: FIQ DMA bounce buffers: virt = ffffff80090c1000 dma = 0x00000000fad14000 len=9024
[    1.010416] FIQ FSM acceleration enabled for :
[    1.010416] Non-periodic Split Transactions
[    1.010416] Periodic Split Transactions
[    1.010416] High-Speed Isochronous Endpoints
[    1.010416] Interrupt/Control Split Transaction hack enabled
[    1.021180] WARN::hcd_init_fiq:497: MPHI regs_base at ffffff800805d000
[    1.023485] dwc_otg 3f980000.usb: DWC OTG Controller
[    1.025819] dwc_otg 3f980000.usb: new USB bus registered, assigned bus number 1
[    1.028268] dwc_otg 3f980000.usb: irq 9, io mem 0x00000000
[    1.030690] Init: Port Power? op_state=1
[    1.033013] Init: Power Port (0)
[    1.035706] usb usb1: New USB device found, idVendor=1d6b, idProduct=0002, bcdDevice= 4.19
[    1.040448] usb usb1: New USB device strings: Mfr=3, Product=2, SerialNumber=1
[    1.043006] usb usb1: Product: DWC OTG Controller
[    1.045482] usb usb1: Manufacturer: Linux 4.19.118-v8+ dwc_otg_hcd
[    1.048012] usb usb1: SerialNumber: 3f980000.usb
[    1.051298] hub 1-0:1.0: USB hub found
[    1.053838] hub 1-0:1.0: 1 port detected
[    1.057415] usbcore: registered new interface driver uas
[    1.059886] usbcore: registered new interface driver usb-storage
[    1.062451] mousedev: PS/2 mouse device common for all mice
[    1.066298] bcm2835-wdt bcm2835-wdt: Broadcom BCM2835 watchdog timer
[    1.070228] cpufreq: cpufreq_online: CPU0: Running at unlisted freq: 600000 KHz
[    1.074946] cpufreq: cpufreq_online: CPU0: Unlisted initial frequency changed to: 700000 KHz
[    1.078207] sdhci: Secure Digital Host Controller Interface driver
[    1.079278] sdhci: Copyright(c) Pierre Ossman
[    1.080641] sdhost-bcm2835 3f202000.mmc: could not get clk, deferring probe
[    1.081868] sdhci-pltfm: SDHCI platform and OF driver helper
[    1.084334] ledtrig-cpu: registered to indicate activity on CPUs
[    1.085589] hidraw: raw HID events driver (C) Jiri Kosina
[    1.086794] usbcore: registered new interface driver usbhid
[    1.087869] usbhid: USB HID core driver
[    1.089578] vchiq: vchiq_init_state: slot_zero = (____ptrval____), is_master = 0
[    1.093854] Initializing XFRM netlink socket
[    1.094971] NET: Registered protocol family 17
[    1.096127] Key type dns_resolver registered
[    1.097941] registered taskstats version 1
[    1.099033] Loading compiled-in X.509 certificates
[    1.105768] uart-pl011 3f201000.serial: cts_event_workaround enabled
[    1.106990] 3f201000.serial: ttyAMA0 at MMIO 0x3f201000 (irq = 66, base_baud = 0) is a PL011 rev2
[    2.107394] console [ttyAMA0] enabled
[    2.113145] bcm2835-power bcm2835-power: Broadcom BCM2835 power domains driver
[    2.122469] sdhost: log_buf @ (____ptrval____) (fad13000)
[    2.177706] mmc0: sdhost-bcm2835 loaded - DMA enabled (>1)
[    2.186156] of_cfs_init
[    2.189779] of_cfs_init: OK
[    2.194072] Waiting for root device PARTUUID=4c999877-02...
[    2.225656] Indeed it is in host mode hprt0 = 00021501
[    2.267423] mmc0: host does not support reading read-only switch, assuming write-enable
[    2.294945] mmc0: new high speed SDHC card at address aaaa
[    2.310395] mmcblk0: mmc0:aaaa SC16G 14.8 GiB
[    2.320885]  mmcblk0: p1 p2
[    2.335529] random: fast init done
[    2.349626] EXT4-fs (mmcblk0p2): INFO: recovery required on readonly filesystem
[    2.358072] EXT4-fs (mmcblk0p2): write access will be enabled during recovery
[    2.376758] EXT4-fs (mmcblk0p2): recovery complete
[    2.387076] EXT4-fs (mmcblk0p2): mounted filesystem with ordered data mode. Opts: (null)
[    2.397364] VFS: Mounted root (ext4 filesystem) readonly on device 179:2.
[    2.415194] devtmpfs: mounted
[    2.422376] Freeing unused kernel memory: 1024K
[    2.428078] Run /sbin/init as init process
[    2.441584] usb 1-1: new high-speed USB device number 2 using dwc_otg
[    2.449273] Indeed it is in host mode hprt0 = 00001101
[    2.665867] usb 1-1: New USB device found, idVendor=0424, idProduct=2514, bcdDevice= b.b3
[    2.676432] usb 1-1: New USB device strings: Mfr=0, Product=0, SerialNumber=0
[    2.685276] hub 1-1:1.0: USB hub found
[    2.690335] hub 1-1:1.0: 4 ports detected
[    2.981591] usb 1-1.1: new high-speed USB device number 3 using dwc_otg
[    3.071685] systemd[1]: System time before build time, advancing clock.
[    3.089863] usb 1-1.1: New USB device found, idVendor=0424, idProduct=2514, bcdDevice= b.b3
[    3.100627] usb 1-1.1: New USB device strings: Mfr=0, Product=0, SerialNumber=0
[    3.109664] hub 1-1.1:1.0: USB hub found
[    3.114905] hub 1-1.1:1.0: 3 ports detected
[    3.235523] NET: Registered protocol family 10
[    3.242092] Segment Routing with IPv6
[    3.291409] systemd[1]: systemd 241 running in system mode. (+PAM +AUDIT +SELINUX +IMA +APPARMOR +SMACK +SYSVINIT +UTMP +LIBCRYPTSETUP +GCRYPT +GNUTLS +ACL +XZ +LZ4 +SECCOMP +BL
KID +ELFUTILS +KMOD -IDN2 +IDN -PCRE2 default-hierarchy=hybrid)
[    3.317015] systemd[1]: Detected architecture arm64.
[    3.334406] systemd[1]: Set hostname to <raspberrypi>.
[    3.447087] uart-pl011 3f201000.serial: no DMA platform data
[    3.695100] random: crng init done
[    3.701595] usb 1-1.1.1: new high-speed USB device number 4 using dwc_otg
[    3.810102] usb 1-1.1.1: New USB device found, idVendor=0424, idProduct=7800, bcdDevice= 3.00
[    3.821039] usb 1-1.1.1: New USB device strings: Mfr=0, Product=0, SerialNumber=0
[    3.964460] systemd[1]: Listening on Journal Socket (/dev/log).
[    3.974969] systemd[1]: Listening on Syslog Socket.
[    3.983641] systemd[1]: Listening on fsck to fsckd communication Socket.
[    3.994506] systemd[1]: Listening on Journal Socket.
[    4.008184] systemd[1]: Mounting Kernel Debug File System...
[    4.016999] systemd[1]: Condition check resulted in Kernel Module supporting RPCSEC_GSS being skipped.
[   34.893555] Unable to handle kernel paging request at virtual address efffff800a323fc8
[   34.903099] Mem abort info:
[   34.906683]   ESR = 0x96000004
[   34.910518]   Exception class = DABT (current EL), IL = 32 bits
[   34.917268]   SET = 0, FnV = 0
[   34.921122]   EA = 0, S1PTW = 0
[   34.925044] Data abort info:
[   34.928698]   ISV = 0, ISS = 0x00000004
[   34.933303]   CM = 0, WnR = 0
[   34.937023] [efffff800a323fc8] address between user and kernel address ranges
[   34.944971] Internal error: Oops: 96000004 [#1] PREEMPT SMP
[   34.951380] Modules linked in: cfg80211 rfkill 8021q garp stp llc binfmt_misc bcm2835_v4l2(C) bcm2835_codec(C) v4l2_common v4l2_mem2mem videobuf2_vmalloc bcm2835_mmal_vchiq(C) v
ideobuf2_dma_contig videobuf2_memops videobuf2_v4l2 videobuf2_common videodev raspberrypi_hwmon media hwmon vc_sm_cma(C) uio_pdrv_genirq uio ip_tables x_tables ipv6
[   34.986360] Process test (pid: 480, stack limit = 0x00000000d2e10193)
[   34.993890] CPU: 1 PID: 480 Comm: test Tainted: G         C        4.19.118-v8+ #1311
[   35.003935] Hardware name: Raspberry Pi 3 Model B Plus Rev 1.3 (DT)
[   35.011330] pstate: 20000085 (nzCv daIf -PAN -UAO)
[   35.017229] pc : cpuacct_charge+0x34/0xb8
[   35.022344] lr : update_curr+0xe4/0x228
[   35.027281] sp : ffffff800800bc90
[   35.031677] x29: ffffff800800bc90 x28: 0000000000000005 
[   35.038079] x27: ffffff8008cac018 x26: 0000000000000080 
[   35.044468] x25: ffffff8008cac018 x24: afb504000afb5041 
[   35.050863] x23: ffffff8008cb8030 x22: 00000000003d08cc 
[   35.057254] x21: ffffffc036e82a00 x20: 00000000003d08cc 
[   35.063629] x19: ffffffc033641d00 x18: 0000000000000000 
[   35.069967] x17: 0000000000000000 x16: 0000000000000000 
[   35.076256] x15: 0000000000000000 x14: 0000000000000000 
[   35.082495] x13: 0000000000000000 x12: 0000000000000000 
[   35.088668] x11: 0000000000000000 x10: 0000000000000000 
[   35.094775] x9 : 0000000000000000 x8 : ffffff8008cba140 
[   35.100835] x7 : ffffff8008ce3040 x6 : 0000000000335330 
[   35.106857] x5 : 0000000000000015 x4 : 00000000000f35a2 
[   35.112843] x3 : 0000000000000001 x2 : 00000000003d08cc 
[   35.118784] x1 : efffff800a323ec0 x0 : efffff800a320000 
[   35.124701] Call trace:
[   35.127704]  cpuacct_charge+0x34/0xb8
[   35.131907]  update_curr+0xe4/0x228
[   35.135926]  task_tick_fair+0x144/0x578
[   35.140294]  scheduler_tick+0x74/0x108
[   35.144574]  update_process_times+0x48/0x60
[   35.149299]  tick_sched_handle.isra.5+0x44/0x68
[   35.154391]  tick_sched_timer+0x5c/0xb0
[   35.158786]  __hrtimer_run_queues+0x118/0x380
[   35.163719]  hrtimer_interrupt+0xf8/0x258
[   35.168322]  arch_timer_handler_phys+0x3c/0x50
[   35.173374]  handle_percpu_devid_irq+0xa4/0x2a0
[   35.178520]  generic_handle_irq+0x34/0x50
[   35.183169]  __handle_domain_irq+0x8c/0x100
[   35.188020]  bcm2836_arm_irqchip_handle_irq+0x68/0xd8
[   35.193776]  el0_irq_naked+0x50/0x5c
[   35.198064] Code: f9401260 d287d801 8b010001 b4000381 (f95fe400) 
[   35.204916] ---[ end trace 2eaaedbb23696d26 ]---
[   35.210297] Kernel panic - not syncing: Fatal exception in interrupt
[   35.217480] SMP: stopping secondary CPUs
[   35.222222] Kernel Offset: disabled
[   35.226507] CPU features: 0x0,24002004
[   35.231061] Memory Limit: none
[   35.234920] ---[ end Kernel panic - not syncing: Fatal exception in interrupt ]---
