[    0.000000] Booting Linux on physical CPU 0x0000000000 [0x410fd034]
[    0.000000] Linux version 4.19.118-v8+ (dom@buildbot) (gcc version 5.4.0 20160609 (Ubuntu/Linaro 5.4.0-6ubuntu1~16.04.9)) #1311 SMP PREEMPT Mon Apr 27 14:32:38 BST 2020
[    0.000000] Machine model: Raspberry Pi 3 Model B Plus Rev 1.3
[    0.000000] efi: Getting EFI parameters from FDT:
[    0.000000] efi: UEFI not found.
[    0.000000] cma: Reserved 8 MiB at 0x000000003ac00000
[    0.000000] random: get_random_bytes called from start_kernel+0xb8/0x47c with crng_init=0
[    0.000000] percpu: Embedded 24 pages/cpu s58840 r8192 d31272 u98304
[    0.000000] Detected VIPT I-cache on CPU0
[    0.000000] CPU features: enabling workaround for ARM erratum 843419
[    0.000000] CPU features: enabling workaround for ARM erratum 845719
[    0.000000] Built 1 zonelists, mobility grouping on.  Total pages: 238896
[    0.000000] Kernel command line: coherent_pool=1M 8250.nr_uarts=1 snd_bcm2835.enable_compat_alsa=0 snd_bcm2835.enable_hdmi=1 snd_bcm2835.enable_headphones=1 bcm2708_fb.fbwidth=6
56 bcm2708_fb.fbheight=416 bcm2708_fb.fbswap=1 vc_mem.mem_base=0x3ec00000 vc_mem.mem_size=0x40000000  dwc_otg.lpm_enable=0 console=ttyAMA0,115200 console=tty1 root=PARTUUID=4c99987
7-02 rootfstype=ext4 elevator=deadline fsck.repair=yes rootwait
[    0.000000] Dentry cache hash table entries: 131072 (order: 8, 1048576 bytes)
[    0.000000] Inode-cache hash table entries: 65536 (order: 7, 524288 bytes)
[    0.000000] Memory: 929092K/970752K available (8700K kernel code, 1074K rwdata, 2760K rodata, 1024K init, 1126K bss, 33468K reserved, 8192K cma-reserved)
[    0.000000] SLUB: HWalign=64, Order=0-3, MinObjects=0, CPUs=4, Nodes=1
[    0.000000] ftrace: allocating 30496 entries in 120 pages
[    0.000000] rcu: Preemptible hierarchical RCU implementation.
[    0.000000] rcu:     RCU restricting CPUs from NR_CPUS=64 to nr_cpu_ids=4.
[    0.000000]  Tasks RCU enabled.
[    0.000000] rcu: Adjusting geometry for rcu_fanout_leaf=16, nr_cpu_ids=4
[    0.000000] NR_IRQS: 64, nr_irqs: 64, preallocated irqs: 0
[    0.000000] arch_timer: cp15 timer(s) running at 19.20MHz (phys).
[    0.000000] clocksource: arch_sys_counter: mask: 0xffffffffffffff max_cycles: 0x46d987e47, max_idle_ns: 440795202767 ns
[    0.000007] sched_clock: 56 bits at 19MHz, resolution 52ns, wraps every 4398046511078ns
[    0.000270] Console: colour dummy device 80x25
[    0.000934] console [tty1] enabled
[    0.001004] Calibrating delay loop (skipped), value calculated using timer frequency.. 38.40 BogoMIPS (lpj=76800)
[    0.001056] pid_max: default: 32768 minimum: 301
[    0.001487] Mount-cache hash table entries: 2048 (order: 2, 16384 bytes)
[    0.001544] Mountpoint-cache hash table entries: 2048 (order: 2, 16384 bytes)
[    0.024104] ASID allocator initialised with 32768 entries
[    0.032099] rcu: Hierarchical SRCU implementation.
[    0.040740] EFI services will not be available.
[    0.048177] smp: Bringing up secondary CPUs ...
[    0.080443] Detected VIPT I-cache on CPU1
[    0.080512] CPU1: Booted secondary processor 0x0000000001 [0x410fd034]
[    0.112568] Detected VIPT I-cache on CPU2
[    0.112617] CPU2: Booted secondary processor 0x0000000002 [0x410fd034]
[    0.144732] Detected VIPT I-cache on CPU3
[    0.144778] CPU3: Booted secondary processor 0x0000000003 [0x410fd034]
[    0.144962] smp: Brought up 1 node, 4 CPUs
[    0.145116] SMP: Total of 4 processors activated.
[    0.145150] CPU features: detected: 32-bit EL0 Support
[    0.146125] CPU: All CPU(s) started at EL2
[    0.146199] alternatives: patching kernel code
[    0.147822] devtmpfs: initialized
[    0.164113] Enabled cp15_barrier support
[    0.164180] Enabled setend support
[    0.164758] clocksource: jiffies: mask: 0xffffffff max_cycles: 0xffffffff, max_idle_ns: 7645041785100000 ns
[    0.164820] futex hash table entries: 1024 (order: 4, 65536 bytes)
[    0.165541] pinctrl core: initialized pinctrl subsystem
[    0.166435] DMI not present or invalid.
[    0.167001] NET: Registered protocol family 16
[    0.173459] cpuidle: using governor menu
[    0.174087] hw-breakpoint: found 6 breakpoint and 4 watchpoint registers.
[    0.178769] DMA: preallocated 1024 KiB pool for atomic allocations
[    0.178949] Serial: AMBA PL011 UART driver
[    0.183546] bcm2835-mbox 3f00b880.mailbox: mailbox enabled
[    0.192925] raspberrypi-firmware soc:firmware: Attached to firmware from 2020-04-15 11:43, variant start
[    0.196943] raspberrypi-firmware soc:firmware: Firmware hash is 82f9bb929ce2186eb1824178c1ae82902ad6275c
[    0.245787] bcm2835-dma 3f007000.dma: DMA legacy API manager at (____ptrval____), dmachans=0x1
[    0.249085] vgaarb: loaded
[    0.249676] SCSI subsystem initialized
[    0.249975] usbcore: registered new interface driver usbfs
[    0.250070] usbcore: registered new interface driver hub
[    0.250253] usbcore: registered new device driver usb
[    0.250410] pps_core: LinuxPPS API ver. 1 registered
[    0.250444] pps_core: Software ver. 5.3.6 - Copyright 2005-2007 Rodolfo Giometti <giometti@linux.it>
[    0.250513] PTP clock support registered
[    0.252336] clocksource: Switched to clocksource arch_sys_counter
[    0.377420] VFS: Disk quotas dquot_6.6.0
[    0.377562] VFS: Dquot-cache hash table entries: 512 (order 0, 4096 bytes)
[    0.377841] FS-Cache: Loaded
[    0.378104] CacheFiles: Loaded
[    0.390249] NET: Registered protocol family 2
[    0.391211] tcp_listen_portaddr_hash hash table entries: 512 (order: 1, 8192 bytes)
[    0.391286] TCP established hash table entries: 8192 (order: 4, 65536 bytes)
[    0.391430] TCP bind hash table entries: 8192 (order: 5, 131072 bytes)
[    0.391648] TCP: Hash tables configured (established 8192 bind 8192)
[    0.391932] UDP hash table entries: 512 (order: 2, 16384 bytes)
[    0.392009] UDP-Lite hash table entries: 512 (order: 2, 16384 bytes)
[    0.392439] NET: Registered protocol family 1
[    0.393444] RPC: Registered named UNIX socket transport module.
[    0.393481] RPC: Registered udp transport module.
[    0.393511] RPC: Registered tcp transport module.
[    0.393541] RPC: Registered tcp NFSv4.1 backchannel transport module.
[    0.396137] hw perfevents: enabled with armv8_cortex_a53 PMU driver, 7 counters available
[    0.396408] kvm [1]: 8-bit VMID
[    0.397251] kvm [1]: Hyp mode initialized successfully
[    0.402160] Initialise system trusted keyrings
[    0.402500] workingset: timestamp_bits=46 max_order=18 bucket_order=0
[    0.414795] FS-Cache: Netfs 'nfs' registered for caching
[    0.415854] NFS: Registering the id_resolver key type
[    0.415914] Key type id_resolver registered
[    0.415945] Key type id_legacy registered
[    0.415987] nfs4filelayout_init: NFSv4 File Layout Driver Registering...
[    0.423745] Key type asymmetric registered
[    0.423795] Asymmetric key parser 'x509' registered
[    0.423893] Block layer SCSI generic (bsg) driver version 0.4 loaded (major 248)
[    0.424187] io scheduler noop registered
[    0.424221] io scheduler deadline registered (default)
[    0.424538] io scheduler cfq registered
[    0.424572] io scheduler mq-deadline registered (default)
[    0.424606] io scheduler kyber registered
[    0.428010] bcm2708_fb soc:fb: FB found 1 display(s)
[    0.439192] Console: switching to colour frame buffer device 82x26
[    0.444083] bcm2708_fb soc:fb: Registered framebuffer for display 0, size 656x416
[    0.451433] Serial: 8250/16550 driver, 1 ports, IRQ sharing enabled
[    0.455907] bcm2835-rng 3f104000.rng: hwrng registered
[    0.458878] vc-mem: phys_addr:0x00000000 mem_base=0x3ec00000 mem_size:0x40000000(1024 MiB)
[    0.464689] gpiomem-bcm2835 3f200000.gpiomem: Initialised: Registers at 0x3f200000
[    0.470198] cacheinfo: Unable to detect cache hierarchy for CPU 0
[    0.488680] brd: module loaded
[    0.506783] loop: module loaded
[    0.510514] Loading iSCSI transport class v2.0-870.
[    0.515861] libphy: Fixed MDIO Bus: probed
[    0.518846] usbcore: registered new interface driver r8152
[    0.521509] usbcore: registered new interface driver lan78xx
[    0.524102] usbcore: registered new interface driver smsc95xx
[    0.526982] dwc_otg: version 3.00a 10-AUG-2012 (platform bus)
[    0.557529] dwc_otg 3f980000.usb: base=(____ptrval____)
[    0.773579] Core Release: 2.80a
[    0.776064] Setting default values for core params
[    0.778610] Finished setting default values for core params
[    0.994761] Using Buffer DMA mode
[    0.997164] Periodic Transfer Interrupt Enhancement - disabled
[    0.999573] Multiprocessor Interrupt Enhancement - disabled
[    1.001995] OTG VER PARAM: 0, OTG VER FLAG: 0
[    1.004355] Dedicated Tx FIFOs mode
[    1.007519] WARN::dwc_otg_hcd_init:1074: FIQ DMA bounce buffers: virt = ffffff80090c1000 dma = 0x00000000fad14000 len=9024
[    1.012036] FIQ FSM acceleration enabled for :
[    1.012036] Non-periodic Split Transactions
[    1.012036] Periodic Split Transactions
[    1.012036] High-Speed Isochronous Endpoints
[    1.012036] Interrupt/Control Split Transaction hack enabled
[    1.022787] WARN::hcd_init_fiq:497: MPHI regs_base at ffffff800805d000
[    1.025089] dwc_otg 3f980000.usb: DWC OTG Controller
[    1.027393] dwc_otg 3f980000.usb: new USB bus registered, assigned bus number 1
[    1.029870] dwc_otg 3f980000.usb: irq 9, io mem 0x00000000
[    1.032267] Init: Port Power? op_state=1
[    1.034615] Init: Power Port (0)
[    1.037311] usb usb1: New USB device found, idVendor=1d6b, idProduct=0002, bcdDevice= 4.19
[    1.042060] usb usb1: New USB device strings: Mfr=3, Product=2, SerialNumber=1
[    1.044621] usb usb1: Product: DWC OTG Controller
[    1.047102] usb usb1: Manufacturer: Linux 4.19.118-v8+ dwc_otg_hcd
[    1.049633] usb usb1: SerialNumber: 3f980000.usb
[    1.052895] hub 1-0:1.0: USB hub found
[    1.055391] hub 1-0:1.0: 1 port detected
[    1.058988] usbcore: registered new interface driver uas
[    1.061446] usbcore: registered new interface driver usb-storage
[    1.063976] mousedev: PS/2 mouse device common for all mice
[    1.067834] bcm2835-wdt bcm2835-wdt: Broadcom BCM2835 watchdog timer
[    1.071780] cpufreq: cpufreq_online: CPU0: Running at unlisted freq: 600000 KHz
[    1.076542] cpufreq: cpufreq_online: CPU0: Unlisted initial frequency changed to: 700000 KHz
[    1.079810] sdhci: Secure Digital Host Controller Interface driver
[    1.080907] sdhci: Copyright(c) Pierre Ossman
[    1.082280] sdhost-bcm2835 3f202000.mmc: could not get clk, deferring probe
[    1.083493] sdhci-pltfm: SDHCI platform and OF driver helper
[    1.085979] ledtrig-cpu: registered to indicate activity on CPUs
[    1.087204] hidraw: raw HID events driver (C) Jiri Kosina
[    1.088442] usbcore: registered new interface driver usbhid
[    1.089519] usbhid: USB HID core driver
[    1.091196] vchiq: vchiq_init_state: slot_zero = (____ptrval____), is_master = 0
[    1.095499] Initializing XFRM netlink socket
[    1.096643] NET: Registered protocol family 17
[    1.097804] Key type dns_resolver registered
[    1.099579] registered taskstats version 1
[    1.100695] Loading compiled-in X.509 certificates
[    1.107418] uart-pl011 3f201000.serial: cts_event_workaround enabled
[    1.108673] 3f201000.serial: ttyAMA0 at MMIO 0x3f201000 (irq = 66, base_baud = 0) is a PL011 rev2
[    2.109174] console [ttyAMA0] enabled
[    2.114928] bcm2835-power bcm2835-power: Broadcom BCM2835 power domains driver
[    2.124245] sdhost: log_buf @ (____ptrval____) (fad13000)
[    2.179421] mmc0: sdhost-bcm2835 loaded - DMA enabled (>1)
[    2.187731] of_cfs_init
[    2.191342] of_cfs_init: OK
[    2.217070] Waiting for root device PARTUUID=4c999877-02...
[    2.224425] Indeed it is in host mode hprt0 = 00021501
[    2.298383] mmc0: host does not support reading read-only switch, assuming write-enable
[    2.313966] mmc0: new high speed SDHC card at address aaaa
[    2.321764] mmcblk0: mmc0:aaaa SC16G 14.8 GiB
[    2.323802] random: fast init done
[    2.340156]  mmcblk0: p1 p2
[    2.356250] EXT4-fs (mmcblk0p2): INFO: recovery required on readonly filesystem
[    2.364705] EXT4-fs (mmcblk0p2): write access will be enabled during recovery
[    2.420368] usb 1-1: new high-speed USB device number 2 using dwc_otg
[    2.428103] Indeed it is in host mode hprt0 = 00001101
[    2.644571] usb 1-1: New USB device found, idVendor=0424, idProduct=2514, bcdDevice= b.b3
[    2.654969] usb 1-1: New USB device strings: Mfr=0, Product=0, SerialNumber=0
[    2.663719] hub 1-1:1.0: USB hub found
[    2.668708] hub 1-1:1.0: 4 ports detected
[    2.832825] EXT4-fs (mmcblk0p2): recovery complete
[    2.842884] EXT4-fs (mmcblk0p2): mounted filesystem with ordered data mode. Opts: (null)
[    2.853254] VFS: Mounted root (ext4 filesystem) readonly on device 179:2.
[    2.872100] devtmpfs: mounted
[    2.879373] Freeing unused kernel memory: 1024K
[    2.885238] Run /sbin/init as init process
[    2.964365] usb 1-1.1: new high-speed USB device number 3 using dwc_otg
[    3.072613] usb 1-1.1: New USB device found, idVendor=0424, idProduct=2514, bcdDevice= b.b3
[    3.083317] usb 1-1.1: New USB device strings: Mfr=0, Product=0, SerialNumber=0
[    3.092387] hub 1-1.1:1.0: USB hub found
[    3.097647] hub 1-1.1:1.0: 3 ports detected
[    3.513670] systemd[1]: System time before build time, advancing clock.
[    3.621671] random: crng init done
[    3.650506] NET: Registered protocol family 10
[    3.657019] Segment Routing with IPv6
[    3.684361] usb 1-1.1.1: new high-speed USB device number 4 using dwc_otg
[    3.709361] systemd[1]: systemd 241 running in system mode. (+PAM +AUDIT +SELINUX +IMA +APPARMOR +SMACK +SYSVINIT +UTMP +LIBCRYPTSETUP +GCRYPT +GNUTLS +ACL +XZ +LZ4 +SECCOMP +BL
KID +ELFUTILS +KMOD -IDN2 +IDN -PCRE2 default-hierarchy=hybrid)
[    3.734946] systemd[1]: Detected architecture arm64.
[    3.752153] systemd[1]: Set hostname to <raspberrypi>.
[    3.817007] usb 1-1.1.1: New USB device found, idVendor=0424, idProduct=7800, bcdDevice= 3.00
[    3.828122] usb 1-1.1.1: New USB device strings: Mfr=0, Product=0, SerialNumber=0
[    3.869240] uart-pl011 3f201000.serial: no DMA platform data
[    4.108615] lan78xx 1-1.1.1:1.0 (unnamed net_device) (uninitialized): No External EEPROM. Setting MAC Speed
[    4.121805] libphy: lan78xx-mdiobus: probed
[    4.149551] lan78xx 1-1.1.1:1.0 (unnamed net_device) (uninitialized): int urb period 64
[    4.403804] systemd[1]: Listening on fsck to fsckd communication Socket.
[    4.414478] systemd[1]: Listening on Journal Socket (/dev/log).
[    4.424191] systemd[1]: Set up automount Arbitrary Executable File Formats File System Automount Point.
[   48.612326] Unable to handle kernel paging request at virtual address efffff800857d8d0
[   48.612328] Unable to handle kernel paging request at virtual address efffff800857d8d0
[   48.612330] Unable to handle kernel paging request at virtual address efffff800857d8d0
[   48.612333] Unable to handle kernel paging request at virtual address efffff800857d8d0
[   48.612339] Mem abort info:
[   48.612339] Mem abort info:
[   48.612340] Mem abort info:
[   48.612342]   ESR = 0x96000004
[   48.612343]   ESR = 0x96000004
[   48.612346]   Exception class = DABT (current EL), IL = 32 bits
[   48.612347]   Exception class = DABT (current EL), IL = 32 bits
[   48.612348]   SET = 0, FnV = 0
[   48.612349]   SET = 0, FnV = 0
[   48.612350]   EA = 0, S1PTW = 0
[   48.612352]   EA = 0, S1PTW = 0
[   48.612352] Data abort info:
[   48.612353] Data abort info:
[   48.612354]   ISV = 0, ISS = 0x00000004
[   48.612356]   ISV = 0, ISS = 0x00000004
[   48.612357]   CM = 0, WnR = 0
[   48.612358]   CM = 0, WnR = 0
[   48.612360] [efffff800857d8d0] address between user and kernel address ranges
[   48.612361] [efffff800857d8d0] address between user and kernel address ranges
[   48.612365] Internal error: Oops: 96000004 [#1] PREEMPT SMP
[   48.612370] Modules linked in: cfg80211 rfkill 8021q garp stp llc binfmt_misc bcm2835_v4l2(C) v4l2_common bcm2835_codec(C) videobuf2_vmalloc v4l2_mem2mem bcm2835_mmal_vchiq(C) v
ideobuf2_dma_contig videobuf2_memops videobuf2_v4l2 videobuf2_common videodev raspberrypi_hwmon hwmon media vc_sm_cma(C) uio_pdrv_genirq uio ip_tables x_tables ipv6
[   48.612417] Process test (pid: 475, stack limit = 0x0000000027678a2a)
[   48.612424] CPU: 1 PID: 475 Comm: test Tainted: G         C        4.19.118-v8+ #1311
[   48.612427] Hardware name: Raspberry Pi 3 Model B Plus Rev 1.3 (DT)
[   48.612431] pstate: 60000085 (nZCv daIf -PAN -UAO)
[   48.612443] pc : ktime_get+0x44/0xb0
[   48.612451] lr : clockevents_program_event+0x4c/0x140
[   48.612453] sp : ffffff800800be10
[   48.612456] x29: ffffff800800be10 x28: 0000000b51804100 
[   48.612461] x27: ffffffc03ab918b8 x26: ffffffc03ab91878 
[   48.612465] x25: ffffffc03ab91838 x24: ffffffc03ab9178c 
[   48.612470] x23: 0000000b51433ccf x22: 0000000000005e14 
[   48.612475] x21: 0000000b387887f9 x20: ffffff8008df98c0 
[   48.612479] x19: ffffffc03ab9a300 x18: 0000000000000000 
[   48.612483] x17: 0000000000000000 x16: 0000000000000000 
[   48.612487] x15: 0000000000000000 x14: 0000000000000008 
[   48.612492] x13: 00000000000000cb x12: 003d090000000000 
[   48.612496] x11: 0000000000000000 x10: 00000000000000cb 
[   48.612500] x9 : ffffff8008911b08 x8 : ffffff8008cba140 
[   48.612505] x7 : 0000000000000020 x6 : ffffff8008911b0c 
[   48.612509] x5 : ffffff8009f53dc0 x4 : 0000004031edd000 
[   48.612513] x3 : 0000000000010000 x2 : 0000000000000000 
[   48.612517] x1 : efffff800857d8d0 x0 : efffff800857d8d0 
[   48.612522] Call trace:
[   48.612526]  ktime_get+0x44/0xb0
[   48.612531]  clockevents_program_event+0x4c/0x140
[   48.612535]  tick_program_event+0x68/0xb0
[   48.612541]  hrtimer_interrupt+0x130/0x258
[   48.612547]  arch_timer_handler_phys+0x3c/0x50
[   48.612553]  handle_percpu_devid_irq+0xa4/0x2a0
[   48.612557]  generic_handle_irq+0x34/0x50
[   48.612561]  __handle_domain_irq+0x8c/0x100
[   48.612567]  bcm2836_arm_irqchip_handle_irq+0x68/0xd8
[   48.612571]  el0_irq_naked+0x50/0x5c
[   48.612576] Code: d50339bf f9402681 f9403a95 aa0103e0 (f9400021) 
[   48.612581] ---[ end trace 05467f73a0f5823d ]---
[   48.612585] Kernel panic - not syncing: Fatal exception in interrupt
[   48.612592] SMP: stopping secondary CPUs
[   48.621769] Mem abort info:
[   48.631342]   ESR = 0x96000004
[   48.641086]   ESR = 0x96000004
[   48.650994]   Exception class = DABT (current EL), IL = 32 bits
[   48.654762]   Exception class = DABT (current EL), IL = 32 bits
[   48.658486]   SET = 0, FnV = 0
[   48.662188]   SET = 0, FnV = 0
[   48.666150]   EA = 0, S1PTW = 0
[   48.670096]   EA = 0, S1PTW = 0
[   48.676950] Data abort info:
[   48.683788] Data abort info:
[   48.687746]   ISV = 0, ISS = 0x00000004
[   48.691664]   ISV = 0, ISS = 0x00000004
[   48.695659]   CM = 0, WnR = 0
[   48.699626]   CM = 0, WnR = 0
[   48.703314] [efffff800857d8d0] address between user and kernel address ranges
[   48.706930] [efffff800857d8d0] address between user and kernel address ranges
[   49.686977] SMP: failed to stop secondary CPUs 0-3
[   49.692373] Kernel Offset: disabled
[   49.696434] CPU features: 0x0,24002004
[   49.700738] Memory Limit: none
[   49.704340] ---[ end Kernel panic - not syncing: Fatal exception in interrupt ]---
