[    0.000000] Booting Linux on physical CPU 0x0000000000 [0x410fd034]
[    0.000000] Linux version 4.19.118-v8+ (dom@buildbot) (gcc version 5.4.0 20160609 (Ubuntu/Linaro 5.4.0-6ubuntu1~16.04.9)) #1311 SMP PREEMPT Mon Apr 27 14:32:38 BST 2020
[    0.000000] Machine model: Raspberry Pi 3 Model B Plus Rev 1.3
[    0.000000] efi: Getting EFI parameters from FDT:
[    0.000000] efi: UEFI not found.
[    0.000000] cma: Reserved 8 MiB at 0x000000003ac00000
[    0.000000] random: get_random_bytes called from start_kernel+0xb8/0x47c with crng_init=0
[    0.000000] percpu: Embedded 24 pages/cpu s58840 r8192 d31272 u98304
[    0.000000] Detected VIPT I-cache on CPU0
[    0.000000] CPU features: enabling workaround for ARM erratum 843419
[    0.000000] CPU features: enabling workaround for ARM erratum 845719
[    0.000000] Built 1 zonelists, mobility grouping on.  Total pages: 238896
[    0.000000] Kernel command line: coherent_pool=1M 8250.nr_uarts=1 snd_bcm2835.enable_compat_alsa=0 snd_bcm2835.enable_hdmi=1 snd_bcm2835.enable_headphones=1 bcm2708_fb.fbwidth=6
56 bcm2708_fb.fbheight=416 bcm2708_fb.fbswap=1 vc_mem.mem_base=0x3ec00000 vc_mem.mem_size=0x40000000  dwc_otg.lpm_enable=0 console=ttyAMA0,115200 console=tty1 root=PARTUUID=4c99987
7-02 rootfstype=ext4 elevator=deadline fsck.repair=yes rootwait
[    0.000000] Dentry cache hash table entries: 131072 (order: 8, 1048576 bytes)
[    0.000000] Inode-cache hash table entries: 65536 (order: 7, 524288 bytes)
[    0.000000] Memory: 929092K/970752K available (8700K kernel code, 1074K rwdata, 2760K rodata, 1024K init, 1126K bss, 33468K reserved, 8192K cma-reserved)
[    0.000000] SLUB: HWalign=64, Order=0-3, MinObjects=0, CPUs=4, Nodes=1
[    0.000000] ftrace: allocating 30496 entries in 120 pages
[    0.000000] rcu: Preemptible hierarchical RCU implementation.
[    0.000000] rcu:     RCU restricting CPUs from NR_CPUS=64 to nr_cpu_ids=4.
[    0.000000]  Tasks RCU enabled.
[    0.000000] rcu: Adjusting geometry for rcu_fanout_leaf=16, nr_cpu_ids=4
[    0.000000] NR_IRQS: 64, nr_irqs: 64, preallocated irqs: 0
[    0.000000] arch_timer: cp15 timer(s) running at 19.20MHz (phys).
[    0.000000] clocksource: arch_sys_counter: mask: 0xffffffffffffff max_cycles: 0x46d987e47, max_idle_ns: 440795202767 ns
[    0.000007] sched_clock: 56 bits at 19MHz, resolution 52ns, wraps every 4398046511078ns
[    0.000271] Console: colour dummy device 80x25
[    0.000937] console [tty1] enabled
[    0.001007] Calibrating delay loop (skipped), value calculated using timer frequency.. 38.40 BogoMIPS (lpj=76800)
[    0.001060] pid_max: default: 32768 minimum: 301
[    0.001494] Mount-cache hash table entries: 2048 (order: 2, 16384 bytes)
[    0.001550] Mountpoint-cache hash table entries: 2048 (order: 2, 16384 bytes)
[    0.024101] ASID allocator initialised with 32768 entries
[    0.032099] rcu: Hierarchical SRCU implementation.
[    0.040745] EFI services will not be available.
[    0.048177] smp: Bringing up secondary CPUs ...
[    0.080442] Detected VIPT I-cache on CPU1
[    0.080512] CPU1: Booted secondary processor 0x0000000001 [0x410fd034]
[    0.112568] Detected VIPT I-cache on CPU2
[    0.112616] CPU2: Booted secondary processor 0x0000000002 [0x410fd034]
[    0.144731] Detected VIPT I-cache on CPU3
[    0.144777] CPU3: Booted secondary processor 0x0000000003 [0x410fd034]
[    0.144961] smp: Brought up 1 node, 4 CPUs
[    0.145115] SMP: Total of 4 processors activated.
[    0.145150] CPU features: detected: 32-bit EL0 Support
[    0.146122] CPU: All CPU(s) started at EL2
[    0.146197] alternatives: patching kernel code
[    0.147818] devtmpfs: initialized
[    0.164109] Enabled cp15_barrier support
[    0.164175] Enabled setend support
[    0.164754] clocksource: jiffies: mask: 0xffffffff max_cycles: 0xffffffff, max_idle_ns: 7645041785100000 ns
[    0.164815] futex hash table entries: 1024 (order: 4, 65536 bytes)
[    0.165537] pinctrl core: initialized pinctrl subsystem
[    0.166431] DMI not present or invalid.
[    0.166998] NET: Registered protocol family 16
[    0.173456] cpuidle: using governor menu
[    0.174081] hw-breakpoint: found 6 breakpoint and 4 watchpoint registers.
[    0.178770] DMA: preallocated 1024 KiB pool for atomic allocations
[    0.178949] Serial: AMBA PL011 UART driver
[    0.183554] bcm2835-mbox 3f00b880.mailbox: mailbox enabled
[    0.192916] raspberrypi-firmware soc:firmware: Attached to firmware from 2020-04-15 11:43, variant start
[    0.196933] raspberrypi-firmware soc:firmware: Firmware hash is 82f9bb929ce2186eb1824178c1ae82902ad6275c
[    0.249878] bcm2835-dma 3f007000.dma: DMA legacy API manager at (____ptrval____), dmachans=0x1
[    0.253212] vgaarb: loaded
[    0.253719] SCSI subsystem initialized
[    0.254018] usbcore: registered new interface driver usbfs
[    0.254113] usbcore: registered new interface driver hub
[    0.254302] usbcore: registered new device driver usb
[    0.254459] pps_core: LinuxPPS API ver. 1 registered
[    0.254493] pps_core: Software ver. 5.3.6 - Copyright 2005-2007 Rodolfo Giometti <giometti@linux.it>
[    0.254561] PTP clock support registered
[    0.256381] clocksource: Switched to clocksource arch_sys_counter
[    0.381442] VFS: Disk quotas dquot_6.6.0
[    0.381582] VFS: Dquot-cache hash table entries: 512 (order 0, 4096 bytes)
[    0.381862] FS-Cache: Loaded
[    0.382123] CacheFiles: Loaded
[    0.394291] NET: Registered protocol family 2
[    0.395256] tcp_listen_portaddr_hash hash table entries: 512 (order: 1, 8192 bytes)
[    0.395331] TCP established hash table entries: 8192 (order: 4, 65536 bytes)
[    0.395475] TCP bind hash table entries: 8192 (order: 5, 131072 bytes)
[    0.395692] TCP: Hash tables configured (established 8192 bind 8192)
[    0.395977] UDP hash table entries: 512 (order: 2, 16384 bytes)
[    0.396054] UDP-Lite hash table entries: 512 (order: 2, 16384 bytes)
[    0.396483] NET: Registered protocol family 1
[    0.397492] RPC: Registered named UNIX socket transport module.
[    0.397529] RPC: Registered udp transport module.
[    0.397559] RPC: Registered tcp transport module.
[    0.397589] RPC: Registered tcp NFSv4.1 backchannel transport module.
[    0.400185] hw perfevents: enabled with armv8_cortex_a53 PMU driver, 7 counters available
[    0.400456] kvm [1]: 8-bit VMID
[    0.401299] kvm [1]: Hyp mode initialized successfully
[    0.406216] Initialise system trusted keyrings
[    0.406560] workingset: timestamp_bits=46 max_order=18 bucket_order=0
[    0.418885] FS-Cache: Netfs 'nfs' registered for caching
[    0.419950] NFS: Registering the id_resolver key type
[    0.420021] Key type id_resolver registered
[    0.420052] Key type id_legacy registered
[    0.420093] nfs4filelayout_init: NFSv4 File Layout Driver Registering...
[    0.427910] Key type asymmetric registered
[    0.427959] Asymmetric key parser 'x509' registered
[    0.428058] Block layer SCSI generic (bsg) driver version 0.4 loaded (major 248)
[    0.428352] io scheduler noop registered
[    0.428505] io scheduler deadline registered (default)
[    0.428800] io scheduler cfq registered
[    0.428834] io scheduler mq-deadline registered (default)
[    0.428867] io scheduler kyber registered
[    0.432489] bcm2708_fb soc:fb: FB found 1 display(s)
[    0.443424] Console: switching to colour frame buffer device 82x26
[    0.448294] bcm2708_fb soc:fb: Registered framebuffer for display 0, size 656x416
[    0.455669] Serial: 8250/16550 driver, 1 ports, IRQ sharing enabled
[    0.460178] bcm2835-rng 3f104000.rng: hwrng registered
[    0.463164] vc-mem: phys_addr:0x00000000 mem_base=0x3ec00000 mem_size:0x40000000(1024 MiB)
[    0.469048] gpiomem-bcm2835 3f200000.gpiomem: Initialised: Registers at 0x3f200000
[    0.474558] cacheinfo: Unable to detect cache hierarchy for CPU 0
[    0.493053] brd: module loaded
[    0.511322] loop: module loaded
[    0.515044] Loading iSCSI transport class v2.0-870.
[    0.524347] libphy: Fixed MDIO Bus: probed
[    0.527352] usbcore: registered new interface driver r8152
[    0.530007] usbcore: registered new interface driver lan78xx
[    0.532666] usbcore: registered new interface driver smsc95xx
[    0.535518] dwc_otg: version 3.00a 10-AUG-2012 (platform bus)
[    0.566054] dwc_otg 3f980000.usb: base=(____ptrval____)
[    0.781422] Core Release: 2.80a
[    0.783911] Setting default values for core params
[    0.786455] Finished setting default values for core params
[    1.002164] Using Buffer DMA mode
[    1.004573] Periodic Transfer Interrupt Enhancement - disabled
[    1.006994] Multiprocessor Interrupt Enhancement - disabled
[    1.009424] OTG VER PARAM: 0, OTG VER FLAG: 0
[    1.011756] Dedicated Tx FIFOs mode
[    1.014904] WARN::dwc_otg_hcd_init:1074: FIQ DMA bounce buffers: virt = ffffff80090c1000 dma = 0x00000000fad14000 len=9024
[    1.019432] FIQ FSM acceleration enabled for :
[    1.019432] Non-periodic Split Transactions
[    1.019432] Periodic Split Transactions
[    1.019432] High-Speed Isochronous Endpoints
[    1.019432] Interrupt/Control Split Transaction hack enabled
[    1.030212] WARN::hcd_init_fiq:497: MPHI regs_base at ffffff800805d000
[    1.032550] dwc_otg 3f980000.usb: DWC OTG Controller
[    1.034860] dwc_otg 3f980000.usb: new USB bus registered, assigned bus number 1
[    1.037339] dwc_otg 3f980000.usb: irq 9, io mem 0x00000000
[    1.039737] Init: Port Power? op_state=1
[    1.042085] Init: Power Port (0)
[    1.044764] usb usb1: New USB device found, idVendor=1d6b, idProduct=0002, bcdDevice= 4.19
[    1.049558] usb usb1: New USB device strings: Mfr=3, Product=2, SerialNumber=1
[    1.052087] usb usb1: Product: DWC OTG Controller
[    1.054592] usb usb1: Manufacturer: Linux 4.19.118-v8+ dwc_otg_hcd
[    1.057122] usb usb1: SerialNumber: 3f980000.usb
[    1.060398] hub 1-0:1.0: USB hub found
[    1.062899] hub 1-0:1.0: 1 port detected
[    1.066567] usbcore: registered new interface driver uas
[    1.069031] usbcore: registered new interface driver usb-storage
[    1.071562] mousedev: PS/2 mouse device common for all mice
[    1.075429] bcm2835-wdt bcm2835-wdt: Broadcom BCM2835 watchdog timer
[    1.079367] cpufreq: cpufreq_online: CPU0: Running at unlisted freq: 600000 KHz
[    1.084114] cpufreq: cpufreq_online: CPU0: Unlisted initial frequency changed to: 700000 KHz
[    1.087395] sdhci: Secure Digital Host Controller Interface driver
[    1.088481] sdhci: Copyright(c) Pierre Ossman
[    1.089851] sdhost-bcm2835 3f202000.mmc: could not get clk, deferring probe
[    1.091063] sdhci-pltfm: SDHCI platform and OF driver helper
[    1.093547] ledtrig-cpu: registered to indicate activity on CPUs
[    1.094780] hidraw: raw HID events driver (C) Jiri Kosina
[    1.095994] usbcore: registered new interface driver usbhid
[    1.097098] usbhid: USB HID core driver
[    1.098752] vchiq: vchiq_init_state: slot_zero = (____ptrval____), is_master = 0
[    1.103007] Initializing XFRM netlink socket
[    1.104121] NET: Registered protocol family 17
[    1.105301] Key type dns_resolver registered
[    1.107057] registered taskstats version 1
[    1.108149] Loading compiled-in X.509 certificates
[    1.114940] uart-pl011 3f201000.serial: cts_event_workaround enabled
[    1.116166] 3f201000.serial: ttyAMA0 at MMIO 0x3f201000 (irq = 66, base_baud = 0) is a PL011 rev2
[    2.116668] console [ttyAMA0] enabled
[    2.122420] bcm2835-power bcm2835-power: Broadcom BCM2835 power domains driver
[    2.131669] sdhost: log_buf @ (____ptrval____) (fad13000)
[    2.187236] mmc0: sdhost-bcm2835 loaded - DMA enabled (>1)
[    2.195527] of_cfs_init
[    2.199148] of_cfs_init: OK
[    2.224909] Waiting for root device PARTUUID=4c999877-02...
[    2.232529] Indeed it is in host mode hprt0 = 00021501
[    2.306438] mmc0: host does not support reading read-only switch, assuming write-enable
[    2.322020] mmc0: new high speed SDHC card at address aaaa
[    2.329750] mmcblk0: mmc0:aaaa SC16G 14.8 GiB
[    2.338855] random: fast init done
[    2.343824]  mmcblk0: p1 p2
[    2.372668] EXT4-fs (mmcblk0p2): mounted filesystem with ordered data mode. Opts: (null)
[    2.383022] VFS: Mounted root (ext4 filesystem) readonly on device 179:2.
[    2.400919] devtmpfs: mounted
[    2.408129] Freeing unused kernel memory: 1024K
[    2.413884] Run /sbin/init as init process
[    2.428400] usb 1-1: new high-speed USB device number 2 using dwc_otg
[    2.436139] Indeed it is in host mode hprt0 = 00001101
[    2.652684] usb 1-1: New USB device found, idVendor=0424, idProduct=2514, bcdDevice= b.b3
[    2.663154] usb 1-1: New USB device strings: Mfr=0, Product=0, SerialNumber=0
[    2.671986] hub 1-1:1.0: USB hub found
[    2.677053] hub 1-1:1.0: 4 ports detected
[    2.968409] usb 1-1.1: new high-speed USB device number 3 using dwc_otg
[    3.056628] systemd[1]: System time before build time, advancing clock.
[    3.076677] usb 1-1.1: New USB device found, idVendor=0424, idProduct=2514, bcdDevice= b.b3
[    3.087427] usb 1-1.1: New USB device strings: Mfr=0, Product=0, SerialNumber=0
[    3.096470] hub 1-1.1:1.0: USB hub found
[    3.101740] hub 1-1.1:1.0: 3 ports detected
[    3.221516] NET: Registered protocol family 10
[    3.228054] Segment Routing with IPv6
[    3.277362] systemd[1]: systemd 241 running in system mode. (+PAM +AUDIT +SELINUX +IMA +APPARMOR +SMACK +SYSVINIT +UTMP +LIBCRYPTSETUP +GCRYPT +GNUTLS +ACL +XZ +LZ4 +SECCOMP +BL
KID +ELFUTILS +KMOD -IDN2 +IDN -PCRE2 default-hierarchy=hybrid)
[    3.303007] systemd[1]: Detected architecture arm64.
[    3.320305] systemd[1]: Set hostname to <raspberrypi>.
[    3.434620] uart-pl011 3f201000.serial: no DMA platform data
[    3.688413] usb 1-1.1.1: new high-speed USB device number 4 using dwc_otg
[    3.707200] random: crng init done
[    3.796844] usb 1-1.1.1: New USB device found, idVendor=0424, idProduct=7800, bcdDevice= 3.00
[    3.807825] usb 1-1.1.1: New USB device strings: Mfr=0, Product=0, SerialNumber=0
[    3.948060] systemd[1]: Listening on Journal Socket.
[    3.957193] systemd[1]: Listening on Journal Socket (/dev/log).
[    3.969564] systemd[1]: Created slice User and Session Slice.
[    3.979690] systemd[1]: Listening on udev Control Socket.
[    3.993038] systemd[1]: Mounting Kernel Debug File System...
[    4.002387] systemd[1]: Condition check resulted in Huge Pages File System being skipped.
[   67.376373] Unable to handle kernel paging request at virtual address ffffff803ab16470
[   67.385889] Mem abort info:
[   67.389455]   ESR = 0x96000006
[   67.393297]   Exception class = DABT (current EL), IL = 32 bits
[   67.400044]   SET = 0, FnV = 0
[   67.403910]   EA = 0, S1PTW = 0
[   67.407831] Data abort info:
[   67.411453]   ISV = 0, ISS = 0x00000006
[   67.416040]   CM = 0, WnR = 0
[   67.419740] swapper pgtable: 4k pages, 39-bit VAs, pgdp = 00000000c0a3714c
[   67.427416] [ffffff803ab16470] pgd=000000003abfe003, pud=000000003abfe003, pmd=0000000000000000
[   67.437813] Internal error: Oops: 96000006 [#1] PREEMPT SMP
[   67.444303] Modules linked in: cfg80211 rfkill 8021q garp stp llc binfmt_misc bcm2835_codec(C) bcm2835_v4l2(C) v4l2_mem2mem bcm2835_mmal_vchiq(C) v4l2_common videobuf2_vmalloc v
ideobuf2_dma_contig videobuf2_memops videobuf2_v4l2 videobuf2_common videodev media raspberrypi_hwmon hwmon vc_sm_cma(C) uio_pdrv_genirq uio ip_tables x_tables ipv6
[   67.479622] Process test (pid: 481, stack limit = 0x00000000a813062e)
[   67.487216] CPU: 1 PID: 481 Comm: test Tainted: G         C        4.19.118-v8+ #1311
[   67.497271] Hardware name: Raspberry Pi 3 Model B Plus Rev 1.3 (DT)
[   67.504702] pstate: 20000085 (nzCv daIf -PAN -UAO)
[   67.510682] pc : task_tick_fair+0xc0/0x578
[   67.515945] lr : task_tick_fair+0xb8/0x578
[   67.521168] sp : ffffff800800bd10
[   67.525610] x29: ffffff800800bd10 x28: 0000000000000001 
[   67.532078] x27: 0000000faff19bfe x26: 0000000000000000 
[   67.538542] x25: ffffff8008cac018 x24: afb504000afb5041 
[   67.545013] x23: ffffff8008cb8030 x22: 0000000000000000 
[   67.551452] x21: ffffffc03ab962c0 x20: ffffffc03674a600 
[   67.557852] x19: ffffff803ab16340 x18: 0000000000000000 
[   67.564212] x17: 0000000000000000 x16: 0000000000000000 
[   67.570538] x15: 0000000000000000 x14: 0000000000000000 
[   67.576805] x13: 0000000000000000 x12: 0000000000000000 
[   67.583007] x11: 0000000000000000 x10: 0000000000000000 
[   67.589145] x9 : 0000000000000000 x8 : ffffff8008cb9ec0 
[   67.595233] x7 : 007ab3533c055962 x6 : 00000000000001ff 
[   67.601284] x5 : 0000000000000400 x4 : 0000000000050dbd 
[   67.607294] x3 : 0000000000005b65 x2 : 0000000000005b65 
[   67.613259] x1 : 0000000000000686 x0 : 00000000007356f5 
[   67.619185] Call trace:
[   67.622193]  task_tick_fair+0xc0/0x578
[   67.626494]  scheduler_tick+0x74/0x108
[   67.630783]  update_process_times+0x48/0x60
[   67.635532]  tick_sched_handle.isra.5+0x44/0x68
[   67.640633]  tick_sched_timer+0x5c/0xb0
[   67.645034]  __hrtimer_run_queues+0x118/0x380
[   67.649970]  hrtimer_interrupt+0xf8/0x258
[   67.654555]  arch_timer_handler_phys+0x3c/0x50
[   67.659589]  handle_percpu_devid_irq+0xa4/0x2a0
[   67.664710]  generic_handle_irq+0x34/0x50
[   67.669314]  __handle_domain_irq+0x8c/0x100
[   67.674102]  bcm2836_arm_irqchip_handle_irq+0x68/0xd8
[   67.679807]  el0_irq_naked+0x50/0x5c
[   67.684052] Code: aa1403e0 97ffedb7 35001b56 d503201f (f9409a60) 
[   67.690882] ---[ end trace 62c4a329f4a35c68 ]---
[   67.696250] Kernel panic - not syncing: Fatal exception in interrupt
[   67.703395] SMP: stopping secondary CPUs
[   67.708106] Kernel Offset: disabled
[   67.712395] CPU features: 0x0,24002004
[   67.716960] Memory Limit: none
[   67.720811] ---[ end Kernel panic - not syncing: Fatal exception in interrupt ]---
