[    0.000000] Booting Linux on physical CPU 0x0000000000 [0x410fd034]
[    0.000000] Linux version 4.19.118-v8+ (dom@buildbot) (gcc version 5.4.0 20160609 (Ubuntu/Linaro 5.4.0-6ubuntu1~16.04.9)) #1311 SMP PREEMPT Mon Apr 27 14:32:38 BST 2020
[    0.000000] Machine model: Raspberry Pi 3 Model B Plus Rev 1.3
[    0.000000] efi: Getting EFI parameters from FDT:
[    0.000000] efi: UEFI not found.
[    0.000000] cma: Reserved 8 MiB at 0x000000003ac00000
[    0.000000] random: get_random_bytes called from start_kernel+0xb8/0x47c with crng_init=0
[    0.000000] percpu: Embedded 24 pages/cpu s58840 r8192 d31272 u98304
[    0.000000] Detected VIPT I-cache on CPU0
[    0.000000] CPU features: enabling workaround for ARM erratum 843419
[    0.000000] CPU features: enabling workaround for ARM erratum 845719
[    0.000000] Built 1 zonelists, mobility grouping on.  Total pages: 238896
[    0.000000] Kernel command line: coherent_pool=1M 8250.nr_uarts=1 snd_bcm2835.enable_compat_alsa=0 snd_bcm2835.enable_hdmi=1 snd_bcm2835.enable_headphones=1 bcm2708_fb.fbwidth=6
56 bcm2708_fb.fbheight=416 bcm2708_fb.fbswap=1 vc_mem.mem_base=0x3ec00000 vc_mem.mem_size=0x40000000  dwc_otg.lpm_enable=0 console=ttyAMA0,115200 console=tty1 root=PARTUUID=4c99987
7-02 rootfstype=ext4 elevator=deadline fsck.repair=yes rootwait
[    0.000000] Dentry cache hash table entries: 131072 (order: 8, 1048576 bytes)
[    0.000000] Inode-cache hash table entries: 65536 (order: 7, 524288 bytes)
[    0.000000] Memory: 929092K/970752K available (8700K kernel code, 1074K rwdata, 2760K rodata, 1024K init, 1126K bss, 33468K reserved, 8192K cma-reserved)
[    0.000000] SLUB: HWalign=64, Order=0-3, MinObjects=0, CPUs=4, Nodes=1
[    0.000000] ftrace: allocating 30496 entries in 120 pages
[    0.000000] rcu: Preemptible hierarchical RCU implementation.
[    0.000000] rcu:     RCU restricting CPUs from NR_CPUS=64 to nr_cpu_ids=4.
[    0.000000]  Tasks RCU enabled.
[    0.000000] rcu: Adjusting geometry for rcu_fanout_leaf=16, nr_cpu_ids=4
[    0.000000] NR_IRQS: 64, nr_irqs: 64, preallocated irqs: 0
[    0.000000] arch_timer: cp15 timer(s) running at 19.20MHz (phys).
[    0.000000] clocksource: arch_sys_counter: mask: 0xffffffffffffff max_cycles: 0x46d987e47, max_idle_ns: 440795202767 ns
[    0.000007] sched_clock: 56 bits at 19MHz, resolution 52ns, wraps every 4398046511078ns
[    0.000270] Console: colour dummy device 80x25
[    0.000937] console [tty1] enabled
[    0.001008] Calibrating delay loop (skipped), value calculated using timer frequency.. 38.40 BogoMIPS (lpj=76800)
[    0.001060] pid_max: default: 32768 minimum: 301
[    0.001492] Mount-cache hash table entries: 2048 (order: 2, 16384 bytes)
[    0.001548] Mountpoint-cache hash table entries: 2048 (order: 2, 16384 bytes)
[    0.024102] ASID allocator initialised with 32768 entries
[    0.032100] rcu: Hierarchical SRCU implementation.
[    0.040741] EFI services will not be available.
[    0.048178] smp: Bringing up secondary CPUs ...
[    0.080444] Detected VIPT I-cache on CPU1
[    0.080513] CPU1: Booted secondary processor 0x0000000001 [0x410fd034]
[    0.112568] Detected VIPT I-cache on CPU2
[    0.112618] CPU2: Booted secondary processor 0x0000000002 [0x410fd034]
[    0.144735] Detected VIPT I-cache on CPU3
[    0.144780] CPU3: Booted secondary processor 0x0000000003 [0x410fd034]
[    0.144965] smp: Brought up 1 node, 4 CPUs
[    0.145120] SMP: Total of 4 processors activated.
[    0.145154] CPU features: detected: 32-bit EL0 Support
[    0.146128] CPU: All CPU(s) started at EL2
[    0.146202] alternatives: patching kernel code
[    0.147826] devtmpfs: initialized
[    0.164122] Enabled cp15_barrier support
[    0.164190] Enabled setend support
[    0.164765] clocksource: jiffies: mask: 0xffffffff max_cycles: 0xffffffff, max_idle_ns: 7645041785100000 ns
[    0.164827] futex hash table entries: 1024 (order: 4, 65536 bytes)
[    0.165545] pinctrl core: initialized pinctrl subsystem
[    0.166440] DMI not present or invalid.
[    0.167008] NET: Registered protocol family 16
[    0.173476] cpuidle: using governor menu
[    0.174105] hw-breakpoint: found 6 breakpoint and 4 watchpoint registers.
[    0.178791] DMA: preallocated 1024 KiB pool for atomic allocations
[    0.178971] Serial: AMBA PL011 UART driver
[    0.183582] bcm2835-mbox 3f00b880.mailbox: mailbox enabled
[    0.192936] raspberrypi-firmware soc:firmware: Attached to firmware from 2020-04-15 11:43, variant start
[    0.196954] raspberrypi-firmware soc:firmware: Firmware hash is 82f9bb929ce2186eb1824178c1ae82902ad6275c
[    0.245815] bcm2835-dma 3f007000.dma: DMA legacy API manager at (____ptrval____), dmachans=0x1
[    0.249108] vgaarb: loaded
[    0.249701] SCSI subsystem initialized
[    0.250001] usbcore: registered new interface driver usbfs
[    0.250095] usbcore: registered new interface driver hub
[    0.250277] usbcore: registered new device driver usb
[    0.250433] pps_core: LinuxPPS API ver. 1 registered
[    0.250466] pps_core: Software ver. 5.3.6 - Copyright 2005-2007 Rodolfo Giometti <giometti@linux.it>
[    0.250534] PTP clock support registered
[    0.252353] clocksource: Switched to clocksource arch_sys_counter
[    0.377486] VFS: Disk quotas dquot_6.6.0
[    0.377628] VFS: Dquot-cache hash table entries: 512 (order 0, 4096 bytes)
[    0.377908] FS-Cache: Loaded
[    0.378169] CacheFiles: Loaded
[    0.390491] NET: Registered protocol family 2
[    0.391500] tcp_listen_portaddr_hash hash table entries: 512 (order: 1, 8192 bytes)
[    0.391577] TCP established hash table entries: 8192 (order: 4, 65536 bytes)
[    0.391720] TCP bind hash table entries: 8192 (order: 5, 131072 bytes)
[    0.391938] TCP: Hash tables configured (established 8192 bind 8192)
[    0.392223] UDP hash table entries: 512 (order: 2, 16384 bytes)
[    0.392302] UDP-Lite hash table entries: 512 (order: 2, 16384 bytes)
[    0.392744] NET: Registered protocol family 1
[    0.393711] RPC: Registered named UNIX socket transport module.
[    0.393747] RPC: Registered udp transport module.
[    0.393777] RPC: Registered tcp transport module.
[    0.393807] RPC: Registered tcp NFSv4.1 backchannel transport module.
[    0.396565] hw perfevents: enabled with armv8_cortex_a53 PMU driver, 7 counters available
[    0.396768] kvm [1]: 8-bit VMID
[    0.397589] kvm [1]: Hyp mode initialized successfully
[    0.402463] Initialise system trusted keyrings
[    0.402783] workingset: timestamp_bits=46 max_order=18 bucket_order=0
[    0.415177] FS-Cache: Netfs 'nfs' registered for caching
[    0.416239] NFS: Registering the id_resolver key type
[    0.416325] Key type id_resolver registered
[    0.416466] Key type id_legacy registered
[    0.416510] nfs4filelayout_init: NFSv4 File Layout Driver Registering...
[    0.424328] Key type asymmetric registered
[    0.424413] Asymmetric key parser 'x509' registered
[    0.424514] Block layer SCSI generic (bsg) driver version 0.4 loaded (major 248)
[    0.424811] io scheduler noop registered
[    0.424846] io scheduler deadline registered (default)
[    0.425114] io scheduler cfq registered
[    0.425147] io scheduler mq-deadline registered (default)
[    0.425181] io scheduler kyber registered
[    0.428702] bcm2708_fb soc:fb: FB found 1 display(s)
[    0.439623] Console: switching to colour frame buffer device 82x26
[    0.444532] bcm2708_fb soc:fb: Registered framebuffer for display 0, size 656x416
[    0.451916] Serial: 8250/16550 driver, 1 ports, IRQ sharing enabled
[    0.456520] bcm2835-rng 3f104000.rng: hwrng registered
[    0.459448] vc-mem: phys_addr:0x00000000 mem_base=0x3ec00000 mem_size:0x40000000(1024 MiB)
[    0.465329] gpiomem-bcm2835 3f200000.gpiomem: Initialised: Registers at 0x3f200000
[    0.470870] cacheinfo: Unable to detect cache hierarchy for CPU 0
[    0.489107] brd: module loaded
[    0.507190] loop: module loaded
[    0.510939] Loading iSCSI transport class v2.0-870.
[    0.516123] libphy: Fixed MDIO Bus: probed
[    0.519097] usbcore: registered new interface driver r8152
[    0.521762] usbcore: registered new interface driver lan78xx
[    0.524381] usbcore: registered new interface driver smsc95xx
[    0.527225] dwc_otg: version 3.00a 10-AUG-2012 (platform bus)
[    0.557767] dwc_otg 3f980000.usb: base=(____ptrval____)
[    0.773914] Core Release: 2.80a
[    0.776440] Setting default values for core params
[    0.778959] Finished setting default values for core params
[    0.994657] Using Buffer DMA mode
[    0.997063] Periodic Transfer Interrupt Enhancement - disabled
[    0.999480] Multiprocessor Interrupt Enhancement - disabled
[    1.001909] OTG VER PARAM: 0, OTG VER FLAG: 0
[    1.004249] Dedicated Tx FIFOs mode
[    1.007362] WARN::dwc_otg_hcd_init:1074: FIQ DMA bounce buffers: virt = ffffff80090c1000 dma = 0x00000000fad14000 len=9024
[    1.011898] FIQ FSM acceleration enabled for :
[    1.011898] Non-periodic Split Transactions
[    1.011898] Periodic Split Transactions
[    1.011898] High-Speed Isochronous Endpoints
[    1.011898] Interrupt/Control Split Transaction hack enabled
[    1.022679] WARN::hcd_init_fiq:497: MPHI regs_base at ffffff800805d000
[    1.024986] dwc_otg 3f980000.usb: DWC OTG Controller
[    1.027293] dwc_otg 3f980000.usb: new USB bus registered, assigned bus number 1
[    1.029772] dwc_otg 3f980000.usb: irq 9, io mem 0x00000000
[    1.032169] Init: Port Power? op_state=1
[    1.034520] Init: Power Port (0)
[    1.037227] usb usb1: New USB device found, idVendor=1d6b, idProduct=0002, bcdDevice= 4.19
[    1.041974] usb usb1: New USB device strings: Mfr=3, Product=2, SerialNumber=1
[    1.044587] usb usb1: Product: DWC OTG Controller
[    1.047066] usb usb1: Manufacturer: Linux 4.19.118-v8+ dwc_otg_hcd
[    1.049598] usb usb1: SerialNumber: 3f980000.usb
[    1.052933] hub 1-0:1.0: USB hub found
[    1.055429] hub 1-0:1.0: 1 port detected
[    1.059011] usbcore: registered new interface driver uas
[    1.061474] usbcore: registered new interface driver usb-storage
[    1.064017] mousedev: PS/2 mouse device common for all mice
[    1.067853] bcm2835-wdt bcm2835-wdt: Broadcom BCM2835 watchdog timer
[    1.071781] cpufreq: cpufreq_online: CPU0: Running at unlisted freq: 600000 KHz
[    1.076537] cpufreq: cpufreq_online: CPU0: Unlisted initial frequency changed to: 700000 KHz
[    1.079819] sdhci: Secure Digital Host Controller Interface driver
[    1.080908] sdhci: Copyright(c) Pierre Ossman
[    1.082273] sdhost-bcm2835 3f202000.mmc: could not get clk, deferring probe
[    1.083479] sdhci-pltfm: SDHCI platform and OF driver helper
[    1.085954] ledtrig-cpu: registered to indicate activity on CPUs
[    1.087177] hidraw: raw HID events driver (C) Jiri Kosina
[    1.088415] usbcore: registered new interface driver usbhid
[    1.089498] usbhid: USB HID core driver
[    1.091171] vchiq: vchiq_init_state: slot_zero = (____ptrval____), is_master = 0
[    1.095444] Initializing XFRM netlink socket
[    1.096581] NET: Registered protocol family 17
[    1.097735] Key type dns_resolver registered
[    1.099490] registered taskstats version 1
[    1.100604] Loading compiled-in X.509 certificates
[    1.107338] uart-pl011 3f201000.serial: cts_event_workaround enabled
[    1.108607] 3f201000.serial: ttyAMA0 at MMIO 0x3f201000 (irq = 66, base_baud = 0) is a PL011 rev2
[    2.109109] console [ttyAMA0] enabled
[    2.114919] bcm2835-power bcm2835-power: Broadcom BCM2835 power domains driver
[    2.124276] sdhost: log_buf @ (____ptrval____) (fad13000)
[    2.179947] mmc0: sdhost-bcm2835 loaded - DMA enabled (>1)
[    2.188369] of_cfs_init
[    2.191989] of_cfs_init: OK
[    2.196290] Waiting for root device PARTUUID=4c999877-02...
[    2.224475] Indeed it is in host mode hprt0 = 00021501
[    2.290405] mmc0: host does not support reading read-only switch, assuming write-enable
[    2.309102] mmc0: new high speed SDHC card at address aaaa
[    2.316845] mmcblk0: mmc0:aaaa SC16G 14.8 GiB
[    2.329107] random: fast init done
[    2.333666]  mmcblk0: p1 p2
[    2.348425] EXT4-fs (mmcblk0p2): INFO: recovery required on readonly filesystem
[    2.356875] EXT4-fs (mmcblk0p2): write access will be enabled during recovery
[    2.379756] EXT4-fs (mmcblk0p2): recovery complete
[    2.390094] EXT4-fs (mmcblk0p2): mounted filesystem with ordered data mode. Opts: (null)
[    2.400397] VFS: Mounted root (ext4 filesystem) readonly on device 179:2.
[    2.418252] devtmpfs: mounted
[    2.425460] Freeing unused kernel memory: 1024K
[    2.428388] usb 1-1: new high-speed USB device number 2 using dwc_otg
[    2.431180] Run /sbin/init as init process
[    2.443859] Indeed it is in host mode hprt0 = 00001101
[    2.660661] usb 1-1: New USB device found, idVendor=0424, idProduct=2514, bcdDevice= b.b3
[    2.671204] usb 1-1: New USB device strings: Mfr=0, Product=0, SerialNumber=0
[    2.680088] hub 1-1:1.0: USB hub found
[    2.685166] hub 1-1:1.0: 4 ports detected
[    2.976381] usb 1-1.1: new high-speed USB device number 3 using dwc_otg
[    3.076018] systemd[1]: System time before build time, advancing clock.
[    3.084674] usb 1-1.1: New USB device found, idVendor=0424, idProduct=2514, bcdDevice= b.b3
[    3.095471] usb 1-1.1: New USB device strings: Mfr=0, Product=0, SerialNumber=0
[    3.104554] hub 1-1.1:1.0: USB hub found
[    3.109871] hub 1-1.1:1.0: 3 ports detected
[    3.240621] NET: Registered protocol family 10
[    3.247133] Segment Routing with IPv6
[    3.296639] systemd[1]: systemd 241 running in system mode. (+PAM +AUDIT +SELINUX +IMA +APPARMOR +SMACK +SYSVINIT +UTMP +LIBCRYPTSETUP +GCRYPT +GNUTLS +ACL +XZ +LZ4 +SECCOMP +BL
KID +ELFUTILS +KMOD -IDN2 +IDN -PCRE2 default-hierarchy=hybrid)
[    3.322248] systemd[1]: Detected architecture arm64.
[    3.339435] systemd[1]: Set hostname to <raspberrypi>.
[    3.453289] uart-pl011 3f201000.serial: no DMA platform data
[    3.682128] random: crng init done
[    3.696402] usb 1-1.1.1: new high-speed USB device number 4 using dwc_otg
[    3.804882] usb 1-1.1.1: New USB device found, idVendor=0424, idProduct=7800, bcdDevice= 3.00
[    3.815809] usb 1-1.1.1: New USB device strings: Mfr=0, Product=0, SerialNumber=0
[    3.959871] systemd[1]: Listening on Journal Socket (/dev/log).
[    3.970206] systemd[1]: Listening on fsck to fsckd communication Socket.
[    3.981398] systemd[1]: Set up automount Arbitrary Executable File Formats File System Automount Point.
[    3.999178] systemd[1]: Created slice system-getty.slice.
[    4.008151] systemd[1]: Listening on udev Control Socket.
[    4.016862] systemd[1]: Started Dispatch Password Requests to Console Directory Watch.
[    4.029359] systemd[1]: Started Forward Password Requests to Wall Directory Watch.
[    4.093023] lan78xx 1-1.1.1:1.0 (unnamed net_device) (uninitialized): No External EEPROM. Setting MAC Speed
[    4.106415] libphy: lan78xx-mdiobus: probed
[    4.133090] Unable to handle kernel paging request at virtual address ffffff00112c82e0
[    4.133098] Mem abort info:
[    4.133102]   ESR = 0x96000004
[    4.133108]   Exception class = DABT (current EL), IL = 32 bits
[    4.133112]   SET = 0, FnV = 0
[    4.133116]   EA = 0, S1PTW = 0
[    4.133120] Data abort info:
[    4.133124]   ISV = 0, ISS = 0x00000004
[    4.133128]   CM = 0, WnR = 0
[    4.133133] [ffffff00112c82e0] address between user and kernel address ranges
[    4.133140] Internal error: Oops: 96000004 [#1] PREEMPT SMP
[    4.133145] Modules linked in: ip_tables x_tables ipv6
[    4.133159] Process systemd (pid: 1, stack limit = 0x0000000049b57c0b)
[    4.133165] CPU: 1 PID: 1 Comm: systemd Not tainted 4.19.118-v8+ #1311
[    4.133168] Hardware name: Raspberry Pi 3 Model B Plus Rev 1.3 (DT)
[    4.133172] pstate: 80000005 (Nzcv daif -PAN -UAO)
[    4.133186] pc : cfb_imageblit+0x650/0x880
[    4.133190] lr : bcm2708_fb_imageblit+0x28/0x38
[    4.133192] sp : ffffff80080235f0
[    4.133194] x29: ffffff80080235f0 x28: 0000000000000010 
[    4.133199] x27: 0000000000000001 x26: ffffffc039494800 
[    4.133203] x25: 0000000000000020 x24: 0000000000000098 
[    4.133207] x23: ffffff8008023728 x22: ffffffc038d5c118 
[    4.133212] x21: 0000000000000000 x20: 0000000000000000 
[    4.133216] x19: ffffff80098d55a0 x18: ffffff80098d5698 
[    4.133220] x17: ffffff80098d56b4 x16: ffffff8008964000 
[    4.133225] x15: 0000000000000a40 x14: 0000000000000260 
[    4.133229] x13: 0000000000000098 x12: 0000000000000013 
[    4.133233] x11: 0000000000000000 x10: 0000000000000013 
[    4.133237] x9 : 0000000000000002 x8 : ffffffc038d5fcd7 
[    4.133241] x7 : ffffffc038d5fcea x6 : 00000000ff000000 
[    4.133245] x5 : ffffffc038d5fce0 x4 : ffffff00112c8290 
[    4.133250] x3 : ffffff8008964148 x2 : 0000000000aaaaaa 
[    4.133254] x1 : ffffff80098d56a0 x0 : 0000000000000000 
[    4.133258] Call trace:
[    4.133262]  cfb_imageblit+0x650/0x880
[    4.133266]  bcm2708_fb_imageblit+0x28/0x38
[    4.133270]  bit_putcs+0x280/0x460
[    4.133273]  fbcon_putcs+0x114/0x148
[    4.133277]  fbcon_redraw.isra.16+0x15c/0x1e0
[    4.133280]  fbcon_scroll+0x250/0xc10
[    4.133285]  con_scroll+0x1fc/0x208
[    4.133288]  lf+0xcc/0xd8
[    4.133293]  do_con_trol+0xdc/0x1410
[    4.133296]  do_con_write.part.18+0x1a4/0x938
[    4.133300]  con_write+0x90/0x98
[    4.133306]  do_output_char+0x108/0x1c8
[    4.133310]  n_tty_write+0x1f0/0x428
[    4.133314]  tty_write+0x194/0x2d0
[    4.133317]  redirected_tty_write+0xb4/0xc8
[    4.133326]  do_iter_write+0x174/0x1b0
[    4.133330]  compat_writev+0x98/0x140
[    4.133334]  do_compat_writev+0x7c/0xf0
[    4.133338]  __arm64_compat_sys_writev+0x2c/0x38
[    4.133346]  el0_svc_common+0xf4/0x1c0
[    4.133350]  el0_svc_compat_handler+0x30/0x40
[    4.133356]  el0_svc_compat+0x8/0x18
[    4.133361] Code: 91005031 8b040064 b9405084 0a040044 (4a060084) 
[    4.133366] ---[ end trace 0a849ac5b16bfe02 ]---
[    4.133390] Kernel panic - not syncing: Attempted to kill init! exitcode=0x0000000b
[    4.133390] 
[    4.133399] SMP: stopping secondary CPUs
[    4.133407] Kernel Offset: disabled
[    4.133411] CPU features: 0x0,24002004
[    4.133413] Memory Limit: none
[    4.471557] ---[ end Kernel panic - not syncing: Attempted to kill init! exitcode=0x0000000b
[    4.471557]  ]---
