[    0.000000] Booting Linux on physical CPU 0x0000000000 [0x410fd034]
[    0.000000] Linux version 4.19.118-v8+ (dom@buildbot) (gcc version 5.4.0 20160609 (Ubuntu/Linaro 5.4.0-6ubuntu1~16.04.9)) #1311 SMP PREEMPT Mon Apr 27 14:32:38 BST 2020
[    0.000000] Machine model: Raspberry Pi 3 Model B Plus Rev 1.3
[    0.000000] efi: Getting EFI parameters from FDT:
[    0.000000] efi: UEFI not found.
[    0.000000] cma: Reserved 8 MiB at 0x000000003ac00000
[    0.000000] random: get_random_bytes called from start_kernel+0xb8/0x47c with crng_init=0
[    0.000000] percpu: Embedded 24 pages/cpu s58840 r8192 d31272 u98304
[    0.000000] Detected VIPT I-cache on CPU0
[    0.000000] CPU features: enabling workaround for ARM erratum 843419
[    0.000000] CPU features: enabling workaround for ARM erratum 845719
[    0.000000] Built 1 zonelists, mobility grouping on.  Total pages: 238896
[    0.000000] Kernel command line: coherent_pool=1M 8250.nr_uarts=1 snd_bcm2835.enable_compat_alsa=0 snd_bcm2835.enable_hdmi=1 snd_bcm2835.enable_headphones=1 bcm2708_fb.fbwidth=6
56 bcm2708_fb.fbheight=416 bcm2708_fb.fbswap=1 vc_mem.mem_base=0x3ec00000 vc_mem.mem_size=0x40000000  dwc_otg.lpm_enable=0 console=ttyAMA0,115200 console=tty1 root=PARTUUID=4c99987
7-02 rootfstype=ext4 elevator=deadline fsck.repair=yes rootwait
[    0.000000] Dentry cache hash table entries: 131072 (order: 8, 1048576 bytes)
[    0.000000] Inode-cache hash table entries: 65536 (order: 7, 524288 bytes)
[    0.000000] Memory: 929092K/970752K available (8700K kernel code, 1074K rwdata, 2760K rodata, 1024K init, 1126K bss, 33468K reserved, 8192K cma-reserved)
[    0.000000] SLUB: HWalign=64, Order=0-3, MinObjects=0, CPUs=4, Nodes=1
[    0.000000] ftrace: allocating 30496 entries in 120 pages
[    0.000000] rcu: Preemptible hierarchical RCU implementation.
[    0.000000] rcu:     RCU restricting CPUs from NR_CPUS=64 to nr_cpu_ids=4.
[    0.000000]  Tasks RCU enabled.
[    0.000000] rcu: Adjusting geometry for rcu_fanout_leaf=16, nr_cpu_ids=4
[    0.000000] NR_IRQS: 64, nr_irqs: 64, preallocated irqs: 0
[    0.000000] arch_timer: cp15 timer(s) running at 19.20MHz (phys).
[    0.000000] clocksource: arch_sys_counter: mask: 0xffffffffffffff max_cycles: 0x46d987e47, max_idle_ns: 440795202767 ns
[    0.000007] sched_clock: 56 bits at 19MHz, resolution 52ns, wraps every 4398046511078ns
[    0.000273] Console: colour dummy device 80x25
[    0.000938] console [tty1] enabled
[    0.001008] Calibrating delay loop (skipped), value calculated using timer frequency.. 38.40 BogoMIPS (lpj=76800)
[    0.001060] pid_max: default: 32768 minimum: 301
[    0.001495] Mount-cache hash table entries: 2048 (order: 2, 16384 bytes)
[    0.001551] Mountpoint-cache hash table entries: 2048 (order: 2, 16384 bytes)
[    0.024102] ASID allocator initialised with 32768 entries
[    0.032098] rcu: Hierarchical SRCU implementation.
[    0.040733] EFI services will not be available.
[    0.048176] smp: Bringing up secondary CPUs ...
[    0.080441] Detected VIPT I-cache on CPU1
[    0.080510] CPU1: Booted secondary processor 0x0000000001 [0x410fd034]
[    0.112567] Detected VIPT I-cache on CPU2
[    0.112616] CPU2: Booted secondary processor 0x0000000002 [0x410fd034]
[    0.144732] Detected VIPT I-cache on CPU3
[    0.144778] CPU3: Booted secondary processor 0x0000000003 [0x410fd034]
[    0.144962] smp: Brought up 1 node, 4 CPUs
[    0.145116] SMP: Total of 4 processors activated.
[    0.145151] CPU features: detected: 32-bit EL0 Support
[    0.146123] CPU: All CPU(s) started at EL2
[    0.146197] alternatives: patching kernel code
[    0.147818] devtmpfs: initialized
[    0.164111] Enabled cp15_barrier support
[    0.164178] Enabled setend support
[    0.164757] clocksource: jiffies: mask: 0xffffffff max_cycles: 0xffffffff, max_idle_ns: 7645041785100000 ns
[    0.164819] futex hash table entries: 1024 (order: 4, 65536 bytes)
[    0.165543] pinctrl core: initialized pinctrl subsystem
[    0.166430] DMI not present or invalid.
[    0.167001] NET: Registered protocol family 16
[    0.173460] cpuidle: using governor menu
[    0.174084] hw-breakpoint: found 6 breakpoint and 4 watchpoint registers.
[    0.178771] DMA: preallocated 1024 KiB pool for atomic allocations
[    0.178952] Serial: AMBA PL011 UART driver
[    0.183550] bcm2835-mbox 3f00b880.mailbox: mailbox enabled
[    0.192927] raspberrypi-firmware soc:firmware: Attached to firmware from 2020-04-15 11:43, variant start
[    0.196946] raspberrypi-firmware soc:firmware: Firmware hash is 82f9bb929ce2186eb1824178c1ae82902ad6275c
[    0.245795] bcm2835-dma 3f007000.dma: DMA legacy API manager at (____ptrval____), dmachans=0x1
[    0.249095] vgaarb: loaded
[    0.249686] SCSI subsystem initialized
[    0.249983] usbcore: registered new interface driver usbfs
[    0.250077] usbcore: registered new interface driver hub
[    0.250259] usbcore: registered new device driver usb
[    0.250417] pps_core: LinuxPPS API ver. 1 registered
[    0.250450] pps_core: Software ver. 5.3.6 - Copyright 2005-2007 Rodolfo Giometti <giometti@linux.it>
[    0.250519] PTP clock support registered
[    0.252313] clocksource: Switched to clocksource arch_sys_counter
[    0.377480] VFS: Disk quotas dquot_6.6.0
[    0.377620] VFS: Dquot-cache hash table entries: 512 (order 0, 4096 bytes)
[    0.377854] FS-Cache: Loaded
[    0.378118] CacheFiles: Loaded
[    0.390171] NET: Registered protocol family 2
[    0.391140] tcp_listen_portaddr_hash hash table entries: 512 (order: 1, 8192 bytes)
[    0.391216] TCP established hash table entries: 8192 (order: 4, 65536 bytes)
[    0.391359] TCP bind hash table entries: 8192 (order: 5, 131072 bytes)
[    0.391587] TCP: Hash tables configured (established 8192 bind 8192)
[    0.391874] UDP hash table entries: 512 (order: 2, 16384 bytes)
[    0.391951] UDP-Lite hash table entries: 512 (order: 2, 16384 bytes)
[    0.392381] NET: Registered protocol family 1
[    0.393511] RPC: Registered named UNIX socket transport module.
[    0.393549] RPC: Registered udp transport module.
[    0.393579] RPC: Registered tcp transport module.
[    0.393609] RPC: Registered tcp NFSv4.1 backchannel transport module.
[    0.396231] hw perfevents: enabled with armv8_cortex_a53 PMU driver, 7 counters available
[    0.396504] kvm [1]: 8-bit VMID
[    0.397343] kvm [1]: Hyp mode initialized successfully
[    0.402221] Initialise system trusted keyrings
[    0.402565] workingset: timestamp_bits=46 max_order=18 bucket_order=0
[    0.414919] FS-Cache: Netfs 'nfs' registered for caching
[    0.415987] NFS: Registering the id_resolver key type
[    0.416068] Key type id_resolver registered
[    0.416099] Key type id_legacy registered
[    0.416141] nfs4filelayout_init: NFSv4 File Layout Driver Registering...
[    0.423868] Key type asymmetric registered
[    0.423918] Asymmetric key parser 'x509' registered
[    0.424018] Block layer SCSI generic (bsg) driver version 0.4 loaded (major 248)
[    0.424365] io scheduler noop registered
[    0.424400] io scheduler deadline registered (default)
[    0.424660] io scheduler cfq registered
[    0.424694] io scheduler mq-deadline registered (default)
[    0.424727] io scheduler kyber registered
[    0.428135] bcm2708_fb soc:fb: FB found 1 display(s)
[    0.439200] Console: switching to colour frame buffer device 82x26
[    0.444076] bcm2708_fb soc:fb: Registered framebuffer for display 0, size 656x416
[    0.451465] Serial: 8250/16550 driver, 1 ports, IRQ sharing enabled
[    0.455990] bcm2835-rng 3f104000.rng: hwrng registered
[    0.458970] vc-mem: phys_addr:0x00000000 mem_base=0x3ec00000 mem_size:0x40000000(1024 MiB)
[    0.464960] gpiomem-bcm2835 3f200000.gpiomem: Initialised: Registers at 0x3f200000
[    0.470466] cacheinfo: Unable to detect cache hierarchy for CPU 0
[    0.488726] brd: module loaded
[    0.506898] loop: module loaded
[    0.510620] Loading iSCSI transport class v2.0-870.
[    0.519976] libphy: Fixed MDIO Bus: probed
[    0.522952] usbcore: registered new interface driver r8152
[    0.525626] usbcore: registered new interface driver lan78xx
[    0.528213] usbcore: registered new interface driver smsc95xx
[    0.531090] dwc_otg: version 3.00a 10-AUG-2012 (platform bus)
[    0.561627] dwc_otg 3f980000.usb: base=(____ptrval____)
[    0.777643] Core Release: 2.80a
[    0.780132] Setting default values for core params
[    0.782679] Finished setting default values for core params
[    0.998159] Using Buffer DMA mode
[    1.000564] Periodic Transfer Interrupt Enhancement - disabled
[    1.002987] Multiprocessor Interrupt Enhancement - disabled
[    1.005418] OTG VER PARAM: 0, OTG VER FLAG: 0
[    1.007758] Dedicated Tx FIFOs mode
[    1.010915] WARN::dwc_otg_hcd_init:1074: FIQ DMA bounce buffers: virt = ffffff80090c1000 dma = 0x00000000fad14000 len=9024
[    1.015451] FIQ FSM acceleration enabled for :
[    1.015451] Non-periodic Split Transactions
[    1.015451] Periodic Split Transactions
[    1.015451] High-Speed Isochronous Endpoints
[    1.015451] Interrupt/Control Split Transaction hack enabled
[    1.026253] WARN::hcd_init_fiq:497: MPHI regs_base at ffffff800805d000
[    1.028564] dwc_otg 3f980000.usb: DWC OTG Controller
[    1.030879] dwc_otg 3f980000.usb: new USB bus registered, assigned bus number 1
[    1.033364] dwc_otg 3f980000.usb: irq 9, io mem 0x00000000
[    1.035770] Init: Port Power? op_state=1
[    1.038126] Init: Power Port (0)
[    1.040799] usb usb1: New USB device found, idVendor=1d6b, idProduct=0002, bcdDevice= 4.19
[    1.045611] usb usb1: New USB device strings: Mfr=3, Product=2, SerialNumber=1
[    1.048154] usb usb1: Product: DWC OTG Controller
[    1.050664] usb usb1: Manufacturer: Linux 4.19.118-v8+ dwc_otg_hcd
[    1.053200] usb usb1: SerialNumber: 3f980000.usb
[    1.056570] hub 1-0:1.0: USB hub found
[    1.059075] hub 1-0:1.0: 1 port detected
[    1.062698] usbcore: registered new interface driver uas
[    1.065165] usbcore: registered new interface driver usb-storage
[    1.067712] mousedev: PS/2 mouse device common for all mice
[    1.071551] bcm2835-wdt bcm2835-wdt: Broadcom BCM2835 watchdog timer
[    1.075483] cpufreq: cpufreq_online: CPU0: Running at unlisted freq: 600000 KHz
[    1.080248] cpufreq: cpufreq_online: CPU0: Unlisted initial frequency changed to: 700000 KHz
[    1.083550] sdhci: Secure Digital Host Controller Interface driver
[    1.084645] sdhci: Copyright(c) Pierre Ossman
[    1.086017] sdhost-bcm2835 3f202000.mmc: could not get clk, deferring probe
[    1.087230] sdhci-pltfm: SDHCI platform and OF driver helper
[    1.089703] ledtrig-cpu: registered to indicate activity on CPUs
[    1.090921] hidraw: raw HID events driver (C) Jiri Kosina
[    1.092140] usbcore: registered new interface driver usbhid
[    1.093246] usbhid: USB HID core driver
[    1.094938] vchiq: vchiq_init_state: slot_zero = (____ptrval____), is_master = 0
[    1.099217] Initializing XFRM netlink socket
[    1.100359] NET: Registered protocol family 17
[    1.101524] Key type dns_resolver registered
[    1.103313] registered taskstats version 1
[    1.104427] Loading compiled-in X.509 certificates
[    1.111143] uart-pl011 3f201000.serial: cts_event_workaround enabled
[    1.112401] 3f201000.serial: ttyAMA0 at MMIO 0x3f201000 (irq = 66, base_baud = 0) is a PL011 rev2
[    2.112921] console [ttyAMA0] enabled
[    2.118679] bcm2835-power bcm2835-power: Broadcom BCM2835 power domains driver
[    2.127990] sdhost: log_buf @ (____ptrval____) (fad13000)
[    2.183681] mmc0: sdhost-bcm2835 loaded - DMA enabled (>1)
[    2.192057] of_cfs_init
[    2.195699] of_cfs_init: OK
[    2.200003] Waiting for root device PARTUUID=4c999877-02...
[    2.228444] Indeed it is in host mode hprt0 = 00021501
[    2.286369] mmc0: host does not support reading read-only switch, assuming write-enable
[    2.313675] mmc0: new high speed SDHC card at address aaaa
[    2.321489] mmcblk0: mmc0:aaaa SC16G 14.8 GiB
[    2.331572]  mmcblk0: p1 p2
[    2.340307] random: fast init done
[    2.352186] EXT4-fs (mmcblk0p2): INFO: recovery required on readonly filesystem
[    2.360639] EXT4-fs (mmcblk0p2): write access will be enabled during recovery
[    2.436360] usb 1-1: new high-speed USB device number 2 using dwc_otg
[    2.444184] Indeed it is in host mode hprt0 = 00001101
[    2.452218] EXT4-fs (mmcblk0p2): recovery complete
[    2.460015] EXT4-fs (mmcblk0p2): mounted filesystem with ordered data mode. Opts: (null)
[    2.470305] VFS: Mounted root (ext4 filesystem) readonly on device 179:2.
[    2.488111] devtmpfs: mounted
[    2.495120] Freeing unused kernel memory: 1024K
[    2.500840] Run /sbin/init as init process
[    2.660610] usb 1-1: New USB device found, idVendor=0424, idProduct=2514, bcdDevice= b.b3
[    2.671169] usb 1-1: New USB device strings: Mfr=0, Product=0, SerialNumber=0
[    2.680036] hub 1-1:1.0: USB hub found
[    2.685086] hub 1-1:1.0: 4 ports detected
[    2.976347] usb 1-1.1: new high-speed USB device number 3 using dwc_otg
[    3.084575] usb 1-1.1: New USB device found, idVendor=0424, idProduct=2514, bcdDevice= b.b3
[    3.095300] usb 1-1.1: New USB device strings: Mfr=0, Product=0, SerialNumber=0
[    3.104386] hub 1-1.1:1.0: USB hub found
[    3.109600] hub 1-1.1:1.0: 3 ports detected
[    3.140162] systemd[1]: System time before build time, advancing clock.
[    3.276999] NET: Registered protocol family 10
[    3.283511] Segment Routing with IPv6
[    3.332847] systemd[1]: systemd 241 running in system mode. (+PAM +AUDIT +SELINUX +IMA +APPARMOR +SMACK +SYSVINIT +UTMP +LIBCRYPTSETUP +GCRYPT +GNUTLS +ACL +XZ +LZ4 +SECCOMP +BL
KID +ELFUTILS +KMOD -IDN2 +IDN -PCRE2 default-hierarchy=hybrid)
[    3.358564] systemd[1]: Detected architecture arm64.
[    3.375689] systemd[1]: Set hostname to <raspberrypi>.
[    3.490922] uart-pl011 3f201000.serial: no DMA platform data
[    3.647173] random: crng init done
[    3.704357] usb 1-1.1.1: new high-speed USB device number 4 using dwc_otg
[    3.812742] usb 1-1.1.1: New USB device found, idVendor=0424, idProduct=7800, bcdDevice= 3.00
[    3.823697] usb 1-1.1.1: New USB device strings: Mfr=0, Product=0, SerialNumber=0
[    3.999407] systemd[1]: Listening on Journal Socket (/dev/log).
[    4.008920] systemd[1]: Started Dispatch Password Requests to Console Directory Watch.
[    4.042932] systemd[1]: Condition check resulted in Journal Audit Socket being skipped.
[    4.054167] systemd[1]: Listening on Syslog Socket.
[    4.062231] systemd[1]: Started Forward Password Requests to Wall Directory Watch.
[    4.074076] systemd[1]: Reached target Paths.
[    4.082200] systemd[1]: Set up automount Arbitrary Executable File Formats File System Automount Point.
[    4.098221] lan78xx 1-1.1.1:1.0 (unnamed net_device) (uninitialized): No External EEPROM. Setting MAC Speed
[    4.111733] libphy: lan78xx-mdiobus: probed
[    4.124102] lan78xx 1-1.1.1:1.0 (unnamed net_device) (uninitialized): int urb period 64
[    5.413239] Kernel panic - not syncing: stack-protector: Kernel stack is corrupted in: __bpf_prog_run32+0x6c/0x70
[    5.425518] CPU: 1 PID: 209 Comm: ifupdown-hotplu Tainted: G         C        4.19.118-v8+ #1311
[    5.436327] Hardware name: Raspberry Pi 3 Model B Plus Rev 1.3 (DT)
[    5.436331] Call trace:
[    5.436343]  dump_backtrace+0x0/0x178
[    5.436348]  show_stack+0x24/0x30
[    5.436356]  dump_stack+0xa4/0xdc
[    5.436363]  panic+0x140/0x294
[    5.436367]  print_tainted+0x0/0xc8
[    5.436379]  __bpf_prog_run32+0x6c/0x70
[    5.473514] SMP: stopping secondary CPUs
[    5.473521] Kernel Offset: disabled
[    5.473527] CPU features: 0x0,24002004
[    5.473530] Memory Limit: none
[    5.491245] ---[ end Kernel panic - not syncing: stack-protector: Kernel stack is corrupted in: __bpf_prog_run32+0x6c/0x70 ]---
