[    0.000000] Booting Linux on physical CPU 0x0000000000 [0x410fd034]
[    0.000000] Linux version 4.19.118-v8+ (dom@buildbot) (gcc version 5.4.0 20160609 (Ubuntu/Linaro 5.4.0-6ubuntu1~16.04.9)) #1311 SMP PREEMPT Mon Apr 27 14:32:38 BST 2020
[    0.000000] Machine model: Raspberry Pi 3 Model B Plus Rev 1.3
[    0.000000] efi: Getting EFI parameters from FDT:
[    0.000000] efi: UEFI not found.
[    0.000000] cma: Reserved 8 MiB at 0x000000003ac00000
[    0.000000] random: get_random_bytes called from start_kernel+0xb8/0x47c with crng_init=0
[    0.000000] percpu: Embedded 24 pages/cpu s58840 r8192 d31272 u98304
[    0.000000] Detected VIPT I-cache on CPU0
[    0.000000] CPU features: enabling workaround for ARM erratum 843419
[    0.000000] CPU features: enabling workaround for ARM erratum 845719
[    0.000000] Built 1 zonelists, mobility grouping on.  Total pages: 238896
[    0.000000] Kernel command line: coherent_pool=1M 8250.nr_uarts=1 snd_bcm2835.enable_compat_alsa=0 snd_bcm2835.enable_hdmi=1 snd_bcm2835.enable_headphones=1 bcm2708_fb.fbwidth=6
56 bcm2708_fb.fbheight=416 bcm2708_fb.fbswap=1 vc_mem.mem_base=0x3ec00000 vc_mem.mem_size=0x40000000  dwc_otg.lpm_enable=0 console=ttyAMA0,115200 console=tty1 root=PARTUUID=4c99987
7-02 rootfstype=ext4 elevator=deadline fsck.repair=yes rootwait
[    0.000000] Dentry cache hash table entries: 131072 (order: 8, 1048576 bytes)
[    0.000000] Inode-cache hash table entries: 65536 (order: 7, 524288 bytes)
[    0.000000] Memory: 929092K/970752K available (8700K kernel code, 1074K rwdata, 2760K rodata, 1024K init, 1126K bss, 33468K reserved, 8192K cma-reserved)
[    0.000000] SLUB: HWalign=64, Order=0-3, MinObjects=0, CPUs=4, Nodes=1
[    0.000000] ftrace: allocating 30496 entries in 120 pages
[    0.000000] rcu: Preemptible hierarchical RCU implementation.
[    0.000000] rcu:     RCU restricting CPUs from NR_CPUS=64 to nr_cpu_ids=4.
[    0.000000]  Tasks RCU enabled.
[    0.000000] rcu: Adjusting geometry for rcu_fanout_leaf=16, nr_cpu_ids=4
[    0.000000] NR_IRQS: 64, nr_irqs: 64, preallocated irqs: 0
[    0.000000] arch_timer: cp15 timer(s) running at 19.20MHz (phys).
[    0.000000] clocksource: arch_sys_counter: mask: 0xffffffffffffff max_cycles: 0x46d987e47, max_idle_ns: 440795202767 ns
[    0.000007] sched_clock: 56 bits at 19MHz, resolution 52ns, wraps every 4398046511078ns
[    0.000273] Console: colour dummy device 80x25
[    0.000938] console [tty1] enabled
[    0.001008] Calibrating delay loop (skipped), value calculated using timer frequency.. 38.40 BogoMIPS (lpj=76800)
[    0.001061] pid_max: default: 32768 minimum: 301
[    0.001493] Mount-cache hash table entries: 2048 (order: 2, 16384 bytes)
[    0.001550] Mountpoint-cache hash table entries: 2048 (order: 2, 16384 bytes)
[    0.024102] ASID allocator initialised with 32768 entries
[    0.032099] rcu: Hierarchical SRCU implementation.
[    0.040740] EFI services will not be available.
[    0.048176] smp: Bringing up secondary CPUs ...
[    0.080443] Detected VIPT I-cache on CPU1
[    0.080512] CPU1: Booted secondary processor 0x0000000001 [0x410fd034]
[    0.112568] Detected VIPT I-cache on CPU2
[    0.112617] CPU2: Booted secondary processor 0x0000000002 [0x410fd034]
[    0.144733] Detected VIPT I-cache on CPU3
[    0.144779] CPU3: Booted secondary processor 0x0000000003 [0x410fd034]
[    0.144964] smp: Brought up 1 node, 4 CPUs
[    0.145118] SMP: Total of 4 processors activated.
[    0.145152] CPU features: detected: 32-bit EL0 Support
[    0.146124] CPU: All CPU(s) started at EL2
[    0.146198] alternatives: patching kernel code
[    0.147815] devtmpfs: initialized
[    0.164111] Enabled cp15_barrier support
[    0.164176] Enabled setend support
[    0.164758] clocksource: jiffies: mask: 0xffffffff max_cycles: 0xffffffff, max_idle_ns: 7645041785100000 ns
[    0.164819] futex hash table entries: 1024 (order: 4, 65536 bytes)
[    0.165544] pinctrl core: initialized pinctrl subsystem
[    0.166434] DMI not present or invalid.
[    0.167002] NET: Registered protocol family 16
[    0.173471] cpuidle: using governor menu
[    0.174097] hw-breakpoint: found 6 breakpoint and 4 watchpoint registers.
[    0.178784] DMA: preallocated 1024 KiB pool for atomic allocations
[    0.178964] Serial: AMBA PL011 UART driver
[    0.183547] bcm2835-mbox 3f00b880.mailbox: mailbox enabled
[    0.192923] raspberrypi-firmware soc:firmware: Attached to firmware from 2020-04-15 11:43, variant start
[    0.196941] raspberrypi-firmware soc:firmware: Firmware hash is 82f9bb929ce2186eb1824178c1ae82902ad6275c
[    0.245794] bcm2835-dma 3f007000.dma: DMA legacy API manager at (____ptrval____), dmachans=0x1
[    0.249095] vgaarb: loaded
[    0.249686] SCSI subsystem initialized
[    0.249983] usbcore: registered new interface driver usbfs
[    0.250078] usbcore: registered new interface driver hub
[    0.250260] usbcore: registered new device driver usb
[    0.250416] pps_core: LinuxPPS API ver. 1 registered
[    0.250450] pps_core: Software ver. 5.3.6 - Copyright 2005-2007 Rodolfo Giometti <giometti@linux.it>
[    0.250518] PTP clock support registered
[    0.252347] clocksource: Switched to clocksource arch_sys_counter
[    0.377530] VFS: Disk quotas dquot_6.6.0
[    0.377671] VFS: Dquot-cache hash table entries: 512 (order 0, 4096 bytes)
[    0.377952] FS-Cache: Loaded
[    0.378211] CacheFiles: Loaded
[    0.390259] NET: Registered protocol family 2
[    0.391226] tcp_listen_portaddr_hash hash table entries: 512 (order: 1, 8192 bytes)
[    0.391302] TCP established hash table entries: 8192 (order: 4, 65536 bytes)
[    0.391445] TCP bind hash table entries: 8192 (order: 5, 131072 bytes)
[    0.391663] TCP: Hash tables configured (established 8192 bind 8192)
[    0.391952] UDP hash table entries: 512 (order: 2, 16384 bytes)
[    0.392028] UDP-Lite hash table entries: 512 (order: 2, 16384 bytes)
[    0.392459] NET: Registered protocol family 1
[    0.393467] RPC: Registered named UNIX socket transport module.
[    0.393504] RPC: Registered udp transport module.
[    0.393535] RPC: Registered tcp transport module.
[    0.393564] RPC: Registered tcp NFSv4.1 backchannel transport module.
[    0.396166] hw perfevents: enabled with armv8_cortex_a53 PMU driver, 7 counters available
[    0.396438] kvm [1]: 8-bit VMID
[    0.397282] kvm [1]: Hyp mode initialized successfully
[    0.402205] Initialise system trusted keyrings
[    0.402553] workingset: timestamp_bits=46 max_order=18 bucket_order=0
[    0.414866] FS-Cache: Netfs 'nfs' registered for caching
[    0.415925] NFS: Registering the id_resolver key type
[    0.415986] Key type id_resolver registered
[    0.416016] Key type id_legacy registered
[    0.416059] nfs4filelayout_init: NFSv4 File Layout Driver Registering...
[    0.423828] Key type asymmetric registered
[    0.423877] Asymmetric key parser 'x509' registered
[    0.423975] Block layer SCSI generic (bsg) driver version 0.4 loaded (major 248)
[    0.424267] io scheduler noop registered
[    0.424301] io scheduler deadline registered (default)
[    0.424620] io scheduler cfq registered
[    0.424653] io scheduler mq-deadline registered (default)
[    0.424687] io scheduler kyber registered
[    0.428085] bcm2708_fb soc:fb: FB found 1 display(s)
[    0.439272] Console: switching to colour frame buffer device 82x26
[    0.444170] bcm2708_fb soc:fb: Registered framebuffer for display 0, size 656x416
[    0.451495] Serial: 8250/16550 driver, 1 ports, IRQ sharing enabled
[    0.455977] bcm2835-rng 3f104000.rng: hwrng registered
[    0.458945] vc-mem: phys_addr:0x00000000 mem_base=0x3ec00000 mem_size:0x40000000(1024 MiB)
[    0.464740] gpiomem-bcm2835 3f200000.gpiomem: Initialised: Registers at 0x3f200000
[    0.470245] cacheinfo: Unable to detect cache hierarchy for CPU 0
[    0.488642] brd: module loaded
[    0.506751] loop: module loaded
[    0.510475] Loading iSCSI transport class v2.0-870.
[    0.515824] libphy: Fixed MDIO Bus: probed
[    0.518798] usbcore: registered new interface driver r8152
[    0.521458] usbcore: registered new interface driver lan78xx
[    0.524046] usbcore: registered new interface driver smsc95xx
[    0.526919] dwc_otg: version 3.00a 10-AUG-2012 (platform bus)
[    0.557458] dwc_otg 3f980000.usb: base=(____ptrval____)
[    0.773325] Core Release: 2.80a
[    0.775814] Setting default values for core params
[    0.778361] Finished setting default values for core params
[    0.994505] Using Buffer DMA mode
[    0.996912] Periodic Transfer Interrupt Enhancement - disabled
[    0.999328] Multiprocessor Interrupt Enhancement - disabled
[    1.001754] OTG VER PARAM: 0, OTG VER FLAG: 0
[    1.004095] Dedicated Tx FIFOs mode
[    1.007305] WARN::dwc_otg_hcd_init:1074: FIQ DMA bounce buffers: virt = ffffff80090c1000 dma = 0x00000000fad14000 len=9024
[    1.011838] FIQ FSM acceleration enabled for :
[    1.011838] Non-periodic Split Transactions
[    1.011838] Periodic Split Transactions
[    1.011838] High-Speed Isochronous Endpoints
[    1.011838] Interrupt/Control Split Transaction hack enabled
[    1.022612] WARN::hcd_init_fiq:497: MPHI regs_base at ffffff800805d000
[    1.024922] dwc_otg 3f980000.usb: DWC OTG Controller
[    1.027230] dwc_otg 3f980000.usb: new USB bus registered, assigned bus number 1
[    1.029710] dwc_otg 3f980000.usb: irq 9, io mem 0x00000000
[    1.032106] Init: Port Power? op_state=1
[    1.034458] Init: Power Port (0)
[    1.037150] usb usb1: New USB device found, idVendor=1d6b, idProduct=0002, bcdDevice= 4.19
[    1.041897] usb usb1: New USB device strings: Mfr=3, Product=2, SerialNumber=1
[    1.044454] usb usb1: Product: DWC OTG Controller
[    1.046931] usb usb1: Manufacturer: Linux 4.19.118-v8+ dwc_otg_hcd
[    1.049460] usb usb1: SerialNumber: 3f980000.usb
[    1.052781] hub 1-0:1.0: USB hub found
[    1.055274] hub 1-0:1.0: 1 port detected
[    1.058875] usbcore: registered new interface driver uas
[    1.061343] usbcore: registered new interface driver usb-storage
[    1.063877] mousedev: PS/2 mouse device common for all mice
[    1.067719] bcm2835-wdt bcm2835-wdt: Broadcom BCM2835 watchdog timer
[    1.071673] cpufreq: cpufreq_online: CPU0: Running at unlisted freq: 600000 KHz
[    1.076447] cpufreq: cpufreq_online: CPU0: Unlisted initial frequency changed to: 700000 KHz
[    1.079716] sdhci: Secure Digital Host Controller Interface driver
[    1.080807] sdhci: Copyright(c) Pierre Ossman
[    1.082180] sdhost-bcm2835 3f202000.mmc: could not get clk, deferring probe
[    1.083384] sdhci-pltfm: SDHCI platform and OF driver helper
[    1.085871] ledtrig-cpu: registered to indicate activity on CPUs
[    1.087096] hidraw: raw HID events driver (C) Jiri Kosina
[    1.088316] usbcore: registered new interface driver usbhid
[    1.089421] usbhid: USB HID core driver
[    1.091114] vchiq: vchiq_init_state: slot_zero = (____ptrval____), is_master = 0
[    1.095402] Initializing XFRM netlink socket
[    1.096545] NET: Registered protocol family 17
[    1.097705] Key type dns_resolver registered
[    1.099478] registered taskstats version 1
[    1.100582] Loading compiled-in X.509 certificates
[    1.107294] uart-pl011 3f201000.serial: cts_event_workaround enabled
[    1.108555] 3f201000.serial: ttyAMA0 at MMIO 0x3f201000 (irq = 66, base_baud = 0) is a PL011 rev2
[    2.109035] console [ttyAMA0] enabled
[    2.114791] bcm2835-power bcm2835-power: Broadcom BCM2835 power domains driver
[    2.124113] sdhost: log_buf @ (____ptrval____) (fad13000)
[    2.179801] mmc0: sdhost-bcm2835 loaded - DMA enabled (>1)
[    2.188099] of_cfs_init
[    2.191715] of_cfs_init: OK
[    2.217448] Waiting for root device PARTUUID=4c999877-02...
[    2.224438] Indeed it is in host mode hprt0 = 00021501
[    2.298400] mmc0: host does not support reading read-only switch, assuming write-enable
[    2.313987] mmc0: new high speed SDHC card at address aaaa
[    2.321771] mmcblk0: mmc0:aaaa SC16G 14.8 GiB
[    2.323173] random: fast init done
[    2.339629]  mmcblk0: p1 p2
[    2.360412] EXT4-fs (mmcblk0p2): INFO: recovery required on readonly filesystem
[    2.368893] EXT4-fs (mmcblk0p2): write access will be enabled during recovery
[    2.420377] usb 1-1: new high-speed USB device number 2 using dwc_otg
[    2.428114] Indeed it is in host mode hprt0 = 00001101
[    2.462809] EXT4-fs (mmcblk0p2): recovery complete
[    2.472516] EXT4-fs (mmcblk0p2): mounted filesystem with ordered data mode. Opts: (null)
[    2.482797] VFS: Mounted root (ext4 filesystem) readonly on device 179:2.
[    2.500669] devtmpfs: mounted
[    2.507727] Freeing unused kernel memory: 1024K
[    2.513449] Run /sbin/init as init process
[    2.644626] usb 1-1: New USB device found, idVendor=0424, idProduct=2514, bcdDevice= b.b3
[    2.655234] usb 1-1: New USB device strings: Mfr=0, Product=0, SerialNumber=0
[    2.664126] hub 1-1:1.0: USB hub found
[    2.669198] hub 1-1:1.0: 4 ports detected
[    2.960374] usb 1-1.1: new high-speed USB device number 3 using dwc_otg
[    3.068613] usb 1-1.1: New USB device found, idVendor=0424, idProduct=2514, bcdDevice= b.b3
[    3.079324] usb 1-1.1: New USB device strings: Mfr=0, Product=0, SerialNumber=0
[    3.088411] hub 1-1.1:1.0: USB hub found
[    3.093619] hub 1-1.1:1.0: 3 ports detected
[    3.150775] systemd[1]: System time before build time, advancing clock.
[    3.289686] NET: Registered protocol family 10
[    3.296195] Segment Routing with IPv6
[    3.345631] systemd[1]: systemd 241 running in system mode. (+PAM +AUDIT +SELINUX +IMA +APPARMOR +SMACK +SYSVINIT +UTMP +LIBCRYPTSETUP +GCRYPT +GNUTLS +ACL +XZ +LZ4 +SECCOMP +BL
KID +ELFUTILS +KMOD -IDN2 +IDN -PCRE2 default-hierarchy=hybrid)
[    3.371208] systemd[1]: Detected architecture arm64.
[    3.388454] systemd[1]: Set hostname to <raspberrypi>.
[    3.499684] uart-pl011 3f201000.serial: no DMA platform data
[    3.680372] usb 1-1.1.1: new high-speed USB device number 4 using dwc_otg
[    3.698316] random: crng init done
[    3.788813] usb 1-1.1.1: New USB device found, idVendor=0424, idProduct=7800, bcdDevice= 3.00
[    3.799856] usb 1-1.1.1: New USB device strings: Mfr=0, Product=0, SerialNumber=0
[    4.013171] systemd[1]: Listening on udev Kernel Socket.
[    4.022324] systemd[1]: Listening on Syslog Socket.
[    4.032447] systemd[1]: Created slice User and Session Slice.
[    4.041571] systemd[1]: Listening on initctl Compatibility Named Pipe.
[    4.051847] systemd[1]: Set up automount Arbitrary Executable File Formats File System Automount Point.
[    4.074091] lan78xx 1-1.1.1:1.0 (unnamed net_device) (uninitialized): No External EEPROM. Setting MAC Speed
[   53.760337] Unable to handle kernel paging request at virtual address fffbffc03591be20
[   53.769872] Mem abort info:
[   53.773452]   ESR = 0x96000004
[   53.777282]   Exception class = DABT (current EL), IL = 32 bits
[   53.784016]   SET = 0, FnV = 0
[   53.787856]   EA = 0, S1PTW = 0
[   53.791770] Data abort info:
[   53.795412]   ISV = 0, ISS = 0x00000004
[   53.800002]   CM = 0, WnR = 0
[   53.803705] [fffbffc03591be20] address between user and kernel address ranges
[   53.811655] Internal error: Oops: 96000004 [#1] PREEMPT SMP
[   53.818074] Modules linked in: cfg80211 rfkill 8021q garp stp llc binfmt_misc bcm2835_codec(C) bcm2835_v4l2(C) v4l2_mem2mem bcm2835_mmal_vchiq(C) v4l2_common videobuf2_vmalloc v
ideobuf2_dma_contig videobuf2_memops videobuf2_v4l2 videobuf2_common videodev media raspberrypi_hwmon hwmon vc_sm_cma(C) uio_pdrv_genirq uio ip_tables x_tables ipv6
[   53.853060] Process test (pid: 478, stack limit = 0x000000000f667889)
[   53.860595] CPU: 1 PID: 478 Comm: test Tainted: G         C        4.19.118-v8+ #1311
[   53.870647] Hardware name: Raspberry Pi 3 Model B Plus Rev 1.3 (DT)
[   53.878046] pstate: 80000085 (Nzcv daIf -PAN -UAO)
[   53.883950] pc : __hrtimer_run_queues+0xb0/0x380
[   53.889685] lr : __hrtimer_run_queues+0x368/0x380
[   53.895499] sp : ffffff800800be20
[   53.899897] x29: ffffff800800be20 x28: 0000000000000007 
[   53.906298] x27: ffffff8008cac018 x26: 0000000000000080 
[   53.912696] x25: ffffff8008cac018 x24: ffffff8008cc86d8 
[   53.919094] x23: 0000000000000001 x22: ffffffc03ab91780 
[   53.925485] x21: ffffffc03ab917c0 x20: ffffffc03ab91800 
[   53.931878] x19: fffbffc03591be00 x18: 0000000000000000 
[   53.938244] x17: 0000000000000000 x16: 0000000000000000 
[   53.944563] x15: 0000000000000000 x14: 0000000000000008 
[   53.950831] x13: 00000000000000cb x12: 003d090000000000 
[   53.957039] x11: 0000000000000000 x10: 00000000000000cb 
[   53.963188] x9 : ffffff8008911b08 x8 : ffffff8008cba140 
[   53.969302] x7 : 0000000000000020 x6 : ffffff8008911b0c 
[   53.975369] x5 : ffffffc038344c00 x4 : 0000000c84588000 
[   53.981413] x3 : ffffffc038344c00 x2 : 0000000c84588000 
[   53.987400] x1 : 0000000c841b7b65 x0 : 1627c553c01d0e29 
[   53.993366] Call trace:
[   53.996422]  __hrtimer_run_queues+0xb0/0x380
[   54.001302]  hrtimer_interrupt+0xf8/0x258
[   54.005915]  arch_timer_handler_phys+0x3c/0x50
[   54.010989]  handle_percpu_devid_irq+0xa4/0x2a0
[   54.016139]  generic_handle_irq+0x34/0x50
[   54.020767]  __handle_domain_irq+0x8c/0x100
[   54.025586]  bcm2836_arm_irqchip_handle_irq+0x68/0xd8
[   54.031305]  el0_irq_naked+0x50/0x5c
[   54.035545] Code: f9403ea0 8b000020 f9003ba0 b4000673 (f9401261) 
[   54.042353] ---[ end trace ba52614b92ca2190 ]---
[   54.047695] Kernel panic - not syncing: Fatal exception in interrupt
[   54.054827] SMP: stopping secondary CPUs
[   54.059542] Kernel Offset: disabled
[   54.063832] CPU features: 0x0,24002004
[   54.068397] Memory Limit: none
[   54.072251] ---[ end Kernel panic - not syncing: Fatal exception in interrupt ]---
