[    0.000000] Booting Linux on physical CPU 0x0
[    0.000000] Linux version 4.19.118-v7+ (dom@buildbot) (gcc version 4.9.3 (crosstool-NG crosstool-ng-1.22.0-88-g8460611)) #1311 SMP Mon Apr 27 14:21:24 BST 2020
[    0.000000] CPU: ARMv7 Processor [410fd034] revision 4 (ARMv7), cr=10c5383d
[    0.000000] CPU: div instructions available: patching division code
[    0.000000] CPU: PIPT / VIPT nonaliasing data cache, VIPT aliasing instruction cache
[    0.000000] OF: fdt: Machine model: Raspberry Pi 3 Model B Plus Rev 1.3
[    0.000000] Memory policy: Data cache writealloc
[    0.000000] cma: Reserved 256 MiB at 0x1ec00000
[    0.000000] random: get_random_bytes called from start_kernel+0xac/0x4b4 with crng_init=0
[    0.000000] percpu: Embedded 16 pages/cpu s36864 r8192 d20480 u65536
[    0.000000] Built 1 zonelists, mobility grouping on.  Total pages: 240555
[    0.000000] Kernel command line: coherent_pool=1M 8250.nr_uarts=1 snd_bcm2835.enable_compat_alsa=0 snd_bcm2835.enable_hdmi=1 snd_bcm2835.enable_headphones=1 cma=256M video=Composite-1:720x480@60,margin_left=32,mar
gin_right=32,margin_top=32,margin_bottom=32 vc_mem.mem_base=0x3ec00000 vc_mem.mem_size=0x40000000  dwc_otg.lpm_enable=0 console=ttyAMA0,115200 console=tty1 root=PARTUUID=4c999877-02 rootfstype=ext4 elevator=deadline
fsck.repair=yes rootwait
[    0.000000] Dentry cache hash table entries: 131072 (order: 7, 524288 bytes)
[    0.000000] Inode-cache hash table entries: 65536 (order: 6, 262144 bytes)
[    0.000000] Memory: 684616K/970752K available (8192K kernel code, 656K rwdata, 2232K rodata, 1024K init, 831K bss, 23992K reserved, 262144K cma-reserved)
[    0.000000] Virtual kernel memory layout:
[    0.000000]     vector  : 0xffff0000 - 0xffff1000   (   4 kB)
[    0.000000]     fixmap  : 0xffc00000 - 0xfff00000   (3072 kB)
[    0.000000]     vmalloc : 0xbb800000 - 0xff800000   (1088 MB)
[    0.000000]     lowmem  : 0x80000000 - 0xbb400000   ( 948 MB)
[    0.000000]     modules : 0x7f000000 - 0x80000000   (  16 MB)
[    0.000000]       .text : 0x(ptrval) - 0x(ptrval)   (9184 kB)
[    0.000000]       .init : 0x(ptrval) - 0x(ptrval)   (1024 kB)
[    0.000000]       .data : 0x(ptrval) - 0x(ptrval)   ( 657 kB)
[    0.000000]        .bss : 0x(ptrval) - 0x(ptrval)   ( 832 kB)
[    0.000000] SLUB: HWalign=64, Order=0-3, MinObjects=0, CPUs=4, Nodes=1
[    0.000000] ftrace: allocating 27093 entries in 80 pages
[    0.000000] rcu: Hierarchical RCU implementation.
[    0.000000] NR_IRQS: 16, nr_irqs: 16, preallocated irqs: 16
[    0.000000] arch_timer: cp15 timer(s) running at 19.20MHz (phys).
[    0.000000] clocksource: arch_sys_counter: mask: 0xffffffffffffff max_cycles: 0x46d987e47, max_idle_ns: 440795202767 ns
[    0.000007] sched_clock: 56 bits at 19MHz, resolution 52ns, wraps every 4398046511078ns
[    0.000023] Switching to timer-based delay loop, resolution 52ns
[    0.000277] Console: colour dummy device 80x30
[    0.000920] console [tty1] enabled
[    0.000979] Calibrating delay loop (skipped), value calculated using timer frequency.. 38.40 BogoMIPS (lpj=192000)
[    0.001023] pid_max: default: 32768 minimum: 301
[    0.001382] Mount-cache hash table entries: 2048 (order: 1, 8192 bytes)
[    0.001420] Mountpoint-cache hash table entries: 2048 (order: 1, 8192 bytes)
[    0.002380] CPU: Testing write buffer coherency: ok
[    0.002868] CPU0: thread -1, cpu 0, socket 0, mpidr 80000000
[    0.003556] Setting up static identity map for 0x100000 - 0x10003c
[    0.003724] rcu: Hierarchical SRCU implementation.
[    0.004559] smp: Bringing up secondary CPUs ...
[    0.005478] CPU1: thread -1, cpu 1, socket 0, mpidr 80000001
[    0.006455] CPU2: thread -1, cpu 2, socket 0, mpidr 80000002
[    0.007384] CPU3: thread -1, cpu 3, socket 0, mpidr 80000003
[    0.007498] smp: Brought up 1 node, 4 CPUs
[    0.007580] SMP: Total of 4 processors activated (153.60 BogoMIPS).
[    0.007604] CPU: All CPU(s) started in HYP mode.
[    0.007624] CPU: Virtualization extensions available.
[    0.008619] devtmpfs: initialized
[    0.022178] VFP support v0.3: implementor 41 architecture 3 part 40 variant 3 rev 4
[    0.022452] clocksource: jiffies: mask: 0xffffffff max_cycles: 0xffffffff, max_idle_ns: 19112604462750000 ns
[    0.022501] futex hash table entries: 1024 (order: 4, 65536 bytes)
[    0.033323] pinctrl core: initialized pinctrl subsystem
[    0.034326] NET: Registered protocol family 16
[    0.037644] DMA: preallocated 1024 KiB pool for atomic coherent allocations
[    0.043611] hw-breakpoint: found 5 (+1 reserved) breakpoint and 4 watchpoint registers.
[    0.043647] hw-breakpoint: maximum watchpoint size is 8 bytes.
[    0.043874] Serial: AMBA PL011 UART driver
[    0.046339] bcm2835-mbox 3f00b880.mailbox: mailbox enabled
[    0.060090] raspberrypi-firmware soc:firmware: Attached to firmware from 2020-04-15 11:43, variant start
[    0.070103] raspberrypi-firmware soc:firmware: Firmware hash is 82f9bb929ce2186eb1824178c1ae82902ad6275c
[    0.112917] bcm2835-dma 3f007000.dma: DMA legacy API manager at (ptrval), dmachans=0x1
[    0.114573] SCSI subsystem initialized
[    0.114817] usbcore: registered new interface driver usbfs
[    0.114892] usbcore: registered new interface driver hub
[    0.115005] usbcore: registered new device driver usb
[    0.116775] clocksource: Switched to clocksource arch_sys_counter
[    0.207526] VFS: Disk quotas dquot_6.6.0
[    0.207637] VFS: Dquot-cache hash table entries: 1024 (order 0, 4096 bytes)
[    0.207842] FS-Cache: Loaded
[    0.208068] CacheFiles: Loaded
[    0.208568] simple-framebuffer 3eaf0000.framebuffer: framebuffer at 0x3eaf0000, 0x10a800 bytes, mapped to 0x(ptrval)
[    0.208613] simple-framebuffer 3eaf0000.framebuffer: format=a8r8g8b8, mode=656x416x32, linelength=2624
[    0.213579] Console: switching to colour frame buffer device 82x26
[    0.220504] simple-framebuffer 3eaf0000.framebuffer: fb0: simplefb registered!
[    0.233063] NET: Registered protocol family 2
[    0.236673] tcp_listen_portaddr_hash hash table entries: 512 (order: 0, 6144 bytes)
[    0.242160] TCP established hash table entries: 8192 (order: 3, 32768 bytes)
[    0.245051] TCP bind hash table entries: 8192 (order: 4, 65536 bytes)
[    0.247993] TCP: Hash tables configured (established 8192 bind 8192)
[    0.250907] UDP hash table entries: 512 (order: 2, 16384 bytes)
[    0.253736] UDP-Lite hash table entries: 512 (order: 2, 16384 bytes)
[    0.256900] NET: Registered protocol family 1
[    0.260395] RPC: Registered named UNIX socket transport module.
[    0.263335] RPC: Registered udp transport module.
[    0.266193] RPC: Registered tcp transport module.
[    0.268984] RPC: Registered tcp NFSv4.1 backchannel transport module.
[    0.273633] hw perfevents: enabled with armv7_cortex_a7 PMU driver, 7 counters available
[    0.282360] Initialise system trusted keyrings
[    0.285330] workingset: timestamp_bits=14 max_order=18 bucket_order=4
[    0.298068] FS-Cache: Netfs 'nfs' registered for caching
[    0.301357] NFS: Registering the id_resolver key type
[    0.304054] Key type id_resolver registered
[    0.306647] Key type id_legacy registered
[    0.309176] nfs4filelayout_init: NFSv4 File Layout Driver Registering...
[    0.317223] Key type asymmetric registered
[    0.319711] Asymmetric key parser 'x509' registered
[    0.322173] Block layer SCSI generic (bsg) driver version 0.4 loaded (major 250)
[    0.327231] io scheduler noop registered
[    0.329628] io scheduler deadline registered (default)
[    0.332201] io scheduler cfq registered
[    0.334493] io scheduler mq-deadline registered (default)
[    0.336835] io scheduler kyber registered
[    0.342276] Serial: 8250/16550 driver, 1 ports, IRQ sharing enabled
[    0.346156] bcm2835-rng 3f104000.rng: hwrng registered
[    0.348930] vc-mem: phys_addr:0x00000000 mem_base=0x3ec00000 mem_size:0x40000000(1024 MiB)
[    0.354272] vc-sm: Videocore shared memory driver
[    0.357077] gpiomem-bcm2835 3f200000.gpiomem: Initialised: Registers at 0x3f200000
[    0.372710] brd: module loaded
[    0.385287] loop: module loaded
[    0.388372] Loading iSCSI transport class v2.0-870.
[    0.391535] libphy: Fixed MDIO Bus: probed
[    0.394051] usbcore: registered new interface driver lan78xx
[    0.396527] usbcore: registered new interface driver smsc95xx
[    0.398928] dwc_otg: version 3.00a 10-AUG-2012 (platform bus)
[    0.429100] dwc_otg 3f980000.usb: base=(ptrval)
[    0.631561] Core Release: 2.80a
[    0.633777] Setting default values for core params
[    0.636066] Finished setting default values for core params
[    0.838691] Using Buffer DMA mode
[    0.840992] Periodic Transfer Interrupt Enhancement - disabled
[    0.843385] Multiprocessor Interrupt Enhancement - disabled
[    0.845763] OTG VER PARAM: 0, OTG VER FLAG: 0
[    0.848140] Dedicated Tx FIFOs mode
[    0.851053] WARN::dwc_otg_hcd_init:1074: FIQ DMA bounce buffers: virt = 9ed04000 dma = 0xded04000 len=9024
[    0.855628] FIQ FSM acceleration enabled for :
[    0.855628] Non-periodic Split Transactions
[    0.855628] Periodic Split Transactions
[    0.855628] High-Speed Isochronous Endpoints
[    0.855628] Interrupt/Control Split Transaction hack enabled
[    0.866600] WARN::hcd_init_fiq:457: FIQ on core 1
[    0.868828] WARN::hcd_init_fiq:458: FIQ ASM at 8068fda0 length 36
[    0.871040] WARN::hcd_init_fiq:497: MPHI regs_base at bb810000
[    0.873300] dwc_otg 3f980000.usb: DWC OTG Controller
[    0.875564] dwc_otg 3f980000.usb: new USB bus registered, assigned bus number 1
[    0.877915] dwc_otg 3f980000.usb: irq 56, io mem 0x00000000
[    0.880217] Init: Port Power? op_state=1
[    0.882452] Init: Power Port (0)
[    0.884853] usb usb1: New USB device found, idVendor=1d6b, idProduct=0002, bcdDevice= 4.19
[    0.889372] usb usb1: New USB device strings: Mfr=3, Product=2, SerialNumber=1
[    0.891782] usb usb1: Product: DWC OTG Controller
[    0.894144] usb usb1: Manufacturer: Linux 4.19.118-v7+ dwc_otg_hcd
[    0.896567] usb usb1: SerialNumber: 3f980000.usb
[    0.899531] hub 1-0:1.0: USB hub found
[    0.901805] hub 1-0:1.0: 1 port detected
[    0.904905] usbcore: registered new interface driver usb-storage
[    0.907390] mousedev: PS/2 mouse device common for all mice
[    0.910551] bcm2835-wdt bcm2835-wdt: Broadcom BCM2835 watchdog timer
[    0.913204] bcm2835-cpufreq: min=600000 max=1400000
[    0.916042] sdhci: Secure Digital Host Controller Interface driver
[    0.918477] sdhci: Copyright(c) Pierre Ossman
[    0.921308] sdhost-bcm2835 3f202000.mmc: could not get clk, deferring probe
[    0.923977] sdhci-pltfm: SDHCI platform and OF driver helper
[    0.928093] ledtrig-cpu: registered to indicate activity on CPUs
[    0.930795] hidraw: raw HID events driver (C) Jiri Kosina
[    0.933499] usbcore: registered new interface driver usbhid
[    0.936040] usbhid: USB HID core driver
[    0.939370] vchiq: vchiq_init_state: slot_zero = (ptrval), is_master = 0
[    0.943489] [vc_sm_connected_init]: start
[    0.950527] [vc_sm_connected_init]: end - returning 0
[    0.954042] Initializing XFRM netlink socket
[    0.956426] NET: Registered protocol family 17
[    0.958904] Key type dns_resolver registered
[    0.961879] Registering SWP/SWPB emulation handler
[    0.964870] registered taskstats version 1
[    0.967270] Loading compiled-in X.509 certificates
[    0.976302] uart-pl011 3f201000.serial: cts_event_workaround enabled
[    0.978862] 3f201000.serial: ttyAMA0 at MMIO 0x3f201000 (irq = 81, base_baud = 0) is a PL011 rev2
[    2.000399] console [ttyAMA0] enabled
[    2.008565] sdhost: log_buf @ (ptrval) (ded03000)
[    2.064040] mmc0: sdhost-bcm2835 loaded - DMA enabled (>1)
[    2.073182] of_cfs_init
[    2.078076] of_cfs_init: OK
[    2.083625] Waiting for root device PARTUUID=4c999877-02...
[    2.116890] Indeed it is in host mode hprt0 = 00021501
[    2.213305] random: fast init done
[    2.227584] mmc0: host does not support reading read-only switch, assuming write-enable
[    2.246741] mmc0: new high speed SDHC card at address aaaa
[    2.255820] mmcblk0: mmc0:aaaa SL16G 14.8 GiB
[    2.268821]  mmcblk0: p1 p2
[    2.311284] EXT4-fs (mmcblk0p2): mounted filesystem with ordered data mode. Opts: (null)
[    2.324298] VFS: Mounted root (ext4 filesystem) readonly on device 179:2.
[    2.326820] usb 1-1: new high-speed USB device number 2 using dwc_otg
[    2.342983] Indeed it is in host mode hprt0 = 00001101
[    2.410906] devtmpfs: mounted
[    2.423699] Freeing unused kernel memory: 1024K
[    2.431118] Run /sbin/init as init process
[    2.587189] usb 1-1: New USB device found, idVendor=0424, idProduct=2514, bcdDevice= b.b3
[    2.600581] usb 1-1: New USB device strings: Mfr=0, Product=0, SerialNumber=0
[    2.611168] hub 1-1:1.0: USB hub found
[    2.617806] hub 1-1:1.0: 4 ports detected
[    2.936832] usb 1-1.1: new high-speed USB device number 3 using dwc_otg
[    3.077070] usb 1-1.1: New USB device found, idVendor=0424, idProduct=2514, bcdDevice= b.b3
[    3.090991] usb 1-1.1: New USB device strings: Mfr=0, Product=0, SerialNumber=0
[    3.101869] hub 1-1.1:1.0: USB hub found
[    3.108742] hub 1-1.1:1.0: 3 ports detected
[    3.133908] systemd[1]: System time before build time, advancing clock.
[    3.202993] systemd[1]: systemd 241 running in system mode. (+PAM +AUDIT +SELINUX +IMA +APPARMOR +SMACK +SYSVINIT +UTMP +LIBCRYPTSETUP +GCRYPT +GNUTLS +ACL +XZ +LZ4 +SECCOMP +BLKID +ELFUTILS +KMOD -IDN2 +IDN -PCRE
2 default-hierarchy=hybrid)
[    3.233657] systemd[1]: Detected architecture arm.
[    3.261811] systemd[1]: Set hostname to <raspberrypi>.
[    3.461369] uart-pl011 3f201000.serial: no DMA platform data
[    3.766825] usb 1-1.1.1: new high-speed USB device number 4 using dwc_otg
[    3.897254] usb 1-1.1.1: New USB device found, idVendor=0424, idProduct=7800, bcdDevice= 3.00
[    3.911217] usb 1-1.1.1: New USB device strings: Mfr=0, Product=0, SerialNumber=0
[    4.189121] lan78xx 1-1.1.1:1.0 (unnamed net_device) (uninitialized): No External EEPROM. Setting MAC Speed
[    4.205795] libphy: lan78xx-mdiobus: probed
[    4.234495] random: systemd: uninitialized urandom read (16 bytes read)
[    4.237065] lan78xx 1-1.1.1:1.0 (unnamed net_device) (uninitialized): int urb period 64
[    4.255380] random: systemd: uninitialized urandom read (16 bytes read)
[    4.268212] systemd[1]: Started Forward Password Requests to Wall Directory Watch.
[    4.285410] random: systemd: uninitialized urandom read (16 bytes read)
[    4.295364] systemd[1]: Started Dispatch Password Requests to Console Directory Watch.
[    4.326405] systemd[1]: Condition check resulted in Journal Audit Socket being skipped.
[    4.341800] systemd[1]: Listening on fsck to fsckd communication Socket.
[    4.356476] systemd[1]: Listening on Journal Socket.
[    4.377534] systemd[1]: Mounting Kernel Debug File System...
[    4.390595] systemd[1]: Condition check resulted in Kernel Module supporting RPCSEC_GSS being skipped.

Raspbian GNU/Linux 10 raspberrypi ttyAMA0

raspberrypi login: [ 4026.094332] Kernel panic - not syncing: System is deadlocked on memory
[ 4026.094332]
[ 4026.106479] CPU: 1 PID: 25226 Comm: stress-ng-matri Not tainted 4.19.118-v7+ #1311
[ 4026.118665] Hardware name: BCM2835
[ 4026.124553] [<801120c8>] (unwind_backtrace) from [<8010d5fc>] (show_stack+0x20/0x24)
[ 4026.137529] [<8010d5fc>] (show_stack) from [<80856da8>] (dump_stack+0xe0/0x124)
[ 4026.147658] [<80856da8>] (dump_stack) from [<80120ee8>] (panic+0x104/0x288)
[ 4026.157432] [<80120ee8>] (panic) from [<80261cb8>] (pagefault_out_of_memory+0x0/0xa0)
[ 4026.170940] [<80261cb8>] (pagefault_out_of_memory) from [<80267ed8>] (__alloc_pages_nodemask+0x1020/0x1174)
[ 4026.186744] [<80267ed8>] (__alloc_pages_nodemask) from [<80297594>] (__pte_alloc+0x34/0x1b4)
[ 4026.201671] [<80297594>] (__pte_alloc) from [<8029b6f0>] (handle_mm_fault+0xce4/0xd68)
[ 4026.216480] [<8029b6f0>] (handle_mm_fault) from [<802954b0>] (__get_user_pages+0x140/0x518)
[ 4026.232163] [<802954b0>] (__get_user_pages) from [<80295f5c>] (populate_vma_page_range+0x84/0x8c)
[ 4026.248772] [<80295f5c>] (populate_vma_page_range) from [<80296020>] (__mm_populate+0xbc/0x168)
[ 4026.265412] [<80296020>] (__mm_populate) from [<80282ad0>] (vm_mmap_pgoff+0xe4/0xec)
[ 4026.281340] [<80282ad0>] (vm_mmap_pgoff) from [<8029ecd8>] (ksys_mmap_pgoff+0x64/0xc8)
[ 4026.297649] [<8029ecd8>] (ksys_mmap_pgoff) from [<8029ed68>] (sys_mmap_pgoff+0x2c/0x34)
[ 4026.314177] [<8029ed68>] (sys_mmap_pgoff) from [<80101000>] (ret_fast_syscall+0x0/0x28)
[ 4026.330882] Exception stack(0xb0dd9fa8 to 0xb0dd9ff0)
[ 4026.340298] 9fa0:                   ffffffff 00000000 00000000 04000000 00000003 00008022
[ 4026.357087] 9fc0: ffffffff 00000000 00001000 000000c0 00000000 00000000 6e601000 ffffffff
[ 4026.373991] 9fe0: 00000000 7eac6b28 00000000 76cefd30
[ 4026.383395] CPU0: stopping
[ 4026.390258] CPU: 0 PID: 47 Comm: kswapd0 Not tainted 4.19.118-v7+ #1311
[ 4026.401051] Hardware name: BCM2835
[ 4026.408536] [<801120c8>] (unwind_backtrace) from [<8010d5fc>] (show_stack+0x20/0x24)
[ 4026.424401] [<8010d5fc>] (show_stack) from [<80856da8>] (dump_stack+0xe0/0x124)
[ 4026.435864] [<80856da8>] (dump_stack) from [<801104e0>] (handle_IPI+0x388/0x3a8)
[ 4026.451220] [<801104e0>] (handle_IPI) from [<801021f4>] (bcm2836_arm_irqchip_handle_irq+0xa0/0xa4)
[ 4026.468173] [<801021f4>] (bcm2836_arm_irqchip_handle_irq) from [<801019bc>] (__irq_svc+0x5c/0x7c)
[ 4026.485025] Exception stack(0xba7edd80 to 0xba7eddc8)
[ 4026.494039] dd80: 80d1b2fc 00000000 00000001 00000000 ba7edf14 b8412800 00000000 80d04d48
[ 4026.510031] dda0: ba7ede90 80d8c2c0 00000000 ba7edddc 00000000 ba7eddd0 80276188 80177544
[ 4026.526011] ddc0: 60000113 ffffffff
[ 4026.533301] [<801019bc>] (__irq_svc) from [<80177544>] (down_read_trylock+0x44/0x78)
[ 4026.548666] [<80177544>] (down_read_trylock) from [<80276188>] (shrink_slab+0x1c0/0x3bc)
[ 4026.564519] [<80276188>] (shrink_slab) from [<8027a04c>] (shrink_node+0x114/0x50c)
[ 4026.579890] [<8027a04c>] (shrink_node) from [<8027b504>] (kswapd+0x368/0x87c)
[ 4026.591069] [<8027b504>] (kswapd) from [<80142b10>] (kthread+0x138/0x168)
[ 4026.601929] [<80142b10>] (kthread) from [<801010ac>] (ret_from_fork+0x14/0x28)
[ 4026.613231] Exception stack(0xba7edfb0 to 0xba7edff8)
[ 4026.622324] dfa0:                                     00000000 00000000 00000000 00000000
[ 4026.638466] dfc0: 00000000 00000000 00000000 00000000 00000000 00000000 00000000 00000000
[ 4026.654585] dfe0: 00000000 00000000 00000000 00000000 00000013 00000000
[ 4026.665250] CPU3: stopping
[ 4026.671890] CPU: 3 PID: 8541 Comm: kworker/3:2H Not tainted 4.19.118-v7+ #1311
[ 4026.683111] Hardware name: BCM2835
[ 4026.690405] Workqueue: kblockd blk_mq_run_work_fn
[ 4026.698960] [<801120c8>] (unwind_backtrace) from [<8010d5fc>] (show_stack+0x20/0x24)
[ 4026.714422] [<8010d5fc>] (show_stack) from [<80856da8>] (dump_stack+0xe0/0x124)
[ 4026.725698] [<80856da8>] (dump_stack) from [<801104e0>] (handle_IPI+0x388/0x3a8)
[ 4026.740701] [<801104e0>] (handle_IPI) from [<801021f4>] (bcm2836_arm_irqchip_handle_irq+0xa0/0xa4)
[ 4026.757510] [<801021f4>] (bcm2836_arm_irqchip_handle_irq) from [<801019bc>] (__irq_svc+0x5c/0x7c)
[ 4026.774242] Exception stack(0x81d57c60 to 0x81d57ca8)
[ 4026.783194] 7c60: 00000000 00002000 80e1c4a0 bab6b9d0 00000016 00005000 00000000 0000000b
[ 4026.799073] 7c80: 00001000 00000000 b9f5c8a0 81d57d0c baf298ac 81d57cb0 00001000 80505158
[ 4026.814973] 7ca0: 80000113 ffffffff
[ 4026.822289] [<801019bc>] (__irq_svc) from [<80505158>] (blk_rq_map_sg+0x1bc/0x5ac)
[ 4026.837534] [<80505158>] (blk_rq_map_sg) from [<806d73c8>] (mmc_queue_map_sg+0x28/0x2c)
[ 4026.853393] [<806d73c8>] (mmc_queue_map_sg) from [<806d2ef0>] (mmc_blk_data_prep+0x1d8/0x300)
[ 4026.869818] [<806d2ef0>] (mmc_blk_data_prep) from [<806d3068>] (mmc_blk_rw_rq_prep+0x50/0x1ac)
[ 4026.886456] [<806d3068>] (mmc_blk_rw_rq_prep) from [<806d670c>] (mmc_blk_mq_issue_rq+0x5d0/0x89c)
[ 4026.903513] [<806d670c>] (mmc_blk_mq_issue_rq) from [<806d6efc>] (mmc_mq_queue_rq+0x1a8/0x27c)
[ 4026.920426] [<806d6efc>] (mmc_mq_queue_rq) from [<8050af08>] (blk_mq_dispatch_rq_list+0xec/0x5ac)
[ 4026.937680] [<8050af08>] (blk_mq_dispatch_rq_list) from [<8050fb6c>] (blk_mq_do_dispatch_sched+0x84/0x10c)
[ 4026.955811] [<8050fb6c>] (blk_mq_do_dispatch_sched) from [<805102dc>] (blk_mq_sched_dispatch_requests+0x120/0x18c)
[ 4026.974658] [<805102dc>] (blk_mq_sched_dispatch_requests) from [<80509420>] (__blk_mq_run_hw_queue+0xb0/0x15c)
[ 4026.993204] [<80509420>] (__blk_mq_run_hw_queue) from [<805096e4>] (blk_mq_run_work_fn+0x28/0x2c)
[ 4027.010690] [<805096e4>] (blk_mq_run_work_fn) from [<8013c498>] (process_one_work+0x170/0x458)
[ 4027.027926] [<8013c498>] (process_one_work) from [<8013c7dc>] (worker_thread+0x5c/0x5a4)
[ 4027.044823] [<8013c7dc>] (worker_thread) from [<80142b10>] (kthread+0x138/0x168)
[ 4027.061023] [<80142b10>] (kthread) from [<801010ac>] (ret_from_fork+0x14/0x28)
[ 4027.072733] Exception stack(0x81d57fb0 to 0x81d57ff8)
[ 4027.082197] 7fa0:                                     00000000 00000000 00000000 00000000
[ 4027.099033] 7fc0: 00000000 00000000 00000000 00000000 00000000 00000000 00000000 00000000
[ 4027.115774] 7fe0: 00000000 00000000 00000000 00000000 00000013 00000000
[ 4027.126711] CPU2: stopping
[ 4027.133621] CPU: 2 PID: 0 Comm: swapper/2 Not tainted 4.19.118-v7+ #1311
[ 4027.144565] Hardware name: BCM2835
[ 4027.152109] [<801120c8>] (unwind_backtrace) from [<8010d5fc>] (show_stack+0x20/0x24)
[ 4027.168100] [<8010d5fc>] (show_stack) from [<80856da8>] (dump_stack+0xe0/0x124)
[ 4027.179624] [<80856da8>] (dump_stack) from [<801104e0>] (handle_IPI+0x388/0x3a8)
[ 4027.195106] [<801104e0>] (handle_IPI) from [<801021f4>] (bcm2836_arm_irqchip_handle_irq+0xa0/0xa4)
[ 4027.212184] [<801021f4>] (bcm2836_arm_irqchip_handle_irq) from [<801019bc>] (__irq_svc+0x5c/0x7c)
[ 4027.229166] Exception stack(0xba52ff38 to 0xba52ff80)
[ 4027.238238] ff20:                                                       80109ae4 00000000
[ 4027.254194] ff40: 40000193 40000193 80d04d70 ba52e000 80d04db8 00000004 80d8fb3e 410fd034
[ 4027.270023] ff60: 00000000 ba52ff94 80d0517c ba52ff88 00000000 80109ae8 40000113 ffffffff
[ 4027.285842] [<801019bc>] (__irq_svc) from [<80109ae8>] (arch_cpu_idle+0x34/0x4c)
[ 4027.300925] [<80109ae8>] (arch_cpu_idle) from [<80873e74>] (default_idle_call+0x34/0x48)
[ 4027.316895] [<80873e74>] (default_idle_call) from [<80152eb8>] (do_idle+0xec/0x16c)
[ 4027.332454] [<80152eb8>] (do_idle) from [<801531f8>] (cpu_startup_entry+0x28/0x2c)
[ 4027.348065] [<801531f8>] (cpu_startup_entry) from [<8010fee4>] (secondary_start_kernel+0x134/0x140)
[ 4027.365309] [<8010fee4>] (secondary_start_kernel) from [<0010270c>] (0x10270c)
[ 4027.376722] ---[ end Kernel panic - not syncing: System is deadlocked on memory
[ 4027.376722]  ]---
