[    0.000000] Booting Linux on physical CPU 0x0000000000 [0x410fd034]
[    0.000000] Linux version 4.19.118-v8+ (dom@buildbot) (gcc version 5.4.0 20160609 (Ubuntu/Linaro 5.4.0-6ubuntu1~16.04.9)) #1311 SMP PREEMPT Mon Apr 27 14:32:38 BST 2020
[    0.000000] Machine model: Raspberry Pi 3 Model B Plus Rev 1.3
[    0.000000] efi: Getting EFI parameters from FDT:
[    0.000000] efi: UEFI not found.
[    0.000000] cma: Reserved 8 MiB at 0x000000003ac00000
[    0.000000] random: get_random_bytes called from start_kernel+0xb8/0x47c with crng_init=0
[    0.000000] percpu: Embedded 24 pages/cpu s58840 r8192 d31272 u98304
[    0.000000] Detected VIPT I-cache on CPU0
[    0.000000] CPU features: enabling workaround for ARM erratum 843419
[    0.000000] CPU features: enabling workaround for ARM erratum 845719
[    0.000000] Built 1 zonelists, mobility grouping on.  Total pages: 238896
[    0.000000] Kernel command line: coherent_pool=1M 8250.nr_uarts=1 snd_bcm2835.enable_compat_alsa=0 snd_bcm2835.enable_hdmi=1 snd_bcm2835.enable_headphones=1 bcm2708_fb.fbwidth=6
56 bcm2708_fb.fbheight=416 bcm2708_fb.fbswap=1 vc_mem.mem_base=0x3ec00000 vc_mem.mem_size=0x40000000  dwc_otg.lpm_enable=0 console=ttyAMA0,115200 console=tty1 root=PARTUUID=4c99987
7-02 rootfstype=ext4 elevator=deadline fsck.repair=yes rootwait
[    0.000000] Dentry cache hash table entries: 131072 (order: 8, 1048576 bytes)
[    0.000000] Inode-cache hash table entries: 65536 (order: 7, 524288 bytes)
[    0.000000] Memory: 929092K/970752K available (8700K kernel code, 1074K rwdata, 2760K rodata, 1024K init, 1126K bss, 33468K reserved, 8192K cma-reserved)
[    0.000000] SLUB: HWalign=64, Order=0-3, MinObjects=0, CPUs=4, Nodes=1
[    0.000000] ftrace: allocating 30496 entries in 120 pages
[    0.000000] rcu: Preemptible hierarchical RCU implementation.
[    0.000000] rcu:     RCU restricting CPUs from NR_CPUS=64 to nr_cpu_ids=4.
[    0.000000]  Tasks RCU enabled.
[    0.000000] rcu: Adjusting geometry for rcu_fanout_leaf=16, nr_cpu_ids=4
[    0.000000] NR_IRQS: 64, nr_irqs: 64, preallocated irqs: 0
[    0.000000] arch_timer: cp15 timer(s) running at 19.20MHz (phys).
[    0.000000] clocksource: arch_sys_counter: mask: 0xffffffffffffff max_cycles: 0x46d987e47, max_idle_ns: 440795202767 ns
[    0.000007] sched_clock: 56 bits at 19MHz, resolution 52ns, wraps every 4398046511078ns
[    0.000270] Console: colour dummy device 80x25
[    0.000935] console [tty1] enabled
[    0.001004] Calibrating delay loop (skipped), value calculated using timer frequency.. 38.40 BogoMIPS (lpj=76800)
[    0.001057] pid_max: default: 32768 minimum: 301
[    0.001491] Mount-cache hash table entries: 2048 (order: 2, 16384 bytes)
[    0.001547] Mountpoint-cache hash table entries: 2048 (order: 2, 16384 bytes)
[    0.024102] ASID allocator initialised with 32768 entries
[    0.032099] rcu: Hierarchical SRCU implementation.
[    0.040735] EFI services will not be available.
[    0.048176] smp: Bringing up secondary CPUs ...
[    0.080440] Detected VIPT I-cache on CPU1
[    0.080508] CPU1: Booted secondary processor 0x0000000001 [0x410fd034]
[    0.112565] Detected VIPT I-cache on CPU2
[    0.112615] CPU2: Booted secondary processor 0x0000000002 [0x410fd034]
[    0.144731] Detected VIPT I-cache on CPU3
[    0.144778] CPU3: Booted secondary processor 0x0000000003 [0x410fd034]
[    0.144962] smp: Brought up 1 node, 4 CPUs
[    0.145115] SMP: Total of 4 processors activated.
[    0.145150] CPU features: detected: 32-bit EL0 Support
[    0.146121] CPU: All CPU(s) started at EL2
[    0.146195] alternatives: patching kernel code
[    0.147818] devtmpfs: initialized
[    0.164109] Enabled cp15_barrier support
[    0.164175] Enabled setend support
[    0.164755] clocksource: jiffies: mask: 0xffffffff max_cycles: 0xffffffff, max_idle_ns: 7645041785100000 ns
[    0.164816] futex hash table entries: 1024 (order: 4, 65536 bytes)
[    0.165533] pinctrl core: initialized pinctrl subsystem
[    0.166428] DMI not present or invalid.
[    0.166997] NET: Registered protocol family 16
[    0.173455] cpuidle: using governor menu
[    0.174083] hw-breakpoint: found 6 breakpoint and 4 watchpoint registers.
[    0.178764] DMA: preallocated 1024 KiB pool for atomic allocations
[    0.178944] Serial: AMBA PL011 UART driver
[    0.183540] bcm2835-mbox 3f00b880.mailbox: mailbox enabled
[    0.192921] raspberrypi-firmware soc:firmware: Attached to firmware from 2020-04-15 11:43, variant start
[    0.196940] raspberrypi-firmware soc:firmware: Firmware hash is 82f9bb929ce2186eb1824178c1ae82902ad6275c
[    0.245793] bcm2835-dma 3f007000.dma: DMA legacy API manager at (____ptrval____), dmachans=0x1
[    0.249091] vgaarb: loaded
[    0.249677] SCSI subsystem initialized
[    0.249975] usbcore: registered new interface driver usbfs
[    0.250070] usbcore: registered new interface driver hub
[    0.250251] usbcore: registered new device driver usb
[    0.250408] pps_core: LinuxPPS API ver. 1 registered
[    0.250441] pps_core: Software ver. 5.3.6 - Copyright 2005-2007 Rodolfo Giometti <giometti@linux.it>
[    0.250510] PTP clock support registered
[    0.252308] clocksource: Switched to clocksource arch_sys_counter
[    0.377496] VFS: Disk quotas dquot_6.6.0
[    0.377636] VFS: Dquot-cache hash table entries: 512 (order 0, 4096 bytes)
[    0.377870] FS-Cache: Loaded
[    0.378133] CacheFiles: Loaded
[    0.390188] NET: Registered protocol family 2
[    0.391153] tcp_listen_portaddr_hash hash table entries: 512 (order: 1, 8192 bytes)
[    0.391229] TCP established hash table entries: 8192 (order: 4, 65536 bytes)
[    0.391373] TCP bind hash table entries: 8192 (order: 5, 131072 bytes)
[    0.391591] TCP: Hash tables configured (established 8192 bind 8192)
[    0.391874] UDP hash table entries: 512 (order: 2, 16384 bytes)
[    0.391951] UDP-Lite hash table entries: 512 (order: 2, 16384 bytes)
[    0.392380] NET: Registered protocol family 1
[    0.393337] RPC: Registered named UNIX socket transport module.
[    0.393374] RPC: Registered udp transport module.
[    0.393404] RPC: Registered tcp transport module.
[    0.393434] RPC: Registered tcp NFSv4.1 backchannel transport module.
[    0.396124] hw perfevents: enabled with armv8_cortex_a53 PMU driver, 7 counters available
[    0.396387] kvm [1]: 8-bit VMID
[    0.397226] kvm [1]: Hyp mode initialized successfully
[    0.402147] Initialise system trusted keyrings
[    0.402498] workingset: timestamp_bits=46 max_order=18 bucket_order=0
[    0.414794] FS-Cache: Netfs 'nfs' registered for caching
[    0.419878] NFS: Registering the id_resolver key type
[    0.419955] Key type id_resolver registered
[    0.419986] Key type id_legacy registered
[    0.420029] nfs4filelayout_init: NFSv4 File Layout Driver Registering...
[    0.427766] Key type asymmetric registered
[    0.427814] Asymmetric key parser 'x509' registered
[    0.427917] Block layer SCSI generic (bsg) driver version 0.4 loaded (major 248)
[    0.432245] io scheduler noop registered
[    0.432279] io scheduler deadline registered (default)
[    0.432588] io scheduler cfq registered
[    0.432622] io scheduler mq-deadline registered (default)
[    0.432655] io scheduler kyber registered
[    0.436063] bcm2708_fb soc:fb: FB found 1 display(s)
[    0.446915] Console: switching to colour frame buffer device 82x26
[    0.451859] bcm2708_fb soc:fb: Registered framebuffer for display 0, size 656x416
[    0.459192] Serial: 8250/16550 driver, 1 ports, IRQ sharing enabled
[    0.463677] bcm2835-rng 3f104000.rng: hwrng registered
[    0.466665] vc-mem: phys_addr:0x00000000 mem_base=0x3ec00000 mem_size:0x40000000(1024 MiB)
[    0.472484] gpiomem-bcm2835 3f200000.gpiomem: Initialised: Registers at 0x3f200000
[    0.478009] cacheinfo: Unable to detect cache hierarchy for CPU 0
[    0.496777] brd: module loaded
[    0.514946] loop: module loaded
[    0.518706] Loading iSCSI transport class v2.0-870.
[    0.524084] libphy: Fixed MDIO Bus: probed
[    0.527053] usbcore: registered new interface driver r8152
[    0.529705] usbcore: registered new interface driver lan78xx
[    0.532328] usbcore: registered new interface driver smsc95xx
[    0.535180] dwc_otg: version 3.00a 10-AUG-2012 (platform bus)
[    0.565729] dwc_otg 3f980000.usb: base=(____ptrval____)
[    0.781566] Core Release: 2.80a
[    0.784055] Setting default values for core params
[    0.786604] Finished setting default values for core params
[    1.002715] Using Buffer DMA mode
[    1.005122] Periodic Transfer Interrupt Enhancement - disabled
[    1.007540] Multiprocessor Interrupt Enhancement - disabled
[    1.009970] OTG VER PARAM: 0, OTG VER FLAG: 0
[    1.012329] Dedicated Tx FIFOs mode
[    1.015488] WARN::dwc_otg_hcd_init:1074: FIQ DMA bounce buffers: virt = ffffff80090c1000 dma = 0x00000000fad14000 len=9024
[    1.020005] FIQ FSM acceleration enabled for :
[    1.020005] Non-periodic Split Transactions
[    1.020005] Periodic Split Transactions
[    1.020005] High-Speed Isochronous Endpoints
[    1.020005] Interrupt/Control Split Transaction hack enabled
[    1.030789] WARN::hcd_init_fiq:497: MPHI regs_base at ffffff800805d000
[    1.033099] dwc_otg 3f980000.usb: DWC OTG Controller
[    1.035411] dwc_otg 3f980000.usb: new USB bus registered, assigned bus number 1
[    1.037890] dwc_otg 3f980000.usb: irq 9, io mem 0x00000000
[    1.040317] Init: Port Power? op_state=1
[    1.042641] Init: Power Port (0)
[    1.045336] usb usb1: New USB device found, idVendor=1d6b, idProduct=0002, bcdDevice= 4.19
[    1.050086] usb usb1: New USB device strings: Mfr=3, Product=2, SerialNumber=1
[    1.052643] usb usb1: Product: DWC OTG Controller
[    1.055121] usb usb1: Manufacturer: Linux 4.19.118-v8+ dwc_otg_hcd
[    1.057648] usb usb1: SerialNumber: 3f980000.usb
[    1.060943] hub 1-0:1.0: USB hub found
[    1.063439] hub 1-0:1.0: 1 port detected
[    1.067091] usbcore: registered new interface driver uas
[    1.069558] usbcore: registered new interface driver usb-storage
[    1.072088] mousedev: PS/2 mouse device common for all mice
[    1.075933] bcm2835-wdt bcm2835-wdt: Broadcom BCM2835 watchdog timer
[    1.079877] cpufreq: cpufreq_online: CPU0: Running at unlisted freq: 600000 KHz
[    1.084633] cpufreq: cpufreq_online: CPU0: Unlisted initial frequency changed to: 700000 KHz
[    1.087899] sdhci: Secure Digital Host Controller Interface driver
[    1.088995] sdhci: Copyright(c) Pierre Ossman
[    1.090357] sdhost-bcm2835 3f202000.mmc: could not get clk, deferring probe
[    1.091562] sdhci-pltfm: SDHCI platform and OF driver helper
[    1.094033] ledtrig-cpu: registered to indicate activity on CPUs
[    1.095256] hidraw: raw HID events driver (C) Jiri Kosina
[    1.096491] usbcore: registered new interface driver usbhid
[    1.097575] usbhid: USB HID core driver
[    1.099257] vchiq: vchiq_init_state: slot_zero = (____ptrval____), is_master = 0
[    1.103533] Initializing XFRM netlink socket
[    1.104674] NET: Registered protocol family 17
[    1.105833] Key type dns_resolver registered
[    1.107597] registered taskstats version 1
[    1.108707] Loading compiled-in X.509 certificates
[    1.115447] uart-pl011 3f201000.serial: cts_event_workaround enabled
[    1.116705] 3f201000.serial: ttyAMA0 at MMIO 0x3f201000 (irq = 66, base_baud = 0) is a PL011 rev2
[    2.117185] console [ttyAMA0] enabled
[    2.122943] bcm2835-power bcm2835-power: Broadcom BCM2835 power domains driver
[    2.132184] sdhost: log_buf @ (____ptrval____) (fad13000)
[    2.187376] mmc0: sdhost-bcm2835 loaded - DMA enabled (>1)
[    2.195683] of_cfs_init
[    2.199299] of_cfs_init: OK
[    2.225020] Waiting for root device PARTUUID=4c999877-02...
[    2.232455] Indeed it is in host mode hprt0 = 00021501
[    2.306355] mmc0: host does not support reading read-only switch, assuming write-enable
[    2.321927] mmc0: new high speed SDHC card at address aaaa
[    2.329716] mmcblk0: mmc0:aaaa SC16G 14.8 GiB
[    2.339814]  mmcblk0: p1 p2
[    2.341437] random: fast init done
[    2.360392] EXT4-fs (mmcblk0p2): INFO: recovery required on readonly filesystem
[    2.368835] EXT4-fs (mmcblk0p2): write access will be enabled during recovery
[    2.387505] EXT4-fs (mmcblk0p2): recovery complete
[    2.410452] EXT4-fs (mmcblk0p2): mounted filesystem with ordered data mode. Opts: (null)
[    2.420740] VFS: Mounted root (ext4 filesystem) readonly on device 179:2.
[    2.428323] usb 1-1: new high-speed USB device number 2 using dwc_otg
[    2.436322] Indeed it is in host mode hprt0 = 00001101
[    2.448995] devtmpfs: mounted
[    2.456001] Freeing unused kernel memory: 1024K
[    2.461692] Run /sbin/init as init process
[    2.652597] usb 1-1: New USB device found, idVendor=0424, idProduct=2514, bcdDevice= b.b3
[    2.663098] usb 1-1: New USB device strings: Mfr=0, Product=0, SerialNumber=0
[    2.671939] hub 1-1:1.0: USB hub found
[    2.676981] hub 1-1:1.0: 4 ports detected
[    2.968333] usb 1-1.1: new high-speed USB device number 3 using dwc_otg
[    3.076600] usb 1-1.1: New USB device found, idVendor=0424, idProduct=2514, bcdDevice= b.b3
[    3.087299] usb 1-1.1: New USB device strings: Mfr=0, Product=0, SerialNumber=0
[    3.096370] hub 1-1.1:1.0: USB hub found
[    3.101670] hub 1-1.1:1.0: 3 ports detected
[    3.101871] systemd[1]: System time before build time, advancing clock.
[    3.246220] NET: Registered protocol family 10
[    3.252783] Segment Routing with IPv6
[    3.302106] systemd[1]: systemd 241 running in system mode. (+PAM +AUDIT +SELINUX +IMA +APPARMOR +SMACK +SYSVINIT +UTMP +LIBCRYPTSETUP +GCRYPT +GNUTLS +ACL +XZ +LZ4 +SECCOMP +BL
KID +ELFUTILS +KMOD -IDN2 +IDN -PCRE2 default-hierarchy=hybrid)
[    3.327715] systemd[1]: Detected architecture arm64.
[    3.344988] systemd[1]: Set hostname to <raspberrypi>.
[    3.422251] uart-pl011 3f201000.serial: no DMA platform data
[    3.642478] random: crng init done
[    3.708338] usb 1-1.1.1: new high-speed USB device number 4 using dwc_otg
[    3.816790] usb 1-1.1.1: New USB device found, idVendor=0424, idProduct=7800, bcdDevice= 3.00
[    3.827763] usb 1-1.1.1: New USB device strings: Mfr=0, Product=0, SerialNumber=0
[    3.966186] systemd[1]: Reached target Swap.
[    3.977926] systemd[1]: Created slice system-serial\x2dgetty.slice.
[    3.989262] systemd[1]: Created slice User and Session Slice.
[    3.998358] systemd[1]: Reached target Slices.
[    4.006313] systemd[1]: Listening on udev Kernel Socket.
[    4.015638] systemd[1]: Created slice system-getty.slice.
[    4.024365] systemd[1]: Listening on Syslog Socket.
[    4.105145] lan78xx 1-1.1.1:1.0 (unnamed net_device) (uninitialized): No External EEPROM. Setting MAC Speed
[    4.106096] libphy: lan78xx-mdiobus: probed
[    4.164208] lan78xx 1-1.1.1:1.0 (unnamed net_device) (uninitialized): int urb period 64
[    7.336298] Unable to handle kernel paging request at virtual address efffff8030000490
[    7.346094] Mem abort info:
[    7.349773]   ESR = 0x96000004
[    7.353695]   Exception class = DABT (current EL), IL = 32 bits
[    7.360530]   SET = 0, FnV = 0
[    7.364490]   EA = 0, S1PTW = 0
[    7.368531] Data abort info:
[    7.372304]   ISV = 0, ISS = 0x00000004
[    7.377032]   CM = 0, WnR = 0
[    7.380886] [efffff8030000490] address between user and kernel address ranges
[    7.388979] Internal error: Oops: 96000004 [#1] PREEMPT SMP
[    7.395527] Modules linked in: cfg80211 rfkill 8021q garp stp llc binfmt_misc bcm2835_codec(C) bcm2835_v4l2(C) v4l2_mem2mem bcm2835_mmal_vchiq(C) videobuf2_dma_contig v4l2_commo
n videobuf2_vmalloc videobuf2_memops videobuf2_v4l2 videobuf2_common videodev media raspberrypi_hwmon hwmon vc_sm_cma(C) uio_pdrv_genirq uio ip_tables x_tables ipv6
[    7.431006] Process swapper/1 (pid: 0, stack limit = 0x0000000004cb39da)
[    7.438848] CPU: 1 PID: 0 Comm: swapper/1 Tainted: G         C        4.19.118-v8+ #1311
[    7.449196] Hardware name: Raspberry Pi 3 Model B Plus Rev 1.3 (DT)
[    7.456604] pstate: 60000085 (nZCv daIf -PAN -UAO)
[    7.462510] pc : __radix_tree_lookup+0x18/0xa8
[    7.468065] lr : radix_tree_lookup+0x14/0x20
[    7.473460] sp : ffffff800800bf50
[    7.477875] x29: ffffff800800bf50 x28: ffffffc039599d00 
[    7.484288] x27: ffffff8008efbdc0 x26: ffffffc039404300 
[    7.490703] x25: 0000000000000001 x24: 0000000000000000 
[    7.497129] x23: ffffff8008b22000 x22: ffffff8008ad2000 
[    7.503549] x21: 0000000000000093 x20: 0000000000000000 
[    7.509980] x19: 0000000000000093 x18: 0000000000000003 
[    7.516359] x17: 00000000000104c6 x16: 0000000000000000 
[    7.522691] x15: ffffff8008b63000 x14: 0000004100000000 
[    7.528981] x13: 0000000000000000 x12: ffffffbf00d130c0 
[    7.535225] x11: 0000000000000400 x10: 0000000000001930 
[    7.541422] x9 : ffffff8008efbe70 x8 : 0000000000000040 
[    7.547573] x7 : ffffff8008cc8688 x6 : 001e164157b69000 
[    7.553673] x5 : efffff8030000491 x4 : efffff8030000490 
[    7.559743] x3 : 0000000000000000 x2 : 0000000000000000 
[    7.565778] x1 : 0000000000000093 x0 : ffffff8008ce0178 
[    7.571780] Call trace:
[    7.574867]  __radix_tree_lookup+0x18/0xa8
[    7.579603]  generic_handle_irq+0x28/0x50
[    7.584238]  __handle_domain_irq+0x8c/0x100
[    7.589050]  bcm2836_arm_irqchip_handle_irq+0x68/0xd8
[    7.594750]  el1_irq+0xb4/0x130
[    7.598530]  arch_cpu_idle+0x30/0x1f0
[    7.602846]  default_idle_call+0x24/0x40
[    7.607420]  do_idle+0x224/0x240
[    7.611290]  cpu_startup_entry+0x2c/0x30
[    7.615861]  secondary_start_kernel+0x188/0x1d8
[    7.621068] Code: 924004a4 f100049f 54000381 927ff8a4 (39400084) 
[    7.627893] ---[ end trace 2590be4b3000c8e1 ]---
[    7.633249] Kernel panic - not syncing: Fatal exception in interrupt
[    7.640388] SMP: stopping secondary CPUs
[    7.645103] Kernel Offset: disabled
[    7.649377] CPU features: 0x0,24002004
[    7.653919] Memory Limit: none
[    7.657763] ---[ end Kernel panic - not syncing: Fatal exception in interrupt ]---
[    7.667081] WARNING: CPU: 1 PID: 0 at kernel/sched/core.c:1164 set_task_cpu+0x1d8/0x200
[    7.676937] Modules linked in: cfg80211 rfkill 8021q garp stp llc binfmt_misc bcm2835_codec(C) bcm2835_v4l2(C) v4l2_mem2mem bcm2835_mmal_vchiq(C) videobuf2_dma_contig v4l2_commo
n videobuf2_vmalloc videobuf2_memops videobuf2_v4l2 videobuf2_common videodev media raspberrypi_hwmon hwmon vc_sm_cma(C) uio_pdrv_genirq uio ip_tables x_tables ipv6
[    7.712417] CPU: 1 PID: 0 Comm: swapper/1 Tainted: G      D  C        4.19.118-v8+ #1311
[    7.722847] Hardware name: Raspberry Pi 3 Model B Plus Rev 1.3 (DT)
[    7.730358] pstate: 60000085 (nZCv daIf -PAN -UAO)
[    7.736392] pc : set_task_cpu+0x1d8/0x200
[    7.741628] lr : try_to_wake_up+0x160/0x498
[    7.747019] sp : ffffff800800b640
[    7.751500] x29: ffffff800800b640 x28: ffffffc039407c00 
[    7.757981] x27: ffffffc038f0daa8 x26: 0000000000000000 
[    7.764459] x25: ffffff8008cb9000 x24: ffffff8008cc9000 
[    7.770931] x23: 0000000000000080 x22: ffffffc038f0de9c 
[    7.777412] x21: 0000000000000004 x20: 0000000000000000 
[    7.783853] x19: ffffffc038f0d700 x18: ffffff8009909dd8 
[    7.790262] x17: 0000000000000000 x16: 0000000000000000 
[    7.796636] x15: 0000000000000a40 x14: 0000000000000020 
[    7.802944] x13: 0000000000000008 x12: 0000000000000001 
[    7.809201] x11: 0000000000000000 x10: 0000000000000001 
[    7.815392] x9 : 00000000ffffffff x8 : 0000000000000040 
[    7.821530] x7 : 0000000000000000 x6 : ffffffc039000248 
[    7.827628] x5 : 0000000000000000 x4 : ffffffffffffffff 
[    7.833670] x3 : 0000000000000000 x2 : ffffff8008cc86d8 
[    7.839672] x1 : ffffff8008cc8000 x0 : 0000000000000002 
[    7.845646] Call trace:
[    7.848706]  set_task_cpu+0x1d8/0x200
[    7.852968]  try_to_wake_up+0x160/0x498
[    7.857396]  default_wake_function+0x34/0x48
[    7.862267]  __wake_up_common+0xa4/0x158
[    7.866785]  __wake_up_locked+0x40/0x50
[    7.871206]  complete+0x50/0x70
[    7.874926]  response_callback+0x20/0x30
[    7.879439]  mbox_chan_received_data+0x30/0x40
[    7.884479]  bcm2835_mbox_irq+0x60/0xb0
[    7.888916]  __handle_irq_event_percpu+0x74/0x2a8
[    7.894232]  handle_irq_event_percpu+0x40/0x98
[    7.899289]  handle_irq_event+0x50/0x80
[    7.903742]  handle_level_irq+0xd8/0x198
[    7.908287]  generic_handle_irq+0x34/0x50
[    7.912942]  bcm2836_chained_handle_irq+0x40/0x60
[    7.918312]  generic_handle_irq+0x34/0x50
[    7.922991]  __handle_domain_irq+0x8c/0x100
[    7.927861]  bcm2836_arm_irqchip_handle_irq+0x68/0xd8
[    7.933631]  el1_irq+0xb4/0x130
[    7.937482]  panic+0x248/0x294
[    7.941223]  die+0x1b4/0x1c0
[    7.944782]  die_kernel_fault+0x68/0x78
[    7.949306]  __do_kernel_fault+0x8c/0xb8
[    7.953916]  do_translation_fault+0x60/0xb8
[    7.958786]  do_mem_abort+0x68/0x128
[    7.963053]  el1_da+0x20/0x80
[    7.966703]  __radix_tree_lookup+0x18/0xa8
[    7.971499]  generic_handle_irq+0x28/0x50
[    7.976204]  __handle_domain_irq+0x8c/0x100
[    7.981083]  bcm2836_arm_irqchip_handle_irq+0x68/0xd8
[    7.986838]  el1_irq+0xb4/0x130
[    7.990672]  arch_cpu_idle+0x30/0x1f0
[    7.995039]  default_idle_call+0x24/0x40
[    7.999675]  do_idle+0x224/0x240
[    8.003608]  cpu_startup_entry+0x2c/0x30
[    8.008238]  secondary_start_kernel+0x188/0x1d8
[    8.013477] ---[ end trace 2590be4b3000c8e2 ]---
