[    0.000000] Booting Linux on physical CPU 0x0000000000 [0x410fd034]
[    0.000000] Linux version 4.19.118-v8+ (dom@buildbot) (gcc version 5.4.0 20160609 (Ubuntu/Linaro 5.4.0-6ubuntu1~16.04.9)) #1311 SMP PREEMPT Mon Apr 27 14:32:38 BST 2020
[    0.000000] Machine model: Raspberry Pi 3 Model B Plus Rev 1.3
[    0.000000] efi: Getting EFI parameters from FDT:
[    0.000000] efi: UEFI not found.
[    0.000000] cma: Reserved 8 MiB at 0x000000003ac00000
[    0.000000] random: get_random_bytes called from start_kernel+0xb8/0x47c with crng_init=0
[    0.000000] percpu: Embedded 24 pages/cpu s58840 r8192 d31272 u98304
[    0.000000] Detected VIPT I-cache on CPU0
[    0.000000] CPU features: enabling workaround for ARM erratum 843419
[    0.000000] CPU features: enabling workaround for ARM erratum 845719
[    0.000000] Built 1 zonelists, mobility grouping on.  Total pages: 238896
[    0.000000] Kernel command line: coherent_pool=1M 8250.nr_uarts=1 snd_bcm2835.enable_compat_alsa=0 snd_bcm2835.enable_hdmi=1 snd_bcm2835.enable_headphones=1 bcm2708_fb.fbwidth=6
56 bcm2708_fb.fbheight=416 bcm2708_fb.fbswap=1 vc_mem.mem_base=0x3ec00000 vc_mem.mem_size=0x40000000  dwc_otg.lpm_enable=0 console=ttyAMA0,115200 console=tty1 root=PARTUUID=4c99987
7-02 rootfstype=ext4 elevator=deadline fsck.repair=yes rootwait
[    0.000000] Dentry cache hash table entries: 131072 (order: 8, 1048576 bytes)
[    0.000000] Inode-cache hash table entries: 65536 (order: 7, 524288 bytes)
[    0.000000] Memory: 929092K/970752K available (8700K kernel code, 1074K rwdata, 2760K rodata, 1024K init, 1126K bss, 33468K reserved, 8192K cma-reserved)
[    0.000000] SLUB: HWalign=64, Order=0-3, MinObjects=0, CPUs=4, Nodes=1
[    0.000000] ftrace: allocating 30496 entries in 120 pages
[    0.000000] rcu: Preemptible hierarchical RCU implementation.
[    0.000000] rcu:     RCU restricting CPUs from NR_CPUS=64 to nr_cpu_ids=4.
[    0.000000]  Tasks RCU enabled.
[    0.000000] rcu: Adjusting geometry for rcu_fanout_leaf=16, nr_cpu_ids=4
[    0.000000] NR_IRQS: 64, nr_irqs: 64, preallocated irqs: 0
[    0.000000] arch_timer: cp15 timer(s) running at 19.20MHz (phys).
[    0.000000] clocksource: arch_sys_counter: mask: 0xffffffffffffff max_cycles: 0x46d987e47, max_idle_ns: 440795202767 ns
[    0.000007] sched_clock: 56 bits at 19MHz, resolution 52ns, wraps every 4398046511078ns
[    0.000273] Console: colour dummy device 80x25
[    0.000938] console [tty1] enabled
[    0.001007] Calibrating delay loop (skipped), value calculated using timer frequency.. 38.40 BogoMIPS (lpj=76800)
[    0.001060] pid_max: default: 32768 minimum: 301
[    0.001494] Mount-cache hash table entries: 2048 (order: 2, 16384 bytes)
[    0.001550] Mountpoint-cache hash table entries: 2048 (order: 2, 16384 bytes)
[    0.024102] ASID allocator initialised with 32768 entries
[    0.032100] rcu: Hierarchical SRCU implementation.
[    0.040733] EFI services will not be available.
[    0.048178] smp: Bringing up secondary CPUs ...
[    0.080445] Detected VIPT I-cache on CPU1
[    0.080514] CPU1: Booted secondary processor 0x0000000001 [0x410fd034]
[    0.112569] Detected VIPT I-cache on CPU2
[    0.112617] CPU2: Booted secondary processor 0x0000000002 [0x410fd034]
[    0.144732] Detected VIPT I-cache on CPU3
[    0.144778] CPU3: Booted secondary processor 0x0000000003 [0x410fd034]
[    0.144964] smp: Brought up 1 node, 4 CPUs
[    0.145118] SMP: Total of 4 processors activated.
[    0.145151] CPU features: detected: 32-bit EL0 Support
[    0.146125] CPU: All CPU(s) started at EL2
[    0.146199] alternatives: patching kernel code
[    0.147821] devtmpfs: initialized
[    0.164110] Enabled cp15_barrier support
[    0.164178] Enabled setend support
[    0.164756] clocksource: jiffies: mask: 0xffffffff max_cycles: 0xffffffff, max_idle_ns: 7645041785100000 ns
[    0.164817] futex hash table entries: 1024 (order: 4, 65536 bytes)
[    0.165544] pinctrl core: initialized pinctrl subsystem
[    0.166427] DMI not present or invalid.
[    0.166994] NET: Registered protocol family 16
[    0.173455] cpuidle: using governor menu
[    0.174078] hw-breakpoint: found 6 breakpoint and 4 watchpoint registers.
[    0.178762] DMA: preallocated 1024 KiB pool for atomic allocations
[    0.178943] Serial: AMBA PL011 UART driver
[    0.183539] bcm2835-mbox 3f00b880.mailbox: mailbox enabled
[    0.192932] raspberrypi-firmware soc:firmware: Attached to firmware from 2020-04-15 11:43, variant start
[    0.196950] raspberrypi-firmware soc:firmware: Firmware hash is 82f9bb929ce2186eb1824178c1ae82902ad6275c
[    0.249887] bcm2835-dma 3f007000.dma: DMA legacy API manager at (____ptrval____), dmachans=0x1
[    0.253216] vgaarb: loaded
[    0.253720] SCSI subsystem initialized
[    0.254019] usbcore: registered new interface driver usbfs
[    0.254114] usbcore: registered new interface driver hub
[    0.254302] usbcore: registered new device driver usb
[    0.254460] pps_core: LinuxPPS API ver. 1 registered
[    0.254493] pps_core: Software ver. 5.3.6 - Copyright 2005-2007 Rodolfo Giometti <giometti@linux.it>
[    0.254562] PTP clock support registered
[    0.256380] clocksource: Switched to clocksource arch_sys_counter
[    0.381523] VFS: Disk quotas dquot_6.6.0
[    0.381663] VFS: Dquot-cache hash table entries: 512 (order 0, 4096 bytes)
[    0.381945] FS-Cache: Loaded
[    0.382206] CacheFiles: Loaded
[    0.394228] NET: Registered protocol family 2
[    0.395193] tcp_listen_portaddr_hash hash table entries: 512 (order: 1, 8192 bytes)
[    0.395269] TCP established hash table entries: 8192 (order: 4, 65536 bytes)
[    0.395413] TCP bind hash table entries: 8192 (order: 5, 131072 bytes)
[    0.395640] TCP: Hash tables configured (established 8192 bind 8192)
[    0.395927] UDP hash table entries: 512 (order: 2, 16384 bytes)
[    0.396004] UDP-Lite hash table entries: 512 (order: 2, 16384 bytes)
[    0.396351] NET: Registered protocol family 1
[    0.397495] RPC: Registered named UNIX socket transport module.
[    0.397610] RPC: Registered udp transport module.
[    0.397642] RPC: Registered tcp transport module.
[    0.397673] RPC: Registered tcp NFSv4.1 backchannel transport module.
[    0.400358] hw perfevents: enabled with armv8_cortex_a53 PMU driver, 7 counters available
[    0.400630] kvm [1]: 8-bit VMID
[    0.401451] kvm [1]: Hyp mode initialized successfully
[    0.406369] Initialise system trusted keyrings
[    0.406739] workingset: timestamp_bits=46 max_order=18 bucket_order=0
[    0.419207] FS-Cache: Netfs 'nfs' registered for caching
[    0.420299] NFS: Registering the id_resolver key type
[    0.420479] Key type id_resolver registered
[    0.420512] Key type id_legacy registered
[    0.420556] nfs4filelayout_init: NFSv4 File Layout Driver Registering...
[    0.428450] Key type asymmetric registered
[    0.428500] Asymmetric key parser 'x509' registered
[    0.428604] Block layer SCSI generic (bsg) driver version 0.4 loaded (major 248)
[    0.428899] io scheduler noop registered
[    0.428933] io scheduler deadline registered (default)
[    0.429194] io scheduler cfq registered
[    0.429227] io scheduler mq-deadline registered (default)
[    0.429261] io scheduler kyber registered
[    0.432762] bcm2708_fb soc:fb: FB found 1 display(s)
[    0.443377] Console: switching to colour frame buffer device 82x26
[    0.448298] bcm2708_fb soc:fb: Registered framebuffer for display 0, size 656x416
[    0.455655] Serial: 8250/16550 driver, 1 ports, IRQ sharing enabled
[    0.460199] bcm2835-rng 3f104000.rng: hwrng registered
[    0.463165] vc-mem: phys_addr:0x00000000 mem_base=0x3ec00000 mem_size:0x40000000(1024 MiB)
[    0.469088] gpiomem-bcm2835 3f200000.gpiomem: Initialised: Registers at 0x3f200000
[    0.474615] cacheinfo: Unable to detect cache hierarchy for CPU 0
[    0.493020] brd: module loaded
[    0.511166] loop: module loaded
[    0.514918] Loading iSCSI transport class v2.0-870.
[    0.520136] libphy: Fixed MDIO Bus: probed
[    0.523109] usbcore: registered new interface driver r8152
[    0.525769] usbcore: registered new interface driver lan78xx
[    0.528392] usbcore: registered new interface driver smsc95xx
[    0.531244] dwc_otg: version 3.00a 10-AUG-2012 (platform bus)
[    0.561777] dwc_otg 3f980000.usb: base=(____ptrval____)
[    0.777616] Core Release: 2.80a
[    0.780104] Setting default values for core params
[    0.782651] Finished setting default values for core params
[    0.998793] Using Buffer DMA mode
[    1.001202] Periodic Transfer Interrupt Enhancement - disabled
[    1.003628] Multiprocessor Interrupt Enhancement - disabled
[    1.006062] OTG VER PARAM: 0, OTG VER FLAG: 0
[    1.008429] Dedicated Tx FIFOs mode
[    1.011509] WARN::dwc_otg_hcd_init:1074: FIQ DMA bounce buffers: virt = ffffff80090c1000 dma = 0x00000000fad14000 len=9024
[    1.016045] FIQ FSM acceleration enabled for :
[    1.016045] Non-periodic Split Transactions
[    1.016045] Periodic Split Transactions
[    1.016045] High-Speed Isochronous Endpoints
[    1.016045] Interrupt/Control Split Transaction hack enabled
[    1.026854] WARN::hcd_init_fiq:497: MPHI regs_base at ffffff800805d000
[    1.029169] dwc_otg 3f980000.usb: DWC OTG Controller
[    1.031487] dwc_otg 3f980000.usb: new USB bus registered, assigned bus number 1
[    1.033980] dwc_otg 3f980000.usb: irq 9, io mem 0x00000000
[    1.036418] Init: Port Power? op_state=1
[    1.038750] Init: Power Port (0)
[    1.041453] usb usb1: New USB device found, idVendor=1d6b, idProduct=0002, bcdDevice= 4.19
[    1.046216] usb usb1: New USB device strings: Mfr=3, Product=2, SerialNumber=1
[    1.048837] usb usb1: Product: DWC OTG Controller
[    1.051317] usb usb1: Manufacturer: Linux 4.19.118-v8+ dwc_otg_hcd
[    1.053847] usb usb1: SerialNumber: 3f980000.usb
[    1.057134] hub 1-0:1.0: USB hub found
[    1.059631] hub 1-0:1.0: 1 port detected
[    1.063275] usbcore: registered new interface driver uas
[    1.065733] usbcore: registered new interface driver usb-storage
[    1.068282] mousedev: PS/2 mouse device common for all mice
[    1.072119] bcm2835-wdt bcm2835-wdt: Broadcom BCM2835 watchdog timer
[    1.076046] cpufreq: cpufreq_online: CPU0: Running at unlisted freq: 600000 KHz
[    1.080815] cpufreq: cpufreq_online: CPU0: Unlisted initial frequency changed to: 700000 KHz
[    1.084080] sdhci: Secure Digital Host Controller Interface driver
[    1.085177] sdhci: Copyright(c) Pierre Ossman
[    1.086558] sdhost-bcm2835 3f202000.mmc: could not get clk, deferring probe
[    1.087770] sdhci-pltfm: SDHCI platform and OF driver helper
[    1.090267] ledtrig-cpu: registered to indicate activity on CPUs
[    1.091492] hidraw: raw HID events driver (C) Jiri Kosina
[    1.092728] usbcore: registered new interface driver usbhid
[    1.093811] usbhid: USB HID core driver
[    1.095484] vchiq: vchiq_init_state: slot_zero = (____ptrval____), is_master = 0
[    1.099739] Initializing XFRM netlink socket
[    1.100878] NET: Registered protocol family 17
[    1.102047] Key type dns_resolver registered
[    1.103825] registered taskstats version 1
[    1.104935] Loading compiled-in X.509 certificates
[    1.111701] uart-pl011 3f201000.serial: cts_event_workaround enabled
[    1.112968] 3f201000.serial: ttyAMA0 at MMIO 0x3f201000 (irq = 66, base_baud = 0) is a PL011 rev2
[    2.113435] console [ttyAMA0] enabled
[    2.119260] bcm2835-power bcm2835-power: Broadcom BCM2835 power domains driver
[    2.128487] sdhost: log_buf @ (____ptrval____) (fad13000)
[    2.184074] mmc0: sdhost-bcm2835 loaded - DMA enabled (>1)
[    2.192491] of_cfs_init
[    2.196116] of_cfs_init: OK
[    2.200449] Waiting for root device PARTUUID=4c999877-02...
[    2.232469] Indeed it is in host mode hprt0 = 00021501
[    2.274259] mmc0: host does not support reading read-only switch, assuming write-enable
[    2.301810] mmc0: new high speed SDHC card at address aaaa
[    2.317191] mmcblk0: mmc0:aaaa SC16G 14.8 GiB
[    2.328969]  mmcblk0: p1 p2
[    2.346562] random: fast init done
[    2.356799] EXT4-fs (mmcblk0p2): mounted filesystem with ordered data mode. Opts: (null)
[    2.367164] VFS: Mounted root (ext4 filesystem) readonly on device 179:2.
[    2.385127] devtmpfs: mounted
[    2.392290] Freeing unused kernel memory: 1024K
[    2.398040] Run /sbin/init as init process
[    2.452403] usb 1-1: new high-speed USB device number 2 using dwc_otg
[    2.460157] Indeed it is in host mode hprt0 = 00001101
[    2.676669] usb 1-1: New USB device found, idVendor=0424, idProduct=2514, bcdDevice= b.b3
[    2.687166] usb 1-1: New USB device strings: Mfr=0, Product=0, SerialNumber=0
[    2.696021] hub 1-1:1.0: USB hub found
[    2.701073] hub 1-1:1.0: 4 ports detected
[    2.992403] usb 1-1.1: new high-speed USB device number 3 using dwc_otg
[    3.037725] systemd[1]: System time before build time, advancing clock.
[    3.100674] usb 1-1.1: New USB device found, idVendor=0424, idProduct=2514, bcdDevice= b.b3
[    3.111413] usb 1-1.1: New USB device strings: Mfr=0, Product=0, SerialNumber=0
[    3.120461] hub 1-1.1:1.0: USB hub found
[    3.125696] hub 1-1.1:1.0: 3 ports detected
[    3.197078] NET: Registered protocol family 10
[    3.203613] Segment Routing with IPv6
[    3.253227] systemd[1]: systemd 241 running in system mode. (+PAM +AUDIT +SELINUX +IMA +APPARMOR +SMACK +SYSVINIT +UTMP +LIBCRYPTSETUP +GCRYPT +GNUTLS +ACL +XZ +LZ4 +SECCOMP +BL
KID +ELFUTILS +KMOD -IDN2 +IDN -PCRE2 default-hierarchy=hybrid)
[    3.278793] systemd[1]: Detected architecture arm64.
[    3.296096] systemd[1]: Set hostname to <raspberrypi>.
[    3.402625] uart-pl011 3f201000.serial: no DMA platform data
[    3.511250] systemd[90]: /lib/systemd/system-generators/systemd-run-generator terminated by signal ILL.
[    3.544374] Unable to handle kernel paging request at virtual address ffffff803831a338
[    3.554743] Mem abort info:
[    3.558696]   ESR = 0x96000006
[    3.562860]   Exception class = DABT (current EL), IL = 32 bits
[    3.569896]   SET = 0, FnV = 0
[    3.574027]   EA = 0, S1PTW = 0
[    3.578247] Data abort info:
[    3.582188]   ISV = 0, ISS = 0x00000006
[    3.584359] Unable to handle kernel paging request at virtual address ffffdf8008461558
[    3.587085]   CM = 0, WnR = 0
[    3.597139] Mem abort info:
[    3.601114] swapper pgtable: 4k pages, 39-bit VAs, pgdp = (____ptrval____)
[    3.604852]   ESR = 0x96000004
[    3.612736] [ffffff803831a338] pgd=000000003abfe003, pud=000000003abfe003, pmd=0000000000000000
[    3.616777]   Exception class = DABT (current EL), IL = 32 bits
[    3.627552] Internal error: Oops: 96000006 [#1] PREEMPT SMP
[    3.634546]   SET = 0, FnV = 0
[    3.641173] Modules linked in: ip_tables x_tables ipv6
[    3.645235]   EA = 0, S1PTW = 0
[    3.651372] Process swapper/1 (pid: 0, stack limit = 0x(____ptrval____))
[    3.655457] Data abort info:
[    3.663182] CPU: 1 PID: 0 Comm: swapper/1 Not tainted 4.19.118-v8+ #1311
[    3.667074]   ISV = 0, ISS = 0x00000004
[    3.674836] Hardware name: Raspberry Pi 3 Model B Plus Rev 1.3 (DT)
[    3.679718]   CM = 0, WnR = 0
[    3.687091] pstate: 80000085 (Nzcv daIf -PAN -UAO)
[    3.691155] [ffffdf8008461558] address between user and kernel address ranges
[    3.697083] pc : tick_program_event+0x48/0xb0
[    3.710832] lr : tick_program_event+0x2c/0xb0
[    3.716289] sp : ffffff800800be70
[    3.720699] x29: ffffff800800be70 x28: 00000000d33d2600 
[    3.727105] x27: ffffffc03ab918b8 x26: ffffffc03ab91878 
[    3.733486] x25: ffffffc03ab91838 x24: ffffffc03ab9178c 
[    3.739808] x23: 00000000d3002451 x22: 7fffffffffffffff 
[    3.746096] x21: 0000000000000000 x20: 00000000d33d2600 
[    3.752358] x19: ffffff803831a300 x18: 0000000000000000 
[    3.758594] x17: 0000000000000000 x16: 0000000000000000 
[    3.764804] x15: 0000000000000000 x14: 0000000000000000 
[    3.770980] x13: 0000000000000000 x12: 0000000000000000 
[    3.777125] x11: 0000000000000000 x10: 0000000000000000 
[    3.783220] x9 : ffffff8008911b08 x8 : ffffff8008cb9ec0 
[    3.789289] x7 : 0000000000000020 x6 : ffffff8008911b0c 
[    3.795332] x5 : 0000000000000000 x4 : 0000004031edd000 
[    3.801341] x3 : 0000000000010001 x2 : ffffff8008cac018 
[    3.807320] x1 : 0000004031edd000 x0 : ffffff8008cb4c68 
[    3.813269] Call trace:
[    3.816325]  tick_program_event+0x48/0xb0
[    3.820931]  hrtimer_interrupt+0x130/0x258
[    3.825596]  arch_timer_handler_phys+0x3c/0x50
[    3.830634]  handle_percpu_devid_irq+0xa4/0x2a0
[    3.835756]  generic_handle_irq+0x34/0x50
[    3.840357]  __handle_domain_irq+0x8c/0x100
[    3.845138]  bcm2836_arm_irqchip_handle_irq+0x68/0xd8
[    3.850823]  el1_irq+0xb4/0x130
[    3.854583]  arch_cpu_idle+0x30/0x1f0
[    3.858869]  default_idle_call+0x24/0x40
[    3.863418]  do_idle+0x224/0x240
[    3.867272]  cpu_startup_entry+0x28/0x30
[    3.871848]  secondary_start_kernel+0x188/0x1d8
[    3.877067] Code: 9131a000 d538d081 f8616813 540001a0 (b9403a60) 
[    3.883910] ---[ end trace 31d6c976cefb44cd ]---
[    3.889272] Kernel panic - not syncing: Fatal exception in interrupt
[    3.896423] SMP: stopping secondary CPUs
[    4.975526] SMP: failed to stop secondary CPUs 1-2
[    4.981137] Kernel Offset: disabled
[    4.985451] CPU features: 0x0,24002004
[    4.990008] Memory Limit: none
[    4.993867] ---[ end Kernel panic - not syncing: Fatal exception in interrupt ]---
