[    0.000000] Booting Linux on physical CPU 0x0000000000 [0x410fd034]
[    0.000000] Linux version 4.19.118-v8+ (dom@buildbot) (gcc version 5.4.0 20160609 (Ubuntu/Linaro 5.4.0-6ubuntu1~16.04.9)) #1311 SMP PREEMPT Mon Apr 27 14:32:38 BST 2020
[    0.000000] Machine model: Raspberry Pi 3 Model B Plus Rev 1.3
[    0.000000] efi: Getting EFI parameters from FDT:
[    0.000000] efi: UEFI not found.
[    0.000000] cma: Reserved 8 MiB at 0x000000003ac00000
[    0.000000] random: get_random_bytes called from start_kernel+0xb8/0x47c with crng_init=0
[    0.000000] percpu: Embedded 24 pages/cpu s58840 r8192 d31272 u98304
[    0.000000] Detected VIPT I-cache on CPU0
[    0.000000] CPU features: enabling workaround for ARM erratum 843419
[    0.000000] CPU features: enabling workaround for ARM erratum 845719
[    0.000000] Built 1 zonelists, mobility grouping on.  Total pages: 238896
[    0.000000] Kernel command line: coherent_pool=1M 8250.nr_uarts=1 snd_bcm2835.enable_compat_alsa=0 snd_bcm2835.enable_hdmi=1 snd_bcm2835.enable_headphones=1 bcm2708_fb.fbwidth=6
56 bcm2708_fb.fbheight=416 bcm2708_fb.fbswap=1 vc_mem.mem_base=0x3ec00000 vc_mem.mem_size=0x40000000  dwc_otg.lpm_enable=0 console=ttyAMA0,115200 console=tty1 root=PARTUUID=4c99987
7-02 rootfstype=ext4 elevator=deadline fsck.repair=yes rootwait
[    0.000000] Dentry cache hash table entries: 131072 (order: 8, 1048576 bytes)
[    0.000000] Inode-cache hash table entries: 65536 (order: 7, 524288 bytes)
[    0.000000] Memory: 929092K/970752K available (8700K kernel code, 1074K rwdata, 2760K rodata, 1024K init, 1126K bss, 33468K reserved, 8192K cma-reserved)
[    0.000000] SLUB: HWalign=64, Order=0-3, MinObjects=0, CPUs=4, Nodes=1
[    0.000000] ftrace: allocating 30496 entries in 120 pages
[    0.000000] rcu: Preemptible hierarchical RCU implementation.
[    0.000000] rcu:     RCU restricting CPUs from NR_CPUS=64 to nr_cpu_ids=4.
[    0.000000]  Tasks RCU enabled.
[    0.000000] rcu: Adjusting geometry for rcu_fanout_leaf=16, nr_cpu_ids=4
[    0.000000] NR_IRQS: 64, nr_irqs: 64, preallocated irqs: 0
[    0.000000] arch_timer: cp15 timer(s) running at 19.20MHz (phys).
[    0.000000] clocksource: arch_sys_counter: mask: 0xffffffffffffff max_cycles: 0x46d987e47, max_idle_ns: 440795202767 ns
[    0.000007] sched_clock: 56 bits at 19MHz, resolution 52ns, wraps every 4398046511078ns
[    0.000271] Console: colour dummy device 80x25
[    0.000936] console [tty1] enabled
[    0.001005] Calibrating delay loop (skipped), value calculated using timer frequency.. 38.40 BogoMIPS (lpj=76800)
[    0.001058] pid_max: default: 32768 minimum: 301
[    0.001492] Mount-cache hash table entries: 2048 (order: 2, 16384 bytes)
[    0.001549] Mountpoint-cache hash table entries: 2048 (order: 2, 16384 bytes)
[    0.024104] ASID allocator initialised with 32768 entries
[    0.032099] rcu: Hierarchical SRCU implementation.
[    0.040737] EFI services will not be available.
[    0.048178] smp: Bringing up secondary CPUs ...
[    0.080443] Detected VIPT I-cache on CPU1
[    0.080513] CPU1: Booted secondary processor 0x0000000001 [0x410fd034]
[    0.112570] Detected VIPT I-cache on CPU2
[    0.112618] CPU2: Booted secondary processor 0x0000000002 [0x410fd034]
[    0.144733] Detected VIPT I-cache on CPU3
[    0.144778] CPU3: Booted secondary processor 0x0000000003 [0x410fd034]
[    0.144962] smp: Brought up 1 node, 4 CPUs
[    0.145115] SMP: Total of 4 processors activated.
[    0.145149] CPU features: detected: 32-bit EL0 Support
[    0.146121] CPU: All CPU(s) started at EL2
[    0.146194] alternatives: patching kernel code
[    0.147820] devtmpfs: initialized
[    0.164129] Enabled cp15_barrier support
[    0.164196] Enabled setend support
[    0.164771] clocksource: jiffies: mask: 0xffffffff max_cycles: 0xffffffff, max_idle_ns: 7645041785100000 ns
[    0.164833] futex hash table entries: 1024 (order: 4, 65536 bytes)
[    0.165556] pinctrl core: initialized pinctrl subsystem
[    0.166444] DMI not present or invalid.
[    0.167011] NET: Registered protocol family 16
[    0.173471] cpuidle: using governor menu
[    0.174098] hw-breakpoint: found 6 breakpoint and 4 watchpoint registers.
[    0.178722] DMA: preallocated 1024 KiB pool for atomic allocations
[    0.178903] Serial: AMBA PL011 UART driver
[    0.183490] bcm2835-mbox 3f00b880.mailbox: mailbox enabled
[    0.192938] raspberrypi-firmware soc:firmware: Attached to firmware from 2020-04-15 11:43, variant start
[    0.196957] raspberrypi-firmware soc:firmware: Firmware hash is 82f9bb929ce2186eb1824178c1ae82902ad6275c
[    0.245813] bcm2835-dma 3f007000.dma: DMA legacy API manager at (____ptrval____), dmachans=0x1
[    0.249118] vgaarb: loaded
[    0.249705] SCSI subsystem initialized
[    0.250003] usbcore: registered new interface driver usbfs
[    0.250098] usbcore: registered new interface driver hub
[    0.250279] usbcore: registered new device driver usb
[    0.250437] pps_core: LinuxPPS API ver. 1 registered
[    0.250470] pps_core: Software ver. 5.3.6 - Copyright 2005-2007 Rodolfo Giometti <giometti@linux.it>
[    0.250540] PTP clock support registered
[    0.252369] clocksource: Switched to clocksource arch_sys_counter
[    0.377488] VFS: Disk quotas dquot_6.6.0
[    0.377628] VFS: Dquot-cache hash table entries: 512 (order 0, 4096 bytes)
[    0.377909] FS-Cache: Loaded
[    0.378171] CacheFiles: Loaded
[    0.390335] NET: Registered protocol family 2
[    0.391297] tcp_listen_portaddr_hash hash table entries: 512 (order: 1, 8192 bytes)
[    0.391372] TCP established hash table entries: 8192 (order: 4, 65536 bytes)
[    0.391516] TCP bind hash table entries: 8192 (order: 5, 131072 bytes)
[    0.391744] TCP: Hash tables configured (established 8192 bind 8192)
[    0.392024] UDP hash table entries: 512 (order: 2, 16384 bytes)
[    0.392101] UDP-Lite hash table entries: 512 (order: 2, 16384 bytes)
[    0.392533] NET: Registered protocol family 1
[    0.393662] RPC: Registered named UNIX socket transport module.
[    0.393699] RPC: Registered udp transport module.
[    0.393729] RPC: Registered tcp transport module.
[    0.393759] RPC: Registered tcp NFSv4.1 backchannel transport module.
[    0.396516] hw perfevents: enabled with armv8_cortex_a53 PMU driver, 7 counters available
[    0.396730] kvm [1]: 8-bit VMID
[    0.397550] kvm [1]: Hyp mode initialized successfully
[    0.402431] Initialise system trusted keyrings
[    0.402744] workingset: timestamp_bits=46 max_order=18 bucket_order=0
[    0.415145] FS-Cache: Netfs 'nfs' registered for caching
[    0.416219] NFS: Registering the id_resolver key type
[    0.416285] Key type id_resolver registered
[    0.416315] Key type id_legacy registered
[    0.416460] nfs4filelayout_init: NFSv4 File Layout Driver Registering...
[    0.424276] Key type asymmetric registered
[    0.424324] Asymmetric key parser 'x509' registered
[    0.424474] Block layer SCSI generic (bsg) driver version 0.4 loaded (major 248)
[    0.424794] io scheduler noop registered
[    0.424829] io scheduler deadline registered (default)
[    0.425092] io scheduler cfq registered
[    0.425125] io scheduler mq-deadline registered (default)
[    0.425158] io scheduler kyber registered
[    0.428655] bcm2708_fb soc:fb: FB found 1 display(s)
[    0.439565] Console: switching to colour frame buffer device 82x26
[    0.444477] bcm2708_fb soc:fb: Registered framebuffer for display 0, size 656x416
[    0.451870] Serial: 8250/16550 driver, 1 ports, IRQ sharing enabled
[    0.456455] bcm2835-rng 3f104000.rng: hwrng registered
[    0.459379] vc-mem: phys_addr:0x00000000 mem_base=0x3ec00000 mem_size:0x40000000(1024 MiB)
[    0.465281] gpiomem-bcm2835 3f200000.gpiomem: Initialised: Registers at 0x3f200000
[    0.470811] cacheinfo: Unable to detect cache hierarchy for CPU 0
[    0.489201] brd: module loaded
[    0.507269] loop: module loaded
[    0.511010] Loading iSCSI transport class v2.0-870.
[    0.516236] libphy: Fixed MDIO Bus: probed
[    0.519211] usbcore: registered new interface driver r8152
[    0.521860] usbcore: registered new interface driver lan78xx
[    0.524482] usbcore: registered new interface driver smsc95xx
[    0.527334] dwc_otg: version 3.00a 10-AUG-2012 (platform bus)
[    0.557857] dwc_otg 3f980000.usb: base=(____ptrval____)
[    0.773154] Core Release: 2.80a
[    0.775637] Setting default values for core params
[    0.778183] Finished setting default values for core params
[    0.993908] Using Buffer DMA mode
[    0.996282] Periodic Transfer Interrupt Enhancement - disabled
[    0.998720] Multiprocessor Interrupt Enhancement - disabled
[    1.001143] OTG VER PARAM: 0, OTG VER FLAG: 0
[    1.003476] Dedicated Tx FIFOs mode
[    1.006565] WARN::dwc_otg_hcd_init:1074: FIQ DMA bounce buffers: virt = ffffff80090c1000 dma = 0x00000000fad14000 len=9024
[    1.011094] FIQ FSM acceleration enabled for :
[    1.011094] Non-periodic Split Transactions
[    1.011094] Periodic Split Transactions
[    1.011094] High-Speed Isochronous Endpoints
[    1.011094] Interrupt/Control Split Transaction hack enabled
[    1.022012] WARN::hcd_init_fiq:497: MPHI regs_base at ffffff800805d000
[    1.024292] dwc_otg 3f980000.usb: DWC OTG Controller
[    1.026630] dwc_otg 3f980000.usb: new USB bus registered, assigned bus number 1
[    1.029114] dwc_otg 3f980000.usb: irq 9, io mem 0x00000000
[    1.031514] Init: Port Power? op_state=1
[    1.033862] Init: Power Port (0)
[    1.036540] usb usb1: New USB device found, idVendor=1d6b, idProduct=0002, bcdDevice= 4.19
[    1.041281] usb usb1: New USB device strings: Mfr=3, Product=2, SerialNumber=1
[    1.043813] usb usb1: Product: DWC OTG Controller
[    1.046367] usb usb1: Manufacturer: Linux 4.19.118-v8+ dwc_otg_hcd
[    1.048898] usb usb1: SerialNumber: 3f980000.usb
[    1.052160] hub 1-0:1.0: USB hub found
[    1.054742] hub 1-0:1.0: 1 port detected
[    1.058317] usbcore: registered new interface driver uas
[    1.060769] usbcore: registered new interface driver usb-storage
[    1.063325] mousedev: PS/2 mouse device common for all mice
[    1.067162] bcm2835-wdt bcm2835-wdt: Broadcom BCM2835 watchdog timer
[    1.071094] cpufreq: cpufreq_online: CPU0: Running at unlisted freq: 600000 KHz
[    1.075851] cpufreq: cpufreq_online: CPU0: Unlisted initial frequency changed to: 700000 KHz
[    1.079135] sdhci: Secure Digital Host Controller Interface driver
[    1.080206] sdhci: Copyright(c) Pierre Ossman
[    1.081608] sdhost-bcm2835 3f202000.mmc: could not get clk, deferring probe
[    1.082819] sdhci-pltfm: SDHCI platform and OF driver helper
[    1.085278] ledtrig-cpu: registered to indicate activity on CPUs
[    1.086503] hidraw: raw HID events driver (C) Jiri Kosina
[    1.087723] usbcore: registered new interface driver usbhid
[    1.088827] usbhid: USB HID core driver
[    1.090494] vchiq: vchiq_init_state: slot_zero = (____ptrval____), is_master = 0
[    1.094761] Initializing XFRM netlink socket
[    1.095880] NET: Registered protocol family 17
[    1.097065] Key type dns_resolver registered
[    1.098845] registered taskstats version 1
[    1.099943] Loading compiled-in X.509 certificates
[    1.106718] uart-pl011 3f201000.serial: cts_event_workaround enabled
[    1.107938] 3f201000.serial: ttyAMA0 at MMIO 0x3f201000 (irq = 66, base_baud = 0) is a PL011 rev2
[    2.108459] console [ttyAMA0] enabled
[    2.114289] bcm2835-power bcm2835-power: Broadcom BCM2835 power domains driver
[    2.123656] sdhost: log_buf @ (____ptrval____) (fad13000)
[    2.179433] mmc0: sdhost-bcm2835 loaded - DMA enabled (>1)
[    2.187830] of_cfs_init
[    2.191470] of_cfs_init: OK
[    2.195765] Waiting for root device PARTUUID=4c999877-02...
[    2.224463] Indeed it is in host mode hprt0 = 00021501
[    2.274426] mmc0: host does not support reading read-only switch, assuming write-enable
[    2.301767] mmc0: new high speed SDHC card at address aaaa
[    2.310619] mmcblk0: mmc0:aaaa SC16G 14.8 GiB
[    2.324712]  mmcblk0: p1 p2
[    2.330314] random: fast init done
[    2.347024] EXT4-fs (mmcblk0p2): mounted filesystem with ordered data mode. Opts: (null)
[    2.357380] VFS: Mounted root (ext4 filesystem) readonly on device 179:2.
[    2.375297] devtmpfs: mounted
[    2.382404] Freeing unused kernel memory: 1024K
[    2.388152] Run /sbin/init as init process
[    2.440395] usb 1-1: new high-speed USB device number 2 using dwc_otg
[    2.448176] Indeed it is in host mode hprt0 = 00001101
[    2.664653] usb 1-1: New USB device found, idVendor=0424, idProduct=2514, bcdDevice= b.b3
[    2.675088] usb 1-1: New USB device strings: Mfr=0, Product=0, SerialNumber=0
[    2.683893] hub 1-1:1.0: USB hub found
[    2.688925] hub 1-1:1.0: 4 ports detected
[    2.980392] usb 1-1.1: new high-speed USB device number 3 using dwc_otg
[    3.023883] systemd[1]: System time before build time, advancing clock.
[    3.088654] usb 1-1.1: New USB device found, idVendor=0424, idProduct=2514, bcdDevice= b.b3
[    3.099405] usb 1-1.1: New USB device strings: Mfr=0, Product=0, SerialNumber=0
[    3.108451] hub 1-1.1:1.0: USB hub found
[    3.113737] hub 1-1.1:1.0: 3 ports detected
[    3.183730] NET: Registered protocol family 10
[    3.190292] Segment Routing with IPv6
[    3.239586] systemd[1]: systemd 241 running in system mode. (+PAM +AUDIT +SELINUX +IMA +APPARMOR +SMACK +SYSVINIT +UTMP +LIBCRYPTSETUP +GCRYPT +GNUTLS +ACL +XZ +LZ4 +SECCOMP +BL
KID +ELFUTILS +KMOD -IDN2 +IDN -PCRE2 default-hierarchy=hybrid)
[    3.265123] systemd[1]: Detected architecture arm64.
[    3.282413] systemd[1]: Set hostname to <raspberrypi>.
[    3.393496] systemd[90]: /lib/systemd/system-generators/systemd-hibernate-resume-generator terminated by signal ILL.
[    3.407200] uart-pl011 3f201000.serial: no DMA platform data
[    3.658005] random: crng init done
[    3.700405] usb 1-1.1.1: new high-speed USB device number 4 using dwc_otg
[    3.808881] usb 1-1.1.1: New USB device found, idVendor=0424, idProduct=7800, bcdDevice= 3.00
[    3.819870] usb 1-1.1.1: New USB device strings: Mfr=0, Product=0, SerialNumber=0
[    3.918560] systemd[1]: Listening on Journal Socket (/dev/log).
[    3.949769] systemd[1]: Condition check resulted in Journal Audit Socket being skipped.
[    3.964585] systemd[1]: Created slice system-serial\x2dgetty.slice.
[    3.975215] systemd[1]: Listening on fsck to fsckd communication Socket.
[    3.985995] systemd[1]: Started Dispatch Password Requests to Console Directory Watch.
[    3.999528] systemd[1]: Listening on Syslog Socket.
[    4.093697] lan78xx 1-1.1.1:1.0 (unnamed net_device) (uninitialized): No External EEPROM. Setting MAC Speed
[    4.106546] libphy: lan78xx-mdiobus: probed
[    4.124038] lan78xx 1-1.1.1:1.0 (unnamed net_device) (uninitialized): int urb period 64
[    4.528367] Kernel panic - not syncing: stack-protector: Kernel stack is corrupted in: return_address+0x94/0x98
[    4.540389] CPU: 1 PID: 0 Comm: swapper/1 Not tainted 4.19.118-v8+ #1311
[    4.548107] Hardware name: Raspberry Pi 3 Model B Plus Rev 1.3 (DT)
[    4.555396] Call trace:
[    4.558826]  dump_backtrace+0x0/0x178
[    4.563478]  show_stack+0x24/0x30
[    4.567778]  dump_stack+0xa4/0xdc
[    4.572044]  panic+0x140/0x294
[    4.576030]  print_tainted+0x0/0xc8
[    4.580446]  return_address+0x94/0x98
[    4.585014] SMP: stopping secondary CPUs
[    4.589836] Kernel Offset: disabled
[    4.594208] CPU features: 0x0,24002004
[    4.598842] Memory Limit: none
[    4.602790] ---[ end Kernel panic - not syncing: stack-protector: Kernel stack is corrupted in: return_address+0x94/0x98 ]---
