[    0.000000] Booting Linux on physical CPU 0x0000000000 [0x410fd034]
[    0.000000] Linux version 4.19.118-v8+ (dom@buildbot) (gcc version 5.4.0 20160609 (Ubuntu/Linaro 5.4.0-6ubuntu1~16.04.9)) #1311 SMP PREEMPT Mon Apr 27 14:32:38 BST 2020
[    0.000000] Machine model: Raspberry Pi 3 Model B Plus Rev 1.3
[    0.000000] efi: Getting EFI parameters from FDT:
[    0.000000] efi: UEFI not found.
[    0.000000] cma: Reserved 8 MiB at 0x000000003ac00000
[    0.000000] random: get_random_bytes called from start_kernel+0xb8/0x47c with crng_init=0
[    0.000000] percpu: Embedded 24 pages/cpu s58840 r8192 d31272 u98304
[    0.000000] Detected VIPT I-cache on CPU0
[    0.000000] CPU features: enabling workaround for ARM erratum 843419
[    0.000000] CPU features: enabling workaround for ARM erratum 845719
[    0.000000] Built 1 zonelists, mobility grouping on.  Total pages: 238896
[    0.000000] Kernel command line: coherent_pool=1M 8250.nr_uarts=1 snd_bcm2835.enable_compat_alsa=0 snd_bcm2835.enable_hdmi=1 snd_bcm2835.enable_headphones=1 bcm2708_fb.fbwidth=6
56 bcm2708_fb.fbheight=416 bcm2708_fb.fbswap=1 vc_mem.mem_base=0x3ec00000 vc_mem.mem_size=0x40000000  dwc_otg.lpm_enable=0 console=ttyAMA0,115200 console=tty1 root=PARTUUID=4c99987
7-02 rootfstype=ext4 elevator=deadline fsck.repair=yes rootwait
[    0.000000] Dentry cache hash table entries: 131072 (order: 8, 1048576 bytes)
[    0.000000] Inode-cache hash table entries: 65536 (order: 7, 524288 bytes)
[    0.000000] Memory: 929092K/970752K available (8700K kernel code, 1074K rwdata, 2760K rodata, 1024K init, 1126K bss, 33468K reserved, 8192K cma-reserved)
[    0.000000] SLUB: HWalign=64, Order=0-3, MinObjects=0, CPUs=4, Nodes=1
[    0.000000] ftrace: allocating 30496 entries in 120 pages
[    0.000000] rcu: Preemptible hierarchical RCU implementation.
[    0.000000] rcu:     RCU restricting CPUs from NR_CPUS=64 to nr_cpu_ids=4.
[    0.000000]  Tasks RCU enabled.
[    0.000000] rcu: Adjusting geometry for rcu_fanout_leaf=16, nr_cpu_ids=4
[    0.000000] NR_IRQS: 64, nr_irqs: 64, preallocated irqs: 0
[    0.000000] arch_timer: cp15 timer(s) running at 19.20MHz (phys).
[    0.000000] clocksource: arch_sys_counter: mask: 0xffffffffffffff max_cycles: 0x46d987e47, max_idle_ns: 440795202767 ns
[    0.000007] sched_clock: 56 bits at 19MHz, resolution 52ns, wraps every 4398046511078ns
[    0.000272] Console: colour dummy device 80x25
[    0.000937] console [tty1] enabled
[    0.001007] Calibrating delay loop (skipped), value calculated using timer frequency.. 38.40 BogoMIPS (lpj=76800)
[    0.001059] pid_max: default: 32768 minimum: 301
[    0.001492] Mount-cache hash table entries: 2048 (order: 2, 16384 bytes)
[    0.001548] Mountpoint-cache hash table entries: 2048 (order: 2, 16384 bytes)
[    0.024102] ASID allocator initialised with 32768 entries
[    0.032099] rcu: Hierarchical SRCU implementation.
[    0.040750] EFI services will not be available.
[    0.048177] smp: Bringing up secondary CPUs ...
[    0.080443] Detected VIPT I-cache on CPU1
[    0.080512] CPU1: Booted secondary processor 0x0000000001 [0x410fd034]
[    0.112570] Detected VIPT I-cache on CPU2
[    0.112619] CPU2: Booted secondary processor 0x0000000002 [0x410fd034]
[    0.144732] Detected VIPT I-cache on CPU3
[    0.144778] CPU3: Booted secondary processor 0x0000000003 [0x410fd034]
[    0.144963] smp: Brought up 1 node, 4 CPUs
[    0.145116] SMP: Total of 4 processors activated.
[    0.145150] CPU features: detected: 32-bit EL0 Support
[    0.146122] CPU: All CPU(s) started at EL2
[    0.146196] alternatives: patching kernel code
[    0.147818] devtmpfs: initialized
[    0.164116] Enabled cp15_barrier support
[    0.164183] Enabled setend support
[    0.164759] clocksource: jiffies: mask: 0xffffffff max_cycles: 0xffffffff, max_idle_ns: 7645041785100000 ns
[    0.164821] futex hash table entries: 1024 (order: 4, 65536 bytes)
[    0.165536] pinctrl core: initialized pinctrl subsystem
[    0.166428] DMI not present or invalid.
[    0.166995] NET: Registered protocol family 16
[    0.173453] cpuidle: using governor menu
[    0.174081] hw-breakpoint: found 6 breakpoint and 4 watchpoint registers.
[    0.178768] DMA: preallocated 1024 KiB pool for atomic allocations
[    0.178947] Serial: AMBA PL011 UART driver
[    0.183543] bcm2835-mbox 3f00b880.mailbox: mailbox enabled
[    0.192925] raspberrypi-firmware soc:firmware: Attached to firmware from 2020-04-15 11:43, variant start
[    0.196943] raspberrypi-firmware soc:firmware: Firmware hash is 82f9bb929ce2186eb1824178c1ae82902ad6275c
[    0.245790] bcm2835-dma 3f007000.dma: DMA legacy API manager at (____ptrval____), dmachans=0x1
[    0.249087] vgaarb: loaded
[    0.249680] SCSI subsystem initialized
[    0.249978] usbcore: registered new interface driver usbfs
[    0.250072] usbcore: registered new interface driver hub
[    0.250254] usbcore: registered new device driver usb
[    0.250412] pps_core: LinuxPPS API ver. 1 registered
[    0.250445] pps_core: Software ver. 5.3.6 - Copyright 2005-2007 Rodolfo Giometti <giometti@linux.it>
[    0.250514] PTP clock support registered
[    0.252332] clocksource: Switched to clocksource arch_sys_counter
[    0.377396] VFS: Disk quotas dquot_6.6.0
[    0.377537] VFS: Dquot-cache hash table entries: 512 (order 0, 4096 bytes)
[    0.377820] FS-Cache: Loaded
[    0.378082] CacheFiles: Loaded
[    0.390211] NET: Registered protocol family 2
[    0.391178] tcp_listen_portaddr_hash hash table entries: 512 (order: 1, 8192 bytes)
[    0.391254] TCP established hash table entries: 8192 (order: 4, 65536 bytes)
[    0.391397] TCP bind hash table entries: 8192 (order: 5, 131072 bytes)
[    0.391615] TCP: Hash tables configured (established 8192 bind 8192)
[    0.391901] UDP hash table entries: 512 (order: 2, 16384 bytes)
[    0.391978] UDP-Lite hash table entries: 512 (order: 2, 16384 bytes)
[    0.392409] NET: Registered protocol family 1
[    0.393423] RPC: Registered named UNIX socket transport module.
[    0.393460] RPC: Registered udp transport module.
[    0.393490] RPC: Registered tcp transport module.
[    0.393520] RPC: Registered tcp NFSv4.1 backchannel transport module.
[    0.396116] hw perfevents: enabled with armv8_cortex_a53 PMU driver, 7 counters available
[    0.396380] kvm [1]: 8-bit VMID
[    0.397227] kvm [1]: Hyp mode initialized successfully
[    0.402147] Initialise system trusted keyrings
[    0.402484] workingset: timestamp_bits=46 max_order=18 bucket_order=0
[    0.414809] FS-Cache: Netfs 'nfs' registered for caching
[    0.415875] NFS: Registering the id_resolver key type
[    0.415957] Key type id_resolver registered
[    0.415988] Key type id_legacy registered
[    0.416030] nfs4filelayout_init: NFSv4 File Layout Driver Registering...
[    0.423775] Key type asymmetric registered
[    0.423824] Asymmetric key parser 'x509' registered
[    0.423922] Block layer SCSI generic (bsg) driver version 0.4 loaded (major 248)
[    0.424220] io scheduler noop registered
[    0.424256] io scheduler deadline registered (default)
[    0.424599] io scheduler cfq registered
[    0.424633] io scheduler mq-deadline registered (default)
[    0.424667] io scheduler kyber registered
[    0.428205] bcm2708_fb soc:fb: FB found 1 display(s)
[    0.439601] Console: switching to colour frame buffer device 82x26
[    0.444515] bcm2708_fb soc:fb: Registered framebuffer for display 0, size 656x416
[    0.451928] Serial: 8250/16550 driver, 1 ports, IRQ sharing enabled
[    0.456507] bcm2835-rng 3f104000.rng: hwrng registered
[    0.459441] vc-mem: phys_addr:0x00000000 mem_base=0x3ec00000 mem_size:0x40000000(1024 MiB)
[    0.465371] gpiomem-bcm2835 3f200000.gpiomem: Initialised: Registers at 0x3f200000
[    0.470894] cacheinfo: Unable to detect cache hierarchy for CPU 0
[    0.489187] brd: module loaded
[    0.507364] loop: module loaded
[    0.511136] Loading iSCSI transport class v2.0-870.
[    0.516505] libphy: Fixed MDIO Bus: probed
[    0.519434] usbcore: registered new interface driver r8152
[    0.522088] usbcore: registered new interface driver lan78xx
[    0.524705] usbcore: registered new interface driver smsc95xx
[    0.527567] dwc_otg: version 3.00a 10-AUG-2012 (platform bus)
[    0.558102] dwc_otg 3f980000.usb: base=(____ptrval____)
[    0.773893] Core Release: 2.80a
[    0.776420] Setting default values for core params
[    0.778939] Finished setting default values for core params
[    0.994414] Using Buffer DMA mode
[    0.996822] Periodic Transfer Interrupt Enhancement - disabled
[    0.999244] Multiprocessor Interrupt Enhancement - disabled
[    1.001675] OTG VER PARAM: 0, OTG VER FLAG: 0
[    1.004018] Dedicated Tx FIFOs mode
[    1.007168] WARN::dwc_otg_hcd_init:1074: FIQ DMA bounce buffers: virt = ffffff80090c1000 dma = 0x00000000fad14000 len=9024
[    1.011709] FIQ FSM acceleration enabled for :
[    1.011709] Non-periodic Split Transactions
[    1.011709] Periodic Split Transactions
[    1.011709] High-Speed Isochronous Endpoints
[    1.011709] Interrupt/Control Split Transaction hack enabled
[    1.022504] WARN::hcd_init_fiq:497: MPHI regs_base at ffffff800805d000
[    1.024832] dwc_otg 3f980000.usb: DWC OTG Controller
[    1.027141] dwc_otg 3f980000.usb: new USB bus registered, assigned bus number 1
[    1.029622] dwc_otg 3f980000.usb: irq 9, io mem 0x00000000
[    1.032021] Init: Port Power? op_state=1
[    1.034371] Init: Power Port (0)
[    1.037035] usb usb1: New USB device found, idVendor=1d6b, idProduct=0002, bcdDevice= 4.19
[    1.041777] usb usb1: New USB device strings: Mfr=3, Product=2, SerialNumber=1
[    1.044390] usb usb1: Product: DWC OTG Controller
[    1.046869] usb usb1: Manufacturer: Linux 4.19.118-v8+ dwc_otg_hcd
[    1.049401] usb usb1: SerialNumber: 3f980000.usb
[    1.052690] hub 1-0:1.0: USB hub found
[    1.055184] hub 1-0:1.0: 1 port detected
[    1.058797] usbcore: registered new interface driver uas
[    1.061267] usbcore: registered new interface driver usb-storage
[    1.063795] mousedev: PS/2 mouse device common for all mice
[    1.067671] bcm2835-wdt bcm2835-wdt: Broadcom BCM2835 watchdog timer
[    1.071587] cpufreq: cpufreq_online: CPU0: Running at unlisted freq: 600000 KHz
[    1.076366] cpufreq: cpufreq_online: CPU0: Unlisted initial frequency changed to: 700000 KHz
[    1.079645] sdhci: Secure Digital Host Controller Interface driver
[    1.080736] sdhci: Copyright(c) Pierre Ossman
[    1.082101] sdhost-bcm2835 3f202000.mmc: could not get clk, deferring probe
[    1.083309] sdhci-pltfm: SDHCI platform and OF driver helper
[    1.085797] ledtrig-cpu: registered to indicate activity on CPUs
[    1.087025] hidraw: raw HID events driver (C) Jiri Kosina
[    1.088230] usbcore: registered new interface driver usbhid
[    1.089329] usbhid: USB HID core driver
[    1.090987] vchiq: vchiq_init_state: slot_zero = (____ptrval____), is_master = 0
[    1.095269] Initializing XFRM netlink socket
[    1.096417] NET: Registered protocol family 17
[    1.097580] Key type dns_resolver registered
[    1.099345] registered taskstats version 1
[    1.100455] Loading compiled-in X.509 certificates
[    1.107140] uart-pl011 3f201000.serial: cts_event_workaround enabled
[    1.108398] 3f201000.serial: ttyAMA0 at MMIO 0x3f201000 (irq = 66, base_baud = 0) is a PL011 rev2
[    2.108883] console [ttyAMA0] enabled
[    2.114657] bcm2835-power bcm2835-power: Broadcom BCM2835 power domains driver
[    2.123896] sdhost: log_buf @ (____ptrval____) (fad13000)
[    2.179777] mmc0: sdhost-bcm2835 loaded - DMA enabled (>1)
[    2.188111] of_cfs_init
[    2.191756] of_cfs_init: OK
[    2.196129] Waiting for root device PARTUUID=4c999877-02...
[    2.224489] Indeed it is in host mode hprt0 = 00021501
[    2.282209] mmc0: host does not support reading read-only switch, assuming write-enable
[    2.309489] mmc0: new high speed SDHC card at address aaaa
[    2.317229] mmcblk0: mmc0:aaaa SC16G 14.8 GiB
[    2.320677] random: fast init done
[    2.335754]  mmcblk0: p1 p2
[    2.352219] EXT4-fs (mmcblk0p2): INFO: recovery required on readonly filesystem
[    2.360694] EXT4-fs (mmcblk0p2): write access will be enabled during recovery
[    2.379423] EXT4-fs (mmcblk0p2): recovery complete
[    2.402217] EXT4-fs (mmcblk0p2): mounted filesystem with ordered data mode. Opts: (null)
[    2.412521] VFS: Mounted root (ext4 filesystem) readonly on device 179:2.
[    2.428348] usb 1-1: new high-speed USB device number 2 using dwc_otg
[    2.436081] Indeed it is in host mode hprt0 = 00001101
[    2.436476] devtmpfs: mounted
[    2.449378] Freeing unused kernel memory: 1024K
[    2.455066] Run /sbin/init as init process
[    2.652619] usb 1-1: New USB device found, idVendor=0424, idProduct=2514, bcdDevice= b.b3
[    2.663162] usb 1-1: New USB device strings: Mfr=0, Product=0, SerialNumber=0
[    2.671989] hub 1-1:1.0: USB hub found
[    2.677026] hub 1-1:1.0: 4 ports detected
[    2.968358] usb 1-1.1: new high-speed USB device number 3 using dwc_otg
[    3.076632] usb 1-1.1: New USB device found, idVendor=0424, idProduct=2514, bcdDevice= b.b3
[    3.087343] usb 1-1.1: New USB device strings: Mfr=0, Product=0, SerialNumber=0
[    3.096196] systemd[1]: System time before build time, advancing clock.
[    3.104209] hub 1-1.1:1.0: USB hub found
[    3.109459] hub 1-1.1:1.0: 3 ports detected
[    3.245695] NET: Registered protocol family 10
[    3.252213] Segment Routing with IPv6
[    3.301495] systemd[1]: systemd 241 running in system mode. (+PAM +AUDIT +SELINUX +IMA +APPARMOR +SMACK +SYSVINIT +UTMP +LIBCRYPTSETUP +GCRYPT +GNUTLS +ACL +XZ +LZ4 +SECCOMP +BL
KID +ELFUTILS +KMOD -IDN2 +IDN -PCRE2 default-hierarchy=hybrid)
[    3.327127] systemd[1]: Detected architecture arm64.
[    3.344306] systemd[1]: Set hostname to <raspberrypi>.
[    3.434480] uart-pl011 3f201000.serial: no DMA platform data
[    3.696377] usb 1-1.1.1: new high-speed USB device number 4 using dwc_otg
[    3.706521] random: crng init done
[    3.804782] usb 1-1.1.1: New USB device found, idVendor=0424, idProduct=7800, bcdDevice= 3.00
[    3.815774] usb 1-1.1.1: New USB device strings: Mfr=0, Product=0, SerialNumber=0
[    3.991219] systemd[1]: Condition check resulted in Journal Audit Socket being skipped.
[    4.002329] systemd[1]: Listening on Syslog Socket.
[    4.010706] systemd[1]: Listening on udev Kernel Socket.
[    4.022104] systemd[1]: Created slice system-serial\x2dgetty.slice.
[    4.031672] systemd[1]: Started Forward Password Requests to Wall Directory Watch.
[    4.043478] systemd[1]: Reached target Swap.
[    4.051821] systemd[1]: Created slice system-getty.slice.
[    4.089352] lan78xx 1-1.1.1:1.0 (unnamed net_device) (uninitialized): No External EEPROM. Setting MAC Speed
[    4.102571] libphy: lan78xx-mdiobus: probed
[    4.116375] lan78xx 1-1.1.1:1.0 (unnamed net_device) (uninitialized): int urb period 64
[    6.820321] Unable to handle kernel paging request at virtual address efffbf800874f128
[    6.830070] Mem abort info:
[    6.833752]   ESR = 0x86000004
[    6.837687]   Exception class = IABT (current EL), IL = 32 bits
[    6.844533]   SET = 0, FnV = 0
[    6.848508]   EA = 0, S1PTW = 0
[    6.852565] [efffbf800874f128] address between user and kernel address ranges
[    6.860704] Internal error: Oops: 86000004 [#1] PREEMPT SMP
[    6.867286] Modules linked in: binfmt_misc bcm2835_codec(C) bcm2835_v4l2(C) v4l2_mem2mem bcm2835_mmal_vchiq(C) v4l2_common videobuf2_dma_contig videobuf2_vmalloc videobuf2_memop
s videobuf2_v4l2 videobuf2_common raspberrypi_hwmon hwmon videodev media vc_sm_cma(C) uio_pdrv_genirq uio ip_tables x_tables ipv6
[    6.898688] Process swapper/1 (pid: 0, stack limit = 0x000000004d65ebd6)
[    6.906524] CPU: 1 PID: 0 Comm: swapper/1 Tainted: G         C        4.19.118-v8+ #1311
[    6.916862] Hardware name: Raspberry Pi 3 Model B Plus Rev 1.3 (DT)
[    6.924294] pstate: 80000085 (Nzcv daIf -PAN -UAO)
[    6.930265] pc : 0xefffbf800874f128
[    6.934918] lr : handle_percpu_devid_irq+0xa4/0x2a0
[    6.940973] sp : ffffff800800bf20
[    6.945415] x29: ffffff800800bf20 x28: ffffffc039599d00 
[    6.951832] x27: ffffff8008efbdc0 x26: ffffffc039404300 
[    6.958244] x25: 0000000000000001 x24: 0000000000000000 
[    6.964663] x23: ffffff8008d44438 x22: 0000000000000093 
[    6.971063] x21: ffffffc03950be00 x20: ffffff8008ad8fb8 
[    6.977444] x19: ffffffc0394b9300 x18: 0000000000004380 
[    6.983828] x17: 000000000000e8b6 x16: 0000000000000000 
[    6.990181] x15: 00000000000021bf x14: 000000000000000d 
[    6.996484] x13: 0000000000000003 x12: 0000000000000004 
[    7.002734] x11: 0000000000007fff x10: 0000000000001930 
[    7.008933] x9 : ffffff8008efbe70 x8 : 0000000000000040 
[    7.015076] x7 : 0000000000000000 x6 : ffffffc039000920 
[    7.021187] x5 : ffffffc03950be00 x4 : 0000004031edd000 
[    7.027263] x3 : efffbf800874f128 x2 : 0000004031edd000 
[    7.033289] x1 : ffffffc03ab9a300 x0 : 0000000000000093 
[    7.039292] Call trace:
[    7.042378]  0xefffbf800874f128
[    7.046135]  generic_handle_irq+0x34/0x50
[    7.050767]  __handle_domain_irq+0x8c/0x100
[    7.055567]  bcm2836_arm_irqchip_handle_irq+0x68/0xd8
[    7.061245]  el1_irq+0xb4/0x130
[    7.065006]  arch_cpu_idle+0x30/0x1f0
[    7.069305]  default_idle_call+0x24/0x40
[    7.073861]  do_idle+0x224/0x240
[    7.077718]  cpu_startup_entry+0x2c/0x30
[    7.082277]  secondary_start_kernel+0x188/0x1d8
[    7.087462] Code: bad PC value
[    7.091163] ---[ end trace 966fe786683e0c20 ]---
[    7.096467] Kernel panic - not syncing: Fatal exception in interrupt
[    7.103570] SMP: stopping secondary CPUs
[    7.108253] Kernel Offset: disabled
[    7.112498] CPU features: 0x0,24002004
[    7.117001] Memory Limit: none
[    7.120803] ---[ end Kernel panic - not syncing: Fatal exception in interrupt ]---
