[    0.000000] Booting Linux on physical CPU 0x0000000000 [0x410fd034]
[    0.000000] Linux version 4.19.118-v8+ (dom@buildbot) (gcc version 5.4.0 20160609 (Ubuntu/Linaro 5.4.0-6ubuntu1~16.04.9)) #1311 SMP PREEMPT Mon Apr 27 14:32:38 BST 2020
[    0.000000] Machine model: Raspberry Pi 3 Model B Plus Rev 1.3
[    0.000000] efi: Getting EFI parameters from FDT:
[    0.000000] efi: UEFI not found.
[    0.000000] cma: Reserved 8 MiB at 0x000000003ac00000
[    0.000000] random: get_random_bytes called from start_kernel+0xb8/0x47c with crng_init=0
[    0.000000] percpu: Embedded 24 pages/cpu s58840 r8192 d31272 u98304
[    0.000000] Detected VIPT I-cache on CPU0
[    0.000000] CPU features: enabling workaround for ARM erratum 843419
[    0.000000] CPU features: enabling workaround for ARM erratum 845719
[    0.000000] Built 1 zonelists, mobility grouping on.  Total pages: 238896
[    0.000000] Kernel command line: coherent_pool=1M 8250.nr_uarts=1 snd_bcm2835.enable_compat_alsa=0 snd_bcm2835.enable_hdmi=1 snd_bcm2835.enable_headphones=1 bcm2708_fb.fbwidth=6
56 bcm2708_fb.fbheight=416 bcm2708_fb.fbswap=1 vc_mem.mem_base=0x3ec00000 vc_mem.mem_size=0x40000000  dwc_otg.lpm_enable=0 console=ttyAMA0,115200 console=tty1 root=PARTUUID=4c99987
7-02 rootfstype=ext4 elevator=deadline fsck.repair=yes rootwait
[    0.000000] Dentry cache hash table entries: 131072 (order: 8, 1048576 bytes)
[    0.000000] Inode-cache hash table entries: 65536 (order: 7, 524288 bytes)
[    0.000000] Memory: 929092K/970752K available (8700K kernel code, 1074K rwdata, 2760K rodata, 1024K init, 1126K bss, 33468K reserved, 8192K cma-reserved)
[    0.000000] SLUB: HWalign=64, Order=0-3, MinObjects=0, CPUs=4, Nodes=1
[    0.000000] ftrace: allocating 30496 entries in 120 pages
[    0.000000] rcu: Preemptible hierarchical RCU implementation.
[    0.000000] rcu:     RCU restricting CPUs from NR_CPUS=64 to nr_cpu_ids=4.
[    0.000000]  Tasks RCU enabled.
[    0.000000] rcu: Adjusting geometry for rcu_fanout_leaf=16, nr_cpu_ids=4
[    0.000000] NR_IRQS: 64, nr_irqs: 64, preallocated irqs: 0
[    0.000000] arch_timer: cp15 timer(s) running at 19.20MHz (phys).
[    0.000000] clocksource: arch_sys_counter: mask: 0xffffffffffffff max_cycles: 0x46d987e47, max_idle_ns: 440795202767 ns
[    0.000007] sched_clock: 56 bits at 19MHz, resolution 52ns, wraps every 4398046511078ns
[    0.000272] Console: colour dummy device 80x25
[    0.000937] console [tty1] enabled
[    0.001007] Calibrating delay loop (skipped), value calculated using timer frequency.. 38.40 BogoMIPS (lpj=76800)
[    0.001060] pid_max: default: 32768 minimum: 301
[    0.001491] Mount-cache hash table entries: 2048 (order: 2, 16384 bytes)
[    0.001547] Mountpoint-cache hash table entries: 2048 (order: 2, 16384 bytes)
[    0.024103] ASID allocator initialised with 32768 entries
[    0.032100] rcu: Hierarchical SRCU implementation.
[    0.040730] EFI services will not be available.
[    0.048177] smp: Bringing up secondary CPUs ...
[    0.080444] Detected VIPT I-cache on CPU1
[    0.080514] CPU1: Booted secondary processor 0x0000000001 [0x410fd034]
[    0.112568] Detected VIPT I-cache on CPU2
[    0.112616] CPU2: Booted secondary processor 0x0000000002 [0x410fd034]
[    0.144731] Detected VIPT I-cache on CPU3
[    0.144777] CPU3: Booted secondary processor 0x0000000003 [0x410fd034]
[    0.144961] smp: Brought up 1 node, 4 CPUs
[    0.145115] SMP: Total of 4 processors activated.
[    0.145150] CPU features: detected: 32-bit EL0 Support
[    0.146121] CPU: All CPU(s) started at EL2
[    0.146196] alternatives: patching kernel code
[    0.147822] devtmpfs: initialized
[    0.164117] Enabled cp15_barrier support
[    0.164184] Enabled setend support
[    0.164757] clocksource: jiffies: mask: 0xffffffff max_cycles: 0xffffffff, max_idle_ns: 7645041785100000 ns
[    0.164818] futex hash table entries: 1024 (order: 4, 65536 bytes)
[    0.165541] pinctrl core: initialized pinctrl subsystem
[    0.166433] DMI not present or invalid.
[    0.167000] NET: Registered protocol family 16
[    0.173469] cpuidle: using governor menu
[    0.174096] hw-breakpoint: found 6 breakpoint and 4 watchpoint registers.
[    0.178776] DMA: preallocated 1024 KiB pool for atomic allocations
[    0.178958] Serial: AMBA PL011 UART driver
[    0.183556] bcm2835-mbox 3f00b880.mailbox: mailbox enabled
[    0.192924] raspberrypi-firmware soc:firmware: Attached to firmware from 2020-04-15 11:43, variant start
[    0.196943] raspberrypi-firmware soc:firmware: Firmware hash is 82f9bb929ce2186eb1824178c1ae82902ad6275c
[    0.239132] bcm2835-dma 3f007000.dma: DMA legacy API manager at (____ptrval____), dmachans=0x1
[    0.242670] vgaarb: loaded
[    0.243175] SCSI subsystem initialized
[    0.243473] usbcore: registered new interface driver usbfs
[    0.243568] usbcore: registered new interface driver hub
[    0.243746] usbcore: registered new device driver usb
[    0.243904] pps_core: LinuxPPS API ver. 1 registered
[    0.243937] pps_core: Software ver. 5.3.6 - Copyright 2005-2007 Rodolfo Giometti <giometti@linux.it>
[    0.243996] PTP clock support registered
[    0.245871] clocksource: Switched to clocksource arch_sys_counter
[    0.371117] VFS: Disk quotas dquot_6.6.0
[    0.371258] VFS: Dquot-cache hash table entries: 512 (order 0, 4096 bytes)
[    0.371538] FS-Cache: Loaded
[    0.371803] CacheFiles: Loaded
[    0.383819] NET: Registered protocol family 2
[    0.384781] tcp_listen_portaddr_hash hash table entries: 512 (order: 1, 8192 bytes)
[    0.384857] TCP established hash table entries: 8192 (order: 4, 65536 bytes)
[    0.385001] TCP bind hash table entries: 8192 (order: 5, 131072 bytes)
[    0.385229] TCP: Hash tables configured (established 8192 bind 8192)
[    0.385507] UDP hash table entries: 512 (order: 2, 16384 bytes)
[    0.385585] UDP-Lite hash table entries: 512 (order: 2, 16384 bytes)
[    0.386021] NET: Registered protocol family 1
[    0.387001] RPC: Registered named UNIX socket transport module.
[    0.387037] RPC: Registered udp transport module.
[    0.387068] RPC: Registered tcp transport module.
[    0.387098] RPC: Registered tcp NFSv4.1 backchannel transport module.
[    0.389694] hw perfevents: enabled with armv8_cortex_a53 PMU driver, 7 counters available
[    0.389967] kvm [1]: 8-bit VMID
[    0.390813] kvm [1]: Hyp mode initialized successfully
[    0.395748] Initialise system trusted keyrings
[    0.396093] workingset: timestamp_bits=46 max_order=18 bucket_order=0
[    0.408472] FS-Cache: Netfs 'nfs' registered for caching
[    0.409542] NFS: Registering the id_resolver key type
[    0.409624] Key type id_resolver registered
[    0.409654] Key type id_legacy registered
[    0.409696] nfs4filelayout_init: NFSv4 File Layout Driver Registering...
[    0.417561] Key type asymmetric registered
[    0.417611] Asymmetric key parser 'x509' registered
[    0.417710] Block layer SCSI generic (bsg) driver version 0.4 loaded (major 248)
[    0.418064] io scheduler noop registered
[    0.418100] io scheduler deadline registered (default)
[    0.418395] io scheduler cfq registered
[    0.418429] io scheduler mq-deadline registered (default)
[    0.418463] io scheduler kyber registered
[    0.422072] bcm2708_fb soc:fb: FB found 1 display(s)
[    0.433390] Console: switching to colour frame buffer device 82x26
[    0.438298] bcm2708_fb soc:fb: Registered framebuffer for display 0, size 656x416
[    0.445685] Serial: 8250/16550 driver, 1 ports, IRQ sharing enabled
[    0.450287] bcm2835-rng 3f104000.rng: hwrng registered
[    0.453216] vc-mem: phys_addr:0x00000000 mem_base=0x3ec00000 mem_size:0x40000000(1024 MiB)
[    0.459070] gpiomem-bcm2835 3f200000.gpiomem: Initialised: Registers at 0x3f200000
[    0.464604] cacheinfo: Unable to detect cache hierarchy for CPU 0
[    0.483020] brd: module loaded
[    0.501041] loop: module loaded
[    0.504786] Loading iSCSI transport class v2.0-870.
[    0.514194] libphy: Fixed MDIO Bus: probed
[    0.517125] usbcore: registered new interface driver r8152
[    0.519780] usbcore: registered new interface driver lan78xx
[    0.522405] usbcore: registered new interface driver smsc95xx
[    0.525266] dwc_otg: version 3.00a 10-AUG-2012 (platform bus)
[    0.555801] dwc_otg 3f980000.usb: base=(____ptrval____)
[    0.771960] Core Release: 2.80a
[    0.774480] Setting default values for core params
[    0.776991] Finished setting default values for core params
[    0.992483] Using Buffer DMA mode
[    0.994889] Periodic Transfer Interrupt Enhancement - disabled
[    0.997303] Multiprocessor Interrupt Enhancement - disabled
[    0.999728] OTG VER PARAM: 0, OTG VER FLAG: 0
[    1.002085] Dedicated Tx FIFOs mode
[    1.005209] WARN::dwc_otg_hcd_init:1074: FIQ DMA bounce buffers: virt = ffffff80090c1000 dma = 0x00000000fad14000 len=9024
[    1.009742] FIQ FSM acceleration enabled for :
[    1.009742] Non-periodic Split Transactions
[    1.009742] Periodic Split Transactions
[    1.009742] High-Speed Isochronous Endpoints
[    1.009742] Interrupt/Control Split Transaction hack enabled
[    1.020512] WARN::hcd_init_fiq:497: MPHI regs_base at ffffff800805d000
[    1.022835] dwc_otg 3f980000.usb: DWC OTG Controller
[    1.025143] dwc_otg 3f980000.usb: new USB bus registered, assigned bus number 1
[    1.027620] dwc_otg 3f980000.usb: irq 9, io mem 0x00000000
[    1.030043] Init: Port Power? op_state=1
[    1.032362] Init: Power Port (0)
[    1.035039] usb usb1: New USB device found, idVendor=1d6b, idProduct=0002, bcdDevice= 4.19
[    1.039833] usb usb1: New USB device strings: Mfr=3, Product=2, SerialNumber=1
[    1.042397] usb usb1: Product: DWC OTG Controller
[    1.044880] usb usb1: Manufacturer: Linux 4.19.118-v8+ dwc_otg_hcd
[    1.047414] usb usb1: SerialNumber: 3f980000.usb
[    1.050710] hub 1-0:1.0: USB hub found
[    1.053211] hub 1-0:1.0: 1 port detected
[    1.056836] usbcore: registered new interface driver uas
[    1.059296] usbcore: registered new interface driver usb-storage
[    1.061816] mousedev: PS/2 mouse device common for all mice
[    1.065671] bcm2835-wdt bcm2835-wdt: Broadcom BCM2835 watchdog timer
[    1.069601] cpufreq: cpufreq_online: CPU0: Running at unlisted freq: 600000 KHz
[    1.074342] cpufreq: cpufreq_online: CPU0: Unlisted initial frequency changed to: 700000 KHz
[    1.077607] sdhci: Secure Digital Host Controller Interface driver
[    1.078702] sdhci: Copyright(c) Pierre Ossman
[    1.080065] sdhost-bcm2835 3f202000.mmc: could not get clk, deferring probe
[    1.081266] sdhci-pltfm: SDHCI platform and OF driver helper
[    1.083740] ledtrig-cpu: registered to indicate activity on CPUs
[    1.084972] hidraw: raw HID events driver (C) Jiri Kosina
[    1.086199] usbcore: registered new interface driver usbhid
[    1.087279] usbhid: USB HID core driver
[    1.088968] vchiq: vchiq_init_state: slot_zero = (____ptrval____), is_master = 0
[    1.093265] Initializing XFRM netlink socket
[    1.094408] NET: Registered protocol family 17
[    1.095566] Key type dns_resolver registered
[    1.097305] registered taskstats version 1
[    1.098404] Loading compiled-in X.509 certificates
[    1.105128] uart-pl011 3f201000.serial: cts_event_workaround enabled
[    1.106399] 3f201000.serial: ttyAMA0 at MMIO 0x3f201000 (irq = 66, base_baud = 0) is a PL011 rev2
[    2.106881] console [ttyAMA0] enabled
[    2.112648] bcm2835-power bcm2835-power: Broadcom BCM2835 power domains driver
[    2.121912] sdhost: log_buf @ (____ptrval____) (fad13000)
[    2.177553] mmc0: sdhost-bcm2835 loaded - DMA enabled (>1)
[    2.185926] of_cfs_init
[    2.189548] of_cfs_init: OK
[    2.193939] Waiting for root device PARTUUID=4c999877-02...
[    2.222041] Indeed it is in host mode hprt0 = 00021501
[    2.287924] mmc0: host does not support reading read-only switch, assuming write-enable
[    2.305657] mmc0: new high speed SDHC card at address aaaa
[    2.313414] mmcblk0: mmc0:aaaa SC16G 14.8 GiB
[    2.323372]  mmcblk0: p1 p2
[    2.327709] random: fast init done
[    2.358932] EXT4-fs (mmcblk0p2): mounted filesystem with ordered data mode. Opts: (null)
[    2.369286] VFS: Mounted root (ext4 filesystem) readonly on device 179:2.
[    2.387216] devtmpfs: mounted
[    2.394469] Freeing unused kernel memory: 1024K
[    2.400221] Run /sbin/init as init process
[    2.425894] usb 1-1: new high-speed USB device number 2 using dwc_otg
[    2.433623] Indeed it is in host mode hprt0 = 00001101
[    2.650168] usb 1-1: New USB device found, idVendor=0424, idProduct=2514, bcdDevice= b.b3
[    2.660672] usb 1-1: New USB device strings: Mfr=0, Product=0, SerialNumber=0
[    2.669514] hub 1-1:1.0: USB hub found
[    2.674591] hub 1-1:1.0: 4 ports detected
[    2.965901] usb 1-1.1: new high-speed USB device number 3 using dwc_otg
[    3.037405] systemd[1]: System time before build time, advancing clock.
[    3.074159] usb 1-1.1: New USB device found, idVendor=0424, idProduct=2514, bcdDevice= b.b3
[    3.084949] usb 1-1.1: New USB device strings: Mfr=0, Product=0, SerialNumber=0
[    3.094026] hub 1-1.1:1.0: USB hub found
[    3.099329] hub 1-1.1:1.0: 3 ports detected
[    3.189184] NET: Registered protocol family 10
[    3.195732] Segment Routing with IPv6
[    3.245115] systemd[1]: systemd 241 running in system mode. (+PAM +AUDIT +SELINUX +IMA +APPARMOR +SMACK +SYSVINIT +UTMP +LIBCRYPTSETUP +GCRYPT +GNUTLS +ACL +XZ +LZ4 +SECCOMP +BL
KID +ELFUTILS +KMOD -IDN2 +IDN -PCRE2 default-hierarchy=hybrid)
[    3.270652] systemd[1]: Detected architecture arm64.
[    3.287963] systemd[1]: Set hostname to <raspberrypi>.
[    3.360070] uart-pl011 3f201000.serial: no DMA platform data
[    3.565111] systemd[90]: /lib/systemd/system-generators/systemd-hibernate-resume-generator terminated by signal ILL.
[    3.696402] random: crng init done
[    3.701900] usb 1-1.1.1: new high-speed USB device number 4 using dwc_otg
[    3.810352] usb 1-1.1.1: New USB device found, idVendor=0424, idProduct=7800, bcdDevice= 3.00
[    3.821270] usb 1-1.1.1: New USB device strings: Mfr=0, Product=0, SerialNumber=0
[    3.928770] systemd[1]: Listening on Syslog Socket.
[    3.936933] systemd[1]: Reached target Swap.
[    3.944459] systemd[1]: Listening on udev Control Socket.
[    3.953167] systemd[1]: Listening on Journal Socket.
[    3.967333] systemd[1]: Mounting RPC Pipe File System...
[    4.007329] systemd[1]: Condition check resulted in Journal Audit Socket being skipped.
[    4.094904] lan78xx 1-1.1.1:1.0 (unnamed net_device) (uninitialized): No External EEPROM. Setting MAC Speed
[    4.108143] libphy: lan78xx-mdiobus: probed
[    4.135176] lan78xx 1-1.1.1:1.0 (unnamed net_device) (uninitialized): int urb period 64

Raspbian GNU/Linux 10 raspberrypi ttyAMA0

raspberrypi login: [   21.871030] Unable to handle kernel paging request at virtual address ffffff8034a850c0
[   21.885881] Mem abort info:
[   21.889426]   ESR = 0x96000006
[   21.893299]   Exception class = DABT (current EL), IL = 32 bits
[   21.913868]   SET = 0, FnV = 0
[   21.917731]   EA = 0, S1PTW = 0
[   21.921680] Data abort info:
[   21.933897]   ISV = 0, ISS = 0x00000006
[   21.949868]   CM = 0, WnR = 0
[   21.953591] swapper pgtable: 4k pages, 39-bit VAs, pgdp = 0000000026ed9412
[   21.973869] [ffffff8034a850c0] pgd=000000003abfe003, pud=000000003abfe003, pmd=0000000000000000
[   21.993871] Internal error: Oops: 96000006 [#1] PREEMPT SMP
[   22.000379] Modules linked in: cfg80211 rfkill 8021q garp stp llc binfmt_misc bcm2835_codec(C) bcm2835_v4l2(C) v4l2_mem2mem bcm2835_mmal_vchiq(C) v4l2_common videobuf2_dma_conti
g videobuf2_vmalloc videobuf2_memops videobuf2_v4l2 videobuf2_common videodev raspberrypi_hwmon media hwmon vc_sm_cma(C) uio_pdrv_genirq uio ip_tables x_tables ipv6
[   22.035720] Process sed (pid: 580, stack limit = 0x000000007c1d9a4a)
[   22.043227] CPU: 2 PID: 580 Comm: sed Tainted: G         C        4.19.118-v8+ #1311
[   22.053209] Hardware name: Raspberry Pi 3 Model B Plus Rev 1.3 (DT)
[   22.060641] pstate: 80000005 (Nzcv daif -PAN -UAO)
[   22.066624] pc : refcount_dec_not_one+0x0/0xc0
[   22.072236] lr : refcount_dec_and_lock_irqsave+0x20/0x80
[   22.078715] sp : ffffff800a50bbe0
[   22.083192] x29: ffffff800a50bbe0 x28: ffffffc034a53a00 
[   22.089693] x27: 0000000000000000 x26: 0000000000000000 
[   22.096200] x25: ffffffc033dd34e0 x24: ffffffc033fd5a10 
[   22.102713] x23: ffffffc039560f20 x22: ffffffc034175480 
[   22.109181] x21: ffffff800a50bc40 x20: ffffff8008dd21a0 
[   22.115622] x19: ffffff8034a850c0 x18: 0000000000000000 
[   22.122018] x17: 0000000000000010 x16: 0000000000000000 
[   22.128380] x15: 0000000000000000 x14: 0000000000000000 
[   22.134686] x13: 00000000000ffe00 x12: 00000000ffe01000 
[   22.140927] x11: 0000000000000000 x10: 0000000000000000 
[   22.147118] x9 : 0000004031edd000 x8 : 0000000000000000 
[   22.153253] x7 : ffffff8008cc8688 x6 : 0000000000000003 
[   22.159333] x5 : 0000000000000000 x4 : ffffff80082a1394 
[   22.165393] x3 : ffffff800a50bc80 x2 : ffffff800a50bc40 
[   22.171412] x1 : ffffff8008dd21a0 x0 : ffffff8034a850c0 
[   22.177396] Call trace:
[   22.180467]  refcount_dec_not_one+0x0/0xc0
[   22.185186]  free_uid+0x4c/0xd0
[   22.188932]  free_pipe_info+0x3c/0xa8
[   22.193193]  put_pipe_info+0x50/0x78
[   22.197354]  pipe_release+0xa8/0xc0
[   22.201422]  __fput+0x90/0x1b8
[   22.205044]  ____fput+0x20/0x30
[   22.208741]  task_work_run+0x9c/0xb8
[   22.212879]  do_exit+0x334/0xa88
[   22.216669]  do_group_exit+0x3c/0xa0
[   22.220799]  __arm64_sys_exit_group+0x24/0x28
[   22.225736]  el0_svc_common+0xf4/0x1c0
[   22.230081]  el0_svc_compat_handler+0x30/0x40
[   22.235051]  el0_svc_compat+0x8/0x18
[   22.239231] Code: 97ffffca a8c17bfd d65f03c0 d503201f (b9400003) 
[   22.245996] ---[ end trace de7987002a4c60f5 ]---
[   22.259316] Fixing recursive fault but reboot is needed!
pi
Password: 
Last login: Fri Jul 24 15:31:52 CEST 2020 on ttyAMA0
Linux raspberrypi 4.19.118-v8+ #1311 SMP PREEMPT Mon Apr 27 14:32:38 BST 2020 aarch64

The programs included with the Debian GNU/Linux system are free software;
the exact distribution terms for each program are described in the
individual files in /usr/share/doc/*/copyright.

Debian GNU/Linux comes with ABSOLUTELY NO WARRANTY, to the extent
permitted by applicable law.
[   30.654473] Unable to handle kernel paging request at virtual address fffbffaf00c7b4c8
[   30.669903] Mem abort info:
[   30.673450]   ESR = 0x96000004
[   30.677291]   Exception class = DABT (current EL), IL = 32 bits
[   30.689864]   SET = 0, FnV = 0
[   30.693712]   EA = 0, S1PTW = 0
[   30.697647] Data abort info:
[   30.701333]   ISV = 0, ISS = 0x00000004
[   30.705977]   CM = 0, WnR = 0
[   30.709731] [fffbffaf00c7b4c8] address between user and kernel address ranges
[   30.717759] Internal error: Oops: 96000004 [#2] PREEMPT SMP
[   30.724219] Modules linked in: cfg80211 rfkill 8021q garp stp llc binfmt_misc bcm2835_codec(C) bcm2835_v4l2(C) v4l2_mem2mem bcm2835_mmal_vchiq(C) v4l2_common videobuf2_dma_conti
g videobuf2_vmalloc videobuf2_memops videobuf2_v4l2 videobuf2_common videodev raspberrypi_hwmon media hwmon vc_sm_cma(C) uio_pdrv_genirq uio ip_tables x_tables ipv6
[   30.759393] Process 90gpg-agent (pid: 600, stack limit = 0x00000000ba63520c)
[   30.767576] CPU: 1 PID: 600 Comm: 90gpg-agent Tainted: G      D  C        4.19.118-v8+ #1311
[   30.778275] Hardware name: Raspberry Pi 3 Model B Plus Rev 1.3 (DT)
[   30.785689] pstate: 80000005 (Nzcv daif -PAN -UAO)
[   30.791605] pc : free_pages_and_swap_cache+0x54/0x100
[   30.797791] lr : free_pages_and_swap_cache+0x3c/0x100
[   30.803962] sp : ffffff800a52bb90
[   30.808375] x29: ffffff800a52bb90 x28: ffffffc032580000 
[   30.814783] x27: 0000000000000000 x26: 0000000000000000 
[   30.821204] x25: ffffffc032530760 x24: ffffffc033293010 
[   30.827641] x23: 00000000000001d7 x22: ffffff8008cc8000 
[   30.834069] x21: 00000000000001d7 x20: 0000000000000053 
[   30.840497] x19: fffbffaf00c7b4c0 x18: 0000000000000000 
[   30.846891] x17: 0000000000000002 x16: 0000000000000000 
[   30.853241] x15: 0000000000000000 x14: 0000000000000000 
[   30.859538] x13: 00000000000ffe00 x12: 00000000ffe01000 
[   30.865771] x11: 0000000000000000 x10: 0000000000000000 
[   30.871952] x9 : 0000004031edd000 x8 : 0000000000000000 
[   30.878075] x7 : ffffff8008cc8688 x6 : ffffff8008cc8000 
[   30.884158] x5 : ffffff8008cc8e00 x4 : 0000004031edd000 
[   30.890197] x3 : 0000000000000001 x2 : 0000000000000000 
[   30.896201] x1 : ffffffbf00c7b448 x0 : 000000000001046c 
Every 2.0s: systemctl status uvbench.s...  raspberrypi: Fri Jul 24 15:50:36 2020

��● uvbench.service - Under-volting benchmark
   Loaded: loaded (/etc/systemd/system/uvbench.service; enabled; vendor preset:
enabled)
   Active: activating (start) since Fri 2020-07-24 15:34:08 CEST; 16min ago
 Main PID: 451 (uvbench.sh)
    Tasks: 7 (limit: 1088)
   Memory: 4.1M
   CGroup: /system.slice/uvbench.service
           ��├��─451 /bin/sh /home/pi/uvbench.sh run -t 61
           ��├��─484 ./test -i
           ��├��─486 ./test -i
           ��├��─578 /bin/sh /home/pi/uvbench.sh run -t 61
           ��└��─580 [sed]

Jul 24 15:34:08 raspberrypi systemd[1]: Starting Under-volting benchmark...
Jul 24 15:34:08 raspberrypi uvbench.sh[451]: run: Fri Jul 24 15:34:08 CEST 2020
Jul 24 15:34:08 raspberrypi sudo[469]:       pi : TTY=unknown ; PWD=/home/pi ; U
SER=root ; COMMAND=/usr/bin/cpupower frequency-set -g performance
Jul 24 15:34:08 raspberrypi sudo[469]: pam_unix(sudo:session): session opened fo
r user root by (uid=0)
Jul 24 15:34:08 raspberrypi uvbench.sh[451]: Setting cpu: 0
Jul 24 15:34:08 raspberrypi uvbench.sh[451]: Setting cpu: 1                    [   63.821859] Unable to handle kernel paging request at virtual address efffff8008ce1658
[   63.831373] Mem abort info:
[   63.834948]   ESR = 0x96000004
[   63.838765]   Exception class = DABT (current EL), IL = 32 bits
[   63.845489]   SET = 0, FnV = 0
[   63.849320]   EA = 0, S1PTW = 0
[   63.853244] Data abort info:
[   63.856896]   ISV = 0, ISS = 0x00000004
[   63.861513]   CM = 0, WnR = 0
[   63.865252] [efffff8008ce1658] address between user and kernel address ranges
[   63.873245] Internal error: Oops: 96000004 [#3] PREEMPT SMP
[   63.879696] Modules linked in: cfg80211 rfkill 8021q garp stp llc binfmt_misc bcm2835_codec(C) bcm2835_v4l2(C) v4l2_mem2mem bcm2835_mmal_vchiq(C) v4l2_common videobuf2_dma_conti
g videobuf2_vmalloc videobuf2_memops videobuf2_v4l2 videobuf2_common videodev raspberrypi_hwmon media hwmon vc_sm_cma(C) uio_pdrv_genirq uio ip_tables x_tables ipv6
[   63.914878] Process swapper/1 (pid: 0, stack limit = 0x0000000053d60d48)
[   63.922708] CPU: 1 PID: 0 Comm: swapper/1 Tainted: G      D  C        4.19.118-v8+ #1311
[   63.933039] Hardware name: Raspberry Pi 3 Model B Plus Rev 1.3 (DT)
[   63.940447] pstate: 20000085 (nzCv daIf -PAN -UAO)
[   63.946358] pc : rcu_check_callbacks+0x134/0xa58
[   63.952097] lr : rcu_check_callbacks+0xd8/0xa58
[   63.957741] sp : ffffff800800bd00
[   63.962143] x29: ffffff800800bd00 x28: 0000000000000007 
[   63.968548] x27: efffff8008ce0c40 x26: 0000000000000080 
[   63.974948] x25: ffffff8008cac018 x24: ffffff8008ae0000 
[   63.981345] x23: ffffff8008ae0000 x22: ffffff8008cc8000 
[   63.987734] x21: ffffff8008cc9000 x20: ffffff8008ce2000 
[   63.994108] x19: 0000000000000000 x18: 0000000000000000 
[   64.000447] x17: 0000000000000000 x16: 0000000000000000 
[   64.006740] x15: 0000000000000000 x14: 0000000000000000 
[   64.012979] x13: 00000000000ffe00 x12: 00000000ffe01000 
[   64.019158] x11: 0000000000000000 x10: 0000000000001930 
[   64.025278] x9 : ffffff8008efbe70 x8 : 0000000000000040 
[   64.031349] x7 : efffff8008ce17d8 x6 : 002bea4b742a924b 
[   64.037381] x5 : 0000000000000018 x4 : 0000004031edd000 
[   64.043378] x3 : 0000000000010001 x2 : ffffff8008cac018 
[   64.049335] x1 : ffffff8008ce3040 x0 : ffffff8008ae0310 
[   64.055261] Call trace:
[   64.058274]  rcu_check_callbacks+0x134/0xa58
[   64.063112]  update_process_times+0x34/0x60
[   64.067855]  tick_sched_handle.isra.5+0x44/0x68
[   64.072965]  tick_sched_timer+0x5c/0xb0
[   64.077365]  __hrtimer_run_queues+0x118/0x380
[   64.082294]  hrtimer_interrupt+0xf8/0x258
[   64.086895]  arch_timer_handler_phys+0x3c/0x50
[   64.091947]  handle_percpu_devid_irq+0xa4/0x2a0
[   64.097096]  generic_handle_irq+0x34/0x50
[   64.101739]  __handle_domain_irq+0x8c/0x100
[   64.106562]  bcm2836_arm_irqchip_handle_irq+0x68/0xd8
[   64.112291]  el1_irq+0xb4/0x130
[   64.116124]  arch_cpu_idle+0x30/0x1f0
[   64.120494]  default_idle_call+0x24/0x40
[   64.125140]  do_idle+0x224/0x240
[   64.129082]  cpu_startup_entry+0x2c/0x30
[   64.133732]  secondary_start_kernel+0x188/0x1d8
[   64.138997] Code: d0005bf6 f90057a0 910c42e0 f90053a0 (f9450f68) 
[   64.145868] ---[ end trace de7987002a4c60f7 ]---
[   64.151269] Kernel panic - not syncing: Fatal exception in interrupt
[   64.158440] SMP: stopping secondary CPUs
[   64.163172] Kernel Offset: disabled
[   64.167463] CPU features: 0x0,24002004
[   64.172010] Memory Limit: none
[   64.175863] ---[ end Kernel panic - not syncing: Fatal exception in interrupt ]---
