[    0.000000] Booting Linux on physical CPU 0x0000000000 [0x410fd034]
[    0.000000] Linux version 4.19.118-v8+ (dom@buildbot) (gcc version 5.4.0 20160609 (Ubuntu/Linaro 5.4.0-6ubuntu1~16.04.9)) #1311 SMP PREEMPT Mon Apr 27 14:32:38 BST 2020
[    0.000000] Machine model: Raspberry Pi 3 Model B Plus Rev 1.3
[    0.000000] efi: Getting EFI parameters from FDT:
[    0.000000] efi: UEFI not found.
[    0.000000] cma: Reserved 8 MiB at 0x000000003ac00000
[    0.000000] random: get_random_bytes called from start_kernel+0xb8/0x47c with crng_init=0
[    0.000000] percpu: Embedded 24 pages/cpu s58840 r8192 d31272 u98304
[    0.000000] Detected VIPT I-cache on CPU0
[    0.000000] CPU features: enabling workaround for ARM erratum 843419
[    0.000000] CPU features: enabling workaround for ARM erratum 845719
[    0.000000] Built 1 zonelists, mobility grouping on.  Total pages: 238896
[    0.000000] Kernel command line: coherent_pool=1M 8250.nr_uarts=1 snd_bcm2835.enable_compat_alsa=0 snd_bcm2835.enable_hdmi=1 snd_bcm2835.enable_headphones=1 bcm2708_fb.fbwidth=6
56 bcm2708_fb.fbheight=416 bcm2708_fb.fbswap=1 vc_mem.mem_base=0x3ec00000 vc_mem.mem_size=0x40000000  dwc_otg.lpm_enable=0 console=ttyAMA0,115200 console=tty1 root=PARTUUID=4c99987
7-02 rootfstype=ext4 elevator=deadline fsck.repair=yes rootwait
[    0.000000] Dentry cache hash table entries: 131072 (order: 8, 1048576 bytes)
[    0.000000] Inode-cache hash table entries: 65536 (order: 7, 524288 bytes)
[    0.000000] Memory: 929092K/970752K available (8700K kernel code, 1074K rwdata, 2760K rodata, 1024K init, 1126K bss, 33468K reserved, 8192K cma-reserved)
[    0.000000] SLUB: HWalign=64, Order=0-3, MinObjects=0, CPUs=4, Nodes=1
[    0.000000] ftrace: allocating 30496 entries in 120 pages
[    0.000000] rcu: Preemptible hierarchical RCU implementation.
[    0.000000] rcu:     RCU restricting CPUs from NR_CPUS=64 to nr_cpu_ids=4.
[    0.000000]  Tasks RCU enabled.
[    0.000000] rcu: Adjusting geometry for rcu_fanout_leaf=16, nr_cpu_ids=4
[    0.000000] NR_IRQS: 64, nr_irqs: 64, preallocated irqs: 0
[    0.000000] arch_timer: cp15 timer(s) running at 19.20MHz (phys).
[    0.000000] clocksource: arch_sys_counter: mask: 0xffffffffffffff max_cycles: 0x46d987e47, max_idle_ns: 440795202767 ns
[    0.000007] sched_clock: 56 bits at 19MHz, resolution 52ns, wraps every 4398046511078ns
[    0.000273] Console: colour dummy device 80x25
[    0.000939] console [tty1] enabled
[    0.001009] Calibrating delay loop (skipped), value calculated using timer frequency.. 38.40 BogoMIPS (lpj=76800)
[    0.001061] pid_max: default: 32768 minimum: 301
[    0.001490] Mount-cache hash table entries: 2048 (order: 2, 16384 bytes)
[    0.001547] Mountpoint-cache hash table entries: 2048 (order: 2, 16384 bytes)
[    0.024103] ASID allocator initialised with 32768 entries
[    0.032098] rcu: Hierarchical SRCU implementation.
[    0.040730] EFI services will not be available.
[    0.048176] smp: Bringing up secondary CPUs ...
[    0.080443] Detected VIPT I-cache on CPU1
[    0.080512] CPU1: Booted secondary processor 0x0000000001 [0x410fd034]
[    0.112568] Detected VIPT I-cache on CPU2
[    0.112617] CPU2: Booted secondary processor 0x0000000002 [0x410fd034]
[    0.144734] Detected VIPT I-cache on CPU3
[    0.144780] CPU3: Booted secondary processor 0x0000000003 [0x410fd034]
[    0.144965] smp: Brought up 1 node, 4 CPUs
[    0.145119] SMP: Total of 4 processors activated.
[    0.145153] CPU features: detected: 32-bit EL0 Support
[    0.146127] CPU: All CPU(s) started at EL2
[    0.146200] alternatives: patching kernel code
[    0.147826] devtmpfs: initialized
[    0.164104] Enabled cp15_barrier support
[    0.164171] Enabled setend support
[    0.164748] clocksource: jiffies: mask: 0xffffffff max_cycles: 0xffffffff, max_idle_ns: 7645041785100000 ns
[    0.164811] futex hash table entries: 1024 (order: 4, 65536 bytes)
[    0.165531] pinctrl core: initialized pinctrl subsystem
[    0.166425] DMI not present or invalid.
[    0.166996] NET: Registered protocol family 16
[    0.173450] cpuidle: using governor menu
[    0.174075] hw-breakpoint: found 6 breakpoint and 4 watchpoint registers.
[    0.178755] DMA: preallocated 1024 KiB pool for atomic allocations
[    0.178935] Serial: AMBA PL011 UART driver
[    0.183541] bcm2835-mbox 3f00b880.mailbox: mailbox enabled
[    0.192926] raspberrypi-firmware soc:firmware: Attached to firmware from 2020-04-15 11:43, variant start
[    0.196944] raspberrypi-firmware soc:firmware: Firmware hash is 82f9bb929ce2186eb1824178c1ae82902ad6275c
[    0.245976] bcm2835-dma 3f007000.dma: DMA legacy API manager at (____ptrval____), dmachans=0x1
[    0.249310] vgaarb: loaded
[    0.249811] SCSI subsystem initialized
[    0.250112] usbcore: registered new interface driver usbfs
[    0.250207] usbcore: registered new interface driver hub
[    0.250395] usbcore: registered new device driver usb
[    0.250554] pps_core: LinuxPPS API ver. 1 registered
[    0.250587] pps_core: Software ver. 5.3.6 - Copyright 2005-2007 Rodolfo Giometti <giometti@linux.it>
[    0.250656] PTP clock support registered
[    0.252478] clocksource: Switched to clocksource arch_sys_counter
[    0.377702] VFS: Disk quotas dquot_6.6.0
[    0.377844] VFS: Dquot-cache hash table entries: 512 (order 0, 4096 bytes)
[    0.378077] FS-Cache: Loaded
[    0.378340] CacheFiles: Loaded
[    0.390386] NET: Registered protocol family 2
[    0.391355] tcp_listen_portaddr_hash hash table entries: 512 (order: 1, 8192 bytes)
[    0.391430] TCP established hash table entries: 8192 (order: 4, 65536 bytes)
[    0.391574] TCP bind hash table entries: 8192 (order: 5, 131072 bytes)
[    0.391802] TCP: Hash tables configured (established 8192 bind 8192)
[    0.392085] UDP hash table entries: 512 (order: 2, 16384 bytes)
[    0.392162] UDP-Lite hash table entries: 512 (order: 2, 16384 bytes)
[    0.392592] NET: Registered protocol family 1
[    0.393553] RPC: Registered named UNIX socket transport module.
[    0.393590] RPC: Registered udp transport module.
[    0.393621] RPC: Registered tcp transport module.
[    0.393650] RPC: Registered tcp NFSv4.1 backchannel transport module.
[    0.396324] hw perfevents: enabled with armv8_cortex_a53 PMU driver, 7 counters available
[    0.396587] kvm [1]: 8-bit VMID
[    0.397426] kvm [1]: Hyp mode initialized successfully
[    0.402349] Initialise system trusted keyrings
[    0.402699] workingset: timestamp_bits=46 max_order=18 bucket_order=0
[    0.415023] FS-Cache: Netfs 'nfs' registered for caching
[    0.416093] NFS: Registering the id_resolver key type
[    0.416152] Key type id_resolver registered
[    0.416183] Key type id_legacy registered
[    0.416224] nfs4filelayout_init: NFSv4 File Layout Driver Registering...
[    0.423951] Key type asymmetric registered
[    0.424000] Asymmetric key parser 'x509' registered
[    0.424100] Block layer SCSI generic (bsg) driver version 0.4 loaded (major 248)
[    0.424426] io scheduler noop registered
[    0.424511] io scheduler deadline registered (default)
[    0.424806] io scheduler cfq registered
[    0.424840] io scheduler mq-deadline registered (default)
[    0.424873] io scheduler kyber registered
[    0.428424] bcm2708_fb soc:fb: FB found 1 display(s)
[    0.439734] Console: switching to colour frame buffer device 82x26
[    0.444653] bcm2708_fb soc:fb: Registered framebuffer for display 0, size 656x416
[    0.452023] Serial: 8250/16550 driver, 1 ports, IRQ sharing enabled
[    0.456609] bcm2835-rng 3f104000.rng: hwrng registered
[    0.459535] vc-mem: phys_addr:0x00000000 mem_base=0x3ec00000 mem_size:0x40000000(1024 MiB)
[    0.465426] gpiomem-bcm2835 3f200000.gpiomem: Initialised: Registers at 0x3f200000
[    0.470944] cacheinfo: Unable to detect cache hierarchy for CPU 0
[    0.489357] brd: module loaded
[    0.507597] loop: module loaded
[    0.511322] Loading iSCSI transport class v2.0-870.
[    0.516654] libphy: Fixed MDIO Bus: probed
[    0.519575] usbcore: registered new interface driver r8152
[    0.522224] usbcore: registered new interface driver lan78xx
[    0.524835] usbcore: registered new interface driver smsc95xx
[    0.527689] dwc_otg: version 3.00a 10-AUG-2012 (platform bus)
[    0.558220] dwc_otg 3f980000.usb: base=(____ptrval____)
[    0.773983] Core Release: 2.80a
[    0.776504] Setting default values for core params
[    0.779017] Finished setting default values for core params
[    0.995164] Using Buffer DMA mode
[    0.997572] Periodic Transfer Interrupt Enhancement - disabled
[    0.999990] Multiprocessor Interrupt Enhancement - disabled
[    1.002417] OTG VER PARAM: 0, OTG VER FLAG: 0
[    1.004786] Dedicated Tx FIFOs mode
[    1.007906] WARN::dwc_otg_hcd_init:1074: FIQ DMA bounce buffers: virt = ffffff80090c1000 dma = 0x00000000fad14000 len=9024
[    1.012437] FIQ FSM acceleration enabled for :
[    1.012437] Non-periodic Split Transactions
[    1.012437] Periodic Split Transactions
[    1.012437] High-Speed Isochronous Endpoints
[    1.012437] Interrupt/Control Split Transaction hack enabled
[    1.023225] WARN::hcd_init_fiq:497: MPHI regs_base at ffffff800805d000
[    1.025555] dwc_otg 3f980000.usb: DWC OTG Controller
[    1.027865] dwc_otg 3f980000.usb: new USB bus registered, assigned bus number 1
[    1.030346] dwc_otg 3f980000.usb: irq 9, io mem 0x00000000
[    1.032776] Init: Port Power? op_state=1
[    1.035097] Init: Power Port (0)
[    1.037763] usb usb1: New USB device found, idVendor=1d6b, idProduct=0002, bcdDevice= 4.19
[    1.042506] usb usb1: New USB device strings: Mfr=3, Product=2, SerialNumber=1
[    1.045115] usb usb1: Product: DWC OTG Controller
[    1.047594] usb usb1: Manufacturer: Linux 4.19.118-v8+ dwc_otg_hcd
[    1.050125] usb usb1: SerialNumber: 3f980000.usb
[    1.053398] hub 1-0:1.0: USB hub found
[    1.055893] hub 1-0:1.0: 1 port detected
[    1.059488] usbcore: registered new interface driver uas
[    1.061943] usbcore: registered new interface driver usb-storage
[    1.064500] mousedev: PS/2 mouse device common for all mice
[    1.068332] bcm2835-wdt bcm2835-wdt: Broadcom BCM2835 watchdog timer
[    1.072251] cpufreq: cpufreq_online: CPU0: Running at unlisted freq: 600000 KHz
[    1.077045] cpufreq: cpufreq_online: CPU0: Unlisted initial frequency changed to: 700000 KHz
[    1.080307] sdhci: Secure Digital Host Controller Interface driver
[    1.081398] sdhci: Copyright(c) Pierre Ossman
[    1.082763] sdhost-bcm2835 3f202000.mmc: could not get clk, deferring probe
[    1.083971] sdhci-pltfm: SDHCI platform and OF driver helper
[    1.086484] ledtrig-cpu: registered to indicate activity on CPUs
[    1.087715] hidraw: raw HID events driver (C) Jiri Kosina
[    1.088952] usbcore: registered new interface driver usbhid
[    1.090034] usbhid: USB HID core driver
[    1.091692] vchiq: vchiq_init_state: slot_zero = (____ptrval____), is_master = 0
[    1.095942] Initializing XFRM netlink socket
[    1.097081] NET: Registered protocol family 17
[    1.098247] Key type dns_resolver registered
[    1.100011] registered taskstats version 1
[    1.101123] Loading compiled-in X.509 certificates
[    1.107862] uart-pl011 3f201000.serial: cts_event_workaround enabled
[    1.109128] 3f201000.serial: ttyAMA0 at MMIO 0x3f201000 (irq = 66, base_baud = 0) is a PL011 rev2
[    2.109603] console [ttyAMA0] enabled
[    2.115390] bcm2835-power bcm2835-power: Broadcom BCM2835 power domains driver
[    2.124644] sdhost: log_buf @ (____ptrval____) (fad13000)
[    2.179796] mmc0: sdhost-bcm2835 loaded - DMA enabled (>1)
[    2.188127] of_cfs_init
[    2.191775] of_cfs_init: OK
[    2.196138] Waiting for root device PARTUUID=4c999877-02...
[    2.228573] Indeed it is in host mode hprt0 = 00021501
[    2.270530] mmc0: host does not support reading read-only switch, assuming write-enable
[    2.297877] mmc0: new high speed SDHC card at address aaaa
[    2.313276] mmcblk0: mmc0:aaaa SC16G 14.8 GiB
[    2.328125]  mmcblk0: p1 p2
[    2.342046] random: fast init done
[    2.352437] EXT4-fs (mmcblk0p2): INFO: recovery required on readonly filesystem
[    2.360892] EXT4-fs (mmcblk0p2): write access will be enabled during recovery
[    2.403909] EXT4-fs (mmcblk0p2): recovery complete
[    2.413819] EXT4-fs (mmcblk0p2): mounted filesystem with ordered data mode. Opts: (null)
[    2.424111] VFS: Mounted root (ext4 filesystem) readonly on device 179:2.
[    2.443020] devtmpfs: mounted
[    2.444497] usb 1-1: new high-speed USB device number 2 using dwc_otg
[    2.450607] Freeing unused kernel memory: 1024K
[    2.454770] Indeed it is in host mode hprt0 = 00001101
[    2.460356] Run /sbin/init as init process
[    2.676792] usb 1-1: New USB device found, idVendor=0424, idProduct=2514, bcdDevice= b.b3
[    2.687316] usb 1-1: New USB device strings: Mfr=0, Product=0, SerialNumber=0
[    2.696242] hub 1-1:1.0: USB hub found
[    2.701337] hub 1-1:1.0: 4 ports detected
[    2.992501] usb 1-1.1: new high-speed USB device number 3 using dwc_otg
[    3.097929] systemd[1]: System time before build time, advancing clock.
[    3.106033] usb 1-1.1: New USB device found, idVendor=0424, idProduct=2514, bcdDevice= b.b3
[    3.116786] usb 1-1.1: New USB device strings: Mfr=0, Product=0, SerialNumber=0
[    3.125511] hub 1-1.1:1.0: USB hub found
[    3.130768] hub 1-1.1:1.0: 3 ports detected
[    3.264212] NET: Registered protocol family 10
[    3.270777] Segment Routing with IPv6
[    3.320168] systemd[1]: systemd 241 running in system mode. (+PAM +AUDIT +SELINUX +IMA +APPARMOR +SMACK +SYSVINIT +UTMP +LIBCRYPTSETUP +GCRYPT +GNUTLS +ACL +XZ +LZ4 +SECCOMP +BL
KID +ELFUTILS +KMOD -IDN2 +IDN -PCRE2 default-hierarchy=hybrid)
[    3.345765] systemd[1]: Detected architecture arm64.
[    3.363000] systemd[1]: Set hostname to <raspberrypi>.
[    3.453478] uart-pl011 3f201000.serial: no DMA platform data
[    3.666011] random: crng init done
[    3.724517] usb 1-1.1.1: new high-speed USB device number 4 using dwc_otg
[    3.840960] usb 1-1.1.1: New USB device found, idVendor=0424, idProduct=7800, bcdDevice= 3.00
[    3.851963] usb 1-1.1.1: New USB device strings: Mfr=0, Product=0, SerialNumber=0
[    3.988423] systemd[1]: Created slice system-serial\x2dgetty.slice.
[    3.999563] systemd[1]: Created slice system-systemd\x2dfsck.slice.
[    4.009820] systemd[1]: Listening on initctl Compatibility Named Pipe.
[    4.020791] systemd[1]: Listening on Journal Socket.
[    4.033022] systemd[1]: Mounting RPC Pipe File System...
[    4.045833] systemd[1]: Mounting Kernel Debug File System...
[    4.055352] systemd[1]: Listening on fsck to fsckd communication Socket.
[    4.129692] lan78xx 1-1.1.1:1.0 (unnamed net_device) (uninitialized): No External EEPROM. Setting MAC Speed
[    4.142584] libphy: lan78xx-mdiobus: probed
[    4.174516] lan78xx 1-1.1.1:1.0 (unnamed net_device) (uninitialized): int urb period 64
[    6.804471] Unable to handle kernel paging request at virtual address 0049128030311c98
[    6.814279] Mem abort info:
[    6.817970]   ESR = 0x96000004
[    6.821908]   Exception class = DABT (current EL), IL = 32 bits
[    6.828778]   SET = 0, FnV = 0
[    6.832753]   EA = 0, S1PTW = 0
[    6.836778] Data abort info:
[    6.840528]   ISV = 0, ISS = 0x00000004
[    6.845214]   CM = 0, WnR = 0
[    6.849009] [0049128030311c98] address between user and kernel address ranges
[    6.857048] Internal error: Oops: 96000004 [#1] PREEMPT SMP
[    6.863548] Modules linked in: binfmt_misc bcm2835_codec(C) bcm2835_v4l2(C) v4l2_mem2mem bcm2835_mmal_vchiq(C) v4l2_common videobuf2_vmalloc videobuf2_dma_contig videobuf2_memop
s videobuf2_v4l2 videobuf2_common videodev raspberrypi_hwmon media hwmon vc_sm_cma(C) uio_pdrv_genirq uio ip_tables x_tables ipv6
[    6.894638] Process swapper/1 (pid: 0, stack limit = 0x0000000038b968c2)
[    6.902401] CPU: 1 PID: 0 Comm: swapper/1 Tainted: G         C        4.19.118-v8+ #1311
[    6.912637] Hardware name: Raspberry Pi 3 Model B Plus Rev 1.3 (DT)
[    6.920039] pstate: 80000085 (Nzcv daIf -PAN -UAO)
[    6.925943] pc : __hrtimer_run_queues+0xb0/0x380
[    6.931634] lr : hrtimer_interrupt+0xf8/0x258
[    6.937064] sp : ffffff800800be20
[    6.941453] x29: ffffff800800be20 x28: 0000000000000005 
[    6.947847] x27: ffffff8008cac018 x26: 0000000000000080 
[    6.954210] x25: ffffff8008cac018 x24: ffffffc03ab9178c 
[    6.960574] x23: 00000001954fcb4e x22: ffffffc03ab91780 
[    6.966941] x21: ffffffc03ab91780 x20: ffffffc03ab917c0 
[    6.973298] x19: 8749128030311c78 x18: 0000000000000000 
[    6.979670] x17: 0000000000000000 x16: 0000000000000000 
[    6.986003] x15: 0000000000000000 x14: ffffff8008cdbb08 
[    6.992296] x13: 0000000000000000 x12: 0000000000000000 
[    6.998546] x11: 0000000000000000 x10: 0000000000001930 
[    7.004732] x9 : ffffff8008efbe70 x8 : 0000000000000040 
[    7.010874] x7 : 0000000000000000 x6 : ffffffc039000920 
[    7.016978] x5 : ffffffc03950be00 x4 : 0000004031edd000 
[    7.023041] x3 : 000000000000000f x2 : 0000000000000080 
[    7.029070] x1 : 00000001954fcb4e x0 : 00000001954fcb4e 
[    7.035066] Call trace:
[    7.038149]  __hrtimer_run_queues+0xb0/0x380
[    7.043058]  hrtimer_interrupt+0xf8/0x258
[    7.047700]  arch_timer_handler_phys+0x3c/0x50
[    7.052780]  handle_percpu_devid_irq+0xa4/0x2a0
[    7.057944]  generic_handle_irq+0x34/0x50
[    7.062586]  __handle_domain_irq+0x8c/0x100
[    7.067423]  bcm2836_arm_irqchip_handle_irq+0x68/0xd8
[    7.073152]  el1_irq+0xb4/0x130
[    7.076972]  arch_cpu_idle+0x30/0x1f0
[    7.081321]  default_idle_call+0x24/0x40
[    7.085922]  do_idle+0x224/0x240
[    7.089827]  cpu_startup_entry+0x2c/0x30
[    7.094443]  secondary_start_kernel+0x188/0x1d8
[    7.099687] Code: f9403ea0 8b000020 f9003ba0 b4000673 (f9401261) 
[    7.106550] ---[ end trace 2d187123ef60793a ]---
[    7.111944] Kernel panic - not syncing: Fatal exception in interrupt
[    7.119121] SMP: stopping secondary CPUs
[    7.123857] Kernel Offset: disabled
[    7.128159] CPU features: 0x0,24002004
[    7.132722] Memory Limit: none
[    7.136570] ---[ end Kernel panic - not syncing: Fatal exception in interrupt ]---
