[    0.000000] Booting Linux on physical CPU 0x0000000000 [0x410fd034]
[    0.000000] Linux version 4.19.118-v8+ (dom@buildbot) (gcc version 5.4.0 20160609 (Ubuntu/Linaro 5.4.0-6ubuntu1~16.04.9)) #1311 SMP PREEMPT Mon Apr 27 14:32:38 BST 2020
[    0.000000] Machine model: Raspberry Pi 3 Model B Plus Rev 1.3
[    0.000000] efi: Getting EFI parameters from FDT:
[    0.000000] efi: UEFI not found.
[    0.000000] cma: Reserved 8 MiB at 0x000000003ac00000
[    0.000000] random: get_random_bytes called from start_kernel+0xb8/0x47c with crng_init=0
[    0.000000] percpu: Embedded 24 pages/cpu s58840 r8192 d31272 u98304
[    0.000000] Detected VIPT I-cache on CPU0
[    0.000000] CPU features: enabling workaround for ARM erratum 843419
[    0.000000] CPU features: enabling workaround for ARM erratum 845719
[    0.000000] Built 1 zonelists, mobility grouping on.  Total pages: 238896
[    0.000000] Kernel command line: coherent_pool=1M 8250.nr_uarts=1 snd_bcm2835.enable_compat_alsa=0 snd_bcm2835.enable_hdmi=1 snd_bcm2835.enable_headphones=1 bcm2708_fb.fbwidth=6
56 bcm2708_fb.fbheight=416 bcm2708_fb.fbswap=1 vc_mem.mem_base=0x3ec00000 vc_mem.mem_size=0x40000000  dwc_otg.lpm_enable=0 console=ttyAMA0,115200 console=tty1 root=PARTUUID=4c99987
7-02 rootfstype=ext4 elevator=deadline fsck.repair=yes rootwait
[    0.000000] Dentry cache hash table entries: 131072 (order: 8, 1048576 bytes)
[    0.000000] Inode-cache hash table entries: 65536 (order: 7, 524288 bytes)
[    0.000000] Memory: 929092K/970752K available (8700K kernel code, 1074K rwdata, 2760K rodata, 1024K init, 1126K bss, 33468K reserved, 8192K cma-reserved)
[    0.000000] SLUB: HWalign=64, Order=0-3, MinObjects=0, CPUs=4, Nodes=1
[    0.000000] ftrace: allocating 30496 entries in 120 pages
[    0.000000] rcu: Preemptible hierarchical RCU implementation.
[    0.000000] rcu:     RCU restricting CPUs from NR_CPUS=64 to nr_cpu_ids=4.
[    0.000000]  Tasks RCU enabled.
[    0.000000] rcu: Adjusting geometry for rcu_fanout_leaf=16, nr_cpu_ids=4
[    0.000000] NR_IRQS: 64, nr_irqs: 64, preallocated irqs: 0
[    0.000000] arch_timer: cp15 timer(s) running at 19.20MHz (phys).
[    0.000000] clocksource: arch_sys_counter: mask: 0xffffffffffffff max_cycles: 0x46d987e47, max_idle_ns: 440795202767 ns
[    0.000007] sched_clock: 56 bits at 19MHz, resolution 52ns, wraps every 4398046511078ns
[    0.000272] Console: colour dummy device 80x25
[    0.000938] console [tty1] enabled
[    0.001009] Calibrating delay loop (skipped), value calculated using timer frequency.. 38.40 BogoMIPS (lpj=76800)
[    0.001062] pid_max: default: 32768 minimum: 301
[    0.001495] Mount-cache hash table entries: 2048 (order: 2, 16384 bytes)
[    0.001552] Mountpoint-cache hash table entries: 2048 (order: 2, 16384 bytes)
[    0.024101] ASID allocator initialised with 32768 entries
[    0.032097] rcu: Hierarchical SRCU implementation.
[    0.040744] EFI services will not be available.
[    0.048175] smp: Bringing up secondary CPUs ...
[    0.080440] Detected VIPT I-cache on CPU1
[    0.080508] CPU1: Booted secondary processor 0x0000000001 [0x410fd034]
[    0.112568] Detected VIPT I-cache on CPU2
[    0.112617] CPU2: Booted secondary processor 0x0000000002 [0x410fd034]
[    0.144731] Detected VIPT I-cache on CPU3
[    0.144777] CPU3: Booted secondary processor 0x0000000003 [0x410fd034]
[    0.144962] smp: Brought up 1 node, 4 CPUs
[    0.145115] SMP: Total of 4 processors activated.
[    0.145150] CPU features: detected: 32-bit EL0 Support
[    0.146120] CPU: All CPU(s) started at EL2
[    0.146194] alternatives: patching kernel code
[    0.147812] devtmpfs: initialized
[    0.164100] Enabled cp15_barrier support
[    0.164167] Enabled setend support
[    0.164750] clocksource: jiffies: mask: 0xffffffff max_cycles: 0xffffffff, max_idle_ns: 7645041785100000 ns
[    0.164811] futex hash table entries: 1024 (order: 4, 65536 bytes)
[    0.165530] pinctrl core: initialized pinctrl subsystem
[    0.166419] DMI not present or invalid.
[    0.166990] NET: Registered protocol family 16
[    0.173460] cpuidle: using governor menu
[    0.174084] hw-breakpoint: found 6 breakpoint and 4 watchpoint registers.
[    0.178758] DMA: preallocated 1024 KiB pool for atomic allocations
[    0.178936] Serial: AMBA PL011 UART driver
[    0.183530] bcm2835-mbox 3f00b880.mailbox: mailbox enabled
[    0.192926] raspberrypi-firmware soc:firmware: Attached to firmware from 2020-04-15 11:43, variant start
[    0.196944] raspberrypi-firmware soc:firmware: Firmware hash is 82f9bb929ce2186eb1824178c1ae82902ad6275c
[    0.245800] bcm2835-dma 3f007000.dma: DMA legacy API manager at (____ptrval____), dmachans=0x1
[    0.249102] vgaarb: loaded
[    0.249693] SCSI subsystem initialized
[    0.249991] usbcore: registered new interface driver usbfs
[    0.250086] usbcore: registered new interface driver hub
[    0.250268] usbcore: registered new device driver usb
[    0.250425] pps_core: LinuxPPS API ver. 1 registered
[    0.250459] pps_core: Software ver. 5.3.6 - Copyright 2005-2007 Rodolfo Giometti <giometti@linux.it>
[    0.250528] PTP clock support registered
[    0.252347] clocksource: Switched to clocksource arch_sys_counter
[    0.377499] VFS: Disk quotas dquot_6.6.0
[    0.377641] VFS: Dquot-cache hash table entries: 512 (order 0, 4096 bytes)
[    0.377925] FS-Cache: Loaded
[    0.378189] CacheFiles: Loaded
[    0.390211] NET: Registered protocol family 2
[    0.391177] tcp_listen_portaddr_hash hash table entries: 512 (order: 1, 8192 bytes)
[    0.391252] TCP established hash table entries: 8192 (order: 4, 65536 bytes)
[    0.391395] TCP bind hash table entries: 8192 (order: 5, 131072 bytes)
[    0.391623] TCP: Hash tables configured (established 8192 bind 8192)
[    0.391909] UDP hash table entries: 512 (order: 2, 16384 bytes)
[    0.391986] UDP-Lite hash table entries: 512 (order: 2, 16384 bytes)
[    0.392413] NET: Registered protocol family 1
[    0.393421] RPC: Registered named UNIX socket transport module.
[    0.393458] RPC: Registered udp transport module.
[    0.393489] RPC: Registered tcp transport module.
[    0.393519] RPC: Registered tcp NFSv4.1 backchannel transport module.
[    0.396114] hw perfevents: enabled with armv8_cortex_a53 PMU driver, 7 counters available
[    0.396315] kvm [1]: 8-bit VMID
[    0.397229] kvm [1]: Hyp mode initialized successfully
[    0.402151] Initialise system trusted keyrings
[    0.402493] workingset: timestamp_bits=46 max_order=18 bucket_order=0
[    0.414825] FS-Cache: Netfs 'nfs' registered for caching
[    0.415887] NFS: Registering the id_resolver key type
[    0.415958] Key type id_resolver registered
[    0.415989] Key type id_legacy registered
[    0.416032] nfs4filelayout_init: NFSv4 File Layout Driver Registering...
[    0.423789] Key type asymmetric registered
[    0.423838] Asymmetric key parser 'x509' registered
[    0.423936] Block layer SCSI generic (bsg) driver version 0.4 loaded (major 248)
[    0.424228] io scheduler noop registered
[    0.424262] io scheduler deadline registered (default)
[    0.424576] io scheduler cfq registered
[    0.424610] io scheduler mq-deadline registered (default)
[    0.424643] io scheduler kyber registered
[    0.428055] bcm2708_fb soc:fb: FB found 1 display(s)
[    0.439231] Console: switching to colour frame buffer device 82x26
[    0.444129] bcm2708_fb soc:fb: Registered framebuffer for display 0, size 656x416
[    0.451484] Serial: 8250/16550 driver, 1 ports, IRQ sharing enabled
[    0.455971] bcm2835-rng 3f104000.rng: hwrng registered
[    0.458953] vc-mem: phys_addr:0x00000000 mem_base=0x3ec00000 mem_size:0x40000000(1024 MiB)
[    0.464774] gpiomem-bcm2835 3f200000.gpiomem: Initialised: Registers at 0x3f200000
[    0.470294] cacheinfo: Unable to detect cache hierarchy for CPU 0
[    0.488745] brd: module loaded
[    0.506805] loop: module loaded
[    0.510513] Loading iSCSI transport class v2.0-870.
[    0.515784] libphy: Fixed MDIO Bus: probed
[    0.518756] usbcore: registered new interface driver r8152
[    0.521415] usbcore: registered new interface driver lan78xx
[    0.524006] usbcore: registered new interface driver smsc95xx
[    0.526880] dwc_otg: version 3.00a 10-AUG-2012 (platform bus)
[    0.557423] dwc_otg 3f980000.usb: base=(____ptrval____)
[    0.773591] Core Release: 2.80a
[    0.776081] Setting default values for core params
[    0.778623] Finished setting default values for core params
[    0.994772] Using Buffer DMA mode
[    0.997174] Periodic Transfer Interrupt Enhancement - disabled
[    0.999587] Multiprocessor Interrupt Enhancement - disabled
[    1.002011] OTG VER PARAM: 0, OTG VER FLAG: 0
[    1.004373] Dedicated Tx FIFOs mode
[    1.007547] WARN::dwc_otg_hcd_init:1074: FIQ DMA bounce buffers: virt = ffffff80090c1000 dma = 0x00000000fad14000 len=9024
[    1.012074] FIQ FSM acceleration enabled for :
[    1.012074] Non-periodic Split Transactions
[    1.012074] Periodic Split Transactions
[    1.012074] High-Speed Isochronous Endpoints
[    1.012074] Interrupt/Control Split Transaction hack enabled
[    1.022854] WARN::hcd_init_fiq:497: MPHI regs_base at ffffff800805d000
[    1.025163] dwc_otg 3f980000.usb: DWC OTG Controller
[    1.027471] dwc_otg 3f980000.usb: new USB bus registered, assigned bus number 1
[    1.029949] dwc_otg 3f980000.usb: irq 9, io mem 0x00000000
[    1.032377] Init: Port Power? op_state=1
[    1.034702] Init: Power Port (0)
[    1.037394] usb usb1: New USB device found, idVendor=1d6b, idProduct=0002, bcdDevice= 4.19
[    1.042147] usb usb1: New USB device strings: Mfr=3, Product=2, SerialNumber=1
[    1.044708] usb usb1: Product: DWC OTG Controller
[    1.047192] usb usb1: Manufacturer: Linux 4.19.118-v8+ dwc_otg_hcd
[    1.049725] usb usb1: SerialNumber: 3f980000.usb
[    1.053026] hub 1-0:1.0: USB hub found
[    1.055523] hub 1-0:1.0: 1 port detected
[    1.059114] usbcore: registered new interface driver uas
[    1.061573] usbcore: registered new interface driver usb-storage
[    1.064104] mousedev: PS/2 mouse device common for all mice
[    1.067957] bcm2835-wdt bcm2835-wdt: Broadcom BCM2835 watchdog timer
[    1.071896] cpufreq: cpufreq_online: CPU0: Running at unlisted freq: 600000 KHz
[    1.076668] cpufreq: cpufreq_online: CPU0: Unlisted initial frequency changed to: 700000 KHz
[    1.079925] sdhci: Secure Digital Host Controller Interface driver
[    1.081020] sdhci: Copyright(c) Pierre Ossman
[    1.082395] sdhost-bcm2835 3f202000.mmc: could not get clk, deferring probe
[    1.083606] sdhci-pltfm: SDHCI platform and OF driver helper
[    1.086095] ledtrig-cpu: registered to indicate activity on CPUs
[    1.087317] hidraw: raw HID events driver (C) Jiri Kosina
[    1.088556] usbcore: registered new interface driver usbhid
[    1.089639] usbhid: USB HID core driver
[    1.091331] vchiq: vchiq_init_state: slot_zero = (____ptrval____), is_master = 0
[    1.095597] Initializing XFRM netlink socket
[    1.096732] NET: Registered protocol family 17
[    1.097892] Key type dns_resolver registered
[    1.099670] registered taskstats version 1
[    1.100788] Loading compiled-in X.509 certificates
[    1.107518] uart-pl011 3f201000.serial: cts_event_workaround enabled
[    1.108780] 3f201000.serial: ttyAMA0 at MMIO 0x3f201000 (irq = 66, base_baud = 0) is a PL011 rev2
[    2.109246] console [ttyAMA0] enabled
[    2.114994] bcm2835-power bcm2835-power: Broadcom BCM2835 power domains driver
[    2.124317] sdhost: log_buf @ (____ptrval____) (fad13000)
[    2.180068] mmc0: sdhost-bcm2835 loaded - DMA enabled (>1)
[    2.188389] of_cfs_init
[    2.191981] of_cfs_init: OK
[    2.217718] Waiting for root device PARTUUID=4c999877-02...
[    2.224443] Indeed it is in host mode hprt0 = 00021501
[    2.298398] mmc0: host does not support reading read-only switch, assuming write-enable
[    2.313975] mmc0: new high speed SDHC card at address aaaa
[    2.321751] mmcblk0: mmc0:aaaa SC16G 14.8 GiB
[    2.328771] random: fast init done
[    2.335881]  mmcblk0: p1 p2
[    2.372713] EXT4-fs (mmcblk0p2): mounted filesystem with ordered data mode. Opts: (null)
[    2.383055] VFS: Mounted root (ext4 filesystem) readonly on device 179:2.
[    2.400948] devtmpfs: mounted
[    2.408166] Freeing unused kernel memory: 1024K
[    2.413919] Run /sbin/init as init process
[    2.420366] usb 1-1: new high-speed USB device number 2 using dwc_otg
[    2.428083] Indeed it is in host mode hprt0 = 00001101
[    2.644642] usb 1-1: New USB device found, idVendor=0424, idProduct=2514, bcdDevice= b.b3
[    2.655109] usb 1-1: New USB device strings: Mfr=0, Product=0, SerialNumber=0
[    2.663933] hub 1-1:1.0: USB hub found
[    2.669036] hub 1-1:1.0: 4 ports detected
[    2.960373] usb 1-1.1: new high-speed USB device number 3 using dwc_otg
[    3.048629] systemd[1]: System time before build time, advancing clock.
[    3.068646] usb 1-1.1: New USB device found, idVendor=0424, idProduct=2514, bcdDevice= b.b3
[    3.079393] usb 1-1.1: New USB device strings: Mfr=0, Product=0, SerialNumber=0
[    3.088417] hub 1-1.1:1.0: USB hub found
[    3.093682] hub 1-1.1:1.0: 3 ports detected
[    3.209082] NET: Registered protocol family 10
[    3.215597] Segment Routing with IPv6
[    3.265005] systemd[1]: systemd 241 running in system mode. (+PAM +AUDIT +SELINUX +IMA +APPARMOR +SMACK +SYSVINIT +UTMP +LIBCRYPTSETUP +GCRYPT +GNUTLS +ACL +XZ +LZ4 +SECCOMP +BL
KID +ELFUTILS +KMOD -IDN2 +IDN -PCRE2 default-hierarchy=hybrid)
[    3.290504] systemd[1]: Detected architecture arm64.
[    3.307681] systemd[1]: Set hostname to <raspberrypi>.
[    3.416264] uart-pl011 3f201000.serial: no DMA platform data
[    3.430913] systemd[90]: /lib/systemd/system-generators/systemd-debug-generator terminated by signal SEGV.
[    3.668217] random: crng init done
[    3.684378] usb 1-1.1.1: new high-speed USB device number 4 using dwc_otg
[    3.792797] usb 1-1.1.1: New USB device found, idVendor=0424, idProduct=7800, bcdDevice= 3.00
[    3.803727] usb 1-1.1.1: New USB device strings: Mfr=0, Product=0, SerialNumber=0
[    3.959726] systemd[1]: Created slice User and Session Slice.
[    3.968990] systemd[1]: Started Forward Password Requests to Wall Directory Watch.
[    3.982799] systemd[1]: Created slice system-getty.slice.
[    4.013113] systemd[1]: Condition check resulted in Journal Audit Socket being skipped.
[    4.024542] systemd[1]: Listening on Journal Socket.
[    4.036137] systemd[1]: Mounting POSIX Message Queue File System...
[    4.077967] lan78xx 1-1.1.1:1.0 (unnamed net_device) (uninitialized): No External EEPROM. Setting MAC Speed
[    4.091511] libphy: lan78xx-mdiobus: probed
[    4.112171] lan78xx 1-1.1.1:1.0 (unnamed net_device) (uninitialized): int urb period 64
[    4.302899] Unable to handle kernel paging request at virtual address efffff80081df790
[    4.313005] Mem abort info:
[    4.320033]   ESR = 0x86000004
[    4.324289]   Exception class = IABT (current EL), IL = 32 bits
[    4.331828]   SET = 0, FnV = 0
[    4.341378]   EA = 0, S1PTW = 0
[    4.345698] [efffff80081df790] address between user and kernel address ranges
[    4.354031] Internal error: Oops: 86000004 [#1] PREEMPT SMP
[    4.360687] Modules linked in: ip_tables x_tables ipv6
[    4.366866] Process systemd-journal (pid: 116, stack limit = 0x0000000010f91ce3)
[    4.376421] CPU: 1 PID: 116 Comm: systemd-journal Not tainted 4.19.118-v8+ #1311
[    4.386028] Hardware name: Raspberry Pi 3 Model B Plus Rev 1.3 (DT)
[    4.393447] pstate: 60000005 (nZCv daif -PAN -UAO)
[    4.399375] pc : 0xefffff80081df790
[    4.403983] lr : __bpf_prog_run32+0x4c/0x70
[    4.409282] sp : ffffff800998bbb0
[    4.413682] x29: ffffff800998bbb0 x28: ffffffc036d7d700 
[    4.420052] x27: 0000000000000000 x26: 0000000000000000 
[    4.426390] x25: 0000000000000020 x24: 0000000000000000 
[    4.432708] x23: ffffff80081defa8 x22: 0000000000000008 
[    4.439023] x21: ffffff800891c110 x20: ffffff800998bc48 
[    4.445323] x19: ffffff8008fa5048 x18: 0000000000000000 
[    4.451601] x17: 0000000000000000 x16: 0000000000000000 
[    4.457866] x15: 0000000000000000 x14: 0000000000000000 
[    4.464101] x13: 0000000000000000 x12: 0000000000000000 
[    4.470281] x11: 0000000000000000 x10: 0000000000000000 
[    4.476403] x9 : 0000000000003ec8 x8 : 0000000000000000 
[    4.482490] x7 : 0000000000000008 x6 : 0000000000002000 
[    4.488523] x5 : 5c12174d01c22c00 x4 : 0000000000000000 
[    4.494516] x3 : ffffff800998bc48 x2 : 0000000000000000 
[    4.500463] x1 : 00000000000000bf x0 : efffff80081df790 
[    4.506376] Call trace:
[    4.509383]  0xefffff80081df790
[    4.513062]  __bpf_prog_run32+0x4c/0x70
[    4.517432]  seccomp_run_filters+0x60/0xe0
[    4.522060]  __seccomp_filter+0x4c/0x210
[    4.526514]  __secure_computing+0x44/0xc0
[    4.531056]  syscall_trace_enter+0x16c/0x1a8
[    4.535861]  el0_svc_common+0x138/0x1c0
[    4.540254]  el0_svc_compat_handler+0x30/0x40
[    4.545173]  el0_svc_compat+0x8/0x18
[    4.549300] Code: bad PC value
[    4.552898] ---[ end trace 89fa6dcd7925890d ]---
[    4.628819] systemd-journald[154]: File /run/log/journal/cf639c59c939424fa334ee98c423561c/system.journal corrupted or uncleanly shut down, renaming and replacing.
[    4.878237] EXT4-fs (mmcblk0p2): re-mounted. Opts: (null)
[    5.300337] Unable to handle kernel paging request at virtual address ffffdf8000ce0c48
[    5.310369] Mem abort info:
[    5.310373]   ESR = 0x96000004
[    5.310376]   Exception class = DABT (current EL), IL = 32 bits
[    5.310383]   SET = 0, FnV = 0
[    5.328954]   EA = 0, S1PTW = 0
[    5.328956] Data abort info:
[    5.328959]   ISV = 0, ISS = 0x00000004
[    5.328961]   CM = 0, WnR = 0
[    5.328964] [ffffdf8000ce0c48] address between user and kernel address ranges
[    5.328969] Internal error: Oops: 96000004 [#2] PREEMPT SMP
[    5.359694] Modules linked in: uio_pdrv_genirq uio ip_tables x_tables ipv6
[    5.359709] Process swapper/2 (pid: 0, stack limit = 0x00000000f08db4a9)
[    5.359717] CPU: 2 PID: 0 Comm: swapper/2 Tainted: G      D           4.19.118-v8+ #1311
[    5.385242] Hardware name: Raspberry Pi 3 Model B Plus Rev 1.3 (DT)
[    5.385246] pstate: 00000085 (nzcv daIf -PAN -UAO)
[    5.385258] pc : rcu_check_callbacks+0x1e4/0xa58
[    5.385264] lr : rcu_check_callbacks+0x190/0xa58
[    5.409551] sp : ffffff8008013d00
[    5.409554] x29: ffffff8008013d00 x28: 0000004031ef5000 
[    5.409558] x27: ffffff8008ce0c40 x26: ffffff8008df9000 
[    5.409565] x25: ffffffc03abaeef8 x24: ffffff8008cb9ec0 
[    5.432425] x23: ffffffc03abaeec0 x22: ffffff8008cc8000 
[    5.432430] x21: ffffff8008cc9000 x20: ffffff8008ce2000 
[    5.432435] x19: ffffdf8000ce0c40 x18: 0000000000000000 
[    5.432439] x17: 0000000000000000 x16: 0000000000000000 
[    5.432443] x15: 0000000000000000 x14: 0000000000000000 
[    5.432447] x13: 00000000000ffe00 x12: 00000000ffe01000 
[    5.432453] x11: 0000000000000000 x10: 0000000000001930 
[    5.475942] x9 : ffffff8008f03e70 x8 : ffffff8008cb9ec0 
[    5.475947] x7 : ffffff8008ce17d8 x6 : ffffffffffffeb7f 
[    5.475951] x5 : ffffffffffffff05 x4 : 00000000fffef4b6 
[    5.494226] x3 : 0000000000010001 x2 : 00000000fffee035 
[    5.494230] x1 : 00000000fffee034 x0 : ffffffffffffff01 
[    5.494235] Call trace:
[    5.494242]  rcu_check_callbacks+0x1e4/0xa58
[    5.514199]  update_process_times+0x34/0x60
[    5.514204]  tick_sched_handle.isra.5+0x44/0x68
[    5.514208]  tick_sched_timer+0x5c/0xb0
[    5.514214]  __hrtimer_run_queues+0x118/0x380
[    5.533714]  hrtimer_interrupt+0xf8/0x258
[    5.533720]  arch_timer_handler_phys+0x3c/0x50
[    5.533725]  handle_percpu_devid_irq+0xa4/0x2a0
[    5.533730]  generic_handle_irq+0x34/0x50
[    5.553341]  __handle_domain_irq+0x8c/0x100
[    5.553346]  bcm2836_arm_irqchip_handle_irq+0x68/0xd8
[    5.553350]  el1_irq+0xb4/0x130
[    5.553356]  arch_cpu_idle+0x30/0x1f0
[    5.572062]  default_idle_call+0x24/0x40
[    5.572066]  do_idle+0x224/0x240
[    5.572069]  cpu_startup_entry+0x2c/0x30
[    5.572075]  secondary_start_kernel+0x188/0x1d8
[    5.572080] Code: a8cb7bfd d65f03c0 d503201f f87c6b00 (f9400661) 
[    5.572085] ---[ end trace 89fa6dcd7925890e ]---
[    5.572089] Kernel panic - not syncing: Fatal exception in interrupt
[    5.572096] SMP: stopping secondary CPUs
[    5.572103] Kernel Offset: disabled
[    5.572106] CPU features: 0x0,24002004
[    5.572109] Memory Limit: none
[    5.628117] ---[ end Kernel panic - not syncing: Fatal exception in interrupt ]---
