[    0.000000] Booting Linux on physical CPU 0x0000000000 [0x410fd034]
[    0.000000] Linux version 4.19.118-v8+ (dom@buildbot) (gcc version 5.4.0 20160609 (Ubuntu/Linaro 5.4.0-6ubuntu1~16.04.9)) #1311 SMP PREEMPT Mon Apr 27 14:32:38 BST 2020
[    0.000000] Machine model: Raspberry Pi 3 Model B Plus Rev 1.3
[    0.000000] efi: Getting EFI parameters from FDT:
[    0.000000] efi: UEFI not found.
[    0.000000] cma: Reserved 8 MiB at 0x000000003ac00000
[    0.000000] random: get_random_bytes called from start_kernel+0xb8/0x47c with crng_init=0
[    0.000000] percpu: Embedded 24 pages/cpu s58840 r8192 d31272 u98304
[    0.000000] Detected VIPT I-cache on CPU0
[    0.000000] CPU features: enabling workaround for ARM erratum 843419
[    0.000000] CPU features: enabling workaround for ARM erratum 845719
[    0.000000] Built 1 zonelists, mobility grouping on.  Total pages: 238896
[    0.000000] Kernel command line: coherent_pool=1M 8250.nr_uarts=1 snd_bcm2835.enable_compat_alsa=0 snd_bcm2835.enable_hdmi=1 snd_bcm2835.enable_headphones=1 bcm2708_fb.fbwidth=
656 bcm2708_fb.fbheight=416 bcm2708_fb.fbswap=1 vc_mem.mem_base=0x3ec00000 vc_mem.mem_size=0x40000000  dwc_otg.lpm_enable=0 console=ttyAMA0,115200 console=tty1 root=PARTUUID=4c999
877-02 rootfstype=ext4 elevator=deadline fsck.repair=yes rootwait
[    0.000000] Dentry cache hash table entries: 131072 (order: 8, 1048576 bytes)
[    0.000000] Inode-cache hash table entries: 65536 (order: 7, 524288 bytes)
[    0.000000] Memory: 929092K/970752K available (8700K kernel code, 1074K rwdata, 2760K rodata, 1024K init, 1126K bss, 33468K reserved, 8192K cma-reserved)
[    0.000000] SLUB: HWalign=64, Order=0-3, MinObjects=0, CPUs=4, Nodes=1
[    0.000000] ftrace: allocating 30496 entries in 120 pages
[    0.000000] rcu: Preemptible hierarchical RCU implementation.
[    0.000000] rcu:     RCU restricting CPUs from NR_CPUS=64 to nr_cpu_ids=4.
[    0.000000]  Tasks RCU enabled.
[    0.000000] rcu: Adjusting geometry for rcu_fanout_leaf=16, nr_cpu_ids=4
[    0.000000] NR_IRQS: 64, nr_irqs: 64, preallocated irqs: 0
[    0.000000] arch_timer: cp15 timer(s) running at 19.20MHz (phys).
[    0.000000] clocksource: arch_sys_counter: mask: 0xffffffffffffff max_cycles: 0x46d987e47, max_idle_ns: 440795202767 ns
[    0.000007] sched_clock: 56 bits at 19MHz, resolution 52ns, wraps every 4398046511078ns
[    0.000271] Console: colour dummy device 80x25
[    0.000936] console [tty1] enabled
[    0.001006] Calibrating delay loop (skipped), value calculated using timer frequency.. 38.40 BogoMIPS (lpj=76800)
[    0.001059] pid_max: default: 32768 minimum: 301
[    0.001491] Mount-cache hash table entries: 2048 (order: 2, 16384 bytes)
[    0.001547] Mountpoint-cache hash table entries: 2048 (order: 2, 16384 bytes)
[    0.024102] ASID allocator initialised with 32768 entries
[    0.032098] rcu: Hierarchical SRCU implementation.
[    0.040739] EFI services will not be available.
[    0.048176] smp: Bringing up secondary CPUs ...
[    0.080443] Detected VIPT I-cache on CPU1
[    0.080511] CPU1: Booted secondary processor 0x0000000001 [0x410fd034]
[    0.112567] Detected VIPT I-cache on CPU2
[    0.112615] CPU2: Booted secondary processor 0x0000000002 [0x410fd034]
[    0.144733] Detected VIPT I-cache on CPU3
[    0.144780] CPU3: Booted secondary processor 0x0000000003 [0x410fd034]
[    0.144964] smp: Brought up 1 node, 4 CPUs
[    0.145118] SMP: Total of 4 processors activated.
[    0.145152] CPU features: detected: 32-bit EL0 Support
[    0.146126] CPU: All CPU(s) started at EL2
[    0.146201] alternatives: patching kernel code
[    0.147821] devtmpfs: initialized
[    0.164112] Enabled cp15_barrier support
[    0.164180] Enabled setend support
[    0.164763] clocksource: jiffies: mask: 0xffffffff max_cycles: 0xffffffff, max_idle_ns: 7645041785100000 ns
[    0.164825] futex hash table entries: 1024 (order: 4, 65536 bytes)
[    0.165543] pinctrl core: initialized pinctrl subsystem
[    0.166437] DMI not present or invalid.
[    0.167005] NET: Registered protocol family 16
[    0.173465] cpuidle: using governor menu
[    0.174092] hw-breakpoint: found 6 breakpoint and 4 watchpoint registers.
[    0.178776] DMA: preallocated 1024 KiB pool for atomic allocations
[    0.178957] Serial: AMBA PL011 UART driver
[    0.183560] bcm2835-mbox 3f00b880.mailbox: mailbox enabled
[    0.192923] raspberrypi-firmware soc:firmware: Attached to firmware from 2020-04-15 11:43, variant start
[    0.196941] raspberrypi-firmware soc:firmware: Firmware hash is 82f9bb929ce2186eb1824178c1ae82902ad6275c
[    0.245789] bcm2835-dma 3f007000.dma: DMA legacy API manager at (____ptrval____), dmachans=0x1
[    0.249085] vgaarb: loaded
[    0.249669] SCSI subsystem initialized
[    0.249967] usbcore: registered new interface driver usbfs
[    0.250061] usbcore: registered new interface driver hub
[    0.250245] usbcore: registered new device driver usb
[    0.250402] pps_core: LinuxPPS API ver. 1 registered
[    0.250436] pps_core: Software ver. 5.3.6 - Copyright 2005-2007 Rodolfo Giometti <giometti@linux.it>
[    0.250504] PTP clock support registered
[    0.252302] clocksource: Switched to clocksource arch_sys_counter
[    0.377421] VFS: Disk quotas dquot_6.6.0
[    0.377562] VFS: Dquot-cache hash table entries: 512 (order 0, 4096 bytes)
[    0.377794] FS-Cache: Loaded
[    0.378059] CacheFiles: Loaded
[    0.390140] NET: Registered protocol family 2
[    0.391108] tcp_listen_portaddr_hash hash table entries: 512 (order: 1, 8192 bytes)
[    0.391184] TCP established hash table entries: 8192 (order: 4, 65536 bytes)
[    0.391327] TCP bind hash table entries: 8192 (order: 5, 131072 bytes)
[    0.391545] TCP: Hash tables configured (established 8192 bind 8192)
[    0.391829] UDP hash table entries: 512 (order: 2, 16384 bytes)
[    0.391905] UDP-Lite hash table entries: 512 (order: 2, 16384 bytes)
[    0.392254] NET: Registered protocol family 1
[    0.393453] RPC: Registered named UNIX socket transport module.
[    0.393567] RPC: Registered udp transport module.
[    0.393600] RPC: Registered tcp transport module.
[    0.393630] RPC: Registered tcp NFSv4.1 backchannel transport module.
[    0.396357] hw perfevents: enabled with armv8_cortex_a53 PMU driver, 7 counters available
[    0.396570] kvm [1]: 8-bit VMID
[    0.397389] kvm [1]: Hyp mode initialized successfully
[    0.402229] Initialise system trusted keyrings
[    0.402581] workingset: timestamp_bits=46 max_order=18 bucket_order=0
[    0.414966] FS-Cache: Netfs 'nfs' registered for caching
[    0.416029] NFS: Registering the id_resolver key type
[    0.416114] Key type id_resolver registered
[    0.416144] Key type id_legacy registered
[    0.416186] nfs4filelayout_init: NFSv4 File Layout Driver Registering...
[    0.424052] Key type asymmetric registered
[    0.424101] Asymmetric key parser 'x509' registered
[    0.424204] Block layer SCSI generic (bsg) driver version 0.4 loaded (major 248)
[    0.428577] io scheduler noop registered
[    0.428612] io scheduler deadline registered (default)
[    0.428875] io scheduler cfq registered
[    0.428909] io scheduler mq-deadline registered (default)
[    0.428942] io scheduler kyber registered
[    0.432391] bcm2708_fb soc:fb: FB found 1 display(s)
[    0.442991] Console: switching to colour frame buffer device 82x26
[    0.447855] bcm2708_fb soc:fb: Registered framebuffer for display 0, size 656x416
[    0.455236] Serial: 8250/16550 driver, 1 ports, IRQ sharing enabled
[    0.459767] bcm2835-rng 3f104000.rng: hwrng registered
[    0.462740] vc-mem: phys_addr:0x00000000 mem_base=0x3ec00000 mem_size:0x40000000(1024 MiB)
[    0.468627] gpiomem-bcm2835 3f200000.gpiomem: Initialised: Registers at 0x3f200000
[    0.474157] cacheinfo: Unable to detect cache hierarchy for CPU 0
[    0.492459] brd: module loaded
[    0.510584] loop: module loaded
[    0.514325] Loading iSCSI transport class v2.0-870.
[    0.519600] libphy: Fixed MDIO Bus: probed
[    0.522579] usbcore: registered new interface driver r8152
[    0.525247] usbcore: registered new interface driver lan78xx
[    0.527840] usbcore: registered new interface driver smsc95xx
[    0.530727] dwc_otg: version 3.00a 10-AUG-2012 (platform bus)
[    0.561259] dwc_otg 3f980000.usb: base=(____ptrval____)
[    0.777040] Core Release: 2.80a
[    0.779525] Setting default values for core params
[    0.782073] Finished setting default values for core params
[    0.997579] Using Buffer DMA mode
[    0.999961] Periodic Transfer Interrupt Enhancement - disabled
[    1.002408] Multiprocessor Interrupt Enhancement - disabled
[    1.004849] OTG VER PARAM: 0, OTG VER FLAG: 0
[    1.007191] Dedicated Tx FIFOs mode
[    1.010305] WARN::dwc_otg_hcd_init:1074: FIQ DMA bounce buffers: virt = ffffff80090c1000 dma = 0x00000000fad14000 len=9024
[    1.014855] FIQ FSM acceleration enabled for :
[    1.014855] Non-periodic Split Transactions
[    1.014855] Periodic Split Transactions
[    1.014855] High-Speed Isochronous Endpoints
[    1.014855] Interrupt/Control Split Transaction hack enabled
[    1.025690] WARN::hcd_init_fiq:497: MPHI regs_base at ffffff800805d000
[    1.027980] dwc_otg 3f980000.usb: DWC OTG Controller
[    1.030329] dwc_otg 3f980000.usb: new USB bus registered, assigned bus number 1
[    1.032845] dwc_otg 3f980000.usb: irq 9, io mem 0x00000000
[    1.035255] Init: Port Power? op_state=1
[    1.037613] Init: Power Port (0)
[    1.040264] usb usb1: New USB device found, idVendor=1d6b, idProduct=0002, bcdDevice= 4.19
[    1.045027] usb usb1: New USB device strings: Mfr=3, Product=2, SerialNumber=1
[    1.047569] usb usb1: Product: DWC OTG Controller
[    1.050133] usb usb1: Manufacturer: Linux 4.19.118-v8+ dwc_otg_hcd
[    1.052673] usb usb1: SerialNumber: 3f980000.usb
[    1.055942] hub 1-0:1.0: USB hub found
[    1.058536] hub 1-0:1.0: 1 port detected
[    1.062172] usbcore: registered new interface driver uas
[    1.064635] usbcore: registered new interface driver usb-storage
[    1.067190] mousedev: PS/2 mouse device common for all mice
[    1.071042] bcm2835-wdt bcm2835-wdt: Broadcom BCM2835 watchdog timer
[    1.074969] cpufreq: cpufreq_online: CPU0: Running at unlisted freq: 600000 KHz
[    1.079736] cpufreq: cpufreq_online: CPU0: Unlisted initial frequency changed to: 700000 KHz
[    1.083035] sdhci: Secure Digital Host Controller Interface driver
[    1.084103] sdhci: Copyright(c) Pierre Ossman
[    1.085495] sdhost-bcm2835 3f202000.mmc: could not get clk, deferring probe
[    1.086707] sdhci-pltfm: SDHCI platform and OF driver helper
[    1.089167] ledtrig-cpu: registered to indicate activity on CPUs
[    1.090391] hidraw: raw HID events driver (C) Jiri Kosina
[    1.091611] usbcore: registered new interface driver usbhid
[    1.092718] usbhid: USB HID core driver
[    1.094392] vchiq: vchiq_init_state: slot_zero = (____ptrval____), is_master = 0
[    1.098684] Initializing XFRM netlink socket
[    1.099790] NET: Registered protocol family 17
[    1.100965] Key type dns_resolver registered
[    1.102739] registered taskstats version 1
[    1.103835] Loading compiled-in X.509 certificates
[    1.110604] uart-pl011 3f201000.serial: cts_event_workaround enabled
[    1.111827] 3f201000.serial: ttyAMA0 at MMIO 0x3f201000 (irq = 66, base_baud = 0) is a PL011 rev2
[    2.112322] console [ttyAMA0] enabled
[    2.118144] bcm2835-power bcm2835-power: Broadcom BCM2835 power domains driver
[    2.127486] sdhost: log_buf @ (____ptrval____) (fad13000)
[    2.183107] mmc0: sdhost-bcm2835 loaded - DMA enabled (>1)
[    2.191390] of_cfs_init
[    2.195000] of_cfs_init: OK
[    2.220749] Waiting for root device PARTUUID=4c999877-02...
[    2.228412] Indeed it is in host mode hprt0 = 00021501
[    2.302160] mmc0: host does not support reading read-only switch, assuming write-enable
[    2.314262] random: fast init done
[    2.317736] mmc0: new high speed SDHC card at address aaaa
[    2.326444] mmcblk0: mmc0:aaaa SC16G 14.8 GiB
[    2.336541]  mmcblk0: p1 p2
[    2.369260] EXT4-fs (mmcblk0p2): mounted filesystem with ordered data mode. Opts: (null)
[    2.379620] VFS: Mounted root (ext4 filesystem) readonly on device 179:2.
[    2.387897] Kernel panic - not syncing: stack-protector: Kernel stack is corrupted in: return_address+0x94/0x98
[    2.400286] CPU: 1 PID: 0 Comm: swapper/1 Not tainted 4.19.118-v8+ #1311
[    2.408141] Hardware name: Raspberry Pi 3 Model B Plus Rev 1.3 (DT)
[    2.415584] Call trace:
[    2.419150]  dump_backtrace+0x0/0x178
[    2.423907]  show_stack+0x24/0x30
[    2.424313] usb 1-1: new high-speed USB device number 2 using dwc_otg
[    2.428299]  dump_stack+0xa4/0xdc
[    2.428306]  panic+0x140/0x294
[    2.428310]  print_tainted+0x0/0xc8
[    2.428315]  return_address+0x94/0x98
[    2.453725]  trace_hardirqs_on+0xd0/0x1b0
[    2.458738]  el1_irq+0xd0/0x130
[    2.462872]  arch_cpu_idle+0x30/0x1f0
[    2.467513]  default_idle_call+0x24/0x40
[    2.472399]  do_idle+0x224/0x240
[    2.476581]  cpu_startup_entry+0x2c/0x30
[    2.481433]  secondary_start_kernel+0x188/0x1d8
[    2.486866] SMP: stopping secondary CPUs
[    2.491654] Kernel Offset: disabled
[    2.495968] CPU features: 0x0,24002004
[    2.500497] Memory Limit: none
[    2.504292] ---[ end Kernel panic - not syncing: stack-protector: Kernel stack is corrupted in: return_address+0x94/0x98 ]--- 
