[    0.000000] Booting Linux on physical CPU 0x0
[    0.000000] Linux version 4.19.118-v7+ (dom@buildbot) (gcc version 4.9.3 (crosstool-NG crosstool-ng-1.22.0-88-g8460611)) #1311 SMP Mon Apr 27 14:21:24 BST 2020
[    0.000000] CPU: ARMv7 Processor [410fd034] revision 4 (ARMv7), cr=10c5383d
[    0.000000] CPU: div instructions available: patching division code
[    0.000000] CPU: PIPT / VIPT nonaliasing data cache, VIPT aliasing instruction cache
[    0.000000] OF: fdt: Machine model: Raspberry Pi 3 Model B Plus Rev 1.3
[    0.000000] Memory policy: Data cache writealloc
[    0.000000] cma: Reserved 256 MiB at 0x1ec00000
[    0.000000] random: get_random_bytes called from start_kernel+0xac/0x4b4 with crng_init=0
[    0.000000] percpu: Embedded 16 pages/cpu s36864 r8192 d20480 u65536
[    0.000000] Built 1 zonelists, mobility grouping on.  Total pages: 240555
[    0.000000] Kernel command line: coherent_pool=1M 8250.nr_uarts=1 snd_bcm2835.enable_compat_alsa=0 snd_bcm2835.enable_hdmi=1 snd_bcm2835.enable_headphones=1 cma=256M video=Comp
osite-1:720x480@60,margin_left=32,margin_right=32,margin_top=32,margin_bottom=32 vc_mem.mem_base=0x3ec00000 vc_mem.mem_size=0x40000000  dwc_otg.lpm_enable=0 console=ttyAMA0,115200
 console=tty1 root=PARTUUID=4c999877-02 rootfstype=ext4 elevator=deadline fsck.repair=yes rootwait
[    0.000000] Dentry cache hash table entries: 131072 (order: 7, 524288 bytes)
[    0.000000] Inode-cache hash table entries: 65536 (order: 6, 262144 bytes)
[    0.000000] Memory: 684616K/970752K available (8192K kernel code, 656K rwdata, 2232K rodata, 1024K init, 831K bss, 23992K reserved, 262144K cma-reserved)
[    0.000000] Virtual kernel memory layout:
[    0.000000]     vector  : 0xffff0000 - 0xffff1000   (   4 kB)
[    0.000000]     fixmap  : 0xffc00000 - 0xfff00000   (3072 kB)
[    0.000000]     vmalloc : 0xbb800000 - 0xff800000   (1088 MB)
[    0.000000]     lowmem  : 0x80000000 - 0xbb400000   ( 948 MB)
[    0.000000]     modules : 0x7f000000 - 0x80000000   (  16 MB)
[    0.000000]       .text : 0x(ptrval) - 0x(ptrval)   (9184 kB)
[    0.000000]       .init : 0x(ptrval) - 0x(ptrval)   (1024 kB)
[    0.000000]       .data : 0x(ptrval) - 0x(ptrval)   ( 657 kB)
[    0.000000]        .bss : 0x(ptrval) - 0x(ptrval)   ( 832 kB)
[    0.000000] SLUB: HWalign=64, Order=0-3, MinObjects=0, CPUs=4, Nodes=1
[    0.000000] ftrace: allocating 27093 entries in 80 pages
[    0.000000] rcu: Hierarchical RCU implementation.
[    0.000000] NR_IRQS: 16, nr_irqs: 16, preallocated irqs: 16
[    0.000000] arch_timer: cp15 timer(s) running at 19.20MHz (phys).
[    0.000000] clocksource: arch_sys_counter: mask: 0xffffffffffffff max_cycles: 0x46d987e47, max_idle_ns: 440795202767 ns
[    0.000007] sched_clock: 56 bits at 19MHz, resolution 52ns, wraps every 4398046511078ns
[    0.000023] Switching to timer-based delay loop, resolution 52ns
[    0.000277] Console: colour dummy device 80x30
[    0.000919] console [tty1] enabled
[    0.000980] Calibrating delay loop (skipped), value calculated using timer frequency.. 38.40 BogoMIPS (lpj=192000)
[    0.001024] pid_max: default: 32768 minimum: 301
[    0.001384] Mount-cache hash table entries: 2048 (order: 1, 8192 bytes)
[    0.001422] Mountpoint-cache hash table entries: 2048 (order: 1, 8192 bytes)
[    0.002383] CPU: Testing write buffer coherency: ok
[    0.002868] CPU0: thread -1, cpu 0, socket 0, mpidr 80000000
[    0.003557] Setting up static identity map for 0x100000 - 0x10003c
[    0.003729] rcu: Hierarchical SRCU implementation.
[    0.004563] smp: Bringing up secondary CPUs ...
[    0.005491] CPU1: thread -1, cpu 1, socket 0, mpidr 80000001
[    0.006480] CPU2: thread -1, cpu 2, socket 0, mpidr 80000002
[    0.007410] CPU3: thread -1, cpu 3, socket 0, mpidr 80000003
[    0.007525] smp: Brought up 1 node, 4 CPUs
[    0.007607] SMP: Total of 4 processors activated (153.60 BogoMIPS).
[    0.007631] CPU: All CPU(s) started in HYP mode.
[    0.007651] CPU: Virtualization extensions available.
[    0.008638] devtmpfs: initialized
[    0.022209] VFP support v0.3: implementor 41 architecture 3 part 40 variant 3 rev 4
[    0.022480] clocksource: jiffies: mask: 0xffffffff max_cycles: 0xffffffff, max_idle_ns: 19112604462750000 ns
[    0.022529] futex hash table entries: 1024 (order: 4, 65536 bytes)
[    0.033383] pinctrl core: initialized pinctrl subsystem
[    0.034392] NET: Registered protocol family 16
[    0.037721] DMA: preallocated 1024 KiB pool for atomic coherent allocations
[    0.043675] hw-breakpoint: found 5 (+1 reserved) breakpoint and 4 watchpoint registers.
[    0.043712] hw-breakpoint: maximum watchpoint size is 8 bytes.
[    0.043937] Serial: AMBA PL011 UART driver
[    0.046406] bcm2835-mbox 3f00b880.mailbox: mailbox enabled
[    0.060087] raspberrypi-firmware soc:firmware: Attached to firmware from 2020-04-15 11:43, variant start
[    0.070100] raspberrypi-firmware soc:firmware: Firmware hash is 82f9bb929ce2186eb1824178c1ae82902ad6275c
[    0.112942] bcm2835-dma 3f007000.dma: DMA legacy API manager at (ptrval), dmachans=0x1
[    0.114609] SCSI subsystem initialized
[    0.114855] usbcore: registered new interface driver usbfs
[    0.114931] usbcore: registered new interface driver hub
[    0.115045] usbcore: registered new device driver usb
[    0.116824] clocksource: Switched to clocksource arch_sys_counter
[    0.207613] VFS: Disk quotas dquot_6.6.0
[    0.207723] VFS: Dquot-cache hash table entries: 1024 (order 0, 4096 bytes)
[    0.207925] FS-Cache: Loaded
[    0.208148] CacheFiles: Loaded
[    0.208643] simple-framebuffer 3eaf0000.framebuffer: framebuffer at 0x3eaf0000, 0x10a800 bytes, mapped to 0x(ptrval)
[    0.208687] simple-framebuffer 3eaf0000.framebuffer: format=a8r8g8b8, mode=656x416x32, linelength=2624
[    0.213652] Console: switching to colour frame buffer device 82x26
[    0.220585] simple-framebuffer 3eaf0000.framebuffer: fb0: simplefb registered!
[    0.233182] NET: Registered protocol family 2
[    0.236800] tcp_listen_portaddr_hash hash table entries: 512 (order: 0, 6144 bytes)
[    0.242304] TCP established hash table entries: 8192 (order: 3, 32768 bytes)
[    0.245204] TCP bind hash table entries: 8192 (order: 4, 65536 bytes)
[    0.248152] TCP: Hash tables configured (established 8192 bind 8192)
[    0.251070] UDP hash table entries: 512 (order: 2, 16384 bytes)
[    0.253903] UDP-Lite hash table entries: 512 (order: 2, 16384 bytes)
[    0.257071] NET: Registered protocol family 1
[    0.260562] RPC: Registered named UNIX socket transport module.
[    0.263502] RPC: Registered udp transport module.
[    0.266362] RPC: Registered tcp transport module.
[    0.269150] RPC: Registered tcp NFSv4.1 backchannel transport module.
[    0.273797] hw perfevents: enabled with armv7_cortex_a7 PMU driver, 7 counters available
[    0.282543] Initialise system trusted keyrings
[    0.285518] workingset: timestamp_bits=14 max_order=18 bucket_order=4
[    0.298255] FS-Cache: Netfs 'nfs' registered for caching
[    0.301545] NFS: Registering the id_resolver key type
[    0.304238] Key type id_resolver registered
[    0.306861] Key type id_legacy registered
[    0.309362] nfs4filelayout_init: NFSv4 File Layout Driver Registering...
[    0.317420] Key type asymmetric registered
[    0.319905] Asymmetric key parser 'x509' registered
[    0.322364] Block layer SCSI generic (bsg) driver version 0.4 loaded (major 250)
[    0.327444] io scheduler noop registered
[    0.329840] io scheduler deadline registered (default)
[    0.332410] io scheduler cfq registered
[    0.334699] io scheduler mq-deadline registered (default)
[    0.337038] io scheduler kyber registered
[    0.342471] Serial: 8250/16550 driver, 1 ports, IRQ sharing enabled
[    0.346354] bcm2835-rng 3f104000.rng: hwrng registered
[    0.349134] vc-mem: phys_addr:0x00000000 mem_base=0x3ec00000 mem_size:0x40000000(1024 MiB)
[    0.354479] vc-sm: Videocore shared memory driver
[    0.357281] gpiomem-bcm2835 3f200000.gpiomem: Initialised: Registers at 0x3f200000
[    0.372923] brd: module loaded
[    0.385525] loop: module loaded
[    0.388620] Loading iSCSI transport class v2.0-870.
[    0.391773] libphy: Fixed MDIO Bus: probed
[    0.394288] usbcore: registered new interface driver lan78xx
[    0.396764] usbcore: registered new interface driver smsc95xx
[    0.399166] dwc_otg: version 3.00a 10-AUG-2012 (platform bus)
[    0.429343] dwc_otg 3f980000.usb: base=(ptrval)
[    0.631799] Core Release: 2.80a
[    0.634012] Setting default values for core params
[    0.636298] Finished setting default values for core params
[    0.838926] Using Buffer DMA mode
[    0.841227] Periodic Transfer Interrupt Enhancement - disabled
[    0.843621] Multiprocessor Interrupt Enhancement - disabled
[    0.845996] OTG VER PARAM: 0, OTG VER FLAG: 0
[    0.848371] Dedicated Tx FIFOs mode
[    0.851281] WARN::dwc_otg_hcd_init:1074: FIQ DMA bounce buffers: virt = 9ed04000 dma = 0xded04000 len=9024
[    0.855849] FIQ FSM acceleration enabled for :
[    0.855849] Non-periodic Split Transactions
[    0.855849] Periodic Split Transactions
[    0.855849] High-Speed Isochronous Endpoints
[    0.855849] Interrupt/Control Split Transaction hack enabled
[    0.866805] WARN::hcd_init_fiq:457: FIQ on core 1
[    0.869032] WARN::hcd_init_fiq:458: FIQ ASM at 8068fda0 length 36
[    0.871243] WARN::hcd_init_fiq:497: MPHI regs_base at bb810000
[    0.873503] dwc_otg 3f980000.usb: DWC OTG Controller
[    0.875765] dwc_otg 3f980000.usb: new USB bus registered, assigned bus number 1
[    0.878115] dwc_otg 3f980000.usb: irq 56, io mem 0x00000000
[    0.880415] Init: Port Power? op_state=1
[    0.882648] Init: Power Port (0)
[    0.885047] usb usb1: New USB device found, idVendor=1d6b, idProduct=0002, bcdDevice= 4.19
[    0.889556] usb usb1: New USB device strings: Mfr=3, Product=2, SerialNumber=1
[    0.891960] usb usb1: Product: DWC OTG Controller
[    0.894318] usb usb1: Manufacturer: Linux 4.19.118-v7+ dwc_otg_hcd
[    0.896737] usb usb1: SerialNumber: 3f980000.usb
[    0.899709] hub 1-0:1.0: USB hub found
[    0.901977] hub 1-0:1.0: 1 port detected
[    0.905067] usbcore: registered new interface driver usb-storage
[    0.907555] mousedev: PS/2 mouse device common for all mice
[    0.910714] bcm2835-wdt bcm2835-wdt: Broadcom BCM2835 watchdog timer
[    0.913365] bcm2835-cpufreq: min=600000 max=1400000
[    0.916202] sdhci: Secure Digital Host Controller Interface driver
[    0.918637] sdhci: Copyright(c) Pierre Ossman
[    0.921468] sdhost-bcm2835 3f202000.mmc: could not get clk, deferring probe
[    0.924136] sdhci-pltfm: SDHCI platform and OF driver helper
[    0.928252] ledtrig-cpu: registered to indicate activity on CPUs
[    0.930956] hidraw: raw HID events driver (C) Jiri Kosina
[    0.933665] usbcore: registered new interface driver usbhid
[    0.936214] usbhid: USB HID core driver
[    0.939567] vchiq: vchiq_init_state: slot_zero = (ptrval), is_master = 0
[    0.943692] [vc_sm_connected_init]: start
[    0.950795] [vc_sm_connected_init]: end - returning 0
[    0.954331] Initializing XFRM netlink socket
[    0.956721] NET: Registered protocol family 17
[    0.959193] Key type dns_resolver registered
[    0.962173] Registering SWP/SWPB emulation handler
[    0.965171] registered taskstats version 1
[    0.967573] Loading compiled-in X.509 certificates
[    0.976603] uart-pl011 3f201000.serial: cts_event_workaround enabled
[    0.979169] 3f201000.serial: ttyAMA0 at MMIO 0x3f201000 (irq = 81, base_baud = 0) is a PL011 rev2
[    2.000720] console [ttyAMA0] enabled
[    2.008891] sdhost: log_buf @ (ptrval) (ded03000)
[    2.064355] mmc0: sdhost-bcm2835 loaded - DMA enabled (>1)
[    2.073502] of_cfs_init
[    2.078402] of_cfs_init: OK
[    2.083959] Waiting for root device PARTUUID=4c999877-02...
[    2.116944] Indeed it is in host mode hprt0 = 00021501
[    2.213352] random: fast init done
[    2.227681] mmc0: host does not support reading read-only switch, assuming write-enable
[    2.246985] mmc0: new high speed SDHC card at address aaaa
[    2.256008] mmcblk0: mmc0:aaaa SL16G 14.8 GiB
[    2.269062]  mmcblk0: p1 p2
[    2.311313] EXT4-fs (mmcblk0p2): mounted filesystem with ordered data mode. Opts: (null)
[    2.324328] VFS: Mounted root (ext4 filesystem) readonly on device 179:2.
[    2.326871] usb 1-1: new high-speed USB device number 2 using dwc_otg
[    2.343023] Indeed it is in host mode hprt0 = 00001101
[    2.410943] devtmpfs: mounted
[    2.423784] Freeing unused kernel memory: 1024K
[    2.431200] Run /sbin/init as init process
[    2.587237] usb 1-1: New USB device found, idVendor=0424, idProduct=2514, bcdDevice= b.b3
[    2.600624] usb 1-1: New USB device strings: Mfr=0, Product=0, SerialNumber=0
[    2.611176] hub 1-1:1.0: USB hub found
[    2.617867] hub 1-1:1.0: 4 ports detected
[    2.936886] usb 1-1.1: new high-speed USB device number 3 using dwc_otg
[    3.067119] usb 1-1.1: New USB device found, idVendor=0424, idProduct=2514, bcdDevice= b.b3
[    3.081045] usb 1-1.1: New USB device strings: Mfr=0, Product=0, SerialNumber=0
[    3.091952] hub 1-1.1:1.0: USB hub found
[    3.098816] hub 1-1.1:1.0: 3 ports detected
[    3.124178] systemd[1]: System time before build time, advancing clock.
[    3.193220] systemd[1]: systemd 241 running in system mode. (+PAM +AUDIT +SELINUX +IMA +APPARMOR +SMACK +SYSVINIT +UTMP +LIBCRYPTSETUP +GCRYPT +GNUTLS +ACL +XZ +LZ4 +SECCOMP +B
LKID +ELFUTILS +KMOD -IDN2 +IDN -PCRE2 default-hierarchy=hybrid)
[    3.223873] systemd[1]: Detected architecture arm.
[    3.252130] systemd[1]: Set hostname to <raspberrypi>.
[    3.442401] uart-pl011 3f201000.serial: no DMA platform data
[    3.756875] usb 1-1.1.1: new high-speed USB device number 4 using dwc_otg
[    3.897298] usb 1-1.1.1: New USB device found, idVendor=0424, idProduct=7800, bcdDevice= 3.00
[    3.911252] usb 1-1.1.1: New USB device strings: Mfr=0, Product=0, SerialNumber=0
[    4.188675] lan78xx 1-1.1.1:1.0 (unnamed net_device) (uninitialized): No External EEPROM. Setting MAC Speed
[    4.217373] libphy: lan78xx-mdiobus: probed
[    4.242134] random: systemd: uninitialized urandom read (16 bytes read)
[    4.248932] lan78xx 1-1.1.1:1.0 (unnamed net_device) (uninitialized): int urb period 64
[    4.263316] random: systemd: uninitialized urandom read (16 bytes read)
[    4.279523] systemd[1]: Created slice User and Session Slice.
[    4.292189] random: systemd: uninitialized urandom read (16 bytes read)
[    4.302089] systemd[1]: Started Dispatch Password Requests to Console Directory Watch.
[    4.320564] systemd[1]: Listening on Journal Socket.
[    4.333123] systemd[1]: Condition check resulted in Huge Pages File System being skipped.
[    4.353873] systemd[1]: Mounting RPC Pipe File System...
[    4.379420] systemd[1]: Starting Set the console keyboard layout...
[    4.393124] systemd[1]: Condition check resulted in Kernel Module supporting RPCSEC_GSS being skipped.
[    8.655635] Internal error: Oops - undefined instruction: 0 [#1] SMP ARM
[    8.655639] Modules linked in:
[    8.655645] CPU: 1 PID: 1 Comm: systemd Not tainted 4.19.118-v7+ #1311
[    8.655648] Hardware name: BCM2835
[    8.655649] PC is at vt_console_print+0x204/0x3a8
[    8.655651] LR is at atomic_notifier_call_chain+0x2c/0x34
[    8.655653] pc : [<805b9d40>]    lr : [<80144688>]    psr: 80000093
[    8.655654] sp : ba4edc98  ip : 0000001e  fp : ba4edcec
[    8.655655] r10: 00000000  r9 : 0000001e  r8 : 80da7c96
[    8.655657] r7 : 80d04d48  r6 : 00000020  r5 : 80e47878  r4 : ba434400
[    8.655659] r3 : 80da7ce9  r2 : ba4cf03e  r1 : 00000003  r0 : 00000000
[    8.655661] Flags: Nzcv  IRQs off  FIQs on  Mode SVC_32  ISA ARM  Segment user
[    8.655662] Control: 10c5383d  Table: 3987c06a  DAC: 00000055
[    8.655664] Process systemd (pid: 1, stack limit = 0x18d9783b)
[    8.655665] Stack: (0xba4edc98 to 0xba4ee000)
[    8.655667] dc80:                                                       00000070 00000000
[    8.655671] dca0: 00000000 ba4cf004 0000001e 80da7ce9 0000000f ba434400 00000020 26bffaee
[    8.655674] dcc0: 802e9e78 80da9750 80da7758 80daa08c 00000000 00000071 80d613a0 ba4ec000
[    8.655678] dce0: ba4edd4c ba4edcf0 8017cfec 805b9b48 00000001 00000000 00000000 8017ebd0
[    8.655682] dd00: 80d04d70 00000000 ba4ec000 80d102e8 20000093 80da7c78 000000e1 00000000
[    8.655685] dd20: 80da7758 80da7758 00000061 60000093 00000001 000000e0 00000000 80d04d48
[    8.655687] dd40: ba4edd94 ba4edd50 8017ebd0 8017ccfc 80a74090 ba4eddfc 80da4b60 ffffff05
[    8.655689] dd60: ba4eddac 00000000 8086b91c 80c913d8 ba4eddfc 80a74090 00000002 baae9400
[    8.655692] dd80: 80da4738 80d04d48 ba4eddac ba4edd98 8017ef58 8017e9c4 80a74090 ba4eddfc
[    8.655698] dda0: ba4eddd4 ba4eddb0 8017fb00 8017ef14 ffffff05 ffff0a00 80d04d48 80a74104
[    8.655702] ddc0: b9878000 00000002 ba4eddf4 ba4eddd8 8017f36c 8017faa0 ba4eddfc 26bffaee
[    8.655705] dde0: 80a74104 00000000 ba4ede44 ba4ede08 80120ec4 8017f33c 80a74090 80da4760
[    8.655709] de00: 26bffaee 26bffaee b7bd8f00 baae9400 ba4ede4c 26bffaee 8014b638 ba629e00
[    8.655711] de20: 00000000 b9878000 00000002 baae9400 ba4f8000 80d04d48 ba4ede64 ba4ede58
[    8.655712] de40: 801209e8 80120df4 80a74104 8086eb8c ba4edf24 26bffaee ba4edecc ba4ede68
[    8.655714] de60: 8086eb8c 801209d0 ba4edeb4 ba4ede78 80124870 80123b34 ba4ede94 ba4eded4
[    8.655716] de80: 8085a08c 26bffaee ba4edea4 baae9400 ba592540 80d04d48 00000004 ba4edf24
[    8.655718] dea0: 00000000 00000118 ba4edf14 ba4edeb8 80124af8 8012476c baae53e0 00000000
[    8.655721] dec0: 00000004 ba592540 ba4edf24 00000000 00000000 00000000 ba4f8000 8012352c
[    8.655725] dee0: ba508018 ba508018 fffffff6 26bffaee 7eda59ec 00000000 00000000 80d04d48
[    8.655729] df00: 801011c4 ba4ec000 ba4edfa4 ba4edf18 80125d1c 80124a50 00000000 80c93ad8
[    8.655733] df20: 80140b30 00000000 00000000 00000000 00000000 00000006 ba4edf64 ba4edf48
[    8.655736] df40: 80203680 8010cc7c ba4ec010 801011c4 ba4edfb0 801011c4 ba4ec000 00000006
[    8.655738] df60: ba4edf8c 80c93ad8 80101068 00a29678 00000006 801011c4 ba4ec000 26bffaee
[    8.655740] df80: ba4edfac 00000000 00a29678 76fb3968 00000118 801011c4 00000000 ba4edfa8
[    8.655742] dfa0: 80101000 80125c74 00000000 00a29678 00000001 00000149 7eda59ec 00000004
[    8.655746] dfc0: 00000000 00a29678 76fb3968 00000118 00a88d68 00a88d68 00000000 00a29678
[    8.655750] dfe0: 76f6d290 7eda59b0 0000006c 76ebf3b4 60000010 00000001 00000000 00000000
[    8.655755] [<805b9d40>] (vt_console_print) from [<8017cfec>] (console_unlock+0x2fc/0x6b4)
[    8.655761] [<8017cfec>] (console_unlock) from [<8017ebd0>] (vprintk_emit+0x218/0x3b0)
[    8.655766] [<8017ebd0>] (vprintk_emit) from [<8017ef58>] (vprintk_default+0x50/0x7c)
[    8.655770] [<8017ef58>] (vprintk_default) from [<8017fb00>] (vprintk_func+0x6c/0x11c)
[    8.655775] [<8017fb00>] (vprintk_func) from [<8017f36c>] (printk+0x40/0x5c)
[    8.655780] [<8017f36c>] (printk) from [<80120ec4>] (panic+0xe0/0x288)
[    8.655783] [<80120ec4>] (panic) from [<801209e8>] (print_tainted+0x0/0xa8)
[    8.655787] Code: 05c431aa 15843128 e51b3040 e1580003 (1affffcf)
[    8.655790] ---[ end trace a1f2782db76ee990 ]---
[    8.655816] Kernel panic - not syncing: Attempted to kill init! exitcode=0x0000000b
[    8.655820]
[    8.655828] CPU0: stopping
[    9.718381] SMP: failed to stop secondary CPUs
[    9.725085] ---[ end Kernel panic - not syncing: Attempted to kill init! exitcode=0x0000000b
[    9.725086]  ]---
[   10.119171] CPU: 0 PID: 352 Comm: head Tainted: G      D           4.19.118-v7+ #1311
[   10.126990] Hardware name: BCM2835
[   10.130393] [<801120c8>] (unwind_backtrace) from [<8010d5fc>] (show_stack+0x20/0x24)
[   10.138132] [<8010d5fc>] (show_stack) from [<80856da8>] (dump_stack+0xe0/0x124)
[   10.145436] [<80856da8>] (dump_stack) from [<801104e0>] (handle_IPI+0x388/0x3a8)
[   10.152827] [<801104e0>] (handle_IPI) from [<801021f4>] (bcm2836_arm_irqchip_handle_irq+0xa0/0xa4)
[   10.161780] [<801021f4>] (bcm2836_arm_irqchip_handle_irq) from [<801019bc>] (__irq_svc+0x5c/0x7c)
[   10.170643] Exception stack(0xb5927d70 to 0xb5927db8)
[   10.175685] 7d60:                                     bb361b10 3a9a4ddf 00000800 0000007f
[   10.183856] 7d80: 00000001 00000000 ba3d5410 bb361b10 00000084 80d04d48 b5927e34 b5927e1c
[   10.192025] 7da0: 00000000 b5927dc0 8025b994 8025aac0 60000113 ffffffff
[   10.198635] [<801019bc>] (__irq_svc) from [<8025aac0>] (unlock_page+0x0/0x50)
[   10.205768] [<8025aac0>] (unlock_page) from [<8029b450>] (handle_mm_fault+0xa44/0xd68)
[   10.213680] [<8029b450>] (handle_mm_fault) from [<80874a7c>] (do_page_fault+0x344/0x3b8)
[   10.221765] [<80874a7c>] (do_page_fault) from [<801168ec>] (do_PrefetchAbort+0x54/0xd8)
[   10.229762] [<801168ec>] (do_PrefetchAbort) from [<80101f24>] (ret_from_exception+0x0/0x1c)
[   10.238103] Exception stack(0xb5927fb0 to 0xb5927ff8)
[   10.243146] 7fa0:                                     7ef07f67 0000002f 7ef07e90 e23a1476
[   10.251316] 7fc0: 7ef07e84 76fa5000 7ef07f67 7ef07e90 76fee964 00000000 76fef000 00000000
[   10.259486] 7fe0: 76fa8038 7ef07e08 76f3216c 76ed2ba0 20000010 ffffffff
[   10.266091] CPU2: stopping
[   10.268792] CPU: 2 PID: 353 Comm: sed Tainted: G      D           4.19.118-v7+ #1311
[   10.276525] Hardware name: BCM2835
[   10.279923] [<801120c8>] (unwind_backtrace) from [<8010d5fc>] (show_stack+0x20/0x24)
[   10.287659] [<8010d5fc>] (show_stack) from [<80856da8>] (dump_stack+0xe0/0x124)
[   10.294962] [<80856da8>] (dump_stack) from [<801104e0>] (handle_IPI+0x388/0x3a8)
[   10.302352] [<801104e0>] (handle_IPI) from [<801021f4>] (bcm2836_arm_irqchip_handle_irq+0xa0/0xa4)
[   10.311304] [<801021f4>] (bcm2836_arm_irqchip_handle_irq) from [<801019bc>] (__irq_svc+0x5c/0x7c)
[   10.320166] Exception stack(0xb58e1d10 to 0xb58e1d58)
[   10.325209] 1d00:                                     bb3620f8 00000000 0000001c bb362110
[   10.333379] 1d20: bb3620f8 bb3620f8 3a9ce59f b6fe5e40 00000000 80d04d48 b58e1e34 b58e1d84
[   10.341549] 1d40: b58e1d70 b58e1d60 802a4738 802c733c 20000113 ffffffff
[   10.348159] [<801019bc>] (__irq_svc) from [<802c733c>] (unlock_page_memcg+0x8/0x20)
[   10.355811] [<802c733c>] (unlock_page_memcg) from [<8029a6ec>] (alloc_set_pte+0xe4/0x350)
[   10.363982] [<8029a6ec>] (alloc_set_pte) from [<8025b97c>] (filemap_map_pages+0x3c8/0x3ec)
[   10.372240] [<8025b97c>] (filemap_map_pages) from [<8029b450>] (handle_mm_fault+0xa44/0xd68)
[   10.380672] [<8029b450>] (handle_mm_fault) from [<80874a7c>] (do_page_fault+0x344/0x3b8)
[   10.388755] [<80874a7c>] (do_page_fault) from [<801168ec>] (do_PrefetchAbort+0x54/0xd8)
[   10.396753] [<801168ec>] (do_PrefetchAbort) from [<80101f24>] (ret_from_exception+0x0/0x1c)
[   10.405093] Exception stack(0xb58e1fb0 to 0xb58e1ff8)
[   10.410136] 1fa0:                                     0000001e 7ef59e84 7ef59e94 129dd300
[   10.418306] 1fc0: 76ed7000 00035ef8 00000003 7ef59e84 7ef59e94 76ed6ed0 76f36000 00000000
[   10.426475] 1fe0: 76dfa2dc 7ef59e08 76eac028 76dfa2dc 60000010 ffffffff
[   10.433080] CPU3: stopping
[   10.435781] CPU: 3 PID: 313 Comm: in:imklog Tainted: G      D           4.19.118-v7+ #1311
[   10.444035] Hardware name: BCM2835
[   10.447432] [<801120c8>] (unwind_backtrace) from [<8010d5fc>] (show_stack+0x20/0x24)
[   10.455168] [<8010d5fc>] (show_stack) from [<80856da8>] (dump_stack+0xe0/0x124)
[   10.462471] [<80856da8>] (dump_stack) from [<801104e0>] (handle_IPI+0x388/0x3a8)
[   10.469861] [<801104e0>] (handle_IPI) from [<801021f4>] (bcm2836_arm_irqchip_handle_irq+0xa0/0xa4)
[   10.478813] [<801021f4>] (bcm2836_arm_irqchip_handle_irq) from [<801019bc>] (__irq_svc+0x5c/0x7c)
[   10.487675] Exception stack(0xb5805cf0 to 0xb5805d38)
[   10.492718] 5ce0:                                     8014b638 00000000 40000193 40000193
[   10.500888] 5d00: 80c95400 00000000 b5981e00 bab09400 8086e570 b5850000 00000000 b5805d84
[   10.509057] 5d20: 80d0517c b5805d40 00000000 8014b63c 40000113 ffffffff
[   10.515666] [<801019bc>] (__irq_svc) from [<8014b63c>] (finish_task_switch+0x9c/0x248)
[   10.523579] [<8014b63c>] (finish_task_switch) from [<8086e570>] (__schedule+0x390/0x9ac)
[   10.531664] [<8086e570>] (__schedule) from [<8086ebdc>] (schedule+0x50/0xa8)
[   10.538707] [<8086ebdc>] (schedule) from [<8017e48c>] (do_syslog+0x934/0x9d4)
[   10.545839] [<8017e48c>] (do_syslog) from [<803570fc>] (kmsg_read+0x58/0x64)
[   10.552882] [<803570fc>] (kmsg_read) from [<80348258>] (proc_reg_read+0x70/0xa0)
[   10.560274] [<80348258>] (proc_reg_read) from [<802d0924>] (__vfs_read+0x48/0x16c)
[   10.567838] [<802d0924>] (__vfs_read) from [<802d0ae4>] (vfs_read+0x9c/0x168)
[   10.574967] [<802d0ae4>] (vfs_read) from [<802d112c>] (ksys_read+0x74/0xe8)
[   10.581923] [<802d112c>] (ksys_read) from [<802d11b8>] (sys_read+0x18/0x1c)
[   10.588879] [<802d11b8>] (sys_read) from [<80101000>] (ret_fast_syscall+0x0/0x28)
[   10.596352] Exception stack(0xb5805fa8 to 0xb5805ff0)
[   10.601396] 5fa0:                   00001fa0 765ffcc8 00000005 765ffcc8 00001fa0 00000000
[   10.609566] 5fc0: 00001fa0 765ffcc8 00000005 00000003 00001fa0 76a97264 00000000 76a86cc4
[   10.617734] 5fe0: 00000002 765ff4a0 00000000 76eb1274
