[    0.000000] Booting Linux on physical CPU 0x0
[    0.000000] Linux version 4.19.118-v7+ (dom@buildbot) (gcc version 4.9.3 (crosstool-NG crosstool-ng-1.22.0-88-g8460611)) #1311 SMP Mon Apr 27 14:21:24 BST 2020
[    0.000000] CPU: ARMv7 Processor [410fd034] revision 4 (ARMv7), cr=10c5383d
[    0.000000] CPU: div instructions available: patching division code
[    0.000000] CPU: PIPT / VIPT nonaliasing data cache, VIPT aliasing instruction cache
[    0.000000] OF: fdt: Machine model: Raspberry Pi 3 Model B Plus Rev 1.3
[    0.000000] Memory policy: Data cache writealloc
[    0.000000] cma: Reserved 8 MiB at 0x3ac00000
[    0.000000] random: get_random_bytes called from start_kernel+0xac/0x4b4 with crng_init=0
[    0.000000] percpu: Embedded 16 pages/cpu s36864 r8192 d20480 u65536
[    0.000000] Built 1 zonelists, mobility grouping on.  Total pages: 240555
[    0.000000] Kernel command line: coherent_pool=1M 8250.nr_uarts=1 snd_bcm2835.enable_compat_alsa=0 snd_bcm2835.enable_hdmi=1 snd_bcm2835.enable_headphones=1 bcm2708_fb.fbwidth=
656 bcm2708_fb.fbheight=416 bcm2708_fb.fbswap=1 vc_mem.mem_base=0x3ec00000 vc_mem.mem_size=0x40000000  dwc_otg.lpm_enable=0 console=ttyAMA0,115200 console=tty1 root=PARTUUID=4c999
877-02 rootfstype=ext4 elevator=deadline fsck.repair=yes rootwait
[    0.000000] Dentry cache hash table entries: 131072 (order: 7, 524288 bytes)
[    0.000000] Inode-cache hash table entries: 65536 (order: 6, 262144 bytes)
[    0.000000] Memory: 939064K/970752K available (8192K kernel code, 656K rwdata, 2232K rodata, 1024K init, 831K bss, 23496K reserved, 8192K cma-reserved)
[    0.000000] Virtual kernel memory layout:
[    0.000000]     vector  : 0xffff0000 - 0xffff1000   (   4 kB)
[    0.000000]     fixmap  : 0xffc00000 - 0xfff00000   (3072 kB)
[    0.000000]     vmalloc : 0xbb800000 - 0xff800000   (1088 MB)
[    0.000000]     lowmem  : 0x80000000 - 0xbb400000   ( 948 MB)
[    0.000000]     modules : 0x7f000000 - 0x80000000   (  16 MB)
[    0.000000]       .text : 0x(ptrval) - 0x(ptrval)   (9184 kB)
[    0.000000]       .init : 0x(ptrval) - 0x(ptrval)   (1024 kB)
[    0.000000]       .data : 0x(ptrval) - 0x(ptrval)   ( 657 kB)
[    0.000000]        .bss : 0x(ptrval) - 0x(ptrval)   ( 832 kB)
[    0.000000] SLUB: HWalign=64, Order=0-3, MinObjects=0, CPUs=4, Nodes=1
[    0.000000] ftrace: allocating 27093 entries in 80 pages
[    0.000000] rcu: Hierarchical RCU implementation.
[    0.000000] NR_IRQS: 16, nr_irqs: 16, preallocated irqs: 16
[    0.000000] arch_timer: cp15 timer(s) running at 19.20MHz (phys).
[    0.000000] clocksource: arch_sys_counter: mask: 0xffffffffffffff max_cycles: 0x46d987e47, max_idle_ns: 440795202767 ns
[    0.000007] sched_clock: 56 bits at 19MHz, resolution 52ns, wraps every 4398046511078ns
[    0.000023] Switching to timer-based delay loop, resolution 52ns
[    0.000275] Console: colour dummy device 80x30
[    0.000910] console [tty1] enabled
[    0.000969] Calibrating delay loop (skipped), value calculated using timer frequency.. 38.40 BogoMIPS (lpj=192000)
[    0.001011] pid_max: default: 32768 minimum: 301
[    0.001379] Mount-cache hash table entries: 2048 (order: 1, 8192 bytes)
[    0.001415] Mountpoint-cache hash table entries: 2048 (order: 1, 8192 bytes)
[    0.002370] CPU: Testing write buffer coherency: ok
[    0.002851] CPU0: thread -1, cpu 0, socket 0, mpidr 80000000
[    0.003534] Setting up static identity map for 0x100000 - 0x10003c
[    0.003700] rcu: Hierarchical SRCU implementation.
[    0.004529] smp: Bringing up secondary CPUs ...
[    0.005443] CPU1: thread -1, cpu 1, socket 0, mpidr 80000001
[    0.006423] CPU2: thread -1, cpu 2, socket 0, mpidr 80000002
[    0.007343] CPU3: thread -1, cpu 3, socket 0, mpidr 80000003
[    0.007456] smp: Brought up 1 node, 4 CPUs
[    0.007536] SMP: Total of 4 processors activated (153.60 BogoMIPS).
[    0.007560] CPU: All CPU(s) started in HYP mode.
[    0.007580] CPU: Virtualization extensions available.
[    0.008577] devtmpfs: initialized
[    0.022030] VFP support v0.3: implementor 41 architecture 3 part 40 variant 3 rev 4
[    0.022305] clocksource: jiffies: mask: 0xffffffff max_cycles: 0xffffffff, max_idle_ns: 19112604462750000 ns
[    0.022355] futex hash table entries: 1024 (order: 4, 65536 bytes)
[    0.022965] pinctrl core: initialized pinctrl subsystem
[    0.023831] NET: Registered protocol family 16
[    0.027105] DMA: preallocated 1024 KiB pool for atomic coherent allocations
[    0.033023] hw-breakpoint: found 5 (+1 reserved) breakpoint and 4 watchpoint registers.
[    0.033059] hw-breakpoint: maximum watchpoint size is 8 bytes.
[    0.033278] Serial: AMBA PL011 UART driver
[    0.035630] bcm2835-mbox 3f00b880.mailbox: mailbox enabled
[    0.050029] raspberrypi-firmware soc:firmware: Attached to firmware from 2020-04-15 11:43, variant start
[    0.060042] raspberrypi-firmware soc:firmware: Firmware hash is 82f9bb929ce2186eb1824178c1ae82902ad6275c
[    0.103099] bcm2835-dma 3f007000.dma: DMA legacy API manager at (ptrval), dmachans=0x1
[    0.104749] SCSI subsystem initialized
[    0.104995] usbcore: registered new interface driver usbfs
[    0.105075] usbcore: registered new interface driver hub
[    0.105189] usbcore: registered new device driver usb
[    0.106907] clocksource: Switched to clocksource arch_sys_counter
[    0.197458] VFS: Disk quotas dquot_6.6.0
[    0.197568] VFS: Dquot-cache hash table entries: 1024 (order 0, 4096 bytes)
[    0.197738] FS-Cache: Loaded
[    0.197965] CacheFiles: Loaded
[    0.207982] NET: Registered protocol family 2
[    0.208851] tcp_listen_portaddr_hash hash table entries: 512 (order: 0, 6144 bytes)
[    0.208915] TCP established hash table entries: 8192 (order: 3, 32768 bytes)
[    0.209045] TCP bind hash table entries: 8192 (order: 4, 65536 bytes)
[    0.209250] TCP: Hash tables configured (established 8192 bind 8192)
[    0.209411] UDP hash table entries: 512 (order: 2, 16384 bytes)
[    0.209481] UDP-Lite hash table entries: 512 (order: 2, 16384 bytes)
[    0.209739] NET: Registered protocol family 1
[    0.210331] RPC: Registered named UNIX socket transport module.
[    0.210358] RPC: Registered udp transport module.
[    0.210380] RPC: Registered tcp transport module.
[    0.210401] RPC: Registered tcp NFSv4.1 backchannel transport module.
[    0.212248] hw perfevents: enabled with armv7_cortex_a7 PMU driver, 7 counters available
[    0.215353] Initialise system trusted keyrings
[    0.215562] workingset: timestamp_bits=14 max_order=18 bucket_order=4
[    0.225531] FS-Cache: Netfs 'nfs' registered for caching
[    0.226111] NFS: Registering the id_resolver key type
[    0.226157] Key type id_resolver registered
[    0.226179] Key type id_legacy registered
[    0.226210] nfs4filelayout_init: NFSv4 File Layout Driver Registering...
[    0.231666] Key type asymmetric registered
[    0.231703] Asymmetric key parser 'x509' registered
[    0.231777] Block layer SCSI generic (bsg) driver version 0.4 loaded (major 250)
[    0.231971] io scheduler noop registered
[    0.231996] io scheduler deadline registered (default)
[    0.232212] io scheduler cfq registered
[    0.232236] io scheduler mq-deadline registered (default)
[    0.232260] io scheduler kyber registered
[    0.234470] bcm2708_fb soc:fb: FB found 1 display(s)
[    0.243829] Console: switching to colour frame buffer device 82x26
[    0.250669] bcm2708_fb soc:fb: Registered framebuffer for display 0, size 656x416
[    0.256288] Serial: 8250/16550 driver, 1 ports, IRQ sharing enabled
[    0.260119] bcm2835-rng 3f104000.rng: hwrng registered
[    0.262794] vc-mem: phys_addr:0x00000000 mem_base=0x3ec00000 mem_size:0x40000000(1024 MiB)
[    0.268190] vc-sm: Videocore shared memory driver
[    0.270996] gpiomem-bcm2835 3f200000.gpiomem: Initialised: Registers at 0x3f200000
[    0.286873] brd: module loaded
[    0.299685] loop: module loaded
[    0.302789] Loading iSCSI transport class v2.0-870.
[    0.305962] libphy: Fixed MDIO Bus: probed
[    0.308511] usbcore: registered new interface driver lan78xx
[    0.311028] usbcore: registered new interface driver smsc95xx
[    0.313464] dwc_otg: version 3.00a 10-AUG-2012 (platform bus)
[    0.343779] dwc_otg 3f980000.usb: base=(ptrval)
[    0.546481] Core Release: 2.80a
[    0.548965] Setting default values for core params
[    0.551468] Finished setting default values for core params
[    0.754250] Using Buffer DMA mode
[    0.756655] Periodic Transfer Interrupt Enhancement - disabled
[    0.759090] Multiprocessor Interrupt Enhancement - disabled
[    0.761480] OTG VER PARAM: 0, OTG VER FLAG: 0
[    0.763825] Dedicated Tx FIFOs mode
[    0.766522] WARN::dwc_otg_hcd_init:1074: FIQ DMA bounce buffers: virt = bad14000 dma = 0xfad14000 len=9024
[    0.771129] FIQ FSM acceleration enabled for :
[    0.771129] Non-periodic Split Transactions
[    0.771129] Periodic Split Transactions
[    0.771129] High-Speed Isochronous Endpoints
[    0.771129] Interrupt/Control Split Transaction hack enabled
[    0.782103] WARN::hcd_init_fiq:457: FIQ on core 1
[    0.784331] WARN::hcd_init_fiq:458: FIQ ASM at 8068fda0 length 36
[    0.786544] WARN::hcd_init_fiq:497: MPHI regs_base at bb810000
[    0.788802] dwc_otg 3f980000.usb: DWC OTG Controller
[    0.791062] dwc_otg 3f980000.usb: new USB bus registered, assigned bus number 1
[    0.793381] dwc_otg 3f980000.usb: irq 56, io mem 0x00000000
[    0.795683] Init: Port Power? op_state=1
[    0.797939] Init: Power Port (0)
[    0.800356] usb usb1: New USB device found, idVendor=1d6b, idProduct=0002, bcdDevice= 4.19
[    0.804859] usb usb1: New USB device strings: Mfr=3, Product=2, SerialNumber=1
[    0.807293] usb usb1: Product: DWC OTG Controller
[    0.809659] usb usb1: Manufacturer: Linux 4.19.118-v7+ dwc_otg_hcd
[    0.812082] usb usb1: SerialNumber: 3f980000.usb
[    0.815042] hub 1-0:1.0: USB hub found
[    0.817349] hub 1-0:1.0: 1 port detected
[    0.820387] usbcore: registered new interface driver usb-storage
[    0.822851] mousedev: PS/2 mouse device common for all mice
[    0.825984] bcm2835-wdt bcm2835-wdt: Broadcom BCM2835 watchdog timer
[    0.828641] bcm2835-cpufreq: min=600000 max=1400000
[    0.831458] sdhci: Secure Digital Host Controller Interface driver
[    0.833875] sdhci: Copyright(c) Pierre Ossman
[    0.836682] sdhost-bcm2835 3f202000.mmc: could not get clk, deferring probe
[    0.839371] sdhci-pltfm: SDHCI platform and OF driver helper
[    0.843424] ledtrig-cpu: registered to indicate activity on CPUs
[    0.846121] hidraw: raw HID events driver (C) Jiri Kosina
[    0.848891] usbcore: registered new interface driver usbhid
[    0.851440] usbhid: USB HID core driver
[    0.854768] vchiq: vchiq_init_state: slot_zero = (ptrval), is_master = 0
[    0.858905] [vc_sm_connected_init]: start
[    0.868599] [vc_sm_connected_init]: end - returning 0
[    0.872120] Initializing XFRM netlink socket
[    0.874505] NET: Registered protocol family 17
[    0.876988] Key type dns_resolver registered
[    0.879958] Registering SWP/SWPB emulation handler
[    0.882968] registered taskstats version 1
[    0.885345] Loading compiled-in X.509 certificates
[    0.894350] uart-pl011 3f201000.serial: cts_event_workaround enabled
[    0.896853] 3f201000.serial: ttyAMA0 at MMIO 0x3f201000 (irq = 81, base_baud = 0) is a PL011 rev2
[    1.900568] console [ttyAMA0] enabled
[    1.908627] sdhost: log_buf @ (ptrval) (fad13000)
[    1.964095] mmc0: sdhost-bcm2835 loaded - DMA enabled (>1)
[    1.973271] of_cfs_init
[    1.978101] of_cfs_init: OK
[    1.983668] Waiting for root device PARTUUID=4c999877-02...
[    2.017025] Indeed it is in host mode hprt0 = 00021501
[    2.112067] random: fast init done
[    2.122720] mmc0: host does not support reading read-only switch, assuming write-enable
[    2.142092] mmc0: new high speed SDHC card at address aaaa
[    2.151126] mmcblk0: mmc0:aaaa SL16G 14.8 GiB
[    2.164350]  mmcblk0: p1 p2
[    2.210964] EXT4-fs (mmcblk0p2): mounted filesystem with ordered data mode. Opts: (null)
[    2.224051] VFS: Mounted root (ext4 filesystem) readonly on device 179:2.
[    2.226955] usb 1-1: new high-speed USB device number 2 using dwc_otg
[    2.242705] Indeed it is in host mode hprt0 = 00001101
[    2.244931] devtmpfs: mounted
[    2.312299] Freeing unused kernel memory: 1024K
[    2.319761] Run /sbin/init as init process
[    2.487250] usb 1-1: New USB device found, idVendor=0424, idProduct=2514, bcdDevice= b.b3
[    2.500625] usb 1-1: New USB device strings: Mfr=0, Product=0, SerialNumber=0
[    2.511152] hub 1-1:1.0: USB hub found
[    2.517784] hub 1-1:1.0: 4 ports detected
[    2.836959] usb 1-1.1: new high-speed USB device number 3 using dwc_otg
[    2.954107] systemd[1]: System time before build time, advancing clock.
[    2.967279] usb 1-1.1: New USB device found, idVendor=0424, idProduct=2514, bcdDevice= b.b3
[    2.981159] usb 1-1.1: New USB device strings: Mfr=0, Product=0, SerialNumber=0
[    2.992018] hub 1-1.1:1.0: USB hub found
[    2.998926] hub 1-1.1:1.0: 3 ports detected
[    3.022494] systemd[1]: systemd 241 running in system mode. (+PAM +AUDIT +SELINUX +IMA +APPARMOR +SMACK +SYSVINIT +UTMP +LIBCRYPTSETUP +GCRYPT +GNUTLS +ACL +XZ +LZ4 +SECCOMP +B
LKID +ELFUTILS +KMOD -IDN2 +IDN -PCRE2 default-hierarchy=hybrid)
[    3.053606] systemd[1]: Detected architecture arm.
[    3.082202] systemd[1]: Set hostname to <raspberrypi>.
[    3.273449] uart-pl011 3f201000.serial: no DMA platform data
[    3.656969] usb 1-1.1.1: new high-speed USB device number 4 using dwc_otg
[    3.787456] usb 1-1.1.1: New USB device found, idVendor=0424, idProduct=7800, bcdDevice= 3.00
[    3.801561] usb 1-1.1.1: New USB device strings: Mfr=0, Product=0, SerialNumber=0
[    4.026774] random: systemd: uninitialized urandom read (16 bytes read)
[    4.047977] random: systemd: uninitialized urandom read (16 bytes read)
[    4.073791] systemd[1]: Created slice system-serial\x2dgetty.slice.
[    4.079540] lan78xx 1-1.1.1:1.0 (unnamed net_device) (uninitialized): No External EEPROM. Setting MAC Speed
[    4.099243] libphy: lan78xx-mdiobus: probed
[    4.108940] random: systemd: uninitialized urandom read (16 bytes read)
[    4.118779] systemd[1]: Reached target Swap.
[    4.126136] lan78xx 1-1.1.1:1.0 (unnamed net_device) (uninitialized): int urb period 64
[    4.144679] systemd[1]: Created slice system-systemd\x2dfsck.slice.
[    4.157747] systemd[1]: Started Dispatch Password Requests to Console Directory Watch.
[    4.188290] systemd[1]: Condition check resulted in Journal Audit Socket being skipped.
[    4.202979] systemd[1]: Listening on udev Kernel Socket.
[    4.215384] systemd[1]: Listening on fsck to fsckd communication Socket.
[    8.534362] Unable to handle kernel NULL pointer dereference at virtual address 00000010
[    8.544142] pgd = 59968bf1
[    8.544146] [00000010] *pgd=3589e835, *pte=00000000, *ppte=00000000
[    8.554731] Internal error: Oops: 817 [#1] SMP ARM
[    8.554736] Modules linked in:
[    8.564225] CPU: 1 PID: 290 Comm: loadcpufreq Not tainted 4.19.118-v7+ #1311
[    8.564227] Hardware name: BCM2835
[    8.564238] PC is at wake_up_new_task+0xfc/0x2a8
[    8.564243] LR is at wake_up_new_task+0xd4/0x2a8
[    8.587420] pc : [<8014f458>]    lr : [<8014f430>]    psr: 20000093
[    8.587422] sp : b58d5ef8  ip : b5990f80  fp : b58d5f2c
[    8.587425] r10: 00000000  r9 : b8e97d00  r8 : b5990f80
[    8.587428] r7 : 80d04d48  r6 : b5991444  r5 : 00000001  r4 : b5990f00
[    8.587432] r3 : 00000000  r2 : 00000000  r1 : b58d5efc  r0 : b5990f00
[    8.621835] Flags: nzCv  IRQs off  FIQs on  Mode SVC_32  ISA ARM  Segment user
[    8.621839] Control: 10c5383d  Table: 358f806a  DAC: 00000055
[    8.621842] Process loadcpufreq (pid: 290, stack limit = 0xa7294db8)
[    8.621846] Stack: (0xb58d5ef8 to 0xb58d6000)
[    8.649613] 5ee0:                                                       00000000 40000013
[    8.649619] 5f00: 00000000 01c22cd2 00000000 00000161 b5990f00 80d04d48 00000000 b58a71c0
[    8.649624] 5f20: b58d5f8c b58d5f30 8011fb2c 8014f368 00000000 00000000 ffffffff 80d04d48
[    8.649629] 5f40: b58d5f5c b58d5f50 802f1fac 802f1ed4 b58d5f94 b58d5f60 802db01c 01c22cd2
[    8.649634] 5f60: 5fc7a146 76f38d18 00000000 00000002 00000078 801011c4 b58d4000 00000078
[    8.701268] 5f80: b58d5fa4 b58d5f90 8011ff3c 8011f9f0 76f38d18 00000000 00000000 b58d5fa8
[    8.701273] 5fa0: 80101000 8011ff14 76f38d18 00000000 01200011 00000000 00000000 00000000
[    8.701278] 5fc0: 76f38d18 00000000 00000002 00000078 00000000 76ef1000 76f39170 00000000
[    8.733553] 5fe0: 76f38cb0 7e8f0348 76e4675c 76e46788 60000010 01200011 00000000 00000000
