[    0.000000] Booting Linux on physical CPU 0x0
[    0.000000] Linux version 4.19.118-v7+ (dom@buildbot) (gcc version 4.9.3 (crosstool-NG crosstool-ng-1.22.0-88-g8460611)) #1311 SMP Mon Apr 27 14:21:24 BST 2020
[    0.000000] CPU: ARMv7 Processor [410fd034] revision 4 (ARMv7), cr=10c5383d
[    0.000000] CPU: div instructions available: patching division code
[    0.000000] CPU: PIPT / VIPT nonaliasing data cache, VIPT aliasing instruction cache
[    0.000000] OF: fdt: Machine model: Raspberry Pi 3 Model B Plus Rev 1.3
[    0.000000] Memory policy: Data cache writealloc
[    0.000000] cma: Reserved 256 MiB at 0x1ec00000
[    0.000000] random: get_random_bytes called from start_kernel+0xac/0x4b4 with crng_init=0
[    0.000000] percpu: Embedded 16 pages/cpu s36864 r8192 d20480 u65536
[    0.000000] Built 1 zonelists, mobility grouping on.  Total pages: 240555
[    0.000000] Kernel command line: coherent_pool=1M 8250.nr_uarts=1 snd_bcm2835.enable_compat_alsa=0 snd_bcm2835.enable_hdmi=1 snd_bcm2835.enable_headphones=1 cma=256M video=Comp
osite-1:720x480@60,margin_left=32,margin_right=32,margin_top=32,margin_bottom=32 vc_mem.mem_base=0x3ec00000 vc_mem.mem_size=0x40000000  dwc_otg.lpm_enable=0 console=ttyAMA0,115200
 console=tty1 root=PARTUUID=4c999877-02 rootfstype=ext4 elevator=deadline fsck.repair=yes rootwait
[    0.000000] Dentry cache hash table entries: 131072 (order: 7, 524288 bytes)
[    0.000000] Inode-cache hash table entries: 65536 (order: 6, 262144 bytes)
[    0.000000] Memory: 684616K/970752K available (8192K kernel code, 656K rwdata, 2232K rodata, 1024K init, 831K bss, 23992K reserved, 262144K cma-reserved)
[    0.000000] Virtual kernel memory layout:
[    0.000000]     vector  : 0xffff0000 - 0xffff1000   (   4 kB)
[    0.000000]     fixmap  : 0xffc00000 - 0xfff00000   (3072 kB)
[    0.000000]     vmalloc : 0xbb800000 - 0xff800000   (1088 MB)
[    0.000000]     lowmem  : 0x80000000 - 0xbb400000   ( 948 MB)
[    0.000000]     modules : 0x7f000000 - 0x80000000   (  16 MB)
[    0.000000]       .text : 0x(ptrval) - 0x(ptrval)   (9184 kB)
[    0.000000]       .init : 0x(ptrval) - 0x(ptrval)   (1024 kB)
[    0.000000]       .data : 0x(ptrval) - 0x(ptrval)   ( 657 kB)
[    0.000000]        .bss : 0x(ptrval) - 0x(ptrval)   ( 832 kB)
[    0.000000] SLUB: HWalign=64, Order=0-3, MinObjects=0, CPUs=4, Nodes=1
[    0.000000] ftrace: allocating 27093 entries in 80 pages
[    0.000000] rcu: Hierarchical RCU implementation.
[    0.000000] NR_IRQS: 16, nr_irqs: 16, preallocated irqs: 16
[    0.000000] arch_timer: cp15 timer(s) running at 19.20MHz (phys).
[    0.000000] clocksource: arch_sys_counter: mask: 0xffffffffffffff max_cycles: 0x46d987e47, max_idle_ns: 440795202767 ns
[    0.000008] sched_clock: 56 bits at 19MHz, resolution 52ns, wraps every 4398046511078ns
[    0.000023] Switching to timer-based delay loop, resolution 52ns
[    0.000278] Console: colour dummy device 80x30
[    0.000920] console [tty1] enabled
[    0.000980] Calibrating delay loop (skipped), value calculated using timer frequency.. 38.40 BogoMIPS (lpj=192000)
[    0.001025] pid_max: default: 32768 minimum: 301
[    0.001386] Mount-cache hash table entries: 2048 (order: 1, 8192 bytes)
[    0.001423] Mountpoint-cache hash table entries: 2048 (order: 1, 8192 bytes)
[    0.002385] CPU: Testing write buffer coherency: ok
[    0.002874] CPU0: thread -1, cpu 0, socket 0, mpidr 80000000
[    0.003557] Setting up static identity map for 0x100000 - 0x10003c
[    0.003729] rcu: Hierarchical SRCU implementation.
[    0.004567] smp: Bringing up secondary CPUs ...
[    0.005498] CPU1: thread -1, cpu 1, socket 0, mpidr 80000001
[    0.006480] CPU2: thread -1, cpu 2, socket 0, mpidr 80000002
[    0.007415] CPU3: thread -1, cpu 3, socket 0, mpidr 80000003
[    0.007530] smp: Brought up 1 node, 4 CPUs
[    0.007610] SMP: Total of 4 processors activated (153.60 BogoMIPS).
[    0.007634] CPU: All CPU(s) started in HYP mode.
[    0.007655] CPU: Virtualization extensions available.
[    0.008651] devtmpfs: initialized
[    0.022216] VFP support v0.3: implementor 41 architecture 3 part 40 variant 3 rev 4
[    0.022486] clocksource: jiffies: mask: 0xffffffff max_cycles: 0xffffffff, max_idle_ns: 19112604462750000 ns
[    0.022534] futex hash table entries: 1024 (order: 4, 65536 bytes)
[    0.033367] pinctrl core: initialized pinctrl subsystem
[    0.034382] NET: Registered protocol family 16
[    0.037704] DMA: preallocated 1024 KiB pool for atomic coherent allocations
[    0.043667] hw-breakpoint: found 5 (+1 reserved) breakpoint and 4 watchpoint registers.
[    0.043703] hw-breakpoint: maximum watchpoint size is 8 bytes.
[    0.043927] Serial: AMBA PL011 UART driver
[    0.046393] bcm2835-mbox 3f00b880.mailbox: mailbox enabled
[    0.060091] raspberrypi-firmware soc:firmware: Attached to firmware from 2020-04-15 11:43, variant start
[    0.070104] raspberrypi-firmware soc:firmware: Firmware hash is 82f9bb929ce2186eb1824178c1ae82902ad6275c
[    0.112899] bcm2835-dma 3f007000.dma: DMA legacy API manager at (ptrval), dmachans=0x1
[    0.114564] SCSI subsystem initialized
[    0.114809] usbcore: registered new interface driver usbfs
[    0.114884] usbcore: registered new interface driver hub
[    0.114997] usbcore: registered new device driver usb
[    0.116778] clocksource: Switched to clocksource arch_sys_counter
[    0.207569] VFS: Disk quotas dquot_6.6.0
[    0.207682] VFS: Dquot-cache hash table entries: 1024 (order 0, 4096 bytes)
[    0.207886] FS-Cache: Loaded
[    0.208110] CacheFiles: Loaded
[    0.208613] simple-framebuffer 3eaf0000.framebuffer: framebuffer at 0x3eaf0000, 0x10a800 bytes, mapped to 0x(ptrval)
[    0.208658] simple-framebuffer 3eaf0000.framebuffer: format=a8r8g8b8, mode=656x416x32, linelength=2624
[    0.213628] Console: switching to colour frame buffer device 82x26
[    0.220556] simple-framebuffer 3eaf0000.framebuffer: fb0: simplefb registered!
[    0.233150] NET: Registered protocol family 2
[    0.236817] tcp_listen_portaddr_hash hash table entries: 512 (order: 0, 6144 bytes)
[    0.242264] TCP established hash table entries: 8192 (order: 3, 32768 bytes)
[    0.245159] TCP bind hash table entries: 8192 (order: 4, 65536 bytes)
[    0.248109] TCP: Hash tables configured (established 8192 bind 8192)
[    0.251026] UDP hash table entries: 512 (order: 2, 16384 bytes)
[    0.253858] UDP-Lite hash table entries: 512 (order: 2, 16384 bytes)
[    0.257026] NET: Registered protocol family 1
[    0.260523] RPC: Registered named UNIX socket transport module.
[    0.263466] RPC: Registered udp transport module.
[    0.266330] RPC: Registered tcp transport module.
[    0.269126] RPC: Registered tcp NFSv4.1 backchannel transport module.
[    0.273785] hw perfevents: enabled with armv7_cortex_a7 PMU driver, 7 counters available
[    0.282536] Initialise system trusted keyrings
[    0.285521] workingset: timestamp_bits=14 max_order=18 bucket_order=4
[    0.298271] FS-Cache: Netfs 'nfs' registered for caching
[    0.301558] NFS: Registering the id_resolver key type
[    0.304261] Key type id_resolver registered
[    0.306886] Key type id_legacy registered
[    0.309393] nfs4filelayout_init: NFSv4 File Layout Driver Registering...
[    0.317442] Key type asymmetric registered
[    0.319934] Asymmetric key parser 'x509' registered
[    0.322400] Block layer SCSI generic (bsg) driver version 0.4 loaded (major 250)
[    0.327486] io scheduler noop registered
[    0.329886] io scheduler deadline registered (default)
[    0.332462] io scheduler cfq registered
[    0.334755] io scheduler mq-deadline registered (default)
[    0.337099] io scheduler kyber registered
[    0.342542] Serial: 8250/16550 driver, 1 ports, IRQ sharing enabled
[    0.346413] bcm2835-rng 3f104000.rng: hwrng registered
[    0.349189] vc-mem: phys_addr:0x00000000 mem_base=0x3ec00000 mem_size:0x40000000(1024 MiB)
[    0.354536] vc-sm: Videocore shared memory driver
[    0.357336] gpiomem-bcm2835 3f200000.gpiomem: Initialised: Registers at 0x3f200000
[    0.372977] brd: module loaded
[    0.385585] loop: module loaded
[    0.388668] Loading iSCSI transport class v2.0-870.
[    0.391830] libphy: Fixed MDIO Bus: probed
[    0.394343] usbcore: registered new interface driver lan78xx
[    0.396844] usbcore: registered new interface driver smsc95xx
[    0.399213] dwc_otg: version 3.00a 10-AUG-2012 (platform bus)
[    0.429381] dwc_otg 3f980000.usb: base=(ptrval)
[    0.631840] Core Release: 2.80a
[    0.634051] Setting default values for core params
[    0.636339] Finished setting default values for core params
[    0.838960] Using Buffer DMA mode
[    0.841261] Periodic Transfer Interrupt Enhancement - disabled
[    0.843655] Multiprocessor Interrupt Enhancement - disabled
[    0.846033] OTG VER PARAM: 0, OTG VER FLAG: 0
[    0.848409] Dedicated Tx FIFOs mode
[    0.851320] WARN::dwc_otg_hcd_init:1074: FIQ DMA bounce buffers: virt = 9ed04000 dma = 0xded04000 len=9024
[    0.855890] FIQ FSM acceleration enabled for :
[    0.855890] Non-periodic Split Transactions
[    0.855890] Periodic Split Transactions
[    0.855890] High-Speed Isochronous Endpoints
[    0.855890] Interrupt/Control Split Transaction hack enabled
[    0.866862] WARN::hcd_init_fiq:457: FIQ on core 1
[    0.869091] WARN::hcd_init_fiq:458: FIQ ASM at 8068fda0 length 36
[    0.871302] WARN::hcd_init_fiq:497: MPHI regs_base at bb810000
[    0.873563] dwc_otg 3f980000.usb: DWC OTG Controller
[    0.875829] dwc_otg 3f980000.usb: new USB bus registered, assigned bus number 1
[    0.878186] dwc_otg 3f980000.usb: irq 56, io mem 0x00000000
[    0.880493] Init: Port Power? op_state=1
[    0.882735] Init: Power Port (0)
[    0.885145] usb usb1: New USB device found, idVendor=1d6b, idProduct=0002, bcdDevice= 4.19
[    0.889673] usb usb1: New USB device strings: Mfr=3, Product=2, SerialNumber=1
[    0.892087] usb usb1: Product: DWC OTG Controller
[    0.894453] usb usb1: Manufacturer: Linux 4.19.118-v7+ dwc_otg_hcd
[    0.896899] usb usb1: SerialNumber: 3f980000.usb
[    0.899864] hub 1-0:1.0: USB hub found
[    0.902140] hub 1-0:1.0: 1 port detected
[    0.905248] usbcore: registered new interface driver usb-storage
[    0.907741] mousedev: PS/2 mouse device common for all mice
[    0.910910] bcm2835-wdt bcm2835-wdt: Broadcom BCM2835 watchdog timer
[    0.913567] bcm2835-cpufreq: min=600000 max=1400000
[    0.916411] sdhci: Secure Digital Host Controller Interface driver
[    0.918852] sdhci: Copyright(c) Pierre Ossman
[    0.921693] sdhost-bcm2835 3f202000.mmc: could not get clk, deferring probe
[    0.924372] sdhci-pltfm: SDHCI platform and OF driver helper
[    0.928494] ledtrig-cpu: registered to indicate activity on CPUs
[    0.931203] hidraw: raw HID events driver (C) Jiri Kosina
[    0.933915] usbcore: registered new interface driver usbhid
[    0.936463] usbhid: USB HID core driver
[    0.939813] vchiq: vchiq_init_state: slot_zero = (ptrval), is_master = 0
[    0.943966] [vc_sm_connected_init]: start
[    0.952029] [vc_sm_connected_init]: end - returning 0
[    0.955558] Initializing XFRM netlink socket
[    0.957982] NET: Registered protocol family 17
[    0.960425] Key type dns_resolver registered
[    0.963405] Registering SWP/SWPB emulation handler
[    0.966400] registered taskstats version 1
[    0.968804] Loading compiled-in X.509 certificates
[    0.977907] uart-pl011 3f201000.serial: cts_event_workaround enabled
[    0.980409] 3f201000.serial: ttyAMA0 at MMIO 0x3f201000 (irq = 81, base_baud = 0) is a PL011 rev2
[    2.001956] console [ttyAMA0] enabled
[    2.010125] sdhost: log_buf @ (ptrval) (ded03000)
[    2.065623] mmc0: sdhost-bcm2835 loaded - DMA enabled (>1)
[    2.074781] of_cfs_init
[    2.079686] of_cfs_init: OK
[    2.085252] Waiting for root device PARTUUID=4c999877-02...
[    2.116897] Indeed it is in host mode hprt0 = 00021501
[    2.213301] random: fast init done
[    2.227738] mmc0: host does not support reading read-only switch, assuming write-enable
[    2.247040] mmc0: new high speed SDHC card at address aaaa
[    2.256111] mmcblk0: mmc0:aaaa SL16G 14.8 GiB
[    2.269309]  mmcblk0: p1 p2
[    2.311415] EXT4-fs (mmcblk0p2): mounted filesystem with ordered data mode. Opts: (null)
[    2.324448] VFS: Mounted root (ext4 filesystem) readonly on device 179:2.
[    2.326822] usb 1-1: new high-speed USB device number 2 using dwc_otg
[    2.343140] Indeed it is in host mode hprt0 = 00001101
[    2.411076] devtmpfs: mounted
[    2.423872] Freeing unused kernel memory: 1024K
[    2.431295] Run /sbin/init as init process
[    2.587093] usb 1-1: New USB device found, idVendor=0424, idProduct=2514, bcdDevice= b.b3
[    2.600491] usb 1-1: New USB device strings: Mfr=0, Product=0, SerialNumber=0
[    2.611072] hub 1-1:1.0: USB hub found
[    2.617705] hub 1-1:1.0: 4 ports detected
[    2.936845] usb 1-1.1: new high-speed USB device number 3 using dwc_otg
[    3.067069] usb 1-1.1: New USB device found, idVendor=0424, idProduct=2514, bcdDevice= b.b3
[    3.081004] usb 1-1.1: New USB device strings: Mfr=0, Product=0, SerialNumber=0
[    3.091839] hub 1-1.1:1.0: USB hub found
[    3.098616] hub 1-1.1:1.0: 3 ports detected
[    3.146019] systemd[1]: System time before build time, advancing clock.
[    3.214711] systemd[1]: systemd 241 running in system mode. (+PAM +AUDIT +SELINUX +IMA +APPARMOR +SMACK +SYSVINIT +UTMP +LIBCRYPTSETUP +GCRYPT +GNUTLS +ACL +XZ +LZ4 +SECCOMP +B
LKID +ELFUTILS +KMOD -IDN2 +IDN -PCRE2 default-hierarchy=hybrid)
[    3.245396] systemd[1]: Detected architecture arm.
[    3.273775] systemd[1]: Set hostname to <raspberrypi>.
[    3.476570] uart-pl011 3f201000.serial: no DMA platform data
[    3.756830] usb 1-1.1.1: new high-speed USB device number 4 using dwc_otg
[    3.887276] usb 1-1.1.1: New USB device found, idVendor=0424, idProduct=7800, bcdDevice= 3.00
[    3.901230] usb 1-1.1.1: New USB device strings: Mfr=0, Product=0, SerialNumber=0
[    4.179031] lan78xx 1-1.1.1:1.0 (unnamed net_device) (uninitialized): No External EEPROM. Setting MAC Speed
[    4.195656] libphy: lan78xx-mdiobus: probed
[    4.228401] lan78xx 1-1.1.1:1.0 (unnamed net_device) (uninitialized): int urb period 64
[    4.259088] random: systemd: uninitialized urandom read (16 bytes read)
[    4.280066] random: systemd: uninitialized urandom read (16 bytes read)
[    4.290353] systemd[1]: Started Forward Password Requests to Wall Directory Watch.
[    4.307245] random: systemd: uninitialized urandom read (16 bytes read)
[    4.316883] systemd[1]: Reached target Swap.
[    4.328546] systemd[1]: Set up automount Arbitrary Executable File Formats File System Automount Point.
[    4.348434] systemd[1]: Listening on Syslog Socket.
[    4.365575] systemd[1]: Created slice system-systemd\x2dfsck.slice.
[    4.380303] systemd[1]: Created slice system-serial\x2dgetty.slice.
[    4.393613] systemd[1]: Listening on initctl Compatibility Named Pipe.
[    8.467498] Internal error: Oops - undefined instruction: 0 [#1] SMP ARM
[    8.475193] Modules linked in:
[    8.479170] CPU: 1 PID: 320 Comm: modprobe Not tainted 4.19.118-v7+ #1311
[    8.487090] Hardware name: BCM2835
[    8.491462] PC is at get_page_from_freelist+0x21c/0x1364
[    8.497688] LR is at   (null)
[    8.501637] pc : [<80265630>]    lr : [<00000000>]    psr: a0000193
[    8.508951] sp : b540bc70  ip : 00000100  fp : b540bd1c
[    8.515113] r10: 80c98f00  r9 : 80d8c2c0  r8 : 00000040
[    8.521413] r7 : 80d8c2c0  r6 : 00000000  r5 : 00000001  r4 : bb2b84cc
[    8.528930] r3 : 00000000  r2 : 80c94464  r1 : 39e54000  r0 : 00000200
[    8.536470] Flags: NzCv  IRQs off  FIQs on  Mode SVC_32  ISA ARM  Segment user
[    8.544781] Control: 10c5383d  Table: 3540406a  DAC: 00000055
[    8.551591] Process modprobe (pid: 320, stack limit = 0xfd1df08e)
[    8.558772] Stack: (0xb540bc70 to 0xb540c000)
[    8.564184] bc60:                                     00000081 b70be600 ba421000 00000000
[    8.574498] bc80: b540bd8c b540bc90 80266fcc 80d90e00 00000040 00000060 00000058 80d04d48
[    8.584956] bca0: b540bd20 006200ca 00000001 b540bd24 b540bcfc b540bcc0 80d04d70 8020363c
[    8.595537] bcc0: baaecf10 baaecf14 00000000 00000002 39e54000 baaecf00 20000113 00000081
[    8.606244] bce0: b540bdb4 80d8c940 b540bd14 26bffaee 8085f584 00000001 00000000 00200000
[    8.616882] bd00: 00000081 00000040 ba421000 00000000 b540be1c b540bd20 80266fcc 80265420
[    8.627599] bd20: 80203680 80204884 bb2aeaac ba421000 00000000 80d04d48 b540bd8c b540bd48
[    8.638419] bd40: 802c8408 80116a24 0002ef0d 2ef0d59f b540bd6c b540bd60 80116a24 802ac60c
[    8.649380] bd60: b540bd84 b540bd70 8011897c 80116a00 80d0547c 802c74a4 ba4013c0 006000c0
[    8.660393] bd80: b70be300 80e1c4c0 80d04d48 006200ca 802c74a4 006200ca 040c0000 006000c0
[    8.671474] bda0: 006000c0 802bab48 b540bdf4 b540bdb8 00076f09 80d8c940 00000000 80d8c940
[    8.682633] bdc0: 00000001 00000001 00000000 80860a54 80292b28 b540bde0 00000000 b84dcd58
[    8.693814] bde0: b70be300 802a51f0 b540be1c 26bffaee 802a51f0 76f08000 b70be300 80d04d48
[    8.705002] be00: 00000055 00000040 ba421000 00000800 b540be9c b540be20 8029b044 80266ec4
[    8.716190] be20: b9bb5600 b70be300 b540be5c 8029efc4 b540be5c b70be300 00000055 006000c0
[    8.727371] be40: 00076f08 76f08000 b5405db8 b5405db8 00000000 00000000 00000000 00000000
[    8.738557] be60: 00000000 00000000 00000000 26bffaee b540be9c b540bfb0 b6471e00 76f08010
[    8.749747] be80: b9bb5600 00000817 b9bb563c 00000800 b540bef4 b540bea0 80874a7c 8029aa18
[    8.760931] bea0: 76f08000 00000022 00000003 00000000 00000073 b9bb5600 b540bf04 b540bec8
[    8.772125] bec0: 802a12c0 00000055 00076f08 80d0a644 80d04d48 00000817 80874738 76f08010
[    8.783318] bee0: b540bfb0 76f16978 b540bfac b540bef8 801167fc 80874744 b540bf5c b540bf08
[    8.794505] bf00: 80282ab8 8017746c 00000022 00000000 00076f08 b540bf20 b540bf24 00000002
[    8.805698] bf20: 00000000 b540bf24 b540bf24 26bffaee b706b9c0 00000022 00000003 00002000
[    8.816889] bf40: 00000000 801011c4 b540a000 000000c0 b540bf8c b540bf60 8029ecd8 802829f8
[    8.828073] bf60: 00000022 80101c9c 20000010 ffffffff 10c5383d 10c5387d 76f028c8 76f16978
[    8.839262] bf80: b540bfac 26bffaee 76f00580 20000010 ffffffff 10c5383d 10c5387d 76f028c8
[    8.850450] bfa0: 00000000 b540bfb0 80101ca4 801167b0 76f08010 00000000 000004c0 76f08010
[    8.861628] bfc0: 76f084d0 76f08000 00000000 00000001 00000000 76f028c8 76f16978 7e809df4
[    8.872810] bfe0: 00000000 7e809c30 76ef7d68 76f00580 20000010 ffffffff 00000000 00000000
[    8.884009] [<80265630>] (get_page_from_freelist) from [<80266fcc>] (__alloc_pages_nodemask+0x114/0x1174)
[    8.896597] [<80266fcc>] (__alloc_pages_nodemask) from [<8029b044>] (handle_mm_fault+0x638/0xd68)
[    8.908506] [<8029b044>] (handle_mm_fault) from [<80874a7c>] (do_page_fault+0x344/0x3b8)
[    8.919632] [<80874a7c>] (do_page_fault) from [<801167fc>] (do_DataAbort+0x58/0xf4)
[    8.930312] [<801167fc>] (do_DataAbort) from [<80101ca4>] (__dabt_usr+0x44/0x60)
[    8.940738] Exception stack(0xb540bfb0 to 0xb540bff8)
[    8.947293] bfa0:                                     76f08010 00000000 000004c0 76f08010
[    8.958420] bfc0: 76f084d0 76f08000 00000000 00000001 00000000 76f028c8 76f16978 7e809df4
[    8.969519] bfe0: 00000000 7e809c30 76ef7d68 76f00580 20000010 ffffffff
[    8.977606] Code: e3042464 e34820c9 ee1d1f90 e1a03fa3 (e2833004)
[    8.985163] ---[ end trace 3c5ba45ac62f7ac3 ]---
