[    0.000000] Booting Linux on physical CPU 0x0
[    0.000000] Linux version 4.19.118-v7+ (dom@buildbot) (gcc version 4.9.3 (crosstool-NG crosstool-ng-1.22.0-88-g8460611)) #1311 SMP Mon Apr 27 14:21:24 BST 2020
[    0.000000] CPU: ARMv7 Processor [410fd034] revision 4 (ARMv7), cr=10c5383d
[    0.000000] CPU: div instructions available: patching division code
[    0.000000] CPU: PIPT / VIPT nonaliasing data cache, VIPT aliasing instruction cache
[    0.000000] OF: fdt: Machine model: Raspberry Pi 3 Model B Plus Rev 1.3
[    0.000000] Memory policy: Data cache writealloc
[    0.000000] cma: Reserved 8 MiB at 0x3ac00000
[    0.000000] random: get_random_bytes called from start_kernel+0xac/0x4b4 with crng_init=0
[    0.000000] percpu: Embedded 16 pages/cpu s36864 r8192 d20480 u65536
[    0.000000] Built 1 zonelists, mobility grouping on.  Total pages: 240555
[    0.000000] Kernel command line: coherent_pool=1M 8250.nr_uarts=1 snd_bcm2835.enable_compat_alsa=0 snd_bcm2835.enable_hdmi=1 snd_bcm2835.enable_headphones=1 bcm2708_fb.fbwidth=
656 bcm2708_fb.fbheight=416 bcm2708_fb.fbswap=1 vc_mem.mem_base=0x3ec00000 vc_mem.mem_size=0x40000000  dwc_otg.lpm_enable=0 console=ttyAMA0,115200 console=tty1 root=PARTUUID=4c999
877-02 rootfstype=ext4 elevator=deadline fsck.repair=yes rootwait
[    0.000000] Dentry cache hash table entries: 131072 (order: 7, 524288 bytes)
[    0.000000] Inode-cache hash table entries: 65536 (order: 6, 262144 bytes)
[    0.000000] Memory: 939064K/970752K available (8192K kernel code, 656K rwdata, 2232K rodata, 1024K init, 831K bss, 23496K reserved, 8192K cma-reserved)
[    0.000000] Virtual kernel memory layout:
[    0.000000]     vector  : 0xffff0000 - 0xffff1000   (   4 kB)
[    0.000000]     fixmap  : 0xffc00000 - 0xfff00000   (3072 kB)
[    0.000000]     vmalloc : 0xbb800000 - 0xff800000   (1088 MB)
[    0.000000]     lowmem  : 0x80000000 - 0xbb400000   ( 948 MB)
[    0.000000]     modules : 0x7f000000 - 0x80000000   (  16 MB)
[    0.000000]       .text : 0x(ptrval) - 0x(ptrval)   (9184 kB)
[    0.000000]       .init : 0x(ptrval) - 0x(ptrval)   (1024 kB)
[    0.000000]       .data : 0x(ptrval) - 0x(ptrval)   ( 657 kB)
[    0.000000]        .bss : 0x(ptrval) - 0x(ptrval)   ( 832 kB)
[    0.000000] SLUB: HWalign=64, Order=0-3, MinObjects=0, CPUs=4, Nodes=1
[    0.000000] ftrace: allocating 27093 entries in 80 pages
[    0.000000] rcu: Hierarchical RCU implementation.
[    0.000000] NR_IRQS: 16, nr_irqs: 16, preallocated irqs: 16
[    0.000000] arch_timer: cp15 timer(s) running at 19.20MHz (phys).
[    0.000000] clocksource: arch_sys_counter: mask: 0xffffffffffffff max_cycles: 0x46d987e47, max_idle_ns: 440795202767 ns
[    0.000007] sched_clock: 56 bits at 19MHz, resolution 52ns, wraps every 4398046511078ns
[    0.000023] Switching to timer-based delay loop, resolution 52ns
[    0.000275] Console: colour dummy device 80x30
[    0.000910] console [tty1] enabled
[    0.000968] Calibrating delay loop (skipped), value calculated using timer frequency.. 38.40 BogoMIPS (lpj=192000)
[    0.001011] pid_max: default: 32768 minimum: 301
[    0.001377] Mount-cache hash table entries: 2048 (order: 1, 8192 bytes)
[    0.001414] Mountpoint-cache hash table entries: 2048 (order: 1, 8192 bytes)
[    0.002369] CPU: Testing write buffer coherency: ok
[    0.002854] CPU0: thread -1, cpu 0, socket 0, mpidr 80000000
[    0.003537] Setting up static identity map for 0x100000 - 0x10003c
[    0.003707] rcu: Hierarchical SRCU implementation.
[    0.004535] smp: Bringing up secondary CPUs ...
[    0.005445] CPU1: thread -1, cpu 1, socket 0, mpidr 80000001
[    0.006422] CPU2: thread -1, cpu 2, socket 0, mpidr 80000002
[    0.007339] CPU3: thread -1, cpu 3, socket 0, mpidr 80000003
[    0.007454] smp: Brought up 1 node, 4 CPUs
[    0.007535] SMP: Total of 4 processors activated (153.60 BogoMIPS).
[    0.007559] CPU: All CPU(s) started in HYP mode.
[    0.007579] CPU: Virtualization extensions available.
[    0.008574] devtmpfs: initialized
[    0.022032] VFP support v0.3: implementor 41 architecture 3 part 40 variant 3 rev 4
[    0.022308] clocksource: jiffies: mask: 0xffffffff max_cycles: 0xffffffff, max_idle_ns: 19112604462750000 ns
[    0.022358] futex hash table entries: 1024 (order: 4, 65536 bytes)
[    0.022969] pinctrl core: initialized pinctrl subsystem
[    0.023835] NET: Registered protocol family 16
[    0.027103] DMA: preallocated 1024 KiB pool for atomic coherent allocations
[    0.033018] hw-breakpoint: found 5 (+1 reserved) breakpoint and 4 watchpoint registers.
[    0.033054] hw-breakpoint: maximum watchpoint size is 8 bytes.
[    0.033273] Serial: AMBA PL011 UART driver
[    0.035631] bcm2835-mbox 3f00b880.mailbox: mailbox enabled
[    0.050031] raspberrypi-firmware soc:firmware: Attached to firmware from 2020-04-15 11:43, variant start
[    0.060044] raspberrypi-firmware soc:firmware: Firmware hash is 82f9bb929ce2186eb1824178c1ae82902ad6275c
[    0.103084] bcm2835-dma 3f007000.dma: DMA legacy API manager at (ptrval), dmachans=0x1
[    0.104736] SCSI subsystem initialized
[    0.104982] usbcore: registered new interface driver usbfs
[    0.105063] usbcore: registered new interface driver hub
[    0.105177] usbcore: registered new device driver usb
[    0.106898] clocksource: Switched to clocksource arch_sys_counter
[    0.197510] VFS: Disk quotas dquot_6.6.0
[    0.197620] VFS: Dquot-cache hash table entries: 1024 (order 0, 4096 bytes)
[    0.197791] FS-Cache: Loaded
[    0.198021] CacheFiles: Loaded
[    0.208030] NET: Registered protocol family 2
[    0.208898] tcp_listen_portaddr_hash hash table entries: 512 (order: 0, 6144 bytes)
[    0.208961] TCP established hash table entries: 8192 (order: 3, 32768 bytes)
[    0.209092] TCP bind hash table entries: 8192 (order: 4, 65536 bytes)
[    0.209296] TCP: Hash tables configured (established 8192 bind 8192)
[    0.209461] UDP hash table entries: 512 (order: 2, 16384 bytes)
[    0.209531] UDP-Lite hash table entries: 512 (order: 2, 16384 bytes)
[    0.209791] NET: Registered protocol family 1
[    0.210379] RPC: Registered named UNIX socket transport module.
[    0.210406] RPC: Registered udp transport module.
[    0.210428] RPC: Registered tcp transport module.
[    0.210449] RPC: Registered tcp NFSv4.1 backchannel transport module.
[    0.212301] hw perfevents: enabled with armv7_cortex_a7 PMU driver, 7 counters available
[    0.215403] Initialise system trusted keyrings
[    0.215606] workingset: timestamp_bits=14 max_order=18 bucket_order=4
[    0.225570] FS-Cache: Netfs 'nfs' registered for caching
[    0.226151] NFS: Registering the id_resolver key type
[    0.226206] Key type id_resolver registered
[    0.226228] Key type id_legacy registered
[    0.226260] nfs4filelayout_init: NFSv4 File Layout Driver Registering...
[    0.231721] Key type asymmetric registered
[    0.231756] Asymmetric key parser 'x509' registered
[    0.231829] Block layer SCSI generic (bsg) driver version 0.4 loaded (major 250)
[    0.232024] io scheduler noop registered
[    0.232050] io scheduler deadline registered (default)
[    0.232267] io scheduler cfq registered
[    0.232291] io scheduler mq-deadline registered (default)
[    0.232316] io scheduler kyber registered
[    0.234524] bcm2708_fb soc:fb: FB found 1 display(s)
[    0.243882] Console: switching to colour frame buffer device 82x26
[    0.250742] bcm2708_fb soc:fb: Registered framebuffer for display 0, size 656x416
[    0.256381] Serial: 8250/16550 driver, 1 ports, IRQ sharing enabled
[    0.260226] bcm2835-rng 3f104000.rng: hwrng registered
[    0.262909] vc-mem: phys_addr:0x00000000 mem_base=0x3ec00000 mem_size:0x40000000(1024 MiB)
[    0.268312] vc-sm: Videocore shared memory driver
[    0.271119] gpiomem-bcm2835 3f200000.gpiomem: Initialised: Registers at 0x3f200000
[    0.287041] brd: module loaded
[    0.299783] loop: module loaded
[    0.302887] Loading iSCSI transport class v2.0-870.
[    0.306068] libphy: Fixed MDIO Bus: probed
[    0.308618] usbcore: registered new interface driver lan78xx
[    0.311136] usbcore: registered new interface driver smsc95xx
[    0.313571] dwc_otg: version 3.00a 10-AUG-2012 (platform bus)
[    0.343884] dwc_otg 3f980000.usb: base=(ptrval)
[    0.546584] Core Release: 2.80a
[    0.549060] Setting default values for core params
[    0.551556] Finished setting default values for core params
[    0.754334] Using Buffer DMA mode
[    0.756733] Periodic Transfer Interrupt Enhancement - disabled
[    0.759160] Multiprocessor Interrupt Enhancement - disabled
[    0.761545] OTG VER PARAM: 0, OTG VER FLAG: 0
[    0.763885] Dedicated Tx FIFOs mode
[    0.766577] WARN::dwc_otg_hcd_init:1074: FIQ DMA bounce buffers: virt = bad14000 dma = 0xfad14000 len=9024
[    0.771173] FIQ FSM acceleration enabled for :
[    0.771173] Non-periodic Split Transactions
[    0.771173] Periodic Split Transactions
[    0.771173] High-Speed Isochronous Endpoints
[    0.771173] Interrupt/Control Split Transaction hack enabled
[    0.782109] WARN::hcd_init_fiq:457: FIQ on core 1
[    0.784334] WARN::hcd_init_fiq:458: FIQ ASM at 8068fda0 length 36
[    0.786542] WARN::hcd_init_fiq:497: MPHI regs_base at bb810000
[    0.788796] dwc_otg 3f980000.usb: DWC OTG Controller
[    0.791055] dwc_otg 3f980000.usb: new USB bus registered, assigned bus number 1
[    0.793373] dwc_otg 3f980000.usb: irq 56, io mem 0x00000000
[    0.795678] Init: Port Power? op_state=1
[    0.797936] Init: Power Port (0)
[    0.800358] usb usb1: New USB device found, idVendor=1d6b, idProduct=0002, bcdDevice= 4.19
[    0.804870] usb usb1: New USB device strings: Mfr=3, Product=2, SerialNumber=1
[    0.807308] usb usb1: Product: DWC OTG Controller
[    0.809675] usb usb1: Manufacturer: Linux 4.19.118-v7+ dwc_otg_hcd
[    0.812103] usb usb1: SerialNumber: 3f980000.usb
[    0.815056] hub 1-0:1.0: USB hub found
[    0.817366] hub 1-0:1.0: 1 port detected
[    0.820410] usbcore: registered new interface driver usb-storage
[    0.822876] mousedev: PS/2 mouse device common for all mice
[    0.826023] bcm2835-wdt bcm2835-wdt: Broadcom BCM2835 watchdog timer
[    0.828681] bcm2835-cpufreq: min=600000 max=1400000
[    0.831499] sdhci: Secure Digital Host Controller Interface driver
[    0.833919] sdhci: Copyright(c) Pierre Ossman
[    0.836727] sdhost-bcm2835 3f202000.mmc: could not get clk, deferring probe
[    0.839421] sdhci-pltfm: SDHCI platform and OF driver helper
[    0.843479] ledtrig-cpu: registered to indicate activity on CPUs
[    0.846174] hidraw: raw HID events driver (C) Jiri Kosina
[    0.848946] usbcore: registered new interface driver usbhid
[    0.851495] usbhid: USB HID core driver
[    0.854828] vchiq: vchiq_init_state: slot_zero = (ptrval), is_master = 0
[    0.858987] [vc_sm_connected_init]: start
[    0.868657] [vc_sm_connected_init]: end - returning 0
[    0.872178] Initializing XFRM netlink socket
[    0.874565] NET: Registered protocol family 17
[    0.877056] Key type dns_resolver registered
[    0.880022] Registering SWP/SWPB emulation handler
[    0.883028] registered taskstats version 1
[    0.885403] Loading compiled-in X.509 certificates
[    0.894426] uart-pl011 3f201000.serial: cts_event_workaround enabled
[    0.896987] 3f201000.serial: ttyAMA0 at MMIO 0x3f201000 (irq = 81, base_baud = 0) is a PL011 rev2
[    1.900636] console [ttyAMA0] enabled
[    1.908710] sdhost: log_buf @ (ptrval) (fad13000)
[    1.964146] mmc0: sdhost-bcm2835 loaded - DMA enabled (>1)
[    1.973319] of_cfs_init
[    1.978150] of_cfs_init: OK
[    1.983717] Waiting for root device PARTUUID=4c999877-02...
[    2.017015] Indeed it is in host mode hprt0 = 00021501
[    2.112062] random: fast init done
[    2.122717] mmc0: host does not support reading read-only switch, assuming write-enable
[    2.141902] mmc0: new high speed SDHC card at address aaaa
[    2.150938] mmcblk0: mmc0:aaaa SL16G 14.8 GiB
[    2.164158]  mmcblk0: p1 p2
[    2.210905] EXT4-fs (mmcblk0p2): mounted filesystem with ordered data mode. Opts: (null)
[    2.223998] VFS: Mounted root (ext4 filesystem) readonly on device 179:2.
[    2.226937] usb 1-1: new high-speed USB device number 2 using dwc_otg
[    2.242641] Indeed it is in host mode hprt0 = 00001101
[    2.244799] devtmpfs: mounted
[    2.312235] Freeing unused kernel memory: 1024K
[    2.319697] Run /sbin/init as init process
[    2.487244] usb 1-1: New USB device found, idVendor=0424, idProduct=2514, bcdDevice= b.b3
[    2.500622] usb 1-1: New USB device strings: Mfr=0, Product=0, SerialNumber=0
[    2.511155] hub 1-1:1.0: USB hub found
[    2.517785] hub 1-1:1.0: 4 ports detected
[    2.836950] usb 1-1.1: new high-speed USB device number 3 using dwc_otg
[    2.954009] systemd[1]: System time before build time, advancing clock.
[    2.967274] usb 1-1.1: New USB device found, idVendor=0424, idProduct=2514, bcdDevice= b.b3
[    2.981134] usb 1-1.1: New USB device strings: Mfr=0, Product=0, SerialNumber=0
[    2.991992] hub 1-1.1:1.0: USB hub found
[    2.998892] hub 1-1.1:1.0: 3 ports detected
[    3.022475] systemd[1]: systemd 241 running in system mode. (+PAM +AUDIT +SELINUX +IMA +APPARMOR +SMACK +SYSVINIT +UTMP +LIBCRYPTSETUP +GCRYPT +GNUTLS +ACL +XZ +LZ4 +SECCOMP +B
LKID +ELFUTILS +KMOD -IDN2 +IDN -PCRE2 default-hierarchy=hybrid)
[    3.053368] systemd[1]: Detected architecture arm.
[    3.082169] systemd[1]: Set hostname to <raspberrypi>.
[    3.290677] uart-pl011 3f201000.serial: no DMA platform data
[    3.656953] usb 1-1.1.1: new high-speed USB device number 4 using dwc_otg
[    3.787398] usb 1-1.1.1: New USB device found, idVendor=0424, idProduct=7800, bcdDevice= 3.00
[    3.801474] usb 1-1.1.1: New USB device strings: Mfr=0, Product=0, SerialNumber=0
[    4.022161] random: systemd: uninitialized urandom read (16 bytes read)
[    4.067463] systemd[1]: Condition check resulted in Journal Audit Socket being skipped.
[    4.079225] lan78xx 1-1.1.1:1.0 (unnamed net_device) (uninitialized): No External EEPROM. Setting MAC Speed
[    4.081576] random: systemd: uninitialized urandom read (16 bytes read)
[    4.097997] libphy: lan78xx-mdiobus: probed
[    4.118118] systemd[1]: Created slice system-systemd\x2dfsck.slice.
[    4.132190] random: systemd: uninitialized urandom read (16 bytes read)
[    4.133235] lan78xx 1-1.1.1:1.0 (unnamed net_device) (uninitialized): int urb period 64
[    4.142464] systemd[1]: Listening on initctl Compatibility Named Pipe.
[    4.171374] systemd[1]: Created slice system-getty.slice.
[    4.184356] systemd[1]: Listening on udev Kernel Socket.
[    4.197015] systemd[1]: Started Dispatch Password Requests to Console Directory Watch.
[    4.215450] systemd[1]: Started Forward Password Requests to Wall Directory Watch.
[    8.494074] Internal error: Oops - undefined instruction: 0 [#1] SMP ARM
[    8.501847] Modules linked in:
[    8.505861] CPU: 1 PID: 354 Comm: loadcpufreq Not tainted 4.19.118-v7+ #1311
[    8.513889] Hardware name: BCM2835
[    8.518259] PC is at copy_page+0x60/0x80
[    8.523144] LR is at 0xf
[    8.526612] pc : [<80853500>]    lr : [<0000000f>]    psr: 20000113
[    8.533882] sp : b5489d78  ip : 00000000  fp : b5489d8c
[    8.540105] r10: b6514200  r9 : b71c6800  r8 : b67f4960
[    8.546316] r7 : 80d04d48  r6 : bab292e8  r5 : bab0bb88  r4 : 01bc7510
[    8.553840] r3 : 01bc6c8c  r2 : 00000006  r1 : b4c52c90  r0 : b596ac80
[    8.561341] Flags: nzCv  IRQs on  FIQs on  Mode SVC_32  ISA ARM  Segment user
[    8.569488] Control: 10c5383d  Table: 355a806a  DAC: 00000055
[    8.569499] Process loadcpufreq (pid: 354, stack limit = 0x08caca8e)
[    8.569506] Stack: (0xb5489d78 to 0xb548a000)
[    8.589077] 9d60:                                                       b5489e34 8011b16c
[    8.589084] 9d80: b5489de4 b5489d90 802969e4 8011b0b8 b5489dfc 802a3aec 00000000 b900de30
[    8.609544] 9da0: ba3bba44 01c22cd2 00000001 00000001 b5489de4 01c22cd2 802a3aec b5489e34
[    8.609549] 9dc0: 80d04d48 b67f4960 00000055 00000040 b71c6800 00000800 b5489e1c b5489de8
[    8.609554] 9de0: 8029979c 80296950 b71c6800 00000800 00000002 01c22cd2 b67f4960 00001bc6
[    8.609559] 9e00: 80d04d48 00000055 00000040 b71c6800 b5489e9c b5489e20 8029af40 802996e0
[    8.651559] 9e20: 00000000 76de7000 b55a9db0 b55a9db0 00000000 b67f4960 00000055 006000c0
[    8.651566] 9e40: 00001bc6 01bc6000 b55a8068 b55a8068 34c527df 00000000 00000000 bab0bb88
[    8.673214] 9e60: b66c9718 bab47458 00000000 01c22cd2 b5489e9c b5489fb0 b5598000 01bc6054
[    8.673222] 9e80: b6514200 0000080f b651423c 00000800 b5489ef4 b5489ea0 80874a7c 8029aa18
[    8.695183] 9ea0: 00000100 00000054 b5489ed4 80000005 80d0a824 00000005 80874af0 00000000
[    8.695188] 9ec0: 00000008 00000055 b5489ef4 80d0a6c4 80d04d48 0000080f 80874738 01bc6054
[    8.695193] 9ee0: b5489fb0 00000000 b5489fac b5489ef8 801167fc 80874744 80264d24 8010192c
[    8.695198] 9f00: 80000013 ffffffff b5489f7c 00000000 b5488000 00000000 b5489f44 80874280
[    8.695204] 9f20: 00000000 00000000 00000000 00000000 00000000 80c93ad8 8012eae8 00000000
[    8.751100] 9f40: 00000000 00000000 00000000 00000000 b5489f7c b5489f60 80203680 80204884
[    8.751106] 9f60: 00000504 80101c9c 80000010 ffffffff 10c5383d 10c5387d 00000028 00000000
[    8.751111] 9f80: b5489fac 01c22cd2 76de3d38 80000010 ffffffff 10c5383d 10c5387d 00000028
[    8.784679] 9fa0: 00000000 b5489fb0 80101ca4 801167b0 0000001f 00000000 00000001 01bc6008
