[    0.000000] Booting Linux on physical CPU 0x0
[    0.000000] Linux version 4.19.118-v7+ (dom@buildbot) (gcc version 4.9.3 (crosstool-NG crosstool-ng-1.22.0-88-g8460611)) #1311 SMP Mon Apr 27 14:21:24 BST 2020
[    0.000000] CPU: ARMv7 Processor [410fd034] revision 4 (ARMv7), cr=10c5383d
[    0.000000] CPU: div instructions available: patching division code
[    0.000000] CPU: PIPT / VIPT nonaliasing data cache, VIPT aliasing instruction cache
[    0.000000] OF: fdt: Machine model: Raspberry Pi 3 Model B Plus Rev 1.3
[    0.000000] Memory policy: Data cache writealloc
[    0.000000] cma: Reserved 8 MiB at 0x3ac00000
[    0.000000] random: get_random_bytes called from start_kernel+0xac/0x4b4 with crng_init=0
[    0.000000] percpu: Embedded 16 pages/cpu s36864 r8192 d20480 u65536
[    0.000000] Built 1 zonelists, mobility grouping on.  Total pages: 240555
[    0.000000] Kernel command line: coherent_pool=1M 8250.nr_uarts=1 snd_bcm2835.enable_compat_alsa=0 snd_bcm2835.enable_hdmi=1 snd_bcm2835.enable_headphones=1 bcm2708_fb.fbwidth=
656 bcm2708_fb.fbheight=416 bcm2708_fb.fbswap=1 vc_mem.mem_base=0x3ec00000 vc_mem.mem_size=0x40000000  dwc_otg.lpm_enable=0 console=ttyAMA0,115200 console=tty1 root=PARTUUID=4c999
877-02 rootfstype=ext4 elevator=deadline fsck.repair=yes rootwait
[    0.000000] Dentry cache hash table entries: 131072 (order: 7, 524288 bytes)
[    0.000000] Inode-cache hash table entries: 65536 (order: 6, 262144 bytes)
[    0.000000] Memory: 939064K/970752K available (8192K kernel code, 656K rwdata, 2232K rodata, 1024K init, 831K bss, 23496K reserved, 8192K cma-reserved)
[    0.000000] Virtual kernel memory layout:
[    0.000000]     vector  : 0xffff0000 - 0xffff1000   (   4 kB)
[    0.000000]     fixmap  : 0xffc00000 - 0xfff00000   (3072 kB)
[    0.000000]     vmalloc : 0xbb800000 - 0xff800000   (1088 MB)
[    0.000000]     lowmem  : 0x80000000 - 0xbb400000   ( 948 MB)
[    0.000000]     modules : 0x7f000000 - 0x80000000   (  16 MB)
[    0.000000]       .text : 0x(ptrval) - 0x(ptrval)   (9184 kB)
[    0.000000]       .init : 0x(ptrval) - 0x(ptrval)   (1024 kB)
[    0.000000]       .data : 0x(ptrval) - 0x(ptrval)   ( 657 kB)
[    0.000000]        .bss : 0x(ptrval) - 0x(ptrval)   ( 832 kB)
[    0.000000] SLUB: HWalign=64, Order=0-3, MinObjects=0, CPUs=4, Nodes=1
[    0.000000] ftrace: allocating 27093 entries in 80 pages
[    0.000000] rcu: Hierarchical RCU implementation.
[    0.000000] NR_IRQS: 16, nr_irqs: 16, preallocated irqs: 16
[    0.000000] arch_timer: cp15 timer(s) running at 19.20MHz (phys).
[    0.000000] clocksource: arch_sys_counter: mask: 0xffffffffffffff max_cycles: 0x46d987e47, max_idle_ns: 440795202767 ns
[    0.000007] sched_clock: 56 bits at 19MHz, resolution 52ns, wraps every 4398046511078ns
[    0.000023] Switching to timer-based delay loop, resolution 52ns
[    0.000277] Console: colour dummy device 80x30
[    0.000912] console [tty1] enabled
[    0.000970] Calibrating delay loop (skipped), value calculated using timer frequency.. 38.40 BogoMIPS (lpj=192000)
[    0.001013] pid_max: default: 32768 minimum: 301
[    0.001380] Mount-cache hash table entries: 2048 (order: 1, 8192 bytes)
[    0.001417] Mountpoint-cache hash table entries: 2048 (order: 1, 8192 bytes)
[    0.002376] CPU: Testing write buffer coherency: ok
[    0.002861] CPU0: thread -1, cpu 0, socket 0, mpidr 80000000
[    0.003548] Setting up static identity map for 0x100000 - 0x10003c
[    0.003717] rcu: Hierarchical SRCU implementation.
[    0.004546] smp: Bringing up secondary CPUs ...
[    0.005464] CPU1: thread -1, cpu 1, socket 0, mpidr 80000001
[    0.006441] CPU2: thread -1, cpu 2, socket 0, mpidr 80000002
[    0.007360] CPU3: thread -1, cpu 3, socket 0, mpidr 80000003
[    0.007474] smp: Brought up 1 node, 4 CPUs
[    0.007555] SMP: Total of 4 processors activated (153.60 BogoMIPS).
[    0.007579] CPU: All CPU(s) started in HYP mode.
[    0.007599] CPU: Virtualization extensions available.
[    0.008596] devtmpfs: initialized
[    0.022048] VFP support v0.3: implementor 41 architecture 3 part 40 variant 3 rev 4
[    0.022323] clocksource: jiffies: mask: 0xffffffff max_cycles: 0xffffffff, max_idle_ns: 19112604462750000 ns
[    0.022373] futex hash table entries: 1024 (order: 4, 65536 bytes)
[    0.022983] pinctrl core: initialized pinctrl subsystem
[    0.023851] NET: Registered protocol family 16
[    0.027080] DMA: preallocated 1024 KiB pool for atomic coherent allocations
[    0.032995] hw-breakpoint: found 5 (+1 reserved) breakpoint and 4 watchpoint registers.
[    0.033030] hw-breakpoint: maximum watchpoint size is 8 bytes.
[    0.033249] Serial: AMBA PL011 UART driver
[    0.035601] bcm2835-mbox 3f00b880.mailbox: mailbox enabled
[    0.050027] raspberrypi-firmware soc:firmware: Attached to firmware from 2020-04-15 11:43, variant start
[    0.060040] raspberrypi-firmware soc:firmware: Firmware hash is 82f9bb929ce2186eb1824178c1ae82902ad6275c
[    0.103084] bcm2835-dma 3f007000.dma: DMA legacy API manager at (ptrval), dmachans=0x1
[    0.104738] SCSI subsystem initialized
[    0.104982] usbcore: registered new interface driver usbfs
[    0.105064] usbcore: registered new interface driver hub
[    0.105178] usbcore: registered new device driver usb
[    0.106905] clocksource: Switched to clocksource arch_sys_counter
[    0.197453] VFS: Disk quotas dquot_6.6.0
[    0.197564] VFS: Dquot-cache hash table entries: 1024 (order 0, 4096 bytes)
[    0.197735] FS-Cache: Loaded
[    0.197963] CacheFiles: Loaded
[    0.207972] NET: Registered protocol family 2
[    0.208841] tcp_listen_portaddr_hash hash table entries: 512 (order: 0, 6144 bytes)
[    0.208905] TCP established hash table entries: 8192 (order: 3, 32768 bytes)
[    0.209036] TCP bind hash table entries: 8192 (order: 4, 65536 bytes)
[    0.209240] TCP: Hash tables configured (established 8192 bind 8192)
[    0.209403] UDP hash table entries: 512 (order: 2, 16384 bytes)
[    0.209474] UDP-Lite hash table entries: 512 (order: 2, 16384 bytes)
[    0.209732] NET: Registered protocol family 1
[    0.210319] RPC: Registered named UNIX socket transport module.
[    0.210347] RPC: Registered udp transport module.
[    0.210369] RPC: Registered tcp transport module.
[    0.210390] RPC: Registered tcp NFSv4.1 backchannel transport module.
[    0.212241] hw perfevents: enabled with armv7_cortex_a7 PMU driver, 7 counters available
[    0.215349] Initialise system trusted keyrings
[    0.215557] workingset: timestamp_bits=14 max_order=18 bucket_order=4
[    0.225519] FS-Cache: Netfs 'nfs' registered for caching
[    0.226101] NFS: Registering the id_resolver key type
[    0.226155] Key type id_resolver registered
[    0.226177] Key type id_legacy registered
[    0.226208] nfs4filelayout_init: NFSv4 File Layout Driver Registering...
[    0.231663] Key type asymmetric registered
[    0.231698] Asymmetric key parser 'x509' registered
[    0.231772] Block layer SCSI generic (bsg) driver version 0.4 loaded (major 250)
[    0.231967] io scheduler noop registered
[    0.231992] io scheduler deadline registered (default)
[    0.232209] io scheduler cfq registered
[    0.232234] io scheduler mq-deadline registered (default)
[    0.232258] io scheduler kyber registered
[    0.234478] bcm2708_fb soc:fb: FB found 1 display(s)
[    0.243837] Console: switching to colour frame buffer device 82x26
[    0.250684] bcm2708_fb soc:fb: Registered framebuffer for display 0, size 656x416
[    0.256304] Serial: 8250/16550 driver, 1 ports, IRQ sharing enabled
[    0.260137] bcm2835-rng 3f104000.rng: hwrng registered
[    0.262817] vc-mem: phys_addr:0x00000000 mem_base=0x3ec00000 mem_size:0x40000000(1024 MiB)
[    0.268209] vc-sm: Videocore shared memory driver
[    0.271015] gpiomem-bcm2835 3f200000.gpiomem: Initialised: Registers at 0x3f200000
[    0.286938] brd: module loaded
[    0.299687] loop: module loaded
[    0.302790] Loading iSCSI transport class v2.0-870.
[    0.305967] libphy: Fixed MDIO Bus: probed
[    0.308511] usbcore: registered new interface driver lan78xx
[    0.311028] usbcore: registered new interface driver smsc95xx
[    0.313463] dwc_otg: version 3.00a 10-AUG-2012 (platform bus)
[    0.343774] dwc_otg 3f980000.usb: base=(ptrval)
[    0.546478] Core Release: 2.80a
[    0.548962] Setting default values for core params
[    0.551468] Finished setting default values for core params
[    0.754252] Using Buffer DMA mode
[    0.756655] Periodic Transfer Interrupt Enhancement - disabled
[    0.759086] Multiprocessor Interrupt Enhancement - disabled
[    0.761476] OTG VER PARAM: 0, OTG VER FLAG: 0
[    0.763821] Dedicated Tx FIFOs mode
[    0.766539] WARN::dwc_otg_hcd_init:1074: FIQ DMA bounce buffers: virt = bad14000 dma = 0xfad14000 len=9024
[    0.771153] FIQ FSM acceleration enabled for :
[    0.771153] Non-periodic Split Transactions
[    0.771153] Periodic Split Transactions
[    0.771153] High-Speed Isochronous Endpoints
[    0.771153] Interrupt/Control Split Transaction hack enabled
[    0.782129] WARN::hcd_init_fiq:457: FIQ on core 1
[    0.784356] WARN::hcd_init_fiq:458: FIQ ASM at 8068fda0 length 36
[    0.786568] WARN::hcd_init_fiq:497: MPHI regs_base at bb810000
[    0.788826] dwc_otg 3f980000.usb: DWC OTG Controller
[    0.791087] dwc_otg 3f980000.usb: new USB bus registered, assigned bus number 1
[    0.793408] dwc_otg 3f980000.usb: irq 56, io mem 0x00000000
[    0.795710] Init: Port Power? op_state=1
[    0.797966] Init: Power Port (0)
[    0.800385] usb usb1: New USB device found, idVendor=1d6b, idProduct=0002, bcdDevice= 4.19
[    0.804894] usb usb1: New USB device strings: Mfr=3, Product=2, SerialNumber=1
[    0.807330] usb usb1: Product: DWC OTG Controller
[    0.809698] usb usb1: Manufacturer: Linux 4.19.118-v7+ dwc_otg_hcd
[    0.812125] usb usb1: SerialNumber: 3f980000.usb
[    0.815089] hub 1-0:1.0: USB hub found
[    0.817400] hub 1-0:1.0: 1 port detected
[    0.820450] usbcore: registered new interface driver usb-storage
[    0.822918] mousedev: PS/2 mouse device common for all mice
[    0.826056] bcm2835-wdt bcm2835-wdt: Broadcom BCM2835 watchdog timer
[    0.828718] bcm2835-cpufreq: min=600000 max=1400000
[    0.831542] sdhci: Secure Digital Host Controller Interface driver
[    0.833964] sdhci: Copyright(c) Pierre Ossman
[    0.836776] sdhost-bcm2835 3f202000.mmc: could not get clk, deferring probe
[    0.839470] sdhci-pltfm: SDHCI platform and OF driver helper
[    0.843532] ledtrig-cpu: registered to indicate activity on CPUs
[    0.846229] hidraw: raw HID events driver (C) Jiri Kosina
[    0.849003] usbcore: registered new interface driver usbhid
[    0.851553] usbhid: USB HID core driver
[    0.854869] vchiq: vchiq_init_state: slot_zero = (ptrval), is_master = 0
[    0.859002] [vc_sm_connected_init]: start
[    0.867663] [vc_sm_connected_init]: end - returning 0
[    0.871187] Initializing XFRM netlink socket
[    0.873577] NET: Registered protocol family 17
[    0.876027] Key type dns_resolver registered
[    0.879031] Registering SWP/SWPB emulation handler
[    0.882039] registered taskstats version 1
[    0.884413] Loading compiled-in X.509 certificates
[    0.893439] uart-pl011 3f201000.serial: cts_event_workaround enabled
[    0.895936] 3f201000.serial: ttyAMA0 at MMIO 0x3f201000 (irq = 81, base_baud = 0) is a PL011 rev2
[    1.899652] console [ttyAMA0] enabled
[    1.907734] sdhost: log_buf @ (ptrval) (fad13000)
[    1.963163] mmc0: sdhost-bcm2835 loaded - DMA enabled (>1)
[    1.972341] of_cfs_init
[    1.977182] of_cfs_init: OK
[    1.982753] Waiting for root device PARTUUID=4c999877-02...
[    2.017027] Indeed it is in host mode hprt0 = 00021501
[    2.112075] random: fast init done
[    2.122730] mmc0: host does not support reading read-only switch, assuming write-enable
[    2.142051] mmc0: new high speed SDHC card at address aaaa
[    2.151088] mmcblk0: mmc0:aaaa SL16G 14.8 GiB
[    2.164307]  mmcblk0: p1 p2
[    2.210916] EXT4-fs (mmcblk0p2): mounted filesystem with ordered data mode. Opts: (null)
[    2.224020] VFS: Mounted root (ext4 filesystem) readonly on device 179:2.
[    2.226944] usb 1-1: new high-speed USB device number 2 using dwc_otg
[    2.242704] Indeed it is in host mode hprt0 = 00001101
[    2.244839] devtmpfs: mounted
[    2.312304] Freeing unused kernel memory: 1024K
[    2.319766] Run /sbin/init as init process
[    2.487244] usb 1-1: New USB device found, idVendor=0424, idProduct=2514, bcdDevice= b.b3
[    2.500625] usb 1-1: New USB device strings: Mfr=0, Product=0, SerialNumber=0
[    2.511153] hub 1-1:1.0: USB hub found
[    2.517778] hub 1-1:1.0: 4 ports detected
[    2.836957] usb 1-1.1: new high-speed USB device number 3 using dwc_otg
[    2.954121] systemd[1]: System time before build time, advancing clock.
[    2.967274] usb 1-1.1: New USB device found, idVendor=0424, idProduct=2514, bcdDevice= b.b3
[    2.981151] usb 1-1.1: New USB device strings: Mfr=0, Product=0, SerialNumber=0
[    2.992007] hub 1-1.1:1.0: USB hub found
[    2.998913] hub 1-1.1:1.0: 3 ports detected
[    3.022481] systemd[1]: systemd 241 running in system mode. (+PAM +AUDIT +SELINUX +IMA +APPARMOR +SMACK +SYSVINIT +UTMP +LIBCRYPTSETUP +GCRYPT +GNUTLS +ACL +XZ +LZ4 +SECCOMP +B
LKID +ELFUTILS +KMOD -IDN2 +IDN -PCRE2 default-hierarchy=hybrid)
[    3.053589] systemd[1]: Detected architecture arm.
[    3.082171] systemd[1]: Set hostname to <raspberrypi>.
[    3.292096] uart-pl011 3f201000.serial: no DMA platform data
[    3.666968] usb 1-1.1.1: new high-speed USB device number 4 using dwc_otg
[    3.797506] usb 1-1.1.1: New USB device found, idVendor=0424, idProduct=7800, bcdDevice= 3.00
[    3.811601] usb 1-1.1.1: New USB device strings: Mfr=0, Product=0, SerialNumber=0
[    4.040083] random: systemd: uninitialized urandom read (16 bytes read)
[    4.061340] random: systemd: uninitialized urandom read (16 bytes read)
[    4.071621] systemd[1]: Started Dispatch Password Requests to Console Directory Watch.
[    4.088963] random: systemd: uninitialized urandom read (16 bytes read)
[    4.089316] lan78xx 1-1.1.1:1.0 (unnamed net_device) (uninitialized): No External EEPROM. Setting MAC Speed
[    4.115427] libphy: lan78xx-mdiobus: probed
[    4.117693] systemd[1]: Created slice system-serial\x2dgetty.slice.
[    4.137361] systemd[1]: Created slice User and Session Slice.
[    4.150242] lan78xx 1-1.1.1:1.0 (unnamed net_device) (uninitialized): int urb period 64
[    4.150855] systemd[1]: Set up automount Arbitrary Executable File Formats File System Automount Point.
[    4.184207] systemd[1]: Listening on fsck to fsckd communication Socket.
[    4.198355] systemd[1]: Listening on udev Control Socket.
[    4.211089] systemd[1]: Listening on Journal Socket (/dev/log).
[    8.317259] Unable to handle kernel paging request at virtual address bf7fcf9c
[    8.318184] Unable to handle kernel paging request at virtual address bfad4cb9
[    8.319552] Unable to handle kernel paging request at virtual address bfad4cb9
[    8.319563] pgd = 045247af
[    8.319566] [bfad4cb9] *pgd=00000000
[    8.319576] Internal error: Oops: 5 [#1] SMP ARM
[    8.319580] Modules linked in:
[    8.319588] CPU: 3 PID: 339 Comm: sed Not tainted 4.19.118-v7+ #1311
[    8.319590] Hardware name: BCM2835
[    8.319604] PC is at file_ra_state_init+0x14/0x74
[    8.319610] LR is at do_dentry_open+0x2b8/0x3c0
[    8.319612] pc : [<8026e2bc>]    lr : [<802cc514>]    psr: 60000013
[    8.319615] sp : b5cb9da8  ip : b5cb9dc0  fp : b5cb9dbc
[    8.319618] r10: b6604c00  r9 : 803807a8  r8 : b6604c08
[    8.319620] r7 : 00000000  r6 : b9bfac48  r5 : 00000000  r4 : b6604c00
[    8.319624] r3 : b9bfac47  r2 : b9bfad4c  r1 : bfad4cb9  r0 : b6604c68
[    8.319628] Flags: nZCv  IRQs on  FIQs on  Mode SVC_32  ISA ARM  Segment user
[    8.319631] Control: 10c5383d  Table: 35cd806a  DAC: 00000055
[    8.319634] Process sed (pid: 339, stack limit = 0xf21a27a0)
[    8.319637] Stack: (0xb5cb9da8 to 0xb5cba000)
[    8.319642] 9da0:                   b9bfac47 b6604c00 b5cb9de4 b5cb9dc0 802cc514 8026e2b4
[    8.319648] 9dc0: 00020000 00000000 00000000 b5cb9f50 00000000 b5cb9e90 b5cb9df4 b5cb9de8
[    8.319653] 9de0: 802cd974 802cc268 b5cb9e8c b5cb9df8 802e02c8 802cd944 00000001 80d04d48
[    8.319658] 9e00: b5cb9e34 00000040 76ce2000 00000000 b5cb9e9c b5cb8000 8029b450 8025b5c0
[    8.319663] 9e20: 80d04d48 00000041 80d0568c 00000000 00000000 000041ed 00000004 00000000
[    8.319667] 9e40: 00000002 b9bfac48 b9d96310 b9bda880 00000000 00000000 00000000 01c22cd2
[    8.319672] 9e60: 00000000 80d04d48 80d04d48 b5cb9f50 b5cb9e90 00000001 b5cb8000 00000142
[    8.319678] 9e80: b5cb9f44 b5cb9e90 802e23e4 802e00f0 b9d96310 b9bda880 6aeb8d97 00000012
[    8.319683] 9ea0: b9bfa8b0 006000c0 00000000 b9b802a8 b9bfac48 00000101 00000002 00000344
[    8.319687] 9ec0: 00000000 00000000 00000001 b5cb9ed0 b9d96310 b9b1dcc0 00000000 00000003
[    8.319692] 9ee0: 00000000 00000002 00000000 00000400 000a0000 00000020 b5cb9f34 b5cb9f08
[    8.319697] 9f00: b8fa2000 00000000 b9bfa960 00000002 ffffff9c ffffff9c b8fa2000 01c22cd2
[    8.319702] 9f20: b5cb8000 00000003 80d04d48 ffffff9c b8fa2000 801011c4 b5cb9f94 b5cb9f48
[    8.319707] 9f40: 802cdc54 802e2370 b5cb9f74 b5cb9f58 00020000 802d0000 00000004 00000100
[    8.319712] 9f60: 00000001 01c22cd2 20000010 76cf5977 00000000 7eb3331c 00000142 801011c4
[    8.319717] 9f80: b5cb8000 00000142 b5cb9fa4 b5cb9f98 802cdd50 802cdb20 00000000 b5cb9fa8
[    8.319723] 9fa0: 80101000 802cdd40 76cf5977 00000000 ffffff9c 76f5c678 000a0000 00000000
[    8.319727] 9fc0: 76cf5977 00000000 7eb3331c 00000142 00000000 76f5c288 00000000 7eb332d4
[    8.319732] 9fe0: 76f5d970 7eb33258 76f341e8 76f46f4c 20000010 ffffff9c 00000000 00000000
[    8.319745] [<8026e2bc>] (file_ra_state_init) from [<802cc514>] (do_dentry_open+0x2b8/0x3c0)
[    8.319753] [<802cc514>] (do_dentry_open) from [<802cd974>] (vfs_open+0x3c/0x40)
[    8.319763] [<802cd974>] (vfs_open) from [<802e02c8>] (path_openat+0x1e4/0x1014)
[    8.319771] [<802e02c8>] (path_openat) from [<802e23e4>] (do_filp_open+0x80/0xec)
[    8.319779] [<802e23e4>] (do_filp_open) from [<802cdc54>] (do_sys_open+0x140/0x1f0)
[    8.319785] [<802cdc54>] (do_sys_open) from [<802cdd50>] (sys_openat+0x1c/0x20)
[    8.319793] [<802cdd50>] (sys_openat) from [<80101000>] (ret_fast_syscall+0x0/0x28)
[    8.319795] Exception stack(0xb5cb9fa8 to 0xb5cb9ff0)
[    8.319800] 9fa0:                   76cf5977 00000000 ffffff9c 76f5c678 000a0000 00000000
[    8.319805] 9fc0: 76cf5977 00000000 7eb3331c 00000142 00000000 76f5c288 00000000 7eb332d4
[    8.319808] 9fe0: 76f5d970 7eb33258 76f341e8 76f46f4c
[    8.319815] Code: e92dd818 e24cb004 e52de004 e8bd4000 (e5912000)
[    8.319819] ---[ end trace 03740db45d2f664b ]---
[    8.325652] pgd = f0023f03
[    8.333802] pgd = 3d4392da
[    8.341906] [bf7fcf9c] *pgd=00000000
[    8.345466] [bfad4cb9] *pgd=00000000
[    8.349893] Internal error: Oops: 805 [#2] SMP ARM
[    8.793930] Modules linked in:
[    8.798095] CPU: 1 PID: 338 Comm: loadcpufreq Tainted: G      D           4.19.118-v7+ #1311
[    8.808715] Hardware name: BCM2835
[    8.813157] PC is at pick_next_task_fair+0x518/0x718
[    8.819144] LR is at set_next_entity+0xa4/0x85c
[    8.824673] pc : [<8015e648>]    lr : [<801557d0>]    psr: 60000193
[    8.831939] sp : b667be98  ip : 00000000  fp : b667bf0c
[    8.838152] r10: 00000000  r9 : 00000001  r8 : ba365400
[    8.844333] r7 : b7dc9200  r6 : b97d0f80  r5 : b97d0f00  r4 : ba365480
[    8.851817] r3 : b97d0f98  r2 : ba365400  r1 : bb7f5fd8  r0 : bf7fcf98
[    8.859262] Flags: nZCv  IRQs off  FIQs on  Mode SVC_32  ISA ARM  Segment user
[    8.867406] Control: 10c5383d  Table: 364a006a  DAC: 00000055
[    8.874068] Process loadcpufreq (pid: 338, stack limit = 0x069b9ec1)
[    8.881354] Stack: (0xb667be98 to 0xb667c000)
[    8.886627] be80:                                                       80874958 80177420
[    8.896658] bea0: b64fcb00 00000000 80c95400 80d04d48 80d8fb46 00000000 00000000 b667bf3c
[    8.906852] bec0: 00000100 80d03d00 00000000 80d04d48 80d0a844 00000007 80874738 01c22cd2
[    8.917204] bee0: b667bf0c b667bf3c 00000000 b64fcf54 80d054c4 ba365400 b64fcb00 80d04d48
[    8.927629] bf00: b667bf74 b667bf10 8086e310 8015e13c b667a000 00000000 b667bf44 80874280
[    8.938190] bf20: 00000000 80902410 396d0000 80c95400 8086ebdc ba365400 8012eae8 00000000
[    8.948868] bf40: 00000000 01c22cd2 60000010 b667a000 b667a010 00000000 b667bfb0 00000000
[    8.959635] bf60: b667a000 00035d90 b667bf8c b667bf78 8086ebdc 8086e1ec b667bf90 00000002
[    8.970547] bf80: b667bfac b667bf90 8010cc74 8086eb98 00019d30 60000010 ffffffff 10c5383d
[    8.981520] bfa0: 00000000 b667bfb0 80101034 8010cc4c 00000000 00000000 00000000 76f20060
[    8.992542] bfc0: 00ee5758 00000003 00000000 00edcfc4 000364d8 0003606c 00035d90 00edcfc4
[    9.003694] bfe0: 00000001 7edd3310 76e2b810 00019d30 60000010 ffffffff 00000000 00000000
[    9.014899] [<8015e648>] (pick_next_task_fair) from [<8086e310>] (__schedule+0x130/0x9ac)
[    9.026094] [<8086e310>] (__schedule) from [<8086ebdc>] (schedule+0x50/0xa8)
[    9.034687] [<8086ebdc>] (schedule) from [<8010cc74>] (do_work_pending+0x34/0xf4)
[    9.045142] [<8010cc74>] (do_work_pending) from [<80101034>] (slow_work_pending+0xc/0x20)
[    9.056307] Exception stack(0xb667bfb0 to 0xb667bff8)
[    9.062840] bfa0:                                     00000000 00000000 00000000 76f20060
[    9.073921] bfc0: 00ee5758 00000003 00000000 00edcfc4 000364d8 0003606c 00035d90 00edcfc4
[    9.084967] bfe0: 00000001 7edd3310 76e2b810 00019d30 60000010 ffffffff
[    9.093027] Code: e595109c e1a02008 e5950098 e2853098 (e5801004)
[    9.100552] ---[ end trace 03740db45d2f664c ]---
[    9.100554] Internal error: Oops: 5 [#3] SMP ARM
[    9.100557] Modules linked in:
[    9.116879] CPU: 0 PID: 337 Comm: grep Tainted: G      D           4.19.118-v7+ #1311
[    9.127263] Hardware name: BCM2835
[    9.131902] PC is at file_ra_state_init+0x14/0x74
[    9.137821] LR is at do_dentry_open+0x2b8/0x3c0
[    9.143526] pc : [<8026e2bc>]    lr : [<802cc514>]    psr: 60000013
[    9.150966] sp : b6679da8  ip : b6679dc0  fp : b6679dbc
[    9.157341] r10: b65b8c00  r9 : 803807a8  r8 : b65b8c08
[    9.163684] r7 : 00000000  r6 : b9bfac48  r5 : 00000000  r4 : b65b8c00
[    9.171317] r3 : b9bfac47  r2 : b9bfad4c  r1 : bfad4cb9  r0 : b65b8c68
[    9.178910] Flags: nZCv  IRQs on  FIQs on  Mode SVC_32  ISA ARM  Segment user
[    9.187131] Control: 10c5383d  Table: 35cb406a  DAC: 00000055
[    9.193944] Process grep (pid: 337, stack limit = 0x2f7c6ce7)
[    9.200763] Stack: (0xb6679da8 to 0xb667a000)
[    9.206156] 9da0:                   b9bfac47 b65b8c00 b6679de4 b6679dc0 802cc514 8026e2b4
[    9.216388] 9dc0: 00020000 00000000 00000000 b6679f50 00000000 b6679e90 b6679df4 b6679de8
[    9.226652] 9de0: 802cd974 802cc268 b6679e8c b6679df8 802e02c8 802cd944 00000016 80d04d48
[    9.237056] 9e00: b6679e34 00000040 76dcb000 00000000 b6679e9c b6678000 8029b450 8025b5c0
[    9.247549] 9e20: 80d04d48 00000041 80d0568c 00000000 00000000 000041ed 00000004 00000000
[    9.258164] 9e40: 00000002 b9bfac48 b9d96310 b9bda880 00000000 00000000 00000000 01c22cd2
[    9.268906] 9e60: 00000000 80d04d48 80d04d48 b6679f50 b6679e90 00000001 b6678000 00000142
[    9.279743] 9e80: b6679f44 b6679e90 802e23e4 802e00f0 b9d96310 b9bda880 6aeb8d97 00000012
[    9.290713] 9ea0: b9bfa8b0 006000c0 00000000 b9b802a8 b9bfac48 00000101 00000002 00000344
[    9.301753] 9ec0: 00000000 00000000 00000001 b6679ed0 b9d96310 b9b1dcc0 00000000 00000003
[    9.312860] 9ee0: 00000000 00000002 00000000 00000400 000a0000 00000020 b6679f34 b6679f08
[    9.324024] 9f00: b9fdb000 00000000 b9bfa960 00000002 ffffff9c ffffff9c b9fdb000 01c22cd2
[    9.335210] 9f20: b6678000 00000003 80d04d48 ffffff9c b9fdb000 801011c4 b6679f94 b6679f48
[    9.346388] 9f40: 802cdc54 802e2370 b6679f74 b6679f58 00020000 802d0000 00000004 00000100
[    9.357566] 9f60: 00000001 01c22cd2 20000010 76f1a977 00000000 7ebbb33c 00000142 801011c4
[    9.368743] 9f80: b6678000 00000142 b6679fa4 b6679f98 802cdd50 802cdb20 00000000 b6679fa8
[    9.379920] 9fa0: 80101000 802cdd40 76f1a977 00000000 ffffff9c 76fd4d48 000a0000 00000000
[    9.391102] 9fc0: 76f1a977 00000000 7ebbb33c 00000142 00000000 76fd46d8 00000000 7ebbb2f4
[    9.402286] 9fe0: 76fd6970 7ebbb278 76fad1e8 76fbff4c 20000010 ffffff9c 00000000 00000000
[    9.413467] [<8026e2bc>] (file_ra_state_init) from [<802cc514>] (do_dentry_open+0x2b8/0x3c0)
[    9.424922] [<802cc514>] (do_dentry_open) from [<802cd974>] (vfs_open+0x3c/0x40)
[    9.435325] [<802cd974>] (vfs_open) from [<802e02c8>] (path_openat+0x1e4/0x1014)
[    9.445715] [<802e02c8>] (path_openat) from [<802e23e4>] (do_filp_open+0x80/0xec)
[    9.456196] [<802e23e4>] (do_filp_open) from [<802cdc54>] (do_sys_open+0x140/0x1f0)
[    9.466848] [<802cdc54>] (do_sys_open) from [<802cdd50>] (sys_openat+0x1c/0x20)
[    9.475686] [<802cdd50>] (sys_openat) from [<80101000>] (ret_fast_syscall+0x0/0x28)
[    9.486312] Exception stack(0xb6679fa8 to 0xb6679ff0)
[    9.492839] 9fa0:                   76f1a977 00000000 ffffff9c 76fd4d48 000a0000 00000000
[    9.503928] 9fc0: 76f1a977 00000000 7ebbb33c 00000142 00000000 76fd46d8 00000000 7ebbb2f4
[    9.514999] 9fe0: 76fd6970 7ebbb278 76fad1e8 76fbff4c
[    9.521484] Code: e92dd818 e24cb004 e52de004 e8bd4000 (e5912000)
[    9.528999] ---[ end trace 03740db45d2f664d ]---
