[    0.000000] Booting Linux on physical CPU 0x0
[    0.000000] Linux version 4.19.118-v7+ (dom@buildbot) (gcc version 4.9.3 (crosstool-NG crosstool-ng-1.22.0-88-g8460611)) #1311 SMP Mon Apr 27 14:21:24 BST 2020
[    0.000000] CPU: ARMv7 Processor [410fd034] revision 4 (ARMv7), cr=10c5383d
[    0.000000] CPU: div instructions available: patching division code
[    0.000000] CPU: PIPT / VIPT nonaliasing data cache, VIPT aliasing instruction cache
[    0.000000] OF: fdt: Machine model: Raspberry Pi 3 Model B Plus Rev 1.3
[    0.000000] Memory policy: Data cache writealloc
[    0.000000] cma: Reserved 8 MiB at 0x3ac00000
[    0.000000] random: get_random_bytes called from start_kernel+0xac/0x4b4 with crng_init=0
[    0.000000] percpu: Embedded 16 pages/cpu s36864 r8192 d20480 u65536
[    0.000000] Built 1 zonelists, mobility grouping on.  Total pages: 240555
[    0.000000] Kernel command line: coherent_pool=1M 8250.nr_uarts=1 snd_bcm2835.enable_compat_alsa=0 snd_bcm2835.enable_hdmi=1 snd_bcm2835.enable_headphones=1 bcm2708_fb.fbwidth=
656 bcm2708_fb.fbheight=416 bcm2708_fb.fbswap=1 vc_mem.mem_base=0x3ec00000 vc_mem.mem_size=0x40000000  dwc_otg.lpm_enable=0 console=ttyAMA0,115200 console=tty1 root=PARTUUID=4c999
877-02 rootfstype=ext4 elevator=deadline fsck.repair=yes rootwait
[    0.000000] Dentry cache hash table entries: 131072 (order: 7, 524288 bytes)
[    0.000000] Inode-cache hash table entries: 65536 (order: 6, 262144 bytes)
[    0.000000] Memory: 939064K/970752K available (8192K kernel code, 656K rwdata, 2232K rodata, 1024K init, 831K bss, 23496K reserved, 8192K cma-reserved)
[    0.000000] Virtual kernel memory layout:
[    0.000000]     vector  : 0xffff0000 - 0xffff1000   (   4 kB)
[    0.000000]     fixmap  : 0xffc00000 - 0xfff00000   (3072 kB)
[    0.000000]     vmalloc : 0xbb800000 - 0xff800000   (1088 MB)
[    0.000000]     lowmem  : 0x80000000 - 0xbb400000   ( 948 MB)
[    0.000000]     modules : 0x7f000000 - 0x80000000   (  16 MB)
[    0.000000]       .text : 0x(ptrval) - 0x(ptrval)   (9184 kB)
[    0.000000]       .init : 0x(ptrval) - 0x(ptrval)   (1024 kB)
[    0.000000]       .data : 0x(ptrval) - 0x(ptrval)   ( 657 kB)
[    0.000000]        .bss : 0x(ptrval) - 0x(ptrval)   ( 832 kB)
[    0.000000] SLUB: HWalign=64, Order=0-3, MinObjects=0, CPUs=4, Nodes=1
[    0.000000] ftrace: allocating 27093 entries in 80 pages
[    0.000000] rcu: Hierarchical RCU implementation.
[    0.000000] NR_IRQS: 16, nr_irqs: 16, preallocated irqs: 16
[    0.000000] arch_timer: cp15 timer(s) running at 19.20MHz (phys).
[    0.000000] clocksource: arch_sys_counter: mask: 0xffffffffffffff max_cycles: 0x46d987e47, max_idle_ns: 440795202767 ns
[    0.000007] sched_clock: 56 bits at 19MHz, resolution 52ns, wraps every 4398046511078ns
[    0.000023] Switching to timer-based delay loop, resolution 52ns
[    0.000275] Console: colour dummy device 80x30
[    0.000912] console [tty1] enabled
[    0.000971] Calibrating delay loop (skipped), value calculated using timer frequency.. 38.40 BogoMIPS (lpj=192000)
[    0.001014] pid_max: default: 32768 minimum: 301
[    0.001382] Mount-cache hash table entries: 2048 (order: 1, 8192 bytes)
[    0.001417] Mountpoint-cache hash table entries: 2048 (order: 1, 8192 bytes)
[    0.002373] CPU: Testing write buffer coherency: ok
[    0.002851] CPU0: thread -1, cpu 0, socket 0, mpidr 80000000
[    0.003536] Setting up static identity map for 0x100000 - 0x10003c
[    0.003707] rcu: Hierarchical SRCU implementation.
[    0.004538] smp: Bringing up secondary CPUs ...
[    0.005451] CPU1: thread -1, cpu 1, socket 0, mpidr 80000001
[    0.006430] CPU2: thread -1, cpu 2, socket 0, mpidr 80000002
[    0.007349] CPU3: thread -1, cpu 3, socket 0, mpidr 80000003
[    0.007463] smp: Brought up 1 node, 4 CPUs
[    0.007543] SMP: Total of 4 processors activated (153.60 BogoMIPS).
[    0.007568] CPU: All CPU(s) started in HYP mode.
[    0.007588] CPU: Virtualization extensions available.
[    0.008581] devtmpfs: initialized
[    0.022030] VFP support v0.3: implementor 41 architecture 3 part 40 variant 3 rev 4
[    0.022306] clocksource: jiffies: mask: 0xffffffff max_cycles: 0xffffffff, max_idle_ns: 19112604462750000 ns
[    0.022356] futex hash table entries: 1024 (order: 4, 65536 bytes)
[    0.022962] pinctrl core: initialized pinctrl subsystem
[    0.023828] NET: Registered protocol family 16
[    0.027030] DMA: preallocated 1024 KiB pool for atomic coherent allocations
[    0.032940] hw-breakpoint: found 5 (+1 reserved) breakpoint and 4 watchpoint registers.
[    0.032975] hw-breakpoint: maximum watchpoint size is 8 bytes.
[    0.033193] Serial: AMBA PL011 UART driver
[    0.035550] bcm2835-mbox 3f00b880.mailbox: mailbox enabled
[    0.050029] raspberrypi-firmware soc:firmware: Attached to firmware from 2020-04-15 11:43, variant start
[    0.060042] raspberrypi-firmware soc:firmware: Firmware hash is 82f9bb929ce2186eb1824178c1ae82902ad6275c
[    0.103080] bcm2835-dma 3f007000.dma: DMA legacy API manager at (ptrval), dmachans=0x1
[    0.104733] SCSI subsystem initialized
[    0.104979] usbcore: registered new interface driver usbfs
[    0.105060] usbcore: registered new interface driver hub
[    0.105172] usbcore: registered new device driver usb
[    0.106895] clocksource: Switched to clocksource arch_sys_counter
[    0.197489] VFS: Disk quotas dquot_6.6.0
[    0.197599] VFS: Dquot-cache hash table entries: 1024 (order 0, 4096 bytes)
[    0.197769] FS-Cache: Loaded
[    0.197996] CacheFiles: Loaded
[    0.208017] NET: Registered protocol family 2
[    0.208885] tcp_listen_portaddr_hash hash table entries: 512 (order: 0, 6144 bytes)
[    0.208950] TCP established hash table entries: 8192 (order: 3, 32768 bytes)
[    0.209080] TCP bind hash table entries: 8192 (order: 4, 65536 bytes)
[    0.209284] TCP: Hash tables configured (established 8192 bind 8192)
[    0.209449] UDP hash table entries: 512 (order: 2, 16384 bytes)
[    0.209519] UDP-Lite hash table entries: 512 (order: 2, 16384 bytes)
[    0.209778] NET: Registered protocol family 1
[    0.210364] RPC: Registered named UNIX socket transport module.
[    0.210391] RPC: Registered udp transport module.
[    0.210413] RPC: Registered tcp transport module.
[    0.210435] RPC: Registered tcp NFSv4.1 backchannel transport module.
[    0.212284] hw perfevents: enabled with armv7_cortex_a7 PMU driver, 7 counters available
[    0.215390] Initialise system trusted keyrings
[    0.215576] workingset: timestamp_bits=14 max_order=18 bucket_order=4
[    0.225543] FS-Cache: Netfs 'nfs' registered for caching
[    0.226123] NFS: Registering the id_resolver key type
[    0.226169] Key type id_resolver registered
[    0.226192] Key type id_legacy registered
[    0.226223] nfs4filelayout_init: NFSv4 File Layout Driver Registering...
[    0.231670] Key type asymmetric registered
[    0.231706] Asymmetric key parser 'x509' registered
[    0.231779] Block layer SCSI generic (bsg) driver version 0.4 loaded (major 250)
[    0.231974] io scheduler noop registered
[    0.232000] io scheduler deadline registered (default)
[    0.232215] io scheduler cfq registered
[    0.232240] io scheduler mq-deadline registered (default)
[    0.232264] io scheduler kyber registered
[    0.234488] bcm2708_fb soc:fb: FB found 1 display(s)
[    0.243840] Console: switching to colour frame buffer device 82x26
[    0.250690] bcm2708_fb soc:fb: Registered framebuffer for display 0, size 656x416
[    0.256327] Serial: 8250/16550 driver, 1 ports, IRQ sharing enabled
[    0.260167] bcm2835-rng 3f104000.rng: hwrng registered
[    0.262847] vc-mem: phys_addr:0x00000000 mem_base=0x3ec00000 mem_size:0x40000000(1024 MiB)
[    0.268240] vc-sm: Videocore shared memory driver
[    0.271051] gpiomem-bcm2835 3f200000.gpiomem: Initialised: Registers at 0x3f200000
[    0.286986] brd: module loaded
[    0.299677] loop: module loaded
[    0.302765] Loading iSCSI transport class v2.0-870.
[    0.305937] libphy: Fixed MDIO Bus: probed
[    0.308492] usbcore: registered new interface driver lan78xx
[    0.311012] usbcore: registered new interface driver smsc95xx
[    0.313445] dwc_otg: version 3.00a 10-AUG-2012 (platform bus)
[    0.343763] dwc_otg 3f980000.usb: base=(ptrval)
[    0.546461] Core Release: 2.80a
[    0.548943] Setting default values for core params
[    0.551440] Finished setting default values for core params
[    0.754214] Using Buffer DMA mode
[    0.756616] Periodic Transfer Interrupt Enhancement - disabled
[    0.759049] Multiprocessor Interrupt Enhancement - disabled
[    0.761435] OTG VER PARAM: 0, OTG VER FLAG: 0
[    0.763783] Dedicated Tx FIFOs mode
[    0.766483] WARN::dwc_otg_hcd_init:1074: FIQ DMA bounce buffers: virt = bad14000 dma = 0xfad14000 len=9024
[    0.771088] FIQ FSM acceleration enabled for :
[    0.771088] Non-periodic Split Transactions
[    0.771088] Periodic Split Transactions
[    0.771088] High-Speed Isochronous Endpoints
[    0.771088] Interrupt/Control Split Transaction hack enabled
[    0.782036] WARN::hcd_init_fiq:457: FIQ on core 1
[    0.784258] WARN::hcd_init_fiq:458: FIQ ASM at 8068fda0 length 36
[    0.786463] WARN::hcd_init_fiq:497: MPHI regs_base at bb810000
[    0.788715] dwc_otg 3f980000.usb: DWC OTG Controller
[    0.790973] dwc_otg 3f980000.usb: new USB bus registered, assigned bus number 1
[    0.793291] dwc_otg 3f980000.usb: irq 56, io mem 0x00000000
[    0.795593] Init: Port Power? op_state=1
[    0.797850] Init: Power Port (0)
[    0.800269] usb usb1: New USB device found, idVendor=1d6b, idProduct=0002, bcdDevice= 4.19
[    0.804775] usb usb1: New USB device strings: Mfr=3, Product=2, SerialNumber=1
[    0.807214] usb usb1: Product: DWC OTG Controller
[    0.809580] usb usb1: Manufacturer: Linux 4.19.118-v7+ dwc_otg_hcd
[    0.812006] usb usb1: SerialNumber: 3f980000.usb
[    0.814968] hub 1-0:1.0: USB hub found
[    0.817280] hub 1-0:1.0: 1 port detected
[    0.820317] usbcore: registered new interface driver usb-storage
[    0.822787] mousedev: PS/2 mouse device common for all mice
[    0.825926] bcm2835-wdt bcm2835-wdt: Broadcom BCM2835 watchdog timer
[    0.828588] bcm2835-cpufreq: min=600000 max=1400000
[    0.831407] sdhci: Secure Digital Host Controller Interface driver
[    0.833826] sdhci: Copyright(c) Pierre Ossman
[    0.836636] sdhost-bcm2835 3f202000.mmc: could not get clk, deferring probe
[    0.839326] sdhci-pltfm: SDHCI platform and OF driver helper
[    0.843393] ledtrig-cpu: registered to indicate activity on CPUs
[    0.846083] hidraw: raw HID events driver (C) Jiri Kosina
[    0.848853] usbcore: registered new interface driver usbhid
[    0.851395] usbhid: USB HID core driver
[    0.854720] vchiq: vchiq_init_state: slot_zero = (ptrval), is_master = 0
[    0.858876] [vc_sm_connected_init]: start
[    0.868623] [vc_sm_connected_init]: end - returning 0
[    0.872140] Initializing XFRM netlink socket
[    0.874524] NET: Registered protocol family 17
[    0.877009] Key type dns_resolver registered
[    0.879981] Registering SWP/SWPB emulation handler
[    0.882983] registered taskstats version 1
[    0.885352] Loading compiled-in X.509 certificates
[    0.894365] uart-pl011 3f201000.serial: cts_event_workaround enabled
[    0.896861] 3f201000.serial: ttyAMA0 at MMIO 0x3f201000 (irq = 81, base_baud = 0) is a PL011 rev2
[    1.900562] console [ttyAMA0] enabled
[    1.908642] sdhost: log_buf @ (ptrval) (fad13000)
[    1.964084] mmc0: sdhost-bcm2835 loaded - DMA enabled (>1)
[    1.973269] of_cfs_init
[    1.978100] of_cfs_init: OK
[    1.983658] Waiting for root device PARTUUID=4c999877-02...
[    2.017016] Indeed it is in host mode hprt0 = 00021501
[    2.112062] random: fast init done
[    2.122704] mmc0: host does not support reading read-only switch, assuming write-enable
[    2.141921] mmc0: new high speed SDHC card at address aaaa
[    2.150941] mmcblk0: mmc0:aaaa SL16G 14.8 GiB
[    2.164203]  mmcblk0: p1 p2
[    2.210973] EXT4-fs (mmcblk0p2): mounted filesystem with ordered data mode. Opts: (null)
[    2.224051] VFS: Mounted root (ext4 filesystem) readonly on device 179:2.
[    2.226938] usb 1-1: new high-speed USB device number 2 using dwc_otg
[    2.242694] Indeed it is in host mode hprt0 = 00001101
[    2.244858] devtmpfs: mounted
[    2.312291] Freeing unused kernel memory: 1024K
[    2.319749] Run /sbin/init as init process
[    2.487236] usb 1-1: New USB device found, idVendor=0424, idProduct=2514, bcdDevice= b.b3
[    2.500607] usb 1-1: New USB device strings: Mfr=0, Product=0, SerialNumber=0
[    2.511138] hub 1-1:1.0: USB hub found
[    2.517762] hub 1-1:1.0: 4 ports detected
[    2.836946] usb 1-1.1: new high-speed USB device number 3 using dwc_otg
[    2.954294] systemd[1]: System time before build time, advancing clock.
[    2.967277] usb 1-1.1: New USB device found, idVendor=0424, idProduct=2514, bcdDevice= b.b3
[    2.981150] usb 1-1.1: New USB device strings: Mfr=0, Product=0, SerialNumber=0
[    2.992014] hub 1-1.1:1.0: USB hub found
[    2.998926] hub 1-1.1:1.0: 3 ports detected
[    3.022775] systemd[1]: systemd 241 running in system mode. (+PAM +AUDIT +SELINUX +IMA +APPARMOR +SMACK +SYSVINIT +UTMP +LIBCRYPTSETUP +GCRYPT +GNUTLS +ACL +XZ +LZ4 +SECCOMP +B
LKID +ELFUTILS +KMOD -IDN2 +IDN -PCRE2 default-hierarchy=hybrid)
[    3.053876] systemd[1]: Detected architecture arm.
[    3.082513] systemd[1]: Set hostname to <raspberrypi>.
[    3.288507] uart-pl011 3f201000.serial: no DMA platform data
[    3.656954] usb 1-1.1.1: new high-speed USB device number 4 using dwc_otg
[    3.787464] usb 1-1.1.1: New USB device found, idVendor=0424, idProduct=7800, bcdDevice= 3.00
[    3.801545] usb 1-1.1.1: New USB device strings: Mfr=0, Product=0, SerialNumber=0
[    4.022416] random: systemd: uninitialized urandom read (16 bytes read)
[    4.043988] random: systemd: uninitialized urandom read (16 bytes read)
[    4.069605] systemd[1]: Created slice system-getty.slice.
[    4.079672] lan78xx 1-1.1.1:1.0 (unnamed net_device) (uninitialized): No External EEPROM. Setting MAC Speed
[    4.080626] libphy: lan78xx-mdiobus: probed
[    4.104363] random: systemd: uninitialized urandom read (16 bytes read)
[    4.107863] lan78xx 1-1.1.1:1.0 (unnamed net_device) (uninitialized): int urb period 64
[    4.114962] systemd[1]: Listening on fsck to fsckd communication Socket.
[    4.142306] systemd[1]: Created slice User and Session Slice.
[    4.154673] systemd[1]: Reached target Slices.
[    4.166128] systemd[1]: Listening on Syslog Socket.
[    4.177439] systemd[1]: Reached target Swap.
[    4.188019] systemd[1]: Started Forward Password Requests to Wall Directory Watch.
[    8.341208] Internal error: Oops - undefined instruction: 0 [#1] SMP ARM
[    8.348988] Modules linked in:
[    8.352969] CPU: 1 PID: 334 Comm: loadcpufreq Not tainted 4.19.118-v7+ #1311
[    8.361007] Hardware name: BCM2835
[    8.365453] PC is at memset+0x40/0xa8
[    8.370055] LR is at   (null)
[    8.373962] pc : [<80855780>]    lr : [<00000000>]    psr: 20000013
[    8.381277] sp : b580fe40  ip : b59b9840  fp : b580fe64
[    8.387504] r10: 80da4710  r9 : 00000000  r8 : 00000000
[    8.393687] r7 : b58da400  r6 : 80d0d664  r5 : 00000000  r4 : b59b8000
[    8.393696] Flags: nzCv  IRQs on  FIQs on  Mode SVC_32  ISA ARM  Segment user
