[    0.000000] Booting Linux on physical CPU 0x0
[    0.000000] Linux version 4.19.118-v7+ (dom@buildbot) (gcc version 4.9.3 (crosstool-NG crosstool-ng-1.22.0-88-g8460611)) #1311 SMP Mon Apr 27 14:21:24 BST 2020
[    0.000000] CPU: ARMv7 Processor [410fd034] revision 4 (ARMv7), cr=10c5383d
[    0.000000] CPU: div instructions available: patching division code
[    0.000000] CPU: PIPT / VIPT nonaliasing data cache, VIPT aliasing instruction cache
[    0.000000] OF: fdt: Machine model: Raspberry Pi 3 Model B Plus Rev 1.3
[    0.000000] Memory policy: Data cache writealloc
[    0.000000] cma: Reserved 8 MiB at 0x3ac00000
[    0.000000] random: get_random_bytes called from start_kernel+0xac/0x4b4 with crng_init=0
[    0.000000] percpu: Embedded 16 pages/cpu s36864 r8192 d20480 u65536
[    0.000000] Built 1 zonelists, mobility grouping on.  Total pages: 240555
[    0.000000] Kernel command line: coherent_pool=1M 8250.nr_uarts=1 snd_bcm2835.enable_compat_alsa=0 snd_bcm2835.enable_hdmi=1 snd_bcm2835.enable_headphones=1 bcm2708_fb.fbwidth=
656 bcm2708_fb.fbheight=416 bcm2708_fb.fbswap=1 vc_mem.mem_base=0x3ec00000 vc_mem.mem_size=0x40000000  dwc_otg.lpm_enable=0 console=ttyAMA0,115200 console=tty1 root=PARTUUID=4c999
877-02 rootfstype=ext4 elevator=deadline fsck.repair=yes rootwait
[    0.000000] Dentry cache hash table entries: 131072 (order: 7, 524288 bytes)
[    0.000000] Inode-cache hash table entries: 65536 (order: 6, 262144 bytes)
[    0.000000] Memory: 939064K/970752K available (8192K kernel code, 656K rwdata, 2232K rodata, 1024K init, 831K bss, 23496K reserved, 8192K cma-reserved)
[    0.000000] Virtual kernel memory layout:
[    0.000000]     vector  : 0xffff0000 - 0xffff1000   (   4 kB)
[    0.000000]     fixmap  : 0xffc00000 - 0xfff00000   (3072 kB)
[    0.000000]     vmalloc : 0xbb800000 - 0xff800000   (1088 MB)
[    0.000000]     lowmem  : 0x80000000 - 0xbb400000   ( 948 MB)
[    0.000000]     modules : 0x7f000000 - 0x80000000   (  16 MB)
[    0.000000]       .text : 0x(ptrval) - 0x(ptrval)   (9184 kB)
[    0.000000]       .init : 0x(ptrval) - 0x(ptrval)   (1024 kB)
[    0.000000]       .data : 0x(ptrval) - 0x(ptrval)   ( 657 kB)
[    0.000000]        .bss : 0x(ptrval) - 0x(ptrval)   ( 832 kB)
[    0.000000] SLUB: HWalign=64, Order=0-3, MinObjects=0, CPUs=4, Nodes=1
[    0.000000] ftrace: allocating 27093 entries in 80 pages
[    0.000000] rcu: Hierarchical RCU implementation.
[    0.000000] NR_IRQS: 16, nr_irqs: 16, preallocated irqs: 16
[    0.000000] arch_timer: cp15 timer(s) running at 19.20MHz (phys).
[    0.000000] clocksource: arch_sys_counter: mask: 0xffffffffffffff max_cycles: 0x46d987e47, max_idle_ns: 440795202767 ns
[    0.000007] sched_clock: 56 bits at 19MHz, resolution 52ns, wraps every 4398046511078ns
[    0.000023] Switching to timer-based delay loop, resolution 52ns
[    0.000275] Console: colour dummy device 80x30
[    0.000911] console [tty1] enabled
[    0.000971] Calibrating delay loop (skipped), value calculated using timer frequency.. 38.40 BogoMIPS (lpj=192000)
[    0.001014] pid_max: default: 32768 minimum: 301
[    0.001383] Mount-cache hash table entries: 2048 (order: 1, 8192 bytes)
[    0.001419] Mountpoint-cache hash table entries: 2048 (order: 1, 8192 bytes)
[    0.002373] CPU: Testing write buffer coherency: ok
[    0.002856] CPU0: thread -1, cpu 0, socket 0, mpidr 80000000
[    0.003541] Setting up static identity map for 0x100000 - 0x10003c
[    0.003711] rcu: Hierarchical SRCU implementation.
[    0.004541] smp: Bringing up secondary CPUs ...
[    0.005455] CPU1: thread -1, cpu 1, socket 0, mpidr 80000001
[    0.006439] CPU2: thread -1, cpu 2, socket 0, mpidr 80000002
[    0.007357] CPU3: thread -1, cpu 3, socket 0, mpidr 80000003
[    0.007472] smp: Brought up 1 node, 4 CPUs
[    0.007553] SMP: Total of 4 processors activated (153.60 BogoMIPS).
[    0.007577] CPU: All CPU(s) started in HYP mode.
[    0.007597] CPU: Virtualization extensions available.
[    0.008594] devtmpfs: initialized
[    0.022037] VFP support v0.3: implementor 41 architecture 3 part 40 variant 3 rev 4
[    0.022313] clocksource: jiffies: mask: 0xffffffff max_cycles: 0xffffffff, max_idle_ns: 19112604462750000 ns
[    0.022363] futex hash table entries: 1024 (order: 4, 65536 bytes)
[    0.022974] pinctrl core: initialized pinctrl subsystem
[    0.023843] NET: Registered protocol family 16
[    0.027046] DMA: preallocated 1024 KiB pool for atomic coherent allocations
[    0.032960] hw-breakpoint: found 5 (+1 reserved) breakpoint and 4 watchpoint registers.
[    0.032995] hw-breakpoint: maximum watchpoint size is 8 bytes.
[    0.033215] Serial: AMBA PL011 UART driver
[    0.035563] bcm2835-mbox 3f00b880.mailbox: mailbox enabled
[    0.050030] raspberrypi-firmware soc:firmware: Attached to firmware from 2020-04-15 11:43, variant start
[    0.060043] raspberrypi-firmware soc:firmware: Firmware hash is 82f9bb929ce2186eb1824178c1ae82902ad6275c
[    0.103097] bcm2835-dma 3f007000.dma: DMA legacy API manager at (ptrval), dmachans=0x1
[    0.104750] SCSI subsystem initialized
[    0.104997] usbcore: registered new interface driver usbfs
[    0.105077] usbcore: registered new interface driver hub
[    0.105191] usbcore: registered new device driver usb
[    0.106930] clocksource: Switched to clocksource arch_sys_counter
[    0.197476] VFS: Disk quotas dquot_6.6.0
[    0.197586] VFS: Dquot-cache hash table entries: 1024 (order 0, 4096 bytes)
[    0.197787] FS-Cache: Loaded
[    0.198015] CacheFiles: Loaded
[    0.208030] NET: Registered protocol family 2
[    0.208902] tcp_listen_portaddr_hash hash table entries: 512 (order: 0, 6144 bytes)
[    0.208966] TCP established hash table entries: 8192 (order: 3, 32768 bytes)
[    0.209096] TCP bind hash table entries: 8192 (order: 4, 65536 bytes)
[    0.209301] TCP: Hash tables configured (established 8192 bind 8192)
[    0.209467] UDP hash table entries: 512 (order: 2, 16384 bytes)
[    0.209538] UDP-Lite hash table entries: 512 (order: 2, 16384 bytes)
[    0.209798] NET: Registered protocol family 1
[    0.210382] RPC: Registered named UNIX socket transport module.
[    0.210408] RPC: Registered udp transport module.
[    0.210430] RPC: Registered tcp transport module.
[    0.210452] RPC: Registered tcp NFSv4.1 backchannel transport module.
[    0.212316] hw perfevents: enabled with armv7_cortex_a7 PMU driver, 7 counters available
[    0.215422] Initialise system trusted keyrings
[    0.215639] workingset: timestamp_bits=14 max_order=18 bucket_order=4
[    0.225608] FS-Cache: Netfs 'nfs' registered for caching
[    0.226185] NFS: Registering the id_resolver key type
[    0.226235] Key type id_resolver registered
[    0.226257] Key type id_legacy registered
[    0.226288] nfs4filelayout_init: NFSv4 File Layout Driver Registering...
[    0.231756] Key type asymmetric registered
[    0.231791] Asymmetric key parser 'x509' registered
[    0.231865] Block layer SCSI generic (bsg) driver version 0.4 loaded (major 250)
[    0.232071] io scheduler noop registered
[    0.232096] io scheduler deadline registered (default)
[    0.232313] io scheduler cfq registered
[    0.232337] io scheduler mq-deadline registered (default)
[    0.232362] io scheduler kyber registered
[    0.234564] bcm2708_fb soc:fb: FB found 1 display(s)
[    0.243916] Console: switching to colour frame buffer device 82x26
[    0.250792] bcm2708_fb soc:fb: Registered framebuffer for display 0, size 656x416
[    0.256424] Serial: 8250/16550 driver, 1 ports, IRQ sharing enabled
[    0.260266] bcm2835-rng 3f104000.rng: hwrng registered
[    0.262945] vc-mem: phys_addr:0x00000000 mem_base=0x3ec00000 mem_size:0x40000000(1024 MiB)
[    0.268342] vc-sm: Videocore shared memory driver
[    0.271151] gpiomem-bcm2835 3f200000.gpiomem: Initialised: Registers at 0x3f200000
[    0.287071] brd: module loaded
[    0.299766] loop: module loaded
[    0.302867] Loading iSCSI transport class v2.0-870.
[    0.306045] libphy: Fixed MDIO Bus: probed
[    0.308582] usbcore: registered new interface driver lan78xx
[    0.311101] usbcore: registered new interface driver smsc95xx
[    0.313538] dwc_otg: version 3.00a 10-AUG-2012 (platform bus)
[    0.343858] dwc_otg 3f980000.usb: base=(ptrval)
[    0.546562] Core Release: 2.80a
[    0.549045] Setting default values for core params
[    0.551550] Finished setting default values for core params
[    0.754335] Using Buffer DMA mode
[    0.756742] Periodic Transfer Interrupt Enhancement - disabled
[    0.759177] Multiprocessor Interrupt Enhancement - disabled
[    0.761568] OTG VER PARAM: 0, OTG VER FLAG: 0
[    0.763915] Dedicated Tx FIFOs mode
[    0.766614] WARN::dwc_otg_hcd_init:1074: FIQ DMA bounce buffers: virt = bad14000 dma = 0xfad14000 len=9024
[    0.771230] FIQ FSM acceleration enabled for :
[    0.771230] Non-periodic Split Transactions
[    0.771230] Periodic Split Transactions
[    0.771230] High-Speed Isochronous Endpoints
[    0.771230] Interrupt/Control Split Transaction hack enabled
[    0.782205] WARN::hcd_init_fiq:457: FIQ on core 1
[    0.784431] WARN::hcd_init_fiq:458: FIQ ASM at 8068fda0 length 36
[    0.786643] WARN::hcd_init_fiq:497: MPHI regs_base at bb810000
[    0.788899] dwc_otg 3f980000.usb: DWC OTG Controller
[    0.791160] dwc_otg 3f980000.usb: new USB bus registered, assigned bus number 1
[    0.793483] dwc_otg 3f980000.usb: irq 56, io mem 0x00000000
[    0.795788] Init: Port Power? op_state=1
[    0.798045] Init: Power Port (0)
[    0.800468] usb usb1: New USB device found, idVendor=1d6b, idProduct=0002, bcdDevice= 4.19
[    0.804978] usb usb1: New USB device strings: Mfr=3, Product=2, SerialNumber=1
[    0.807416] usb usb1: Product: DWC OTG Controller
[    0.809786] usb usb1: Manufacturer: Linux 4.19.118-v7+ dwc_otg_hcd
[    0.812210] usb usb1: SerialNumber: 3f980000.usb
[    0.815164] hub 1-0:1.0: USB hub found
[    0.817473] hub 1-0:1.0: 1 port detected
[    0.820530] usbcore: registered new interface driver usb-storage
[    0.822999] mousedev: PS/2 mouse device common for all mice
[    0.826139] bcm2835-wdt bcm2835-wdt: Broadcom BCM2835 watchdog timer
[    0.828802] bcm2835-cpufreq: min=600000 max=1400000
[    0.831618] sdhci: Secure Digital Host Controller Interface driver
[    0.834038] sdhci: Copyright(c) Pierre Ossman
[    0.836846] sdhost-bcm2835 3f202000.mmc: could not get clk, deferring probe
[    0.839533] sdhci-pltfm: SDHCI platform and OF driver helper
[    0.843577] ledtrig-cpu: registered to indicate activity on CPUs
[    0.846267] hidraw: raw HID events driver (C) Jiri Kosina
[    0.849030] usbcore: registered new interface driver usbhid
[    0.851574] usbhid: USB HID core driver
[    0.854888] vchiq: vchiq_init_state: slot_zero = (ptrval), is_master = 0
[    0.859039] [vc_sm_connected_init]: start
[    0.867697] [vc_sm_connected_init]: end - returning 0
[    0.871226] Initializing XFRM netlink socket
[    0.873613] NET: Registered protocol family 17
[    0.876073] Key type dns_resolver registered
[    0.879082] Registering SWP/SWPB emulation handler
[    0.882088] registered taskstats version 1
[    0.884464] Loading compiled-in X.509 certificates
[    0.893515] uart-pl011 3f201000.serial: cts_event_workaround enabled
[    0.896008] 3f201000.serial: ttyAMA0 at MMIO 0x3f201000 (irq = 81, base_baud = 0) is a PL011 rev2
[    1.899723] console [ttyAMA0] enabled
[    1.907812] sdhost: log_buf @ (ptrval) (fad13000)
[    1.963243] mmc0: sdhost-bcm2835 loaded - DMA enabled (>1)
[    1.972431] of_cfs_init
[    1.977275] of_cfs_init: OK
[    1.982832] Waiting for root device PARTUUID=4c999877-02...
[    2.017051] Indeed it is in host mode hprt0 = 00021501
[    2.112110] random: fast init done
[    2.122781] mmc0: host does not support reading read-only switch, assuming write-enable
[    2.142011] mmc0: new high speed SDHC card at address aaaa
[    2.151045] mmcblk0: mmc0:aaaa SL16G 14.8 GiB
[    2.164288]  mmcblk0: p1 p2
[    2.210989] EXT4-fs (mmcblk0p2): mounted filesystem with ordered data mode. Opts: (null)
[    2.224087] VFS: Mounted root (ext4 filesystem) readonly on device 179:2.
[    2.226973] usb 1-1: new high-speed USB device number 2 using dwc_otg
[    2.242751] Indeed it is in host mode hprt0 = 00001101
[    2.244913] devtmpfs: mounted
[    2.312360] Freeing unused kernel memory: 1024K
[    2.319822] Run /sbin/init as init process
[    2.487276] usb 1-1: New USB device found, idVendor=0424, idProduct=2514, bcdDevice= b.b3
[    2.500660] usb 1-1: New USB device strings: Mfr=0, Product=0, SerialNumber=0
[    2.511201] hub 1-1:1.0: USB hub found
[    2.517830] hub 1-1:1.0: 4 ports detected
[    2.836985] usb 1-1.1: new high-speed USB device number 3 using dwc_otg
[    2.954308] systemd[1]: System time before build time, advancing clock.
[    2.967297] usb 1-1.1: New USB device found, idVendor=0424, idProduct=2514, bcdDevice= b.b3
[    2.981165] usb 1-1.1: New USB device strings: Mfr=0, Product=0, SerialNumber=0
[    2.992022] hub 1-1.1:1.0: USB hub found
[    2.998936] hub 1-1.1:1.0: 3 ports detected
[    3.022701] systemd[1]: systemd 241 running in system mode. (+PAM +AUDIT +SELINUX +IMA +APPARMOR +SMACK +SYSVINIT +UTMP +LIBCRYPTSETUP +GCRYPT +GNUTLS +ACL +XZ +LZ4 +SECCOMP +B
LKID +ELFUTILS +KMOD -IDN2 +IDN -PCRE2 default-hierarchy=hybrid)
[    3.053820] systemd[1]: Detected architecture arm.
[    3.082367] systemd[1]: Set hostname to <raspberrypi>.
[    3.262216] uart-pl011 3f201000.serial: no DMA platform data
[    3.666995] usb 1-1.1.1: new high-speed USB device number 4 using dwc_otg
[    3.797446] usb 1-1.1.1: New USB device found, idVendor=0424, idProduct=7800, bcdDevice= 3.00
[    3.811528] usb 1-1.1.1: New USB device strings: Mfr=0, Product=0, SerialNumber=0
[    4.030483] random: systemd: uninitialized urandom read (16 bytes read)
[    4.051731] random: systemd: uninitialized urandom read (16 bytes read)
[    4.077660] systemd[1]: Created slice system-systemd\x2dfsck.slice.
[    4.089814] lan78xx 1-1.1.1:1.0 (unnamed net_device) (uninitialized): No External EEPROM. Setting MAC Speed
[    4.090837] libphy: lan78xx-mdiobus: probed
[    4.113174] random: systemd: uninitialized urandom read (16 bytes read)
[    4.123210] systemd[1]: Started Dispatch Password Requests to Console Directory Watch.
[    4.139936] lan78xx 1-1.1.1:1.0 (unnamed net_device) (uninitialized): int urb period 64
[    4.155962] systemd[1]: Set up automount Arbitrary Executable File Formats File System Automount Point.
[    4.176089] systemd[1]: Listening on udev Control Socket.
[    4.190078] systemd[1]: Created slice system-getty.slice.
[    4.202277] systemd[1]: Reached target Swap.
[    4.226349] systemd[1]: Condition check resulted in Journal Audit Socket being skipped.
