[    0.000000] Booting Linux on physical CPU 0x0
[    0.000000] Linux version 4.19.118-v7+ (dom@buildbot) (gcc version 4.9.3 (crosstool-NG crosstool-ng-1.22.0-88-g8460611)) #1311 SMP Mon Apr 27 14:21:24 BST 2020
[    0.000000] CPU: ARMv7 Processor [410fd034] revision 4 (ARMv7), cr=10c5383d
[    0.000000] CPU: div instructions available: patching division code
[    0.000000] CPU: PIPT / VIPT nonaliasing data cache, VIPT aliasing instruction cache
[    0.000000] OF: fdt: Machine model: Raspberry Pi 3 Model B Plus Rev 1.3
[    0.000000] Memory policy: Data cache writealloc
[    0.000000] cma: Reserved 256 MiB at 0x1ec00000
[    0.000000] random: get_random_bytes called from start_kernel+0xac/0x4b4 with crng_init=0
[    0.000000] percpu: Embedded 16 pages/cpu s36864 r8192 d20480 u65536
[    0.000000] Built 1 zonelists, mobility grouping on.  Total pages: 240555
[    0.000000] Kernel command line: coherent_pool=1M 8250.nr_uarts=1 snd_bcm2835.enable_compat_alsa=0 snd_bcm2835.enable_hdmi=1 snd_bcm2835.enable_headphones=1 cma=256M video=Comp
osite-1:720x480@60,margin_left=32,margin_right=32,margin_top=32,margin_bottom=32 vc_mem.mem_base=0x3ec00000 vc_mem.mem_size=0x40000000  dwc_otg.lpm_enable=0 console=ttyAMA0,115200
 console=tty1 root=PARTUUID=4c999877-02 rootfstype=ext4 elevator=deadline fsck.repair=yes rootwait
[    0.000000] Dentry cache hash table entries: 131072 (order: 7, 524288 bytes)
[    0.000000] Inode-cache hash table entries: 65536 (order: 6, 262144 bytes)
[    0.000000] Memory: 684616K/970752K available (8192K kernel code, 656K rwdata, 2232K rodata, 1024K init, 831K bss, 23992K reserved, 262144K cma-reserved)
[    0.000000] Virtual kernel memory layout:
[    0.000000]     vector  : 0xffff0000 - 0xffff1000   (   4 kB)
[    0.000000]     fixmap  : 0xffc00000 - 0xfff00000   (3072 kB)
[    0.000000]     vmalloc : 0xbb800000 - 0xff800000   (1088 MB)
[    0.000000]     lowmem  : 0x80000000 - 0xbb400000   ( 948 MB)
[    0.000000]     modules : 0x7f000000 - 0x80000000   (  16 MB)
[    0.000000]       .text : 0x(ptrval) - 0x(ptrval)   (9184 kB)
[    0.000000]       .init : 0x(ptrval) - 0x(ptrval)   (1024 kB)
[    0.000000]       .data : 0x(ptrval) - 0x(ptrval)   ( 657 kB)
[    0.000000]        .bss : 0x(ptrval) - 0x(ptrval)   ( 832 kB)
[    0.000000] SLUB: HWalign=64, Order=0-3, MinObjects=0, CPUs=4, Nodes=1
[    0.000000] ftrace: allocating 27093 entries in 80 pages
[    0.000000] rcu: Hierarchical RCU implementation.
[    0.000000] NR_IRQS: 16, nr_irqs: 16, preallocated irqs: 16
[    0.000000] arch_timer: cp15 timer(s) running at 19.20MHz (phys).
[    0.000000] clocksource: arch_sys_counter: mask: 0xffffffffffffff max_cycles: 0x46d987e47, max_idle_ns: 440795202767 ns
[    0.000008] sched_clock: 56 bits at 19MHz, resolution 52ns, wraps every 4398046511078ns
[    0.000024] Switching to timer-based delay loop, resolution 52ns
[    0.000278] Console: colour dummy device 80x30
[    0.000919] console [tty1] enabled
[    0.000979] Calibrating delay loop (skipped), value calculated using timer frequency.. 38.40 BogoMIPS (lpj=192000)
[    0.001023] pid_max: default: 32768 minimum: 301
[    0.001383] Mount-cache hash table entries: 2048 (order: 1, 8192 bytes)
[    0.001419] Mountpoint-cache hash table entries: 2048 (order: 1, 8192 bytes)
[    0.002383] CPU: Testing write buffer coherency: ok
[    0.002872] CPU0: thread -1, cpu 0, socket 0, mpidr 80000000
[    0.003557] Setting up static identity map for 0x100000 - 0x10003c
[    0.003728] rcu: Hierarchical SRCU implementation.
[    0.004567] smp: Bringing up secondary CPUs ...
[    0.005500] CPU1: thread -1, cpu 1, socket 0, mpidr 80000001
[    0.006485] CPU2: thread -1, cpu 2, socket 0, mpidr 80000002
[    0.007421] CPU3: thread -1, cpu 3, socket 0, mpidr 80000003
[    0.007535] smp: Brought up 1 node, 4 CPUs
[    0.007617] SMP: Total of 4 processors activated (153.60 BogoMIPS).
[    0.007641] CPU: All CPU(s) started in HYP mode.
[    0.007661] CPU: Virtualization extensions available.
[    0.008646] devtmpfs: initialized
[    0.022220] VFP support v0.3: implementor 41 architecture 3 part 40 variant 3 rev 4
[    0.022495] clocksource: jiffies: mask: 0xffffffff max_cycles: 0xffffffff, max_idle_ns: 19112604462750000 ns
[    0.022544] futex hash table entries: 1024 (order: 4, 65536 bytes)
[    0.033374] pinctrl core: initialized pinctrl subsystem
[    0.034381] NET: Registered protocol family 16
[    0.037685] DMA: preallocated 1024 KiB pool for atomic coherent allocations
[    0.043643] hw-breakpoint: found 5 (+1 reserved) breakpoint and 4 watchpoint registers.
[    0.043679] hw-breakpoint: maximum watchpoint size is 8 bytes.
[    0.043898] Serial: AMBA PL011 UART driver
[    0.046361] bcm2835-mbox 3f00b880.mailbox: mailbox enabled
[    0.060091] raspberrypi-firmware soc:firmware: Attached to firmware from 2020-04-15 11:43, variant start
[    0.070104] raspberrypi-firmware soc:firmware: Firmware hash is 82f9bb929ce2186eb1824178c1ae82902ad6275c
[    0.112941] bcm2835-dma 3f007000.dma: DMA legacy API manager at (ptrval), dmachans=0x1
[    0.114604] SCSI subsystem initialized
[    0.114849] usbcore: registered new interface driver usbfs
[    0.114924] usbcore: registered new interface driver hub
[    0.115040] usbcore: registered new device driver usb
[    0.116823] clocksource: Switched to clocksource arch_sys_counter
[    0.207636] VFS: Disk quotas dquot_6.6.0
[    0.207747] VFS: Dquot-cache hash table entries: 1024 (order 0, 4096 bytes)
[    0.207952] FS-Cache: Loaded
[    0.208176] CacheFiles: Loaded
[    0.208671] simple-framebuffer 3eaf0000.framebuffer: framebuffer at 0x3eaf0000, 0x10a800 bytes, mapped to 0x(ptrval)
[    0.208715] simple-framebuffer 3eaf0000.framebuffer: format=a8r8g8b8, mode=656x416x32, linelength=2624
[    0.213681] Console: switching to colour frame buffer device 82x26
[    0.220611] simple-framebuffer 3eaf0000.framebuffer: fb0: simplefb registered!
[    0.233192] NET: Registered protocol family 2
[    0.236862] tcp_listen_portaddr_hash hash table entries: 512 (order: 0, 6144 bytes)
[    0.242311] TCP established hash table entries: 8192 (order: 3, 32768 bytes)
[    0.245208] TCP bind hash table entries: 8192 (order: 4, 65536 bytes)
[    0.248157] TCP: Hash tables configured (established 8192 bind 8192)
[    0.251079] UDP hash table entries: 512 (order: 2, 16384 bytes)
[    0.253916] UDP-Lite hash table entries: 512 (order: 2, 16384 bytes)
[    0.257084] NET: Registered protocol family 1
[    0.260580] RPC: Registered named UNIX socket transport module.
[    0.263521] RPC: Registered udp transport module.
[    0.266385] RPC: Registered tcp transport module.
[    0.269181] RPC: Registered tcp NFSv4.1 backchannel transport module.
[    0.273833] hw perfevents: enabled with armv7_cortex_a7 PMU driver, 7 counters available
[    0.282590] Initialise system trusted keyrings
[    0.285565] workingset: timestamp_bits=14 max_order=18 bucket_order=4
[    0.298300] FS-Cache: Netfs 'nfs' registered for caching
[    0.301593] NFS: Registering the id_resolver key type
[    0.304298] Key type id_resolver registered
[    0.306926] Key type id_legacy registered
[    0.309432] nfs4filelayout_init: NFSv4 File Layout Driver Registering...
[    0.317489] Key type asymmetric registered
[    0.319980] Asymmetric key parser 'x509' registered
[    0.322448] Block layer SCSI generic (bsg) driver version 0.4 loaded (major 250)
[    0.327538] io scheduler noop registered
[    0.329937] io scheduler deadline registered (default)
[    0.332515] io scheduler cfq registered
[    0.334810] io scheduler mq-deadline registered (default)
[    0.337158] io scheduler kyber registered
[    0.342605] Serial: 8250/16550 driver, 1 ports, IRQ sharing enabled
[    0.346483] bcm2835-rng 3f104000.rng: hwrng registered
[    0.349262] vc-mem: phys_addr:0x00000000 mem_base=0x3ec00000 mem_size:0x40000000(1024 MiB)
[    0.354615] vc-sm: Videocore shared memory driver
[    0.357417] gpiomem-bcm2835 3f200000.gpiomem: Initialised: Registers at 0x3f200000
[    0.373065] brd: module loaded
[    0.385690] loop: module loaded
[    0.388777] Loading iSCSI transport class v2.0-870.
[    0.391934] libphy: Fixed MDIO Bus: probed
[    0.394449] usbcore: registered new interface driver lan78xx
[    0.396964] usbcore: registered new interface driver smsc95xx
[    0.399339] dwc_otg: version 3.00a 10-AUG-2012 (platform bus)
[    0.429526] dwc_otg 3f980000.usb: base=(ptrval)
[    0.632018] Core Release: 2.80a
[    0.634235] Setting default values for core params
[    0.636528] Finished setting default values for core params
[    0.839153] Using Buffer DMA mode
[    0.841458] Periodic Transfer Interrupt Enhancement - disabled
[    0.843854] Multiprocessor Interrupt Enhancement - disabled
[    0.846234] OTG VER PARAM: 0, OTG VER FLAG: 0
[    0.848610] Dedicated Tx FIFOs mode
[    0.851525] WARN::dwc_otg_hcd_init:1074: FIQ DMA bounce buffers: virt = 9ed04000 dma = 0xded04000 len=9024
[    0.856097] FIQ FSM acceleration enabled for :
[    0.856097] Non-periodic Split Transactions
[    0.856097] Periodic Split Transactions
[    0.856097] High-Speed Isochronous Endpoints
[    0.856097] Interrupt/Control Split Transaction hack enabled
[    0.867057] WARN::hcd_init_fiq:457: FIQ on core 1
[    0.869283] WARN::hcd_init_fiq:458: FIQ ASM at 8068fda0 length 36
[    0.871493] WARN::hcd_init_fiq:497: MPHI regs_base at bb810000
[    0.873750] dwc_otg 3f980000.usb: DWC OTG Controller
[    0.876008] dwc_otg 3f980000.usb: new USB bus registered, assigned bus number 1
[    0.878357] dwc_otg 3f980000.usb: irq 56, io mem 0x00000000
[    0.880656] Init: Port Power? op_state=1
[    0.882891] Init: Power Port (0)
[    0.885292] usb usb1: New USB device found, idVendor=1d6b, idProduct=0002, bcdDevice= 4.19
[    0.889806] usb usb1: New USB device strings: Mfr=3, Product=2, SerialNumber=1
[    0.892214] usb usb1: Product: DWC OTG Controller
[    0.894577] usb usb1: Manufacturer: Linux 4.19.118-v7+ dwc_otg_hcd
[    0.897020] usb usb1: SerialNumber: 3f980000.usb
[    0.899978] hub 1-0:1.0: USB hub found
[    0.902251] hub 1-0:1.0: 1 port detected
[    0.905354] usbcore: registered new interface driver usb-storage
[    0.907843] mousedev: PS/2 mouse device common for all mice
[    0.911007] bcm2835-wdt bcm2835-wdt: Broadcom BCM2835 watchdog timer
[    0.913660] bcm2835-cpufreq: min=600000 max=1400000
[    0.916504] sdhci: Secure Digital Host Controller Interface driver
[    0.918946] sdhci: Copyright(c) Pierre Ossman
[    0.921781] sdhost-bcm2835 3f202000.mmc: could not get clk, deferring probe
[    0.924462] sdhci-pltfm: SDHCI platform and OF driver helper
[    0.928582] ledtrig-cpu: registered to indicate activity on CPUs
[    0.931295] hidraw: raw HID events driver (C) Jiri Kosina
[    0.934009] usbcore: registered new interface driver usbhid
[    0.936557] usbhid: USB HID core driver
[    0.939909] vchiq: vchiq_init_state: slot_zero = (ptrval), is_master = 0
[    0.944032] [vc_sm_connected_init]: start
[    0.952096] [vc_sm_connected_init]: end - returning 0
[    0.955624] Initializing XFRM netlink socket
[    0.958048] NET: Registered protocol family 17
[    0.960495] Key type dns_resolver registered
[    0.963476] Registering SWP/SWPB emulation handler
[    0.966472] registered taskstats version 1
[    0.968875] Loading compiled-in X.509 certificates
[    0.977961] uart-pl011 3f201000.serial: cts_event_workaround enabled
[    0.980467] 3f201000.serial: ttyAMA0 at MMIO 0x3f201000 (irq = 81, base_baud = 0) is a PL011 rev2
[    2.002019] console [ttyAMA0] enabled
[    2.010176] sdhost: log_buf @ (ptrval) (ded03000)
[    2.065693] mmc0: sdhost-bcm2835 loaded - DMA enabled (>1)
[    2.074850] of_cfs_init
[    2.079753] of_cfs_init: OK
[    2.085320] Waiting for root device PARTUUID=4c999877-02...
[    2.116941] Indeed it is in host mode hprt0 = 00021501
[    2.213353] random: fast init done
[    2.227614] mmc0: host does not support reading read-only switch, assuming write-enable
[    2.246951] mmc0: new high speed SDHC card at address aaaa
[    2.255993] mmcblk0: mmc0:aaaa SL16G 14.8 GiB
[    2.269038]  mmcblk0: p1 p2
[    2.311321] EXT4-fs (mmcblk0p2): mounted filesystem with ordered data mode. Opts: (null)
[    2.324357] VFS: Mounted root (ext4 filesystem) readonly on device 179:2.
[    2.326868] usb 1-1: new high-speed USB device number 2 using dwc_otg
[    2.343051] Indeed it is in host mode hprt0 = 00001101
[    2.410989] devtmpfs: mounted
[    2.423794] Freeing unused kernel memory: 1024K
[    2.431220] Run /sbin/init as init process
[    2.587239] usb 1-1: New USB device found, idVendor=0424, idProduct=2514, bcdDevice= b.b3
[    2.600638] usb 1-1: New USB device strings: Mfr=0, Product=0, SerialNumber=0
[    2.611204] hub 1-1:1.0: USB hub found
[    2.617881] hub 1-1:1.0: 4 ports detected
[    2.936937] usb 1-1.1: new high-speed USB device number 3 using dwc_otg
[    3.067117] usb 1-1.1: New USB device found, idVendor=0424, idProduct=2514, bcdDevice= b.b3
[    3.081049] usb 1-1.1: New USB device strings: Mfr=0, Product=0, SerialNumber=0
[    3.091928] hub 1-1.1:1.0: USB hub found
[    3.098794] hub 1-1.1:1.0: 3 ports detected
[    3.124051] systemd[1]: System time before build time, advancing clock.
[    3.192883] systemd[1]: systemd 241 running in system mode. (+PAM +AUDIT +SELINUX +IMA +APPARMOR +SMACK +SYSVINIT +UTMP +LIBCRYPTSETUP +GCRYPT +GNUTLS +ACL +XZ +LZ4 +SECCOMP +B
LKID +ELFUTILS +KMOD -IDN2 +IDN -PCRE2 default-hierarchy=hybrid)
[    3.223541] systemd[1]: Detected architecture arm.
[    3.251727] systemd[1]: Set hostname to <raspberrypi>.
[    3.439260] uart-pl011 3f201000.serial: no DMA platform data
[    3.756875] usb 1-1.1.1: new high-speed USB device number 4 using dwc_otg
[    3.887310] usb 1-1.1.1: New USB device found, idVendor=0424, idProduct=7800, bcdDevice= 3.00
[    3.901275] usb 1-1.1.1: New USB device strings: Mfr=0, Product=0, SerialNumber=0
[    4.179231] lan78xx 1-1.1.1:1.0 (unnamed net_device) (uninitialized): No External EEPROM. Setting MAC Speed
[    4.195890] libphy: lan78xx-mdiobus: probed
[    4.224769] random: systemd: uninitialized urandom read (16 bytes read)
[    4.227442] lan78xx 1-1.1.1:1.0 (unnamed net_device) (uninitialized): int urb period 64
[    4.245791] random: systemd: uninitialized urandom read (16 bytes read)
[    4.262091] systemd[1]: Created slice User and Session Slice.
[    4.274731] random: systemd: uninitialized urandom read (16 bytes read)
[    4.285048] systemd[1]: Listening on udev Control Socket.
[    4.297039] systemd[1]: Reached target Slices.
[    4.310827] systemd[1]: Created slice system-serial\x2dgetty.slice.
[    4.324750] systemd[1]: Listening on Journal Socket.
[    4.341792] systemd[1]: Mounting Kernel Debug File System...
[    4.360905] systemd[1]: Mounting POSIX Message Queue File System...
[    8.986817] Unable to handle kernel paging request at virtual address ffffff80
[    8.994950] pgd = 671ec28e
[    8.998505] [ffffff80] *pgd=3b37e861, *pte=00000000, *ppte=00000000
[    9.005671] Internal error: Oops: 37 [#1] SMP ARM
[    9.011256] Modules linked in:
[    9.015156] CPU: 2 PID: 0 Comm: swapper/2 Not tainted 4.19.118-v7+ #1311
[    9.022740] Hardware name: BCM2835
[    9.027026] PC is at led_set_brightness+0x14/0x74
[    9.032607] LR is at led_trigger_event+0x4c/0x8c
[    9.038094] pc : [<806e4460>]    lr : [<806e5224>]    psr: a0000013
[    9.045276] sp : ba52ff38  ip : ba52ff50  fp : ba52ff4c
[    9.051430] r10: 00000000  r9 : 410fd034  r8 : 00000001
[    9.057583] r7 : b9e2824c  r6 : 00000080  r5 : b9e28250  r4 : ffffff70
[    9.065069] r3 : 00000000  r2 : 00000000  r1 : 00000080  r0 : ffffff70
[    9.072565] Flags: NzCv  IRQs on  FIQs on  Mode SVC_32  ISA ARM  Segment user
[    9.080705] Control: 10c5383d  Table: 359c806a  DAC: 00000055
[    9.087468] Process swapper/2 (pid: 0, stack limit = 0x38f28d54)
[    9.094524] Stack: (0xba52ff38 to 0xba530000)
[    9.099939] ff20:                                                       ffffff70 b9e28250
[    9.110234] ff40: ba52ff6c ba52ff50 806e5224 806e4458 b9e28240 000001fe 00000004 baaf8a30
[    9.120531] ff60: ba52ff94 ba52ff70 806e6bd0 806e51e4 00000000 80d04d70 ba52e000 80d04db8
[    9.130879] ff80: 00000004 80d8fb3e ba52ffa4 ba52ff98 80109b58 806e6b08 ba52ffcc ba52ffa8
[    9.141319] ffa0: 80152ecc 80109b48 26bffaee 00000087 00000002 10c0387d 80da45b8 0000406a
[    9.151833] ffc0: ba52ffdc ba52ffd0 801531f8 80152dd8 ba52fff4 ba52ffe0 8010fee4 801531dc
[    9.162472] ffe0: 3a51806a 00000055 00000000 ba52fff8 0010270c 8010fdbc 00000000 00000000
[    9.173222] [<806e4460>] (led_set_brightness) from [<806e5224>] (led_trigger_event+0x4c/0x8c)
[    9.184450] [<806e5224>] (led_trigger_event) from [<806e6bd0>] (ledtrig_cpu+0xd4/0xf0)
[    9.195129] [<806e6bd0>] (ledtrig_cpu) from [<80109b58>] (arch_cpu_idle_exit+0x1c/0x20)
[    9.205987] [<80109b58>] (arch_cpu_idle_exit) from [<80152ecc>] (do_idle+0x100/0x16c)
[    9.216803] [<80152ecc>] (do_idle) from [<801531f8>] (cpu_startup_entry+0x28/0x2c)
[    9.216818] Unable to handle kernel paging request at virtual address 04208368
[    9.227392] [<801531f8>] (cpu_startup_entry) from [<8010fee4>] (secondary_start_kernel+0x134/0x140)
[    9.236167] pgd = 8d4ceaf6
[    9.248243] [<8010fee4>] (secondary_start_kernel) from [<0010270c>] (0x10270c)
[    9.252404] Unable to handle kernel paging request at virtual address e92dd908
[    9.261109] Code: e92dd830 e24cb004 e52de004 e8bd4000 (e5903010)
[    9.269819] pgd = e2123994
[    9.277381] ---[ end trace 0481b7d3c92c8570 ]---
[    9.281487] Unable to handle kernel paging request at virtual address e3533a48
[    9.287501] Kernel panic - not syncing: Attempted to kill the idle task!
[    9.296137] pgd = e2123994
[    9.304237] CPU0: stopping
[    9.308287] Unable to handle kernel paging request at virtual address e35338d0
[    9.312284] CPU: 0 PID: 0 Comm: swapper/0 Tainted: G      D           4.19.118-v7+ #1311
[    9.320826] pgd = e2123994
[    9.331457] Hardware name: BCM2835
[    9.335365] Unable to handle kernel paging request at virtual address e35338d0
[    9.339923] [<801120c8>] (unwind_backtrace) from [<8010d5fc>] (show_stack+0x20/0x24)
[    9.348332] pgd = e2123994
[    9.358382] [<8010d5fc>] (show_stack) from [<80856da8>] (dump_stack+0xe0/0x124)
[    9.362191] Unable to handle kernel paging request at virtual address e35338d0
[    9.370641] [<80856da8>] (dump_stack) from [<801104e0>] (handle_IPI+0x388/0x3a8)
[    9.379041] pgd = e2123994
[    9.388725] [<801104e0>] (handle_IPI) from [<801021f4>] (bcm2836_arm_irqchip_handle_irq+0xa0/0xa4)
[    9.392530] Unable to handle kernel paging request at virtual address e35338d0
[    9.403789] [<801021f4>] (bcm2836_arm_irqchip_handle_irq) from [<801019bc>] (__irq_svc+0x5c/0x7c)
[    9.412211] pgd = e2123994
[    9.423451] Exception stack(0x80d01ee8 to 0x80d01f30)
[    9.427341] Unable to handle kernel paging request at virtual address e35338d0
[    9.433579] 1ee0:                   80109ae4 00000000 40000093 40000093 80d04d70 80d00000
[    9.442010] pgd = e2123994
[    9.452594] 1f00: 80d04db8 00000001 80d8fb3e bb3ff840 80c64a38 80d01f44 80d0517c 80d01f38
[    9.456497] Unable to handle kernel paging request at virtual address e35338d0
[    9.467117] 1f20: 00000000 80109ae8 40000013 ffffffff
[    9.475589] pgd = e2123994
[    9.481908] [<801019bc>] (__irq_svc) from [<80109ae8>] (arch_cpu_idle+0x34/0x4c)
[    9.485837] Unable to handle kernel paging request at virtual address e35338d0
[    9.495697] [<80109ae8>] (arch_cpu_idle) from [<80873e74>] (default_idle_call+0x34/0x48)
[    9.504189] pgd = e2123994
[    9.514853] [<80873e74>] (default_idle_call) from [<80152eb8>] (do_idle+0xec/0x16c)
[    9.518783] Unable to handle kernel paging request at virtual address e35338d0
[    9.528903] [<80152eb8>] (do_idle) from [<801531f8>] (cpu_startup_entry+0x28/0x2c)
[    9.537395] pgd = e2123994
[    9.547542] [<801531f8>] (cpu_startup_entry) from [<8086d524>] (rest_init+0xbc/0xc0)
[    9.551500] Unable to handle kernel paging request at virtual address e35338d0
[    9.561781] [<8086d524>] (rest_init) from [<80c00fb0>] (start_kernel+0x484/0x4b4)
[    9.570366] pgd = e2123994
[    9.584479] Unable to handle kernel paging request at virtual address e35338d0
[    9.593015] pgd = e2123994
[    9.597020] Unable to handle kernel paging request at virtual address e35338d0
[    9.605585] pgd = e2123994
[    9.609582] Unable to handle kernel paging request at virtual address e35338d0
[    9.618133] pgd = e2123994
[    9.622112] Unable to handle kernel paging request at virtual address e35338d0
[    9.630652] pgd = e2123994
[    9.634665] Unable to handle kernel paging request at virtual address e35338d0
[    9.643228] pgd = e2123994
[    9.647227] Unable to handle kernel paging request at virtual address e35338d0
[    9.655784] pgd = e2123994
