[    0.000000] Booting Linux on physical CPU 0x0
[    0.000000] Linux version 4.19.118-v7+ (dom@buildbot) (gcc version 4.9.3 (crosstool-NG crosstool-ng-1.22.0-88-g8460611)) #1311 SMP Mon Apr 27 14:21:24 BST 2020
[    0.000000] CPU: ARMv7 Processor [410fd034] revision 4 (ARMv7), cr=10c5383d
[    0.000000] CPU: div instructions available: patching division code
[    0.000000] CPU: PIPT / VIPT nonaliasing data cache, VIPT aliasing instruction cache
[    0.000000] OF: fdt: Machine model: Raspberry Pi 3 Model B Plus Rev 1.3
[    0.000000] Memory policy: Data cache writealloc
[    0.000000] cma: Reserved 8 MiB at 0x3ac00000
[    0.000000] random: get_random_bytes called from start_kernel+0xac/0x4b4 with crng_init=0
[    0.000000] percpu: Embedded 16 pages/cpu s36864 r8192 d20480 u65536
[    0.000000] Built 1 zonelists, mobility grouping on.  Total pages: 240555
[    0.000000] Kernel command line: coherent_pool=1M 8250.nr_uarts=1 snd_bcm2835.enable_compat_alsa=0 snd_bcm2835.enable_hdmi=1 snd_bcm2835.enable_headphones=1 bcm2708_fb.fbwidth=
656 bcm2708_fb.fbheight=416 bcm2708_fb.fbswap=1 vc_mem.mem_base=0x3ec00000 vc_mem.mem_size=0x40000000  dwc_otg.lpm_enable=0 console=ttyAMA0,115200 console=tty1 root=PARTUUID=4c999
877-02 rootfstype=ext4 elevator=deadline fsck.repair=yes rootwait
[    0.000000] Dentry cache hash table entries: 131072 (order: 7, 524288 bytes)
[    0.000000] Inode-cache hash table entries: 65536 (order: 6, 262144 bytes)
[    0.000000] Memory: 939064K/970752K available (8192K kernel code, 656K rwdata, 2232K rodata, 1024K init, 831K bss, 23496K reserved, 8192K cma-reserved)
[    0.000000] Virtual kernel memory layout:
[    0.000000]     vector  : 0xffff0000 - 0xffff1000   (   4 kB)
[    0.000000]     fixmap  : 0xffc00000 - 0xfff00000   (3072 kB)
[    0.000000]     vmalloc : 0xbb800000 - 0xff800000   (1088 MB)
[    0.000000]     lowmem  : 0x80000000 - 0xbb400000   ( 948 MB)
[    0.000000]     modules : 0x7f000000 - 0x80000000   (  16 MB)
[    0.000000]       .text : 0x(ptrval) - 0x(ptrval)   (9184 kB)
[    0.000000]       .init : 0x(ptrval) - 0x(ptrval)   (1024 kB)
[    0.000000]       .data : 0x(ptrval) - 0x(ptrval)   ( 657 kB)
[    0.000000]        .bss : 0x(ptrval) - 0x(ptrval)   ( 832 kB)
[    0.000000] SLUB: HWalign=64, Order=0-3, MinObjects=0, CPUs=4, Nodes=1
[    0.000000] ftrace: allocating 27093 entries in 80 pages
[    0.000000] rcu: Hierarchical RCU implementation.
[    0.000000] NR_IRQS: 16, nr_irqs: 16, preallocated irqs: 16
[    0.000000] arch_timer: cp15 timer(s) running at 19.20MHz (phys).
[    0.000000] clocksource: arch_sys_counter: mask: 0xffffffffffffff max_cycles: 0x46d987e47, max_idle_ns: 440795202767 ns
[    0.000007] sched_clock: 56 bits at 19MHz, resolution 52ns, wraps every 4398046511078ns
[    0.000023] Switching to timer-based delay loop, resolution 52ns
[    0.000275] Console: colour dummy device 80x30
[    0.000911] console [tty1] enabled
[    0.000970] Calibrating delay loop (skipped), value calculated using timer frequency.. 38.40 BogoMIPS (lpj=192000)
[    0.001014] pid_max: default: 32768 minimum: 301
[    0.001382] Mount-cache hash table entries: 2048 (order: 1, 8192 bytes)
[    0.001419] Mountpoint-cache hash table entries: 2048 (order: 1, 8192 bytes)
[    0.002374] CPU: Testing write buffer coherency: ok
[    0.002858] CPU0: thread -1, cpu 0, socket 0, mpidr 80000000
[    0.003543] Setting up static identity map for 0x100000 - 0x10003c
[    0.003712] rcu: Hierarchical SRCU implementation.
[    0.004542] smp: Bringing up secondary CPUs ...
[    0.005458] CPU1: thread -1, cpu 1, socket 0, mpidr 80000001
[    0.006436] CPU2: thread -1, cpu 2, socket 0, mpidr 80000002
[    0.007358] CPU3: thread -1, cpu 3, socket 0, mpidr 80000003
[    0.007471] smp: Brought up 1 node, 4 CPUs
[    0.007552] SMP: Total of 4 processors activated (153.60 BogoMIPS).
[    0.007576] CPU: All CPU(s) started in HYP mode.
[    0.007596] CPU: Virtualization extensions available.
[    0.008593] devtmpfs: initialized
[    0.022046] VFP support v0.3: implementor 41 architecture 3 part 40 variant 3 rev 4
[    0.022320] clocksource: jiffies: mask: 0xffffffff max_cycles: 0xffffffff, max_idle_ns: 19112604462750000 ns
[    0.022370] futex hash table entries: 1024 (order: 4, 65536 bytes)
[    0.022982] pinctrl core: initialized pinctrl subsystem
[    0.023849] NET: Registered protocol family 16
[    0.027048] DMA: preallocated 1024 KiB pool for atomic coherent allocations
[    0.032958] hw-breakpoint: found 5 (+1 reserved) breakpoint and 4 watchpoint registers.
[    0.032994] hw-breakpoint: maximum watchpoint size is 8 bytes.
[    0.033212] Serial: AMBA PL011 UART driver
[    0.035566] bcm2835-mbox 3f00b880.mailbox: mailbox enabled
[    0.050030] raspberrypi-firmware soc:firmware: Attached to firmware from 2020-04-15 11:43, variant start
[    0.060044] raspberrypi-firmware soc:firmware: Firmware hash is 82f9bb929ce2186eb1824178c1ae82902ad6275c
[    0.103063] bcm2835-dma 3f007000.dma: DMA legacy API manager at (ptrval), dmachans=0x1
[    0.104716] SCSI subsystem initialized
[    0.104961] usbcore: registered new interface driver usbfs
[    0.105043] usbcore: registered new interface driver hub
[    0.105155] usbcore: registered new device driver usb
[    0.106865] clocksource: Switched to clocksource arch_sys_counter
[    0.197499] VFS: Disk quotas dquot_6.6.0
[    0.197610] VFS: Dquot-cache hash table entries: 1024 (order 0, 4096 bytes)
[    0.197780] FS-Cache: Loaded
[    0.198010] CacheFiles: Loaded
[    0.208026] NET: Registered protocol family 2
[    0.208894] tcp_listen_portaddr_hash hash table entries: 512 (order: 0, 6144 bytes)
[    0.208958] TCP established hash table entries: 8192 (order: 3, 32768 bytes)
[    0.209089] TCP bind hash table entries: 8192 (order: 4, 65536 bytes)
[    0.209293] TCP: Hash tables configured (established 8192 bind 8192)
[    0.209457] UDP hash table entries: 512 (order: 2, 16384 bytes)
[    0.209528] UDP-Lite hash table entries: 512 (order: 2, 16384 bytes)
[    0.209787] NET: Registered protocol family 1
[    0.210376] RPC: Registered named UNIX socket transport module.
[    0.210402] RPC: Registered udp transport module.
[    0.210424] RPC: Registered tcp transport module.
[    0.210446] RPC: Registered tcp NFSv4.1 backchannel transport module.
[    0.212294] hw perfevents: enabled with armv7_cortex_a7 PMU driver, 7 counters available
[    0.215401] Initialise system trusted keyrings
[    0.215608] workingset: timestamp_bits=14 max_order=18 bucket_order=4
[    0.225573] FS-Cache: Netfs 'nfs' registered for caching
[    0.226155] NFS: Registering the id_resolver key type
[    0.226200] Key type id_resolver registered
[    0.226222] Key type id_legacy registered
[    0.226253] nfs4filelayout_init: NFSv4 File Layout Driver Registering...
[    0.231715] Key type asymmetric registered
[    0.231750] Asymmetric key parser 'x509' registered
[    0.231823] Block layer SCSI generic (bsg) driver version 0.4 loaded (major 250)
[    0.232018] io scheduler noop registered
[    0.232042] io scheduler deadline registered (default)
[    0.232258] io scheduler cfq registered
[    0.232282] io scheduler mq-deadline registered (default)
[    0.232306] io scheduler kyber registered
[    0.234516] bcm2708_fb soc:fb: FB found 1 display(s)
[    0.243867] Console: switching to colour frame buffer device 82x26
[    0.250715] bcm2708_fb soc:fb: Registered framebuffer for display 0, size 656x416
[    0.256350] Serial: 8250/16550 driver, 1 ports, IRQ sharing enabled
[    0.260189] bcm2835-rng 3f104000.rng: hwrng registered
[    0.262873] vc-mem: phys_addr:0x00000000 mem_base=0x3ec00000 mem_size:0x40000000(1024 MiB)
[    0.268272] vc-sm: Videocore shared memory driver
[    0.271082] gpiomem-bcm2835 3f200000.gpiomem: Initialised: Registers at 0x3f200000
[    0.287013] brd: module loaded
[    0.299708] loop: module loaded
[    0.302813] Loading iSCSI transport class v2.0-870.
[    0.305985] libphy: Fixed MDIO Bus: probed
[    0.308539] usbcore: registered new interface driver lan78xx
[    0.311058] usbcore: registered new interface driver smsc95xx
[    0.313497] dwc_otg: version 3.00a 10-AUG-2012 (platform bus)
[    0.343817] dwc_otg 3f980000.usb: base=(ptrval)
[    0.546520] Core Release: 2.80a
[    0.549005] Setting default values for core params
[    0.551510] Finished setting default values for core params
[    0.754282] Using Buffer DMA mode
[    0.756687] Periodic Transfer Interrupt Enhancement - disabled
[    0.759121] Multiprocessor Interrupt Enhancement - disabled
[    0.761508] OTG VER PARAM: 0, OTG VER FLAG: 0
[    0.763856] Dedicated Tx FIFOs mode
[    0.766576] WARN::dwc_otg_hcd_init:1074: FIQ DMA bounce buffers: virt = bad14000 dma = 0xfad14000 len=9024
[    0.771187] FIQ FSM acceleration enabled for :
[    0.771187] Non-periodic Split Transactions
[    0.771187] Periodic Split Transactions
[    0.771187] High-Speed Isochronous Endpoints
[    0.771187] Interrupt/Control Split Transaction hack enabled
[    0.782150] WARN::hcd_init_fiq:457: FIQ on core 1
[    0.784376] WARN::hcd_init_fiq:458: FIQ ASM at 8068fda0 length 36
[    0.786586] WARN::hcd_init_fiq:497: MPHI regs_base at bb810000
[    0.788840] dwc_otg 3f980000.usb: DWC OTG Controller
[    0.791108] dwc_otg 3f980000.usb: new USB bus registered, assigned bus number 1
[    0.793427] dwc_otg 3f980000.usb: irq 56, io mem 0x00000000
[    0.795730] Init: Port Power? op_state=1
[    0.797989] Init: Power Port (0)
[    0.800407] usb usb1: New USB device found, idVendor=1d6b, idProduct=0002, bcdDevice= 4.19
[    0.804917] usb usb1: New USB device strings: Mfr=3, Product=2, SerialNumber=1
[    0.807355] usb usb1: Product: DWC OTG Controller
[    0.809723] usb usb1: Manufacturer: Linux 4.19.118-v7+ dwc_otg_hcd
[    0.812149] usb usb1: SerialNumber: 3f980000.usb
[    0.815113] hub 1-0:1.0: USB hub found
[    0.817426] hub 1-0:1.0: 1 port detected
[    0.820467] usbcore: registered new interface driver usb-storage
[    0.822937] mousedev: PS/2 mouse device common for all mice
[    0.826072] bcm2835-wdt bcm2835-wdt: Broadcom BCM2835 watchdog timer
[    0.828727] bcm2835-cpufreq: min=600000 max=1400000
[    0.831544] sdhci: Secure Digital Host Controller Interface driver
[    0.833960] sdhci: Copyright(c) Pierre Ossman
[    0.836770] sdhost-bcm2835 3f202000.mmc: could not get clk, deferring probe
[    0.839458] sdhci-pltfm: SDHCI platform and OF driver helper
[    0.843517] ledtrig-cpu: registered to indicate activity on CPUs
[    0.846210] hidraw: raw HID events driver (C) Jiri Kosina
[    0.848982] usbcore: registered new interface driver usbhid
[    0.851529] usbhid: USB HID core driver
[    0.854852] vchiq: vchiq_init_state: slot_zero = (ptrval), is_master = 0
[    0.859006] [vc_sm_connected_init]: start
[    0.867675] [vc_sm_connected_init]: end - returning 0
[    0.871196] Initializing XFRM netlink socket
[    0.873584] NET: Registered protocol family 17
[    0.876043] Key type dns_resolver registered
[    0.879047] Registering SWP/SWPB emulation handler
[    0.882060] registered taskstats version 1
[    0.884435] Loading compiled-in X.509 certificates
[    0.893464] uart-pl011 3f201000.serial: cts_event_workaround enabled
[    0.895968] 3f201000.serial: ttyAMA0 at MMIO 0x3f201000 (irq = 81, base_baud = 0) is a PL011 rev2
[    1.899682] console [ttyAMA0] enabled
[    1.907776] sdhost: log_buf @ (ptrval) (fad13000)
[    1.963212] mmc0: sdhost-bcm2835 loaded - DMA enabled (>1)
[    1.972406] of_cfs_init
[    1.977253] of_cfs_init: OK
[    1.982824] Waiting for root device PARTUUID=4c999877-02...
[    2.026983] Indeed it is in host mode hprt0 = 00021501
[    2.119029] mmc0: host does not support reading read-only switch, assuming write-enable
[    2.123399] random: fast init done
[    2.138342] mmc0: new high speed SDHC card at address aaaa
[    2.147365] mmcblk0: mmc0:aaaa SL16G 14.8 GiB
[    2.160392]  mmcblk0: p1 p2
[    2.180940] EXT4-fs (mmcblk0p2): mounted filesystem with ordered data mode. Opts: (null)
[    2.193968] VFS: Mounted root (ext4 filesystem) readonly on device 179:2.
[    2.214702] devtmpfs: mounted
[    2.227606] Freeing unused kernel memory: 1024K
[    2.236912] usb 1-1: new high-speed USB device number 2 using dwc_otg
[    2.246299] Run /sbin/init as init process
[    2.246386] Indeed it is in host mode hprt0 = 00001101
[    2.497210] usb 1-1: New USB device found, idVendor=0424, idProduct=2514, bcdDevice= b.b3
[    2.510611] usb 1-1: New USB device strings: Mfr=0, Product=0, SerialNumber=0
[    2.521176] hub 1-1:1.0: USB hub found
[    2.527834] hub 1-1:1.0: 4 ports detected
[    2.846913] usb 1-1.1: new high-speed USB device number 3 using dwc_otg
[    2.889491] systemd[1]: System time before build time, advancing clock.
[    2.962428] systemd[1]: systemd 241 running in system mode. (+PAM +AUDIT +SELINUX +IMA +APPARMOR +SMACK +SYSVINIT +UTMP +LIBCRYPTSETUP +GCRYPT +GNUTLS +ACL +XZ +LZ4 +SECCOMP +B
LKID +ELFUTILS +KMOD -IDN2 +IDN -PCRE2 default-hierarchy=hybrid)
[    2.977260] usb 1-1.1: New USB device found, idVendor=0424, idProduct=2514, bcdDevice= b.b3
[    2.993253] systemd[1]: Detected architecture arm.
[    3.006357] usb 1-1.1: New USB device strings: Mfr=0, Product=0, SerialNumber=0
[    3.017405] hub 1-1.1:1.0: USB hub found
[    3.031454] hub 1-1.1:1.0: 3 ports detected
[    3.059086] systemd[1]: Set hostname to <raspberrypi>.
[    3.219953] uart-pl011 3f201000.serial: no DMA platform data
[    3.696943] usb 1-1.1.1: new high-speed USB device number 4 using dwc_otg
[    3.837451] usb 1-1.1.1: New USB device found, idVendor=0424, idProduct=7800, bcdDevice= 3.00
[    3.851347] usb 1-1.1.1: New USB device strings: Mfr=0, Product=0, SerialNumber=0
[    4.006304] random: systemd: uninitialized urandom read (16 bytes read)
[    4.027310] random: systemd: uninitialized urandom read (16 bytes read)
[    4.037607] systemd[1]: Listening on Journal Socket.
[    4.049104] random: systemd: uninitialized urandom read (16 bytes read)
[    4.074374] systemd[1]: Created slice system-getty.slice.
[    4.086373] systemd[1]: Listening on fsck to fsckd communication Socket.
[    4.109254] systemd[1]: Starting Restore / save the current clock...
[    4.128030] systemd[1]: Mounting POSIX Message Queue File System...
[    4.129216] lan78xx 1-1.1.1:1.0 (unnamed net_device) (uninitialized): No External EEPROM. Setting MAC Speed
[    4.154671] libphy: lan78xx-mdiobus: probed
[    4.174922] systemd[1]: Starting Load Kernel Modules...
[    4.187833] systemd[1]: Started Forward Password Requests to Wall Directory Watch.
[    4.190420] lan78xx 1-1.1.1:1.0 (unnamed net_device) (uninitialized): int urb period 64
[    8.264170] Unable to handle kernel paging request at virtual address ebffff32
[    8.272505] pgd = cbcde8d4
[    8.276179] [ebffff32] *pgd=00000000
[    8.280723] Internal error: Oops: 5 [#1] SMP ARM
[    8.280732] Modules linked in:
[    8.290241] CPU: 1 PID: 290 Comm: dphys-swapfile Not tainted 4.19.118-v7+ #1311
[    8.290247] Hardware name: BCM2835
[    8.290263] PC is at rcu_all_qs+0x38/0x13c
[    8.290273] LR is at _cond_resched+0x30/0x50
[    8.305192] lan78xx 1-1.1.1:1.0 eth0: kevent 4 may have been dropped
[    8.308016] pc : [<801905a0>]    lr : [<8086ef7c>]    psr: 60000013
[    8.327867] sp : b64bfde0  ip : 10c5383d  fp : 00000000
[    8.327872] r10: ebffff32  r9 : 8086ef7c  r8 : 60000010
[    8.327876] r7 : b64a3ee0  r6 : b6497300  r5 : b66135a0  r4 : b84b1b2c
[    8.327878] r3 : 00000000  r2 : 00000000  r1 : 00000002  r0 : b84b1b2c
[    8.327883] Flags: nZCv  IRQs on  FIQs on  Mode SVC_32  ISA ARM  Segment user
[    8.327887] Control: 10c5383d  Table: 367d806a  DAC: 00000055
[    8.327896] Process dphys-swapfile (pid: 290, stack limit = 0xb94983a1)
[    8.327899] Stack: (0xb64bfde0 to 0xb64c0000)
[    8.327905] fde0: b84b1b2c 00000002 00000000 00000000 b84b1b2c b66135a0 b6497300 b64a3ee0
[    8.327911] fe00: b6619d00 b6497300 80da4710 b64bfe4c b64bfe40 7e875868 76e7e75c 8086ef7c
[    8.327916] fe20: 60000010 b84b1b2c b84b1b2c b84b1b2c b64bfe4c b64bfe40 8086ef7c 80190574
[    8.327921] fe40: b64bfe64 b64bfe50 80871638 8086ef58 b84b1b28 00000000 b64bfe8c b64bfe68
[    8.327926] fe60: 802a576c 80871628 00100073 00000002 b8c9ec00 80d04d48 b66135a0 b64ee800
[    8.327931] fe80: b64bff2c b64bfe90 8011ed5c 802a56a0 00000020 8090bc3c 01200011 b64be010
[    8.327937] fea0: b6613730 b6613734 b6613728 b8c9ec3c 00000002 b6613720 b64ee83c b8c9ec00
[    8.327942] fec0: b5cfad00 00000000 b5cfb0c4 00000000 00000000 00000000 00000000 00000000
[    8.327947] fee0: 00000000 b64bfee4 b64bfee4 00000000 00000000 00000000 b87926b4 01c22cd2
[    8.327952] ff00: 0000000 01200011 00000000 00000002 80d04d48 00000000 b64be000 00000000
[    8.327957] ff20: b64bff8c b64bff30 8011fabc 8011ddec 00000000 00000000 ffffffff 80d04d48
[    8.327962] ff40: b64bff5c b64bff50 802f1fac 802f1ed4 b64bff94 b64bff60 802db01c 01c22cd2
[    8.327968] ff60: 00000000 76f70d18 00000000 00000002 00000078 801011c4 b64be000 00000078
[    8.327973] ff80: b64bffa4 b64bff90 8011ff3c 8011f9f0 76f70d18 00000000 00000000 b64bffa8
[    8.327978] ffa0: 80101000 8011ff14 76f70d18 00000000 01200011 00000000 00000000 00000000
[    8.327983] ffc0: 76f70d18 00000000 00000002 00000078 00000000 76f29000 76f71170 00000100
[    8.327988] ffe0: 76f70cb0 7e875868 76e7e75c 76e7e788 60000010 01200011 00000000 00000000
[    8.327998] Code: 089da818 ee1d1f90 e7d11003 e6ef1071 (f57ff05b)
[    8.328004] ---[ end trace e8123bc759023aa5 ]---
[    8.591623] systemd[1]: Started LSB: Load kernel modules needed to enable cpufreq scaling.
[    8.606428] systemd[1]: Started LSB: Switch to ondemand cpu governor (unless shift key is pressed).
[    8.628291] systemd[1]: systemd-journald.service: Service has no hold-off time (RestartSec=0), scheduling restart.
[    8.642325] systemd[1]: systemd-journald.service: Scheduled restart job, restart counter is at 1.
[    8.655010] systemd[1]: Started Avahi mDNS/DNS-SD Stack.
[    8.663747] systemd[1]: Started WPA supplicant.
[    8.672715] systemd[1]: Started Login Service.
[    8.681571] systemd[1]: systemd-journal-flush.service: Succeeded.
[    8.690079] systemd[1]: Stopped Flush Journal to Persistent Storage.
[    8.699481] systemd[1]: Stopping Flush Journal to Persistent Storage...
[    8.758735] systemd-journald[364]: File /run/log/journal/cf639c59c939424fa334ee98c423561c/system.journal corrupted or uncleanly shut down, renaming and replacing.
[    8.836894] Unable to handle kernel paging request at virtual address b9d0c018
[    8.845331] pgd = 13931617
[    8.849184] [b9d0c018] *pgd=39c1141e(bad)
[    8.854340] Internal error: Oops: 8000000d [#2] SMP ARM
[    8.860734] Modules linked in:
[    8.866679] CPU: 1 PID: 0 Comm: swapper/1 Tainted: G      D           4.19.118-v7+ #1311
[    8.880472] Hardware name: BCM2835
[    8.886543] PC is at 0xb9d0c018
[    8.892225] LR is at rcu_process_callbacks+0x2cc/0x674
[    8.899883] pc : [<b9d0c018>]    lr : [<8018f474>]    psr: a0000113
[    8.908665] sp : b9d4de08  ip : b9d4de08  fp : b9d4de7c
[    8.916388] r10: b9d4c008  r9 : 0000000a  r8 : 80d10cc0
[    8.924108] r7 : b9d4de3c  r6 : ba365c20  r5 : 80d107c0  r4 : ba365c00
[    8.933163] r3 : b9d0c018  r2 : 801043e4  r1 : 00000000  r0 : b5c13e74
[    8.942142] Flags: NzCv  IRQs on  FIQs on  Mode SVC_32  ISA ARM  Segment user
[    8.951719] Control: 10c5383d  Table: 38ca006a  DAC: 00000055
[    8.959855] Process swapper/1 (pid: 0, stack limit = 0x88b26016)
[    8.968295] Stack: (0xb9d4de08 to 0xb9d4e000)
[    8.975054] de00:                   00000001 80d04d48 ba365400 00000001 80d107c0 80d9e344
[    8.988042] de20: 80d04d48 80d04d70 80d8fb75 80c913f0 00000001 80d04e10 80102374 801043e4
[    9.001168] de40: b7d279c0 ffffffff 00000000 01c22cd2 0000001c 80d030a4 00000009 b9d4c000
[    9.014772] de60: 00000100 b9c33000 00000024 00000002 b9d4dee4 b9d4de80 80102410 8018f1b4
[    9.028382] de80: 801ac94c b9c02dc0 00000001 00200042 80d03d00 ffff8e45 0000000a 80c94fc0
[    9.042265] dea0: 80d90098 80d04d70 80c8d308 80d03080 b9d4de80 00000002 80185b8c 80c94fa8
[    9.056440] dec0: 00000000 00000000 00000001 b9c33000 b9d4c000 00000000 b9d4def4 b9d4dee8
[    9.070838] dee0: 80126e18 8010228c b9d4df1c b9d4def8 801803c0 80126d28 b9d4df38 00000001
[    9.085567] df00: 40000013 ffffffff b9d4df6c 80d8fb3e b9d4df34 b9d4df20 801021b4 8018035c
[    9.100434] df20: 00000000 80109ae8 b9d4df94 b9d4df38 801019bc 80102160 80109ae4 00000000
[    9.115471] df40: 40000093 40000093 80d04d70 b9d4c000 80d04db8 00000002 80d8fb3e 410fd034
[    9.130624] df60: 00000000 b9d4df94 80d0517c b9d4df88 00000000 80109ae8 40000013 ffffffff
[    9.145803] df80: 80109ae4 00000000 b9d4dfa4 b9d4df98 80873e74 80109ac0 b9d4dfcc b9d4dfa8
[    9.160990] dfa0: 80152eb8 80873e4c 01c22cd2 00000087 00000001 10c0387d 80da45b8 0000406a
[    9.176184] dfc0: b9d4dfdc b9d4dfd0 801531f8 80152dd8 b9d4dff4 b9d4dfe0 8010fee4 801531dc
[    9.191375] dfe0: 39d3806a 00000055 00000000 b9d4dff8 0010270c 8010fdbc 00000000 00000000
[    9.206589] [<8018f474>] (rcu_process_callbacks) from [<80102410>] (__do_softirq+0x190/0x3f0)
[    9.222160] [<80102410>] (__do_softirq) from [<80126e18>] (irq_exit+0xfc/0x120)
[    9.233079] [<80126e18>] (irq_exit) from [<801803c0>] (__handle_domain_irq+0x70/0xc4)
[    9.247882] [<801803c0>] (__handle_domain_irq) from [<801021b4>] (bcm2836_arm_irqchip_handle_irq+0x60/0xa4)
[    9.264654] [<801021b4>] (bcm2836_arm_irqchip_handle_irq) from [<801019bc>] (__irq_svc+0x5c/0x7c)
[    9.280554] Exception stack(0xb9d4df38 to 0xb9d4df80)
[    9.289090] df20:                                                       80109ae4 00000000
[    9.303977] df40: 40000093 40000093 80d04d70 b9d4c000 80d04db8 00000002 80d8fb3e 410fd034
[    9.318752] df60: 00000000 b9d4df94 80d0517c b9d4df88 00000000 80109ae8 40000013 ffffffff
[    9.333537] [<801019bc>] (__irq_svc) from [<80109ae8>] (arch_cpu_idle+0x34/0x4c)
[    9.347531] [<80109ae8>] (arch_cpu_idle) from [<80873e74>] (default_idle_call+0x34/0x48)
[    9.362229] [<80873e74>] (default_idle_call) from [<80152eb8>] (do_idle+0xec/0x16c)
[    9.376487] [<80152eb8>] (do_idle) from [<801531f8>] (cpu_startup_entry+0x28/0x2c)
[    9.390695] [<801531f8>] (cpu_startup_entry) from [<8010fee4>] (secondary_start_kernel+0x134/0x140)
[    9.406439] [<8010fee4>] (secondary_start_kernel) from [<0010270c>] (0x10270c)
[    9.417076] Code: 7f000000 b9d18000 00000001 00000000 (b9d43c00)
[    9.426534] ---[ end trace e8123bc759023aa6 ]---
[    9.434429] Kernel panic - not syncing: Fatal exception in interrupt
[    9.444128] CPU0: stopping
[    9.450091] CPU: 0 PID: 0 Comm: swapper/0 Tainted: G      D           4.19.118-v7+ #1311
[    9.464772] Hardware name: BCM2835
[    9.471364] [<801120c8>] (unwind_backtrace) from [<8010d5fc>] (show_stack+0x20/0x24)
[    9.485470] [<8010d5fc>] (show_stack) from [<80856da8>] (dump_stack+0xe0/0x124)
[    9.496057] [<80856da8>] (dump_stack) from [<801104e0>] (handle_IPI+0x388/0x3a8)
[    9.509674] [<801104e0>] (handle_IPI) from [<801021f4>] (bcm2836_arm_irqchip_handle_irq+0xa0/0xa4)
[    9.524876] [<801021f4>] (bcm2836_arm_irqchip_handle_irq) from [<801019bc>] (__irq_svc+0x5c/0x7c)
[    9.539984] Exception stack(0x80d01ee8 to 0x80d01f30)
[    9.548129] 1ee0:                   80109ae4 00000000 40000093 40000093 80d04d70 80d00000
[    9.562362] 1f00: 80d04db8 00000001 80d8fb3e babff880 80c64a38 80d01f44 80d0517c 80d01f38
[    9.576563] 1f20: 00000000 80109ae8 40000013 ffffffff
[    9.584663] [<801019bc>] (__irq_svc) from [<80109ae8>] (arch_cpu_idle+0x34/0x4c)
[    9.598156] [<80109ae8>] (arch_cpu_idle) from [<80873e74>] (default_idle_call+0x34/0x48)
[    9.612532] [<80873e74>] (default_idle_call) from [<80152eb8>] (do_idle+0xec/0x16c)
[    9.626699] [<80152eb8>] (do_idle) from [<801531f8>] (cpu_startup_entry+0x28/0x2c)
[    9.640785] [<801531f8>] (cpu_startup_entry) from [<8086d524>] (rest_init+0xbc/0xc0)
[    9.655201] [<8086d524>] (rest_init) from [<80c00fb0>] (start_kernel+0x484/0x4b4)
[    9.669359] CPU2: stopping
[    9.675279] CPU: 2 PID: 0 Comm: swapper/2 Tainted: G      D           4.19.118-v7+ #1311
[    9.689725] Hardware name: BCM2835
[    9.696239] [<801120c8>] (unwind_backtrace) from [<8010d5fc>] (show_stack+0x20/0x24)
[    9.710257] [<8010d5fc>] (show_stack) from [<80856da8>] (dump_stack+0xe0/0x124)
[    9.720803] [<80856da8>] (dump_stack) from [<801104e0>] (handle_IPI+0x388/0x3a8)
[    9.734455] [<801104e0>] (handle_IPI) from [<801021f4>] (bcm2836_arm_irqchip_handle_irq+0xa0/0xa4)
[    9.749723] [<801021f4>] (bcm2836_arm_irqchip_handle_irq) from [<801019bc>] (__irq_svc+0x5c/0x7c)
[    9.764905] Exception stack(0xb9d4ff38 to 0xb9d4ff80)
[    9.773080] ff20:                                                       80109ae4 00000000
[    9.787240] ff40: 40000093 40000093 80d04d70 b9d4e000 80d04db8 00000004 80d8fb3e 410fd034
[    9.801284] ff60: 00000000 b9d4ff94 80d0517c b9d4ff88 00000000 80109ae8 40000013 ffffffff
[    9.815324] [<801019bc>] (__irq_svc) from [<80109ae8>] (arch_cpu_idle+0x34/0x4c)
[    9.828840] [<80109ae8>] (arch_cpu_idle) from [<80873e74>] (default_idle_call+0x34/0x48)
[    9.843267] [<80873e74>] (default_idle_call) from [<80152eb8>] (do_idle+0xec/0x16c)
[    9.857369] [<80152eb8>] (do_idle) from [<801531f8>] (cpu_startup_entry+0x28/0x2c)
[    9.871455] [<801531f8>] (cpu_startup_entry) from [<8010fee4>] (secondary_start_kernel+0x134/0x140)
[    9.887141] [<8010fee4>] (secondary_start_kernel) from [<0010270c>] (0x10270c)
[    9.897750] CPU3: stopping
[    9.903722] CPU: 3 PID: 0 Comm: swapper/3 Tainted: G      D           4.19.118-v7+ #1311
[    9.918281] Hardware name: BCM2835
[    9.924890] [<801120c8>] (unwind_backtrace) from [<8010d5fc>] (show_stack+0x20/0x24)
[    9.939236] [<8010d5fc>] (show_stack) from [<80856da8>] (dump_stack+0xe0/0x124)
[    9.949945] [<80856da8>] (dump_stack) from [<801104e0>] (handle_IPI+0x388/0x3a8)
[    9.963793] [<801104e0>] (handle_IPI) from [<801021f4>] (bcm2836_arm_irqchip_handle_irq+0xa0/0xa4)
[    9.979235] [<801021f4>] (bcm2836_arm_irqchip_handle_irq) from [<801019bc>] (__irq_svc+0x5c/0x7c)
[    9.994606] Exception stack(0xb9d51f38 to 0xb9d51f80)
[   10.002875] 1f20:                                                       80109ae4 00000000
[   10.017228] 1f40: 40000093 40000093 80d04d70 b9d50000 80d04db8 00000008 80d8fb3e 410fd034
[   10.031464] 1f60: 00000000 b9d51f94 80d0517c b9d51f88 00000000 80109ae8 40000013 ffffffff
[   10.045690] [<801019bc>] (__irq_svc) from [<80109ae8>] (arch_cpu_idle+0x34/0x4c)
[   10.059206] [<80109ae8>] (arch_cpu_idle) from [<80873e74>] (default_idle_call+0x34/0x48)
[   10.073635] [<80873e74>] (default_idle_call) from [<80152eb8>] (do_idle+0xec/0x16c)
[   10.087751] [<80152eb8>] (do_idle) from [<801531f8>] (cpu_startup_entry+0x28/0x2c)
[   10.101856] [<801531f8>] (cpu_startup_entry) from [<8010fee4>] (secondary_start_kernel+0x134/0x140)
[   10.117562] [<8010fee4>] (secondary_start_kernel) from [<0010270c>] (0x10270c)
[   10.128192] ---[ end Kernel panic - not syncing: Fatal exception in interrupt ]---
