[    0.000000] Booting Linux on physical CPU 0x0
[    0.000000] Linux version 4.19.118-v7+ (dom@buildbot) (gcc version 4.9.3 (crosstool-NG crosstool-ng-1.22.0-88-g8460611)) #1311 SMP Mon Apr 27 14:21:24 BST 2020
[    0.000000] CPU: ARMv7 Processor [410fd034] revision 4 (ARMv7), cr=10c5383d
[    0.000000] CPU: div instructions available: patching division code
[    0.000000] CPU: PIPT / VIPT nonaliasing data cache, VIPT aliasing instruction cache
[    0.000000] OF: fdt: Machine model: Raspberry Pi 3 Model B Plus Rev 1.3
[    0.000000] Memory policy: Data cache writealloc
[    0.000000] cma: Reserved 8 MiB at 0x3ac00000
[    0.000000] random: get_random_bytes called from start_kernel+0xac/0x4b4 with crng_init=0
[    0.000000] percpu: Embedded 16 pages/cpu s36864 r8192 d20480 u65536
[    0.000000] Built 1 zonelists, mobility grouping on.  Total pages: 240555
[    0.000000] Kernel command line: coherent_pool=1M 8250.nr_uarts=1 snd_bcm2835.enable_compat_alsa=0 snd_bcm2835.enable_hdmi=1 snd_bcm2835.enable_headphones=1 bcm2708_fb.fbwidth=
656 bcm2708_fb.fbheight=416 bcm2708_fb.fbswap=1 vc_mem.mem_base=0x3ec00000 vc_mem.mem_size=0x40000000  dwc_otg.lpm_enable=0 console=ttyAMA0,115200 console=tty1 root=PARTUUID=4c999
877-02 rootfstype=ext4 elevator=deadline fsck.repair=yes rootwait
[    0.000000] Dentry cache hash table entries: 131072 (order: 7, 524288 bytes)
[    0.000000] Inode-cache hash table entries: 65536 (order: 6, 262144 bytes)
[    0.000000] Memory: 939064K/970752K available (8192K kernel code, 656K rwdata, 2232K rodata, 1024K init, 831K bss, 23496K reserved, 8192K cma-reserved)
[    0.000000] Virtual kernel memory layout:
[    0.000000]     vector  : 0xffff0000 - 0xffff1000   (   4 kB)
[    0.000000]     fixmap  : 0xffc00000 - 0xfff00000   (3072 kB)
[    0.000000]     vmalloc : 0xbb800000 - 0xff800000   (1088 MB)
[    0.000000]     lowmem  : 0x80000000 - 0xbb400000   ( 948 MB)
[    0.000000]     modules : 0x7f000000 - 0x80000000   (  16 MB)
[    0.000000]       .text : 0x(ptrval) - 0x(ptrval)   (9184 kB)
[    0.000000]       .init : 0x(ptrval) - 0x(ptrval)   (1024 kB)
[    0.000000]       .data : 0x(ptrval) - 0x(ptrval)   ( 657 kB)
[    0.000000]        .bss : 0x(ptrval) - 0x(ptrval)   ( 832 kB)
[    0.000000] SLUB: HWalign=64, Order=0-3, MinObjects=0, CPUs=4, Nodes=1
[    0.000000] ftrace: allocating 27093 entries in 80 pages
[    0.000000] rcu: Hierarchical RCU implementation.
[    0.000000] NR_IRQS: 16, nr_irqs: 16, preallocated irqs: 16
[    0.000000] arch_timer: cp15 timer(s) running at 19.20MHz (phys).
[    0.000000] clocksource: arch_sys_counter: mask: 0xffffffffffffff max_cycles: 0x46d987e47, max_idle_ns: 440795202767 ns
[    0.000007] sched_clock: 56 bits at 19MHz, resolution 52ns, wraps every 4398046511078ns
[    0.000023] Switching to timer-based delay loop, resolution 52ns
[    0.000277] Console: colour dummy device 80x30
[    0.000914] console [tty1] enabled
[    0.000973] Calibrating delay loop (skipped), value calculated using timer frequency.. 38.40 BogoMIPS (lpj=192000)
[    0.001017] pid_max: default: 32768 minimum: 301
[    0.001382] Mount-cache hash table entries: 2048 (order: 1, 8192 bytes)
[    0.001419] Mountpoint-cache hash table entries: 2048 (order: 1, 8192 bytes)
[    0.002376] CPU: Testing write buffer coherency: ok
[    0.002859] CPU0: thread -1, cpu 0, socket 0, mpidr 80000000
[    0.003543] Setting up static identity map for 0x100000 - 0x10003c
[    0.003714] rcu: Hierarchical SRCU implementation.
[    0.004542] smp: Bringing up secondary CPUs ...
[    0.005455] CPU1: thread -1, cpu 1, socket 0, mpidr 80000001
[    0.006436] CPU2: thread -1, cpu 2, socket 0, mpidr 80000002
[    0.007357] CPU3: thread -1, cpu 3, socket 0, mpidr 80000003
[    0.007471] smp: Brought up 1 node, 4 CPUs
[    0.007552] SMP: Total of 4 processors activated (153.60 BogoMIPS).
[    0.007576] CPU: All CPU(s) started in HYP mode.
[    0.007597] CPU: Virtualization extensions available.
[    0.008595] devtmpfs: initialized
[    0.022054] VFP support v0.3: implementor 41 architecture 3 part 40 variant 3 rev 4
[    0.022328] clocksource: jiffies: mask: 0xffffffff max_cycles: 0xffffffff, max_idle_ns: 19112604462750000 ns
[    0.022378] futex hash table entries: 1024 (order: 4, 65536 bytes)
[    0.022988] pinctrl core: initialized pinctrl subsystem
[    0.023854] NET: Registered protocol family 16
[    0.027121] DMA: preallocated 1024 KiB pool for atomic coherent allocations
[    0.033032] hw-breakpoint: found 5 (+1 reserved) breakpoint and 4 watchpoint registers.
[    0.033068] hw-breakpoint: maximum watchpoint size is 8 bytes.
[    0.033285] Serial: AMBA PL011 UART driver
[    0.035632] bcm2835-mbox 3f00b880.mailbox: mailbox enabled
[    0.050030] raspberrypi-firmware soc:firmware: Attached to firmware from 2020-04-15 11:43, variant start
[    0.060042] raspberrypi-firmware soc:firmware: Firmware hash is 82f9bb929ce2186eb1824178c1ae82902ad6275c
[    0.103070] bcm2835-dma 3f007000.dma: DMA legacy API manager at (ptrval), dmachans=0x1
[    0.104724] SCSI subsystem initialized
[    0.104970] usbcore: registered new interface driver usbfs
[    0.105051] usbcore: registered new interface driver hub
[    0.105165] usbcore: registered new device driver usb
[    0.106890] clocksource: Switched to clocksource arch_sys_counter
[    0.197480] VFS: Disk quotas dquot_6.6.0
[    0.197590] VFS: Dquot-cache hash table entries: 1024 (order 0, 4096 bytes)
[    0.197760] FS-Cache: Loaded
[    0.197988] CacheFiles: Loaded
[    0.208009] NET: Registered protocol family 2
[    0.208873] tcp_listen_portaddr_hash hash table entries: 512 (order: 0, 6144 bytes)
[    0.208938] TCP established hash table entries: 8192 (order: 3, 32768 bytes)
[    0.209068] TCP bind hash table entries: 8192 (order: 4, 65536 bytes)
[    0.209272] TCP: Hash tables configured (established 8192 bind 8192)
[    0.209434] UDP hash table entries: 512 (order: 2, 16384 bytes)
[    0.209505] UDP-Lite hash table entries: 512 (order: 2, 16384 bytes)
[    0.209765] NET: Registered protocol family 1
[    0.210352] RPC: Registered named UNIX socket transport module.
[    0.210379] RPC: Registered udp transport module.
[    0.210401] RPC: Registered tcp transport module.
[    0.210422] RPC: Registered tcp NFSv4.1 backchannel transport module.
[    0.212273] hw perfevents: enabled with armv7_cortex_a7 PMU driver, 7 counters available
[    0.215386] Initialise system trusted keyrings
[    0.215597] workingset: timestamp_bits=14 max_order=18 bucket_order=4
[    0.225558] FS-Cache: Netfs 'nfs' registered for caching
[    0.226138] NFS: Registering the id_resolver key type
[    0.226191] Key type id_resolver registered
[    0.226213] Key type id_legacy registered
[    0.226245] nfs4filelayout_init: NFSv4 File Layout Driver Registering...
[    0.231693] Key type asymmetric registered
[    0.231729] Asymmetric key parser 'x509' registered
[    0.231802] Block layer SCSI generic (bsg) driver version 0.4 loaded (major 250)
[    0.231993] io scheduler noop registered
[    0.232017] io scheduler deadline registered (default)
[    0.232234] io scheduler cfq registered
[    0.232258] io scheduler mq-deadline registered (default)
[    0.232282] io scheduler kyber registered
[    0.234505] bcm2708_fb soc:fb: FB found 1 display(s)
[    0.243858] Console: switching to colour frame buffer device 82x26
[    0.250716] bcm2708_fb soc:fb: Registered framebuffer for display 0, size 656x416
[    0.256351] Serial: 8250/16550 driver, 1 ports, IRQ sharing enabled
[    0.260192] bcm2835-rng 3f104000.rng: hwrng registered
[    0.262875] vc-mem: phys_addr:0x00000000 mem_base=0x3ec00000 mem_size:0x40000000(1024 MiB)
[    0.268278] vc-sm: Videocore shared memory driver
[    0.271095] gpiomem-bcm2835 3f200000.gpiomem: Initialised: Registers at 0x3f200000
[    0.287034] brd: module loaded
[    0.299803] loop: module loaded
[    0.302910] Loading iSCSI transport class v2.0-870.
[    0.306080] libphy: Fixed MDIO Bus: probed
[    0.308617] usbcore: registered new interface driver lan78xx
[    0.311140] usbcore: registered new interface driver smsc95xx
[    0.313578] dwc_otg: version 3.00a 10-AUG-2012 (platform bus)
[    0.343892] dwc_otg 3f980000.usb: base=(ptrval)
[    0.546601] Core Release: 2.80a
[    0.549089] Setting default values for core params
[    0.551595] Finished setting default values for core params
[    0.754370] Using Buffer DMA mode
[    0.756774] Periodic Transfer Interrupt Enhancement - disabled
[    0.759208] Multiprocessor Interrupt Enhancement - disabled
[    0.761596] OTG VER PARAM: 0, OTG VER FLAG: 0
[    0.763944] Dedicated Tx FIFOs mode
[    0.766662] WARN::dwc_otg_hcd_init:1074: FIQ DMA bounce buffers: virt = bad14000 dma = 0xfad14000 len=9024
[    0.771279] FIQ FSM acceleration enabled for :
[    0.771279] Non-periodic Split Transactions
[    0.771279] Periodic Split Transactions
[    0.771279] High-Speed Isochronous Endpoints
[    0.771279] Interrupt/Control Split Transaction hack enabled
[    0.782263] WARN::hcd_init_fiq:457: FIQ on core 1
[    0.784494] WARN::hcd_init_fiq:458: FIQ ASM at 8068fda0 length 36
[    0.786709] WARN::hcd_init_fiq:497: MPHI regs_base at bb810000
[    0.788970] dwc_otg 3f980000.usb: DWC OTG Controller
[    0.791245] dwc_otg 3f980000.usb: new USB bus registered, assigned bus number 1
[    0.793573] dwc_otg 3f980000.usb: irq 56, io mem 0x00000000
[    0.795879] Init: Port Power? op_state=1
[    0.798142] Init: Power Port (0)
[    0.800562] usb usb1: New USB device found, idVendor=1d6b, idProduct=0002, bcdDevice= 4.19
[    0.805070] usb usb1: New USB device strings: Mfr=3, Product=2, SerialNumber=1
[    0.807506] usb usb1: Product: DWC OTG Controller
[    0.809875] usb usb1: Manufacturer: Linux 4.19.118-v7+ dwc_otg_hcd
[    0.812300] usb usb1: SerialNumber: 3f980000.usb
[    0.815260] hub 1-0:1.0: USB hub found
[    0.817567] hub 1-0:1.0: 1 port detected
[    0.820609] usbcore: registered new interface driver usb-storage
[    0.823074] mousedev: PS/2 mouse device common for all mice
[    0.826210] bcm2835-wdt bcm2835-wdt: Broadcom BCM2835 watchdog timer
[    0.828867] bcm2835-cpufreq: min=600000 max=1400000
[    0.831689] sdhci: Secure Digital Host Controller Interface driver
[    0.834107] sdhci: Copyright(c) Pierre Ossman
[    0.836949] sdhost-bcm2835 3f202000.mmc: could not get clk, deferring probe
[    0.839616] sdhci-pltfm: SDHCI platform and OF driver helper
[    0.843668] ledtrig-cpu: registered to indicate activity on CPUs
[    0.846364] hidraw: raw HID events driver (C) Jiri Kosina
[    0.849136] usbcore: registered new interface driver usbhid
[    0.851682] usbhid: USB HID core driver
[    0.854997] vchiq: vchiq_init_state: slot_zero = (ptrval), is_master = 0
[    0.859126] [vc_sm_connected_init]: start
[    0.868843] [vc_sm_connected_init]: end - returning 0
[    0.872368] Initializing XFRM netlink socket
[    0.874756] NET: Registered protocol family 17
[    0.877253] Key type dns_resolver registered
[    0.880228] Registering SWP/SWPB emulation handler
[    0.883243] registered taskstats version 1
[    0.885627] Loading compiled-in X.509 certificates
[    0.894652] uart-pl011 3f201000.serial: cts_event_workaround enabled
[    0.897223] 3f201000.serial: ttyAMA0 at MMIO 0x3f201000 (irq = 81, base_baud = 0) is a PL011 rev2
[    1.900880] console [ttyAMA0] enabled
[    1.908935] sdhost: log_buf @ (ptrval) (fad13000)
[    1.964350] mmc0: sdhost-bcm2835 loaded - DMA enabled (>1)
[    1.973538] of_cfs_init
[    1.978392] of_cfs_init: OK
[    1.983966] Waiting for root device PARTUUID=4c999877-02...
[    2.017008] Indeed it is in host mode hprt0 = 00021501
[    2.112062] random: fast init done
[    2.122918] mmc0: host does not support reading read-only switch, assuming write-enable
[    2.142268] mmc0: new high speed SDHC card at address aaaa
[    2.151314] mmcblk0: mmc0:aaaa SL16G 14.8 GiB
[    2.164481]  mmcblk0: p1 p2
[    2.210900] EXT4-fs (mmcblk0p2): mounted filesystem with ordered data mode. Opts: (null)
[    2.224007] VFS: Mounted root (ext4 filesystem) readonly on device 179:2.
[    2.226929] usb 1-1: new high-speed USB device number 2 using dwc_otg
[    2.242658] Indeed it is in host mode hprt0 = 00001101
[    2.244829] devtmpfs: mounted
[    2.312265] Freeing unused kernel memory: 1024K
[    2.319743] Run /sbin/init as init process
[    2.487226] usb 1-1: New USB device found, idVendor=0424, idProduct=2514, bcdDevice= b.b3
[    2.500614] usb 1-1: New USB device strings: Mfr=0, Product=0, SerialNumber=0
[    2.511154] hub 1-1:1.0: USB hub found
[    2.517797] hub 1-1:1.0: 4 ports detected
[    2.836946] usb 1-1.1: new high-speed USB device number 3 using dwc_otg
[    2.963099] systemd[1]: System time before build time, advancing clock.
[    2.967253] usb 1-1.1: New USB device found, idVendor=0424, idProduct=2514, bcdDevice= b.b3
[    2.986427] usb 1-1.1: New USB device strings: Mfr=0, Product=0, SerialNumber=0
[    2.997193] hub 1-1.1:1.0: USB hub found
[    3.004034] hub 1-1.1:1.0: 3 ports detected
[    3.059947] systemd[1]: systemd 241 running in system mode. (+PAM +AUDIT +SELINUX +IMA +APPARMOR +SMACK +SYSVINIT +UTMP +LIBCRYPTSETUP +GCRYPT +GNUTLS +ACL +XZ +LZ4 +SECCOMP +B
LKID +ELFUTILS +KMOD -IDN2 +IDN -PCRE2 default-hierarchy=hybrid)
[    3.091040] systemd[1]: Detected architecture arm.
[    3.119740] systemd[1]: Set hostname to <raspberrypi>.
[    3.341261] uart-pl011 3f201000.serial: no DMA platform data
[    3.666949] usb 1-1.1.1: new high-speed USB device number 4 using dwc_otg
[    3.797382] usb 1-1.1.1: New USB device found, idVendor=0424, idProduct=7800, bcdDevice= 3.00
[    3.811461] usb 1-1.1.1: New USB device strings: Mfr=0, Product=0, SerialNumber=0
[    4.089697] lan78xx 1-1.1.1:1.0 (unnamed net_device) (uninitialized): No External EEPROM. Setting MAC Speed
[    4.089738] random: systemd: uninitialized urandom read (16 bytes read)
[    4.106445] libphy: lan78xx-mdiobus: probed
[    4.126711] random: systemd: uninitialized urandom read (16 bytes read)
[    4.142333] systemd[1]: Created slice system-serial\x2dgetty.slice.
[    4.150239] lan78xx 1-1.1.1:1.0 (unnamed net_device) (uninitialized): int urb period 64
[    4.169681] random: systemd: uninitialized urandom read (16 bytes read)
[    4.180166] systemd[1]: Listening on Journal Socket.
[    4.192294] systemd[1]: Started Forward Password Requests to Wall Directory Watch.
[    4.211479] systemd[1]: Created slice system-systemd\x2dfsck.slice.
[    4.230155] systemd[1]: Mounting POSIX Message Queue File System...
[    4.244389] systemd[1]: Listening on initctl Compatibility Named Pipe.
[    4.271720] systemd[1]: Condition check resulted in Journal Audit Socket being skipped.
[    8.319308] Internal error: Oops - undefined instruction: 0 [#1] SMP ARM
[    8.327201] Modules linked in:
[    8.331230] CPU: 1 PID: 344 Comm: grep Not tainted 4.19.118-v7+ #1311
[    8.338659] Hardware name: BCM2835
[    8.343073] PC is at copy_page+0x60/0x80
[    8.347971] LR is at   (null)
[    8.351877] pc : [<80853500>]    lr : [<00000000>]    psr: 20000113
[    8.359129] sp : b5457d78  ip : 00000000  fp : b5457d8c
[    8.365331] r10: b736c400  r9 : b97c6800  r8 : b6755cc0
[    8.371515] r7 : 80d04d48  r6 : bab16958  r5 : ba3bcc20  r4 : 00000000
[    8.379018] r3 : 00000000  r2 : 0000001b  r1 : 80cc8210  r0 : b5126200
[    8.386527] Flags: nzCv  IRQs on  FIQs on  Mode SVC_32  ISA ARM  Segment user
[    8.394665] Control: 10c5383d  Table: 3557c06a  DAC: 00000055
[    8.401427] Process grep (pid: 344, stack limit = 0x44addddb)
[    8.408187] Stack: (0xb5457d78 to 0xb5458000)
[    8.413548] 7d60:                                                       b5457e34 8011b16c
[    8.423726] 7d80: b5457de4 b5457d90 802969e4 8011b0b8 b5457dbc 00000001 00000000 b900cb48
[    8.433980] 7da0: ba3bcbfc 00000021 80d04d48 8025b81c b5457e1c 01c22cd2 8025b81c b5457e34
[    8.444346] 7dc0: 80d04d48 b6755cc0 00000055 00000040 b97c6800 00000800 b5457e1c b5457de8
[    8.454759] 7de0: 8029979c 80296950 b97c6800 00000800 b5457e1c 01c22cd2 b6755cc0 00000020
[    8.465259] 7e00: 80d04d48 00000055 00000040 b97c6800 b5457e9c b5457e20 8029af40 802996e0
[    8.475910] 7e20: b7c78b00 b736c400 8120f8e2 8033322c 80d0517c b6755cc0 00000055 006200ca
[    8.486668] 7e40: 00000020 76f49000 b557ddb8 b557ddb8 00cc879f 00000000 00000000 ba3bcc20
[    8.497554] 7e60: b7280524 bab61a14 00000000 01c22cd2 b5457e9c b5457fb0 b5588f00 76f49f50
[    8.508487] 7e80: b736c400 0000080f b736c43c 00000800 b5457ef4 b5457ea0 80874a7c 8029aa18
[    8.519509] 7ea0: b727f900 80d04d48 b736c4b0 b5457e60 00000034 00000000 0000000d 00000000
[    8.530656] 7ec0: 00000100 00000055 00000000 80d0a6c4 80d04d48 0000080f 80874738 76f49f50
[    8.541834] 7ee0: b5457fb0 00030534 b5457fac b5457ef8 801167fc 80874744 00000000 00000158
[    8.553026] 7f00: b5588f00 b9de4000 b5457f2c b5457f18 802e1438 802bb514 00000000 80d04d48
[    8.564218] 7f20: b5457f74 b5457f30 802d9164 802e13d0 01ab98ac b736c43c 00000158 b7c78b00
[    8.575397] 7f40: 00000000 01c22cd2 802e1494 01ab9894 01abfce0 0002334c 0000000b 801011c4
[    8.586589] 7f60: b5456000 80101c9c 20000010 ffffffff 10c5383d 10c5387d 00000000 00030534
