[    0.000000] Booting Linux on physical CPU 0x0
[    0.000000] Linux version 4.19.118-v7+ (dom@buildbot) (gcc version 4.9.3 (crosstool-NG crosstool-ng-1.22.0-88-g8460611)) #1311 SMP Mon Apr 27 14:21:24 BST 2020
[    0.000000] CPU: ARMv7 Processor [410fd034] revision 4 (ARMv7), cr=10c5383d
[    0.000000] CPU: div instructions available: patching division code
[    0.000000] CPU: PIPT / VIPT nonaliasing data cache, VIPT aliasing instruction cache
[    0.000000] OF: fdt: Machine model: Raspberry Pi 3 Model B Plus Rev 1.3
[    0.000000] Memory policy: Data cache writealloc
[    0.000000] cma: Reserved 8 MiB at 0x3ac00000
[    0.000000] random: get_random_bytes called from start_kernel+0xac/0x4b4 with crng_init=0
[    0.000000] percpu: Embedded 16 pages/cpu s36864 r8192 d20480 u65536
[    0.000000] Built 1 zonelists, mobility grouping on.  Total pages: 240555
[    0.000000] Kernel command line: coherent_pool=1M 8250.nr_uarts=1 snd_bcm2835.enable_compat_alsa=0 snd_bcm2835.enable_hdmi=1 snd_bcm2835.enable_headphones=1 bcm2708_fb.fbwidth=
656 bcm2708_fb.fbheight=416 bcm2708_fb.fbswap=1 vc_mem.mem_base=0x3ec00000 vc_mem.mem_size=0x40000000  dwc_otg.lpm_enable=0 console=ttyAMA0,115200 console=tty1 root=PARTUUID=4c999
877-02 rootfstype=ext4 elevator=deadline fsck.repair=yes rootwait
[    0.000000] Dentry cache hash table entries: 131072 (order: 7, 524288 bytes)
[    0.000000] Inode-cache hash table entries: 65536 (order: 6, 262144 bytes)
[    0.000000] Memory: 939064K/970752K available (8192K kernel code, 656K rwdata, 2232K rodata, 1024K init, 831K bss, 23496K reserved, 8192K cma-reserved)
[    0.000000] Virtual kernel memory layout:
[    0.000000]     vector  : 0xffff0000 - 0xffff1000   (   4 kB)
[    0.000000]     fixmap  : 0xffc00000 - 0xfff00000   (3072 kB)
[    0.000000]     vmalloc : 0xbb800000 - 0xff800000   (1088 MB)
[    0.000000]     lowmem  : 0x80000000 - 0xbb400000   ( 948 MB)
[    0.000000]     modules : 0x7f000000 - 0x80000000   (  16 MB)
[    0.000000]       .text : 0x(ptrval) - 0x(ptrval)   (9184 kB)
[    0.000000]       .init : 0x(ptrval) - 0x(ptrval)   (1024 kB)
[    0.000000]       .data : 0x(ptrval) - 0x(ptrval)   ( 657 kB)
[    0.000000]        .bss : 0x(ptrval) - 0x(ptrval)   ( 832 kB)
[    0.000000] SLUB: HWalign=64, Order=0-3, MinObjects=0, CPUs=4, Nodes=1
[    0.000000] ftrace: allocating 27093 entries in 80 pages
[    0.000000] rcu: Hierarchical RCU implementation.
[    0.000000] NR_IRQS: 16, nr_irqs: 16, preallocated irqs: 16
[    0.000000] arch_timer: cp15 timer(s) running at 19.20MHz (phys).
[    0.000000] clocksource: arch_sys_counter: mask: 0xffffffffffffff max_cycles: 0x46d987e47, max_idle_ns: 440795202767 ns
[    0.000007] sched_clock: 56 bits at 19MHz, resolution 52ns, wraps every 4398046511078ns
[    0.000023] Switching to timer-based delay loop, resolution 52ns
[    0.000276] Console: colour dummy device 80x30
[    0.000912] console [tty1] enabled
[    0.000970] Calibrating delay loop (skipped), value calculated using timer frequency.. 38.40 BogoMIPS (lpj=192000)
[    0.001013] pid_max: default: 32768 minimum: 301
[    0.001380] Mount-cache hash table entries: 2048 (order: 1, 8192 bytes)
[    0.001415] Mountpoint-cache hash table entries: 2048 (order: 1, 8192 bytes)
[    0.002368] CPU: Testing write buffer coherency: ok
[    0.002851] CPU0: thread -1, cpu 0, socket 0, mpidr 80000000
[    0.003533] Setting up static identity map for 0x100000 - 0x10003c
[    0.003703] rcu: Hierarchical SRCU implementation.
[    0.004533] smp: Bringing up secondary CPUs ...
[    0.005444] CPU1: thread -1, cpu 1, socket 0, mpidr 80000001
[    0.006419] CPU2: thread -1, cpu 2, socket 0, mpidr 80000002
[    0.007337] CPU3: thread -1, cpu 3, socket 0, mpidr 80000003
[    0.007451] smp: Brought up 1 node, 4 CPUs
[    0.007532] SMP: Total of 4 processors activated (153.60 BogoMIPS).
[    0.007556] CPU: All CPU(s) started in HYP mode.
[    0.007576] CPU: Virtualization extensions available.
[    0.008570] devtmpfs: initialized
[    0.022029] VFP support v0.3: implementor 41 architecture 3 part 40 variant 3 rev 4
[    0.022305] clocksource: jiffies: mask: 0xffffffff max_cycles: 0xffffffff, max_idle_ns: 19112604462750000 ns
[    0.022355] futex hash table entries: 1024 (order: 4, 65536 bytes)
[    0.022966] pinctrl core: initialized pinctrl subsystem
[    0.023833] NET: Registered protocol family 16
[    0.027109] DMA: preallocated 1024 KiB pool for atomic coherent allocations
[    0.033025] hw-breakpoint: found 5 (+1 reserved) breakpoint and 4 watchpoint registers.
[    0.033061] hw-breakpoint: maximum watchpoint size is 8 bytes.
[    0.033278] Serial: AMBA PL011 UART driver
[    0.035626] bcm2835-mbox 3f00b880.mailbox: mailbox enabled
[    0.050030] raspberrypi-firmware soc:firmware: Attached to firmware from 2020-04-15 11:43, variant start
[    0.060043] raspberrypi-firmware soc:firmware: Firmware hash is 82f9bb929ce2186eb1824178c1ae82902ad6275c
[    0.103089] bcm2835-dma 3f007000.dma: DMA legacy API manager at (ptrval), dmachans=0x1
[    0.104745] SCSI subsystem initialized
[    0.104991] usbcore: registered new interface driver usbfs
[    0.105071] usbcore: registered new interface driver hub
[    0.105185] usbcore: registered new device driver usb
[    0.106910] clocksource: Switched to clocksource arch_sys_counter
[    0.197456] VFS: Disk quotas dquot_6.6.0
[    0.197567] VFS: Dquot-cache hash table entries: 1024 (order 0, 4096 bytes)
[    0.197737] FS-Cache: Loaded
[    0.197966] CacheFiles: Loaded
[    0.207986] NET: Registered protocol family 2
[    0.208854] tcp_listen_portaddr_hash hash table entries: 512 (order: 0, 6144 bytes)
[    0.208919] TCP established hash table entries: 8192 (order: 3, 32768 bytes)
[    0.209049] TCP bind hash table entries: 8192 (order: 4, 65536 bytes)
[    0.209254] TCP: Hash tables configured (established 8192 bind 8192)
[    0.209416] UDP hash table entries: 512 (order: 2, 16384 bytes)
[    0.209486] UDP-Lite hash table entries: 512 (order: 2, 16384 bytes)
[    0.209747] NET: Registered protocol family 1
[    0.210336] RPC: Registered named UNIX socket transport module.
[    0.210363] RPC: Registered udp transport module.
[    0.210385] RPC: Registered tcp transport module.
[    0.210406] RPC: Registered tcp NFSv4.1 backchannel transport module.
[    0.212252] hw perfevents: enabled with armv7_cortex_a7 PMU driver, 7 counters available
[    0.215363] Initialise system trusted keyrings
[    0.215573] workingset: timestamp_bits=14 max_order=18 bucket_order=4
[    0.225540] FS-Cache: Netfs 'nfs' registered for caching
[    0.226120] NFS: Registering the id_resolver key type
[    0.226167] Key type id_resolver registered
[    0.226189] Key type id_legacy registered
[    0.226220] nfs4filelayout_init: NFSv4 File Layout Driver Registering...
[    0.231670] Key type asymmetric registered
[    0.231705] Asymmetric key parser 'x509' registered
[    0.231778] Block layer SCSI generic (bsg) driver version 0.4 loaded (major 250)
[    0.231972] io scheduler noop registered
[    0.231996] io scheduler deadline registered (default)
[    0.232213] io scheduler cfq registered
[    0.232237] io scheduler mq-deadline registered (default)
[    0.232261] io scheduler kyber registered
[    0.234479] bcm2708_fb soc:fb: FB found 1 display(s)
[    0.243829] Console: switching to colour frame buffer device 82x26
[    0.250679] bcm2708_fb soc:fb: Registered framebuffer for display 0, size 656x416
[    0.256302] Serial: 8250/16550 driver, 1 ports, IRQ sharing enabled
[    0.260134] bcm2835-rng 3f104000.rng: hwrng registered
[    0.262807] vc-mem: phys_addr:0x00000000 mem_base=0x3ec00000 mem_size:0x40000000(1024 MiB)
[    0.268195] vc-sm: Videocore shared memory driver
[    0.270998] gpiomem-bcm2835 3f200000.gpiomem: Initialised: Registers at 0x3f200000
[    0.286867] brd: module loaded
[    0.299688] loop: module loaded
[    0.302788] Loading iSCSI transport class v2.0-870.
[    0.305956] libphy: Fixed MDIO Bus: probed
[    0.308502] usbcore: registered new interface driver lan78xx
[    0.311017] usbcore: registered new interface driver smsc95xx
[    0.313448] dwc_otg: version 3.00a 10-AUG-2012 (platform bus)
[    0.343754] dwc_otg 3f980000.usb: base=(ptrval)
[    0.546449] Core Release: 2.80a
[    0.548927] Setting default values for core params
[    0.551424] Finished setting default values for core params
[    0.754188] Using Buffer DMA mode
[    0.756588] Periodic Transfer Interrupt Enhancement - disabled
[    0.759015] Multiprocessor Interrupt Enhancement - disabled
[    0.761397] OTG VER PARAM: 0, OTG VER FLAG: 0
[    0.763742] Dedicated Tx FIFOs mode
[    0.766435] WARN::dwc_otg_hcd_init:1074: FIQ DMA bounce buffers: virt = bad14000 dma = 0xfad14000 len=9024
[    0.771035] FIQ FSM acceleration enabled for :
[    0.771035] Non-periodic Split Transactions
[    0.771035] Periodic Split Transactions
[    0.771035] High-Speed Isochronous Endpoints
[    0.771035] Interrupt/Control Split Transaction hack enabled
[    0.781991] WARN::hcd_init_fiq:457: FIQ on core 1
[    0.784220] WARN::hcd_init_fiq:458: FIQ ASM at 8068fda0 length 36
[    0.786433] WARN::hcd_init_fiq:497: MPHI regs_base at bb810000
[    0.788688] dwc_otg 3f980000.usb: DWC OTG Controller
[    0.790959] dwc_otg 3f980000.usb: new USB bus registered, assigned bus number 1
[    0.793283] dwc_otg 3f980000.usb: irq 56, io mem 0x00000000
[    0.795586] Init: Port Power? op_state=1
[    0.797845] Init: Power Port (0)
[    0.800267] usb usb1: New USB device found, idVendor=1d6b, idProduct=0002, bcdDevice= 4.19
[    0.804777] usb usb1: New USB device strings: Mfr=3, Product=2, SerialNumber=1
[    0.807215] usb usb1: Product: DWC OTG Controller
[    0.809585] usb usb1: Manufacturer: Linux 4.19.118-v7+ dwc_otg_hcd
[    0.812009] usb usb1: SerialNumber: 3f980000.usb
[    0.814960] hub 1-0:1.0: USB hub found
[    0.817270] hub 1-0:1.0: 1 port detected
[    0.820313] usbcore: registered new interface driver usb-storage
[    0.822778] mousedev: PS/2 mouse device common for all mice
[    0.825921] bcm2835-wdt bcm2835-wdt: Broadcom BCM2835 watchdog timer
[    0.828579] bcm2835-cpufreq: min=600000 max=1400000
[    0.831397] sdhci: Secure Digital Host Controller Interface driver
[    0.833815] sdhci: Copyright(c) Pierre Ossman
[    0.836628] sdhost-bcm2835 3f202000.mmc: could not get clk, deferring probe
[    0.839319] sdhci-pltfm: SDHCI platform and OF driver helper
[    0.843396] ledtrig-cpu: registered to indicate activity on CPUs
[    0.846091] hidraw: raw HID events driver (C) Jiri Kosina
[    0.848860] usbcore: registered new interface driver usbhid
[    0.851408] usbhid: USB HID core driver
[    0.854735] vchiq: vchiq_init_state: slot_zero = (ptrval), is_master = 0
[    0.858892] [vc_sm_connected_init]: start
[    0.868554] [vc_sm_connected_init]: end - returning 0
[    0.872080] Initializing XFRM netlink socket
[    0.874468] NET: Registered protocol family 17
[    0.876962] Key type dns_resolver registered
[    0.879933] Registering SWP/SWPB emulation handler
[    0.882941] registered taskstats version 1
[    0.885325] Loading compiled-in X.509 certificates
[    0.894367] uart-pl011 3f201000.serial: cts_event_workaround enabled
[    0.896871] 3f201000.serial: ttyAMA0 at MMIO 0x3f201000 (irq = 81, base_baud = 0) is a PL011 rev2
[    1.900601] console [ttyAMA0] enabled
[    1.908669] sdhost: log_buf @ (ptrval) (fad13000)
[    1.964101] mmc0: sdhost-bcm2835 loaded - DMA enabled (>1)
[    1.973282] of_cfs_init
[    1.978132] of_cfs_init: OK
[    1.983697] Waiting for root device PARTUUID=4c999877-02...
[    2.017032] Indeed it is in host mode hprt0 = 00021501
[    2.112077] random: fast init done
[    2.122708] mmc0: host does not support reading read-only switch, assuming write-enable
[    2.141912] mmc0: new high speed SDHC card at address aaaa
[    2.150950] mmcblk0: mmc0:aaaa SL16G 14.8 GiB
[    2.164190]  mmcblk0: p1 p2
[    2.210978] EXT4-fs (mmcblk0p2): mounted filesystem with ordered data mode. Opts: (null)
[    2.224061] VFS: Mounted root (ext4 filesystem) readonly on device 179:2.
[    2.226949] usb 1-1: new high-speed USB device number 2 using dwc_otg
[    2.242704] Indeed it is in host mode hprt0 = 00001101
[    2.244871] devtmpfs: mounted
[    2.312308] Freeing unused kernel memory: 1024K
[    2.319767] Run /sbin/init as init process
[    2.487249] usb 1-1: New USB device found, idVendor=0424, idProduct=2514, bcdDevice= b.b3
[    2.500625] usb 1-1: New USB device strings: Mfr=0, Product=0, SerialNumber=0
[    2.511170] hub 1-1:1.0: USB hub found
[    2.517807] hub 1-1:1.0: 4 ports detected
[    2.836965] usb 1-1.1: new high-speed USB device number 3 using dwc_otg
[    2.963006] systemd[1]: System time before build time, advancing clock.
[    2.967280] usb 1-1.1: New USB device found, idVendor=0424, idProduct=2514, bcdDevice= b.b3
[    2.986322] usb 1-1.1: New USB device strings: Mfr=0, Product=0, SerialNumber=0
[    2.997098] hub 1-1.1:1.0: USB hub found
[    3.003935] hub 1-1.1:1.0: 3 ports detected
[    3.059717] systemd[1]: systemd 241 running in system mode. (+PAM +AUDIT +SELINUX +IMA +APPARMOR +SMACK +SYSVINIT +UTMP +LIBCRYPTSETUP +GCRYPT +GNUTLS +ACL +XZ +LZ4 +SECCOMP +B
LKID +ELFUTILS +KMOD -IDN2 +IDN -PCRE2 default-hierarchy=hybrid)
[    3.090656] systemd[1]: Detected architecture arm.
[    3.119602] systemd[1]: Set hostname to <raspberrypi>.
[    3.274570] uart-pl011 3f201000.serial: no DMA platform data
[    3.666971] usb 1-1.1.1: new high-speed USB device number 4 using dwc_otg
[    3.797371] usb 1-1.1.1: New USB device found, idVendor=0424, idProduct=7800, bcdDevice= 3.00
[    3.811450] usb 1-1.1.1: New USB device strings: Mfr=0, Product=0, SerialNumber=0
[    4.089446] lan78xx 1-1.1.1:1.0 (unnamed net_device) (uninitialized): No External EEPROM. Setting MAC Speed
[    4.093817] random: systemd: uninitialized urandom read (16 bytes read)
[    4.106166] libphy: lan78xx-mdiobus: probed
[    4.126415] random: systemd: uninitialized urandom read (16 bytes read)
[    4.136985] systemd[1]: Started Forward Password Requests to Wall Directory Watch.
[    4.149335] lan78xx 1-1.1.1:1.0 (unnamed net_device) (uninitialized): int urb period 64
[    4.168744] random: systemd: uninitialized urandom read (16 bytes read)
[    4.178829] systemd[1]: Started Dispatch Password Requests to Console Directory Watch.
[    4.210004] systemd[1]: Condition check resulted in Journal Audit Socket being skipped.
[    4.225204] systemd[1]: Listening on initctl Compatibility Named Pipe.
[    4.239835] systemd[1]: Listening on udev Control Socket.
[    4.253329] systemd[1]: Set up automount Arbitrary Executable File Formats File System Automount Point.
[    4.279337] systemd[1]: Created slice system-getty.slice.
[    8.396779] Unable to handle kernel paging request at virtual address 80292a40
[    8.405014] pgd = c728a59f
[    8.408635] [80292a40] *pgd=0021940e(bad)
[    8.413559] Internal error: Oops: 80d [#1] SMP ARM
[    8.419291] Modules linked in:
[    8.423232] CPU: 1 PID: 345 Comm: grep Not tainted 4.19.118-v7+ #1311
[    8.430603] Hardware name: BCM2835
[    8.434908] PC is at vma_interval_tree_augment_rotate+0x18/0x6c
[    8.441764] LR is at __rb_insert_augmented+0x1c4/0x1d0
[    8.447828] pc : [<80292a4c>]    lr : [<80860c0c>]    psr: a0000093
[    8.455059] sp : b59fde18  ip : b59fde28  fp : b59fde24
[    8.461230] r10: 76eb5000  r9 : b6b48400  r8 : 00000000
[    8.467410] r7 : 80292a34  r6 : b900bed0  r5 : 80292a34  r4 : b63eaced
[    8.474908] r3 : 00000147  r2 : b63eaecc  r1 : 80292a34  r0 : b63eaecc
[    8.482402] Flags: NzCv  IRQs off  FIQs on  Mode SVC_32  ISA ARM  Segment user
[    8.490626] Control: 10c5383d  Table: 35a1406a  DAC: 00000055
[    8.497399] Process grep (pid: 345, stack limit = 0xfef63783)
[    8.504182] Stack: (0xb59fde18 to 0xb59fe000)
[    8.509569] de00:                                                       b59fde44 b59fde28
[    8.519836] de20: 80860c0c 80292a40 00000147 80292a34 b62b17e0 b62b180c b59fde6c b59fde48
[    8.530092] de40: 80292cc4 80860a54 80292a34 b900bed0 b62b17e0 b900bed0 b62b1f00 b900bebc
[    8.540482] de60: b59fdecc b59fde70 8029e520 80292c2c 802bab48 00000000 00000000 00000001
[    8.550983] de80: 00000000 00000138 76ea5000 76eb5000 b63a8300 b900bed0 00000000 00000000
[    8.561546] dea0: 00000070 b62b1720 b62b17e0 00000000 76eb5000 00000000 00000075 76eb5000
[    8.572205] dec0: b59fdefc b59fded0 8029f4f0 8029e320 b62b1720 00000000 8086ef7c b62b17e0
[    8.582948] dee0: 00000000 00000070 76ea5000 b6b48400 b59fdf0c b59fdf00 8029f5b8 8029f400
[    8.593830] df00: b59fdf64 b59fdf10 802a221c 8029f594 00000070 00000000 b63a8300 00000138
[    8.604778] df20: 00000000 8029dd0c b5a00f00 00000000 00000010 00000000 b59fdf64 00000000
[    8.615792] df40: 80d04d48 00000000 00000004 76eb5000 76eb5000 00000000 b59fdfa4 b59fdf68
[    8.626941] df60: 802a238c 802a1fc8 00000070 00000003 b62b17e0 01c22cd2 000000c0 76f88a88
[    8.638134] df80: 76d6d000 00000002 0000007d 801011c4 b59fc000 0000007d 00000000 b59fdfa8
[    8.649319] dfa0: 80101000 802a2264 76f88a88 76d6d000 76ea5000 00010000 00000000 00148000
[    8.660509] dfc0: 76f88a88 76d6d000 00000002 0000007d 00000005 7eba5384 76f88be4 7eba5304
[    8.671701] dfe0: 00000000 7eba510c 76f6010c 76f7421c 20000010 76ea5000 00000000 00000000
[    8.682897] [<80292a4c>] (vma_interval_tree_augment_rotate) from [<80860c0c>] (__rb_insert_augmented+0x1c4/0x1d0)
[    8.696203] [<80860c0c>] (__rb_insert_augmented) from [<80292cc4>] (vma_interval_tree_insert+0xa4/0xac)
[    8.708639] [<80292cc4>] (vma_interval_tree_insert) from [<8029e520>] (__vma_adjust+0x20c/0x660)
[    8.720468] [<8029e520>] (__vma_adjust) from [<8029f4f0>] (__split_vma+0xfc/0x194)
[    8.731060] [<8029f4f0>] (__split_vma) from [<8029f5b8>] (split_vma+0x30/0x3c)
[    8.739835] [<8029f5b8>] (split_vma) from [<802a221c>] (mprotect_fixup+0x260/0x29c)
[    8.750496] [<802a221c>] (mprotect_fixup) from [<802a238c>] (sys_mprotect+0x134/0x224)
[    8.761429] [<802a238c>] (sys_mprotect) from [<80101000>] (ret_fast_syscall+0x0/0x28)
[    8.772278] Exception stack(0xb59fdfa8 to 0xb59fdff0)
[    8.778825] dfa0:                   76f88a88 76d6d000 76ea5000 00010000 00000000 00148000
[    8.789959] dfc0: 76f88a88 76d6d000 00000002 0000007d 00000005 7eba5384 76f88be4 7eba5304
[    8.801074] dfe0: 00000000 7eba510c 76f6010c 76f7421c
[    8.807582] Code: e24cb004 e52de004 e8bd4000 e590300c (e581300c)
[    8.815117] ---[ end trace 5181c033700861a0 ]---
[    8.954383] Unable to handle kernel NULL pointer dereference at virtual address 00000334
