[    0.000000] Booting Linux on physical CPU 0x0
[    0.000000] Linux version 4.19.118-v7+ (dom@buildbot) (gcc version 4.9.3 (crosstool-NG crosstool-ng-1.22.0-88-g8460611)) #1311 SMP Mon Apr 27 14:21:24 BST 2020
[    0.000000] CPU: ARMv7 Processor [410fd034] revision 4 (ARMv7), cr=10c5383d
[    0.000000] CPU: div instructions available: patching division code
[    0.000000] CPU: PIPT / VIPT nonaliasing data cache, VIPT aliasing instruction cache
[    0.000000] OF: fdt: Machine model: Raspberry Pi 3 Model B Plus Rev 1.3
[    0.000000] Memory policy: Data cache writealloc
[    0.000000] cma: Reserved 8 MiB at 0x3ac00000
[    0.000000] random: get_random_bytes called from start_kernel+0xac/0x4b4 with crng_init=0
[    0.000000] percpu: Embedded 16 pages/cpu s36864 r8192 d20480 u65536
[    0.000000] Built 1 zonelists, mobility grouping on.  Total pages: 240555
[    0.000000] Kernel command line: coherent_pool=1M 8250.nr_uarts=1 snd_bcm2835.enable_compat_alsa=0 snd_bcm2835.enable_hdmi=1 snd_bcm2835.enable_headphones=1 bcm2708_fb.fbwidth=
656 bcm2708_fb.fbheight=416 bcm2708_fb.fbswap=1 vc_mem.mem_base=0x3ec00000 vc_mem.mem_size=0x40000000  dwc_otg.lpm_enable=0 console=ttyAMA0,115200 console=tty1 root=PARTUUID=4c999
877-02 rootfstype=ext4 elevator=deadline fsck.repair=yes rootwait
[    0.000000] Dentry cache hash table entries: 131072 (order: 7, 524288 bytes)
[    0.000000] Inode-cache hash table entries: 65536 (order: 6, 262144 bytes)
[    0.000000] Memory: 939064K/970752K available (8192K kernel code, 656K rwdata, 2232K rodata, 1024K init, 831K bss, 23496K reserved, 8192K cma-reserved)
[    0.000000] Virtual kernel memory layout:
[    0.000000]     vector  : 0xffff0000 - 0xffff1000   (   4 kB)
[    0.000000]     fixmap  : 0xffc00000 - 0xfff00000   (3072 kB)
[    0.000000]     vmalloc : 0xbb800000 - 0xff800000   (1088 MB)
[    0.000000]     lowmem  : 0x80000000 - 0xbb400000   ( 948 MB)
[    0.000000]     modules : 0x7f000000 - 0x80000000   (  16 MB)
[    0.000000]       .text : 0x(ptrval) - 0x(ptrval)   (9184 kB)
[    0.000000]       .init : 0x(ptrval) - 0x(ptrval)   (1024 kB)
[    0.000000]       .data : 0x(ptrval) - 0x(ptrval)   ( 657 kB)
[    0.000000]        .bss : 0x(ptrval) - 0x(ptrval)   ( 832 kB)
[    0.000000] SLUB: HWalign=64, Order=0-3, MinObjects=0, CPUs=4, Nodes=1
[    0.000000] ftrace: allocating 27093 entries in 80 pages
[    0.000000] rcu: Hierarchical RCU implementation.
[    0.000000] NR_IRQS: 16, nr_irqs: 16, preallocated irqs: 16
[    0.000000] arch_timer: cp15 timer(s) running at 19.20MHz (phys).
[    0.000000] clocksource: arch_sys_counter: mask: 0xffffffffffffff max_cycles: 0x46d987e47, max_idle_ns: 440795202767 ns
[    0.000007] sched_clock: 56 bits at 19MHz, resolution 52ns, wraps every 4398046511078ns
[    0.000023] Switching to timer-based delay loop, resolution 52ns
[    0.000274] Console: colour dummy device 80x30
[    0.000911] console [tty1] enabled
[    0.000970] Calibrating delay loop (skipped), value calculated using timer frequency.. 38.40 BogoMIPS (lpj=192000)
[    0.001014] pid_max: default: 32768 minimum: 301
[    0.001380] Mount-cache hash table entries: 2048 (order: 1, 8192 bytes)
[    0.001417] Mountpoint-cache hash table entries: 2048 (order: 1, 8192 bytes)
[    0.002377] CPU: Testing write buffer coherency: ok
[    0.002860] CPU0: thread -1, cpu 0, socket 0, mpidr 80000000
[    0.003545] Setting up static identity map for 0x100000 - 0x10003c
[    0.003715] rcu: Hierarchical SRCU implementation.
[    0.004541] smp: Bringing up secondary CPUs ...
[    0.005456] CPU1: thread -1, cpu 1, socket 0, mpidr 80000001
[    0.006435] CPU2: thread -1, cpu 2, socket 0, mpidr 80000002
[    0.007354] CPU3: thread -1, cpu 3, socket 0, mpidr 80000003
[    0.007468] smp: Brought up 1 node, 4 CPUs
[    0.007550] SMP: Total of 4 processors activated (153.60 BogoMIPS).
[    0.007574] CPU: All CPU(s) started in HYP mode.
[    0.007594] CPU: Virtualization extensions available.
[    0.008586] devtmpfs: initialized
[    0.022040] VFP support v0.3: implementor 41 architecture 3 part 40 variant 3 rev 4
[    0.022317] clocksource: jiffies: mask: 0xffffffff max_cycles: 0xffffffff, max_idle_ns: 19112604462750000 ns
[    0.022367] futex hash table entries: 1024 (order: 4, 65536 bytes)
[    0.022978] pinctrl core: initialized pinctrl subsystem
[    0.023846] NET: Registered protocol family 16
[    0.027106] DMA: preallocated 1024 KiB pool for atomic coherent allocations
[    0.033014] hw-breakpoint: found 5 (+1 reserved) breakpoint and 4 watchpoint registers.
[    0.033050] hw-breakpoint: maximum watchpoint size is 8 bytes.
[    0.033268] Serial: AMBA PL011 UART driver
[    0.035616] bcm2835-mbox 3f00b880.mailbox: mailbox enabled
[    0.050028] raspberrypi-firmware soc:firmware: Attached to firmware from 2020-04-15 11:43, variant start
[    0.060042] raspberrypi-firmware soc:firmware: Firmware hash is 82f9bb929ce2186eb1824178c1ae82902ad6275c
[    0.103089] bcm2835-dma 3f007000.dma: DMA legacy API manager at (ptrval), dmachans=0x1
[    0.104741] SCSI subsystem initialized
[    0.104987] usbcore: registered new interface driver usbfs
[    0.105068] usbcore: registered new interface driver hub
[    0.105182] usbcore: registered new device driver usb
[    0.106905] clocksource: Switched to clocksource arch_sys_counter
[    0.197501] VFS: Disk quotas dquot_6.6.0
[    0.197611] VFS: Dquot-cache hash table entries: 1024 (order 0, 4096 bytes)
[    0.197783] FS-Cache: Loaded
[    0.198012] CacheFiles: Loaded
[    0.208037] NET: Registered protocol family 2
[    0.208903] tcp_listen_portaddr_hash hash table entries: 512 (order: 0, 6144 bytes)
[    0.208968] TCP established hash table entries: 8192 (order: 3, 32768 bytes)
[    0.209098] TCP bind hash table entries: 8192 (order: 4, 65536 bytes)
[    0.209302] TCP: Hash tables configured (established 8192 bind 8192)
[    0.209464] UDP hash table entries: 512 (order: 2, 16384 bytes)
[    0.209535] UDP-Lite hash table entries: 512 (order: 2, 16384 bytes)
[    0.209794] NET: Registered protocol family 1
[    0.210386] RPC: Registered named UNIX socket transport module.
[    0.210414] RPC: Registered udp transport module.
[    0.210435] RPC: Registered tcp transport module.
[    0.210457] RPC: Registered tcp NFSv4.1 backchannel transport module.
[    0.212308] hw perfevents: enabled with armv7_cortex_a7 PMU driver, 7 counters available
[    0.215414] Initialise system trusted keyrings
[    0.215626] workingset: timestamp_bits=14 max_order=18 bucket_order=4
[    0.225592] FS-Cache: Netfs 'nfs' registered for caching
[    0.226173] NFS: Registering the id_resolver key type
[    0.226220] Key type id_resolver registered
[    0.226242] Key type id_legacy registered
[    0.226274] nfs4filelayout_init: NFSv4 File Layout Driver Registering...
[    0.231741] Key type asymmetric registered
[    0.231776] Asymmetric key parser 'x509' registered
[    0.231848] Block layer SCSI generic (bsg) driver version 0.4 loaded (major 250)
[    0.232040] io scheduler noop registered
[    0.232065] io scheduler deadline registered (default)
[    0.232284] io scheduler cfq registered
[    0.232308] io scheduler mq-deadline registered (default)
[    0.232332] io scheduler kyber registered
[    0.234542] bcm2708_fb soc:fb: FB found 1 display(s)
[    0.243899] Console: switching to colour frame buffer device 82x26
[    0.250756] bcm2708_fb soc:fb: Registered framebuffer for display 0, size 656x416
[    0.256397] Serial: 8250/16550 driver, 1 ports, IRQ sharing enabled
[    0.260242] bcm2835-rng 3f104000.rng: hwrng registered
[    0.262925] vc-mem: phys_addr:0x00000000 mem_base=0x3ec00000 mem_size:0x40000000(1024 MiB)
[    0.268314] vc-sm: Videocore shared memory driver
[    0.271120] gpiomem-bcm2835 3f200000.gpiomem: Initialised: Registers at 0x3f200000
[    0.287062] brd: module loaded
[    0.299841] loop: module loaded
[    0.302940] Loading iSCSI transport class v2.0-870.
[    0.306114] libphy: Fixed MDIO Bus: probed
[    0.308653] usbcore: registered new interface driver lan78xx
[    0.311173] usbcore: registered new interface driver smsc95xx
[    0.313609] dwc_otg: version 3.00a 10-AUG-2012 (platform bus)
[    0.343918] dwc_otg 3f980000.usb: base=(ptrval)
[    0.546620] Core Release: 2.80a
[    0.549104] Setting default values for core params
[    0.551608] Finished setting default values for core params
[    0.754393] Using Buffer DMA mode
[    0.756796] Periodic Transfer Interrupt Enhancement - disabled
[    0.759228] Multiprocessor Interrupt Enhancement - disabled
[    0.761616] OTG VER PARAM: 0, OTG VER FLAG: 0
[    0.763965] Dedicated Tx FIFOs mode
[    0.766657] WARN::dwc_otg_hcd_init:1074: FIQ DMA bounce buffers: virt = bad14000 dma = 0xfad14000 len=9024
[    0.771269] FIQ FSM acceleration enabled for :
[    0.771269] Non-periodic Split Transactions
[    0.771269] Periodic Split Transactions
[    0.771269] High-Speed Isochronous Endpoints
[    0.771269] Interrupt/Control Split Transaction hack enabled
[    0.782248] WARN::hcd_init_fiq:457: FIQ on core 1
[    0.784476] WARN::hcd_init_fiq:458: FIQ ASM at 8068fda0 length 36
[    0.786690] WARN::hcd_init_fiq:497: MPHI regs_base at bb810000
[    0.788950] dwc_otg 3f980000.usb: DWC OTG Controller
[    0.791211] dwc_otg 3f980000.usb: new USB bus registered, assigned bus number 1
[    0.793534] dwc_otg 3f980000.usb: irq 56, io mem 0x00000000
[    0.795839] Init: Port Power? op_state=1
[    0.798097] Init: Power Port (0)
[    0.800512] usb usb1: New USB device found, idVendor=1d6b, idProduct=0002, bcdDevice= 4.19
[    0.805019] usb usb1: New USB device strings: Mfr=3, Product=2, SerialNumber=1
[    0.807455] usb usb1: Product: DWC OTG Controller
[    0.809822] usb usb1: Manufacturer: Linux 4.19.118-v7+ dwc_otg_hcd
[    0.812247] usb usb1: SerialNumber: 3f980000.usb
[    0.815202] hub 1-0:1.0: USB hub found
[    0.817509] hub 1-0:1.0: 1 port detected
[    0.820555] usbcore: registered new interface driver usb-storage
[    0.823020] mousedev: PS/2 mouse device common for all mice
[    0.826163] bcm2835-wdt bcm2835-wdt: Broadcom BCM2835 watchdog timer
[    0.828825] bcm2835-cpufreq: min=600000 max=1400000
[    0.831648] sdhci: Secure Digital Host Controller Interface driver
[    0.834068] sdhci: Copyright(c) Pierre Ossman
[    0.836880] sdhost-bcm2835 3f202000.mmc: could not get clk, deferring probe
[    0.839570] sdhci-pltfm: SDHCI platform and OF driver helper
[    0.843620] ledtrig-cpu: registered to indicate activity on CPUs
[    0.846315] hidraw: raw HID events driver (C) Jiri Kosina
[    0.849084] usbcore: registered new interface driver usbhid
[    0.851627] usbhid: USB HID core driver
[    0.854939] vchiq: vchiq_init_state: slot_zero = (ptrval), is_master = 0
[    0.859105] [vc_sm_connected_init]: start
[    0.868771] [vc_sm_connected_init]: end - returning 0
[    0.872296] Initializing XFRM netlink socket
[    0.874683] NET: Registered protocol family 17
[    0.877175] Key type dns_resolver registered
[    0.880146] Registering SWP/SWPB emulation handler
[    0.883151] registered taskstats version 1
[    0.885529] Loading compiled-in X.509 certificates
[    0.894574] uart-pl011 3f201000.serial: cts_event_workaround enabled
[    0.897140] 3f201000.serial: ttyAMA0 at MMIO 0x3f201000 (irq = 81, base_baud = 0) is a PL011 rev2
[    1.900789] console [ttyAMA0] enabled
[    1.908862] sdhost: log_buf @ (ptrval) (fad13000)
[    1.964295] mmc0: sdhost-bcm2835 loaded - DMA enabled (>1)
[    1.973477] of_cfs_init
[    1.978330] of_cfs_init: OK
[    1.983894] Waiting for root device PARTUUID=4c999877-02...
[    2.017025] Indeed it is in host mode hprt0 = 00021501
[    2.112077] random: fast init done
[    2.122723] mmc0: host does not support reading read-only switch, assuming write-enable
[    2.141931] mmc0: new high speed SDHC card at address aaaa
[    2.150953] mmcblk0: mmc0:aaaa SL16G 14.8 GiB
[    2.164225]  mmcblk0: p1 p2
[    2.210966] EXT4-fs (mmcblk0p2): mounted filesystem with ordered data mode. Opts: (null)
[    2.224060] VFS: Mounted root (ext4 filesystem) readonly on device 179:2.
[    2.226943] usb 1-1: new high-speed USB device number 2 using dwc_otg
[    2.242718] Indeed it is in host mode hprt0 = 00001101
[    2.244885] devtmpfs: mounted
[    2.312325] Freeing unused kernel memory: 1024K
[    2.319787] Run /sbin/init as init process
[    2.487241] usb 1-1: New USB device found, idVendor=0424, idProduct=2514, bcdDevice= b.b3
[    2.500620] usb 1-1: New USB device strings: Mfr=0, Product=0, SerialNumber=0
[    2.511167] hub 1-1:1.0: USB hub found
[    2.517796] hub 1-1:1.0: 4 ports detected
[    2.836959] usb 1-1.1: new high-speed USB device number 3 using dwc_otg
[    2.962960] systemd[1]: System time before build time, advancing clock.
[    2.967269] usb 1-1.1: New USB device found, idVendor=0424, idProduct=2514, bcdDevice= b.b3
[    2.986287] usb 1-1.1: New USB device strings: Mfr=0, Product=0, SerialNumber=0
[    2.997018] hub 1-1.1:1.0: USB hub found
[    3.003853] hub 1-1.1:1.0: 3 ports detected
[    3.059912] systemd[1]: systemd 241 running in system mode. (+PAM +AUDIT +SELINUX +IMA +APPARMOR +SMACK +SYSVINIT +UTMP +LIBCRYPTSETUP +GCRYPT +GNUTLS +ACL +XZ +LZ4 +SECCOMP +B
LKID +ELFUTILS +KMOD -IDN2 +IDN -PCRE2 default-hierarchy=hybrid)
[    3.090838] systemd[1]: Detected architecture arm.
[    3.119907] systemd[1]: Set hostname to <raspberrypi>.
[    3.274348] uart-pl011 3f201000.serial: no DMA platform data
[    3.666966] usb 1-1.1.1: new high-speed USB device number 4 using dwc_otg
[    3.797418] usb 1-1.1.1: New USB device found, idVendor=0424, idProduct=7800, bcdDevice= 3.00
[    3.811485] usb 1-1.1.1: New USB device strings: Mfr=0, Product=0, SerialNumber=0
[    4.068774] random: systemd: uninitialized urandom read (16 bytes read)
[    4.089173] lan78xx 1-1.1.1:1.0 (unnamed net_device) (uninitialized): No External EEPROM. Setting MAC Speed
[    4.090015] random: systemd: uninitialized urandom read (16 bytes read)
[    4.105857] libphy: lan78xx-mdiobus: probed
[    4.125285] systemd[1]: Created slice system-systemd\x2dfsck.slice.
[    4.149772] lan78xx 1-1.1.1:1.0 (unnamed net_device) (uninitialized): int urb period 64
[    4.153611] systemd[1]: Condition check resulted in Journal Audit Socket being skipped.
[    4.178493] random: systemd: uninitialized urandom read (16 bytes read)
[    4.189192] systemd[1]: Listening on Journal Socket.
[    4.201261] systemd[1]: Condition check resulted in Create list of required static device nodes for the current kernel being skipped.
[    4.220431] systemd[1]: Listening on Syslog Socket.
[    4.232869] systemd[1]: Listening on fsck to fsckd communication Socket.
[    4.246648] systemd[1]: Condition check resulted in Kernel Module supporting RPCSEC_GSS being skipped.
[    8.622436] Internal error: Oops - undefined instruction: 0 [#1] SMP ARM
[    8.630128] Modules linked in:
[    8.630145] CPU: 1 PID: 348 Comm: sed Not tainted 4.19.118-v7+ #1311
[    8.641397] Hardware name: BCM2835
[    8.641409] PC is at memset+0x38/0xa8
[    8.641413] LR is at   (null)
[    8.654098] pc : [<80855778>]    lr : [<00000000>]    psr: 20000113
[    8.654100] sp : b5dd7e08  ip : b52ff1e0  fp : b5dd7e1c
[    8.654102] r10: 00000800  r9 : b7e06800  r8 : 00000000
[    8.654105] r7 : bab1abdc  r6 : 80d04d48  r5 : b6497300  r4 : 004d7000
[    8.654108] r3 : 00000000  r2 : 00000e00  r1 : 00000000  r0 : b52ff000
[    8.654112] Flags: nzCv  IRQs on  FIQs on  Mode SVC_32  ISA ARM  Segment user
[    8.654115] Control: 10c5383d  Table: 35df406a  DAC: 00000055
[    8.703208] Process sed (pid: 348, stack limit = 0x73b145be)
[    8.703211] Stack: (0xb5dd7e08 to 0xb5dd8000)
[    8.703216] 7e00:                   00000040 8011b224 b5dd7e9c b5dd7e20 8029b060 8011b1b4
[    8.725320] 7e20: 07bfa47e 802ee1d4 5fca4154 00000000 07bfa47e b6497300 00000055 006000c0
[    8.725327] 7e40: 000004d7 004d7000 b5df4010 b5df4010 00000000 00000000 00000000 00000000
[    8.746098] 7e60: 00000000 00000000 00000000 01c22cd2 b5dd7e9c b5dd7fb0 b5db9e00 004d71f4
[    8.746103] 7e80: b5d1e600 00000817 b5d1e63c 00000800 b5dd7ef4 b5dd7ea0 80874a7c 8029aa18
[    8.746108] 7ea0: b5dd7f2c b5dd7eb0 802d09e8 802da31c 00001000 07270dfe 004d5d68 802d0b9c
[    8.746113] 7ec0: 00000000 00000055 00000fd7 80d0a644 80d04d48 00000817 80874738 004d71f4
[    8.746119] 7ee0: b5dd7fb0 00000000 b5dd7fac b5dd7ef8 801167fc 80874744 00000000 01c22cd2
[    8.799697] 7f00: 000007ff 00000029 b667e240 00000000 b59e6190 00000001 b667e248 00000003
[    8.799702] 7f20: b5dd7f5c b5dd7f30 802d0b9c 8031bde4 00000000 00000000 b667e240 80d04d48
[    8.799708] 7f40: b667e240 00001000 004d5d68 80c93ad8 80101d70 ffffffff 10c5383d 10c5387d
[    8.833019] 7f60: 80101f24 80101c9c 60000010 ffffffff 10c5383d 10c5387d 76ed0258 00000000
[    8.833026] 7f80: b5dd7fac 01c22cd2 76df7df0 60000010 ffffffff 10c5383d 10c5387d 76ed0258
[    8.855403] 7fa0: 00000000 b5dd7fb0 80101ca4 801167b0 00000408 00000000 004d6de8 00000409
