[    0.000000] Booting Linux on physical CPU 0x0
[    0.000000] Linux version 4.19.118-v7+ (dom@buildbot) (gcc version 4.9.3 (crosstool-NG crosstool-ng-1.22.0-88-g8460611)) #1311 SMP Mon Apr 27 14:21:24 BST 2020
[    0.000000] CPU: ARMv7 Processor [410fd034] revision 4 (ARMv7), cr=10c5383d
[    0.000000] CPU: div instructions available: patching division code
[    0.000000] CPU: PIPT / VIPT nonaliasing data cache, VIPT aliasing instruction cache
[    0.000000] OF: fdt: Machine model: Raspberry Pi 3 Model B Plus Rev 1.3
[    0.000000] Memory policy: Data cache writealloc
[    0.000000] cma: Reserved 8 MiB at 0x3ac00000
[    0.000000] random: get_random_bytes called from start_kernel+0xac/0x4b4 with crng_init=0
[    0.000000] percpu: Embedded 16 pages/cpu s36864 r8192 d20480 u65536
[    0.000000] Built 1 zonelists, mobility grouping on.  Total pages: 240555
[    0.000000] Kernel command line: coherent_pool=1M 8250.nr_uarts=1 snd_bcm2835.enable_compat_alsa=0 snd_bcm2835.enable_hdmi=1 snd_bcm2835.enable_headphones=1 bcm2708_fb.fbwidth=
656 bcm2708_fb.fbheight=416 bcm2708_fb.fbswap=1 vc_mem.mem_base=0x3ec00000 vc_mem.mem_size=0x40000000  dwc_otg.lpm_enable=0 console=ttyAMA0,115200 console=tty1 root=PARTUUID=4c999
877-02 rootfstype=ext4 elevator=deadline fsck.repair=yes rootwait
[    0.000000] Dentry cache hash table entries: 131072 (order: 7, 524288 bytes)
[    0.000000] Inode-cache hash table entries: 65536 (order: 6, 262144 bytes)
[    0.000000] Memory: 939064K/970752K available (8192K kernel code, 656K rwdata, 2232K rodata, 1024K init, 831K bss, 23496K reserved, 8192K cma-reserved)
[    0.000000] Virtual kernel memory layout:
[    0.000000]     vector  : 0xffff0000 - 0xffff1000   (   4 kB)
[    0.000000]     fixmap  : 0xffc00000 - 0xfff00000   (3072 kB)
[    0.000000]     vmalloc : 0xbb800000 - 0xff800000   (1088 MB)
[    0.000000]     lowmem  : 0x80000000 - 0xbb400000   ( 948 MB)
[    0.000000]     modules : 0x7f000000 - 0x80000000   (  16 MB)
[    0.000000]       .text : 0x(ptrval) - 0x(ptrval)   (9184 kB)
[    0.000000]       .init : 0x(ptrval) - 0x(ptrval)   (1024 kB)
[    0.000000]       .data : 0x(ptrval) - 0x(ptrval)   ( 657 kB)
[    0.000000]        .bss : 0x(ptrval) - 0x(ptrval)   ( 832 kB)
[    0.000000] SLUB: HWalign=64, Order=0-3, MinObjects=0, CPUs=4, Nodes=1
[    0.000000] ftrace: allocating 27093 entries in 80 pages
[    0.000000] rcu: Hierarchical RCU implementation.
[    0.000000] NR_IRQS: 16, nr_irqs: 16, preallocated irqs: 16
[    0.000000] arch_timer: cp15 timer(s) running at 19.20MHz (phys).
[    0.000000] clocksource: arch_sys_counter: mask: 0xffffffffffffff max_cycles: 0x46d987e47, max_idle_ns: 440795202767 ns
[    0.000007] sched_clock: 56 bits at 19MHz, resolution 52ns, wraps every 4398046511078ns
[    0.000023] Switching to timer-based delay loop, resolution 52ns
[    0.000276] Console: colour dummy device 80x30
[    0.000910] console [tty1] enabled
[    0.000968] Calibrating delay loop (skipped), value calculated using timer frequency.. 38.40 BogoMIPS (lpj=192000)
[    0.001012] pid_max: default: 32768 minimum: 301
[    0.001377] Mount-cache hash table entries: 2048 (order: 1, 8192 bytes)
[    0.001414] Mountpoint-cache hash table entries: 2048 (order: 1, 8192 bytes)
[    0.002368] CPU: Testing write buffer coherency: ok
[    0.002850] CPU0: thread -1, cpu 0, socket 0, mpidr 80000000
[    0.003535] Setting up static identity map for 0x100000 - 0x10003c
[    0.003703] rcu: Hierarchical SRCU implementation.
[    0.004534] smp: Bringing up secondary CPUs ...
[    0.005449] CPU1: thread -1, cpu 1, socket 0, mpidr 80000001
[    0.006426] CPU2: thread -1, cpu 2, socket 0, mpidr 80000002
[    0.007346] CPU3: thread -1, cpu 3, socket 0, mpidr 80000003
[    0.007460] smp: Brought up 1 node, 4 CPUs
[    0.007541] SMP: Total of 4 processors activated (153.60 BogoMIPS).
[    0.007565] CPU: All CPU(s) started in HYP mode.
[    0.007586] CPU: Virtualization extensions available.
[    0.008579] devtmpfs: initialized
[    0.022033] VFP support v0.3: implementor 41 architecture 3 part 40 variant 3 rev 4
[    0.022307] clocksource: jiffies: mask: 0xffffffff max_cycles: 0xffffffff, max_idle_ns: 19112604462750000 ns
[    0.022357] futex hash table entries: 1024 (order: 4, 65536 bytes)
[    0.022967] pinctrl core: initialized pinctrl subsystem
[    0.023832] NET: Registered protocol family 16
[    0.027035] DMA: preallocated 1024 KiB pool for atomic coherent allocations
[    0.032948] hw-breakpoint: found 5 (+1 reserved) breakpoint and 4 watchpoint registers.
[    0.032983] hw-breakpoint: maximum watchpoint size is 8 bytes.
[    0.033202] Serial: AMBA PL011 UART driver
[    0.035560] bcm2835-mbox 3f00b880.mailbox: mailbox enabled
[    0.050026] raspberrypi-firmware soc:firmware: Attached to firmware from 2020-04-15 11:43, variant start
[    0.060039] raspberrypi-firmware soc:firmware: Firmware hash is 82f9bb929ce2186eb1824178c1ae82902ad6275c
[    0.103089] bcm2835-dma 3f007000.dma: DMA legacy API manager at (ptrval), dmachans=0x1
[    0.104742] SCSI subsystem initialized
[    0.104989] usbcore: registered new interface driver usbfs
[    0.105070] usbcore: registered new interface driver hub
[    0.105182] usbcore: registered new device driver usb
[    0.106929] clocksource: Switched to clocksource arch_sys_counter
[    0.197468] VFS: Disk quotas dquot_6.6.0
[    0.197578] VFS: Dquot-cache hash table entries: 1024 (order 0, 4096 bytes)
[    0.197780] FS-Cache: Loaded
[    0.198008] CacheFiles: Loaded
[    0.208030] NET: Registered protocol family 2
[    0.208898] tcp_listen_portaddr_hash hash table entries: 512 (order: 0, 6144 bytes)
[    0.208962] TCP established hash table entries: 8192 (order: 3, 32768 bytes)
[    0.209093] TCP bind hash table entries: 8192 (order: 4, 65536 bytes)
[    0.209297] TCP: Hash tables configured (established 8192 bind 8192)
[    0.209463] UDP hash table entries: 512 (order: 2, 16384 bytes)
[    0.209533] UDP-Lite hash table entries: 512 (order: 2, 16384 bytes)
[    0.209793] NET: Registered protocol family 1
[    0.210381] RPC: Registered named UNIX socket transport module.
[    0.210409] RPC: Registered udp transport module.
[    0.210431] RPC: Registered tcp transport module.
[    0.210452] RPC: Registered tcp NFSv4.1 backchannel transport module.
[    0.212311] hw perfevents: enabled with armv7_cortex_a7 PMU driver, 7 counters available
[    0.215420] Initialise system trusted keyrings
[    0.215637] workingset: timestamp_bits=14 max_order=18 bucket_order=4
[    0.225600] FS-Cache: Netfs 'nfs' registered for caching
[    0.226176] NFS: Registering the id_resolver key type
[    0.226225] Key type id_resolver registered
[    0.226248] Key type id_legacy registered
[    0.226279] nfs4filelayout_init: NFSv4 File Layout Driver Registering...
[    0.231744] Key type asymmetric registered
[    0.231780] Asymmetric key parser 'x509' registered
[    0.231854] Block layer SCSI generic (bsg) driver version 0.4 loaded (major 250)
[    0.232059] io scheduler noop registered
[    0.232084] io scheduler deadline registered (default)
[    0.232300] io scheduler cfq registered
[    0.232324] io scheduler mq-deadline registered (default)
[    0.232348] io scheduler kyber registered
[    0.234552] bcm2708_fb soc:fb: FB found 1 display(s)
[    0.243915] Console: switching to colour frame buffer device 82x26
[    0.250781] bcm2708_fb soc:fb: Registered framebuffer for display 0, size 656x416
[    0.256417] Serial: 8250/16550 driver, 1 ports, IRQ sharing enabled
[    0.260254] bcm2835-rng 3f104000.rng: hwrng registered
[    0.262936] vc-mem: phys_addr:0x00000000 mem_base=0x3ec00000 mem_size:0x40000000(1024 MiB)
[    0.268337] vc-sm: Videocore shared memory driver
[    0.271147] gpiomem-bcm2835 3f200000.gpiomem: Initialised: Registers at 0x3f200000
[    0.287065] brd: module loaded
[    0.299758] loop: module loaded
[    0.302858] Loading iSCSI transport class v2.0-870.
[    0.306034] libphy: Fixed MDIO Bus: probed
[    0.308568] usbcore: registered new interface driver lan78xx
[    0.311082] usbcore: registered new interface driver smsc95xx
[    0.313518] dwc_otg: version 3.00a 10-AUG-2012 (platform bus)
[    0.343833] dwc_otg 3f980000.usb: base=(ptrval)
[    0.546542] Core Release: 2.80a
[    0.549024] Setting default values for core params
[    0.551525] Finished setting default values for core params
[    0.754306] Using Buffer DMA mode
[    0.756708] Periodic Transfer Interrupt Enhancement - disabled
[    0.759137] Multiprocessor Interrupt Enhancement - disabled
[    0.761522] OTG VER PARAM: 0, OTG VER FLAG: 0
[    0.763867] Dedicated Tx FIFOs mode
[    0.766565] WARN::dwc_otg_hcd_init:1074: FIQ DMA bounce buffers: virt = bad14000 dma = 0xfad14000 len=9024
[    0.771168] FIQ FSM acceleration enabled for :
[    0.771168] Non-periodic Split Transactions
[    0.771168] Periodic Split Transactions
[    0.771168] High-Speed Isochronous Endpoints
[    0.771168] Interrupt/Control Split Transaction hack enabled
[    0.782124] WARN::hcd_init_fiq:457: FIQ on core 1
[    0.784351] WARN::hcd_init_fiq:458: FIQ ASM at 8068fda0 length 36
[    0.786563] WARN::hcd_init_fiq:497: MPHI regs_base at bb810000
[    0.788818] dwc_otg 3f980000.usb: DWC OTG Controller
[    0.791079] dwc_otg 3f980000.usb: new USB bus registered, assigned bus number 1
[    0.793401] dwc_otg 3f980000.usb: irq 56, io mem 0x00000000
[    0.795705] Init: Port Power? op_state=1
[    0.797961] Init: Power Port (0)
[    0.800383] usb usb1: New USB device found, idVendor=1d6b, idProduct=0002, bcdDevice= 4.19
[    0.804898] usb usb1: New USB device strings: Mfr=3, Product=2, SerialNumber=1
[    0.807337] usb usb1: Product: DWC OTG Controller
[    0.809708] usb usb1: Manufacturer: Linux 4.19.118-v7+ dwc_otg_hcd
[    0.812136] usb usb1: SerialNumber: 3f980000.usb
[    0.815104] hub 1-0:1.0: USB hub found
[    0.817417] hub 1-0:1.0: 1 port detected
[    0.820474] usbcore: registered new interface driver usb-storage
[    0.822945] mousedev: PS/2 mouse device common for all mice
[    0.826089] bcm2835-wdt bcm2835-wdt: Broadcom BCM2835 watchdog timer
[    0.828748] bcm2835-cpufreq: min=600000 max=1400000
[    0.831568] sdhci: Secure Digital Host Controller Interface driver
[    0.833985] sdhci: Copyright(c) Pierre Ossman
[    0.836795] sdhost-bcm2835 3f202000.mmc: could not get clk, deferring probe
[    0.839482] sdhci-pltfm: SDHCI platform and OF driver helper
[    0.843532] ledtrig-cpu: registered to indicate activity on CPUs
[    0.846223] hidraw: raw HID events driver (C) Jiri Kosina
[    0.848991] usbcore: registered new interface driver usbhid
[    0.851538] usbhid: USB HID core driver
[    0.854869] vchiq: vchiq_init_state: slot_zero = (ptrval), is_master = 0
[    0.859060] [vc_sm_connected_init]: start
[    0.867682] [vc_sm_connected_init]: end - returning 0
[    0.871206] Initializing XFRM netlink socket
[    0.873592] NET: Registered protocol family 17
[    0.876045] Key type dns_resolver registered
[    0.879047] Registering SWP/SWPB emulation handler
[    0.882059] registered taskstats version 1
[    0.884433] Loading compiled-in X.509 certificates
[    0.893471] uart-pl011 3f201000.serial: cts_event_workaround enabled
[    0.895965] 3f201000.serial: ttyAMA0 at MMIO 0x3f201000 (irq = 81, base_baud = 0) is a PL011 rev2
[    1.899678] console [ttyAMA0] enabled
[    1.907765] sdhost: log_buf @ (ptrval) (fad13000)
[    1.963196] mmc0: sdhost-bcm2835 loaded - DMA enabled (>1)
[    1.972391] of_cfs_init
[    1.977235] of_cfs_init: OK
[    1.982810] Waiting for root device PARTUUID=4c999877-02...
[    2.027049] Indeed it is in host mode hprt0 = 00021501
[    2.119156] mmc0: host does not support reading read-only switch, assuming write-enable
[    2.123467] random: fast init done
[    2.138647] mmc0: new high speed SDHC card at address aaaa
[    2.147631] mmcblk0: mmc0:aaaa SL16G 14.8 GiB
[    2.160639]  mmcblk0: p1 p2
[    2.210997] EXT4-fs (mmcblk0p2): mounted filesystem with ordered data mode. Opts: (null)
[    2.224030] VFS: Mounted root (ext4 filesystem) readonly on device 179:2.
[    2.236973] usb 1-1: new high-speed USB device number 2 using dwc_otg
[    2.244771] devtmpfs: mounted
[    2.246173] Indeed it is in host mode hprt0 = 00001101
[    2.321087] Freeing unused kernel memory: 1024K
[    2.328522] Run /sbin/init as init process
[    2.497260] usb 1-1: New USB device found, idVendor=0424, idProduct=2514, bcdDevice= b.b3
[    2.510601] usb 1-1: New USB device strings: Mfr=0, Product=0, SerialNumber=0
[    2.521113] hub 1-1:1.0: USB hub found
[    2.527728] hub 1-1:1.0: 4 ports detected
[    2.846983] usb 1-1.1: new high-speed USB device number 3 using dwc_otg
[    2.971340] systemd[1]: System time before build time, advancing clock.
[    2.977290] usb 1-1.1: New USB device found, idVendor=0424, idProduct=2514, bcdDevice= b.b3
[    2.994476] usb 1-1.1: New USB device strings: Mfr=0, Product=0, SerialNumber=0
[    3.005243] hub 1-1.1:1.0: USB hub found
[    3.012126] hub 1-1.1:1.0: 3 ports detected
[    3.067976] systemd[1]: systemd 241 running in system mode. (+PAM +AUDIT +SELINUX +IMA +APPARMOR +SMACK +SYSVINIT +UTMP +LIBCRYPTSETUP +GCRYPT +GNUTLS +ACL +XZ +LZ4 +SECCOMP +B
LKID +ELFUTILS +KMOD -IDN2 +IDN -PCRE2 default-hierarchy=hybrid)
[    3.098900] systemd[1]: Detected architecture arm.
[    3.127954] systemd[1]: Set hostname to <raspberrypi>.
[    3.285699] uart-pl011 3f201000.serial: no DMA platform data
[    3.696983] usb 1-1.1.1: new high-speed USB device number 4 using dwc_otg
[    3.837433] usb 1-1.1.1: New USB device found, idVendor=0424, idProduct=7800, bcdDevice= 3.00
[    3.851505] usb 1-1.1.1: New USB device strings: Mfr=0, Product=0, SerialNumber=0
[    4.088677] random: systemd: uninitialized urandom read (16 bytes read)
[    4.109761] random: systemd: uninitialized urandom read (16 bytes read)
[    4.120027] systemd[1]: Started Dispatch Password Requests to Console Directory Watch.
[    4.129326] lan78xx 1-1.1.1:1.0 (unnamed net_device) (uninitialized): No External EEPROM. Setting MAC Speed
[    4.150038] libphy: lan78xx-mdiobus: probed
[    4.160435] random: systemd: uninitialized urandom read (16 bytes read)
[    4.171140] systemd[1]: Listening on udev Kernel Socket.
[    4.177447] lan78xx 1-1.1.1:1.0 (unnamed net_device) (uninitialized): int urb period 64
[    4.202171] systemd[1]: Created slice system-systemd\x2dfsck.slice.
[    4.215917] systemd[1]: Listening on Syslog Socket.
[    4.227829] systemd[1]: Started Forward Password Requests to Wall Directory Watch.
[    4.245545] systemd[1]: Listening on udev Control Socket.
[    4.258370] systemd[1]: Listening on fsck to fsckd communication Socket.
[    8.371221] Unable to handle kernel NULL pointer dereference at virtual address 00000100
[    8.381354] pgd = a61bb520
[    8.384930] [00000100] *pgd=00000000
[    8.389403] Internal error: Oops: 5 [#1] SMP ARM
[    8.394889] Modules linked in:
[    8.398768] CPU: 1 PID: 343 Comm: loadcpufreq Not tainted 4.19.118-v7+ #1311
[    8.406683] Hardware name: BCM2835
[    8.410955] PC is at free_unref_page_list+0x64/0x264
[    8.416809] LR is at   (null)
[    8.416920] Unable to handle kernel paging request at virtual address 80159250
[    8.420645] pc : [<802650c4>]    lr : [<00000000>]    psr: a0000013
[    8.420649] sp : b6505cb0  ip : bab481e8  fp : b6505cec
[    8.428825] pgd = 88a1092d
[    8.436048] r10: 000000fc  r9 : 00000100  r8 : bab481e8
[    8.442223] [80159250] *pgd=0001141e(bad)
[    8.445862] r7 : b6505d14  r6 : 80e1c4a0  r5 : 80d07b44  r4 : 0003672a
[    8.464641] r3 : 00000100  r2 : 20220220  r1 : 0000001b  r0 : 00000001
[    8.472198] Flags: NzCv  IRQs on  FIQs on  Mode SVC_32  ISA ARM  Segment user
[    8.480403] Control: 10c5383d  Table: 35d4406a  DAC: 00000055
[    8.487236] Process loadcpufreq (pid: 343, stack limit = 0x85dfc018)
[    8.494662] Stack: (0xb6505cb0 to 0xb6506000)
[    8.500052] 5ca0:                                     0000000d 0000000d 00000000 00000000
[    8.510362] 5cc0: 00000000 bab45698 000000ad 00000012 b66172b0 00000000 000000ad b6505d14
[    8.520796] 5ce0: b6505d4c b6505cf0 8026fda0 8026506c b6505d64 80d04d48 80d8c2c0 00000002
[    8.531293] 5d00: 00000001 80d8c2c0 b7df5c00 60000013 802971bc bab4569c bab4d604 01c22cd2
[    8.541891] 5d20: b6505da4 bab45698 000000ad b66172b0 80d04d48 b6617000 000000ad b5d3b240
[    8.552561] 5d40: b6505d7c b6505d50 802ade24 8026faf0 b8f32300 01c22cd2 b6505da4 00000001
[    8.563305] 5d60: 00000000 00000000 b8f32300 b6790400 b6505d94 b6505d80 80297174 802add48
[    8.574172] 5d80: b65de420 80d04d48 b6505e0c b6505d98 8029f6c4 80297124 80874424 8020363c
[    8.585136] 5da0: 00000002 b6528e00 00000001 00000000 00000000 ffffffff b7c4b600 8011db14
[    8.596151] 5dc0: 000000ad 00000400 b6617000 00000000 60000013 00000504 000002ae 01c22cd2
[    8.607234] 5de0: 00000000 b6528e00 00000000 01c22cd2 00000000 b6528e00 00000000 00000000
[    8.618396] 5e00: b6505e24 b6505e10 8011db1c 8029f5d0 b6528e00 b5d3ad00 b6505e5c b6505e28
[    8.629582] 5e20: 802d8478 8011dad0 80331a58 b6528e00 00000114 80d04d48 b7cb7d00 b8f32300
[    8.640775] 5e40: 00000000 b6505e60 b7c4b600 00000001 b6505efc b6505e60 803334a4 802d80a8
[    8.651969] 5e60: b6505ebc b6505e70 80295ba0 8029537c 00002017 b6505ef8 00000000 00000000
[    8.663154] 5e80: b679043c 00000000 b5d3ad00 b5190000 7effff48 00000000 00000005 b8f32900
[    8.674346] 5ea0: b675d300 b64f4dc0 b7c4b600 b6505e60 00000034 00000000 0000000d b936cc50
